[dgx13:86812:0:86812] Caught signal 11 (Segmentation fault: Sent by the kernel at address (nil))
==== backtrace (tid:  86812) ====
 0  /opt/conda/envs/gdf/lib/libucs.so.0(ucs_handle_error+0x305) [0x7fe62dc97025]
 1  /opt/conda/envs/gdf/lib/libucs.so.0(+0x2f221) [0x7fe62dc97221]
 2  /opt/conda/envs/gdf/lib/libucs.so.0(+0x2f3ea) [0x7fe62dc973ea]
 3  /usr/lib/x86_64-linux-gnu/libpthread.so.0(+0x14420) [0x7fe67ee47420]
 4  /opt/conda/envs/gdf/lib/libucp.so.0(ucp_mem_type_unpack+0x17) [0x7fe62dd1c197]
 5  /opt/conda/envs/gdf/lib/libucp.so.0(ucp_rndv_data_handler+0x5f5) [0x7fe62dd479e5]
 6  /opt/conda/envs/gdf/lib/./libuct.so.0(+0x21dd6) [0x7fe62dc4bdd6]
 7  /opt/conda/envs/gdf/lib/./libuct.so.0(+0x24f48) [0x7fe62dc4ef48]
 8  /opt/conda/envs/gdf/lib/libucs.so.0(ucs_event_set_wait+0xb1) [0x7fe62dca0851]
 9  /opt/conda/envs/gdf/lib/./libuct.so.0(uct_tcp_iface_progress+0x7c) [0x7fe62dc4dfbc]
10  /opt/conda/envs/gdf/lib/libucp.so.0(ucp_worker_progress+0x5a) [0x7fe62dd18d5a]
11  /opt/conda/envs/gdf/lib/python3.10/site-packages/ucp/_libs/ucx_api.cpython-310-x86_64-linux-gnu.so(+0x31dca) [0x7fe62dddcdca]
12  /opt/conda/envs/gdf/bin/python(_PyEval_EvalFrameDefault+0x2c2a) [0x55d8f5276bfa]
13  /opt/conda/envs/gdf/bin/python(_PyFunction_Vectorcall+0x6c) [0x55d8f528456c]
14  /opt/conda/envs/gdf/bin/python(_PyEval_EvalFrameDefault+0x700) [0x55d8f52746d0]
15  /opt/conda/envs/gdf/bin/python(+0x149054) [0x55d8f5290054]
16  /opt/conda/envs/gdf/bin/python(+0x2560cc) [0x55d8f539d0cc]
17  /opt/conda/envs/gdf/bin/python(+0xf7af2) [0x55d8f523eaf2]
18  /opt/conda/envs/gdf/bin/python(+0x1346d3) [0x55d8f527b6d3]
19  /opt/conda/envs/gdf/bin/python(_PyEval_EvalFrameDefault+0x588c) [0x55d8f527985c]
20  /opt/conda/envs/gdf/bin/python(_PyFunction_Vectorcall+0x6c) [0x55d8f528456c]
21  /opt/conda/envs/gdf/bin/python(_PyEval_EvalFrameDefault+0x700) [0x55d8f52746d0]
22  /opt/conda/envs/gdf/bin/python(_PyFunction_Vectorcall+0x6c) [0x55d8f528456c]
23  /opt/conda/envs/gdf/bin/python(_PyEval_EvalFrameDefault+0x700) [0x55d8f52746d0]
24  /opt/conda/envs/gdf/bin/python(_PyFunction_Vectorcall+0x6c) [0x55d8f528456c]
25  /opt/conda/envs/gdf/bin/python(_PyEval_EvalFrameDefault+0x700) [0x55d8f52746d0]
26  /opt/conda/envs/gdf/bin/python(_PyFunction_Vectorcall+0x6c) [0x55d8f528456c]
27  /opt/conda/envs/gdf/bin/python(_PyEval_EvalFrameDefault+0x700) [0x55d8f52746d0]
28  /opt/conda/envs/gdf/bin/python(_PyFunction_Vectorcall+0x6c) [0x55d8f528456c]
29  /opt/conda/envs/gdf/bin/python(_PyEval_EvalFrameDefault+0x1340) [0x55d8f5275310]
30  /opt/conda/envs/gdf/bin/python(+0x148dd2) [0x55d8f528fdd2]
31  /opt/conda/envs/gdf/bin/python(PyObject_Call+0xbc) [0x55d8f52908dc]
32  /opt/conda/envs/gdf/bin/python(+0x202a4d) [0x55d8f5349a4d]
33  /opt/conda/envs/gdf/bin/python(_PyObject_MakeTpCall+0x2d3) [0x55d8f527d0b3]
34  /opt/conda/envs/gdf/bin/python(_PyEval_EvalFrameDefault+0x2c2a) [0x55d8f5276bfa]
35  /opt/conda/envs/gdf/bin/python(+0x148f28) [0x55d8f528ff28]
36  /opt/conda/envs/gdf/bin/python(_PyEval_EvalFrameDefault+0x2c2a) [0x55d8f5276bfa]
37  /opt/conda/envs/gdf/bin/python(_PyFunction_Vectorcall+0x6c) [0x55d8f528456c]
38  /opt/conda/envs/gdf/bin/python(_PyEval_EvalFrameDefault+0x700) [0x55d8f52746d0]
39  /opt/conda/envs/gdf/bin/python(_PyFunction_Vectorcall+0x6c) [0x55d8f528456c]
40  /opt/conda/envs/gdf/bin/python(_PyEval_EvalFrameDefault+0x700) [0x55d8f52746d0]
41  /opt/conda/envs/gdf/bin/python(_PyFunction_Vectorcall+0x6c) [0x55d8f528456c]
42  /opt/conda/envs/gdf/bin/python(_PyEval_EvalFrameDefault+0x30c) [0x55d8f52742dc]
43  /opt/conda/envs/gdf/bin/python(_PyFunction_Vectorcall+0x6c) [0x55d8f528456c]
44  /opt/conda/envs/gdf/bin/python(_PyEval_EvalFrameDefault+0x1340) [0x55d8f5275310]
45  /opt/conda/envs/gdf/bin/python(+0x1cfd2c) [0x55d8f5316d2c]
46  /opt/conda/envs/gdf/bin/python(PyEval_EvalCode+0x87) [0x55d8f5316c77]
47  /opt/conda/envs/gdf/bin/python(+0x2001da) [0x55d8f53471da]
48  /opt/conda/envs/gdf/bin/python(+0x1fb663) [0x55d8f5342663]
49  /opt/conda/envs/gdf/bin/python(PyRun_StringFlags+0x7d) [0x55d8f533adfd]
50  /opt/conda/envs/gdf/bin/python(PyRun_SimpleStringFlags+0x3c) [0x55d8f533ac3c]
51  /opt/conda/envs/gdf/bin/python(Py_RunMain+0x3ba) [0x55d8f5339e3a]
52  /opt/conda/envs/gdf/bin/python(Py_BytesMain+0x37) [0x55d8f530a897]
53  /usr/lib/x86_64-linux-gnu/libc.so.6(__libc_start_main+0xf3) [0x7fe67eb0b083]
54  /opt/conda/envs/gdf/bin/python(+0x1c37ae) [0x55d8f530a7ae]
=================================
[dgx13:86834:0:86834] Caught signal 11 (Segmentation fault: address not mapped to object at address 0x450)
==== backtrace (tid:  86834) ====
 0  /opt/conda/envs/gdf/lib/libucs.so.0(ucs_handle_error+0x305) [0x7f6a75c0d025]
 1  /opt/conda/envs/gdf/lib/libucs.so.0(+0x2f221) [0x7f6a75c0d221]
 2  /opt/conda/envs/gdf/lib/libucs.so.0(+0x2f3ea) [0x7f6a75c0d3ea]
 3  /usr/lib/x86_64-linux-gnu/libpthread.so.0(+0x14420) [0x7f6ac8ef5420]
 4  /opt/conda/envs/gdf/lib/libucp.so.0(ucp_mem_type_unpack+0x17) [0x7f6a75c92197]
 5  /opt/conda/envs/gdf/lib/libucp.so.0(ucp_rndv_data_handler+0x5f5) [0x7f6a75cbd9e5]
 6  /opt/conda/envs/gdf/lib/./libuct.so.0(+0x21dd6) [0x7f6a75bc1dd6]
 7  /opt/conda/envs/gdf/lib/./libuct.so.0(+0x24f48) [0x7f6a75bc4f48]
 8  /opt/conda/envs/gdf/lib/libucs.so.0(ucs_event_set_wait+0xb1) [0x7f6a75c16851]
 9  /opt/conda/envs/gdf/lib/./libuct.so.0(uct_tcp_iface_progress+0x7c) [0x7f6a75bc3fbc]
10  /opt/conda/envs/gdf/lib/libucp.so.0(ucp_worker_progress+0x5a) [0x7f6a75c8ed5a]
11  /opt/conda/envs/gdf/lib/python3.10/site-packages/ucp/_libs/ucx_api.cpython-310-x86_64-linux-gnu.so(+0x31dca) [0x7f6a75d52dca]
12  /opt/conda/envs/gdf/bin/python(_PyEval_EvalFrameDefault+0x2c2a) [0x562556711bfa]
13  /opt/conda/envs/gdf/bin/python(_PyFunction_Vectorcall+0x6c) [0x56255671f56c]
14  /opt/conda/envs/gdf/bin/python(_PyEval_EvalFrameDefault+0x700) [0x56255670f6d0]
15  /opt/conda/envs/gdf/bin/python(+0x1d9569) [0x5625567bb569]
16  /opt/conda/envs/gdf/lib/python3.10/lib-dynload/_asyncio.cpython-310-x86_64-linux-gnu.so(+0x7782) [0x7f6aa7712782]
17  /opt/conda/envs/gdf/bin/python(_PyObject_MakeTpCall+0x2d3) [0x5625567180b3]
18  /opt/conda/envs/gdf/bin/python(+0xf7af2) [0x5625566d9af2]
19  /opt/conda/envs/gdf/bin/python(+0x1346d3) [0x5625567166d3]
20  /opt/conda/envs/gdf/bin/python(_PyEval_EvalFrameDefault+0x588c) [0x56255671485c]
21  /opt/conda/envs/gdf/bin/python(_PyFunction_Vectorcall+0x6c) [0x56255671f56c]
22  /opt/conda/envs/gdf/bin/python(_PyEval_EvalFrameDefault+0x700) [0x56255670f6d0]
23  /opt/conda/envs/gdf/bin/python(_PyFunction_Vectorcall+0x6c) [0x56255671f56c]
24  /opt/conda/envs/gdf/bin/python(_PyEval_EvalFrameDefault+0x700) [0x56255670f6d0]
25  /opt/conda/envs/gdf/bin/python(_PyFunction_Vectorcall+0x6c) [0x56255671f56c]
26  /opt/conda/envs/gdf/bin/python(_PyEval_EvalFrameDefault+0x700) [0x56255670f6d0]
27  /opt/conda/envs/gdf/bin/python(_PyFunction_Vectorcall+0x6c) [0x56255671f56c]
28  /opt/conda/envs/gdf/bin/python(_PyEval_EvalFrameDefault+0x700) [0x56255670f6d0]
29  /opt/conda/envs/gdf/bin/python(_PyFunction_Vectorcall+0x6c) [0x56255671f56c]
30  /opt/conda/envs/gdf/bin/python(_PyEval_EvalFrameDefault+0x1340) [0x562556710310]
31  /opt/conda/envs/gdf/bin/python(+0x148dd2) [0x56255672add2]
32  /opt/conda/envs/gdf/bin/python(PyObject_Call+0xbc) [0x56255672b8dc]
33  /opt/conda/envs/gdf/bin/python(+0x202a4d) [0x5625567e4a4d]
34  /opt/conda/envs/gdf/bin/python(_PyObject_MakeTpCall+0x2d3) [0x5625567180b3]
35  /opt/conda/envs/gdf/bin/python(_PyEval_EvalFrameDefault+0x2c2a) [0x562556711bfa]
36  /opt/conda/envs/gdf/bin/python(+0x148f28) [0x56255672af28]
37  /opt/conda/envs/gdf/bin/python(_PyEval_EvalFrameDefault+0x2c2a) [0x562556711bfa]
38  /opt/conda/envs/gdf/bin/python(_PyFunction_Vectorcall+0x6c) [0x56255671f56c]
39  /opt/conda/envs/gdf/bin/python(_PyEval_EvalFrameDefault+0x700) [0x56255670f6d0]
40  /opt/conda/envs/gdf/bin/python(_PyFunction_Vectorcall+0x6c) [0x56255671f56c]
41  /opt/conda/envs/gdf/bin/python(_PyEval_EvalFrameDefault+0x700) [0x56255670f6d0]
42  /opt/conda/envs/gdf/bin/python(_PyFunction_Vectorcall+0x6c) [0x56255671f56c]
43  /opt/conda/envs/gdf/bin/python(_PyEval_EvalFrameDefault+0x30c) [0x56255670f2dc]
44  /opt/conda/envs/gdf/bin/python(_PyFunction_Vectorcall+0x6c) [0x56255671f56c]
45  /opt/conda/envs/gdf/bin/python(_PyEval_EvalFrameDefault+0x1340) [0x562556710310]
46  /opt/conda/envs/gdf/bin/python(+0x1cfd2c) [0x5625567b1d2c]
47  /opt/conda/envs/gdf/bin/python(PyEval_EvalCode+0x87) [0x5625567b1c77]
48  /opt/conda/envs/gdf/bin/python(+0x2001da) [0x5625567e21da]
49  /opt/conda/envs/gdf/bin/python(+0x1fb663) [0x5625567dd663]
50  /opt/conda/envs/gdf/bin/python(PyRun_StringFlags+0x7d) [0x5625567d5dfd]
51  /opt/conda/envs/gdf/bin/python(PyRun_SimpleStringFlags+0x3c) [0x5625567d5c3c]
52  /opt/conda/envs/gdf/bin/python(Py_RunMain+0x3ba) [0x5625567d4e3a]
53  /opt/conda/envs/gdf/bin/python(Py_BytesMain+0x37) [0x5625567a5897]
54  /usr/lib/x86_64-linux-gnu/libc.so.6(__libc_start_main+0xf3) [0x7f6ac8bb9083]
55  /opt/conda/envs/gdf/bin/python(+0x1c37ae) [0x5625567a57ae]
=================================
[dgx13:86825:0:86825] Caught signal 11 (Segmentation fault: Sent by the kernel at address (nil))
==== backtrace (tid:  86825) ====
 0  /opt/conda/envs/gdf/lib/libucs.so.0(ucs_handle_error+0x305) [0x7f1b55753025]
 1  /opt/conda/envs/gdf/lib/libucs.so.0(+0x2f221) [0x7f1b55753221]
 2  /opt/conda/envs/gdf/lib/libucs.so.0(+0x2f3ea) [0x7f1b557533ea]
 3  /usr/lib/x86_64-linux-gnu/libpthread.so.0(+0x14420) [0x7f1ba69ed420]
 4  /opt/conda/envs/gdf/lib/libucp.so.0(ucp_mem_type_unpack+0x17) [0x7f1b557d8197]
 5  /opt/conda/envs/gdf/lib/libucp.so.0(ucp_rndv_data_handler+0x5f5) [0x7f1b558039e5]
 6  /opt/conda/envs/gdf/lib/./libuct.so.0(+0x21dd6) [0x7f1b55707dd6]
 7  /opt/conda/envs/gdf/lib/./libuct.so.0(+0x24f48) [0x7f1b5570af48]
 8  /opt/conda/envs/gdf/lib/libucs.so.0(ucs_event_set_wait+0xb1) [0x7f1b5575c851]
 9  /opt/conda/envs/gdf/lib/./libuct.so.0(uct_tcp_iface_progress+0x7c) [0x7f1b55709fbc]
10  /opt/conda/envs/gdf/lib/libucp.so.0(ucp_worker_progress+0x5a) [0x7f1b557d4d5a]
11  /opt/conda/envs/gdf/lib/python3.10/site-packages/ucp/_libs/ucx_api.cpython-310-x86_64-linux-gnu.so(+0x31dca) [0x7f1b55898dca]
12  /opt/conda/envs/gdf/bin/python(_PyEval_EvalFrameDefault+0x2c2a) [0x563b4bcfabfa]
13  /opt/conda/envs/gdf/bin/python(_PyFunction_Vectorcall+0x6c) [0x563b4bd0856c]
14  /opt/conda/envs/gdf/bin/python(_PyEval_EvalFrameDefault+0x700) [0x563b4bcf86d0]
15  /opt/conda/envs/gdf/bin/python(+0x149054) [0x563b4bd14054]
16  /opt/conda/envs/gdf/bin/python(+0x2560cc) [0x563b4be210cc]
17  /opt/conda/envs/gdf/bin/python(+0xf7af2) [0x563b4bcc2af2]
18  /opt/conda/envs/gdf/bin/python(+0x1346d3) [0x563b4bcff6d3]
19  /opt/conda/envs/gdf/bin/python(_PyEval_EvalFrameDefault+0x588c) [0x563b4bcfd85c]
20  /opt/conda/envs/gdf/bin/python(_PyFunction_Vectorcall+0x6c) [0x563b4bd0856c]
21  /opt/conda/envs/gdf/bin/python(_PyEval_EvalFrameDefault+0x700) [0x563b4bcf86d0]
22  /opt/conda/envs/gdf/bin/python(_PyFunction_Vectorcall+0x6c) [0x563b4bd0856c]
23  /opt/conda/envs/gdf/bin/python(_PyEval_EvalFrameDefault+0x700) [0x563b4bcf86d0]
24  /opt/conda/envs/gdf/bin/python(_PyFunction_Vectorcall+0x6c) [0x563b4bd0856c]
25  /opt/conda/envs/gdf/bin/python(_PyEval_EvalFrameDefault+0x700) [0x563b4bcf86d0]
26  /opt/conda/envs/gdf/bin/python(_PyFunction_Vectorcall+0x6c) [0x563b4bd0856c]
27  /opt/conda/envs/gdf/bin/python(_PyEval_EvalFrameDefault+0x700) [0x563b4bcf86d0]
28  /opt/conda/envs/gdf/bin/python(_PyFunction_Vectorcall+0x6c) [0x563b4bd0856c]
29  /opt/conda/envs/gdf/bin/python(_PyEval_EvalFrameDefault+0x1340) [0x563b4bcf9310]
30  /opt/conda/envs/gdf/bin/python(+0x148dd2) [0x563b4bd13dd2]
31  /opt/conda/envs/gdf/bin/python(PyObject_Call+0xbc) [0x563b4bd148dc]
32  /opt/conda/envs/gdf/bin/python(+0x202a4d) [0x563b4bdcda4d]
33  /opt/conda/envs/gdf/bin/python(_PyObject_MakeTpCall+0x2d3) [0x563b4bd010b3]
34  /opt/conda/envs/gdf/bin/python(_PyEval_EvalFrameDefault+0x2c2a) [0x563b4bcfabfa]
35  /opt/conda/envs/gdf/bin/python(+0x148f28) [0x563b4bd13f28]
36  /opt/conda/envs/gdf/bin/python(_PyEval_EvalFrameDefault+0x2c2a) [0x563b4bcfabfa]
37  /opt/conda/envs/gdf/bin/python(_PyFunction_Vectorcall+0x6c) [0x563b4bd0856c]
38  /opt/conda/envs/gdf/bin/python(_PyEval_EvalFrameDefault+0x700) [0x563b4bcf86d0]
39  /opt/conda/envs/gdf/bin/python(_PyFunction_Vectorcall+0x6c) [0x563b4bd0856c]
40  /opt/conda/envs/gdf/bin/python(_PyEval_EvalFrameDefault+0x700) [0x563b4bcf86d0]
41  /opt/conda/envs/gdf/bin/python(_PyFunction_Vectorcall+0x6c) [0x563b4bd0856c]
42  /opt/conda/envs/gdf/bin/python(_PyEval_EvalFrameDefault+0x30c) [0x563b4bcf82dc]
43  /opt/conda/envs/gdf/bin/python(_PyFunction_Vectorcall+0x6c) [0x563b4bd0856c]
44  /opt/conda/envs/gdf/bin/python(_PyEval_EvalFrameDefault+0x1340) [0x563b4bcf9310]
45  /opt/conda/envs/gdf/bin/python(+0x1cfd2c) [0x563b4bd9ad2c]
46  /opt/conda/envs/gdf/bin/python(PyEval_EvalCode+0x87) [0x563b4bd9ac77]
47  /opt/conda/envs/gdf/bin/python(+0x2001da) [0x563b4bdcb1da]
48  /opt/conda/envs/gdf/bin/python(+0x1fb663) [0x563b4bdc6663]
49  /opt/conda/envs/gdf/bin/python(PyRun_StringFlags+0x7d) [0x563b4bdbedfd]
50  /opt/conda/envs/gdf/bin/python(PyRun_SimpleStringFlags+0x3c) [0x563b4bdbec3c]
51  /opt/conda/envs/gdf/bin/python(Py_RunMain+0x3ba) [0x563b4bdbde3a]
52  /opt/conda/envs/gdf/bin/python(Py_BytesMain+0x37) [0x563b4bd8e897]
53  /usr/lib/x86_64-linux-gnu/libc.so.6(__libc_start_main+0xf3) [0x7f1ba66b1083]
54  /opt/conda/envs/gdf/bin/python(+0x1c37ae) [0x563b4bd8e7ae]
=================================
2025-04-20 06:17:55,820 - distributed.worker - ERROR - failed during get data with ucx://127.0.0.1:55439 -> ucx://127.0.0.1:51141
Traceback (most recent call last):
  File "/opt/conda/envs/gdf/lib/python3.10/site-packages/rapids_dask_dependency/patches/distributed/comm/__rdd_patch_ucx.py", line 337, in write
    await self.ep.send(each_frame)
  File "/opt/conda/envs/gdf/lib/python3.10/site-packages/ucp/core.py", line 673, in send
    return await comm.tag_send(self._ep, buffer, nbytes, tag, name=log)
ucp._libs.exceptions.UCXError: <[Send #007] ep: 0x7faf950a8380, tag: 0x48d8d52abf8ba4c0, nbytes: 100000000, type: <class 'cudf.core.buffer.buffer.Buffer'>>: Connection reset by remote peer

During handling of the above exception, another exception occurred:

Traceback (most recent call last):
  File "/opt/conda/envs/gdf/lib/python3.10/site-packages/distributed/worker.py", line 1796, in get_data
    compressed = await comm.write(msg, serializers=serializers)
  File "/opt/conda/envs/gdf/lib/python3.10/site-packages/distributed/utils.py", line 805, in wrapper
    return await func(*args, **kwargs)
  File "/opt/conda/envs/gdf/lib/python3.10/site-packages/rapids_dask_dependency/patches/distributed/comm/__rdd_patch_ucx.py", line 341, in write
    raise CommClosedError("While writing, the connection was closed")
distributed.comm.core.CommClosedError: While writing, the connection was closed
2025-04-20 06:17:55,821 - distributed.worker - ERROR - Worker stream died during communication: ucx://127.0.0.1:51141
Traceback (most recent call last):
  File "/opt/conda/envs/gdf/lib/python3.10/site-packages/rapids_dask_dependency/patches/distributed/comm/__rdd_patch_ucx.py", line 395, in read
    await self.ep.recv(each_frame)
  File "/opt/conda/envs/gdf/lib/python3.10/site-packages/ucp/core.py", line 748, in recv
    ret = await comm.tag_recv(self._ep, buffer, nbytes, tag, name=log)
ucp._libs.exceptions.UCXError: <[Recv #007] ep: 0x7faf950a82c0, tag: 0x5bc1ba22e92504f8, nbytes: 100000000, type: <class 'rmm.pylibrmm.device_buffer.DeviceBuffer'>>: Connection reset by remote peer

During handling of the above exception, another exception occurred:

Traceback (most recent call last):
  File "/opt/conda/envs/gdf/lib/python3.10/site-packages/distributed/worker.py", line 2075, in gather_dep
    response = await get_data_from_worker(
  File "/opt/conda/envs/gdf/lib/python3.10/site-packages/distributed/worker.py", line 2881, in get_data_from_worker
    response = await send_recv(
  File "/opt/conda/envs/gdf/lib/python3.10/site-packages/distributed/core.py", line 1018, in send_recv
    response = await comm.read(deserializers=deserializers)
  File "/opt/conda/envs/gdf/lib/python3.10/site-packages/distributed/utils.py", line 805, in wrapper
    return await func(*args, **kwargs)
  File "/opt/conda/envs/gdf/lib/python3.10/site-packages/rapids_dask_dependency/patches/distributed/comm/__rdd_patch_ucx.py", line 401, in read
    raise CommClosedError(
distributed.comm.core.CommClosedError: Connection closed by writer.
Inner exception: UCXError("<[Recv #007] ep: 0x7faf950a82c0, tag: 0x5bc1ba22e92504f8, nbytes: 100000000, type: <class 'rmm.pylibrmm.device_buffer.DeviceBuffer'>>: Connection reset by remote peer")
2025-04-20 06:17:55,821 - distributed.worker - ERROR - Worker stream died during communication: ucx://127.0.0.1:51141
Traceback (most recent call last):
  File "/opt/conda/envs/gdf/lib/python3.10/site-packages/rapids_dask_dependency/patches/distributed/comm/__rdd_patch_ucx.py", line 395, in read
    await self.ep.recv(each_frame)
  File "/opt/conda/envs/gdf/lib/python3.10/site-packages/ucp/core.py", line 748, in recv
    ret = await comm.tag_recv(self._ep, buffer, nbytes, tag, name=log)
ucp._libs.exceptions.UCXCanceled: <[Recv #008] ep: 0x7f681142b2c0, tag: 0xd68117971afbf0c8, nbytes: 100000000, type: <class 'rmm.pylibrmm.device_buffer.DeviceBuffer'>>: 

During handling of the above exception, another exception occurred:

Traceback (most recent call last):
  File "/opt/conda/envs/gdf/lib/python3.10/site-packages/distributed/worker.py", line 2075, in gather_dep
    response = await get_data_from_worker(
  File "/opt/conda/envs/gdf/lib/python3.10/site-packages/distributed/worker.py", line 2881, in get_data_from_worker
    response = await send_recv(
  File "/opt/conda/envs/gdf/lib/python3.10/site-packages/distributed/core.py", line 1018, in send_recv
    response = await comm.read(deserializers=deserializers)
  File "/opt/conda/envs/gdf/lib/python3.10/site-packages/distributed/utils.py", line 805, in wrapper
    return await func(*args, **kwargs)
  File "/opt/conda/envs/gdf/lib/python3.10/site-packages/rapids_dask_dependency/patches/distributed/comm/__rdd_patch_ucx.py", line 401, in read
    raise CommClosedError(
distributed.comm.core.CommClosedError: Connection closed by writer.
Inner exception: UCXCanceled("<[Recv #008] ep: 0x7f681142b2c0, tag: 0xd68117971afbf0c8, nbytes: 100000000, type: <class 'rmm.pylibrmm.device_buffer.DeviceBuffer'>>: ")
2025-04-20 06:17:55,824 - distributed.scheduler - WARNING - Removing worker 'ucx://127.0.0.1:51141' caused the cluster to lose already computed task(s), which will be recomputed elsewhere: {('split-taskshuffle-42c82307b2f5928bce72459b455e28a0', 5, 2), ('split-taskshuffle-42c82307b2f5928bce72459b455e28a0', 0, 2), ('split-taskshuffle-42c82307b2f5928bce72459b455e28a0', 1, 2), ('split-taskshuffle-42c82307b2f5928bce72459b455e28a0', 7, 2), ('split-taskshuffle-42c82307b2f5928bce72459b455e28a0', 2, 2), ('split-taskshuffle-42c82307b2f5928bce72459b455e28a0', 4, 2), ('split-taskshuffle-42c82307b2f5928bce72459b455e28a0', 3, 2), ('generate_chunk-_to_string_dtype-a0180b72cbed01de5a9fb7d9b0e1ee1a', 4), ('split-taskshuffle-42c82307b2f5928bce72459b455e28a0', 6, 2)} (stimulus_id='handle-worker-cleanup-1745129875.823785')
2025-04-20 06:17:55,835 - distributed.worker - ERROR - failed during get data with ucx://127.0.0.1:36289 -> ucx://127.0.0.1:51141
Traceback (most recent call last):
  File "/opt/conda/envs/gdf/lib/python3.10/site-packages/rapids_dask_dependency/patches/distributed/comm/__rdd_patch_ucx.py", line 337, in write
    await self.ep.send(each_frame)
  File "/opt/conda/envs/gdf/lib/python3.10/site-packages/ucp/core.py", line 673, in send
    return await comm.tag_send(self._ep, buffer, nbytes, tag, name=log)
ucp._libs.exceptions.UCXError: <[Send #007] ep: 0x7efd02d16300, tag: 0xd0880cad169f3607, nbytes: 100000000, type: <class 'cudf.core.buffer.buffer.Buffer'>>: Connection reset by remote peer

During handling of the above exception, another exception occurred:

Traceback (most recent call last):
  File "/opt/conda/envs/gdf/lib/python3.10/site-packages/distributed/worker.py", line 1796, in get_data
    compressed = await comm.write(msg, serializers=serializers)
  File "/opt/conda/envs/gdf/lib/python3.10/site-packages/distributed/utils.py", line 805, in wrapper
    return await func(*args, **kwargs)
  File "/opt/conda/envs/gdf/lib/python3.10/site-packages/rapids_dask_dependency/patches/distributed/comm/__rdd_patch_ucx.py", line 341, in write
    raise CommClosedError("While writing, the connection was closed")
distributed.comm.core.CommClosedError: While writing, the connection was closed
2025-04-20 06:17:55,836 - distributed.worker - ERROR - Worker stream died during communication: ucx://127.0.0.1:51141
Traceback (most recent call last):
  File "/opt/conda/envs/gdf/lib/python3.10/site-packages/rapids_dask_dependency/patches/distributed/comm/__rdd_patch_ucx.py", line 395, in read
    await self.ep.recv(each_frame)
  File "/opt/conda/envs/gdf/lib/python3.10/site-packages/ucp/core.py", line 748, in recv
    ret = await comm.tag_recv(self._ep, buffer, nbytes, tag, name=log)
ucp._libs.exceptions.UCXError: <[Recv #007] ep: 0x7efd02d162c0, tag: 0xc19284e818af7184, nbytes: 100000000, type: <class 'rmm.pylibrmm.device_buffer.DeviceBuffer'>>: Connection reset by remote peer

During handling of the above exception, another exception occurred:

Traceback (most recent call last):
  File "/opt/conda/envs/gdf/lib/python3.10/site-packages/distributed/worker.py", line 2075, in gather_dep
    response = await get_data_from_worker(
  File "/opt/conda/envs/gdf/lib/python3.10/site-packages/distributed/worker.py", line 2881, in get_data_from_worker
    response = await send_recv(
  File "/opt/conda/envs/gdf/lib/python3.10/site-packages/distributed/core.py", line 1018, in send_recv
    response = await comm.read(deserializers=deserializers)
  File "/opt/conda/envs/gdf/lib/python3.10/site-packages/distributed/utils.py", line 805, in wrapper
    return await func(*args, **kwargs)
  File "/opt/conda/envs/gdf/lib/python3.10/site-packages/rapids_dask_dependency/patches/distributed/comm/__rdd_patch_ucx.py", line 401, in read
    raise CommClosedError(
distributed.comm.core.CommClosedError: Connection closed by writer.
Inner exception: UCXError("<[Recv #007] ep: 0x7efd02d162c0, tag: 0xc19284e818af7184, nbytes: 100000000, type: <class 'rmm.pylibrmm.device_buffer.DeviceBuffer'>>: Connection reset by remote peer")
2025-04-20 06:17:55,851 - distributed.worker - ERROR - Worker stream died during communication: ucx://127.0.0.1:51141
Traceback (most recent call last):
  File "/opt/conda/envs/gdf/lib/python3.10/site-packages/rapids_dask_dependency/patches/distributed/comm/__rdd_patch_ucx.py", line 353, in read
    await self.ep.recv(msg)
  File "/opt/conda/envs/gdf/lib/python3.10/site-packages/ucp/core.py", line 748, in recv
    ret = await comm.tag_recv(self._ep, buffer, nbytes, tag, name=log)
ucp._libs.exceptions.UCXCanceled: <[Recv #003] ep: 0x7fe08134a180, tag: 0x85d0ea44cdb14143, nbytes: 16, type: <class 'numpy.ndarray'>>: 

During handling of the above exception, another exception occurred:

Traceback (most recent call last):
  File "/opt/conda/envs/gdf/lib/python3.10/site-packages/distributed/worker.py", line 2075, in gather_dep
    response = await get_data_from_worker(
  File "/opt/conda/envs/gdf/lib/python3.10/site-packages/distributed/worker.py", line 2881, in get_data_from_worker
    response = await send_recv(
  File "/opt/conda/envs/gdf/lib/python3.10/site-packages/distributed/core.py", line 1018, in send_recv
    response = await comm.read(deserializers=deserializers)
  File "/opt/conda/envs/gdf/lib/python3.10/site-packages/distributed/utils.py", line 805, in wrapper
    return await func(*args, **kwargs)
  File "/opt/conda/envs/gdf/lib/python3.10/site-packages/rapids_dask_dependency/patches/distributed/comm/__rdd_patch_ucx.py", line 371, in read
    raise CommClosedError(
distributed.comm.core.CommClosedError: Connection closed by writer.
Inner exception: UCXCanceled("<[Recv #003] ep: 0x7fe08134a180, tag: 0x85d0ea44cdb14143, nbytes: 16, type: <class 'numpy.ndarray'>>: ")
Task exception was never retrieved
future: <Task finished name='Task-406' coro=<_listener_handler_coroutine() done, defined at /opt/conda/envs/gdf/lib/python3.10/site-packages/ucp/core.py:142> exception=UCXError('<stream_recv>: Connection reset by remote peer')>
Traceback (most recent call last):
  File "/opt/conda/envs/gdf/lib/python3.10/site-packages/ucp/core.py", line 157, in _listener_handler_coroutine
    peer_info = await exchange_peer_info(
  File "/opt/conda/envs/gdf/lib/python3.10/site-packages/ucp/core.py", line 57, in exchange_peer_info
    await asyncio.wait_for(
  File "/opt/conda/envs/gdf/lib/python3.10/asyncio/tasks.py", line 445, in wait_for
    return fut.result()
ucp._libs.exceptions.UCXError: <stream_recv>: Connection reset by remote peer
[dgx13:86816:0:86816] Caught signal 11 (Segmentation fault: address not mapped to object at address 0x450)
==== backtrace (tid:  86816) ====
 0  /opt/conda/envs/gdf/lib/libucs.so.0(ucs_handle_error+0x305) [0x7efd038e3025]
 1  /opt/conda/envs/gdf/lib/libucs.so.0(+0x2f221) [0x7efd038e3221]
 2  /opt/conda/envs/gdf/lib/libucs.so.0(+0x2f3ea) [0x7efd038e33ea]
 3  /usr/lib/x86_64-linux-gnu/libpthread.so.0(+0x14420) [0x7efd50a75420]
 4  /opt/conda/envs/gdf/lib/libucp.so.0(ucp_mem_type_unpack+0x17) [0x7efd03968197]
 5  /opt/conda/envs/gdf/lib/libucp.so.0(ucp_rndv_data_handler+0x5f5) [0x7efd039939e5]
 6  /opt/conda/envs/gdf/lib/./libuct.so.0(+0x21dd6) [0x7efd03897dd6]
 7  /opt/conda/envs/gdf/lib/./libuct.so.0(+0x24f48) [0x7efd0389af48]
 8  /opt/conda/envs/gdf/lib/libucs.so.0(ucs_event_set_wait+0xb1) [0x7efd038ec851]
 9  /opt/conda/envs/gdf/lib/./libuct.so.0(uct_tcp_iface_progress+0x7c) [0x7efd03899fbc]
10  /opt/conda/envs/gdf/lib/libucp.so.0(ucp_worker_progress+0x5a) [0x7efd03964d5a]
11  /opt/conda/envs/gdf/lib/python3.10/site-packages/ucp/_libs/ucx_api.cpython-310-x86_64-linux-gnu.so(+0x31dca) [0x7efd03a28dca]
12  /opt/conda/envs/gdf/bin/python(_PyEval_EvalFrameDefault+0x2c2a) [0x55b02bea5bfa]
13  /opt/conda/envs/gdf/bin/python(_PyFunction_Vectorcall+0x6c) [0x55b02beb356c]
14  /opt/conda/envs/gdf/bin/python(_PyEval_EvalFrameDefault+0x700) [0x55b02bea36d0]
15  /opt/conda/envs/gdf/bin/python(+0x149054) [0x55b02bebf054]
16  /opt/conda/envs/gdf/bin/python(+0x2560cc) [0x55b02bfcc0cc]
17  /opt/conda/envs/gdf/bin/python(+0xf7af2) [0x55b02be6daf2]
18  /opt/conda/envs/gdf/bin/python(+0x1346d3) [0x55b02beaa6d3]
19  /opt/conda/envs/gdf/bin/python(_PyEval_EvalFrameDefault+0x588c) [0x55b02bea885c]
20  /opt/conda/envs/gdf/bin/python(_PyFunction_Vectorcall+0x6c) [0x55b02beb356c]
21  /opt/conda/envs/gdf/bin/python(_PyEval_EvalFrameDefault+0x700) [0x55b02bea36d0]
22  /opt/conda/envs/gdf/bin/python(_PyFunction_Vectorcall+0x6c) [0x55b02beb356c]
23  /opt/conda/envs/gdf/bin/python(_PyEval_EvalFrameDefault+0x700) [0x55b02bea36d0]
24  /opt/conda/envs/gdf/bin/python(_PyFunction_Vectorcall+0x6c) [0x55b02beb356c]
25  /opt/conda/envs/gdf/bin/python(_PyEval_EvalFrameDefault+0x700) [0x55b02bea36d0]
26  /opt/conda/envs/gdf/bin/python(_PyFunction_Vectorcall+0x6c) [0x55b02beb356c]
27  /opt/conda/envs/gdf/bin/python(_PyEval_EvalFrameDefault+0x700) [0x55b02bea36d0]
28  /opt/conda/envs/gdf/bin/python(_PyFunction_Vectorcall+0x6c) [0x55b02beb356c]
29  /opt/conda/envs/gdf/bin/python(_PyEval_EvalFrameDefault+0x1340) [0x55b02bea4310]
30  /opt/conda/envs/gdf/bin/python(+0x148dd2) [0x55b02bebedd2]
31  /opt/conda/envs/gdf/bin/python(PyObject_Call+0xbc) [0x55b02bebf8dc]
32  /opt/conda/envs/gdf/bin/python(+0x202a4d) [0x55b02bf78a4d]
33  /opt/conda/envs/gdf/bin/python(_PyObject_MakeTpCall+0x2d3) [0x55b02beac0b3]
34  /opt/conda/envs/gdf/bin/python(_PyEval_EvalFrameDefault+0x2c2a) [0x55b02bea5bfa]
35  /opt/conda/envs/gdf/bin/python(+0x148f28) [0x55b02bebef28]
36  /opt/conda/envs/gdf/bin/python(_PyEval_EvalFrameDefault+0x2c2a) [0x55b02bea5bfa]
37  /opt/conda/envs/gdf/bin/python(_PyFunction_Vectorcall+0x6c) [0x55b02beb356c]
38  /opt/conda/envs/gdf/bin/python(_PyEval_EvalFrameDefault+0x700) [0x55b02bea36d0]
39  /opt/conda/envs/gdf/bin/python(_PyFunction_Vectorcall+0x6c) [0x55b02beb356c]
40  /opt/conda/envs/gdf/bin/python(_PyEval_EvalFrameDefault+0x700) [0x55b02bea36d0]
41  /opt/conda/envs/gdf/bin/python(_PyFunction_Vectorcall+0x6c) [0x55b02beb356c]
42  /opt/conda/envs/gdf/bin/python(_PyEval_EvalFrameDefault+0x30c) [0x55b02bea32dc]
43  /opt/conda/envs/gdf/bin/python(_PyFunction_Vectorcall+0x6c) [0x55b02beb356c]
44  /opt/conda/envs/gdf/bin/python(_PyEval_EvalFrameDefault+0x1340) [0x55b02bea4310]
45  /opt/conda/envs/gdf/bin/python(+0x1cfd2c) [0x55b02bf45d2c]
46  /opt/conda/envs/gdf/bin/python(PyEval_EvalCode+0x87) [0x55b02bf45c77]
47  /opt/conda/envs/gdf/bin/python(+0x2001da) [0x55b02bf761da]
48  /opt/conda/envs/gdf/bin/python(+0x1fb663) [0x55b02bf71663]
49  /opt/conda/envs/gdf/bin/python(PyRun_StringFlags+0x7d) [0x55b02bf69dfd]
50  /opt/conda/envs/gdf/bin/python(PyRun_SimpleStringFlags+0x3c) [0x55b02bf69c3c]
51  /opt/conda/envs/gdf/bin/python(Py_RunMain+0x3ba) [0x55b02bf68e3a]
52  /opt/conda/envs/gdf/bin/python(Py_BytesMain+0x37) [0x55b02bf39897]
53  /usr/lib/x86_64-linux-gnu/libc.so.6(__libc_start_main+0xf3) [0x7efd50739083]
54  /opt/conda/envs/gdf/bin/python(+0x1c37ae) [0x55b02bf397ae]
=================================
2025-04-20 06:17:55,897 - distributed.worker - ERROR - Worker stream died during communication: ucx://127.0.0.1:51141
Traceback (most recent call last):
  File "/opt/conda/envs/gdf/lib/python3.10/site-packages/rapids_dask_dependency/patches/distributed/comm/__rdd_patch_ucx.py", line 395, in read
    await self.ep.recv(each_frame)
  File "/opt/conda/envs/gdf/lib/python3.10/site-packages/ucp/core.py", line 748, in recv
    ret = await comm.tag_recv(self._ep, buffer, nbytes, tag, name=log)
ucp._libs.exceptions.UCXError: <[Recv #007] ep: 0x7fbb6c665180, tag: 0x97885e2fc3f5a0a5, nbytes: 100000000, type: <class 'rmm.pylibrmm.device_buffer.DeviceBuffer'>>: Connection reset by remote peer

During handling of the above exception, another exception occurred:

Traceback (most recent call last):
  File "/opt/conda/envs/gdf/lib/python3.10/site-packages/distributed/worker.py", line 2075, in gather_dep
    response = await get_data_from_worker(
  File "/opt/conda/envs/gdf/lib/python3.10/site-packages/distributed/worker.py", line 2881, in get_data_from_worker
    response = await send_recv(
  File "/opt/conda/envs/gdf/lib/python3.10/site-packages/distributed/core.py", line 1018, in send_recv
    response = await comm.read(deserializers=deserializers)
  File "/opt/conda/envs/gdf/lib/python3.10/site-packages/distributed/utils.py", line 805, in wrapper
    return await func(*args, **kwargs)
  File "/opt/conda/envs/gdf/lib/python3.10/site-packages/rapids_dask_dependency/patches/distributed/comm/__rdd_patch_ucx.py", line 401, in read
    raise CommClosedError(
distributed.comm.core.CommClosedError: Connection closed by writer.
Inner exception: UCXError("<[Recv #007] ep: 0x7fbb6c665180, tag: 0x97885e2fc3f5a0a5, nbytes: 100000000, type: <class 'rmm.pylibrmm.device_buffer.DeviceBuffer'>>: Connection reset by remote peer")
2025-04-20 06:17:55,908 - distributed.nanny - WARNING - Restarting worker
2025-04-20 06:17:56,005 - distributed.worker - ERROR - failed during get data with ucx://127.0.0.1:52389 -> ucx://127.0.0.1:43735
Traceback (most recent call last):
  File "/opt/conda/envs/gdf/lib/python3.10/site-packages/rapids_dask_dependency/patches/distributed/comm/__rdd_patch_ucx.py", line 337, in write
    await self.ep.send(each_frame)
  File "/opt/conda/envs/gdf/lib/python3.10/site-packages/ucp/core.py", line 673, in send
    return await comm.tag_send(self._ep, buffer, nbytes, tag, name=log)
ucp._libs.exceptions.UCXError: <[Send #007] ep: 0x7fbb6c6653c0, tag: 0x7ebfe65fd02fc8c1, nbytes: 100000000, type: <class 'cudf.core.buffer.buffer.Buffer'>>: Connection reset by remote peer

During handling of the above exception, another exception occurred:

Traceback (most recent call last):
  File "/opt/conda/envs/gdf/lib/python3.10/site-packages/distributed/worker.py", line 1796, in get_data
    compressed = await comm.write(msg, serializers=serializers)
  File "/opt/conda/envs/gdf/lib/python3.10/site-packages/distributed/utils.py", line 805, in wrapper
    return await func(*args, **kwargs)
  File "/opt/conda/envs/gdf/lib/python3.10/site-packages/rapids_dask_dependency/patches/distributed/comm/__rdd_patch_ucx.py", line 341, in write
    raise CommClosedError("While writing, the connection was closed")
distributed.comm.core.CommClosedError: While writing, the connection was closed
2025-04-20 06:17:56,006 - distributed.worker - ERROR - Worker stream died during communication: ucx://127.0.0.1:43735
Traceback (most recent call last):
  File "/opt/conda/envs/gdf/lib/python3.10/site-packages/rapids_dask_dependency/patches/distributed/comm/__rdd_patch_ucx.py", line 353, in read
    await self.ep.recv(msg)
  File "/opt/conda/envs/gdf/lib/python3.10/site-packages/ucp/core.py", line 748, in recv
    ret = await comm.tag_recv(self._ep, buffer, nbytes, tag, name=log)
ucp._libs.exceptions.UCXCanceled: <[Recv #003] ep: 0x7fbb6c665280, tag: 0xee86b7d79fa9b3ec, nbytes: 16, type: <class 'numpy.ndarray'>>: 

During handling of the above exception, another exception occurred:

Traceback (most recent call last):
  File "/opt/conda/envs/gdf/lib/python3.10/site-packages/distributed/worker.py", line 2075, in gather_dep
    response = await get_data_from_worker(
  File "/opt/conda/envs/gdf/lib/python3.10/site-packages/distributed/worker.py", line 2881, in get_data_from_worker
    response = await send_recv(
  File "/opt/conda/envs/gdf/lib/python3.10/site-packages/distributed/core.py", line 1018, in send_recv
    response = await comm.read(deserializers=deserializers)
  File "/opt/conda/envs/gdf/lib/python3.10/site-packages/distributed/utils.py", line 805, in wrapper
    return await func(*args, **kwargs)
  File "/opt/conda/envs/gdf/lib/python3.10/site-packages/rapids_dask_dependency/patches/distributed/comm/__rdd_patch_ucx.py", line 371, in read
    raise CommClosedError(
distributed.comm.core.CommClosedError: Connection closed by writer.
Inner exception: UCXCanceled("<[Recv #003] ep: 0x7fbb6c665280, tag: 0xee86b7d79fa9b3ec, nbytes: 16, type: <class 'numpy.ndarray'>>: ")
2025-04-20 06:17:56,007 - distributed.worker - ERROR - Worker stream died during communication: ucx://127.0.0.1:43735
Traceback (most recent call last):
  File "/opt/conda/envs/gdf/lib/python3.10/site-packages/rapids_dask_dependency/patches/distributed/comm/__rdd_patch_ucx.py", line 395, in read
    await self.ep.recv(each_frame)
  File "/opt/conda/envs/gdf/lib/python3.10/site-packages/ucp/core.py", line 748, in recv
    ret = await comm.tag_recv(self._ep, buffer, nbytes, tag, name=log)
ucp._libs.exceptions.UCXCanceled: <[Recv #008] ep: 0x7fe08134a140, tag: 0x9235281b0a66159c, nbytes: 100000000, type: <class 'rmm.pylibrmm.device_buffer.DeviceBuffer'>>: 

During handling of the above exception, another exception occurred:

Traceback (most recent call last):
  File "/opt/conda/envs/gdf/lib/python3.10/site-packages/distributed/worker.py", line 2075, in gather_dep
    response = await get_data_from_worker(
  File "/opt/conda/envs/gdf/lib/python3.10/site-packages/distributed/worker.py", line 2881, in get_data_from_worker
    response = await send_recv(
  File "/opt/conda/envs/gdf/lib/python3.10/site-packages/distributed/core.py", line 1018, in send_recv
    response = await comm.read(deserializers=deserializers)
  File "/opt/conda/envs/gdf/lib/python3.10/site-packages/distributed/utils.py", line 805, in wrapper
    return await func(*args, **kwargs)
  File "/opt/conda/envs/gdf/lib/python3.10/site-packages/rapids_dask_dependency/patches/distributed/comm/__rdd_patch_ucx.py", line 401, in read
    raise CommClosedError(
distributed.comm.core.CommClosedError: Connection closed by writer.
Inner exception: UCXCanceled("<[Recv #008] ep: 0x7fe08134a140, tag: 0x9235281b0a66159c, nbytes: 100000000, type: <class 'rmm.pylibrmm.device_buffer.DeviceBuffer'>>: ")
2025-04-20 06:17:56,007 - distributed.scheduler - WARNING - Removing worker 'ucx://127.0.0.1:43735' caused the cluster to lose already computed task(s), which will be recomputed elsewhere: {('split-taskshuffle-42c82307b2f5928bce72459b455e28a0', 3, 7), ('split-taskshuffle-42c82307b2f5928bce72459b455e28a0', 6, 7), ('split-taskshuffle-42c82307b2f5928bce72459b455e28a0', 4, 7), ('split-taskshuffle-42c82307b2f5928bce72459b455e28a0', 5, 7), ('split-taskshuffle-42c82307b2f5928bce72459b455e28a0', 0, 7), ('generate_chunk-_to_string_dtype-a0180b72cbed01de5a9fb7d9b0e1ee1a', 7), ('split-taskshuffle-42c82307b2f5928bce72459b455e28a0', 1, 7), ('split-taskshuffle-42c82307b2f5928bce72459b455e28a0', 7, 7), ('split-taskshuffle-42c82307b2f5928bce72459b455e28a0', 2, 7)} (stimulus_id='handle-worker-cleanup-1745129876.007389')
2025-04-20 06:17:56,036 - distributed.worker - ERROR - failed during get data with ucx://127.0.0.1:55439 -> ucx://127.0.0.1:43735
Traceback (most recent call last):
  File "/opt/conda/envs/gdf/lib/python3.10/site-packages/rapids_dask_dependency/patches/distributed/comm/__rdd_patch_ucx.py", line 337, in write
    await self.ep.send(each_frame)
  File "/opt/conda/envs/gdf/lib/python3.10/site-packages/ucp/core.py", line 673, in send
    return await comm.tag_send(self._ep, buffer, nbytes, tag, name=log)
ucp._libs.exceptions.UCXError: <[Send #007] ep: 0x7faf950a8100, tag: 0xd656ae4aa5086202, nbytes: 100000000, type: <class 'cudf.core.buffer.buffer.Buffer'>>: Connection reset by remote peer

During handling of the above exception, another exception occurred:

Traceback (most recent call last):
  File "/opt/conda/envs/gdf/lib/python3.10/site-packages/distributed/worker.py", line 1796, in get_data
    compressed = await comm.write(msg, serializers=serializers)
  File "/opt/conda/envs/gdf/lib/python3.10/site-packages/distributed/utils.py", line 805, in wrapper
    return await func(*args, **kwargs)
  File "/opt/conda/envs/gdf/lib/python3.10/site-packages/rapids_dask_dependency/patches/distributed/comm/__rdd_patch_ucx.py", line 341, in write
    raise CommClosedError("While writing, the connection was closed")
distributed.comm.core.CommClosedError: While writing, the connection was closed
2025-04-20 06:17:56,055 - distributed.scheduler - WARNING - Removing worker 'ucx://127.0.0.1:44309' caused the cluster to lose already computed task(s), which will be recomputed elsewhere: {('split-taskshuffle-42c82307b2f5928bce72459b455e28a0', 1, 0), ('split-taskshuffle-42c82307b2f5928bce72459b455e28a0', 7, 0), ('split-taskshuffle-42c82307b2f5928bce72459b455e28a0', 2, 0), ('split-taskshuffle-42c82307b2f5928bce72459b455e28a0', 3, 0), ('split-taskshuffle-42c82307b2f5928bce72459b455e28a0', 6, 0), ('generate_chunk-_to_string_dtype-a0180b72cbed01de5a9fb7d9b0e1ee1a', 1), ('split-taskshuffle-42c82307b2f5928bce72459b455e28a0', 4, 0), ('split-taskshuffle-42c82307b2f5928bce72459b455e28a0', 5, 0), ('split-taskshuffle-42c82307b2f5928bce72459b455e28a0', 0, 0)} (stimulus_id='handle-worker-cleanup-1745129876.0557675')
2025-04-20 06:17:56,058 - distributed.worker - ERROR - failed during get data with ucx://127.0.0.1:52389 -> ucx://127.0.0.1:44309
Traceback (most recent call last):
  File "/opt/conda/envs/gdf/lib/python3.10/site-packages/rapids_dask_dependency/patches/distributed/comm/__rdd_patch_ucx.py", line 337, in write
    await self.ep.send(each_frame)
  File "/opt/conda/envs/gdf/lib/python3.10/site-packages/ucp/core.py", line 673, in send
    return await comm.tag_send(self._ep, buffer, nbytes, tag, name=log)
ucp._libs.exceptions.UCXError: <[Send #007] ep: 0x7fbb6c665340, tag: 0x76a12cbcc6bd73ca, nbytes: 100000000, type: <class 'cudf.core.buffer.buffer.Buffer'>>: Connection reset by remote peer

During handling of the above exception, another exception occurred:

Traceback (most recent call last):
  File "/opt/conda/envs/gdf/lib/python3.10/site-packages/distributed/worker.py", line 1796, in get_data
    compressed = await comm.write(msg, serializers=serializers)
  File "/opt/conda/envs/gdf/lib/python3.10/site-packages/distributed/utils.py", line 805, in wrapper
    return await func(*args, **kwargs)
  File "/opt/conda/envs/gdf/lib/python3.10/site-packages/rapids_dask_dependency/patches/distributed/comm/__rdd_patch_ucx.py", line 341, in write
    raise CommClosedError("While writing, the connection was closed")
distributed.comm.core.CommClosedError: While writing, the connection was closed
2025-04-20 06:17:56,064 - distributed.worker - ERROR - Worker stream died during communication: ucx://127.0.0.1:44309
Traceback (most recent call last):
  File "/opt/conda/envs/gdf/lib/python3.10/site-packages/rapids_dask_dependency/patches/distributed/comm/__rdd_patch_ucx.py", line 395, in read
    await self.ep.recv(each_frame)
  File "/opt/conda/envs/gdf/lib/python3.10/site-packages/ucp/core.py", line 748, in recv
    ret = await comm.tag_recv(self._ep, buffer, nbytes, tag, name=log)
ucp._libs.exceptions.UCXError: <[Recv #007] ep: 0x7fbb6c665240, tag: 0x2d0b9718ed1340d1, nbytes: 100000000, type: <class 'rmm.pylibrmm.device_buffer.DeviceBuffer'>>: Connection reset by remote peer

During handling of the above exception, another exception occurred:

Traceback (most recent call last):
  File "/opt/conda/envs/gdf/lib/python3.10/site-packages/distributed/worker.py", line 2075, in gather_dep
    response = await get_data_from_worker(
  File "/opt/conda/envs/gdf/lib/python3.10/site-packages/distributed/worker.py", line 2881, in get_data_from_worker
    response = await send_recv(
  File "/opt/conda/envs/gdf/lib/python3.10/site-packages/distributed/core.py", line 1018, in send_recv
    response = await comm.read(deserializers=deserializers)
  File "/opt/conda/envs/gdf/lib/python3.10/site-packages/distributed/utils.py", line 805, in wrapper
    return await func(*args, **kwargs)
  File "/opt/conda/envs/gdf/lib/python3.10/site-packages/rapids_dask_dependency/patches/distributed/comm/__rdd_patch_ucx.py", line 401, in read
    raise CommClosedError(
distributed.comm.core.CommClosedError: Connection closed by writer.
Inner exception: UCXError("<[Recv #007] ep: 0x7fbb6c665240, tag: 0x2d0b9718ed1340d1, nbytes: 100000000, type: <class 'rmm.pylibrmm.device_buffer.DeviceBuffer'>>: Connection reset by remote peer")
2025-04-20 06:17:56,075 - distributed.scheduler - WARNING - Removing worker 'ucx://127.0.0.1:36289' caused the cluster to lose already computed task(s), which will be recomputed elsewhere: {('split-taskshuffle-42c82307b2f5928bce72459b455e28a0', 7, 4), ('generate_chunk-_to_string_dtype-a0180b72cbed01de5a9fb7d9b0e1ee1a', 0), ('split-taskshuffle-42c82307b2f5928bce72459b455e28a0', 2, 4), ('split-taskshuffle-42c82307b2f5928bce72459b455e28a0', 6, 4), ('split-taskshuffle-42c82307b2f5928bce72459b455e28a0', 4, 4), ('split-taskshuffle-42c82307b2f5928bce72459b455e28a0', 5, 4), ('split-taskshuffle-42c82307b2f5928bce72459b455e28a0', 0, 4), ('split-taskshuffle-42c82307b2f5928bce72459b455e28a0', 3, 4), ('split-taskshuffle-42c82307b2f5928bce72459b455e28a0', 1, 4)} (stimulus_id='handle-worker-cleanup-1745129876.0751145')
2025-04-20 06:17:56,102 - distributed.worker - ERROR - failed during get data with ucx://127.0.0.1:38255 -> ucx://127.0.0.1:43735
Traceback (most recent call last):
  File "/opt/conda/envs/gdf/lib/python3.10/site-packages/rapids_dask_dependency/patches/distributed/comm/__rdd_patch_ucx.py", line 337, in write
    await self.ep.send(each_frame)
  File "/opt/conda/envs/gdf/lib/python3.10/site-packages/ucp/core.py", line 673, in send
    return await comm.tag_send(self._ep, buffer, nbytes, tag, name=log)
ucp._libs.exceptions.UCXError: <[Send #007] ep: 0x7f681142b100, tag: 0x6c91cf298c178fba, nbytes: 100000000, type: <class 'cudf.core.buffer.buffer.Buffer'>>: Connection reset by remote peer

During handling of the above exception, another exception occurred:

Traceback (most recent call last):
  File "/opt/conda/envs/gdf/lib/python3.10/site-packages/distributed/worker.py", line 1796, in get_data
    compressed = await comm.write(msg, serializers=serializers)
  File "/opt/conda/envs/gdf/lib/python3.10/site-packages/distributed/utils.py", line 805, in wrapper
    return await func(*args, **kwargs)
  File "/opt/conda/envs/gdf/lib/python3.10/site-packages/rapids_dask_dependency/patches/distributed/comm/__rdd_patch_ucx.py", line 341, in write
    raise CommClosedError("While writing, the connection was closed")
distributed.comm.core.CommClosedError: While writing, the connection was closed
2025-04-20 06:17:56,103 - distributed.worker - ERROR - Worker stream died during communication: ucx://127.0.0.1:43735
Traceback (most recent call last):
  File "/opt/conda/envs/gdf/lib/python3.10/site-packages/rapids_dask_dependency/patches/distributed/comm/__rdd_patch_ucx.py", line 353, in read
    await self.ep.recv(msg)
  File "/opt/conda/envs/gdf/lib/python3.10/site-packages/ucp/core.py", line 748, in recv
    ret = await comm.tag_recv(self._ep, buffer, nbytes, tag, name=log)
ucp._libs.exceptions.UCXCanceled: <[Recv #003] ep: 0x7f681142b300, tag: 0x679542ea8326f5e1, nbytes: 16, type: <class 'numpy.ndarray'>>: 

During handling of the above exception, another exception occurred:

Traceback (most recent call last):
  File "/opt/conda/envs/gdf/lib/python3.10/site-packages/distributed/worker.py", line 2075, in gather_dep
    response = await get_data_from_worker(
  File "/opt/conda/envs/gdf/lib/python3.10/site-packages/distributed/worker.py", line 2881, in get_data_from_worker
    response = await send_recv(
  File "/opt/conda/envs/gdf/lib/python3.10/site-packages/distributed/core.py", line 1018, in send_recv
    response = await comm.read(deserializers=deserializers)
  File "/opt/conda/envs/gdf/lib/python3.10/site-packages/distributed/utils.py", line 805, in wrapper
    return await func(*args, **kwargs)
  File "/opt/conda/envs/gdf/lib/python3.10/site-packages/rapids_dask_dependency/patches/distributed/comm/__rdd_patch_ucx.py", line 371, in read
    raise CommClosedError(
distributed.comm.core.CommClosedError: Connection closed by writer.
Inner exception: UCXCanceled("<[Recv #003] ep: 0x7f681142b300, tag: 0x679542ea8326f5e1, nbytes: 16, type: <class 'numpy.ndarray'>>: ")
2025-04-20 06:17:56,105 - distributed.worker - ERROR - Worker stream died during communication: ucx://127.0.0.1:43735
Traceback (most recent call last):
  File "/opt/conda/envs/gdf/lib/python3.10/site-packages/rapids_dask_dependency/patches/distributed/comm/__rdd_patch_ucx.py", line 395, in read
    await self.ep.recv(each_frame)
  File "/opt/conda/envs/gdf/lib/python3.10/site-packages/ucp/core.py", line 748, in recv
    ret = await comm.tag_recv(self._ep, buffer, nbytes, tag, name=log)
ucp._libs.exceptions.UCXError: <[Recv #007] ep: 0x7faf950a8280, tag: 0x2a2c5a8e2d638f6d, nbytes: 100000000, type: <class 'rmm.pylibrmm.device_buffer.DeviceBuffer'>>: Connection reset by remote peer

During handling of the above exception, another exception occurred:

Traceback (most recent call last):
  File "/opt/conda/envs/gdf/lib/python3.10/site-packages/distributed/worker.py", line 2075, in gather_dep
    response = await get_data_from_worker(
  File "/opt/conda/envs/gdf/lib/python3.10/site-packages/distributed/worker.py", line 2881, in get_data_from_worker
    response = await send_recv(
  File "/opt/conda/envs/gdf/lib/python3.10/site-packages/distributed/core.py", line 1018, in send_recv
    response = await comm.read(deserializers=deserializers)
  File "/opt/conda/envs/gdf/lib/python3.10/site-packages/distributed/utils.py", line 805, in wrapper
    return await func(*args, **kwargs)
  File "/opt/conda/envs/gdf/lib/python3.10/site-packages/rapids_dask_dependency/patches/distributed/comm/__rdd_patch_ucx.py", line 401, in read
    raise CommClosedError(
distributed.comm.core.CommClosedError: Connection closed by writer.
Inner exception: UCXError("<[Recv #007] ep: 0x7faf950a8280, tag: 0x2a2c5a8e2d638f6d, nbytes: 100000000, type: <class 'rmm.pylibrmm.device_buffer.DeviceBuffer'>>: Connection reset by remote peer")
2025-04-20 06:17:56,120 - distributed.worker - ERROR - failed during get data with ucx://127.0.0.1:37005 -> ucx://127.0.0.1:36289
Traceback (most recent call last):
  File "/opt/conda/envs/gdf/lib/python3.10/site-packages/rapids_dask_dependency/patches/distributed/comm/__rdd_patch_ucx.py", line 337, in write
    await self.ep.send(each_frame)
  File "/opt/conda/envs/gdf/lib/python3.10/site-packages/ucp/core.py", line 673, in send
    return await comm.tag_send(self._ep, buffer, nbytes, tag, name=log)
ucp._libs.exceptions.UCXError: <[Send #007] ep: 0x7fe08134a3c0, tag: 0xd93d7fe60ec3fbe5, nbytes: 100000000, type: <class 'cudf.core.buffer.buffer.Buffer'>>: Connection reset by remote peer

During handling of the above exception, another exception occurred:

Traceback (most recent call last):
  File "/opt/conda/envs/gdf/lib/python3.10/site-packages/distributed/worker.py", line 1796, in get_data
    compressed = await comm.write(msg, serializers=serializers)
  File "/opt/conda/envs/gdf/lib/python3.10/site-packages/distributed/utils.py", line 805, in wrapper
    return await func(*args, **kwargs)
  File "/opt/conda/envs/gdf/lib/python3.10/site-packages/rapids_dask_dependency/patches/distributed/comm/__rdd_patch_ucx.py", line 341, in write
    raise CommClosedError("While writing, the connection was closed")
distributed.comm.core.CommClosedError: While writing, the connection was closed
2025-04-20 06:17:56,121 - distributed.worker - ERROR - Worker stream died during communication: ucx://127.0.0.1:36289
Traceback (most recent call last):
  File "/opt/conda/envs/gdf/lib/python3.10/site-packages/rapids_dask_dependency/patches/distributed/comm/__rdd_patch_ucx.py", line 395, in read
    await self.ep.recv(each_frame)
  File "/opt/conda/envs/gdf/lib/python3.10/site-packages/ucp/core.py", line 748, in recv
    ret = await comm.tag_recv(self._ep, buffer, nbytes, tag, name=log)
ucp._libs.exceptions.UCXError: <[Recv #007] ep: 0x7fe08134a280, tag: 0xfc1c6b27515929f2, nbytes: 100000000, type: <class 'rmm.pylibrmm.device_buffer.DeviceBuffer'>>: Connection reset by remote peer

During handling of the above exception, another exception occurred:

Traceback (most recent call last):
  File "/opt/conda/envs/gdf/lib/python3.10/site-packages/distributed/worker.py", line 2075, in gather_dep
    response = await get_data_from_worker(
  File "/opt/conda/envs/gdf/lib/python3.10/site-packages/distributed/worker.py", line 2881, in get_data_from_worker
    response = await send_recv(
  File "/opt/conda/envs/gdf/lib/python3.10/site-packages/distributed/core.py", line 1018, in send_recv
    response = await comm.read(deserializers=deserializers)
  File "/opt/conda/envs/gdf/lib/python3.10/site-packages/distributed/utils.py", line 805, in wrapper
    return await func(*args, **kwargs)
  File "/opt/conda/envs/gdf/lib/python3.10/site-packages/rapids_dask_dependency/patches/distributed/comm/__rdd_patch_ucx.py", line 401, in read
    raise CommClosedError(
distributed.comm.core.CommClosedError: Connection closed by writer.
Inner exception: UCXError("<[Recv #007] ep: 0x7fe08134a280, tag: 0xfc1c6b27515929f2, nbytes: 100000000, type: <class 'rmm.pylibrmm.device_buffer.DeviceBuffer'>>: Connection reset by remote peer")
2025-04-20 06:17:56,122 - distributed.worker - ERROR - Worker stream died during communication: ucx://127.0.0.1:44309
Traceback (most recent call last):
  File "/opt/conda/envs/gdf/lib/python3.10/site-packages/rapids_dask_dependency/patches/distributed/comm/__rdd_patch_ucx.py", line 395, in read
    await self.ep.recv(each_frame)
  File "/opt/conda/envs/gdf/lib/python3.10/site-packages/ucp/core.py", line 748, in recv
    ret = await comm.tag_recv(self._ep, buffer, nbytes, tag, name=log)
ucp._libs.exceptions.UCXCanceled: <[Recv #008] ep: 0x7fe08134a240, tag: 0xf090ef9e4008fc19, nbytes: 100000000, type: <class 'rmm.pylibrmm.device_buffer.DeviceBuffer'>>: 

During handling of the above exception, another exception occurred:

Traceback (most recent call last):
  File "/opt/conda/envs/gdf/lib/python3.10/site-packages/distributed/worker.py", line 2075, in gather_dep
    response = await get_data_from_worker(
  File "/opt/conda/envs/gdf/lib/python3.10/site-packages/distributed/worker.py", line 2881, in get_data_from_worker
    response = await send_recv(
  File "/opt/conda/envs/gdf/lib/python3.10/site-packages/distributed/core.py", line 1018, in send_recv
    response = await comm.read(deserializers=deserializers)
  File "/opt/conda/envs/gdf/lib/python3.10/site-packages/distributed/utils.py", line 805, in wrapper
    return await func(*args, **kwargs)
  File "/opt/conda/envs/gdf/lib/python3.10/site-packages/rapids_dask_dependency/patches/distributed/comm/__rdd_patch_ucx.py", line 401, in read
    raise CommClosedError(
distributed.comm.core.CommClosedError: Connection closed by writer.
Inner exception: UCXCanceled("<[Recv #008] ep: 0x7fe08134a240, tag: 0xf090ef9e4008fc19, nbytes: 100000000, type: <class 'rmm.pylibrmm.device_buffer.DeviceBuffer'>>: ")
2025-04-20 06:17:56,145 - distributed.worker - ERROR - Worker stream died during communication: ucx://127.0.0.1:36289
Traceback (most recent call last):
  File "/opt/conda/envs/gdf/lib/python3.10/site-packages/rapids_dask_dependency/patches/distributed/comm/__rdd_patch_ucx.py", line 395, in read
    await self.ep.recv(each_frame)
  File "/opt/conda/envs/gdf/lib/python3.10/site-packages/ucp/core.py", line 748, in recv
    ret = await comm.tag_recv(self._ep, buffer, nbytes, tag, name=log)
ucp._libs.exceptions.UCXCanceled: <[Recv #009] ep: 0x7fbb6c665100, tag: 0xe576c86d10e447e0, nbytes: 100000000, type: <class 'rmm.pylibrmm.device_buffer.DeviceBuffer'>>: 

During handling of the above exception, another exception occurred:

Traceback (most recent call last):
  File "/opt/conda/envs/gdf/lib/python3.10/site-packages/distributed/worker.py", line 2075, in gather_dep
    response = await get_data_from_worker(
  File "/opt/conda/envs/gdf/lib/python3.10/site-packages/distributed/worker.py", line 2881, in get_data_from_worker
    response = await send_recv(
  File "/opt/conda/envs/gdf/lib/python3.10/site-packages/distributed/core.py", line 1018, in send_recv
    response = await comm.read(deserializers=deserializers)
  File "/opt/conda/envs/gdf/lib/python3.10/site-packages/distributed/utils.py", line 805, in wrapper
    return await func(*args, **kwargs)
  File "/opt/conda/envs/gdf/lib/python3.10/site-packages/rapids_dask_dependency/patches/distributed/comm/__rdd_patch_ucx.py", line 401, in read
    raise CommClosedError(
distributed.comm.core.CommClosedError: Connection closed by writer.
Inner exception: UCXCanceled("<[Recv #009] ep: 0x7fbb6c665100, tag: 0xe576c86d10e447e0, nbytes: 100000000, type: <class 'rmm.pylibrmm.device_buffer.DeviceBuffer'>>: ")
2025-04-20 06:17:56,171 - distributed.worker - ERROR - failed during get data with ucx://127.0.0.1:55439 -> ucx://127.0.0.1:36289
Traceback (most recent call last):
  File "/opt/conda/envs/gdf/lib/python3.10/site-packages/rapids_dask_dependency/patches/distributed/comm/__rdd_patch_ucx.py", line 337, in write
    await self.ep.send(each_frame)
  File "/opt/conda/envs/gdf/lib/python3.10/site-packages/ucp/core.py", line 673, in send
    return await comm.tag_send(self._ep, buffer, nbytes, tag, name=log)
ucp._libs.exceptions.UCXError: <[Send #009] ep: 0x7faf950a83c0, tag: 0x6bbd72db6ea24b66, nbytes: 100000000, type: <class 'cudf.core.buffer.buffer.Buffer'>>: Connection reset by remote peer

During handling of the above exception, another exception occurred:

Traceback (most recent call last):
  File "/opt/conda/envs/gdf/lib/python3.10/site-packages/distributed/worker.py", line 1796, in get_data
    compressed = await comm.write(msg, serializers=serializers)
  File "/opt/conda/envs/gdf/lib/python3.10/site-packages/distributed/utils.py", line 805, in wrapper
    return await func(*args, **kwargs)
  File "/opt/conda/envs/gdf/lib/python3.10/site-packages/rapids_dask_dependency/patches/distributed/comm/__rdd_patch_ucx.py", line 341, in write
    raise CommClosedError("While writing, the connection was closed")
distributed.comm.core.CommClosedError: While writing, the connection was closed
2025-04-20 06:17:56,172 - distributed.worker - ERROR - failed during get data with ucx://127.0.0.1:55439 -> ucx://127.0.0.1:44309
Traceback (most recent call last):
  File "/opt/conda/envs/gdf/lib/python3.10/site-packages/rapids_dask_dependency/patches/distributed/comm/__rdd_patch_ucx.py", line 337, in write
    await self.ep.send(each_frame)
  File "/opt/conda/envs/gdf/lib/python3.10/site-packages/ucp/core.py", line 673, in send
    return await comm.tag_send(self._ep, buffer, nbytes, tag, name=log)
ucp._libs.exceptions.UCXError: <[Send #008] ep: 0x7faf950a8180, tag: 0x3aae6576e0b5d504, nbytes: 100000000, type: <class 'cudf.core.buffer.buffer.Buffer'>>: Connection reset by remote peer

During handling of the above exception, another exception occurred:

Traceback (most recent call last):
  File "/opt/conda/envs/gdf/lib/python3.10/site-packages/distributed/worker.py", line 1796, in get_data
    compressed = await comm.write(msg, serializers=serializers)
  File "/opt/conda/envs/gdf/lib/python3.10/site-packages/distributed/utils.py", line 805, in wrapper
    return await func(*args, **kwargs)
  File "/opt/conda/envs/gdf/lib/python3.10/site-packages/rapids_dask_dependency/patches/distributed/comm/__rdd_patch_ucx.py", line 341, in write
    raise CommClosedError("While writing, the connection was closed")
distributed.comm.core.CommClosedError: While writing, the connection was closed
2025-04-20 06:17:56,172 - distributed.worker - ERROR - Worker stream died during communication: ucx://127.0.0.1:36289
Traceback (most recent call last):
  File "/opt/conda/envs/gdf/lib/python3.10/site-packages/rapids_dask_dependency/patches/distributed/comm/__rdd_patch_ucx.py", line 395, in read
    await self.ep.recv(each_frame)
  File "/opt/conda/envs/gdf/lib/python3.10/site-packages/ucp/core.py", line 748, in recv
    ret = await comm.tag_recv(self._ep, buffer, nbytes, tag, name=log)
ucp._libs.exceptions.UCXCanceled: <[Recv #008] ep: 0x7faf950a8340, tag: 0xf118ee40a3b9c76b, nbytes: 100000000, type: <class 'rmm.pylibrmm.device_buffer.DeviceBuffer'>>: 

During handling of the above exception, another exception occurred:

Traceback (most recent call last):
  File "/opt/conda/envs/gdf/lib/python3.10/site-packages/distributed/worker.py", line 2075, in gather_dep
    response = await get_data_from_worker(
  File "/opt/conda/envs/gdf/lib/python3.10/site-packages/distributed/worker.py", line 2881, in get_data_from_worker
    response = await send_recv(
  File "/opt/conda/envs/gdf/lib/python3.10/site-packages/distributed/core.py", line 1018, in send_recv
    response = await comm.read(deserializers=deserializers)
  File "/opt/conda/envs/gdf/lib/python3.10/site-packages/distributed/utils.py", line 805, in wrapper
    return await func(*args, **kwargs)
  File "/opt/conda/envs/gdf/lib/python3.10/site-packages/rapids_dask_dependency/patches/distributed/comm/__rdd_patch_ucx.py", line 401, in read
    raise CommClosedError(
distributed.comm.core.CommClosedError: Connection closed by writer.
Inner exception: UCXCanceled("<[Recv #008] ep: 0x7faf950a8340, tag: 0xf118ee40a3b9c76b, nbytes: 100000000, type: <class 'rmm.pylibrmm.device_buffer.DeviceBuffer'>>: ")
2025-04-20 06:17:56,172 - distributed.worker - ERROR - Worker stream died during communication: ucx://127.0.0.1:44309
Traceback (most recent call last):
  File "/opt/conda/envs/gdf/lib/python3.10/site-packages/rapids_dask_dependency/patches/distributed/comm/__rdd_patch_ucx.py", line 353, in read
    await self.ep.recv(msg)
  File "/opt/conda/envs/gdf/lib/python3.10/site-packages/ucp/core.py", line 748, in recv
    ret = await comm.tag_recv(self._ep, buffer, nbytes, tag, name=log)
ucp._libs.exceptions.UCXCanceled: <[Recv #003] ep: 0x7faf950a81c0, tag: 0xbd6a612ab4424c2f, nbytes: 16, type: <class 'numpy.ndarray'>>: 

During handling of the above exception, another exception occurred:

Traceback (most recent call last):
  File "/opt/conda/envs/gdf/lib/python3.10/site-packages/distributed/worker.py", line 2075, in gather_dep
    response = await get_data_from_worker(
  File "/opt/conda/envs/gdf/lib/python3.10/site-packages/distributed/worker.py", line 2881, in get_data_from_worker
    response = await send_recv(
  File "/opt/conda/envs/gdf/lib/python3.10/site-packages/distributed/core.py", line 1018, in send_recv
    response = await comm.read(deserializers=deserializers)
  File "/opt/conda/envs/gdf/lib/python3.10/site-packages/distributed/utils.py", line 805, in wrapper
    return await func(*args, **kwargs)
  File "/opt/conda/envs/gdf/lib/python3.10/site-packages/rapids_dask_dependency/patches/distributed/comm/__rdd_patch_ucx.py", line 371, in read
    raise CommClosedError(
distributed.comm.core.CommClosedError: Connection closed by writer.
Inner exception: UCXCanceled("<[Recv #003] ep: 0x7faf950a81c0, tag: 0xbd6a612ab4424c2f, nbytes: 16, type: <class 'numpy.ndarray'>>: ")
2025-04-20 06:17:56,179 - distributed.worker - ERROR - failed during get data with ucx://127.0.0.1:38255 -> ucx://127.0.0.1:36289
Traceback (most recent call last):
  File "/opt/conda/envs/gdf/lib/python3.10/site-packages/rapids_dask_dependency/patches/distributed/comm/__rdd_patch_ucx.py", line 337, in write
    await self.ep.send(each_frame)
  File "/opt/conda/envs/gdf/lib/python3.10/site-packages/ucp/core.py", line 673, in send
    return await comm.tag_send(self._ep, buffer, nbytes, tag, name=log)
ucp._libs.exceptions.UCXError: <[Send #010] ep: 0x7f681142b400, tag: 0x7053e52b7b39022e, nbytes: 50000000, type: <class 'cudf.core.buffer.buffer.Buffer'>>: Connection reset by remote peer

During handling of the above exception, another exception occurred:

Traceback (most recent call last):
  File "/opt/conda/envs/gdf/lib/python3.10/site-packages/distributed/worker.py", line 1796, in get_data
    compressed = await comm.write(msg, serializers=serializers)
  File "/opt/conda/envs/gdf/lib/python3.10/site-packages/distributed/utils.py", line 805, in wrapper
    return await func(*args, **kwargs)
  File "/opt/conda/envs/gdf/lib/python3.10/site-packages/rapids_dask_dependency/patches/distributed/comm/__rdd_patch_ucx.py", line 341, in write
    raise CommClosedError("While writing, the connection was closed")
distributed.comm.core.CommClosedError: While writing, the connection was closed
2025-04-20 06:17:56,192 - distributed.worker - ERROR - failed during get data with ucx://127.0.0.1:52389 -> ucx://127.0.0.1:36289
Traceback (most recent call last):
  File "/opt/conda/envs/gdf/lib/python3.10/site-packages/rapids_dask_dependency/patches/distributed/comm/__rdd_patch_ucx.py", line 337, in write
    await self.ep.send(each_frame)
  File "/opt/conda/envs/gdf/lib/python3.10/site-packages/ucp/core.py", line 673, in send
    return await comm.tag_send(self._ep, buffer, nbytes, tag, name=log)
ucp._libs.exceptions.UCXError: <[Send #007] ep: 0x7fbb6c665300, tag: 0xeee100eeaa4bb355, nbytes: 100000000, type: <class 'cudf.core.buffer.buffer.Buffer'>>: Connection reset by remote peer

During handling of the above exception, another exception occurred:

Traceback (most recent call last):
  File "/opt/conda/envs/gdf/lib/python3.10/site-packages/distributed/worker.py", line 1796, in get_data
    compressed = await comm.write(msg, serializers=serializers)
  File "/opt/conda/envs/gdf/lib/python3.10/site-packages/distributed/utils.py", line 805, in wrapper
    return await func(*args, **kwargs)
  File "/opt/conda/envs/gdf/lib/python3.10/site-packages/rapids_dask_dependency/patches/distributed/comm/__rdd_patch_ucx.py", line 341, in write
    raise CommClosedError("While writing, the connection was closed")
distributed.comm.core.CommClosedError: While writing, the connection was closed
2025-04-20 06:17:56,208 - distributed.worker - ERROR - Worker stream died during communication: ucx://127.0.0.1:36289
Traceback (most recent call last):
  File "/opt/conda/envs/gdf/lib/python3.10/site-packages/distributed/worker.py", line 2075, in gather_dep
    response = await get_data_from_worker(
  File "/opt/conda/envs/gdf/lib/python3.10/site-packages/distributed/worker.py", line 2895, in get_data_from_worker
    await comm.write("OK")
  File "/opt/conda/envs/gdf/lib/python3.10/site-packages/distributed/utils.py", line 805, in wrapper
    return await func(*args, **kwargs)
  File "/opt/conda/envs/gdf/lib/python3.10/site-packages/rapids_dask_dependency/patches/distributed/comm/__rdd_patch_ucx.py", line 293, in write
    raise CommClosedError("Endpoint is closed -- unable to send message")
distributed.comm.core.CommClosedError: Endpoint is closed -- unable to send message
2025-04-20 06:17:56,210 - distributed.worker - ERROR - Worker stream died during communication: ucx://127.0.0.1:44309
Traceback (most recent call last):
  File "/opt/conda/envs/gdf/lib/python3.10/site-packages/rapids_dask_dependency/patches/distributed/comm/__rdd_patch_ucx.py", line 353, in read
    await self.ep.recv(msg)
  File "/opt/conda/envs/gdf/lib/python3.10/site-packages/ucp/core.py", line 748, in recv
    ret = await comm.tag_recv(self._ep, buffer, nbytes, tag, name=log)
asyncio.exceptions.CancelledError

During handling of the above exception, another exception occurred:

Traceback (most recent call last):
  File "/opt/conda/envs/gdf/lib/python3.10/site-packages/distributed/worker.py", line 2075, in gather_dep
    response = await get_data_from_worker(
  File "/opt/conda/envs/gdf/lib/python3.10/site-packages/distributed/worker.py", line 2878, in get_data_from_worker
    comm = await rpc.connect(worker)
  File "/opt/conda/envs/gdf/lib/python3.10/site-packages/distributed/core.py", line 1539, in connect
    return connect_attempt.result()
  File "/opt/conda/envs/gdf/lib/python3.10/site-packages/distributed/core.py", line 1429, in _connect
    comm = await connect(
  File "/opt/conda/envs/gdf/lib/python3.10/site-packages/distributed/comm/core.py", line 377, in connect
    handshake = await comm.read()
  File "/opt/conda/envs/gdf/lib/python3.10/site-packages/distributed/utils.py", line 805, in wrapper
    return await func(*args, **kwargs)
  File "/opt/conda/envs/gdf/lib/python3.10/site-packages/rapids_dask_dependency/patches/distributed/comm/__rdd_patch_ucx.py", line 371, in read
    raise CommClosedError(
distributed.comm.core.CommClosedError: Connection closed by writer.
Inner exception: CancelledError()
2025-04-20 06:17:56,223 - distributed.nanny - WARNING - Restarting worker
[dgx13:86808:0:86808] Caught signal 11 (Segmentation fault: address not mapped to object at address 0x450)
==== backtrace (tid:  86808) ====
 0  /opt/conda/envs/gdf/lib/libucs.so.0(ucs_handle_error+0x305) [0x7f6824100025]
 1  /opt/conda/envs/gdf/lib/libucs.so.0(+0x2f221) [0x7f6824100221]
 2  /opt/conda/envs/gdf/lib/libucs.so.0(+0x2f3ea) [0x7f68241003ea]
 3  /usr/lib/x86_64-linux-gnu/libpthread.so.0(+0x14420) [0x7f686339a420]
 4  /opt/conda/envs/gdf/lib/libucp.so.0(ucp_mem_type_unpack+0x17) [0x7f6824185197]
 5  /opt/conda/envs/gdf/lib/libucp.so.0(ucp_rndv_data_handler+0x5f5) [0x7f68241b09e5]
 6  /opt/conda/envs/gdf/lib/./libuct.so.0(+0x21dd6) [0x7f68240b4dd6]
 7  /opt/conda/envs/gdf/lib/./libuct.so.0(+0x24f48) [0x7f68240b7f48]
 8  /opt/conda/envs/gdf/lib/libucs.so.0(ucs_event_set_wait+0xb1) [0x7f6824109851]
 9  /opt/conda/envs/gdf/lib/./libuct.so.0(uct_tcp_iface_progress+0x7c) [0x7f68240b6fbc]
10  /opt/conda/envs/gdf/lib/libucp.so.0(ucp_worker_progress+0x5a) [0x7f6824181d5a]
11  /opt/conda/envs/gdf/lib/python3.10/site-packages/ucp/_libs/ucx_api.cpython-310-x86_64-linux-gnu.so(+0x31dca) [0x7f6824245dca]
12  /opt/conda/envs/gdf/bin/python(_PyEval_EvalFrameDefault+0x2c2a) [0x55f597638bfa]
13  /opt/conda/envs/gdf/bin/python(_PyFunction_Vectorcall+0x6c) [0x55f59764656c]
14  /opt/conda/envs/gdf/bin/python(_PyEval_EvalFrameDefault+0x700) [0x55f5976366d0]
15  /opt/conda/envs/gdf/bin/python(+0x1d9569) [0x55f5976e2569]
16  /opt/conda/envs/gdf/lib/python3.10/lib-dynload/_asyncio.cpython-310-x86_64-linux-gnu.so(+0x7782) [0x7f6841ba9782]
17  /opt/conda/envs/gdf/bin/python(_PyObject_MakeTpCall+0x2d3) [0x55f59763f0b3]
18  /opt/conda/envs/gdf/bin/python(+0xf7af2) [0x55f597600af2]
19  /opt/conda/envs/gdf/bin/python(+0x1346d3) [0x55f59763d6d3]
20  /opt/conda/envs/gdf/bin/python(_PyEval_EvalFrameDefault+0x588c) [0x55f59763b85c]
21  /opt/conda/envs/gdf/bin/python(_PyFunction_Vectorcall+0x6c) [0x55f59764656c]
22  /opt/conda/envs/gdf/bin/python(_PyEval_EvalFrameDefault+0x700) [0x55f5976366d0]
23  /opt/conda/envs/gdf/bin/python(_PyFunction_Vectorcall+0x6c) [0x55f59764656c]
24  /opt/conda/envs/gdf/bin/python(_PyEval_EvalFrameDefault+0x700) [0x55f5976366d0]
25  /opt/conda/envs/gdf/bin/python(_PyFunction_Vectorcall+0x6c) [0x55f59764656c]
26  /opt/conda/envs/gdf/bin/python(_PyEval_EvalFrameDefault+0x700) [0x55f5976366d0]
27  /opt/conda/envs/gdf/bin/python(_PyFunction_Vectorcall+0x6c) [0x55f59764656c]
28  /opt/conda/envs/gdf/bin/python(_PyEval_EvalFrameDefault+0x700) [0x55f5976366d0]
29  /opt/conda/envs/gdf/bin/python(_PyFunction_Vectorcall+0x6c) [0x55f59764656c]
30  /opt/conda/envs/gdf/bin/python(_PyEval_EvalFrameDefault+0x1340) [0x55f597637310]
31  /opt/conda/envs/gdf/bin/python(+0x148dd2) [0x55f597651dd2]
32  /opt/conda/envs/gdf/bin/python(PyObject_Call+0xbc) [0x55f5976528dc]
33  /opt/conda/envs/gdf/bin/python(+0x202a4d) [0x55f59770ba4d]
34  /opt/conda/envs/gdf/bin/python(_PyObject_MakeTpCall+0x2d3) [0x55f59763f0b3]
35  /opt/conda/envs/gdf/bin/python(_PyEval_EvalFrameDefault+0x2c2a) [0x55f597638bfa]
36  /opt/conda/envs/gdf/bin/python(+0x148f28) [0x55f597651f28]
37  /opt/conda/envs/gdf/bin/python(_PyEval_EvalFrameDefault+0x2c2a) [0x55f597638bfa]
38  /opt/conda/envs/gdf/bin/python(_PyFunction_Vectorcall+0x6c) [0x55f59764656c]
39  /opt/conda/envs/gdf/bin/python(_PyEval_EvalFrameDefault+0x700) [0x55f5976366d0]
40  /opt/conda/envs/gdf/bin/python(_PyFunction_Vectorcall+0x6c) [0x55f59764656c]
41  /opt/conda/envs/gdf/bin/python(_PyEval_EvalFrameDefault+0x700) [0x55f5976366d0]
42  /opt/conda/envs/gdf/bin/python(_PyFunction_Vectorcall+0x6c) [0x55f59764656c]
43  /opt/conda/envs/gdf/bin/python(_PyEval_EvalFrameDefault+0x30c) [0x55f5976362dc]
44  /opt/conda/envs/gdf/bin/python(_PyFunction_Vectorcall+0x6c) [0x55f59764656c]
45  /opt/conda/envs/gdf/bin/python(_PyEval_EvalFrameDefault+0x1340) [0x55f597637310]
46  /opt/conda/envs/gdf/bin/python(+0x1cfd2c) [0x55f5976d8d2c]
47  /opt/conda/envs/gdf/bin/python(PyEval_EvalCode+0x87) [0x55f5976d8c77]
48  /opt/conda/envs/gdf/bin/python(+0x2001da) [0x55f5977091da]
49  /opt/conda/envs/gdf/bin/python(+0x1fb663) [0x55f597704663]
50  /opt/conda/envs/gdf/bin/python(PyRun_StringFlags+0x7d) [0x55f5976fcdfd]
51  /opt/conda/envs/gdf/bin/python(PyRun_SimpleStringFlags+0x3c) [0x55f5976fcc3c]
52  /opt/conda/envs/gdf/bin/python(Py_RunMain+0x3ba) [0x55f5976fbe3a]
53  /opt/conda/envs/gdf/bin/python(Py_BytesMain+0x37) [0x55f5976cc897]
54  /usr/lib/x86_64-linux-gnu/libc.so.6(__libc_start_main+0xf3) [0x7f686305e083]
55  /opt/conda/envs/gdf/bin/python(+0x1c37ae) [0x55f5976cc7ae]
=================================
2025-04-20 06:17:56,384 - distributed.nanny - WARNING - Restarting worker
2025-04-20 06:17:56,385 - distributed.nanny - WARNING - Restarting worker
2025-04-20 06:17:56,517 - distributed.worker - ERROR - failed during get data with ucx://127.0.0.1:37005 -> ucx://127.0.0.1:43735
Traceback (most recent call last):
  File "/opt/conda/envs/gdf/lib/python3.10/site-packages/rapids_dask_dependency/patches/distributed/comm/__rdd_patch_ucx.py", line 337, in write
    await self.ep.send(each_frame)
  File "/opt/conda/envs/gdf/lib/python3.10/site-packages/ucp/core.py", line 673, in send
    return await comm.tag_send(self._ep, buffer, nbytes, tag, name=log)
ucp._libs.exceptions.UCXError: <[Send #009] ep: 0x7fe08134a100, tag: 0xedd800caca15608a, nbytes: 100000000, type: <class 'cudf.core.buffer.buffer.Buffer'>>: Connection reset by remote peer

During handling of the above exception, another exception occurred:

Traceback (most recent call last):
  File "/opt/conda/envs/gdf/lib/python3.10/site-packages/distributed/worker.py", line 1796, in get_data
    compressed = await comm.write(msg, serializers=serializers)
  File "/opt/conda/envs/gdf/lib/python3.10/site-packages/distributed/utils.py", line 805, in wrapper
    return await func(*args, **kwargs)
  File "/opt/conda/envs/gdf/lib/python3.10/site-packages/rapids_dask_dependency/patches/distributed/comm/__rdd_patch_ucx.py", line 341, in write
    raise CommClosedError("While writing, the connection was closed")
distributed.comm.core.CommClosedError: While writing, the connection was closed
2025-04-20 06:17:56,518 - distributed.worker - ERROR - failed during get data with ucx://127.0.0.1:37005 -> ucx://127.0.0.1:44309
Traceback (most recent call last):
  File "/opt/conda/envs/gdf/lib/python3.10/site-packages/rapids_dask_dependency/patches/distributed/comm/__rdd_patch_ucx.py", line 337, in write
    await self.ep.send(each_frame)
  File "/opt/conda/envs/gdf/lib/python3.10/site-packages/ucp/core.py", line 673, in send
    return await comm.tag_send(self._ep, buffer, nbytes, tag, name=log)
ucp._libs.exceptions.UCXError: <[Send #008] ep: 0x7fe08134a380, tag: 0xf8fb49c416406cf, nbytes: 100000000, type: <class 'cudf.core.buffer.buffer.Buffer'>>: Connection reset by remote peer

During handling of the above exception, another exception occurred:

Traceback (most recent call last):
  File "/opt/conda/envs/gdf/lib/python3.10/site-packages/distributed/worker.py", line 1796, in get_data
    compressed = await comm.write(msg, serializers=serializers)
  File "/opt/conda/envs/gdf/lib/python3.10/site-packages/distributed/utils.py", line 805, in wrapper
    return await func(*args, **kwargs)
  File "/opt/conda/envs/gdf/lib/python3.10/site-packages/rapids_dask_dependency/patches/distributed/comm/__rdd_patch_ucx.py", line 341, in write
    raise CommClosedError("While writing, the connection was closed")
distributed.comm.core.CommClosedError: While writing, the connection was closed
2025-04-20 06:17:56,580 - distributed.worker - ERROR - failed during get data with ucx://127.0.0.1:37005 -> ucx://127.0.0.1:38255
Traceback (most recent call last):
  File "/opt/conda/envs/gdf/lib/python3.10/site-packages/rapids_dask_dependency/patches/distributed/comm/__rdd_patch_ucx.py", line 337, in write
    await self.ep.send(each_frame)
  File "/opt/conda/envs/gdf/lib/python3.10/site-packages/ucp/core.py", line 673, in send
    return await comm.tag_send(self._ep, buffer, nbytes, tag, name=log)
ucp._libs.exceptions.UCXError: <[Send #007] ep: 0x7fe08134a440, tag: 0xb6125e5aee6f0389, nbytes: 100000000, type: <class 'cudf.core.buffer.buffer.Buffer'>>: Connection reset by remote peer

During handling of the above exception, another exception occurred:

Traceback (most recent call last):
  File "/opt/conda/envs/gdf/lib/python3.10/site-packages/distributed/worker.py", line 1796, in get_data
    compressed = await comm.write(msg, serializers=serializers)
  File "/opt/conda/envs/gdf/lib/python3.10/site-packages/distributed/utils.py", line 805, in wrapper
    return await func(*args, **kwargs)
  File "/opt/conda/envs/gdf/lib/python3.10/site-packages/rapids_dask_dependency/patches/distributed/comm/__rdd_patch_ucx.py", line 341, in write
    raise CommClosedError("While writing, the connection was closed")
distributed.comm.core.CommClosedError: While writing, the connection was closed
2025-04-20 06:17:56,580 - distributed.worker - ERROR - failed during get data with ucx://127.0.0.1:52389 -> ucx://127.0.0.1:38255
Traceback (most recent call last):
  File "/opt/conda/envs/gdf/lib/python3.10/site-packages/rapids_dask_dependency/patches/distributed/comm/__rdd_patch_ucx.py", line 353, in read
    await self.ep.recv(msg)
  File "/opt/conda/envs/gdf/lib/python3.10/site-packages/ucp/core.py", line 748, in recv
    ret = await comm.tag_recv(self._ep, buffer, nbytes, tag, name=log)
ucp._libs.exceptions.UCXCanceled: <[Recv #006] ep: 0x7fbb6c665440, tag: 0xa3c1bd36533f237d, nbytes: 16, type: <class 'numpy.ndarray'>>: 

During handling of the above exception, another exception occurred:

Traceback (most recent call last):
  File "/opt/conda/envs/gdf/lib/python3.10/site-packages/distributed/worker.py", line 1797, in get_data
    response = await comm.read(deserializers=serializers)
  File "/opt/conda/envs/gdf/lib/python3.10/site-packages/distributed/utils.py", line 805, in wrapper
    return await func(*args, **kwargs)
  File "/opt/conda/envs/gdf/lib/python3.10/site-packages/rapids_dask_dependency/patches/distributed/comm/__rdd_patch_ucx.py", line 371, in read
    raise CommClosedError(
distributed.comm.core.CommClosedError: Connection closed by writer.
Inner exception: UCXCanceled("<[Recv #006] ep: 0x7fbb6c665440, tag: 0xa3c1bd36533f237d, nbytes: 16, type: <class 'numpy.ndarray'>>: ")
2025-04-20 06:17:56,581 - distributed.scheduler - WARNING - Removing worker 'ucx://127.0.0.1:38255' caused the cluster to lose already computed task(s), which will be recomputed elsewhere: {('split-taskshuffle-42c82307b2f5928bce72459b455e28a0', 4, 6), ('generate_chunk-_to_string_dtype-a0180b72cbed01de5a9fb7d9b0e1ee1a', 3), ('generate_chunk-fused-assign-76e8ce5c31ff9c9ddad00a0b0b990ca6', 2), ('split-taskshuffle-42c82307b2f5928bce72459b455e28a0', 0, 6), ('split-taskshuffle-42c82307b2f5928bce72459b455e28a0', 1, 6), ('split-taskshuffle-42c82307b2f5928bce72459b455e28a0', 7, 6), ('split-taskshuffle-42c82307b2f5928bce72459b455e28a0', 2, 6), ('split-taskshuffle-42c82307b2f5928bce72459b455e28a0', 3, 6), ('split-taskshuffle-42c82307b2f5928bce72459b455e28a0', 6, 6)} (stimulus_id='handle-worker-cleanup-1745129876.5809915')
2025-04-20 06:17:56,581 - distributed.worker - ERROR - Worker stream died during communication: ucx://127.0.0.1:38255
Traceback (most recent call last):
  File "/opt/conda/envs/gdf/lib/python3.10/site-packages/rapids_dask_dependency/patches/distributed/comm/__rdd_patch_ucx.py", line 395, in read
    await self.ep.recv(each_frame)
  File "/opt/conda/envs/gdf/lib/python3.10/site-packages/ucp/core.py", line 748, in recv
    ret = await comm.tag_recv(self._ep, buffer, nbytes, tag, name=log)
ucp._libs.exceptions.UCXError: <[Recv #007] ep: 0x7fe08134a1c0, tag: 0xc27a93c2952d6606, nbytes: 100000000, type: <class 'rmm.pylibrmm.device_buffer.DeviceBuffer'>>: Connection reset by remote peer

During handling of the above exception, another exception occurred:

Traceback (most recent call last):
  File "/opt/conda/envs/gdf/lib/python3.10/site-packages/distributed/worker.py", line 2075, in gather_dep
    response = await get_data_from_worker(
  File "/opt/conda/envs/gdf/lib/python3.10/site-packages/distributed/worker.py", line 2881, in get_data_from_worker
    response = await send_recv(
  File "/opt/conda/envs/gdf/lib/python3.10/site-packages/distributed/core.py", line 1018, in send_recv
    response = await comm.read(deserializers=deserializers)
  File "/opt/conda/envs/gdf/lib/python3.10/site-packages/distributed/utils.py", line 805, in wrapper
    return await func(*args, **kwargs)
  File "/opt/conda/envs/gdf/lib/python3.10/site-packages/rapids_dask_dependency/patches/distributed/comm/__rdd_patch_ucx.py", line 401, in read
    raise CommClosedError(
distributed.comm.core.CommClosedError: Connection closed by writer.
Inner exception: UCXError("<[Recv #007] ep: 0x7fe08134a1c0, tag: 0xc27a93c2952d6606, nbytes: 100000000, type: <class 'rmm.pylibrmm.device_buffer.DeviceBuffer'>>: Connection reset by remote peer")
2025-04-20 06:17:56,871 - distributed.nanny - WARNING - Restarting worker
/opt/conda/envs/gdf/lib/python3.10/multiprocessing/resource_tracker.py:224: UserWarning: resource_tracker: There appear to be 48 leaked semaphore objects to clean up at shutdown
  warnings.warn('resource_tracker: There appear to be %d '
