[dgx13:92051:0:92051] Caught signal 11 (Segmentation fault: address not mapped to object at address 0x450)
==== backtrace (tid:  92051) ====
 0  /opt/conda/envs/gdf/lib/libucs.so.0(ucs_handle_error+0x305) [0x7fe004c3afc5]
 1  /opt/conda/envs/gdf/lib/libucs.so.0(+0x2f1c4) [0x7fe004c3b1c4]
 2  /opt/conda/envs/gdf/lib/libucs.so.0(+0x2f38a) [0x7fe004c3b38a]
 3  /usr/lib/x86_64-linux-gnu/libpthread.so.0(+0x14420) [0x7fe0497b3420]
 4  /opt/conda/envs/gdf/lib/libucp.so.0(ucp_mem_type_unpack+0x1a) [0x7fe004cc0eca]
 5  /opt/conda/envs/gdf/lib/libucp.so.0(ucp_rndv_data_handler+0x66d) [0x7fe004ceca9d]
 6  /opt/conda/envs/gdf/lib/libuct.so.0(+0x21edf) [0x7fe004befedf]
 7  /opt/conda/envs/gdf/lib/libuct.so.0(+0x250f8) [0x7fe004bf30f8]
 8  /opt/conda/envs/gdf/lib/libucs.so.0(ucs_event_set_wait+0xb9) [0x7fe004c44839]
 9  /opt/conda/envs/gdf/lib/libuct.so.0(uct_tcp_iface_progress+0x7d) [0x7fe004bf21fd]
10  /opt/conda/envs/gdf/lib/libucp.so.0(ucp_worker_progress+0x5a) [0x7fe004cbdc1a]
11  /opt/conda/envs/gdf/lib/python3.10/site-packages/ucp/_libs/ucx_api.cpython-310-x86_64-linux-gnu.so(+0x31d7a) [0x7fe004d81d7a]
12  /opt/conda/envs/gdf/bin/python(_PyEval_EvalFrameDefault+0x2d62) [0x55d1b5dc5ce2]
13  /opt/conda/envs/gdf/bin/python(_PyFunction_Vectorcall+0x6c) [0x55d1b5dd30cc]
14  /opt/conda/envs/gdf/bin/python(_PyEval_EvalFrameDefault+0x700) [0x55d1b5dc3680]
15  /opt/conda/envs/gdf/bin/python(+0x1d6029) [0x55d1b5e6d029]
16  /opt/conda/envs/gdf/lib/python3.10/lib-dynload/_asyncio.cpython-310-x86_64-linux-gnu.so(+0x7782) [0x7fe02f26c782]
17  /opt/conda/envs/gdf/bin/python(_PyObject_MakeTpCall+0x2d3) [0x55d1b5dcbf73]
18  /opt/conda/envs/gdf/bin/python(+0xf7850) [0x55d1b5d8e850]
19  /opt/conda/envs/gdf/bin/python(+0x133703) [0x55d1b5dca703]
20  /opt/conda/envs/gdf/bin/python(_PyEval_EvalFrameDefault+0x596c) [0x55d1b5dc88ec]
21  /opt/conda/envs/gdf/bin/python(_PyFunction_Vectorcall+0x6c) [0x55d1b5dd30cc]
22  /opt/conda/envs/gdf/bin/python(_PyEval_EvalFrameDefault+0x700) [0x55d1b5dc3680]
23  /opt/conda/envs/gdf/bin/python(_PyFunction_Vectorcall+0x6c) [0x55d1b5dd30cc]
24  /opt/conda/envs/gdf/bin/python(_PyEval_EvalFrameDefault+0x700) [0x55d1b5dc3680]
25  /opt/conda/envs/gdf/bin/python(_PyFunction_Vectorcall+0x6c) [0x55d1b5dd30cc]
26  /opt/conda/envs/gdf/bin/python(_PyEval_EvalFrameDefault+0x700) [0x55d1b5dc3680]
27  /opt/conda/envs/gdf/bin/python(_PyFunction_Vectorcall+0x6c) [0x55d1b5dd30cc]
28  /opt/conda/envs/gdf/bin/python(_PyEval_EvalFrameDefault+0x700) [0x55d1b5dc3680]
29  /opt/conda/envs/gdf/bin/python(_PyFunction_Vectorcall+0x6c) [0x55d1b5dd30cc]
30  /opt/conda/envs/gdf/bin/python(_PyEval_EvalFrameDefault+0x133e) [0x55d1b5dc42be]
31  /opt/conda/envs/gdf/bin/python(+0x1474e2) [0x55d1b5dde4e2]
32  /opt/conda/envs/gdf/bin/python(PyObject_Call+0xbc) [0x55d1b5ddee7c]
33  /opt/conda/envs/gdf/bin/python(+0x1ff38d) [0x55d1b5e9638d]
34  /opt/conda/envs/gdf/bin/python(_PyObject_MakeTpCall+0x2d3) [0x55d1b5dcbf73]
35  /opt/conda/envs/gdf/bin/python(_PyEval_EvalFrameDefault+0x2d62) [0x55d1b5dc5ce2]
36  /opt/conda/envs/gdf/bin/python(+0x147638) [0x55d1b5dde638]
37  /opt/conda/envs/gdf/bin/python(_PyEval_EvalFrameDefault+0x2d62) [0x55d1b5dc5ce2]
38  /opt/conda/envs/gdf/bin/python(_PyFunction_Vectorcall+0x6c) [0x55d1b5dd30cc]
39  /opt/conda/envs/gdf/bin/python(_PyEval_EvalFrameDefault+0x700) [0x55d1b5dc3680]
40  /opt/conda/envs/gdf/bin/python(_PyFunction_Vectorcall+0x6c) [0x55d1b5dd30cc]
41  /opt/conda/envs/gdf/bin/python(_PyEval_EvalFrameDefault+0x700) [0x55d1b5dc3680]
42  /opt/conda/envs/gdf/bin/python(_PyFunction_Vectorcall+0x6c) [0x55d1b5dd30cc]
43  /opt/conda/envs/gdf/bin/python(_PyEval_EvalFrameDefault+0x30c) [0x55d1b5dc328c]
44  /opt/conda/envs/gdf/bin/python(_PyFunction_Vectorcall+0x6c) [0x55d1b5dd30cc]
45  /opt/conda/envs/gdf/bin/python(_PyEval_EvalFrameDefault+0x133e) [0x55d1b5dc42be]
46  /opt/conda/envs/gdf/bin/python(+0x1cc80c) [0x55d1b5e6380c]
47  /opt/conda/envs/gdf/bin/python(PyEval_EvalCode+0x87) [0x55d1b5e63757]
48  /opt/conda/envs/gdf/bin/python(+0x1fcb1a) [0x55d1b5e93b1a]
49  /opt/conda/envs/gdf/bin/python(+0x1f7fa3) [0x55d1b5e8efa3]
50  /opt/conda/envs/gdf/bin/python(PyRun_StringFlags+0x7d) [0x55d1b5e8773d]
51  /opt/conda/envs/gdf/bin/python(PyRun_SimpleStringFlags+0x3c) [0x55d1b5e8757c]
52  /opt/conda/envs/gdf/bin/python(Py_RunMain+0x3ba) [0x55d1b5e8677a]
53  /opt/conda/envs/gdf/bin/python(Py_BytesMain+0x37) [0x55d1b5e56e97]
54  /usr/lib/x86_64-linux-gnu/libc.so.6(__libc_start_main+0xf3) [0x7fe049477083]
55  /opt/conda/envs/gdf/bin/python(+0x1bfdae) [0x55d1b5e56dae]
=================================
[dgx13:92031:0:92031] Caught signal 11 (Segmentation fault: address not mapped to object at address 0x450)
==== backtrace (tid:  92031) ====
 0  /opt/conda/envs/gdf/lib/libucs.so.0(ucs_handle_error+0x305) [0x7f06e6eb2fc5]
 1  /opt/conda/envs/gdf/lib/libucs.so.0(+0x2f1c4) [0x7f06e6eb31c4]
 2  /opt/conda/envs/gdf/lib/libucs.so.0(+0x2f38a) [0x7f06e6eb338a]
 3  /usr/lib/x86_64-linux-gnu/libpthread.so.0(+0x14420) [0x7f072fa5a420]
 4  /opt/conda/envs/gdf/lib/libucp.so.0(ucp_mem_type_unpack+0x1a) [0x7f06e6f38eca]
 5  /opt/conda/envs/gdf/lib/libucp.so.0(ucp_rndv_data_handler+0x66d) [0x7f06e6f64a9d]
 6  /opt/conda/envs/gdf/lib/libuct.so.0(+0x21edf) [0x7f06e6e67edf]
 7  /opt/conda/envs/gdf/lib/libuct.so.0(+0x250f8) [0x7f06e6e6b0f8]
 8  /opt/conda/envs/gdf/lib/libucs.so.0(ucs_event_set_wait+0xb9) [0x7f06e6ebc839]
 9  /opt/conda/envs/gdf/lib/libuct.so.0(uct_tcp_iface_progress+0x7d) [0x7f06e6e6a1fd]
10  /opt/conda/envs/gdf/lib/libucp.so.0(ucp_worker_progress+0x5a) [0x7f06e6f35c1a]
11  /opt/conda/envs/gdf/lib/python3.10/site-packages/ucp/_libs/ucx_api.cpython-310-x86_64-linux-gnu.so(+0x31d7a) [0x7f06e6ff9d7a]
12  /opt/conda/envs/gdf/bin/python(_PyEval_EvalFrameDefault+0x2d62) [0x5592c2eb6ce2]
13  /opt/conda/envs/gdf/bin/python(_PyFunction_Vectorcall+0x6c) [0x5592c2ec40cc]
14  /opt/conda/envs/gdf/bin/python(_PyEval_EvalFrameDefault+0x700) [0x5592c2eb4680]
15  /opt/conda/envs/gdf/bin/python(+0x1d6029) [0x5592c2f5e029]
16  /opt/conda/envs/gdf/lib/python3.10/lib-dynload/_asyncio.cpython-310-x86_64-linux-gnu.so(+0x7782) [0x7f0715512782]
17  /opt/conda/envs/gdf/bin/python(_PyObject_MakeTpCall+0x2d3) [0x5592c2ebcf73]
18  /opt/conda/envs/gdf/bin/python(+0xf7850) [0x5592c2e7f850]
19  /opt/conda/envs/gdf/bin/python(+0x133703) [0x5592c2ebb703]
20  /opt/conda/envs/gdf/bin/python(_PyEval_EvalFrameDefault+0x596c) [0x5592c2eb98ec]
21  /opt/conda/envs/gdf/bin/python(_PyFunction_Vectorcall+0x6c) [0x5592c2ec40cc]
22  /opt/conda/envs/gdf/bin/python(_PyEval_EvalFrameDefault+0x700) [0x5592c2eb4680]
23  /opt/conda/envs/gdf/bin/python(_PyFunction_Vectorcall+0x6c) [0x5592c2ec40cc]
24  /opt/conda/envs/gdf/bin/python(_PyEval_EvalFrameDefault+0x700) [0x5592c2eb4680]
25  /opt/conda/envs/gdf/bin/python(_PyFunction_Vectorcall+0x6c) [0x5592c2ec40cc]
26  /opt/conda/envs/gdf/bin/python(_PyEval_EvalFrameDefault+0x700) [0x5592c2eb4680]
27  /opt/conda/envs/gdf/bin/python(_PyFunction_Vectorcall+0x6c) [0x5592c2ec40cc]
28  /opt/conda/envs/gdf/bin/python(_PyEval_EvalFrameDefault+0x700) [0x5592c2eb4680]
29  /opt/conda/envs/gdf/bin/python(_PyFunction_Vectorcall+0x6c) [0x5592c2ec40cc]
30  /opt/conda/envs/gdf/bin/python(_PyEval_EvalFrameDefault+0x133e) [0x5592c2eb52be]
31  /opt/conda/envs/gdf/bin/python(+0x1474e2) [0x5592c2ecf4e2]
32  /opt/conda/envs/gdf/bin/python(PyObject_Call+0xbc) [0x5592c2ecfe7c]
33  /opt/conda/envs/gdf/bin/python(+0x1ff38d) [0x5592c2f8738d]
34  /opt/conda/envs/gdf/bin/python(_PyObject_MakeTpCall+0x2d3) [0x5592c2ebcf73]
35  /opt/conda/envs/gdf/bin/python(_PyEval_EvalFrameDefault+0x2d62) [0x5592c2eb6ce2]
36  /opt/conda/envs/gdf/bin/python(+0x147638) [0x5592c2ecf638]
37  /opt/conda/envs/gdf/bin/python(_PyEval_EvalFrameDefault+0x2d62) [0x5592c2eb6ce2]
38  /opt/conda/envs/gdf/bin/python(_PyFunction_Vectorcall+0x6c) [0x5592c2ec40cc]
39  /opt/conda/envs/gdf/bin/python(_PyEval_EvalFrameDefault+0x700) [0x5592c2eb4680]
40  /opt/conda/envs/gdf/bin/python(_PyFunction_Vectorcall+0x6c) [0x5592c2ec40cc]
41  /opt/conda/envs/gdf/bin/python(_PyEval_EvalFrameDefault+0x700) [0x5592c2eb4680]
42  /opt/conda/envs/gdf/bin/python(_PyFunction_Vectorcall+0x6c) [0x5592c2ec40cc]
43  /opt/conda/envs/gdf/bin/python(_PyEval_EvalFrameDefault+0x30c) [0x5592c2eb428c]
44  /opt/conda/envs/gdf/bin/python(_PyFunction_Vectorcall+0x6c) [0x5592c2ec40cc]
45  /opt/conda/envs/gdf/bin/python(_PyEval_EvalFrameDefault+0x133e) [0x5592c2eb52be]
46  /opt/conda/envs/gdf/bin/python(+0x1cc80c) [0x5592c2f5480c]
47  /opt/conda/envs/gdf/bin/python(PyEval_EvalCode+0x87) [0x5592c2f54757]
48  /opt/conda/envs/gdf/bin/python(+0x1fcb1a) [0x5592c2f84b1a]
49  /opt/conda/envs/gdf/bin/python(+0x1f7fa3) [0x5592c2f7ffa3]
50  /opt/conda/envs/gdf/bin/python(PyRun_StringFlags+0x7d) [0x5592c2f7873d]
51  /opt/conda/envs/gdf/bin/python(PyRun_SimpleStringFlags+0x3c) [0x5592c2f7857c]
52  /opt/conda/envs/gdf/bin/python(Py_RunMain+0x3ba) [0x5592c2f7777a]
53  /opt/conda/envs/gdf/bin/python(Py_BytesMain+0x37) [0x5592c2f47e97]
54  /usr/lib/x86_64-linux-gnu/libc.so.6(__libc_start_main+0xf3) [0x7f072f71e083]
55  /opt/conda/envs/gdf/bin/python(+0x1bfdae) [0x5592c2f47dae]
=================================
[dgx13:92054:0:92054] Caught signal 11 (Segmentation fault: address not mapped to object at address 0x450)
==== backtrace (tid:  92054) ====
 0  /opt/conda/envs/gdf/lib/libucs.so.0(ucs_handle_error+0x305) [0x7fa80ccf8fc5]
 1  /opt/conda/envs/gdf/lib/libucs.so.0(+0x2f1c4) [0x7fa80ccf91c4]
 2  /opt/conda/envs/gdf/lib/libucs.so.0(+0x2f38a) [0x7fa80ccf938a]
 3  /usr/lib/x86_64-linux-gnu/libpthread.so.0(+0x14420) [0x7fa843677420]
 4  /opt/conda/envs/gdf/lib/libucp.so.0(ucp_mem_type_unpack+0x1a) [0x7fa80cd7eeca]
 5  /opt/conda/envs/gdf/lib/libucp.so.0(ucp_rndv_data_handler+0x66d) [0x7fa80cdaaa9d]
 6  /opt/conda/envs/gdf/lib/libuct.so.0(+0x21edf) [0x7fa80ccadedf]
 7  /opt/conda/envs/gdf/lib/libuct.so.0(+0x250f8) [0x7fa80ccb10f8]
 8  /opt/conda/envs/gdf/lib/libucs.so.0(ucs_event_set_wait+0xb9) [0x7fa80cd02839]
 9  /opt/conda/envs/gdf/lib/libuct.so.0(uct_tcp_iface_progress+0x7d) [0x7fa80ccb01fd]
10  /opt/conda/envs/gdf/lib/libucp.so.0(ucp_worker_progress+0x5a) [0x7fa80cd7bc1a]
11  /opt/conda/envs/gdf/lib/python3.10/site-packages/ucp/_libs/ucx_api.cpython-310-x86_64-linux-gnu.so(+0x31d7a) [0x7fa80ce3fd7a]
12  /opt/conda/envs/gdf/bin/python(_PyEval_EvalFrameDefault+0x2d62) [0x55f3092ccce2]
13  /opt/conda/envs/gdf/bin/python(_PyFunction_Vectorcall+0x6c) [0x55f3092da0cc]
14  /opt/conda/envs/gdf/bin/python(_PyEval_EvalFrameDefault+0x700) [0x55f3092ca680]
15  /opt/conda/envs/gdf/bin/python(+0x147764) [0x55f3092e5764]
16  /opt/conda/envs/gdf/bin/python(+0x25292c) [0x55f3093f092c]
17  /opt/conda/envs/gdf/bin/python(+0xf7850) [0x55f309295850]
18  /opt/conda/envs/gdf/bin/python(+0x133703) [0x55f3092d1703]
19  /opt/conda/envs/gdf/bin/python(_PyEval_EvalFrameDefault+0x596c) [0x55f3092cf8ec]
20  /opt/conda/envs/gdf/bin/python(_PyFunction_Vectorcall+0x6c) [0x55f3092da0cc]
21  /opt/conda/envs/gdf/bin/python(_PyEval_EvalFrameDefault+0x700) [0x55f3092ca680]
22  /opt/conda/envs/gdf/bin/python(_PyFunction_Vectorcall+0x6c) [0x55f3092da0cc]
23  /opt/conda/envs/gdf/bin/python(_PyEval_EvalFrameDefault+0x700) [0x55f3092ca680]
24  /opt/conda/envs/gdf/bin/python(_PyFunction_Vectorcall+0x6c) [0x55f3092da0cc]
25  /opt/conda/envs/gdf/bin/python(_PyEval_EvalFrameDefault+0x700) [0x55f3092ca680]
26  /opt/conda/envs/gdf/bin/python(_PyFunction_Vectorcall+0x6c) [0x55f3092da0cc]
27  /opt/conda/envs/gdf/bin/python(_PyEval_EvalFrameDefault+0x700) [0x55f3092ca680]
28  /opt/conda/envs/gdf/bin/python(_PyFunction_Vectorcall+0x6c) [0x55f3092da0cc]
29  /opt/conda/envs/gdf/bin/python(_PyEval_EvalFrameDefault+0x133e) [0x55f3092cb2be]
30  /opt/conda/envs/gdf/bin/python(+0x1474e2) [0x55f3092e54e2]
31  /opt/conda/envs/gdf/bin/python(PyObject_Call+0xbc) [0x55f3092e5e7c]
32  /opt/conda/envs/gdf/bin/python(+0x1ff38d) [0x55f30939d38d]
33  /opt/conda/envs/gdf/bin/python(_PyObject_MakeTpCall+0x2d3) [0x55f3092d2f73]
34  /opt/conda/envs/gdf/bin/python(_PyEval_EvalFrameDefault+0x2d62) [0x55f3092ccce2]
35  /opt/conda/envs/gdf/bin/python(+0x147638) [0x55f3092e5638]
36  /opt/conda/envs/gdf/bin/python(_PyEval_EvalFrameDefault+0x2d62) [0x55f3092ccce2]
37  /opt/conda/envs/gdf/bin/python(_PyFunction_Vectorcall+0x6c) [0x55f3092da0cc]
38  /opt/conda/envs/gdf/bin/python(_PyEval_EvalFrameDefault+0x700) [0x55f3092ca680]
39  /opt/conda/envs/gdf/bin/python(_PyFunction_Vectorcall+0x6c) [0x55f3092da0cc]
40  /opt/conda/envs/gdf/bin/python(_PyEval_EvalFrameDefault+0x700) [0x55f3092ca680]
41  /opt/conda/envs/gdf/bin/python(_PyFunction_Vectorcall+0x6c) [0x55f3092da0cc]
42  /opt/conda/envs/gdf/bin/python(_PyEval_EvalFrameDefault+0x30c) [0x55f3092ca28c]
43  /opt/conda/envs/gdf/bin/python(_PyFunction_Vectorcall+0x6c) [0x55f3092da0cc]
44  /opt/conda/envs/gdf/bin/python(_PyEval_EvalFrameDefault+0x133e) [0x55f3092cb2be]
45  /opt/conda/envs/gdf/bin/python(+0x1cc80c) [0x55f30936a80c]
46  /opt/conda/envs/gdf/bin/python(PyEval_EvalCode+0x87) [0x55f30936a757]
47  /opt/conda/envs/gdf/bin/python(+0x1fcb1a) [0x55f30939ab1a]
48  /opt/conda/envs/gdf/bin/python(+0x1f7fa3) [0x55f309395fa3]
49  /opt/conda/envs/gdf/bin/python(PyRun_StringFlags+0x7d) [0x55f30938e73d]
50  /opt/conda/envs/gdf/bin/python(PyRun_SimpleStringFlags+0x3c) [0x55f30938e57c]
51  /opt/conda/envs/gdf/bin/python(Py_RunMain+0x3ba) [0x55f30938d77a]
52  /opt/conda/envs/gdf/bin/python(Py_BytesMain+0x37) [0x55f30935de97]
53  /usr/lib/x86_64-linux-gnu/libc.so.6(__libc_start_main+0xf3) [0x7fa84333b083]
54  /opt/conda/envs/gdf/bin/python(+0x1bfdae) [0x55f30935ddae]
=================================
[dgx13:92047:0:92047] Caught signal 11 (Segmentation fault: address not mapped to object at address 0x450)
==== backtrace (tid:  92047) ====
 0  /opt/conda/envs/gdf/lib/libucs.so.0(ucs_handle_error+0x305) [0x7f86f8032fc5]
 1  /opt/conda/envs/gdf/lib/libucs.so.0(+0x2f1c4) [0x7f86f80331c4]
 2  /opt/conda/envs/gdf/lib/libucs.so.0(+0x2f38a) [0x7f86f803338a]
 3  /usr/lib/x86_64-linux-gnu/libpthread.so.0(+0x14420) [0x7f872ead4420]
 4  /opt/conda/envs/gdf/lib/libucp.so.0(ucp_mem_type_unpack+0x1a) [0x7f86e1f70eca]
 5  /opt/conda/envs/gdf/lib/libucp.so.0(ucp_rndv_data_handler+0x66d) [0x7f86e1f9ca9d]
 6  /opt/conda/envs/gdf/lib/libuct.so.0(+0x21edf) [0x7f86e1f05edf]
 7  /opt/conda/envs/gdf/lib/libuct.so.0(+0x250f8) [0x7f86e1f090f8]
 8  /opt/conda/envs/gdf/lib/libucs.so.0(ucs_event_set_wait+0xb9) [0x7f86f803c839]
 9  /opt/conda/envs/gdf/lib/libuct.so.0(uct_tcp_iface_progress+0x7d) [0x7f86e1f081fd]
10  /opt/conda/envs/gdf/lib/libucp.so.0(ucp_worker_progress+0x5a) [0x7f86e1f6dc1a]
11  /opt/conda/envs/gdf/lib/python3.10/site-packages/ucp/_libs/ucx_api.cpython-310-x86_64-linux-gnu.so(+0x31d7a) [0x7f86f809bd7a]
12  /opt/conda/envs/gdf/bin/python(_PyEval_EvalFrameDefault+0x2d62) [0x55bccbebace2]
13  /opt/conda/envs/gdf/bin/python(_PyFunction_Vectorcall+0x6c) [0x55bccbec80cc]
14  /opt/conda/envs/gdf/bin/python(_PyEval_EvalFrameDefault+0x700) [0x55bccbeb8680]
15  /opt/conda/envs/gdf/bin/python(+0x147764) [0x55bccbed3764]
16  /opt/conda/envs/gdf/bin/python(+0x25292c) [0x55bccbfde92c]
17  /opt/conda/envs/gdf/bin/python(+0xf7850) [0x55bccbe83850]
18  /opt/conda/envs/gdf/bin/python(+0x133703) [0x55bccbebf703]
19  /opt/conda/envs/gdf/bin/python(_PyEval_EvalFrameDefault+0x596c) [0x55bccbebd8ec]
20  /opt/conda/envs/gdf/bin/python(_PyFunction_Vectorcall+0x6c) [0x55bccbec80cc]
21  /opt/conda/envs/gdf/bin/python(_PyEval_EvalFrameDefault+0x700) [0x55bccbeb8680]
22  /opt/conda/envs/gdf/bin/python(_PyFunction_Vectorcall+0x6c) [0x55bccbec80cc]
23  /opt/conda/envs/gdf/bin/python(_PyEval_EvalFrameDefault+0x700) [0x55bccbeb8680]
24  /opt/conda/envs/gdf/bin/python(_PyFunction_Vectorcall+0x6c) [0x55bccbec80cc]
25  /opt/conda/envs/gdf/bin/python(_PyEval_EvalFrameDefault+0x700) [0x55bccbeb8680]
26  /opt/conda/envs/gdf/bin/python(_PyFunction_Vectorcall+0x6c) [0x55bccbec80cc]
27  /opt/conda/envs/gdf/bin/python(_PyEval_EvalFrameDefault+0x700) [0x55bccbeb8680]
28  /opt/conda/envs/gdf/bin/python(_PyFunction_Vectorcall+0x6c) [0x55bccbec80cc]
29  /opt/conda/envs/gdf/bin/python(_PyEval_EvalFrameDefault+0x133e) [0x55bccbeb92be]
30  /opt/conda/envs/gdf/bin/python(+0x1474e2) [0x55bccbed34e2]
31  /opt/conda/envs/gdf/bin/python(PyObject_Call+0xbc) [0x55bccbed3e7c]
32  /opt/conda/envs/gdf/bin/python(+0x1ff38d) [0x55bccbf8b38d]
33  /opt/conda/envs/gdf/bin/python(_PyObject_MakeTpCall+0x2d3) [0x55bccbec0f73]
34  /opt/conda/envs/gdf/bin/python(_PyEval_EvalFrameDefault+0x2d62) [0x55bccbebace2]
35  /opt/conda/envs/gdf/bin/python(+0x147638) [0x55bccbed3638]
36  /opt/conda/envs/gdf/bin/python(_PyEval_EvalFrameDefault+0x2d62) [0x55bccbebace2]
37  /opt/conda/envs/gdf/bin/python(_PyFunction_Vectorcall+0x6c) [0x55bccbec80cc]
38  /opt/conda/envs/gdf/bin/python(_PyEval_EvalFrameDefault+0x700) [0x55bccbeb8680]
39  /opt/conda/envs/gdf/bin/python(_PyFunction_Vectorcall+0x6c) [0x55bccbec80cc]
40  /opt/conda/envs/gdf/bin/python(_PyEval_EvalFrameDefault+0x700) [0x55bccbeb8680]
41  /opt/conda/envs/gdf/bin/python(_PyFunction_Vectorcall+0x6c) [0x55bccbec80cc]
42  /opt/conda/envs/gdf/bin/python(_PyEval_EvalFrameDefault+0x30c) [0x55bccbeb828c]
43  /opt/conda/envs/gdf/bin/python(_PyFunction_Vectorcall+0x6c) [0x55bccbec80cc]
44  /opt/conda/envs/gdf/bin/python(_PyEval_EvalFrameDefault+0x133e) [0x55bccbeb92be]
45  /opt/conda/envs/gdf/bin/python(+0x1cc80c) [0x55bccbf5880c]
46  /opt/conda/envs/gdf/bin/python(PyEval_EvalCode+0x87) [0x55bccbf58757]
47  /opt/conda/envs/gdf/bin/python(+0x1fcb1a) [0x55bccbf88b1a]
48  /opt/conda/envs/gdf/bin/python(+0x1f7fa3) [0x55bccbf83fa3]
49  /opt/conda/envs/gdf/bin/python(PyRun_StringFlags+0x7d) [0x55bccbf7c73d]
50  /opt/conda/envs/gdf/bin/python(PyRun_SimpleStringFlags+0x3c) [0x55bccbf7c57c]
51  /opt/conda/envs/gdf/bin/python(Py_RunMain+0x3ba) [0x55bccbf7b77a]
52  /opt/conda/envs/gdf/bin/python(Py_BytesMain+0x37) [0x55bccbf4be97]
53  /usr/lib/x86_64-linux-gnu/libc.so.6(__libc_start_main+0xf3) [0x7f872e798083]
54  /opt/conda/envs/gdf/bin/python(+0x1bfdae) [0x55bccbf4bdae]
=================================
2024-10-25 06:19:10,492 - distributed.worker - ERROR - Worker stream died during communication: ucx://127.0.0.1:39445
Traceback (most recent call last):
  File "/opt/conda/envs/gdf/lib/python3.10/site-packages/distributed/comm/ucx.py", line 351, in read
    await self.ep.recv(msg)
  File "/opt/conda/envs/gdf/lib/python3.10/site-packages/ucp/core.py", line 737, in recv
    ret = await comm.tag_recv(self._ep, buffer, nbytes, tag, name=log)
ucp._libs.exceptions.UCXCanceled: <[Recv #003] ep: 0x7f42c8908180, tag: 0x9b5eb3e8352b8b62, nbytes: 16, type: <class 'numpy.ndarray'>>: 

During handling of the above exception, another exception occurred:

Traceback (most recent call last):
  File "/opt/conda/envs/gdf/lib/python3.10/site-packages/distributed/worker.py", line 2056, in gather_dep
    response = await get_data_from_worker(
  File "/opt/conda/envs/gdf/lib/python3.10/site-packages/distributed/worker.py", line 2874, in get_data_from_worker
    response = await send_recv(
  File "/opt/conda/envs/gdf/lib/python3.10/site-packages/distributed/core.py", line 1015, in send_recv
    response = await comm.read(deserializers=deserializers)
  File "/opt/conda/envs/gdf/lib/python3.10/site-packages/distributed/utils.py", line 806, in wrapper
    return await func(*args, **kwargs)
  File "/opt/conda/envs/gdf/lib/python3.10/site-packages/distributed/comm/ucx.py", line 369, in read
    raise CommClosedError(
distributed.comm.core.CommClosedError: Connection closed by writer.
Inner exception: UCXCanceled("<[Recv #003] ep: 0x7f42c8908180, tag: 0x9b5eb3e8352b8b62, nbytes: 16, type: <class 'numpy.ndarray'>>: ")
2024-10-25 06:19:10,493 - distributed.scheduler - WARNING - Removing worker 'ucx://127.0.0.1:39445' caused the cluster to lose already computed task(s), which will be recomputed elsewhere: {('split-taskshuffle-42c82307b2f5928bce72459b455e28a0', 6, 6), ('split-taskshuffle-42c82307b2f5928bce72459b455e28a0', 2, 6), ('generate_chunk-_to_string_dtype-a0180b72cbed01de5a9fb7d9b0e1ee1a', 6), ('split-taskshuffle-42c82307b2f5928bce72459b455e28a0', 4, 6), ('split-taskshuffle-42c82307b2f5928bce72459b455e28a0', 7, 6), ('split-taskshuffle-42c82307b2f5928bce72459b455e28a0', 5, 6), ('split-taskshuffle-42c82307b2f5928bce72459b455e28a0', 0, 6), ('split-taskshuffle-42c82307b2f5928bce72459b455e28a0', 3, 6), ('split-taskshuffle-42c82307b2f5928bce72459b455e28a0', 1, 6)} (stimulus_id='handle-worker-cleanup-1729837150.4927988')
2024-10-25 06:19:10,502 - distributed.worker - ERROR - Worker stream died during communication: ucx://127.0.0.1:39445
Traceback (most recent call last):
  File "/opt/conda/envs/gdf/lib/python3.10/site-packages/distributed/comm/ucx.py", line 468, in connect
    ep = await ucp.create_endpoint(ip, port)
  File "/opt/conda/envs/gdf/lib/python3.10/site-packages/ucp/core.py", line 1016, in create_endpoint
    return await _get_ctx().create_endpoint(
  File "/opt/conda/envs/gdf/lib/python3.10/site-packages/ucp/core.py", line 328, in create_endpoint
    peer_info = await exchange_peer_info(
  File "/opt/conda/envs/gdf/lib/python3.10/site-packages/ucp/core.py", line 60, in exchange_peer_info
    await asyncio.wait_for(
  File "/opt/conda/envs/gdf/lib/python3.10/asyncio/tasks.py", line 445, in wait_for
    return fut.result()
ucp._libs.exceptions.UCXError: <stream_recv>: Connection reset by remote peer

During handling of the above exception, another exception occurred:

Traceback (most recent call last):
  File "/opt/conda/envs/gdf/lib/python3.10/site-packages/distributed/comm/core.py", line 342, in connect
    comm = await wait_for(
  File "/opt/conda/envs/gdf/lib/python3.10/site-packages/distributed/utils.py", line 1926, in wait_for
    return await asyncio.wait_for(fut, timeout)
  File "/opt/conda/envs/gdf/lib/python3.10/asyncio/tasks.py", line 445, in wait_for
    return fut.result()
  File "/opt/conda/envs/gdf/lib/python3.10/site-packages/distributed/comm/ucx.py", line 470, in connect
    raise CommClosedError("Connection closed before handshake completed")
distributed.comm.core.CommClosedError: Connection closed before handshake completed

During handling of the above exception, another exception occurred:

Traceback (most recent call last):
  File "/opt/conda/envs/gdf/lib/python3.10/site-packages/distributed/core.py", line 1425, in _connect
    comm = await connect(
  File "/opt/conda/envs/gdf/lib/python3.10/site-packages/distributed/comm/core.py", line 366, in connect
    await asyncio.sleep(backoff)
  File "/opt/conda/envs/gdf/lib/python3.10/asyncio/tasks.py", line 605, in sleep
    return await future
asyncio.exceptions.CancelledError

During handling of the above exception, another exception occurred:

Traceback (most recent call last):
  File "/opt/conda/envs/gdf/lib/python3.10/site-packages/distributed/core.py", line 1535, in connect
    return connect_attempt.result()
asyncio.exceptions.CancelledError

During handling of the above exception, another exception occurred:

Traceback (most recent call last):
  File "/opt/conda/envs/gdf/lib/python3.10/site-packages/distributed/worker.py", line 2056, in gather_dep
    response = await get_data_from_worker(
  File "/opt/conda/envs/gdf/lib/python3.10/site-packages/distributed/worker.py", line 2871, in get_data_from_worker
    comm = await rpc.connect(worker)
  File "/opt/conda/envs/gdf/lib/python3.10/site-packages/distributed/core.py", line 1537, in connect
    raise CommClosedError(reason)
distributed.comm.core.CommClosedError: Address removed.
Task exception was never retrieved
future: <Task finished name='Task-454' coro=<_listener_handler_coroutine() done, defined at /opt/conda/envs/gdf/lib/python3.10/site-packages/ucp/core.py:140> exception=UCXError('<stream_recv>: Connection reset by remote peer')>
Traceback (most recent call last):
  File "/opt/conda/envs/gdf/lib/python3.10/site-packages/ucp/core.py", line 155, in _listener_handler_coroutine
    peer_info = await exchange_peer_info(
  File "/opt/conda/envs/gdf/lib/python3.10/site-packages/ucp/core.py", line 55, in exchange_peer_info
    await asyncio.wait_for(
  File "/opt/conda/envs/gdf/lib/python3.10/asyncio/tasks.py", line 445, in wait_for
    return fut.result()
ucp._libs.exceptions.UCXError: <stream_recv>: Connection reset by remote peer
2024-10-25 06:19:10,506 - distributed.worker - ERROR - Worker stream died during communication: ucx://127.0.0.1:56787
Traceback (most recent call last):
  File "/opt/conda/envs/gdf/lib/python3.10/site-packages/distributed/comm/ucx.py", line 351, in read
    await self.ep.recv(msg)
  File "/opt/conda/envs/gdf/lib/python3.10/site-packages/ucp/core.py", line 737, in recv
    ret = await comm.tag_recv(self._ep, buffer, nbytes, tag, name=log)
ucp._libs.exceptions.UCXCanceled: <[Recv #000] ep: 0x7f42c8908200, tag: 0x16f1b0a86a33e8f9, nbytes: 16, type: <class 'numpy.ndarray'>>: 

During handling of the above exception, another exception occurred:

Traceback (most recent call last):
  File "/opt/conda/envs/gdf/lib/python3.10/site-packages/distributed/worker.py", line 2056, in gather_dep
    response = await get_data_from_worker(
  File "/opt/conda/envs/gdf/lib/python3.10/site-packages/distributed/worker.py", line 2871, in get_data_from_worker
    comm = await rpc.connect(worker)
  File "/opt/conda/envs/gdf/lib/python3.10/site-packages/distributed/core.py", line 1535, in connect
    return connect_attempt.result()
  File "/opt/conda/envs/gdf/lib/python3.10/site-packages/distributed/core.py", line 1425, in _connect
    comm = await connect(
  File "/opt/conda/envs/gdf/lib/python3.10/site-packages/distributed/comm/core.py", line 377, in connect
    handshake = await comm.read()
  File "/opt/conda/envs/gdf/lib/python3.10/site-packages/distributed/utils.py", line 806, in wrapper
    return await func(*args, **kwargs)
  File "/opt/conda/envs/gdf/lib/python3.10/site-packages/distributed/comm/ucx.py", line 369, in read
    raise CommClosedError(
distributed.comm.core.CommClosedError: Connection closed by writer.
Inner exception: UCXCanceled("<[Recv #000] ep: 0x7f42c8908200, tag: 0x16f1b0a86a33e8f9, nbytes: 16, type: <class 'numpy.ndarray'>>: ")
2024-10-25 06:19:10,506 - distributed.worker - ERROR - Worker stream died during communication: ucx://127.0.0.1:56787
Traceback (most recent call last):
  File "/opt/conda/envs/gdf/lib/python3.10/site-packages/distributed/comm/ucx.py", line 393, in read
    await self.ep.recv(each_frame)
  File "/opt/conda/envs/gdf/lib/python3.10/site-packages/ucp/core.py", line 737, in recv
    ret = await comm.tag_recv(self._ep, buffer, nbytes, tag, name=log)
ucp._libs.exceptions.UCXError: <[Recv #007] ep: 0x7f00445cd140, tag: 0x29cab04ae9c0baf2, nbytes: 100000000, type: <class 'rmm._lib.device_buffer.DeviceBuffer'>>: Connection reset by remote peer

During handling of the above exception, another exception occurred:

Traceback (most recent call last):
  File "/opt/conda/envs/gdf/lib/python3.10/site-packages/distributed/worker.py", line 2056, in gather_dep
    response = await get_data_from_worker(
  File "/opt/conda/envs/gdf/lib/python3.10/site-packages/distributed/worker.py", line 2874, in get_data_from_worker
    response = await send_recv(
  File "/opt/conda/envs/gdf/lib/python3.10/site-packages/distributed/core.py", line 1015, in send_recv
    response = await comm.read(deserializers=deserializers)
  File "/opt/conda/envs/gdf/lib/python3.10/site-packages/distributed/utils.py", line 806, in wrapper
    return await func(*args, **kwargs)
  File "/opt/conda/envs/gdf/lib/python3.10/site-packages/distributed/comm/ucx.py", line 399, in read
    raise CommClosedError(
distributed.comm.core.CommClosedError: Connection closed by writer.
Inner exception: UCXError("<[Recv #007] ep: 0x7f00445cd140, tag: 0x29cab04ae9c0baf2, nbytes: 100000000, type: <class 'rmm._lib.device_buffer.DeviceBuffer'>>: Connection reset by remote peer")
2024-10-25 06:19:10,507 - distributed.scheduler - WARNING - Removing worker 'ucx://127.0.0.1:56787' caused the cluster to lose already computed task(s), which will be recomputed elsewhere: {('split-taskshuffle-42c82307b2f5928bce72459b455e28a0', 2, 3), ('split-taskshuffle-42c82307b2f5928bce72459b455e28a0', 4, 3), ('split-taskshuffle-42c82307b2f5928bce72459b455e28a0', 5, 3), ('split-taskshuffle-42c82307b2f5928bce72459b455e28a0', 0, 3), ('split-taskshuffle-42c82307b2f5928bce72459b455e28a0', 1, 3), ('split-taskshuffle-42c82307b2f5928bce72459b455e28a0', 7, 3), ('split-taskshuffle-42c82307b2f5928bce72459b455e28a0', 3, 3), ('generate_chunk-_to_string_dtype-a0180b72cbed01de5a9fb7d9b0e1ee1a', 1), ('split-taskshuffle-42c82307b2f5928bce72459b455e28a0', 6, 3)} (stimulus_id='handle-worker-cleanup-1729837150.5072527')
2024-10-25 06:19:10,553 - distributed.worker - ERROR - failed during get data with ucx://127.0.0.1:42335 -> ucx://127.0.0.1:56655
Traceback (most recent call last):
  File "/opt/conda/envs/gdf/lib/python3.10/site-packages/distributed/comm/ucx.py", line 335, in write
    await self.ep.send(each_frame)
  File "/opt/conda/envs/gdf/lib/python3.10/site-packages/ucp/core.py", line 662, in send
    return await comm.tag_send(self._ep, buffer, nbytes, tag, name=log)
ucp._libs.exceptions.UCXError: <[Send #007] ep: 0x7f42c8908440, tag: 0xd0f1d2b9c3c7d19a, nbytes: 100000000, type: <class 'cudf.core.buffer.buffer.Buffer'>>: Connection reset by remote peer

During handling of the above exception, another exception occurred:

Traceback (most recent call last):
  File "/opt/conda/envs/gdf/lib/python3.10/site-packages/distributed/worker.py", line 1777, in get_data
    compressed = await comm.write(msg, serializers=serializers)
  File "/opt/conda/envs/gdf/lib/python3.10/site-packages/distributed/utils.py", line 806, in wrapper
    return await func(*args, **kwargs)
  File "/opt/conda/envs/gdf/lib/python3.10/site-packages/distributed/comm/ucx.py", line 339, in write
    raise CommClosedError("While writing, the connection was closed")
distributed.comm.core.CommClosedError: While writing, the connection was closed
2024-10-25 06:19:10,553 - distributed.worker - ERROR - Worker stream died during communication: ucx://127.0.0.1:56655
Traceback (most recent call last):
  File "/opt/conda/envs/gdf/lib/python3.10/site-packages/distributed/comm/ucx.py", line 393, in read
    await self.ep.recv(each_frame)
  File "/opt/conda/envs/gdf/lib/python3.10/site-packages/ucp/core.py", line 737, in recv
    ret = await comm.tag_recv(self._ep, buffer, nbytes, tag, name=log)
ucp._libs.exceptions.UCXError: <[Recv #007] ep: 0x7f42c8908240, tag: 0x923615dca8a93abb, nbytes: 100000000, type: <class 'rmm._lib.device_buffer.DeviceBuffer'>>: Connection reset by remote peer

During handling of the above exception, another exception occurred:

Traceback (most recent call last):
  File "/opt/conda/envs/gdf/lib/python3.10/site-packages/distributed/worker.py", line 2056, in gather_dep
    response = await get_data_from_worker(
  File "/opt/conda/envs/gdf/lib/python3.10/site-packages/distributed/worker.py", line 2874, in get_data_from_worker
    response = await send_recv(
  File "/opt/conda/envs/gdf/lib/python3.10/site-packages/distributed/core.py", line 1015, in send_recv
    response = await comm.read(deserializers=deserializers)
  File "/opt/conda/envs/gdf/lib/python3.10/site-packages/distributed/utils.py", line 806, in wrapper
    return await func(*args, **kwargs)
  File "/opt/conda/envs/gdf/lib/python3.10/site-packages/distributed/comm/ucx.py", line 399, in read
    raise CommClosedError(
distributed.comm.core.CommClosedError: Connection closed by writer.
Inner exception: UCXError("<[Recv #007] ep: 0x7f42c8908240, tag: 0x923615dca8a93abb, nbytes: 100000000, type: <class 'rmm._lib.device_buffer.DeviceBuffer'>>: Connection reset by remote peer")
2024-10-25 06:19:10,554 - distributed.scheduler - WARNING - Removing worker 'ucx://127.0.0.1:56655' caused the cluster to lose already computed task(s), which will be recomputed elsewhere: {('split-taskshuffle-42c82307b2f5928bce72459b455e28a0', 7, 4), ('split-taskshuffle-42c82307b2f5928bce72459b455e28a0', 3, 4), ('generate_chunk-_to_string_dtype-a0180b72cbed01de5a9fb7d9b0e1ee1a', 2), ('split-taskshuffle-42c82307b2f5928bce72459b455e28a0', 6, 4), ('split-taskshuffle-42c82307b2f5928bce72459b455e28a0', 4, 4), ('split-taskshuffle-42c82307b2f5928bce72459b455e28a0', 2, 4), ('split-taskshuffle-42c82307b2f5928bce72459b455e28a0', 5, 4), ('split-taskshuffle-42c82307b2f5928bce72459b455e28a0', 0, 4), ('split-taskshuffle-42c82307b2f5928bce72459b455e28a0', 1, 4)} (stimulus_id='handle-worker-cleanup-1729837150.5545874')
2024-10-25 06:19:10,559 - distributed.worker - ERROR - Worker stream died during communication: ucx://127.0.0.1:56655
Traceback (most recent call last):
  File "/opt/conda/envs/gdf/lib/python3.10/site-packages/distributed/comm/ucx.py", line 393, in read
    await self.ep.recv(each_frame)
  File "/opt/conda/envs/gdf/lib/python3.10/site-packages/ucp/core.py", line 737, in recv
    ret = await comm.tag_recv(self._ep, buffer, nbytes, tag, name=log)
ucp._libs.exceptions.UCXError: <[Recv #007] ep: 0x7f00445cd200, tag: 0xd171868c1d9fd87a, nbytes: 100000000, type: <class 'rmm._lib.device_buffer.DeviceBuffer'>>: Connection reset by remote peer

During handling of the above exception, another exception occurred:

Traceback (most recent call last):
  File "/opt/conda/envs/gdf/lib/python3.10/site-packages/distributed/worker.py", line 2056, in gather_dep
    response = await get_data_from_worker(
  File "/opt/conda/envs/gdf/lib/python3.10/site-packages/distributed/worker.py", line 2874, in get_data_from_worker
    response = await send_recv(
  File "/opt/conda/envs/gdf/lib/python3.10/site-packages/distributed/core.py", line 1015, in send_recv
    response = await comm.read(deserializers=deserializers)
  File "/opt/conda/envs/gdf/lib/python3.10/site-packages/distributed/utils.py", line 806, in wrapper
    return await func(*args, **kwargs)
  File "/opt/conda/envs/gdf/lib/python3.10/site-packages/distributed/comm/ucx.py", line 399, in read
    raise CommClosedError(
distributed.comm.core.CommClosedError: Connection closed by writer.
Inner exception: UCXError("<[Recv #007] ep: 0x7f00445cd200, tag: 0xd171868c1d9fd87a, nbytes: 100000000, type: <class 'rmm._lib.device_buffer.DeviceBuffer'>>: Connection reset by remote peer")
2024-10-25 06:19:10,575 - distributed.scheduler - WARNING - Removing worker 'ucx://127.0.0.1:55303' caused the cluster to lose already computed task(s), which will be recomputed elsewhere: {('split-taskshuffle-42c82307b2f5928bce72459b455e28a0', 6, 2), ('split-taskshuffle-42c82307b2f5928bce72459b455e28a0', 2, 2), ('generate_chunk-_to_string_dtype-a0180b72cbed01de5a9fb7d9b0e1ee1a', 3), ('split-taskshuffle-42c82307b2f5928bce72459b455e28a0', 4, 2), ('split-taskshuffle-42c82307b2f5928bce72459b455e28a0', 5, 2), ('split-taskshuffle-42c82307b2f5928bce72459b455e28a0', 0, 2), ('split-taskshuffle-42c82307b2f5928bce72459b455e28a0', 1, 2), ('split-taskshuffle-42c82307b2f5928bce72459b455e28a0', 7, 2), ('split-taskshuffle-42c82307b2f5928bce72459b455e28a0', 3, 2)} (stimulus_id='handle-worker-cleanup-1729837150.5752745')
2024-10-25 06:19:10,581 - distributed.worker - ERROR - failed during get data with ucx://127.0.0.1:53755 -> ucx://127.0.0.1:55303
Traceback (most recent call last):
  File "/opt/conda/envs/gdf/lib/python3.10/site-packages/distributed/comm/ucx.py", line 335, in write
    await self.ep.send(each_frame)
  File "/opt/conda/envs/gdf/lib/python3.10/site-packages/ucp/core.py", line 662, in send
    return await comm.tag_send(self._ep, buffer, nbytes, tag, name=log)
ucp._libs.exceptions.UCXError: <[Send #007] ep: 0x7f8f3c37f140, tag: 0x51ec32ad317df9dc, nbytes: 100000000, type: <class 'cudf.core.buffer.buffer.Buffer'>>: Connection reset by remote peer

During handling of the above exception, another exception occurred:

Traceback (most recent call last):
  File "/opt/conda/envs/gdf/lib/python3.10/site-packages/distributed/worker.py", line 1777, in get_data
    compressed = await comm.write(msg, serializers=serializers)
  File "/opt/conda/envs/gdf/lib/python3.10/site-packages/distributed/utils.py", line 806, in wrapper
    return await func(*args, **kwargs)
  File "/opt/conda/envs/gdf/lib/python3.10/site-packages/distributed/comm/ucx.py", line 339, in write
    raise CommClosedError("While writing, the connection was closed")
distributed.comm.core.CommClosedError: While writing, the connection was closed
2024-10-25 06:19:10,585 - distributed.worker - ERROR - Worker stream died during communication: ucx://127.0.0.1:55303
Traceback (most recent call last):
  File "/opt/conda/envs/gdf/lib/python3.10/site-packages/distributed/comm/ucx.py", line 351, in read
    await self.ep.recv(msg)
  File "/opt/conda/envs/gdf/lib/python3.10/site-packages/ucp/core.py", line 737, in recv
    ret = await comm.tag_recv(self._ep, buffer, nbytes, tag, name=log)
ucp._libs.exceptions.UCXCanceled: <[Recv #003] ep: 0x7f8f3c37f200, tag: 0xc02541757b92936e, nbytes: 16, type: <class 'numpy.ndarray'>>: 

During handling of the above exception, another exception occurred:

Traceback (most recent call last):
  File "/opt/conda/envs/gdf/lib/python3.10/site-packages/distributed/worker.py", line 2056, in gather_dep
    response = await get_data_from_worker(
  File "/opt/conda/envs/gdf/lib/python3.10/site-packages/distributed/worker.py", line 2874, in get_data_from_worker
    response = await send_recv(
  File "/opt/conda/envs/gdf/lib/python3.10/site-packages/distributed/core.py", line 1015, in send_recv
    response = await comm.read(deserializers=deserializers)
  File "/opt/conda/envs/gdf/lib/python3.10/site-packages/distributed/utils.py", line 806, in wrapper
    return await func(*args, **kwargs)
  File "/opt/conda/envs/gdf/lib/python3.10/site-packages/distributed/comm/ucx.py", line 369, in read
    raise CommClosedError(
distributed.comm.core.CommClosedError: Connection closed by writer.
Inner exception: UCXCanceled("<[Recv #003] ep: 0x7f8f3c37f200, tag: 0xc02541757b92936e, nbytes: 16, type: <class 'numpy.ndarray'>>: ")
2024-10-25 06:19:10,585 - distributed.worker - ERROR - Worker stream died during communication: ucx://127.0.0.1:56655
Traceback (most recent call last):
  File "/opt/conda/envs/gdf/lib/python3.10/site-packages/distributed/comm/ucx.py", line 351, in read
    await self.ep.recv(msg)
  File "/opt/conda/envs/gdf/lib/python3.10/site-packages/ucp/core.py", line 737, in recv
    ret = await comm.tag_recv(self._ep, buffer, nbytes, tag, name=log)
ucp._libs.exceptions.UCXCanceled: <[Recv #003] ep: 0x7f8f3c37f300, tag: 0x20f9746658a8ad2f, nbytes: 16, type: <class 'numpy.ndarray'>>: 

During handling of the above exception, another exception occurred:

Traceback (most recent call last):
  File "/opt/conda/envs/gdf/lib/python3.10/site-packages/distributed/worker.py", line 2056, in gather_dep
    response = await get_data_from_worker(
  File "/opt/conda/envs/gdf/lib/python3.10/site-packages/distributed/worker.py", line 2874, in get_data_from_worker
    response = await send_recv(
  File "/opt/conda/envs/gdf/lib/python3.10/site-packages/distributed/core.py", line 1015, in send_recv
    response = await comm.read(deserializers=deserializers)
  File "/opt/conda/envs/gdf/lib/python3.10/site-packages/distributed/utils.py", line 806, in wrapper
    return await func(*args, **kwargs)
  File "/opt/conda/envs/gdf/lib/python3.10/site-packages/distributed/comm/ucx.py", line 369, in read
    raise CommClosedError(
distributed.comm.core.CommClosedError: Connection closed by writer.
Inner exception: UCXCanceled("<[Recv #003] ep: 0x7f8f3c37f300, tag: 0x20f9746658a8ad2f, nbytes: 16, type: <class 'numpy.ndarray'>>: ")
2024-10-25 06:19:10,586 - distributed.worker - ERROR - Worker stream died during communication: ucx://127.0.0.1:56787
Traceback (most recent call last):
  File "/opt/conda/envs/gdf/lib/python3.10/site-packages/distributed/comm/ucx.py", line 351, in read
    await self.ep.recv(msg)
  File "/opt/conda/envs/gdf/lib/python3.10/site-packages/ucp/core.py", line 737, in recv
    ret = await comm.tag_recv(self._ep, buffer, nbytes, tag, name=log)
ucp._libs.exceptions.UCXCanceled: <[Recv #003] ep: 0x7f8f3c37f240, tag: 0x8367de1d97204614, nbytes: 16, type: <class 'numpy.ndarray'>>: 

During handling of the above exception, another exception occurred:

Traceback (most recent call last):
  File "/opt/conda/envs/gdf/lib/python3.10/site-packages/distributed/worker.py", line 2056, in gather_dep
    response = await get_data_from_worker(
  File "/opt/conda/envs/gdf/lib/python3.10/site-packages/distributed/worker.py", line 2874, in get_data_from_worker
    response = await send_recv(
  File "/opt/conda/envs/gdf/lib/python3.10/site-packages/distributed/core.py", line 1015, in send_recv
    response = await comm.read(deserializers=deserializers)
  File "/opt/conda/envs/gdf/lib/python3.10/site-packages/distributed/utils.py", line 806, in wrapper
    return await func(*args, **kwargs)
  File "/opt/conda/envs/gdf/lib/python3.10/site-packages/distributed/comm/ucx.py", line 369, in read
    raise CommClosedError(
distributed.comm.core.CommClosedError: Connection closed by writer.
Inner exception: UCXCanceled("<[Recv #003] ep: 0x7f8f3c37f240, tag: 0x8367de1d97204614, nbytes: 16, type: <class 'numpy.ndarray'>>: ")
2024-10-25 06:19:10,594 - distributed.worker - ERROR - Worker stream died during communication: ucx://127.0.0.1:55303
Traceback (most recent call last):
  File "/opt/conda/envs/gdf/lib/python3.10/site-packages/distributed/comm/ucx.py", line 351, in read
    await self.ep.recv(msg)
  File "/opt/conda/envs/gdf/lib/python3.10/site-packages/ucp/core.py", line 737, in recv
    ret = await comm.tag_recv(self._ep, buffer, nbytes, tag, name=log)
ucp._libs.exceptions.UCXCanceled: <[Recv #000] ep: 0x7f42c8908280, tag: 0xb32f2323830b4b90, nbytes: 16, type: <class 'numpy.ndarray'>>: 

During handling of the above exception, another exception occurred:

Traceback (most recent call last):
  File "/opt/conda/envs/gdf/lib/python3.10/site-packages/distributed/worker.py", line 2056, in gather_dep
    response = await get_data_from_worker(
  File "/opt/conda/envs/gdf/lib/python3.10/site-packages/distributed/worker.py", line 2871, in get_data_from_worker
    comm = await rpc.connect(worker)
  File "/opt/conda/envs/gdf/lib/python3.10/site-packages/distributed/core.py", line 1535, in connect
    return connect_attempt.result()
  File "/opt/conda/envs/gdf/lib/python3.10/site-packages/distributed/core.py", line 1425, in _connect
    comm = await connect(
  File "/opt/conda/envs/gdf/lib/python3.10/site-packages/distributed/comm/core.py", line 377, in connect
    handshake = await comm.read()
  File "/opt/conda/envs/gdf/lib/python3.10/site-packages/distributed/utils.py", line 806, in wrapper
    return await func(*args, **kwargs)
  File "/opt/conda/envs/gdf/lib/python3.10/site-packages/distributed/comm/ucx.py", line 369, in read
    raise CommClosedError(
distributed.comm.core.CommClosedError: Connection closed by writer.
Inner exception: UCXCanceled("<[Recv #000] ep: 0x7f42c8908280, tag: 0xb32f2323830b4b90, nbytes: 16, type: <class 'numpy.ndarray'>>: ")
2024-10-25 06:19:10,603 - distributed.worker - ERROR - failed during get data with ucx://127.0.0.1:59371 -> ucx://127.0.0.1:39445
Traceback (most recent call last):
  File "/opt/conda/envs/gdf/lib/python3.10/site-packages/distributed/comm/ucx.py", line 335, in write
    await self.ep.send(each_frame)
  File "/opt/conda/envs/gdf/lib/python3.10/site-packages/ucp/core.py", line 662, in send
    return await comm.tag_send(self._ep, buffer, nbytes, tag, name=log)
ucp._libs.exceptions.UCXError: <[Send #007] ep: 0x7febb2e94440, tag: 0x2d4ed1b7d13323ec, nbytes: 100000000, type: <class 'cudf.core.buffer.buffer.Buffer'>>: Connection reset by remote peer

During handling of the above exception, another exception occurred:

Traceback (most recent call last):
  File "/opt/conda/envs/gdf/lib/python3.10/site-packages/distributed/worker.py", line 1777, in get_data
    compressed = await comm.write(msg, serializers=serializers)
  File "/opt/conda/envs/gdf/lib/python3.10/site-packages/distributed/utils.py", line 806, in wrapper
    return await func(*args, **kwargs)
  File "/opt/conda/envs/gdf/lib/python3.10/site-packages/distributed/comm/ucx.py", line 339, in write
    raise CommClosedError("While writing, the connection was closed")
distributed.comm.core.CommClosedError: While writing, the connection was closed
2024-10-25 06:19:10,605 - distributed.worker - ERROR - failed during get data with ucx://127.0.0.1:59371 -> ucx://127.0.0.1:56787
Traceback (most recent call last):
  File "/opt/conda/envs/gdf/lib/python3.10/site-packages/distributed/comm/ucx.py", line 335, in write
    await self.ep.send(each_frame)
  File "/opt/conda/envs/gdf/lib/python3.10/site-packages/ucp/core.py", line 662, in send
    return await comm.tag_send(self._ep, buffer, nbytes, tag, name=log)
ucp._libs.exceptions.UCXError: <[Send #007] ep: 0x7febb2e94300, tag: 0xc4f0c4bafc97a993, nbytes: 100000000, type: <class 'cudf.core.buffer.buffer.Buffer'>>: Connection reset by remote peer

During handling of the above exception, another exception occurred:

Traceback (most recent call last):
  File "/opt/conda/envs/gdf/lib/python3.10/site-packages/distributed/worker.py", line 1777, in get_data
    compressed = await comm.write(msg, serializers=serializers)
  File "/opt/conda/envs/gdf/lib/python3.10/site-packages/distributed/utils.py", line 806, in wrapper
    return await func(*args, **kwargs)
  File "/opt/conda/envs/gdf/lib/python3.10/site-packages/distributed/comm/ucx.py", line 339, in write
    raise CommClosedError("While writing, the connection was closed")
distributed.comm.core.CommClosedError: While writing, the connection was closed
2024-10-25 06:19:10,606 - distributed.worker - ERROR - Worker stream died during communication: ucx://127.0.0.1:39445
Traceback (most recent call last):
  File "/opt/conda/envs/gdf/lib/python3.10/site-packages/distributed/comm/ucx.py", line 393, in read
    await self.ep.recv(each_frame)
  File "/opt/conda/envs/gdf/lib/python3.10/site-packages/ucp/core.py", line 737, in recv
    ret = await comm.tag_recv(self._ep, buffer, nbytes, tag, name=log)
ucp._libs.exceptions.UCXError: <[Recv #007] ep: 0x7febb2e94180, tag: 0xa62859cfb69ef08f, nbytes: 100000000, type: <class 'rmm._lib.device_buffer.DeviceBuffer'>>: Connection reset by remote peer

During handling of the above exception, another exception occurred:

Traceback (most recent call last):
  File "/opt/conda/envs/gdf/lib/python3.10/site-packages/distributed/worker.py", line 2056, in gather_dep
    response = await get_data_from_worker(
  File "/opt/conda/envs/gdf/lib/python3.10/site-packages/distributed/worker.py", line 2874, in get_data_from_worker
    response = await send_recv(
  File "/opt/conda/envs/gdf/lib/python3.10/site-packages/distributed/core.py", line 1015, in send_recv
    response = await comm.read(deserializers=deserializers)
  File "/opt/conda/envs/gdf/lib/python3.10/site-packages/distributed/utils.py", line 806, in wrapper
    return await func(*args, **kwargs)
  File "/opt/conda/envs/gdf/lib/python3.10/site-packages/distributed/comm/ucx.py", line 399, in read
    raise CommClosedError(
distributed.comm.core.CommClosedError: Connection closed by writer.
Inner exception: UCXError("<[Recv #007] ep: 0x7febb2e94180, tag: 0xa62859cfb69ef08f, nbytes: 100000000, type: <class 'rmm._lib.device_buffer.DeviceBuffer'>>: Connection reset by remote peer")
2024-10-25 06:19:10,607 - distributed.worker - ERROR - failed during get data with ucx://127.0.0.1:59371 -> ucx://127.0.0.1:55303
Traceback (most recent call last):
  File "/opt/conda/envs/gdf/lib/python3.10/site-packages/distributed/comm/ucx.py", line 335, in write
    await self.ep.send(each_frame)
  File "/opt/conda/envs/gdf/lib/python3.10/site-packages/ucp/core.py", line 662, in send
    return await comm.tag_send(self._ep, buffer, nbytes, tag, name=log)
ucp._libs.exceptions.UCXError: <[Send #007] ep: 0x7febb2e943c0, tag: 0xbd2e4112420f421e, nbytes: 100000000, type: <class 'cudf.core.buffer.buffer.Buffer'>>: Connection reset by remote peer

During handling of the above exception, another exception occurred:

Traceback (most recent call last):
  File "/opt/conda/envs/gdf/lib/python3.10/site-packages/distributed/worker.py", line 1777, in get_data
    compressed = await comm.write(msg, serializers=serializers)
  File "/opt/conda/envs/gdf/lib/python3.10/site-packages/distributed/utils.py", line 806, in wrapper
    return await func(*args, **kwargs)
  File "/opt/conda/envs/gdf/lib/python3.10/site-packages/distributed/comm/ucx.py", line 339, in write
    raise CommClosedError("While writing, the connection was closed")
distributed.comm.core.CommClosedError: While writing, the connection was closed
2024-10-25 06:19:10,612 - distributed.worker - ERROR - failed during get data with ucx://127.0.0.1:42335 -> ucx://127.0.0.1:55303
Traceback (most recent call last):
  File "/opt/conda/envs/gdf/lib/python3.10/site-packages/distributed/comm/ucx.py", line 335, in write
    await self.ep.send(each_frame)
  File "/opt/conda/envs/gdf/lib/python3.10/site-packages/ucp/core.py", line 662, in send
    return await comm.tag_send(self._ep, buffer, nbytes, tag, name=log)
ucp._libs.exceptions.UCXError: <[Send #007] ep: 0x7f42c8908340, tag: 0x6a92d87644bc0666, nbytes: 100000000, type: <class 'cudf.core.buffer.buffer.Buffer'>>: Connection reset by remote peer

During handling of the above exception, another exception occurred:

Traceback (most recent call last):
  File "/opt/conda/envs/gdf/lib/python3.10/site-packages/distributed/worker.py", line 1777, in get_data
    compressed = await comm.write(msg, serializers=serializers)
  File "/opt/conda/envs/gdf/lib/python3.10/site-packages/distributed/utils.py", line 806, in wrapper
    return await func(*args, **kwargs)
  File "/opt/conda/envs/gdf/lib/python3.10/site-packages/distributed/comm/ucx.py", line 339, in write
    raise CommClosedError("While writing, the connection was closed")
distributed.comm.core.CommClosedError: While writing, the connection was closed
2024-10-25 06:19:10,609 - distributed.worker - ERROR - Worker stream died during communication: ucx://127.0.0.1:55303
Traceback (most recent call last):
  File "/opt/conda/envs/gdf/lib/python3.10/site-packages/distributed/comm/ucx.py", line 393, in read
    await self.ep.recv(each_frame)
  File "/opt/conda/envs/gdf/lib/python3.10/site-packages/ucp/core.py", line 737, in recv
    ret = await comm.tag_recv(self._ep, buffer, nbytes, tag, name=log)
ucp._libs.exceptions.UCXError: <[Recv #007] ep: 0x7febb2e94200, tag: 0x8ec3e57c19fa94eb, nbytes: 100000000, type: <class 'rmm._lib.device_buffer.DeviceBuffer'>>: Connection reset by remote peer

During handling of the above exception, another exception occurred:

Traceback (most recent call last):
  File "/opt/conda/envs/gdf/lib/python3.10/site-packages/distributed/worker.py", line 2056, in gather_dep
    response = await get_data_from_worker(
  File "/opt/conda/envs/gdf/lib/python3.10/site-packages/distributed/worker.py", line 2874, in get_data_from_worker
    response = await send_recv(
  File "/opt/conda/envs/gdf/lib/python3.10/site-packages/distributed/core.py", line 1015, in send_recv
    response = await comm.read(deserializers=deserializers)
  File "/opt/conda/envs/gdf/lib/python3.10/site-packages/distributed/utils.py", line 806, in wrapper
    return await func(*args, **kwargs)
  File "/opt/conda/envs/gdf/lib/python3.10/site-packages/distributed/comm/ucx.py", line 399, in read
    raise CommClosedError(
distributed.comm.core.CommClosedError: Connection closed by writer.
Inner exception: UCXError("<[Recv #007] ep: 0x7febb2e94200, tag: 0x8ec3e57c19fa94eb, nbytes: 100000000, type: <class 'rmm._lib.device_buffer.DeviceBuffer'>>: Connection reset by remote peer")
2024-10-25 06:19:10,612 - distributed.worker - ERROR - Worker stream died during communication: ucx://127.0.0.1:56655
Traceback (most recent call last):
  File "/opt/conda/envs/gdf/lib/python3.10/site-packages/distributed/comm/ucx.py", line 393, in read
    await self.ep.recv(each_frame)
  File "/opt/conda/envs/gdf/lib/python3.10/site-packages/ucp/core.py", line 737, in recv
    ret = await comm.tag_recv(self._ep, buffer, nbytes, tag, name=log)
ucp._libs.exceptions.UCXCanceled: <[Recv #008] ep: 0x7febb2e941c0, tag: 0xef1d7777230e8524, nbytes: 100000000, type: <class 'rmm._lib.device_buffer.DeviceBuffer'>>: 

During handling of the above exception, another exception occurred:

Traceback (most recent call last):
  File "/opt/conda/envs/gdf/lib/python3.10/site-packages/distributed/worker.py", line 2056, in gather_dep
    response = await get_data_from_worker(
  File "/opt/conda/envs/gdf/lib/python3.10/site-packages/distributed/worker.py", line 2874, in get_data_from_worker
    response = await send_recv(
  File "/opt/conda/envs/gdf/lib/python3.10/site-packages/distributed/core.py", line 1015, in send_recv
    response = await comm.read(deserializers=deserializers)
  File "/opt/conda/envs/gdf/lib/python3.10/site-packages/distributed/utils.py", line 806, in wrapper
    return await func(*args, **kwargs)
  File "/opt/conda/envs/gdf/lib/python3.10/site-packages/distributed/comm/ucx.py", line 399, in read
    raise CommClosedError(
distributed.comm.core.CommClosedError: Connection closed by writer.
Inner exception: UCXCanceled("<[Recv #008] ep: 0x7febb2e941c0, tag: 0xef1d7777230e8524, nbytes: 100000000, type: <class 'rmm._lib.device_buffer.DeviceBuffer'>>: ")
2024-10-25 06:19:10,624 - distributed.worker - ERROR - Worker stream died during communication: ucx://127.0.0.1:56787
Traceback (most recent call last):
  File "/opt/conda/envs/gdf/lib/python3.10/site-packages/distributed/comm/ucx.py", line 351, in read
    await self.ep.recv(msg)
  File "/opt/conda/envs/gdf/lib/python3.10/site-packages/ucp/core.py", line 737, in recv
    ret = await comm.tag_recv(self._ep, buffer, nbytes, tag, name=log)
ucp._libs.exceptions.UCXCanceled: <[Recv #003] ep: 0x7febb2e94280, tag: 0x6542b7f8a92371da, nbytes: 16, type: <class 'numpy.ndarray'>>: 

During handling of the above exception, another exception occurred:

Traceback (most recent call last):
  File "/opt/conda/envs/gdf/lib/python3.10/site-packages/distributed/worker.py", line 2056, in gather_dep
    response = await get_data_from_worker(
  File "/opt/conda/envs/gdf/lib/python3.10/site-packages/distributed/worker.py", line 2874, in get_data_from_worker
    response = await send_recv(
  File "/opt/conda/envs/gdf/lib/python3.10/site-packages/distributed/core.py", line 1015, in send_recv
    response = await comm.read(deserializers=deserializers)
  File "/opt/conda/envs/gdf/lib/python3.10/site-packages/distributed/utils.py", line 806, in wrapper
    return await func(*args, **kwargs)
  File "/opt/conda/envs/gdf/lib/python3.10/site-packages/distributed/comm/ucx.py", line 369, in read
    raise CommClosedError(
distributed.comm.core.CommClosedError: Connection closed by writer.
Inner exception: UCXCanceled("<[Recv #003] ep: 0x7febb2e94280, tag: 0x6542b7f8a92371da, nbytes: 16, type: <class 'numpy.ndarray'>>: ")
2024-10-25 06:19:10,636 - distributed.nanny - WARNING - Restarting worker
2024-10-25 06:19:10,657 - distributed.nanny - WARNING - Restarting worker
2024-10-25 06:19:10,694 - distributed.nanny - WARNING - Restarting worker
2024-10-25 06:19:10,718 - distributed.worker - ERROR - failed during get data with ucx://127.0.0.1:53755 -> ucx://127.0.0.1:56787
Traceback (most recent call last):
  File "/opt/conda/envs/gdf/lib/python3.10/site-packages/distributed/comm/ucx.py", line 335, in write
    await self.ep.send(each_frame)
  File "/opt/conda/envs/gdf/lib/python3.10/site-packages/ucp/core.py", line 662, in send
    return await comm.tag_send(self._ep, buffer, nbytes, tag, name=log)
ucp._libs.exceptions.UCXError: <[Send #007] ep: 0x7f8f3c37f340, tag: 0xbad970bfe9a8a298, nbytes: 100000000, type: <class 'cudf.core.buffer.buffer.Buffer'>>: Connection reset by remote peer

During handling of the above exception, another exception occurred:

Traceback (most recent call last):
  File "/opt/conda/envs/gdf/lib/python3.10/site-packages/distributed/worker.py", line 1777, in get_data
    compressed = await comm.write(msg, serializers=serializers)
  File "/opt/conda/envs/gdf/lib/python3.10/site-packages/distributed/utils.py", line 806, in wrapper
    return await func(*args, **kwargs)
  File "/opt/conda/envs/gdf/lib/python3.10/site-packages/distributed/comm/ucx.py", line 339, in write
    raise CommClosedError("While writing, the connection was closed")
distributed.comm.core.CommClosedError: While writing, the connection was closed
2024-10-25 06:19:10,732 - distributed.nanny - WARNING - Restarting worker
2024-10-25 06:19:10,738 - distributed.worker - ERROR - failed during get data with ucx://127.0.0.1:35221 -> ucx://127.0.0.1:56787
Traceback (most recent call last):
  File "/opt/conda/envs/gdf/lib/python3.10/site-packages/distributed/comm/ucx.py", line 335, in write
    await self.ep.send(each_frame)
  File "/opt/conda/envs/gdf/lib/python3.10/site-packages/ucp/core.py", line 662, in send
    return await comm.tag_send(self._ep, buffer, nbytes, tag, name=log)
ucp._libs.exceptions.UCXError: <[Send #007] ep: 0x7f00445cd380, tag: 0x22fd7d8150094903, nbytes: 100000000, type: <class 'cudf.core.buffer.buffer.Buffer'>>: Connection reset by remote peer

During handling of the above exception, another exception occurred:

Traceback (most recent call last):
  File "/opt/conda/envs/gdf/lib/python3.10/site-packages/distributed/worker.py", line 1777, in get_data
    compressed = await comm.write(msg, serializers=serializers)
  File "/opt/conda/envs/gdf/lib/python3.10/site-packages/distributed/utils.py", line 806, in wrapper
    return await func(*args, **kwargs)
  File "/opt/conda/envs/gdf/lib/python3.10/site-packages/distributed/comm/ucx.py", line 339, in write
    raise CommClosedError("While writing, the connection was closed")
distributed.comm.core.CommClosedError: While writing, the connection was closed
2024-10-25 06:19:10,742 - distributed.worker - ERROR - failed during get data with ucx://127.0.0.1:35221 -> ucx://127.0.0.1:56655
Traceback (most recent call last):
  File "/opt/conda/envs/gdf/lib/python3.10/site-packages/distributed/comm/ucx.py", line 335, in write
    await self.ep.send(each_frame)
  File "/opt/conda/envs/gdf/lib/python3.10/site-packages/ucp/core.py", line 662, in send
    return await comm.tag_send(self._ep, buffer, nbytes, tag, name=log)
ucp._libs.exceptions.UCXError: <[Send #007] ep: 0x7f00445cd440, tag: 0xbf60c77640c95b0, nbytes: 100000000, type: <class 'cudf.core.buffer.buffer.Buffer'>>: Connection reset by remote peer

During handling of the above exception, another exception occurred:

Traceback (most recent call last):
  File "/opt/conda/envs/gdf/lib/python3.10/site-packages/distributed/worker.py", line 1777, in get_data
    compressed = await comm.write(msg, serializers=serializers)
  File "/opt/conda/envs/gdf/lib/python3.10/site-packages/distributed/utils.py", line 806, in wrapper
    return await func(*args, **kwargs)
  File "/opt/conda/envs/gdf/lib/python3.10/site-packages/distributed/comm/ucx.py", line 339, in write
    raise CommClosedError("While writing, the connection was closed")
distributed.comm.core.CommClosedError: While writing, the connection was closed
2024-10-25 06:19:10,742 - distributed.worker - ERROR - failed during get data with ucx://127.0.0.1:35221 -> ucx://127.0.0.1:55303
Traceback (most recent call last):
  File "/opt/conda/envs/gdf/lib/python3.10/site-packages/distributed/comm/ucx.py", line 335, in write
    await self.ep.send(each_frame)
  File "/opt/conda/envs/gdf/lib/python3.10/site-packages/ucp/core.py", line 662, in send
    return await comm.tag_send(self._ep, buffer, nbytes, tag, name=log)
ucp._libs.exceptions.UCXError: <[Send #008] ep: 0x7f00445cd340, tag: 0x7802082d811d9ca3, nbytes: 100000000, type: <class 'cudf.core.buffer.buffer.Buffer'>>: Connection reset by remote peer

During handling of the above exception, another exception occurred:

Traceback (most recent call last):
  File "/opt/conda/envs/gdf/lib/python3.10/site-packages/distributed/worker.py", line 1777, in get_data
    compressed = await comm.write(msg, serializers=serializers)
  File "/opt/conda/envs/gdf/lib/python3.10/site-packages/distributed/utils.py", line 806, in wrapper
    return await func(*args, **kwargs)
  File "/opt/conda/envs/gdf/lib/python3.10/site-packages/distributed/comm/ucx.py", line 339, in write
    raise CommClosedError("While writing, the connection was closed")
distributed.comm.core.CommClosedError: While writing, the connection was closed
2024-10-25 06:19:10,745 - distributed.worker - ERROR - Worker stream died during communication: ucx://127.0.0.1:55303
Traceback (most recent call last):
  File "/opt/conda/envs/gdf/lib/python3.10/site-packages/distributed/comm/ucx.py", line 393, in read
    await self.ep.recv(each_frame)
  File "/opt/conda/envs/gdf/lib/python3.10/site-packages/ucp/core.py", line 737, in recv
    ret = await comm.tag_recv(self._ep, buffer, nbytes, tag, name=log)
ucp._libs.exceptions.UCXCanceled: <[Recv #008] ep: 0x7f00445cd100, tag: 0x6bf70108341937c0, nbytes: 100000000, type: <class 'rmm._lib.device_buffer.DeviceBuffer'>>: 

During handling of the above exception, another exception occurred:

Traceback (most recent call last):
  File "/opt/conda/envs/gdf/lib/python3.10/site-packages/distributed/worker.py", line 2056, in gather_dep
    response = await get_data_from_worker(
  File "/opt/conda/envs/gdf/lib/python3.10/site-packages/distributed/worker.py", line 2874, in get_data_from_worker
    response = await send_recv(
  File "/opt/conda/envs/gdf/lib/python3.10/site-packages/distributed/core.py", line 1015, in send_recv
    response = await comm.read(deserializers=deserializers)
  File "/opt/conda/envs/gdf/lib/python3.10/site-packages/distributed/utils.py", line 806, in wrapper
    return await func(*args, **kwargs)
  File "/opt/conda/envs/gdf/lib/python3.10/site-packages/distributed/comm/ucx.py", line 399, in read
    raise CommClosedError(
distributed.comm.core.CommClosedError: Connection closed by writer.
Inner exception: UCXCanceled("<[Recv #008] ep: 0x7f00445cd100, tag: 0x6bf70108341937c0, nbytes: 100000000, type: <class 'rmm._lib.device_buffer.DeviceBuffer'>>: ")
2024-10-25 06:19:10,760 - distributed.worker - ERROR - failed during get data with ucx://127.0.0.1:59371 -> ucx://127.0.0.1:56655
Traceback (most recent call last):
  File "/opt/conda/envs/gdf/lib/python3.10/site-packages/distributed/comm/ucx.py", line 335, in write
    await self.ep.send(each_frame)
  File "/opt/conda/envs/gdf/lib/python3.10/site-packages/ucp/core.py", line 662, in send
    return await comm.tag_send(self._ep, buffer, nbytes, tag, name=log)
ucp._libs.exceptions.UCXError: <[Send #007] ep: 0x7febb2e94400, tag: 0xf504e7b12c923d7a, nbytes: 100000000, type: <class 'cudf.core.buffer.buffer.Buffer'>>: Connection reset by remote peer

During handling of the above exception, another exception occurred:

Traceback (most recent call last):
  File "/opt/conda/envs/gdf/lib/python3.10/site-packages/distributed/worker.py", line 1777, in get_data
    compressed = await comm.write(msg, serializers=serializers)
  File "/opt/conda/envs/gdf/lib/python3.10/site-packages/distributed/utils.py", line 806, in wrapper
    return await func(*args, **kwargs)
  File "/opt/conda/envs/gdf/lib/python3.10/site-packages/distributed/comm/ucx.py", line 339, in write
    raise CommClosedError("While writing, the connection was closed")
distributed.comm.core.CommClosedError: While writing, the connection was closed
/opt/conda/envs/gdf/lib/python3.10/multiprocessing/resource_tracker.py:224: UserWarning: resource_tracker: There appear to be 48 leaked semaphore objects to clean up at shutdown
  warnings.warn('resource_tracker: There appear to be %d '
