/opt/conda/envs/gdf/lib/python3.10/site-packages/distributed/node.py:187: UserWarning: Port 8787 is already in use.
Perhaps you already have a cluster running?
Hosting the HTTP server on port 46335 instead
  warnings.warn(
[dgx13:92081:0:92081] Caught signal 11 (Segmentation fault: address not mapped to object at address 0x450)
==== backtrace (tid:  92081) ====
 0  /opt/conda/envs/gdf/lib/libucs.so.0(ucs_handle_error+0x2fd) [0x7f92358bdeed]
 1  /opt/conda/envs/gdf/lib/libucs.so.0(+0x2c0e4) [0x7f92358be0e4]
 2  /opt/conda/envs/gdf/lib/libucs.so.0(+0x2c2aa) [0x7f92358be2aa]
 3  /usr/lib/x86_64-linux-gnu/libpthread.so.0(+0x14420) [0x7f927635f420]
 4  /opt/conda/envs/gdf/lib/libucp.so.0(ucp_mem_type_unpack+0x17) [0x7f923593f7c7]
 5  /opt/conda/envs/gdf/lib/libucp.so.0(ucp_rndv_data_handler+0x65d) [0x7f923596827d]
 6  /opt/conda/envs/gdf/lib/libuct.so.0(+0x2096f) [0x7f923587696f]
 7  /opt/conda/envs/gdf/lib/libuct.so.0(+0x23b48) [0x7f9235879b48]
 8  /opt/conda/envs/gdf/lib/libucs.so.0(ucs_event_set_wait+0xb9) [0x7f92358c7639]
 9  /opt/conda/envs/gdf/lib/libuct.so.0(uct_tcp_iface_progress+0x7d) [0x7f9235878c5d]
10  /opt/conda/envs/gdf/lib/libucp.so.0(ucp_worker_progress+0x5a) [0x7f923593c6ca]
11  /opt/conda/envs/gdf/lib/python3.10/site-packages/ucp/_libs/ucx_api.cpython-310-x86_64-linux-gnu.so(+0x31d7a) [0x7f92359fad7a]
12  /opt/conda/envs/gdf/bin/python(_PyEval_EvalFrameDefault+0x2d83) [0x5636f3a8b2b3]
13  /opt/conda/envs/gdf/bin/python(_PyFunction_Vectorcall+0x6c) [0x5636f3a98a2c]
14  /opt/conda/envs/gdf/bin/python(_PyEval_EvalFrameDefault+0x72c) [0x5636f3a88c5c]
15  /opt/conda/envs/gdf/bin/python(+0x1e1384) [0x5636f3b35384]
16  /opt/conda/envs/gdf/lib/python3.10/lib-dynload/_asyncio.cpython-310-x86_64-linux-gnu.so(+0x7bf6) [0x7f92680b5bf6]
17  /opt/conda/envs/gdf/bin/python(_PyObject_MakeTpCall+0x26b) [0x5636f3a91a6b]
18  /opt/conda/envs/gdf/bin/python(+0xfdd90) [0x5636f3a51d90]
19  /opt/conda/envs/gdf/bin/python(+0x13c2a3) [0x5636f3a902a3]
20  /opt/conda/envs/gdf/bin/python(_PyEval_EvalFrameDefault+0x5cd5) [0x5636f3a8e205]
21  /opt/conda/envs/gdf/bin/python(_PyFunction_Vectorcall+0x6c) [0x5636f3a98a2c]
22  /opt/conda/envs/gdf/bin/python(_PyEval_EvalFrameDefault+0x72c) [0x5636f3a88c5c]
23  /opt/conda/envs/gdf/bin/python(_PyFunction_Vectorcall+0x6c) [0x5636f3a98a2c]
24  /opt/conda/envs/gdf/bin/python(_PyEval_EvalFrameDefault+0x72c) [0x5636f3a88c5c]
25  /opt/conda/envs/gdf/bin/python(_PyFunction_Vectorcall+0x6c) [0x5636f3a98a2c]
26  /opt/conda/envs/gdf/bin/python(_PyEval_EvalFrameDefault+0x72c) [0x5636f3a88c5c]
27  /opt/conda/envs/gdf/bin/python(_PyFunction_Vectorcall+0x6c) [0x5636f3a98a2c]
28  /opt/conda/envs/gdf/bin/python(_PyEval_EvalFrameDefault+0x72c) [0x5636f3a88c5c]
29  /opt/conda/envs/gdf/bin/python(_PyFunction_Vectorcall+0x6c) [0x5636f3a98a2c]
30  /opt/conda/envs/gdf/bin/python(_PyEval_EvalFrameDefault+0x13ca) [0x5636f3a898fa]
31  /opt/conda/envs/gdf/bin/python(+0x150582) [0x5636f3aa4582]
32  /opt/conda/envs/gdf/bin/python(PyObject_Call+0xbc) [0x5636f3aa4f1c]
33  /opt/conda/envs/gdf/bin/python(+0x20a9ae) [0x5636f3b5e9ae]
34  /opt/conda/envs/gdf/bin/python(_PyObject_MakeTpCall+0x26b) [0x5636f3a91a6b]
35  /opt/conda/envs/gdf/bin/python(_PyEval_EvalFrameDefault+0x2d83) [0x5636f3a8b2b3]
36  /opt/conda/envs/gdf/bin/python(+0x1506d8) [0x5636f3aa46d8]
37  /opt/conda/envs/gdf/bin/python(_PyEval_EvalFrameDefault+0x2d83) [0x5636f3a8b2b3]
38  /opt/conda/envs/gdf/bin/python(_PyFunction_Vectorcall+0x6c) [0x5636f3a98a2c]
39  /opt/conda/envs/gdf/bin/python(_PyEval_EvalFrameDefault+0x72c) [0x5636f3a88c5c]
40  /opt/conda/envs/gdf/bin/python(_PyFunction_Vectorcall+0x6c) [0x5636f3a98a2c]
41  /opt/conda/envs/gdf/bin/python(_PyEval_EvalFrameDefault+0x72c) [0x5636f3a88c5c]
42  /opt/conda/envs/gdf/bin/python(_PyFunction_Vectorcall+0x6c) [0x5636f3a98a2c]
43  /opt/conda/envs/gdf/bin/python(_PyEval_EvalFrameDefault+0x320) [0x5636f3a88850]
44  /opt/conda/envs/gdf/bin/python(_PyFunction_Vectorcall+0x6c) [0x5636f3a98a2c]
45  /opt/conda/envs/gdf/bin/python(_PyEval_EvalFrameDefault+0x13ca) [0x5636f3a898fa]
46  /opt/conda/envs/gdf/bin/python(+0x1d7c60) [0x5636f3b2bc60]
47  /opt/conda/envs/gdf/bin/python(PyEval_EvalCode+0x87) [0x5636f3b2bba7]
48  /opt/conda/envs/gdf/bin/python(+0x20812a) [0x5636f3b5c12a]
49  /opt/conda/envs/gdf/bin/python(+0x203523) [0x5636f3b57523]
50  /opt/conda/envs/gdf/bin/python(PyRun_StringFlags+0x7d) [0x5636f3b4f91d]
51  /opt/conda/envs/gdf/bin/python(PyRun_SimpleStringFlags+0x3c) [0x5636f3b4f75c]
52  /opt/conda/envs/gdf/bin/python(Py_RunMain+0x26b) [0x5636f3b4e66b]
53  /opt/conda/envs/gdf/bin/python(Py_BytesMain+0x37) [0x5636f3b1f1f7]
54  /usr/lib/x86_64-linux-gnu/libc.so.6(__libc_start_main+0xf3) [0x7f9276023083]
55  /opt/conda/envs/gdf/bin/python(+0x1cb0f1) [0x5636f3b1f0f1]
=================================
[dgx13:92077:0:92077] Caught signal 11 (Segmentation fault: address not mapped to object at address 0x450)
==== backtrace (tid:  92077) ====
 0  /opt/conda/envs/gdf/lib/libucs.so.0(ucs_handle_error+0x2fd) [0x7f0dd199feed]
 1  /opt/conda/envs/gdf/lib/libucs.so.0(+0x2c0e4) [0x7f0dd19a00e4]
 2  /opt/conda/envs/gdf/lib/libucs.so.0(+0x2c2aa) [0x7f0dd19a02aa]
 3  /usr/lib/x86_64-linux-gnu/libpthread.so.0(+0x14420) [0x7f0e12421420]
 4  /opt/conda/envs/gdf/lib/libucp.so.0(ucp_mem_type_unpack+0x17) [0x7f0dd1a217c7]
 5  /opt/conda/envs/gdf/lib/libucp.so.0(ucp_rndv_data_handler+0x65d) [0x7f0dd1a4a27d]
 6  /opt/conda/envs/gdf/lib/libuct.so.0(+0x2096f) [0x7f0dd195896f]
 7  /opt/conda/envs/gdf/lib/libuct.so.0(+0x23b48) [0x7f0dd195bb48]
 8  /opt/conda/envs/gdf/lib/libucs.so.0(ucs_event_set_wait+0xb9) [0x7f0dd19a9639]
 9  /opt/conda/envs/gdf/lib/libuct.so.0(uct_tcp_iface_progress+0x7d) [0x7f0dd195ac5d]
10  /opt/conda/envs/gdf/lib/libucp.so.0(ucp_worker_progress+0x5a) [0x7f0dd1a1e6ca]
11  /opt/conda/envs/gdf/lib/python3.10/site-packages/ucp/_libs/ucx_api.cpython-310-x86_64-linux-gnu.so(+0x31d7a) [0x7f0dd1adcd7a]
12  /opt/conda/envs/gdf/bin/python(_PyEval_EvalFrameDefault+0x2d83) [0x55b01aab52b3]
13  /opt/conda/envs/gdf/bin/python(_PyFunction_Vectorcall+0x6c) [0x55b01aac2a2c]
14  /opt/conda/envs/gdf/bin/python(_PyEval_EvalFrameDefault+0x72c) [0x55b01aab2c5c]
15  /opt/conda/envs/gdf/bin/python(+0x150804) [0x55b01aace804]
16  /opt/conda/envs/gdf/bin/python(+0x25f60c) [0x55b01abdd60c]
17  /opt/conda/envs/gdf/bin/python(+0xfdd90) [0x55b01aa7bd90]
18  /opt/conda/envs/gdf/bin/python(+0x13c2a3) [0x55b01aaba2a3]
19  /opt/conda/envs/gdf/bin/python(_PyEval_EvalFrameDefault+0x5cd5) [0x55b01aab8205]
20  /opt/conda/envs/gdf/bin/python(_PyFunction_Vectorcall+0x6c) [0x55b01aac2a2c]
21  /opt/conda/envs/gdf/bin/python(_PyEval_EvalFrameDefault+0x72c) [0x55b01aab2c5c]
22  /opt/conda/envs/gdf/bin/python(_PyFunction_Vectorcall+0x6c) [0x55b01aac2a2c]
23  /opt/conda/envs/gdf/bin/python(_PyEval_EvalFrameDefault+0x72c) [0x55b01aab2c5c]
24  /opt/conda/envs/gdf/bin/python(_PyFunction_Vectorcall+0x6c) [0x55b01aac2a2c]
25  /opt/conda/envs/gdf/bin/python(_PyEval_EvalFrameDefault+0x72c) [0x55b01aab2c5c]
26  /opt/conda/envs/gdf/bin/python(_PyFunction_Vectorcall+0x6c) [0x55b01aac2a2c]
27  /opt/conda/envs/gdf/bin/python(_PyEval_EvalFrameDefault+0x72c) [0x55b01aab2c5c]
28  /opt/conda/envs/gdf/bin/python(_PyFunction_Vectorcall+0x6c) [0x55b01aac2a2c]
29  /opt/conda/envs/gdf/bin/python(_PyEval_EvalFrameDefault+0x13ca) [0x55b01aab38fa]
30  /opt/conda/envs/gdf/bin/python(+0x150582) [0x55b01aace582]
31  /opt/conda/envs/gdf/bin/python(PyObject_Call+0xbc) [0x55b01aacef1c]
32  /opt/conda/envs/gdf/bin/python(+0x20a9ae) [0x55b01ab889ae]
33  /opt/conda/envs/gdf/bin/python(_PyObject_MakeTpCall+0x26b) [0x55b01aabba6b]
34  /opt/conda/envs/gdf/bin/python(_PyEval_EvalFrameDefault+0x2d83) [0x55b01aab52b3]
35  /opt/conda/envs/gdf/bin/python(+0x1506d8) [0x55b01aace6d8]
36  /opt/conda/envs/gdf/bin/python(_PyEval_EvalFrameDefault+0x2d83) [0x55b01aab52b3]
37  /opt/conda/envs/gdf/bin/python(_PyFunction_Vectorcall+0x6c) [0x55b01aac2a2c]
38  /opt/conda/envs/gdf/bin/python(_PyEval_EvalFrameDefault+0x72c) [0x55b01aab2c5c]
39  /opt/conda/envs/gdf/bin/python(_PyFunction_Vectorcall+0x6c) [0x55b01aac2a2c]
40  /opt/conda/envs/gdf/bin/python(_PyEval_EvalFrameDefault+0x72c) [0x55b01aab2c5c]
41  /opt/conda/envs/gdf/bin/python(_PyFunction_Vectorcall+0x6c) [0x55b01aac2a2c]
42  /opt/conda/envs/gdf/bin/python(_PyEval_EvalFrameDefault+0x320) [0x55b01aab2850]
43  /opt/conda/envs/gdf/bin/python(_PyFunction_Vectorcall+0x6c) [0x55b01aac2a2c]
44  /opt/conda/envs/gdf/bin/python(_PyEval_EvalFrameDefault+0x13ca) [0x55b01aab38fa]
45  /opt/conda/envs/gdf/bin/python(+0x1d7c60) [0x55b01ab55c60]
46  /opt/conda/envs/gdf/bin/python(PyEval_EvalCode+0x87) [0x55b01ab55ba7]
47  /opt/conda/envs/gdf/bin/python(+0x20812a) [0x55b01ab8612a]
48  /opt/conda/envs/gdf/bin/python(+0x203523) [0x55b01ab81523]
49  /opt/conda/envs/gdf/bin/python(PyRun_StringFlags+0x7d) [0x55b01ab7991d]
50  /opt/conda/envs/gdf/bin/python(PyRun_SimpleStringFlags+0x3c) [0x55b01ab7975c]
51  /opt/conda/envs/gdf/bin/python(Py_RunMain+0x26b) [0x55b01ab7866b]
52  /opt/conda/envs/gdf/bin/python(Py_BytesMain+0x37) [0x55b01ab491f7]
53  /usr/lib/x86_64-linux-gnu/libc.so.6(__libc_start_main+0xf3) [0x7f0e120e5083]
54  /opt/conda/envs/gdf/bin/python(+0x1cb0f1) [0x55b01ab490f1]
=================================
[dgx13:92073:0:92073] Caught signal 11 (Segmentation fault: address not mapped to object at address 0x450)
==== backtrace (tid:  92073) ====
 0  /opt/conda/envs/gdf/lib/libucs.so.0(ucs_handle_error+0x2fd) [0x7f1057268eed]
 1  /opt/conda/envs/gdf/lib/libucs.so.0(+0x2c0e4) [0x7f10572690e4]
 2  /opt/conda/envs/gdf/lib/libucs.so.0(+0x2c2aa) [0x7f10572692aa]
 3  /usr/lib/x86_64-linux-gnu/libpthread.so.0(+0x14420) [0x7f1097ce7420]
 4  /opt/conda/envs/gdf/lib/libucp.so.0(ucp_mem_type_unpack+0x17) [0x7f10572ea7c7]
 5  /opt/conda/envs/gdf/lib/libucp.so.0(ucp_rndv_data_handler+0x65d) [0x7f105731327d]
 6  /opt/conda/envs/gdf/lib/libuct.so.0(+0x2096f) [0x7f105722196f]
 7  /opt/conda/envs/gdf/lib/libuct.so.0(+0x23b48) [0x7f1057224b48]
 8  /opt/conda/envs/gdf/lib/libucs.so.0(ucs_event_set_wait+0xb9) [0x7f1057272639]
 9  /opt/conda/envs/gdf/lib/libuct.so.0(uct_tcp_iface_progress+0x7d) [0x7f1057223c5d]
10  /opt/conda/envs/gdf/lib/libucp.so.0(ucp_worker_progress+0x5a) [0x7f10572e76ca]
11  /opt/conda/envs/gdf/lib/python3.10/site-packages/ucp/_libs/ucx_api.cpython-310-x86_64-linux-gnu.so(+0x31d7a) [0x7f10573a5d7a]
12  /opt/conda/envs/gdf/bin/python(_PyEval_EvalFrameDefault+0x2d83) [0x55a9ccdbb2b3]
13  /opt/conda/envs/gdf/bin/python(_PyFunction_Vectorcall+0x6c) [0x55a9ccdc8a2c]
14  /opt/conda/envs/gdf/bin/python(_PyEval_EvalFrameDefault+0x72c) [0x55a9ccdb8c5c]
15  /opt/conda/envs/gdf/bin/python(+0x150804) [0x55a9ccdd4804]
16  /opt/conda/envs/gdf/bin/python(+0x25f60c) [0x55a9ccee360c]
17  /opt/conda/envs/gdf/bin/python(+0xfdd90) [0x55a9ccd81d90]
18  /opt/conda/envs/gdf/bin/python(+0x13c2a3) [0x55a9ccdc02a3]
19  /opt/conda/envs/gdf/bin/python(_PyEval_EvalFrameDefault+0x5cd5) [0x55a9ccdbe205]
20  /opt/conda/envs/gdf/bin/python(_PyFunction_Vectorcall+0x6c) [0x55a9ccdc8a2c]
21  /opt/conda/envs/gdf/bin/python(_PyEval_EvalFrameDefault+0x72c) [0x55a9ccdb8c5c]
22  /opt/conda/envs/gdf/bin/python(_PyFunction_Vectorcall+0x6c) [0x55a9ccdc8a2c]
23  /opt/conda/envs/gdf/bin/python(_PyEval_EvalFrameDefault+0x72c) [0x55a9ccdb8c5c]
24  /opt/conda/envs/gdf/bin/python(_PyFunction_Vectorcall+0x6c) [0x55a9ccdc8a2c]
25  /opt/conda/envs/gdf/bin/python(_PyEval_EvalFrameDefault+0x72c) [0x55a9ccdb8c5c]
26  /opt/conda/envs/gdf/bin/python(_PyFunction_Vectorcall+0x6c) [0x55a9ccdc8a2c]
27  /opt/conda/envs/gdf/bin/python(_PyEval_EvalFrameDefault+0x72c) [0x55a9ccdb8c5c]
28  /opt/conda/envs/gdf/bin/python(_PyFunction_Vectorcall+0x6c) [0x55a9ccdc8a2c]
29  /opt/conda/envs/gdf/bin/python(_PyEval_EvalFrameDefault+0x13ca) [0x55a9ccdb98fa]
30  /opt/conda/envs/gdf/bin/python(+0x150582) [0x55a9ccdd4582]
31  /opt/conda/envs/gdf/bin/python(PyObject_Call+0xbc) [0x55a9ccdd4f1c]
32  /opt/conda/envs/gdf/bin/python(+0x20a9ae) [0x55a9cce8e9ae]
33  /opt/conda/envs/gdf/bin/python(_PyObject_MakeTpCall+0x26b) [0x55a9ccdc1a6b]
34  /opt/conda/envs/gdf/bin/python(_PyEval_EvalFrameDefault+0x2d83) [0x55a9ccdbb2b3]
35  /opt/conda/envs/gdf/bin/python(+0x1506d8) [0x55a9ccdd46d8]
36  /opt/conda/envs/gdf/bin/python(_PyEval_EvalFrameDefault+0x2d83) [0x55a9ccdbb2b3]
37  /opt/conda/envs/gdf/bin/python(_PyFunction_Vectorcall+0x6c) [0x55a9ccdc8a2c]
38  /opt/conda/envs/gdf/bin/python(_PyEval_EvalFrameDefault+0x72c) [0x55a9ccdb8c5c]
39  /opt/conda/envs/gdf/bin/python(_PyFunction_Vectorcall+0x6c) [0x55a9ccdc8a2c]
40  /opt/conda/envs/gdf/bin/python(_PyEval_EvalFrameDefault+0x72c) [0x55a9ccdb8c5c]
41  /opt/conda/envs/gdf/bin/python(_PyFunction_Vectorcall+0x6c) [0x55a9ccdc8a2c]
42  /opt/conda/envs/gdf/bin/python(_PyEval_EvalFrameDefault+0x320) [0x55a9ccdb8850]
43  /opt/conda/envs/gdf/bin/python(_PyFunction_Vectorcall+0x6c) [0x55a9ccdc8a2c]
44  /opt/conda/envs/gdf/bin/python(_PyEval_EvalFrameDefault+0x13ca) [0x55a9ccdb98fa]
45  /opt/conda/envs/gdf/bin/python(+0x1d7c60) [0x55a9cce5bc60]
46  /opt/conda/envs/gdf/bin/python(PyEval_EvalCode+0x87) [0x55a9cce5bba7]
47  /opt/conda/envs/gdf/bin/python(+0x20812a) [0x55a9cce8c12a]
48  /opt/conda/envs/gdf/bin/python(+0x203523) [0x55a9cce87523]
49  /opt/conda/envs/gdf/bin/python(PyRun_StringFlags+0x7d) [0x55a9cce7f91d]
50  /opt/conda/envs/gdf/bin/python(PyRun_SimpleStringFlags+0x3c) [0x55a9cce7f75c]
51  /opt/conda/envs/gdf/bin/python(Py_RunMain+0x26b) [0x55a9cce7e66b]
52  /opt/conda/envs/gdf/bin/python(Py_BytesMain+0x37) [0x55a9cce4f1f7]
53  /usr/lib/x86_64-linux-gnu/libc.so.6(__libc_start_main+0xf3) [0x7f10979ab083]
54  /opt/conda/envs/gdf/bin/python(+0x1cb0f1) [0x55a9cce4f0f1]
=================================
[dgx13:92065:0:92065] Caught signal 11 (Segmentation fault: address not mapped to object at address 0x450)
==== backtrace (tid:  92065) ====
 0  /opt/conda/envs/gdf/lib/libucs.so.0(ucs_handle_error+0x2fd) [0x7ff3e067beed]
 1  /opt/conda/envs/gdf/lib/libucs.so.0(+0x2c0e4) [0x7ff3e067c0e4]
 2  /opt/conda/envs/gdf/lib/libucs.so.0(+0x2c2aa) [0x7ff3e067c2aa]
 3  /usr/lib/x86_64-linux-gnu/libpthread.so.0(+0x14420) [0x7ff40ef10420]
 4  /opt/conda/envs/gdf/lib/libucp.so.0(ucp_mem_type_unpack+0x17) [0x7ff3e06fd7c7]
 5  /opt/conda/envs/gdf/lib/libucp.so.0(ucp_rndv_data_handler+0x65d) [0x7ff3e072627d]
 6  /opt/conda/envs/gdf/lib/libuct.so.0(+0x2096f) [0x7ff3e063496f]
 7  /opt/conda/envs/gdf/lib/libuct.so.0(+0x23b48) [0x7ff3e0637b48]
 8  /opt/conda/envs/gdf/lib/libucs.so.0(ucs_event_set_wait+0xb9) [0x7ff3e0685639]
 9  /opt/conda/envs/gdf/lib/libuct.so.0(uct_tcp_iface_progress+0x7d) [0x7ff3e0636c5d]
10  /opt/conda/envs/gdf/lib/libucp.so.0(ucp_worker_progress+0x5a) [0x7ff3e06fa6ca]
11  /opt/conda/envs/gdf/lib/python3.10/site-packages/ucp/_libs/ucx_api.cpython-310-x86_64-linux-gnu.so(+0x31d7a) [0x7ff3e07b8d7a]
12  /opt/conda/envs/gdf/bin/python(_PyEval_EvalFrameDefault+0x2d83) [0x55b9f15e62b3]
13  /opt/conda/envs/gdf/bin/python(_PyFunction_Vectorcall+0x6c) [0x55b9f15f3a2c]
14  /opt/conda/envs/gdf/bin/python(_PyEval_EvalFrameDefault+0x72c) [0x55b9f15e3c5c]
15  /opt/conda/envs/gdf/bin/python(+0x150804) [0x55b9f15ff804]
16  /opt/conda/envs/gdf/bin/python(+0x25f60c) [0x55b9f170e60c]
17  /opt/conda/envs/gdf/bin/python(+0xfdd90) [0x55b9f15acd90]
18  /opt/conda/envs/gdf/bin/python(+0x13c2a3) [0x55b9f15eb2a3]
19  /opt/conda/envs/gdf/bin/python(_PyEval_EvalFrameDefault+0x5cd5) [0x55b9f15e9205]
20  /opt/conda/envs/gdf/bin/python(_PyFunction_Vectorcall+0x6c) [0x55b9f15f3a2c]
21  /opt/conda/envs/gdf/bin/python(_PyEval_EvalFrameDefault+0x72c) [0x55b9f15e3c5c]
22  /opt/conda/envs/gdf/bin/python(_PyFunction_Vectorcall+0x6c) [0x55b9f15f3a2c]
23  /opt/conda/envs/gdf/bin/python(_PyEval_EvalFrameDefault+0x72c) [0x55b9f15e3c5c]
24  /opt/conda/envs/gdf/bin/python(_PyFunction_Vectorcall+0x6c) [0x55b9f15f3a2c]
25  /opt/conda/envs/gdf/bin/python(_PyEval_EvalFrameDefault+0x72c) [0x55b9f15e3c5c]
26  /opt/conda/envs/gdf/bin/python(_PyFunction_Vectorcall+0x6c) [0x55b9f15f3a2c]
27  /opt/conda/envs/gdf/bin/python(_PyEval_EvalFrameDefault+0x72c) [0x55b9f15e3c5c]
28  /opt/conda/envs/gdf/bin/python(_PyFunction_Vectorcall+0x6c) [0x55b9f15f3a2c]
29  /opt/conda/envs/gdf/bin/python(_PyEval_EvalFrameDefault+0x13ca) [0x55b9f15e48fa]
30  /opt/conda/envs/gdf/bin/python(+0x150582) [0x55b9f15ff582]
31  /opt/conda/envs/gdf/bin/python(PyObject_Call+0xbc) [0x55b9f15fff1c]
32  /opt/conda/envs/gdf/bin/python(+0x20a9ae) [0x55b9f16b99ae]
33  /opt/conda/envs/gdf/bin/python(_PyObject_MakeTpCall+0x26b) [0x55b9f15eca6b]
34  /opt/conda/envs/gdf/bin/python(_PyEval_EvalFrameDefault+0x2d83) [0x55b9f15e62b3]
35  /opt/conda/envs/gdf/bin/python(+0x1506d8) [0x55b9f15ff6d8]
36  /opt/conda/envs/gdf/bin/python(_PyEval_EvalFrameDefault+0x2d83) [0x55b9f15e62b3]
37  /opt/conda/envs/gdf/bin/python(_PyFunction_Vectorcall+0x6c) [0x55b9f15f3a2c]
38  /opt/conda/envs/gdf/bin/python(_PyEval_EvalFrameDefault+0x72c) [0x55b9f15e3c5c]
39  /opt/conda/envs/gdf/bin/python(_PyFunction_Vectorcall+0x6c) [0x55b9f15f3a2c]
40  /opt/conda/envs/gdf/bin/python(_PyEval_EvalFrameDefault+0x72c) [0x55b9f15e3c5c]
41  /opt/conda/envs/gdf/bin/python(_PyFunction_Vectorcall+0x6c) [0x55b9f15f3a2c]
42  /opt/conda/envs/gdf/bin/python(_PyEval_EvalFrameDefault+0x320) [0x55b9f15e3850]
43  /opt/conda/envs/gdf/bin/python(_PyFunction_Vectorcall+0x6c) [0x55b9f15f3a2c]
44  /opt/conda/envs/gdf/bin/python(_PyEval_EvalFrameDefault+0x13ca) [0x55b9f15e48fa]
45  /opt/conda/envs/gdf/bin/python(+0x1d7c60) [0x55b9f1686c60]
46  /opt/conda/envs/gdf/bin/python(PyEval_EvalCode+0x87) [0x55b9f1686ba7]
47  /opt/conda/envs/gdf/bin/python(+0x20812a) [0x55b9f16b712a]
48  /opt/conda/envs/gdf/bin/python(+0x203523) [0x55b9f16b2523]
49  /opt/conda/envs/gdf/bin/python(PyRun_StringFlags+0x7d) [0x55b9f16aa91d]
50  /opt/conda/envs/gdf/bin/python(PyRun_SimpleStringFlags+0x3c) [0x55b9f16aa75c]
51  /opt/conda/envs/gdf/bin/python(Py_RunMain+0x26b) [0x55b9f16a966b]
52  /opt/conda/envs/gdf/bin/python(Py_BytesMain+0x37) [0x55b9f167a1f7]
53  /usr/lib/x86_64-linux-gnu/libc.so.6(__libc_start_main+0xf3) [0x7ff40ebd4083]
54  /opt/conda/envs/gdf/bin/python(+0x1cb0f1) [0x55b9f167a0f1]
=================================
[dgx13:92068:0:92068] Caught signal 11 (Segmentation fault: address not mapped to object at address 0x450)
==== backtrace (tid:  92068) ====
 0  /opt/conda/envs/gdf/lib/libucs.so.0(ucs_handle_error+0x2fd) [0x7fe189727eed]
 1  /opt/conda/envs/gdf/lib/libucs.so.0(+0x2c0e4) [0x7fe1897280e4]
 2  /opt/conda/envs/gdf/lib/libucs.so.0(+0x2c2aa) [0x7fe1897282aa]
 3  /usr/lib/x86_64-linux-gnu/libpthread.so.0(+0x14420) [0x7fe1ca1e4420]
 4  /opt/conda/envs/gdf/lib/libucp.so.0(ucp_mem_type_unpack+0x17) [0x7fe1897a97c7]
 5  /opt/conda/envs/gdf/lib/libucp.so.0(ucp_rndv_data_handler+0x65d) [0x7fe1897d227d]
 6  /opt/conda/envs/gdf/lib/libuct.so.0(+0x2096f) [0x7fe1896e096f]
 7  /opt/conda/envs/gdf/lib/libuct.so.0(+0x23b48) [0x7fe1896e3b48]
 8  /opt/conda/envs/gdf/lib/libucs.so.0(ucs_event_set_wait+0xb9) [0x7fe189731639]
 9  /opt/conda/envs/gdf/lib/libuct.so.0(uct_tcp_iface_progress+0x7d) [0x7fe1896e2c5d]
10  /opt/conda/envs/gdf/lib/libucp.so.0(ucp_worker_progress+0x5a) [0x7fe1897a66ca]
11  /opt/conda/envs/gdf/lib/python3.10/site-packages/ucp/_libs/ucx_api.cpython-310-x86_64-linux-gnu.so(+0x31d7a) [0x7fe189864d7a]
12  /opt/conda/envs/gdf/bin/python(_PyEval_EvalFrameDefault+0x2d83) [0x560f7d63f2b3]
13  /opt/conda/envs/gdf/bin/python(_PyFunction_Vectorcall+0x6c) [0x560f7d64ca2c]
14  /opt/conda/envs/gdf/bin/python(_PyEval_EvalFrameDefault+0x72c) [0x560f7d63cc5c]
15  /opt/conda/envs/gdf/bin/python(+0x150804) [0x560f7d658804]
16  /opt/conda/envs/gdf/bin/python(+0x25f60c) [0x560f7d76760c]
17  /opt/conda/envs/gdf/bin/python(+0xfdd90) [0x560f7d605d90]
18  /opt/conda/envs/gdf/bin/python(+0x13c2a3) [0x560f7d6442a3]
19  /opt/conda/envs/gdf/bin/python(_PyEval_EvalFrameDefault+0x5cd5) [0x560f7d642205]
20  /opt/conda/envs/gdf/bin/python(_PyFunction_Vectorcall+0x6c) [0x560f7d64ca2c]
21  /opt/conda/envs/gdf/bin/python(_PyEval_EvalFrameDefault+0x72c) [0x560f7d63cc5c]
22  /opt/conda/envs/gdf/bin/python(_PyFunction_Vectorcall+0x6c) [0x560f7d64ca2c]
23  /opt/conda/envs/gdf/bin/python(_PyEval_EvalFrameDefault+0x72c) [0x560f7d63cc5c]
24  /opt/conda/envs/gdf/bin/python(_PyFunction_Vectorcall+0x6c) [0x560f7d64ca2c]
25  /opt/conda/envs/gdf/bin/python(_PyEval_EvalFrameDefault+0x72c) [0x560f7d63cc5c]
26  /opt/conda/envs/gdf/bin/python(_PyFunction_Vectorcall+0x6c) [0x560f7d64ca2c]
27  /opt/conda/envs/gdf/bin/python(_PyEval_EvalFrameDefault+0x72c) [0x560f7d63cc5c]
28  /opt/conda/envs/gdf/bin/python(_PyFunction_Vectorcall+0x6c) [0x560f7d64ca2c]
29  /opt/conda/envs/gdf/bin/python(_PyEval_EvalFrameDefault+0x13ca) [0x560f7d63d8fa]
30  /opt/conda/envs/gdf/bin/python(+0x150582) [0x560f7d658582]
31  /opt/conda/envs/gdf/bin/python(PyObject_Call+0xbc) [0x560f7d658f1c]
32  /opt/conda/envs/gdf/bin/python(+0x20a9ae) [0x560f7d7129ae]
33  /opt/conda/envs/gdf/bin/python(_PyObject_MakeTpCall+0x26b) [0x560f7d645a6b]
34  /opt/conda/envs/gdf/bin/python(_PyEval_EvalFrameDefault+0x2d83) [0x560f7d63f2b3]
35  /opt/conda/envs/gdf/bin/python(+0x1506d8) [0x560f7d6586d8]
36  /opt/conda/envs/gdf/bin/python(_PyEval_EvalFrameDefault+0x2d83) [0x560f7d63f2b3]
37  /opt/conda/envs/gdf/bin/python(_PyFunction_Vectorcall+0x6c) [0x560f7d64ca2c]
38  /opt/conda/envs/gdf/bin/python(_PyEval_EvalFrameDefault+0x72c) [0x560f7d63cc5c]
39  /opt/conda/envs/gdf/bin/python(_PyFunction_Vectorcall+0x6c) [0x560f7d64ca2c]
40  /opt/conda/envs/gdf/bin/python(_PyEval_EvalFrameDefault+0x72c) [0x560f7d63cc5c]
41  /opt/conda/envs/gdf/bin/python(_PyFunction_Vectorcall+0x6c) [0x560f7d64ca2c]
42  /opt/conda/envs/gdf/bin/python(_PyEval_EvalFrameDefault+0x320) [0x560f7d63c850]
43  /opt/conda/envs/gdf/bin/python(_PyFunction_Vectorcall+0x6c) [0x560f7d64ca2c]
44  /opt/conda/envs/gdf/bin/python(_PyEval_EvalFrameDefault+0x13ca) [0x560f7d63d8fa]
45  /opt/conda/envs/gdf/bin/python(+0x1d7c60) [0x560f7d6dfc60]
46  /opt/conda/envs/gdf/bin/python(PyEval_EvalCode+0x87) [0x560f7d6dfba7]
47  /opt/conda/envs/gdf/bin/python(+0x20812a) [0x560f7d71012a]
48  /opt/conda/envs/gdf/bin/python(+0x203523) [0x560f7d70b523]
49  /opt/conda/envs/gdf/bin/python(PyRun_StringFlags+0x7d) [0x560f7d70391d]
50  /opt/conda/envs/gdf/bin/python(PyRun_SimpleStringFlags+0x3c) [0x560f7d70375c]
51  /opt/conda/envs/gdf/bin/python(Py_RunMain+0x26b) [0x560f7d70266b]
52  /opt/conda/envs/gdf/bin/python(Py_BytesMain+0x37) [0x560f7d6d31f7]
53  /usr/lib/x86_64-linux-gnu/libc.so.6(__libc_start_main+0xf3) [0x7fe1c9ea8083]
54  /opt/conda/envs/gdf/bin/python(+0x1cb0f1) [0x560f7d6d30f1]
=================================
2024-09-18 06:13:36,336 - distributed.worker - ERROR - Worker stream died during communication: ucx://127.0.0.1:39547
Traceback (most recent call last):
  File "/opt/conda/envs/gdf/lib/python3.10/site-packages/distributed/comm/ucx.py", line 351, in read
    await self.ep.recv(msg)
  File "/opt/conda/envs/gdf/lib/python3.10/site-packages/ucp/core.py", line 737, in recv
    ret = await comm.tag_recv(self._ep, buffer, nbytes, tag, name=log)
ucp._libs.exceptions.UCXCanceled: <[Recv #000] ep: 0x7ff36da9c180, tag: 0x18ee01c14a356c79, nbytes: 16, type: <class 'numpy.ndarray'>>: 

During handling of the above exception, another exception occurred:

Traceback (most recent call last):
  File "/opt/conda/envs/gdf/lib/python3.10/site-packages/distributed/worker.py", line 2056, in gather_dep
    response = await get_data_from_worker(
  File "/opt/conda/envs/gdf/lib/python3.10/site-packages/distributed/worker.py", line 2871, in get_data_from_worker
    comm = await rpc.connect(worker)
  File "/opt/conda/envs/gdf/lib/python3.10/site-packages/distributed/core.py", line 1535, in connect
    return connect_attempt.result()
  File "/opt/conda/envs/gdf/lib/python3.10/site-packages/distributed/core.py", line 1425, in _connect
    comm = await connect(
  File "/opt/conda/envs/gdf/lib/python3.10/site-packages/distributed/comm/core.py", line 377, in connect
    handshake = await comm.read()
  File "/opt/conda/envs/gdf/lib/python3.10/site-packages/distributed/utils.py", line 806, in wrapper
    return await func(*args, **kwargs)
  File "/opt/conda/envs/gdf/lib/python3.10/site-packages/distributed/comm/ucx.py", line 369, in read
    raise CommClosedError(
distributed.comm.core.CommClosedError: Connection closed by writer.
Inner exception: UCXCanceled("<[Recv #000] ep: 0x7ff36da9c180, tag: 0x18ee01c14a356c79, nbytes: 16, type: <class 'numpy.ndarray'>>: ")
2024-09-18 06:13:36,337 - distributed.scheduler - WARNING - Removing worker 'ucx://127.0.0.1:39547' caused the cluster to lose already computed task(s), which will be recomputed elsewhere: {('random_sample-ef5a7bc1740d7fa19442579219756ac2', 3, 9), ('random_sample-ef5a7bc1740d7fa19442579219756ac2', 5, 5), ('random_sample-ef5a7bc1740d7fa19442579219756ac2', 3, 0), ('random_sample-ef5a7bc1740d7fa19442579219756ac2', 9, 4), ('random_sample-ef5a7bc1740d7fa19442579219756ac2', 6, 5), ('random_sample-ef5a7bc1740d7fa19442579219756ac2', 1, 1), ('random_sample-ef5a7bc1740d7fa19442579219756ac2', 7, 6), ('sum-4f326221c92b70d20f14e234bcccd2d3', 5, 5), ('random_sample-ef5a7bc1740d7fa19442579219756ac2', 0, 7), ('random_sample-ef5a7bc1740d7fa19442579219756ac2', 5, 3), ('random_sample-ef5a7bc1740d7fa19442579219756ac2', 3, 7), ('sum-4f326221c92b70d20f14e234bcccd2d3', 1, 1), ('random_sample-ef5a7bc1740d7fa19442579219756ac2', 8, 0), ('random_sample-ef5a7bc1740d7fa19442579219756ac2', 8, 6)} (stimulus_id='handle-worker-cleanup-1726640016.3371735')
2024-09-18 06:13:36,337 - distributed.worker - ERROR - Worker stream died during communication: ucx://127.0.0.1:39547
Traceback (most recent call last):
  File "/opt/conda/envs/gdf/lib/python3.10/site-packages/distributed/comm/ucx.py", line 351, in read
    await self.ep.recv(msg)
  File "/opt/conda/envs/gdf/lib/python3.10/site-packages/ucp/core.py", line 737, in recv
    ret = await comm.tag_recv(self._ep, buffer, nbytes, tag, name=log)
ucp._libs.exceptions.UCXCanceled: <[Recv #000] ep: 0x7f577c0811c0, tag: 0x21c4e6db9c9a38e9, nbytes: 16, type: <class 'numpy.ndarray'>>: 

During handling of the above exception, another exception occurred:

Traceback (most recent call last):
  File "/opt/conda/envs/gdf/lib/python3.10/site-packages/distributed/worker.py", line 2056, in gather_dep
    response = await get_data_from_worker(
  File "/opt/conda/envs/gdf/lib/python3.10/site-packages/distributed/worker.py", line 2871, in get_data_from_worker
    comm = await rpc.connect(worker)
  File "/opt/conda/envs/gdf/lib/python3.10/site-packages/distributed/core.py", line 1535, in connect
    return connect_attempt.result()
  File "/opt/conda/envs/gdf/lib/python3.10/site-packages/distributed/core.py", line 1425, in _connect
    comm = await connect(
  File "/opt/conda/envs/gdf/lib/python3.10/site-packages/distributed/comm/core.py", line 377, in connect
    handshake = await comm.read()
  File "/opt/conda/envs/gdf/lib/python3.10/site-packages/distributed/utils.py", line 806, in wrapper
    return await func(*args, **kwargs)
  File "/opt/conda/envs/gdf/lib/python3.10/site-packages/distributed/comm/ucx.py", line 369, in read
    raise CommClosedError(
distributed.comm.core.CommClosedError: Connection closed by writer.
Inner exception: UCXCanceled("<[Recv #000] ep: 0x7f577c0811c0, tag: 0x21c4e6db9c9a38e9, nbytes: 16, type: <class 'numpy.ndarray'>>: ")
2024-09-18 06:13:36,378 - distributed.worker - ERROR - Worker stream died during communication: ucx://127.0.0.1:40077
Traceback (most recent call last):
  File "/opt/conda/envs/gdf/lib/python3.10/site-packages/distributed/comm/ucx.py", line 351, in read
    await self.ep.recv(msg)
  File "/opt/conda/envs/gdf/lib/python3.10/site-packages/ucp/core.py", line 737, in recv
    ret = await comm.tag_recv(self._ep, buffer, nbytes, tag, name=log)
ucp._libs.exceptions.UCXCanceled: <[Recv #000] ep: 0x7ff36da9c100, tag: 0x425af91b07995c81, nbytes: 16, type: <class 'numpy.ndarray'>>: 

During handling of the above exception, another exception occurred:

Traceback (most recent call last):
  File "/opt/conda/envs/gdf/lib/python3.10/site-packages/distributed/worker.py", line 2056, in gather_dep
    response = await get_data_from_worker(
  File "/opt/conda/envs/gdf/lib/python3.10/site-packages/distributed/worker.py", line 2871, in get_data_from_worker
    comm = await rpc.connect(worker)
  File "/opt/conda/envs/gdf/lib/python3.10/site-packages/distributed/core.py", line 1535, in connect
    return connect_attempt.result()
  File "/opt/conda/envs/gdf/lib/python3.10/site-packages/distributed/core.py", line 1425, in _connect
    comm = await connect(
  File "/opt/conda/envs/gdf/lib/python3.10/site-packages/distributed/comm/core.py", line 377, in connect
    handshake = await comm.read()
  File "/opt/conda/envs/gdf/lib/python3.10/site-packages/distributed/utils.py", line 806, in wrapper
    return await func(*args, **kwargs)
  File "/opt/conda/envs/gdf/lib/python3.10/site-packages/distributed/comm/ucx.py", line 369, in read
    raise CommClosedError(
distributed.comm.core.CommClosedError: Connection closed by writer.
Inner exception: UCXCanceled("<[Recv #000] ep: 0x7ff36da9c100, tag: 0x425af91b07995c81, nbytes: 16, type: <class 'numpy.ndarray'>>: ")
2024-09-18 06:13:36,378 - distributed.worker - ERROR - Worker stream died during communication: ucx://127.0.0.1:40077
Traceback (most recent call last):
  File "/opt/conda/envs/gdf/lib/python3.10/site-packages/distributed/comm/ucx.py", line 393, in read
    await self.ep.recv(each_frame)
  File "/opt/conda/envs/gdf/lib/python3.10/site-packages/ucp/core.py", line 737, in recv
    ret = await comm.tag_recv(self._ep, buffer, nbytes, tag, name=log)
ucp._libs.exceptions.UCXError: <[Recv #007] ep: 0x7f621935a180, tag: 0x811d98c59f5ceb99, nbytes: 50000000, type: <class 'rmm._lib.device_buffer.DeviceBuffer'>>: Connection reset by remote peer

During handling of the above exception, another exception occurred:

Traceback (most recent call last):
  File "/opt/conda/envs/gdf/lib/python3.10/site-packages/distributed/worker.py", line 2056, in gather_dep
    response = await get_data_from_worker(
  File "/opt/conda/envs/gdf/lib/python3.10/site-packages/distributed/worker.py", line 2874, in get_data_from_worker
    response = await send_recv(
  File "/opt/conda/envs/gdf/lib/python3.10/site-packages/distributed/core.py", line 1015, in send_recv
    response = await comm.read(deserializers=deserializers)
  File "/opt/conda/envs/gdf/lib/python3.10/site-packages/distributed/utils.py", line 806, in wrapper
    return await func(*args, **kwargs)
  File "/opt/conda/envs/gdf/lib/python3.10/site-packages/distributed/comm/ucx.py", line 399, in read
    raise CommClosedError(
distributed.comm.core.CommClosedError: Connection closed by writer.
Inner exception: UCXError("<[Recv #007] ep: 0x7f621935a180, tag: 0x811d98c59f5ceb99, nbytes: 50000000, type: <class 'rmm._lib.device_buffer.DeviceBuffer'>>: Connection reset by remote peer")
2024-09-18 06:13:36,389 - distributed.worker - ERROR - failed during get data with ucx://127.0.0.1:53089 -> ucx://127.0.0.1:40077
Traceback (most recent call last):
  File "/opt/conda/envs/gdf/lib/python3.10/site-packages/distributed/comm/ucx.py", line 335, in write
    await self.ep.send(each_frame)
  File "/opt/conda/envs/gdf/lib/python3.10/site-packages/ucp/core.py", line 662, in send
    return await comm.tag_send(self._ep, buffer, nbytes, tag, name=log)
ucp._libs.exceptions.UCXError: <[Send #007] ep: 0x7f577c081240, tag: 0x1ddd08611bb96402, nbytes: 50000000, type: <class 'cupy.ndarray'>>: Connection reset by remote peer

During handling of the above exception, another exception occurred:

Traceback (most recent call last):
  File "/opt/conda/envs/gdf/lib/python3.10/site-packages/distributed/worker.py", line 1777, in get_data
    compressed = await comm.write(msg, serializers=serializers)
  File "/opt/conda/envs/gdf/lib/python3.10/site-packages/distributed/utils.py", line 806, in wrapper
    return await func(*args, **kwargs)
  File "/opt/conda/envs/gdf/lib/python3.10/site-packages/distributed/comm/ucx.py", line 339, in write
    raise CommClosedError("While writing, the connection was closed")
distributed.comm.core.CommClosedError: While writing, the connection was closed
2024-09-18 06:13:36,390 - distributed.worker - ERROR - Worker stream died during communication: ucx://127.0.0.1:40077
Traceback (most recent call last):
  File "/opt/conda/envs/gdf/lib/python3.10/site-packages/distributed/comm/ucx.py", line 393, in read
    await self.ep.recv(each_frame)
  File "/opt/conda/envs/gdf/lib/python3.10/site-packages/ucp/core.py", line 737, in recv
    ret = await comm.tag_recv(self._ep, buffer, nbytes, tag, name=log)
ucp._libs.exceptions.UCXError: <[Recv #007] ep: 0x7f577c081140, tag: 0x91a4d29944ac6c96, nbytes: 50000000, type: <class 'rmm._lib.device_buffer.DeviceBuffer'>>: Connection reset by remote peer

During handling of the above exception, another exception occurred:

Traceback (most recent call last):
  File "/opt/conda/envs/gdf/lib/python3.10/site-packages/distributed/worker.py", line 2056, in gather_dep
    response = await get_data_from_worker(
  File "/opt/conda/envs/gdf/lib/python3.10/site-packages/distributed/worker.py", line 2874, in get_data_from_worker
    response = await send_recv(
  File "/opt/conda/envs/gdf/lib/python3.10/site-packages/distributed/core.py", line 1015, in send_recv
    response = await comm.read(deserializers=deserializers)
  File "/opt/conda/envs/gdf/lib/python3.10/site-packages/distributed/utils.py", line 806, in wrapper
    return await func(*args, **kwargs)
  File "/opt/conda/envs/gdf/lib/python3.10/site-packages/distributed/comm/ucx.py", line 399, in read
    raise CommClosedError(
distributed.comm.core.CommClosedError: Connection closed by writer.
Inner exception: UCXError("<[Recv #007] ep: 0x7f577c081140, tag: 0x91a4d29944ac6c96, nbytes: 50000000, type: <class 'rmm._lib.device_buffer.DeviceBuffer'>>: Connection reset by remote peer")
2024-09-18 06:13:36,392 - distributed.scheduler - WARNING - Removing worker 'ucx://127.0.0.1:40077' caused the cluster to lose already computed task(s), which will be recomputed elsewhere: {('random_sample-ef5a7bc1740d7fa19442579219756ac2', 9, 1), ('random_sample-ef5a7bc1740d7fa19442579219756ac2', 2, 4), ('sum-4f326221c92b70d20f14e234bcccd2d3', 4, 1), ('random_sample-ef5a7bc1740d7fa19442579219756ac2', 8, 2), ('random_sample-ef5a7bc1740d7fa19442579219756ac2', 5, 7), ('random_sample-ef5a7bc1740d7fa19442579219756ac2', 7, 3), ('random_sample-ef5a7bc1740d7fa19442579219756ac2', 7, 9), ('random_sample-ef5a7bc1740d7fa19442579219756ac2', 2, 3), ('random_sample-ef5a7bc1740d7fa19442579219756ac2', 4, 1), ('random_sample-ef5a7bc1740d7fa19442579219756ac2', 1, 4), ('random_sample-ef5a7bc1740d7fa19442579219756ac2', 9, 9), ('sum-4f326221c92b70d20f14e234bcccd2d3', 9, 9), ('random_sample-ef5a7bc1740d7fa19442579219756ac2', 1, 0), ('sum-4f326221c92b70d20f14e234bcccd2d3', 1, 4), ('random_sample-ef5a7bc1740d7fa19442579219756ac2', 0, 2), ('random_sample-ef5a7bc1740d7fa19442579219756ac2', 4, 6)} (stimulus_id='handle-worker-cleanup-1726640016.392007')
2024-09-18 06:13:36,403 - distributed.worker - ERROR - Worker stream died during communication: ucx://127.0.0.1:52387
Traceback (most recent call last):
  File "/opt/conda/envs/gdf/lib/python3.10/site-packages/distributed/comm/ucx.py", line 351, in read
    await self.ep.recv(msg)
  File "/opt/conda/envs/gdf/lib/python3.10/site-packages/ucp/core.py", line 737, in recv
    ret = await comm.tag_recv(self._ep, buffer, nbytes, tag, name=log)
ucp._libs.exceptions.UCXCanceled: <[Recv #003] ep: 0x7ff36da9c140, tag: 0x2aeda4323058c26d, nbytes: 16, type: <class 'numpy.ndarray'>>: 

During handling of the above exception, another exception occurred:

Traceback (most recent call last):
  File "/opt/conda/envs/gdf/lib/python3.10/site-packages/distributed/worker.py", line 2056, in gather_dep
    response = await get_data_from_worker(
  File "/opt/conda/envs/gdf/lib/python3.10/site-packages/distributed/worker.py", line 2874, in get_data_from_worker
    response = await send_recv(
  File "/opt/conda/envs/gdf/lib/python3.10/site-packages/distributed/core.py", line 1015, in send_recv
    response = await comm.read(deserializers=deserializers)
  File "/opt/conda/envs/gdf/lib/python3.10/site-packages/distributed/utils.py", line 806, in wrapper
    return await func(*args, **kwargs)
  File "/opt/conda/envs/gdf/lib/python3.10/site-packages/distributed/comm/ucx.py", line 369, in read
    raise CommClosedError(
distributed.comm.core.CommClosedError: Connection closed by writer.
Inner exception: UCXCanceled("<[Recv #003] ep: 0x7ff36da9c140, tag: 0x2aeda4323058c26d, nbytes: 16, type: <class 'numpy.ndarray'>>: ")
2024-09-18 06:13:36,404 - distributed.worker - ERROR - failed during get data with ucx://127.0.0.1:60787 -> ucx://127.0.0.1:52387
Traceback (most recent call last):
  File "/opt/conda/envs/gdf/lib/python3.10/site-packages/distributed/comm/ucx.py", line 335, in write
    await self.ep.send(each_frame)
  File "/opt/conda/envs/gdf/lib/python3.10/site-packages/ucp/core.py", line 662, in send
    return await comm.tag_send(self._ep, buffer, nbytes, tag, name=log)
ucp._libs.exceptions.UCXError: <[Send #007] ep: 0x7ff36da9c2c0, tag: 0xbe230e8e0bd4d8a, nbytes: 50000000, type: <class 'cupy.ndarray'>>: Connection reset by remote peer

During handling of the above exception, another exception occurred:

Traceback (most recent call last):
  File "/opt/conda/envs/gdf/lib/python3.10/site-packages/distributed/worker.py", line 1777, in get_data
    compressed = await comm.write(msg, serializers=serializers)
  File "/opt/conda/envs/gdf/lib/python3.10/site-packages/distributed/utils.py", line 806, in wrapper
    return await func(*args, **kwargs)
  File "/opt/conda/envs/gdf/lib/python3.10/site-packages/distributed/comm/ucx.py", line 339, in write
    raise CommClosedError("While writing, the connection was closed")
distributed.comm.core.CommClosedError: While writing, the connection was closed
2024-09-18 06:13:36,408 - distributed.worker - ERROR - failed during get data with ucx://127.0.0.1:60787 -> ucx://127.0.0.1:54045
Traceback (most recent call last):
  File "/opt/conda/envs/gdf/lib/python3.10/site-packages/distributed/comm/ucx.py", line 335, in write
    await self.ep.send(each_frame)
  File "/opt/conda/envs/gdf/lib/python3.10/site-packages/ucp/core.py", line 662, in send
    return await comm.tag_send(self._ep, buffer, nbytes, tag, name=log)
ucp._libs.exceptions.UCXError: <[Send #007] ep: 0x7ff36da9c280, tag: 0x23e08b374cb860ee, nbytes: 50000000, type: <class 'cupy.ndarray'>>: Connection reset by remote peer

During handling of the above exception, another exception occurred:

Traceback (most recent call last):
  File "/opt/conda/envs/gdf/lib/python3.10/site-packages/distributed/worker.py", line 1777, in get_data
    compressed = await comm.write(msg, serializers=serializers)
  File "/opt/conda/envs/gdf/lib/python3.10/site-packages/distributed/utils.py", line 806, in wrapper
    return await func(*args, **kwargs)
  File "/opt/conda/envs/gdf/lib/python3.10/site-packages/distributed/comm/ucx.py", line 339, in write
    raise CommClosedError("While writing, the connection was closed")
distributed.comm.core.CommClosedError: While writing, the connection was closed
2024-09-18 06:13:36,408 - distributed.worker - ERROR - Worker stream died during communication: ucx://127.0.0.1:54045
Traceback (most recent call last):
  File "/opt/conda/envs/gdf/lib/python3.10/site-packages/distributed/comm/ucx.py", line 393, in read
    await self.ep.recv(each_frame)
  File "/opt/conda/envs/gdf/lib/python3.10/site-packages/ucp/core.py", line 737, in recv
    ret = await comm.tag_recv(self._ep, buffer, nbytes, tag, name=log)
ucp._libs.exceptions.UCXError: <[Recv #007] ep: 0x7ff36da9c1c0, tag: 0x86508f44fb41a79a, nbytes: 50000000, type: <class 'rmm._lib.device_buffer.DeviceBuffer'>>: Connection reset by remote peer

During handling of the above exception, another exception occurred:

Traceback (most recent call last):
  File "/opt/conda/envs/gdf/lib/python3.10/site-packages/distributed/worker.py", line 2056, in gather_dep
    response = await get_data_from_worker(
  File "/opt/conda/envs/gdf/lib/python3.10/site-packages/distributed/worker.py", line 2874, in get_data_from_worker
    response = await send_recv(
  File "/opt/conda/envs/gdf/lib/python3.10/site-packages/distributed/core.py", line 1015, in send_recv
    response = await comm.read(deserializers=deserializers)
  File "/opt/conda/envs/gdf/lib/python3.10/site-packages/distributed/utils.py", line 806, in wrapper
    return await func(*args, **kwargs)
  File "/opt/conda/envs/gdf/lib/python3.10/site-packages/distributed/comm/ucx.py", line 399, in read
    raise CommClosedError(
distributed.comm.core.CommClosedError: Connection closed by writer.
Inner exception: UCXError("<[Recv #007] ep: 0x7ff36da9c1c0, tag: 0x86508f44fb41a79a, nbytes: 50000000, type: <class 'rmm._lib.device_buffer.DeviceBuffer'>>: Connection reset by remote peer")
2024-09-18 06:13:36,416 - distributed.scheduler - WARNING - Removing worker 'ucx://127.0.0.1:52387' caused the cluster to lose already computed task(s), which will be recomputed elsewhere: {('random_sample-ef5a7bc1740d7fa19442579219756ac2', 1, 8), ('sum-4f326221c92b70d20f14e234bcccd2d3', 2, 2), ('random_sample-ef5a7bc1740d7fa19442579219756ac2', 8, 8), ('random_sample-ef5a7bc1740d7fa19442579219756ac2', 4, 5), ('sum-4f326221c92b70d20f14e234bcccd2d3', 8, 8), ('random_sample-ef5a7bc1740d7fa19442579219756ac2', 6, 7), ('random_sample-ef5a7bc1740d7fa19442579219756ac2', 9, 6), ('random_sample-ef5a7bc1740d7fa19442579219756ac2', 2, 9), ('random_sample-ef5a7bc1740d7fa19442579219756ac2', 6, 3), ('random_sample-ef5a7bc1740d7fa19442579219756ac2', 5, 0), ('random_sample-ef5a7bc1740d7fa19442579219756ac2', 0, 6), ('random_sample-ef5a7bc1740d7fa19442579219756ac2', 2, 2), ('sum-4f326221c92b70d20f14e234bcccd2d3', 6, 3), ('random_sample-ef5a7bc1740d7fa19442579219756ac2', 3, 6), ('sum-4f326221c92b70d20f14e234bcccd2d3', 3, 6)} (stimulus_id='handle-worker-cleanup-1726640016.416068')
2024-09-18 06:13:36,418 - distributed.scheduler - WARNING - Removing worker 'ucx://127.0.0.1:54045' caused the cluster to lose already computed task(s), which will be recomputed elsewhere: {('sum-4f326221c92b70d20f14e234bcccd2d3', 0, 9), ('random_sample-ef5a7bc1740d7fa19442579219756ac2', 6, 8), ('random_sample-ef5a7bc1740d7fa19442579219756ac2', 5, 1), ('sum-4f326221c92b70d20f14e234bcccd2d3', 5, 2), ('random_sample-ef5a7bc1740d7fa19442579219756ac2', 2, 6), ('random_sample-ef5a7bc1740d7fa19442579219756ac2', 9, 0), ('random_sample-ef5a7bc1740d7fa19442579219756ac2', 0, 9), ('random_sample-ef5a7bc1740d7fa19442579219756ac2', 0, 3), ('sum-4f326221c92b70d20f14e234bcccd2d3', 3, 3), ('sum-4f326221c92b70d20f14e234bcccd2d3', 9, 0), ('random_sample-ef5a7bc1740d7fa19442579219756ac2', 1, 3), ('random_sample-ef5a7bc1740d7fa19442579219756ac2', 3, 3), ('random_sample-ef5a7bc1740d7fa19442579219756ac2', 9, 8), ('random_sample-ef5a7bc1740d7fa19442579219756ac2', 7, 1), ('random_sample-ef5a7bc1740d7fa19442579219756ac2', 5, 2)} (stimulus_id='handle-worker-cleanup-1726640016.418168')
2024-09-18 06:13:36,423 - distributed.worker - ERROR - Worker stream died during communication: ucx://127.0.0.1:54045
Traceback (most recent call last):
  File "/opt/conda/envs/gdf/lib/python3.10/site-packages/distributed/core.py", line 1425, in _connect
    comm = await connect(
  File "/opt/conda/envs/gdf/lib/python3.10/site-packages/distributed/comm/core.py", line 342, in connect
    comm = await wait_for(
  File "/opt/conda/envs/gdf/lib/python3.10/site-packages/distributed/utils.py", line 1926, in wait_for
    return await asyncio.wait_for(fut, timeout)
  File "/opt/conda/envs/gdf/lib/python3.10/asyncio/tasks.py", line 432, in wait_for
    await waiter
asyncio.exceptions.CancelledError

During handling of the above exception, another exception occurred:

Traceback (most recent call last):
  File "/opt/conda/envs/gdf/lib/python3.10/site-packages/distributed/core.py", line 1535, in connect
    return connect_attempt.result()
asyncio.exceptions.CancelledError

During handling of the above exception, another exception occurred:

Traceback (most recent call last):
  File "/opt/conda/envs/gdf/lib/python3.10/site-packages/distributed/worker.py", line 2056, in gather_dep
    response = await get_data_from_worker(
  File "/opt/conda/envs/gdf/lib/python3.10/site-packages/distributed/worker.py", line 2871, in get_data_from_worker
    comm = await rpc.connect(worker)
  File "/opt/conda/envs/gdf/lib/python3.10/site-packages/distributed/core.py", line 1537, in connect
    raise CommClosedError(reason)
distributed.comm.core.CommClosedError: Address removed.
2024-09-18 06:13:36,430 - distributed.nanny - WARNING - Restarting worker
2024-09-18 06:13:36,431 - distributed.worker - ERROR - failed during get data with ucx://127.0.0.1:53089 -> ucx://127.0.0.1:39547
Traceback (most recent call last):
  File "/opt/conda/envs/gdf/lib/python3.10/site-packages/distributed/comm/ucx.py", line 335, in write
    await self.ep.send(each_frame)
  File "/opt/conda/envs/gdf/lib/python3.10/site-packages/ucp/core.py", line 662, in send
    return await comm.tag_send(self._ep, buffer, nbytes, tag, name=log)
ucp._libs.exceptions.UCXError: <[Send #007] ep: 0x7f577c081340, tag: 0x2edf5c30fd424c8d, nbytes: 50000000, type: <class 'cupy.ndarray'>>: Connection reset by remote peer

During handling of the above exception, another exception occurred:

Traceback (most recent call last):
  File "/opt/conda/envs/gdf/lib/python3.10/site-packages/distributed/worker.py", line 1777, in get_data
    compressed = await comm.write(msg, serializers=serializers)
  File "/opt/conda/envs/gdf/lib/python3.10/site-packages/distributed/utils.py", line 806, in wrapper
    return await func(*args, **kwargs)
  File "/opt/conda/envs/gdf/lib/python3.10/site-packages/distributed/comm/ucx.py", line 339, in write
    raise CommClosedError("While writing, the connection was closed")
distributed.comm.core.CommClosedError: While writing, the connection was closed
2024-09-18 06:13:36,432 - distributed.worker - ERROR - failed during get data with ucx://127.0.0.1:53089 -> ucx://127.0.0.1:54045
Traceback (most recent call last):
  File "/opt/conda/envs/gdf/lib/python3.10/site-packages/distributed/comm/ucx.py", line 335, in write
    await self.ep.send(each_frame)
  File "/opt/conda/envs/gdf/lib/python3.10/site-packages/ucp/core.py", line 662, in send
    return await comm.tag_send(self._ep, buffer, nbytes, tag, name=log)
ucp._libs.exceptions.UCXError: <[Send #012] ep: 0x7f577c0812c0, tag: 0xd2dab0b13fde94b8, nbytes: 50000000, type: <class 'cupy.ndarray'>>: Connection reset by remote peer

During handling of the above exception, another exception occurred:

Traceback (most recent call last):
  File "/opt/conda/envs/gdf/lib/python3.10/site-packages/distributed/worker.py", line 1777, in get_data
    compressed = await comm.write(msg, serializers=serializers)
  File "/opt/conda/envs/gdf/lib/python3.10/site-packages/distributed/utils.py", line 806, in wrapper
    return await func(*args, **kwargs)
  File "/opt/conda/envs/gdf/lib/python3.10/site-packages/distributed/comm/ucx.py", line 339, in write
    raise CommClosedError("While writing, the connection was closed")
distributed.comm.core.CommClosedError: While writing, the connection was closed
2024-09-18 06:13:36,432 - distributed.worker - ERROR - failed during get data with ucx://127.0.0.1:53089 -> ucx://127.0.0.1:52387
Traceback (most recent call last):
  File "/opt/conda/envs/gdf/lib/python3.10/site-packages/distributed/comm/ucx.py", line 335, in write
    await self.ep.send(each_frame)
  File "/opt/conda/envs/gdf/lib/python3.10/site-packages/ucp/core.py", line 662, in send
    return await comm.tag_send(self._ep, buffer, nbytes, tag, name=log)
ucp._libs.exceptions.UCXError: <[Send #007] ep: 0x7f577c081300, tag: 0xfd5446ff42545e3d, nbytes: 50000000, type: <class 'cupy.ndarray'>>: Connection reset by remote peer

During handling of the above exception, another exception occurred:

Traceback (most recent call last):
  File "/opt/conda/envs/gdf/lib/python3.10/site-packages/distributed/worker.py", line 1777, in get_data
    compressed = await comm.write(msg, serializers=serializers)
  File "/opt/conda/envs/gdf/lib/python3.10/site-packages/distributed/utils.py", line 806, in wrapper
    return await func(*args, **kwargs)
  File "/opt/conda/envs/gdf/lib/python3.10/site-packages/distributed/comm/ucx.py", line 339, in write
    raise CommClosedError("While writing, the connection was closed")
distributed.comm.core.CommClosedError: While writing, the connection was closed
2024-09-18 06:13:36,433 - distributed.worker - ERROR - Worker stream died during communication: ucx://127.0.0.1:52387
Traceback (most recent call last):
  File "/opt/conda/envs/gdf/lib/python3.10/site-packages/distributed/comm/ucx.py", line 351, in read
    await self.ep.recv(msg)
  File "/opt/conda/envs/gdf/lib/python3.10/site-packages/ucp/core.py", line 737, in recv
    ret = await comm.tag_recv(self._ep, buffer, nbytes, tag, name=log)
ucp._libs.exceptions.UCXCanceled: <[Recv #008] ep: 0x7f577c081100, tag: 0x70ef5c964e39937e, nbytes: 16, type: <class 'numpy.ndarray'>>: 

During handling of the above exception, another exception occurred:

Traceback (most recent call last):
  File "/opt/conda/envs/gdf/lib/python3.10/site-packages/distributed/worker.py", line 2056, in gather_dep
    response = await get_data_from_worker(
  File "/opt/conda/envs/gdf/lib/python3.10/site-packages/distributed/worker.py", line 2874, in get_data_from_worker
    response = await send_recv(
  File "/opt/conda/envs/gdf/lib/python3.10/site-packages/distributed/core.py", line 1015, in send_recv
    response = await comm.read(deserializers=deserializers)
  File "/opt/conda/envs/gdf/lib/python3.10/site-packages/distributed/utils.py", line 806, in wrapper
    return await func(*args, **kwargs)
  File "/opt/conda/envs/gdf/lib/python3.10/site-packages/distributed/comm/ucx.py", line 369, in read
    raise CommClosedError(
distributed.comm.core.CommClosedError: Connection closed by writer.
Inner exception: UCXCanceled("<[Recv #008] ep: 0x7f577c081100, tag: 0x70ef5c964e39937e, nbytes: 16, type: <class 'numpy.ndarray'>>: ")
2024-09-18 06:13:36,458 - distributed.nanny - WARNING - Restarting worker
2024-09-18 06:13:36,497 - distributed.worker - ERROR - failed during get data with ucx://127.0.0.1:54253 -> ucx://127.0.0.1:48047
Traceback (most recent call last):
  File "/opt/conda/envs/gdf/lib/python3.10/site-packages/distributed/comm/ucx.py", line 335, in write
    await self.ep.send(each_frame)
  File "/opt/conda/envs/gdf/lib/python3.10/site-packages/ucp/core.py", line 662, in send
    return await comm.tag_send(self._ep, buffer, nbytes, tag, name=log)
ucp._libs.exceptions.UCXError: <[Send #007] ep: 0x7f621935a280, tag: 0xbf14f554e2dc4a48, nbytes: 50000000, type: <class 'cupy.ndarray'>>: Connection reset by remote peer

During handling of the above exception, another exception occurred:

Traceback (most recent call last):
  File "/opt/conda/envs/gdf/lib/python3.10/site-packages/distributed/worker.py", line 1777, in get_data
    compressed = await comm.write(msg, serializers=serializers)
  File "/opt/conda/envs/gdf/lib/python3.10/site-packages/distributed/utils.py", line 806, in wrapper
    return await func(*args, **kwargs)
  File "/opt/conda/envs/gdf/lib/python3.10/site-packages/distributed/comm/ucx.py", line 339, in write
    raise CommClosedError("While writing, the connection was closed")
distributed.comm.core.CommClosedError: While writing, the connection was closed
2024-09-18 06:13:36,498 - distributed.worker - ERROR - failed during get data with ucx://127.0.0.1:54253 -> ucx://127.0.0.1:52387
Traceback (most recent call last):
  File "/opt/conda/envs/gdf/lib/python3.10/site-packages/distributed/comm/ucx.py", line 335, in write
    await self.ep.send(each_frame)
  File "/opt/conda/envs/gdf/lib/python3.10/site-packages/ucp/core.py", line 662, in send
    return await comm.tag_send(self._ep, buffer, nbytes, tag, name=log)
ucp._libs.exceptions.UCXError: <[Send #007] ep: 0x7f621935a240, tag: 0xfa5a316822e2fe55, nbytes: 50000000, type: <class 'cupy.ndarray'>>: Connection reset by remote peer

During handling of the above exception, another exception occurred:

Traceback (most recent call last):
  File "/opt/conda/envs/gdf/lib/python3.10/site-packages/distributed/worker.py", line 1777, in get_data
    compressed = await comm.write(msg, serializers=serializers)
  File "/opt/conda/envs/gdf/lib/python3.10/site-packages/distributed/utils.py", line 806, in wrapper
    return await func(*args, **kwargs)
  File "/opt/conda/envs/gdf/lib/python3.10/site-packages/distributed/comm/ucx.py", line 339, in write
    raise CommClosedError("While writing, the connection was closed")
distributed.comm.core.CommClosedError: While writing, the connection was closed
2024-09-18 06:13:36,498 - distributed.worker - ERROR - Worker stream died during communication: ucx://127.0.0.1:48047
Traceback (most recent call last):
  File "/opt/conda/envs/gdf/lib/python3.10/site-packages/distributed/comm/ucx.py", line 393, in read
    await self.ep.recv(each_frame)
  File "/opt/conda/envs/gdf/lib/python3.10/site-packages/ucp/core.py", line 737, in recv
    ret = await comm.tag_recv(self._ep, buffer, nbytes, tag, name=log)
ucp._libs.exceptions.UCXError: <[Recv #007] ep: 0x7f621935a140, tag: 0x2d740009f704e7a, nbytes: 50000000, type: <class 'rmm._lib.device_buffer.DeviceBuffer'>>: Connection reset by remote peer

During handling of the above exception, another exception occurred:

Traceback (most recent call last):
  File "/opt/conda/envs/gdf/lib/python3.10/site-packages/distributed/worker.py", line 2056, in gather_dep
    response = await get_data_from_worker(
  File "/opt/conda/envs/gdf/lib/python3.10/site-packages/distributed/worker.py", line 2874, in get_data_from_worker
    response = await send_recv(
  File "/opt/conda/envs/gdf/lib/python3.10/site-packages/distributed/core.py", line 1015, in send_recv
    response = await comm.read(deserializers=deserializers)
  File "/opt/conda/envs/gdf/lib/python3.10/site-packages/distributed/utils.py", line 806, in wrapper
    return await func(*args, **kwargs)
  File "/opt/conda/envs/gdf/lib/python3.10/site-packages/distributed/comm/ucx.py", line 399, in read
    raise CommClosedError(
distributed.comm.core.CommClosedError: Connection closed by writer.
Inner exception: UCXError("<[Recv #007] ep: 0x7f621935a140, tag: 0x2d740009f704e7a, nbytes: 50000000, type: <class 'rmm._lib.device_buffer.DeviceBuffer'>>: Connection reset by remote peer")
2024-09-18 06:13:36,503 - distributed.scheduler - WARNING - Removing worker 'ucx://127.0.0.1:48047' caused the cluster to lose already computed task(s), which will be recomputed elsewhere: {('random_sample-ef5a7bc1740d7fa19442579219756ac2', 8, 5), ('random_sample-ef5a7bc1740d7fa19442579219756ac2', 7, 7), ('sum-4f326221c92b70d20f14e234bcccd2d3', 8, 5), ('random_sample-ef5a7bc1740d7fa19442579219756ac2', 5, 4), ('random_sample-ef5a7bc1740d7fa19442579219756ac2', 5, 8), ('random_sample-ef5a7bc1740d7fa19442579219756ac2', 8, 1), ('random_sample-ef5a7bc1740d7fa19442579219756ac2', 3, 1), ('sum-4f326221c92b70d20f14e234bcccd2d3', 7, 7), ('sum-4f326221c92b70d20f14e234bcccd2d3', 5, 8), ('sum-4f326221c92b70d20f14e234bcccd2d3', 2, 1), ('random_sample-ef5a7bc1740d7fa19442579219756ac2', 9, 3), ('random_sample-ef5a7bc1740d7fa19442579219756ac2', 5, 6), ('random_sample-ef5a7bc1740d7fa19442579219756ac2', 6, 6), ('sum-4f326221c92b70d20f14e234bcccd2d3', 6, 6), ('random_sample-ef5a7bc1740d7fa19442579219756ac2', 4, 0), ('random_sample-ef5a7bc1740d7fa19442579219756ac2', 0, 8)} (stimulus_id='handle-worker-cleanup-1726640016.5031238')
2024-09-18 06:13:36,511 - distributed.nanny - WARNING - Restarting worker
2024-09-18 06:13:36,567 - distributed.nanny - WARNING - Restarting worker
2024-09-18 06:13:36,683 - distributed.nanny - WARNING - Restarting worker
/opt/conda/envs/gdf/lib/python3.10/multiprocessing/resource_tracker.py:224: UserWarning: resource_tracker: There appear to be 48 leaked semaphore objects to clean up at shutdown
  warnings.warn('resource_tracker: There appear to be %d '
