[dgx13:78011:0:78011] Caught signal 11 (Segmentation fault: address not mapped to object at address 0x450)
==== backtrace (tid:  78011) ====
 0  /opt/conda/envs/gdf/lib/libucs.so.0(ucs_handle_error+0x2fd) [0x7f9427619c1d]
 1  /opt/conda/envs/gdf/lib/libucs.so.0(+0x2de11) [0x7f9427619e11]
 2  /opt/conda/envs/gdf/lib/libucs.so.0(+0x2dfda) [0x7f9427619fda]
 3  /usr/lib/x86_64-linux-gnu/libpthread.so.0(+0x14420) [0x7f94738ea420]
 4  /opt/conda/envs/gdf/lib/libucp.so.0(ucp_mem_type_unpack+0x14) [0x7f942769d2d4]
 5  /opt/conda/envs/gdf/lib/libucp.so.0(ucp_rndv_data_handler+0x605) [0x7f94276c7495]
 6  /opt/conda/envs/gdf/lib/./libuct.so.0(+0x21a06) [0x7f94275d0a06]
 7  /opt/conda/envs/gdf/lib/./libuct.so.0(+0x24ae8) [0x7f94275d3ae8]
 8  /opt/conda/envs/gdf/lib/libucs.so.0(ucs_event_set_wait+0xb1) [0x7f9427623411]
 9  /opt/conda/envs/gdf/lib/./libuct.so.0(uct_tcp_iface_progress+0x7d) [0x7f94275d2bbd]
10  /opt/conda/envs/gdf/lib/libucp.so.0(ucp_worker_progress+0x5a) [0x7f9427699f1a]
11  /opt/conda/envs/gdf/lib/python3.10/site-packages/ucp/_libs/ucx_api.cpython-310-x86_64-linux-gnu.so(+0x31dca) [0x7f9427759dca]
12  /opt/conda/envs/gdf/bin/python(_PyEval_EvalFrameDefault+0x2c3e) [0x555f80b876de]
13  /opt/conda/envs/gdf/bin/python(_PyFunction_Vectorcall+0x6c) [0x555f80b94b7c]
14  /opt/conda/envs/gdf/bin/python(_PyEval_EvalFrameDefault+0x6fd) [0x555f80b8519d]
15  /opt/conda/envs/gdf/bin/python(+0x147234) [0x555f80ba0234]
16  /opt/conda/envs/gdf/bin/python(+0x252f7c) [0x555f80cabf7c]
17  /opt/conda/envs/gdf/bin/python(+0xf745f) [0x555f80b5045f]
18  /opt/conda/envs/gdf/bin/python(+0x1331b3) [0x555f80b8c1b3]
19  /opt/conda/envs/gdf/bin/python(_PyEval_EvalFrameDefault+0x593b) [0x555f80b8a3db]
20  /opt/conda/envs/gdf/bin/python(_PyFunction_Vectorcall+0x6c) [0x555f80b94b7c]
21  /opt/conda/envs/gdf/bin/python(_PyEval_EvalFrameDefault+0x6fd) [0x555f80b8519d]
22  /opt/conda/envs/gdf/bin/python(_PyFunction_Vectorcall+0x6c) [0x555f80b94b7c]
23  /opt/conda/envs/gdf/bin/python(_PyEval_EvalFrameDefault+0x6fd) [0x555f80b8519d]
24  /opt/conda/envs/gdf/bin/python(_PyFunction_Vectorcall+0x6c) [0x555f80b94b7c]
25  /opt/conda/envs/gdf/bin/python(_PyEval_EvalFrameDefault+0x6fd) [0x555f80b8519d]
26  /opt/conda/envs/gdf/bin/python(_PyFunction_Vectorcall+0x6c) [0x555f80b94b7c]
27  /opt/conda/envs/gdf/bin/python(_PyEval_EvalFrameDefault+0x6fd) [0x555f80b8519d]
28  /opt/conda/envs/gdf/bin/python(_PyFunction_Vectorcall+0x6c) [0x555f80b94b7c]
29  /opt/conda/envs/gdf/bin/python(_PyEval_EvalFrameDefault+0x1341) [0x555f80b85de1]
30  /opt/conda/envs/gdf/bin/python(+0x146fb2) [0x555f80b9ffb2]
31  /opt/conda/envs/gdf/bin/python(PyObject_Call+0xbc) [0x555f80ba094c]
32  /opt/conda/envs/gdf/bin/python(+0x1ff72d) [0x555f80c5872d]
33  /opt/conda/envs/gdf/bin/python(_PyObject_MakeTpCall+0x2d3) [0x555f80b8da03]
34  /opt/conda/envs/gdf/bin/python(_PyEval_EvalFrameDefault+0x2c3e) [0x555f80b876de]
35  /opt/conda/envs/gdf/bin/python(+0x147108) [0x555f80ba0108]
36  /opt/conda/envs/gdf/bin/python(_PyEval_EvalFrameDefault+0x2c3e) [0x555f80b876de]
37  /opt/conda/envs/gdf/bin/python(_PyFunction_Vectorcall+0x6c) [0x555f80b94b7c]
38  /opt/conda/envs/gdf/bin/python(_PyEval_EvalFrameDefault+0x6fd) [0x555f80b8519d]
39  /opt/conda/envs/gdf/bin/python(_PyFunction_Vectorcall+0x6c) [0x555f80b94b7c]
40  /opt/conda/envs/gdf/bin/python(_PyEval_EvalFrameDefault+0x6fd) [0x555f80b8519d]
41  /opt/conda/envs/gdf/bin/python(_PyFunction_Vectorcall+0x6c) [0x555f80b94b7c]
42  /opt/conda/envs/gdf/bin/python(_PyEval_EvalFrameDefault+0x309) [0x555f80b84da9]
43  /opt/conda/envs/gdf/bin/python(_PyFunction_Vectorcall+0x6c) [0x555f80b94b7c]
44  /opt/conda/envs/gdf/bin/python(_PyEval_EvalFrameDefault+0x1341) [0x555f80b85de1]
45  /opt/conda/envs/gdf/bin/python(+0x1cca8c) [0x555f80c25a8c]
46  /opt/conda/envs/gdf/bin/python(PyEval_EvalCode+0x87) [0x555f80c259d7]
47  /opt/conda/envs/gdf/bin/python(+0x1fceba) [0x555f80c55eba]
48  /opt/conda/envs/gdf/bin/python(+0x1f8343) [0x555f80c51343]
49  /opt/conda/envs/gdf/bin/python(PyRun_StringFlags+0x7d) [0x555f80c49add]
50  /opt/conda/envs/gdf/bin/python(PyRun_SimpleStringFlags+0x3c) [0x555f80c4991c]
51  /opt/conda/envs/gdf/bin/python(Py_RunMain+0x3ba) [0x555f80c48b1a]
52  /opt/conda/envs/gdf/bin/python(Py_BytesMain+0x37) [0x555f80c19117]
53  /usr/lib/x86_64-linux-gnu/libc.so.6(__libc_start_main+0xf3) [0x7f94735ae083]
54  /opt/conda/envs/gdf/bin/python(+0x1c002e) [0x555f80c1902e]
=================================
[dgx13:78032:0:78032] Caught signal 11 (Segmentation fault: address not mapped to object at address 0x450)
==== backtrace (tid:  78032) ====
 0  /opt/conda/envs/gdf/lib/libucs.so.0(ucs_handle_error+0x2fd) [0x7fdf645bfc1d]
 1  /opt/conda/envs/gdf/lib/libucs.so.0(+0x2de11) [0x7fdf645bfe11]
 2  /opt/conda/envs/gdf/lib/libucs.so.0(+0x2dfda) [0x7fdf645bffda]
 3  /usr/lib/x86_64-linux-gnu/libpthread.so.0(+0x14420) [0x7fdf9e872420]
 4  /opt/conda/envs/gdf/lib/libucp.so.0(ucp_mem_type_unpack+0x14) [0x7fdf646432d4]
 5  /opt/conda/envs/gdf/lib/libucp.so.0(ucp_rndv_data_handler+0x605) [0x7fdf6466d495]
 6  /opt/conda/envs/gdf/lib/./libuct.so.0(+0x21a06) [0x7fdf64576a06]
 7  /opt/conda/envs/gdf/lib/./libuct.so.0(+0x24ae8) [0x7fdf64579ae8]
 8  /opt/conda/envs/gdf/lib/libucs.so.0(ucs_event_set_wait+0xb1) [0x7fdf645c9411]
 9  /opt/conda/envs/gdf/lib/./libuct.so.0(uct_tcp_iface_progress+0x7d) [0x7fdf64578bbd]
10  /opt/conda/envs/gdf/lib/libucp.so.0(ucp_worker_progress+0x5a) [0x7fdf6463ff1a]
11  /opt/conda/envs/gdf/lib/python3.10/site-packages/ucp/_libs/ucx_api.cpython-310-x86_64-linux-gnu.so(+0x31dca) [0x7fdf646ffdca]
12  /opt/conda/envs/gdf/bin/python(_PyEval_EvalFrameDefault+0x2c3e) [0x55b8f37f36de]
13  /opt/conda/envs/gdf/bin/python(_PyFunction_Vectorcall+0x6c) [0x55b8f3800b7c]
14  /opt/conda/envs/gdf/bin/python(_PyEval_EvalFrameDefault+0x6fd) [0x55b8f37f119d]
15  /opt/conda/envs/gdf/bin/python(+0x147234) [0x55b8f380c234]
16  /opt/conda/envs/gdf/bin/python(+0x252f7c) [0x55b8f3917f7c]
17  /opt/conda/envs/gdf/bin/python(+0xf745f) [0x55b8f37bc45f]
18  /opt/conda/envs/gdf/bin/python(+0x1331b3) [0x55b8f37f81b3]
19  /opt/conda/envs/gdf/bin/python(_PyEval_EvalFrameDefault+0x593b) [0x55b8f37f63db]
20  /opt/conda/envs/gdf/bin/python(_PyFunction_Vectorcall+0x6c) [0x55b8f3800b7c]
21  /opt/conda/envs/gdf/bin/python(_PyEval_EvalFrameDefault+0x6fd) [0x55b8f37f119d]
22  /opt/conda/envs/gdf/bin/python(_PyFunction_Vectorcall+0x6c) [0x55b8f3800b7c]
23  /opt/conda/envs/gdf/bin/python(_PyEval_EvalFrameDefault+0x6fd) [0x55b8f37f119d]
24  /opt/conda/envs/gdf/bin/python(_PyFunction_Vectorcall+0x6c) [0x55b8f3800b7c]
25  /opt/conda/envs/gdf/bin/python(_PyEval_EvalFrameDefault+0x6fd) [0x55b8f37f119d]
26  /opt/conda/envs/gdf/bin/python(_PyFunction_Vectorcall+0x6c) [0x55b8f3800b7c]
27  /opt/conda/envs/gdf/bin/python(_PyEval_EvalFrameDefault+0x6fd) [0x55b8f37f119d]
28  /opt/conda/envs/gdf/bin/python(_PyFunction_Vectorcall+0x6c) [0x55b8f3800b7c]
29  /opt/conda/envs/gdf/bin/python(_PyEval_EvalFrameDefault+0x1341) [0x55b8f37f1de1]
30  /opt/conda/envs/gdf/bin/python(+0x146fb2) [0x55b8f380bfb2]
31  /opt/conda/envs/gdf/bin/python(PyObject_Call+0xbc) [0x55b8f380c94c]
32  /opt/conda/envs/gdf/bin/python(+0x1ff72d) [0x55b8f38c472d]
33  /opt/conda/envs/gdf/bin/python(_PyObject_MakeTpCall+0x2d3) [0x55b8f37f9a03]
34  /opt/conda/envs/gdf/bin/python(_PyEval_EvalFrameDefault+0x2c3e) [0x55b8f37f36de]
35  /opt/conda/envs/gdf/bin/python(+0x147108) [0x55b8f380c108]
36  /opt/conda/envs/gdf/bin/python(_PyEval_EvalFrameDefault+0x2c3e) [0x55b8f37f36de]
37  /opt/conda/envs/gdf/bin/python(_PyFunction_Vectorcall+0x6c) [0x55b8f3800b7c]
38  /opt/conda/envs/gdf/bin/python(_PyEval_EvalFrameDefault+0x6fd) [0x55b8f37f119d]
39  /opt/conda/envs/gdf/bin/python(_PyFunction_Vectorcall+0x6c) [0x55b8f3800b7c]
40  /opt/conda/envs/gdf/bin/python(_PyEval_EvalFrameDefault+0x6fd) [0x55b8f37f119d]
41  /opt/conda/envs/gdf/bin/python(_PyFunction_Vectorcall+0x6c) [0x55b8f3800b7c]
42  /opt/conda/envs/gdf/bin/python(_PyEval_EvalFrameDefault+0x309) [0x55b8f37f0da9]
43  /opt/conda/envs/gdf/bin/python(_PyFunction_Vectorcall+0x6c) [0x55b8f3800b7c]
44  /opt/conda/envs/gdf/bin/python(_PyEval_EvalFrameDefault+0x1341) [0x55b8f37f1de1]
45  /opt/conda/envs/gdf/bin/python(+0x1cca8c) [0x55b8f3891a8c]
46  /opt/conda/envs/gdf/bin/python(PyEval_EvalCode+0x87) [0x55b8f38919d7]
47  /opt/conda/envs/gdf/bin/python(+0x1fceba) [0x55b8f38c1eba]
48  /opt/conda/envs/gdf/bin/python(+0x1f8343) [0x55b8f38bd343]
49  /opt/conda/envs/gdf/bin/python(PyRun_StringFlags+0x7d) [0x55b8f38b5add]
50  /opt/conda/envs/gdf/bin/python(PyRun_SimpleStringFlags+0x3c) [0x55b8f38b591c]
51  /opt/conda/envs/gdf/bin/python(Py_RunMain+0x3ba) [0x55b8f38b4b1a]
52  /opt/conda/envs/gdf/bin/python(Py_BytesMain+0x37) [0x55b8f3885117]
53  /usr/lib/x86_64-linux-gnu/libc.so.6(__libc_start_main+0xf3) [0x7fdf9e536083]
54  /opt/conda/envs/gdf/bin/python(+0x1c002e) [0x55b8f388502e]
=================================
[dgx13:78039:0:78039] Caught signal 11 (Segmentation fault: address not mapped to object at address 0x450)
==== backtrace (tid:  78039) ====
 0  /opt/conda/envs/gdf/lib/libucs.so.0(ucs_handle_error+0x2fd) [0x7f609f165c1d]
 1  /opt/conda/envs/gdf/lib/libucs.so.0(+0x2de11) [0x7f609f165e11]
 2  /opt/conda/envs/gdf/lib/libucs.so.0(+0x2dfda) [0x7f609f165fda]
 3  /usr/lib/x86_64-linux-gnu/libpthread.so.0(+0x14420) [0x7f60f745f420]
 4  /opt/conda/envs/gdf/lib/libucp.so.0(ucp_mem_type_unpack+0x14) [0x7f609f1e92d4]
 5  /opt/conda/envs/gdf/lib/libucp.so.0(ucp_rndv_data_handler+0x605) [0x7f609f213495]
 6  /opt/conda/envs/gdf/lib/./libuct.so.0(+0x21a06) [0x7f609f11ca06]
 7  /opt/conda/envs/gdf/lib/./libuct.so.0(+0x24ae8) [0x7f609f11fae8]
 8  /opt/conda/envs/gdf/lib/libucs.so.0(ucs_event_set_wait+0xb1) [0x7f609f16f411]
 9  /opt/conda/envs/gdf/lib/./libuct.so.0(uct_tcp_iface_progress+0x7d) [0x7f609f11ebbd]
10  /opt/conda/envs/gdf/lib/libucp.so.0(ucp_worker_progress+0x5a) [0x7f609f1e5f1a]
11  /opt/conda/envs/gdf/lib/python3.10/site-packages/ucp/_libs/ucx_api.cpython-310-x86_64-linux-gnu.so(+0x31dca) [0x7f609f2a5dca]
12  /opt/conda/envs/gdf/bin/python(_PyEval_EvalFrameDefault+0x2c3e) [0x558e5971b6de]
13  /opt/conda/envs/gdf/bin/python(_PyFunction_Vectorcall+0x6c) [0x558e59728b7c]
14  /opt/conda/envs/gdf/bin/python(_PyEval_EvalFrameDefault+0x6fd) [0x558e5971919d]
15  /opt/conda/envs/gdf/bin/python(+0x147234) [0x558e59734234]
16  /opt/conda/envs/gdf/bin/python(+0x252f7c) [0x558e5983ff7c]
17  /opt/conda/envs/gdf/bin/python(+0xf745f) [0x558e596e445f]
18  /opt/conda/envs/gdf/bin/python(+0x1331b3) [0x558e597201b3]
19  /opt/conda/envs/gdf/bin/python(_PyEval_EvalFrameDefault+0x593b) [0x558e5971e3db]
20  /opt/conda/envs/gdf/bin/python(_PyFunction_Vectorcall+0x6c) [0x558e59728b7c]
21  /opt/conda/envs/gdf/bin/python(_PyEval_EvalFrameDefault+0x6fd) [0x558e5971919d]
22  /opt/conda/envs/gdf/bin/python(_PyFunction_Vectorcall+0x6c) [0x558e59728b7c]
23  /opt/conda/envs/gdf/bin/python(_PyEval_EvalFrameDefault+0x6fd) [0x558e5971919d]
24  /opt/conda/envs/gdf/bin/python(_PyFunction_Vectorcall+0x6c) [0x558e59728b7c]
25  /opt/conda/envs/gdf/bin/python(_PyEval_EvalFrameDefault+0x6fd) [0x558e5971919d]
26  /opt/conda/envs/gdf/bin/python(_PyFunction_Vectorcall+0x6c) [0x558e59728b7c]
27  /opt/conda/envs/gdf/bin/python(_PyEval_EvalFrameDefault+0x6fd) [0x558e5971919d]
28  /opt/conda/envs/gdf/bin/python(_PyFunction_Vectorcall+0x6c) [0x558e59728b7c]
29  /opt/conda/envs/gdf/bin/python(_PyEval_EvalFrameDefault+0x1341) [0x558e59719de1]
30  /opt/conda/envs/gdf/bin/python(+0x146fb2) [0x558e59733fb2]
31  /opt/conda/envs/gdf/bin/python(PyObject_Call+0xbc) [0x558e5973494c]
32  /opt/conda/envs/gdf/bin/python(+0x1ff72d) [0x558e597ec72d]
33  /opt/conda/envs/gdf/bin/python(_PyObject_MakeTpCall+0x2d3) [0x558e59721a03]
34  /opt/conda/envs/gdf/bin/python(_PyEval_EvalFrameDefault+0x2c3e) [0x558e5971b6de]
35  /opt/conda/envs/gdf/bin/python(+0x147108) [0x558e59734108]
36  /opt/conda/envs/gdf/bin/python(_PyEval_EvalFrameDefault+0x2c3e) [0x558e5971b6de]
37  /opt/conda/envs/gdf/bin/python(_PyFunction_Vectorcall+0x6c) [0x558e59728b7c]
38  /opt/conda/envs/gdf/bin/python(_PyEval_EvalFrameDefault+0x6fd) [0x558e5971919d]
39  /opt/conda/envs/gdf/bin/python(_PyFunction_Vectorcall+0x6c) [0x558e59728b7c]
40  /opt/conda/envs/gdf/bin/python(_PyEval_EvalFrameDefault+0x6fd) [0x558e5971919d]
41  /opt/conda/envs/gdf/bin/python(_PyFunction_Vectorcall+0x6c) [0x558e59728b7c]
42  /opt/conda/envs/gdf/bin/python(_PyEval_EvalFrameDefault+0x309) [0x558e59718da9]
43  /opt/conda/envs/gdf/bin/python(_PyFunction_Vectorcall+0x6c) [0x558e59728b7c]
44  /opt/conda/envs/gdf/bin/python(_PyEval_EvalFrameDefault+0x1341) [0x558e59719de1]
45  /opt/conda/envs/gdf/bin/python(+0x1cca8c) [0x558e597b9a8c]
46  /opt/conda/envs/gdf/bin/python(PyEval_EvalCode+0x87) [0x558e597b99d7]
47  /opt/conda/envs/gdf/bin/python(+0x1fceba) [0x558e597e9eba]
48  /opt/conda/envs/gdf/bin/python(+0x1f8343) [0x558e597e5343]
49  /opt/conda/envs/gdf/bin/python(PyRun_StringFlags+0x7d) [0x558e597ddadd]
50  /opt/conda/envs/gdf/bin/python(PyRun_SimpleStringFlags+0x3c) [0x558e597dd91c]
51  /opt/conda/envs/gdf/bin/python(Py_RunMain+0x3ba) [0x558e597dcb1a]
52  /opt/conda/envs/gdf/bin/python(Py_BytesMain+0x37) [0x558e597ad117]
53  /usr/lib/x86_64-linux-gnu/libc.so.6(__libc_start_main+0xf3) [0x7f60f7123083]
54  /opt/conda/envs/gdf/bin/python(+0x1c002e) [0x558e597ad02e]
=================================
2025-01-13 07:14:53,431 - distributed.scheduler - WARNING - Removing worker 'ucx://127.0.0.1:54243' caused the cluster to lose already computed task(s), which will be recomputed elsewhere: {('random_sample-667f913f94ec560a25533b9a00b82ac5', 8, 7), ('random_sample-667f913f94ec560a25533b9a00b82ac5', 2, 9), ('random_sample-667f913f94ec560a25533b9a00b82ac5', 0, 8), ('random_sample-667f913f94ec560a25533b9a00b82ac5', 0, 5), ('random_sample-667f913f94ec560a25533b9a00b82ac5', 2, 1), ('sum-9918f9716c108d2be1d33e19418bea7c', 6, 6), ('random_sample-667f913f94ec560a25533b9a00b82ac5', 6, 6), ('random_sample-667f913f94ec560a25533b9a00b82ac5', 9, 5), ('random_sample-667f913f94ec560a25533b9a00b82ac5', 4, 8), ('random_sample-667f913f94ec560a25533b9a00b82ac5', 5, 7)} (stimulus_id='handle-worker-cleanup-1736752493.431418')
2025-01-13 07:14:53,453 - distributed.worker - ERROR - failed during get data with ucx://127.0.0.1:48645 -> ucx://127.0.0.1:54243
Traceback (most recent call last):
  File "/opt/conda/envs/gdf/lib/python3.10/site-packages/distributed/comm/ucx.py", line 335, in write
    await self.ep.send(each_frame)
  File "/opt/conda/envs/gdf/lib/python3.10/site-packages/ucp/core.py", line 662, in send
    return await comm.tag_send(self._ep, buffer, nbytes, tag, name=log)
ucp._libs.exceptions.UCXError: <[Send #007] ep: 0x7f70b62d92c0, tag: 0x6b785ee2f3c0f63c, nbytes: 50000000, type: <class 'cupy.ndarray'>>: Connection reset by remote peer

During handling of the above exception, another exception occurred:

Traceback (most recent call last):
  File "/opt/conda/envs/gdf/lib/python3.10/site-packages/distributed/worker.py", line 1796, in get_data
    compressed = await comm.write(msg, serializers=serializers)
  File "/opt/conda/envs/gdf/lib/python3.10/site-packages/distributed/utils.py", line 805, in wrapper
    return await func(*args, **kwargs)
  File "/opt/conda/envs/gdf/lib/python3.10/site-packages/distributed/comm/ucx.py", line 339, in write
    raise CommClosedError("While writing, the connection was closed")
distributed.comm.core.CommClosedError: While writing, the connection was closed
2025-01-13 07:14:53,455 - distributed.worker - ERROR - Worker stream died during communication: ucx://127.0.0.1:54243
Traceback (most recent call last):
  File "/opt/conda/envs/gdf/lib/python3.10/site-packages/distributed/comm/ucx.py", line 351, in read
    await self.ep.recv(msg)
  File "/opt/conda/envs/gdf/lib/python3.10/site-packages/ucp/core.py", line 737, in recv
    ret = await comm.tag_recv(self._ep, buffer, nbytes, tag, name=log)
ucp._libs.exceptions.UCXCanceled: <[Recv #003] ep: 0x7f70b62d9140, tag: 0x47f3682ca1046a44, nbytes: 16, type: <class 'numpy.ndarray'>>: 

During handling of the above exception, another exception occurred:

Traceback (most recent call last):
  File "/opt/conda/envs/gdf/lib/python3.10/site-packages/distributed/worker.py", line 2075, in gather_dep
    response = await get_data_from_worker(
  File "/opt/conda/envs/gdf/lib/python3.10/site-packages/distributed/worker.py", line 2881, in get_data_from_worker
    response = await send_recv(
  File "/opt/conda/envs/gdf/lib/python3.10/site-packages/distributed/core.py", line 1018, in send_recv
    response = await comm.read(deserializers=deserializers)
  File "/opt/conda/envs/gdf/lib/python3.10/site-packages/distributed/utils.py", line 805, in wrapper
    return await func(*args, **kwargs)
  File "/opt/conda/envs/gdf/lib/python3.10/site-packages/distributed/comm/ucx.py", line 369, in read
    raise CommClosedError(
distributed.comm.core.CommClosedError: Connection closed by writer.
Inner exception: UCXCanceled("<[Recv #003] ep: 0x7f70b62d9140, tag: 0x47f3682ca1046a44, nbytes: 16, type: <class 'numpy.ndarray'>>: ")
2025-01-13 07:14:53,480 - distributed.worker - ERROR - Worker stream died during communication: ucx://127.0.0.1:39861
Traceback (most recent call last):
  File "/opt/conda/envs/gdf/lib/python3.10/site-packages/distributed/comm/ucx.py", line 351, in read
    await self.ep.recv(msg)
  File "/opt/conda/envs/gdf/lib/python3.10/site-packages/ucp/core.py", line 737, in recv
    ret = await comm.tag_recv(self._ep, buffer, nbytes, tag, name=log)
ucp._libs.exceptions.UCXCanceled: <[Recv #003] ep: 0x7fa901a31100, tag: 0x152d89c8ec20f6a3, nbytes: 16, type: <class 'numpy.ndarray'>>: 

During handling of the above exception, another exception occurred:

Traceback (most recent call last):
  File "/opt/conda/envs/gdf/lib/python3.10/site-packages/distributed/worker.py", line 2075, in gather_dep
    response = await get_data_from_worker(
  File "/opt/conda/envs/gdf/lib/python3.10/site-packages/distributed/worker.py", line 2881, in get_data_from_worker
    response = await send_recv(
  File "/opt/conda/envs/gdf/lib/python3.10/site-packages/distributed/core.py", line 1018, in send_recv
    response = await comm.read(deserializers=deserializers)
  File "/opt/conda/envs/gdf/lib/python3.10/site-packages/distributed/utils.py", line 805, in wrapper
    return await func(*args, **kwargs)
  File "/opt/conda/envs/gdf/lib/python3.10/site-packages/distributed/comm/ucx.py", line 369, in read
    raise CommClosedError(
distributed.comm.core.CommClosedError: Connection closed by writer.
Inner exception: UCXCanceled("<[Recv #003] ep: 0x7fa901a31100, tag: 0x152d89c8ec20f6a3, nbytes: 16, type: <class 'numpy.ndarray'>>: ")
2025-01-13 07:14:53,482 - distributed.worker - ERROR - failed during get data with ucx://127.0.0.1:46729 -> ucx://127.0.0.1:39861
Traceback (most recent call last):
  File "/opt/conda/envs/gdf/lib/python3.10/site-packages/distributed/comm/ucx.py", line 335, in write
    await self.ep.send(each_frame)
  File "/opt/conda/envs/gdf/lib/python3.10/site-packages/ucp/core.py", line 662, in send
    return await comm.tag_send(self._ep, buffer, nbytes, tag, name=log)
ucp._libs.exceptions.UCXError: <[Send #007] ep: 0x7fa901a311c0, tag: 0x6c6a31c18ab4615a, nbytes: 50000000, type: <class 'cupy.ndarray'>>: Connection reset by remote peer

During handling of the above exception, another exception occurred:

Traceback (most recent call last):
  File "/opt/conda/envs/gdf/lib/python3.10/site-packages/distributed/worker.py", line 1796, in get_data
    compressed = await comm.write(msg, serializers=serializers)
  File "/opt/conda/envs/gdf/lib/python3.10/site-packages/distributed/utils.py", line 805, in wrapper
    return await func(*args, **kwargs)
  File "/opt/conda/envs/gdf/lib/python3.10/site-packages/distributed/comm/ucx.py", line 339, in write
    raise CommClosedError("While writing, the connection was closed")
distributed.comm.core.CommClosedError: While writing, the connection was closed
2025-01-13 07:14:53,495 - distributed.worker - ERROR - failed during get data with ucx://127.0.0.1:53283 -> ucx://127.0.0.1:54243
Traceback (most recent call last):
  File "/opt/conda/envs/gdf/lib/python3.10/site-packages/distributed/comm/ucx.py", line 335, in write
    await self.ep.send(each_frame)
  File "/opt/conda/envs/gdf/lib/python3.10/site-packages/ucp/core.py", line 662, in send
    return await comm.tag_send(self._ep, buffer, nbytes, tag, name=log)
ucp._libs.exceptions.UCXError: <[Send #007] ep: 0x7f11fca582c0, tag: 0x3d74b439c90e6ed4, nbytes: 50000000, type: <class 'cupy.ndarray'>>: Connection reset by remote peer

During handling of the above exception, another exception occurred:

Traceback (most recent call last):
  File "/opt/conda/envs/gdf/lib/python3.10/site-packages/distributed/worker.py", line 1796, in get_data
    compressed = await comm.write(msg, serializers=serializers)
  File "/opt/conda/envs/gdf/lib/python3.10/site-packages/distributed/utils.py", line 805, in wrapper
    return await func(*args, **kwargs)
  File "/opt/conda/envs/gdf/lib/python3.10/site-packages/distributed/comm/ucx.py", line 339, in write
    raise CommClosedError("While writing, the connection was closed")
distributed.comm.core.CommClosedError: While writing, the connection was closed
2025-01-13 07:14:53,497 - distributed.worker - ERROR - Worker stream died during communication: ucx://127.0.0.1:39861
Traceback (most recent call last):
  File "/opt/conda/envs/gdf/lib/python3.10/site-packages/distributed/comm/ucx.py", line 351, in read
    await self.ep.recv(msg)
  File "/opt/conda/envs/gdf/lib/python3.10/site-packages/ucp/core.py", line 737, in recv
    ret = await comm.tag_recv(self._ep, buffer, nbytes, tag, name=log)
ucp._libs.exceptions.UCXCanceled: <[Recv #003] ep: 0x7f11fca58240, tag: 0xc3a72b554c7b1d6c, nbytes: 16, type: <class 'numpy.ndarray'>>: 

During handling of the above exception, another exception occurred:

Traceback (most recent call last):
  File "/opt/conda/envs/gdf/lib/python3.10/site-packages/distributed/worker.py", line 2075, in gather_dep
    response = await get_data_from_worker(
  File "/opt/conda/envs/gdf/lib/python3.10/site-packages/distributed/worker.py", line 2881, in get_data_from_worker
    response = await send_recv(
  File "/opt/conda/envs/gdf/lib/python3.10/site-packages/distributed/core.py", line 1018, in send_recv
    response = await comm.read(deserializers=deserializers)
  File "/opt/conda/envs/gdf/lib/python3.10/site-packages/distributed/utils.py", line 805, in wrapper
    return await func(*args, **kwargs)
  File "/opt/conda/envs/gdf/lib/python3.10/site-packages/distributed/comm/ucx.py", line 369, in read
    raise CommClosedError(
distributed.comm.core.CommClosedError: Connection closed by writer.
Inner exception: UCXCanceled("<[Recv #003] ep: 0x7f11fca58240, tag: 0xc3a72b554c7b1d6c, nbytes: 16, type: <class 'numpy.ndarray'>>: ")
2025-01-13 07:14:53,506 - distributed.scheduler - WARNING - Removing worker 'ucx://127.0.0.1:39861' caused the cluster to lose already computed task(s), which will be recomputed elsewhere: {('random_sample-667f913f94ec560a25533b9a00b82ac5', 3, 1), ('random_sample-667f913f94ec560a25533b9a00b82ac5', 7, 5), ('sum-9918f9716c108d2be1d33e19418bea7c', 6, 1), ('random_sample-667f913f94ec560a25533b9a00b82ac5', 4, 4), ('random_sample-667f913f94ec560a25533b9a00b82ac5', 0, 7), ('random_sample-667f913f94ec560a25533b9a00b82ac5', 8, 3), ('random_sample-667f913f94ec560a25533b9a00b82ac5', 1, 6), ('sum-9918f9716c108d2be1d33e19418bea7c', 4, 4), ('sum-9918f9716c108d2be1d33e19418bea7c', 1, 6), ('random_sample-667f913f94ec560a25533b9a00b82ac5', 5, 8), ('random_sample-667f913f94ec560a25533b9a00b82ac5', 4, 2), ('random_sample-667f913f94ec560a25533b9a00b82ac5', 8, 2), ('random_sample-667f913f94ec560a25533b9a00b82ac5', 9, 8), ('random_sample-667f913f94ec560a25533b9a00b82ac5', 6, 5), ('random_sample-667f913f94ec560a25533b9a00b82ac5', 8, 1)} (stimulus_id='handle-worker-cleanup-1736752493.5060072')
2025-01-13 07:14:53,533 - distributed.worker - ERROR - failed during get data with ucx://127.0.0.1:48645 -> ucx://127.0.0.1:39861
Traceback (most recent call last):
  File "/opt/conda/envs/gdf/lib/python3.10/site-packages/distributed/comm/ucx.py", line 335, in write
    await self.ep.send(each_frame)
  File "/opt/conda/envs/gdf/lib/python3.10/site-packages/ucp/core.py", line 662, in send
    return await comm.tag_send(self._ep, buffer, nbytes, tag, name=log)
ucp._libs.exceptions.UCXError: <[Send #007] ep: 0x7f70b62d9300, tag: 0x6c30d0e3da0446a6, nbytes: 50000000, type: <class 'cupy.ndarray'>>: Connection reset by remote peer

During handling of the above exception, another exception occurred:

Traceback (most recent call last):
  File "/opt/conda/envs/gdf/lib/python3.10/site-packages/distributed/worker.py", line 1796, in get_data
    compressed = await comm.write(msg, serializers=serializers)
  File "/opt/conda/envs/gdf/lib/python3.10/site-packages/distributed/utils.py", line 805, in wrapper
    return await func(*args, **kwargs)
  File "/opt/conda/envs/gdf/lib/python3.10/site-packages/distributed/comm/ucx.py", line 339, in write
    raise CommClosedError("While writing, the connection was closed")
distributed.comm.core.CommClosedError: While writing, the connection was closed
[dgx13:78037:0:78037] Caught signal 11 (Segmentation fault: address not mapped to object at address 0x2faf4d0)
==== backtrace (tid:  78037) ====
 0  /opt/conda/envs/gdf/lib/libucs.so.0(ucs_handle_error+0x2fd) [0x7f70b6dfac1d]
 1  /opt/conda/envs/gdf/lib/libucs.so.0(+0x2de11) [0x7f70b6dfae11]
 2  /opt/conda/envs/gdf/lib/libucs.so.0(+0x2dfda) [0x7f70b6dfafda]
 3  /usr/lib/x86_64-linux-gnu/libpthread.so.0(+0x14420) [0x7f710309d420]
 4  /opt/conda/envs/gdf/lib/libucp.so.0(ucp_mem_type_unpack+0x14) [0x7f70b6e7e2d4]
 5  /opt/conda/envs/gdf/lib/libucp.so.0(ucp_rndv_data_handler+0x605) [0x7f70b6ea8495]
 6  /opt/conda/envs/gdf/lib/./libuct.so.0(+0x21a06) [0x7f70b6db1a06]
 7  /opt/conda/envs/gdf/lib/./libuct.so.0(+0x24ae8) [0x7f70b6db4ae8]
 8  /opt/conda/envs/gdf/lib/libucs.so.0(ucs_event_set_wait+0xb1) [0x7f70b6e04411]
 9  /opt/conda/envs/gdf/lib/./libuct.so.0(uct_tcp_iface_progress+0x7d) [0x7f70b6db3bbd]
10  /opt/conda/envs/gdf/lib/libucp.so.0(ucp_worker_progress+0x5a) [0x7f70b6e7af1a]
11  /opt/conda/envs/gdf/lib/python3.10/site-packages/ucp/_libs/ucx_api.cpython-310-x86_64-linux-gnu.so(+0x31dca) [0x7f70b6f3adca]
12  /opt/conda/envs/gdf/bin/python(_PyEval_EvalFrameDefault+0x2c3e) [0x5584cc4fd6de]
13  /opt/conda/envs/gdf/bin/python(_PyFunction_Vectorcall+0x6c) [0x5584cc50ab7c]
14  /opt/conda/envs/gdf/bin/python(_PyEval_EvalFrameDefault+0x6fd) [0x5584cc4fb19d]
15  /opt/conda/envs/gdf/bin/python(+0x1d62c9) [0x5584cc5a52c9]
16  /opt/conda/envs/gdf/lib/python3.10/lib-dynload/_asyncio.cpython-310-x86_64-linux-gnu.so(+0x7782) [0x7f70ec04b782]
17  /opt/conda/envs/gdf/bin/python(_PyObject_MakeTpCall+0x2d3) [0x5584cc503a03]
18  /opt/conda/envs/gdf/bin/python(+0xf745f) [0x5584cc4c645f]
19  /opt/conda/envs/gdf/bin/python(+0x1331b3) [0x5584cc5021b3]
20  /opt/conda/envs/gdf/bin/python(_PyEval_EvalFrameDefault+0x593b) [0x5584cc5003db]
21  /opt/conda/envs/gdf/bin/python(_PyFunction_Vectorcall+0x6c) [0x5584cc50ab7c]
22  /opt/conda/envs/gdf/bin/python(_PyEval_EvalFrameDefault+0x6fd) [0x5584cc4fb19d]
23  /opt/conda/envs/gdf/bin/python(_PyFunction_Vectorcall+0x6c) [0x5584cc50ab7c]
24  /opt/conda/envs/gdf/bin/python(_PyEval_EvalFrameDefault+0x6fd) [0x5584cc4fb19d]
25  /opt/conda/envs/gdf/bin/python(_PyFunction_Vectorcall+0x6c) [0x5584cc50ab7c]
26  /opt/conda/envs/gdf/bin/python(_PyEval_EvalFrameDefault+0x6fd) [0x5584cc4fb19d]
27  /opt/conda/envs/gdf/bin/python(_PyFunction_Vectorcall+0x6c) [0x5584cc50ab7c]
28  /opt/conda/envs/gdf/bin/python(_PyEval_EvalFrameDefault+0x6fd) [0x5584cc4fb19d]
29  /opt/conda/envs/gdf/bin/python(_PyFunction_Vectorcall+0x6c) [0x5584cc50ab7c]
30  /opt/conda/envs/gdf/bin/python(_PyEval_EvalFrameDefault+0x1341) [0x5584cc4fbde1]
31  /opt/conda/envs/gdf/bin/python(+0x146fb2) [0x5584cc515fb2]
32  /opt/conda/envs/gdf/bin/python(PyObject_Call+0xbc) [0x5584cc51694c]
33  /opt/conda/envs/gdf/bin/python(+0x1ff72d) [0x5584cc5ce72d]
34  /opt/conda/envs/gdf/bin/python(_PyObject_MakeTpCall+0x2d3) [0x5584cc503a03]
35  /opt/conda/envs/gdf/bin/python(_PyEval_EvalFrameDefault+0x2c3e) [0x5584cc4fd6de]
36  /opt/conda/envs/gdf/bin/python(+0x147108) [0x5584cc516108]
37  /opt/conda/envs/gdf/bin/python(_PyEval_EvalFrameDefault+0x2c3e) [0x5584cc4fd6de]
38  /opt/conda/envs/gdf/bin/python(_PyFunction_Vectorcall+0x6c) [0x5584cc50ab7c]
39  /opt/conda/envs/gdf/bin/python(_PyEval_EvalFrameDefault+0x6fd) [0x5584cc4fb19d]
40  /opt/conda/envs/gdf/bin/python(_PyFunction_Vectorcall+0x6c) [0x5584cc50ab7c]
41  /opt/conda/envs/gdf/bin/python(_PyEval_EvalFrameDefault+0x6fd) [0x5584cc4fb19d]
42  /opt/conda/envs/gdf/bin/python(_PyFunction_Vectorcall+0x6c) [0x5584cc50ab7c]
43  /opt/conda/envs/gdf/bin/python(_PyEval_EvalFrameDefault+0x309) [0x5584cc4fada9]
44  /opt/conda/envs/gdf/bin/python(_PyFunction_Vectorcall+0x6c) [0x5584cc50ab7c]
45  /opt/conda/envs/gdf/bin/python(_PyEval_EvalFrameDefault+0x1341) [0x5584cc4fbde1]
46  /opt/conda/envs/gdf/bin/python(+0x1cca8c) [0x5584cc59ba8c]
47  /opt/conda/envs/gdf/bin/python(PyEval_EvalCode+0x87) [0x5584cc59b9d7]
48  /opt/conda/envs/gdf/bin/python(+0x1fceba) [0x5584cc5cbeba]
49  /opt/conda/envs/gdf/bin/python(+0x1f8343) [0x5584cc5c7343]
50  /opt/conda/envs/gdf/bin/python(PyRun_StringFlags+0x7d) [0x5584cc5bfadd]
51  /opt/conda/envs/gdf/bin/python(PyRun_SimpleStringFlags+0x3c) [0x5584cc5bf91c]
52  /opt/conda/envs/gdf/bin/python(Py_RunMain+0x3ba) [0x5584cc5beb1a]
53  /opt/conda/envs/gdf/bin/python(Py_BytesMain+0x37) [0x5584cc58f117]
54  /usr/lib/x86_64-linux-gnu/libc.so.6(__libc_start_main+0xf3) [0x7f7102d61083]
55  /opt/conda/envs/gdf/bin/python(+0x1c002e) [0x5584cc58f02e]
=================================
2025-01-13 07:14:53,539 - distributed.worker - ERROR - failed during get data with ucx://127.0.0.1:53983 -> ucx://127.0.0.1:39861
Traceback (most recent call last):
  File "/opt/conda/envs/gdf/lib/python3.10/site-packages/distributed/comm/ucx.py", line 317, in write
    await self.ep.send(struct.pack("?Q", False, nframes))
  File "/opt/conda/envs/gdf/lib/python3.10/site-packages/ucp/core.py", line 641, in send
    self._ep.raise_on_error()
  File "ucp/_libs/ucx_endpoint.pyx", line 353, in ucp._libs.ucx_api.UCXEndpoint.raise_on_error
ucp._libs.exceptions.UCXConnectionReset: Endpoint 0x7f4f017cf300 error: Connection reset by remote peer

During handling of the above exception, another exception occurred:

Traceback (most recent call last):
  File "/opt/conda/envs/gdf/lib/python3.10/site-packages/distributed/worker.py", line 1796, in get_data
    compressed = await comm.write(msg, serializers=serializers)
  File "/opt/conda/envs/gdf/lib/python3.10/site-packages/distributed/utils.py", line 805, in wrapper
    return await func(*args, **kwargs)
  File "/opt/conda/envs/gdf/lib/python3.10/site-packages/distributed/comm/ucx.py", line 339, in write
    raise CommClosedError("While writing, the connection was closed")
distributed.comm.core.CommClosedError: While writing, the connection was closed
2025-01-13 07:14:53,544 - distributed.worker - ERROR - Worker stream died during communication: ucx://127.0.0.1:54243
Traceback (most recent call last):
  File "/opt/conda/envs/gdf/lib/python3.10/site-packages/distributed/comm/ucx.py", line 351, in read
    await self.ep.recv(msg)
  File "/opt/conda/envs/gdf/lib/python3.10/site-packages/ucp/core.py", line 737, in recv
    ret = await comm.tag_recv(self._ep, buffer, nbytes, tag, name=log)
ucp._libs.exceptions.UCXCanceled: <[Recv #003] ep: 0x7f4f017cf240, tag: 0x318422ff223f6a57, nbytes: 16, type: <class 'numpy.ndarray'>>: 

During handling of the above exception, another exception occurred:

Traceback (most recent call last):
  File "/opt/conda/envs/gdf/lib/python3.10/site-packages/distributed/worker.py", line 2075, in gather_dep
    response = await get_data_from_worker(
  File "/opt/conda/envs/gdf/lib/python3.10/site-packages/distributed/worker.py", line 2881, in get_data_from_worker
    response = await send_recv(
  File "/opt/conda/envs/gdf/lib/python3.10/site-packages/distributed/core.py", line 1018, in send_recv
    response = await comm.read(deserializers=deserializers)
  File "/opt/conda/envs/gdf/lib/python3.10/site-packages/distributed/utils.py", line 805, in wrapper
    return await func(*args, **kwargs)
  File "/opt/conda/envs/gdf/lib/python3.10/site-packages/distributed/comm/ucx.py", line 369, in read
    raise CommClosedError(
distributed.comm.core.CommClosedError: Connection closed by writer.
Inner exception: UCXCanceled("<[Recv #003] ep: 0x7f4f017cf240, tag: 0x318422ff223f6a57, nbytes: 16, type: <class 'numpy.ndarray'>>: ")
2025-01-13 07:14:53,551 - distributed.worker - ERROR - Worker stream died during communication: ucx://127.0.0.1:39861
Traceback (most recent call last):
  File "/opt/conda/envs/gdf/lib/python3.10/site-packages/distributed/core.py", line 1423, in _connect
    async def _connect(self, addr: str, timeout: float | None = None) -> Comm:
asyncio.exceptions.CancelledError

During handling of the above exception, another exception occurred:

Traceback (most recent call last):
  File "/opt/conda/envs/gdf/lib/python3.10/site-packages/distributed/core.py", line 1539, in connect
    return connect_attempt.result()
asyncio.exceptions.CancelledError

During handling of the above exception, another exception occurred:

Traceback (most recent call last):
  File "/opt/conda/envs/gdf/lib/python3.10/site-packages/distributed/worker.py", line 2075, in gather_dep
    response = await get_data_from_worker(
  File "/opt/conda/envs/gdf/lib/python3.10/site-packages/distributed/worker.py", line 2878, in get_data_from_worker
    comm = await rpc.connect(worker)
  File "/opt/conda/envs/gdf/lib/python3.10/site-packages/distributed/core.py", line 1542, in connect
    raise CommClosedError(reason)
distributed.comm.core.CommClosedError: Address removed.
2025-01-13 07:14:53,560 - distributed.nanny - WARNING - Restarting worker
2025-01-13 07:14:53,579 - distributed.worker - ERROR - Worker stream died during communication: ucx://127.0.0.1:50651
Traceback (most recent call last):
  File "/opt/conda/envs/gdf/lib/python3.10/site-packages/distributed/comm/ucx.py", line 351, in read
    await self.ep.recv(msg)
  File "/opt/conda/envs/gdf/lib/python3.10/site-packages/ucp/core.py", line 737, in recv
    ret = await comm.tag_recv(self._ep, buffer, nbytes, tag, name=log)
ucp._libs.exceptions.UCXCanceled: <[Recv #008] ep: 0x7f4f017cf180, tag: 0xceddd82c13749641, nbytes: 16, type: <class 'numpy.ndarray'>>: 

During handling of the above exception, another exception occurred:

Traceback (most recent call last):
  File "/opt/conda/envs/gdf/lib/python3.10/site-packages/distributed/worker.py", line 2075, in gather_dep
    response = await get_data_from_worker(
  File "/opt/conda/envs/gdf/lib/python3.10/site-packages/distributed/worker.py", line 2881, in get_data_from_worker
    response = await send_recv(
  File "/opt/conda/envs/gdf/lib/python3.10/site-packages/distributed/core.py", line 1018, in send_recv
    response = await comm.read(deserializers=deserializers)
  File "/opt/conda/envs/gdf/lib/python3.10/site-packages/distributed/utils.py", line 805, in wrapper
    return await func(*args, **kwargs)
  File "/opt/conda/envs/gdf/lib/python3.10/site-packages/distributed/comm/ucx.py", line 369, in read
    raise CommClosedError(
distributed.comm.core.CommClosedError: Connection closed by writer.
Inner exception: UCXCanceled("<[Recv #008] ep: 0x7f4f017cf180, tag: 0xceddd82c13749641, nbytes: 16, type: <class 'numpy.ndarray'>>: ")
2025-01-13 07:14:53,580 - distributed.worker - ERROR - failed during get data with ucx://127.0.0.1:53983 -> ucx://127.0.0.1:50651
Traceback (most recent call last):
  File "/opt/conda/envs/gdf/lib/python3.10/site-packages/distributed/comm/ucx.py", line 335, in write
    await self.ep.send(each_frame)
  File "/opt/conda/envs/gdf/lib/python3.10/site-packages/ucp/core.py", line 662, in send
    return await comm.tag_send(self._ep, buffer, nbytes, tag, name=log)
ucp._libs.exceptions.UCXError: <[Send #012] ep: 0x7f4f017cf280, tag: 0x5931d1ff735cf972, nbytes: 50000000, type: <class 'cupy.ndarray'>>: Connection reset by remote peer

During handling of the above exception, another exception occurred:

Traceback (most recent call last):
  File "/opt/conda/envs/gdf/lib/python3.10/site-packages/distributed/worker.py", line 1796, in get_data
    compressed = await comm.write(msg, serializers=serializers)
  File "/opt/conda/envs/gdf/lib/python3.10/site-packages/distributed/utils.py", line 805, in wrapper
    return await func(*args, **kwargs)
  File "/opt/conda/envs/gdf/lib/python3.10/site-packages/distributed/comm/ucx.py", line 339, in write
    raise CommClosedError("While writing, the connection was closed")
distributed.comm.core.CommClosedError: While writing, the connection was closed
2025-01-13 07:14:53,593 - distributed.worker - ERROR - failed during get data with ucx://127.0.0.1:46729 -> ucx://127.0.0.1:50651
Traceback (most recent call last):
  File "/opt/conda/envs/gdf/lib/python3.10/site-packages/distributed/comm/ucx.py", line 335, in write
    await self.ep.send(each_frame)
  File "/opt/conda/envs/gdf/lib/python3.10/site-packages/ucp/core.py", line 662, in send
    return await comm.tag_send(self._ep, buffer, nbytes, tag, name=log)
ucp._libs.exceptions.UCXError: <[Send #007] ep: 0x7fa901a31200, tag: 0x35a53073f98ca079, nbytes: 50000000, type: <class 'cupy.ndarray'>>: Connection reset by remote peer

During handling of the above exception, another exception occurred:

Traceback (most recent call last):
  File "/opt/conda/envs/gdf/lib/python3.10/site-packages/distributed/worker.py", line 1796, in get_data
    compressed = await comm.write(msg, serializers=serializers)
  File "/opt/conda/envs/gdf/lib/python3.10/site-packages/distributed/utils.py", line 805, in wrapper
    return await func(*args, **kwargs)
  File "/opt/conda/envs/gdf/lib/python3.10/site-packages/distributed/comm/ucx.py", line 339, in write
    raise CommClosedError("While writing, the connection was closed")
distributed.comm.core.CommClosedError: While writing, the connection was closed
2025-01-13 07:14:53,594 - distributed.worker - ERROR - Worker stream died during communication: ucx://127.0.0.1:50651
Traceback (most recent call last):
  File "/opt/conda/envs/gdf/lib/python3.10/site-packages/distributed/comm/ucx.py", line 351, in read
    await self.ep.recv(msg)
  File "/opt/conda/envs/gdf/lib/python3.10/site-packages/ucp/core.py", line 737, in recv
    ret = await comm.tag_recv(self._ep, buffer, nbytes, tag, name=log)
ucp._libs.exceptions.UCXCanceled: <[Recv #003] ep: 0x7fa901a310c0, tag: 0x8385e769a7be36a0, nbytes: 16, type: <class 'numpy.ndarray'>>: 

During handling of the above exception, another exception occurred:

Traceback (most recent call last):
  File "/opt/conda/envs/gdf/lib/python3.10/site-packages/distributed/worker.py", line 2075, in gather_dep
    response = await get_data_from_worker(
  File "/opt/conda/envs/gdf/lib/python3.10/site-packages/distributed/worker.py", line 2881, in get_data_from_worker
    response = await send_recv(
  File "/opt/conda/envs/gdf/lib/python3.10/site-packages/distributed/core.py", line 1018, in send_recv
    response = await comm.read(deserializers=deserializers)
  File "/opt/conda/envs/gdf/lib/python3.10/site-packages/distributed/utils.py", line 805, in wrapper
    return await func(*args, **kwargs)
  File "/opt/conda/envs/gdf/lib/python3.10/site-packages/distributed/comm/ucx.py", line 369, in read
    raise CommClosedError(
distributed.comm.core.CommClosedError: Connection closed by writer.
Inner exception: UCXCanceled("<[Recv #003] ep: 0x7fa901a310c0, tag: 0x8385e769a7be36a0, nbytes: 16, type: <class 'numpy.ndarray'>>: ")
2025-01-13 07:14:53,599 - distributed.scheduler - WARNING - Removing worker 'ucx://127.0.0.1:50651' caused the cluster to lose already computed task(s), which will be recomputed elsewhere: {('sum-9918f9716c108d2be1d33e19418bea7c', 6, 4), ('random_sample-667f913f94ec560a25533b9a00b82ac5', 5, 5), ('sum-9918f9716c108d2be1d33e19418bea7c', 4, 6), ('sum-9918f9716c108d2be1d33e19418bea7c', 5, 5), ('random_sample-667f913f94ec560a25533b9a00b82ac5', 1, 1), ('sum-9918f9716c108d2be1d33e19418bea7c', 1, 1), ('random_sample-667f913f94ec560a25533b9a00b82ac5', 8, 9), ('random_sample-667f913f94ec560a25533b9a00b82ac5', 4, 5), ('random_sample-667f913f94ec560a25533b9a00b82ac5', 5, 4), ('random_sample-667f913f94ec560a25533b9a00b82ac5', 9, 7), ('random_sample-667f913f94ec560a25533b9a00b82ac5', 1, 3), ('sum-9918f9716c108d2be1d33e19418bea7c', 4, 5), ('random_sample-667f913f94ec560a25533b9a00b82ac5', 3, 9), ('random_sample-667f913f94ec560a25533b9a00b82ac5', 7, 9), ('sum-9918f9716c108d2be1d33e19418bea7c', 9, 7), ('random_sample-667f913f94ec560a25533b9a00b82ac5', 6, 4), ('sum-9918f9716c108d2be1d33e19418bea7c', 7, 9), ('random_sample-667f913f94ec560a25533b9a00b82ac5', 3, 5), ('random_sample-667f913f94ec560a25533b9a00b82ac5', 2, 6), ('sum-9918f9716c108d2be1d33e19418bea7c', 2, 7)} (stimulus_id='handle-worker-cleanup-1736752493.598743')
2025-01-13 07:14:53,633 - distributed.nanny - WARNING - Restarting worker
2025-01-13 07:14:53,667 - distributed.worker - ERROR - failed during get data with ucx://127.0.0.1:56477 -> ucx://127.0.0.1:39861
Traceback (most recent call last):
  File "/opt/conda/envs/gdf/lib/python3.10/site-packages/distributed/comm/ucx.py", line 335, in write
    await self.ep.send(each_frame)
  File "/opt/conda/envs/gdf/lib/python3.10/site-packages/ucp/core.py", line 662, in send
    return await comm.tag_send(self._ep, buffer, nbytes, tag, name=log)
ucp._libs.exceptions.UCXError: <[Send #012] ep: 0x7f001292b200, tag: 0xaf31fec3d408d1a8, nbytes: 50000000, type: <class 'cupy.ndarray'>>: Connection reset by remote peer

During handling of the above exception, another exception occurred:

Traceback (most recent call last):
  File "/opt/conda/envs/gdf/lib/python3.10/site-packages/distributed/worker.py", line 1796, in get_data
    compressed = await comm.write(msg, serializers=serializers)
  File "/opt/conda/envs/gdf/lib/python3.10/site-packages/distributed/utils.py", line 805, in wrapper
    return await func(*args, **kwargs)
  File "/opt/conda/envs/gdf/lib/python3.10/site-packages/distributed/comm/ucx.py", line 339, in write
    raise CommClosedError("While writing, the connection was closed")
distributed.comm.core.CommClosedError: While writing, the connection was closed
2025-01-13 07:14:53,676 - distributed.worker - ERROR - Worker stream died during communication: ucx://127.0.0.1:50651
Traceback (most recent call last):
  File "/opt/conda/envs/gdf/lib/python3.10/site-packages/distributed/core.py", line 1429, in _connect
    comm = await connect(
  File "/opt/conda/envs/gdf/lib/python3.10/site-packages/distributed/comm/core.py", line 342, in connect
    comm = await wait_for(
  File "/opt/conda/envs/gdf/lib/python3.10/site-packages/distributed/utils.py", line 1915, in wait_for
    return await asyncio.wait_for(fut, timeout)
  File "/opt/conda/envs/gdf/lib/python3.10/asyncio/tasks.py", line 432, in wait_for
    await waiter
asyncio.exceptions.CancelledError

During handling of the above exception, another exception occurred:

Traceback (most recent call last):
  File "/opt/conda/envs/gdf/lib/python3.10/site-packages/distributed/core.py", line 1539, in connect
    return connect_attempt.result()
asyncio.exceptions.CancelledError

During handling of the above exception, another exception occurred:

Traceback (most recent call last):
  File "/opt/conda/envs/gdf/lib/python3.10/site-packages/distributed/worker.py", line 2075, in gather_dep
    response = await get_data_from_worker(
  File "/opt/conda/envs/gdf/lib/python3.10/site-packages/distributed/worker.py", line 2878, in get_data_from_worker
    comm = await rpc.connect(worker)
  File "/opt/conda/envs/gdf/lib/python3.10/site-packages/distributed/core.py", line 1542, in connect
    raise CommClosedError(reason)
distributed.comm.core.CommClosedError: Address removed.
2025-01-13 07:14:53,747 - distributed.worker - ERROR - Worker stream died during communication: ucx://127.0.0.1:48645
Traceback (most recent call last):
  File "/opt/conda/envs/gdf/lib/python3.10/site-packages/distributed/comm/ucx.py", line 351, in read
    await self.ep.recv(msg)
  File "/opt/conda/envs/gdf/lib/python3.10/site-packages/ucp/core.py", line 737, in recv
    ret = await comm.tag_recv(self._ep, buffer, nbytes, tag, name=log)
ucp._libs.exceptions.UCXCanceled: <[Recv #008] ep: 0x7fa901a31180, tag: 0x28c2d9012a467848, nbytes: 16, type: <class 'numpy.ndarray'>>: 

During handling of the above exception, another exception occurred:

Traceback (most recent call last):
  File "/opt/conda/envs/gdf/lib/python3.10/site-packages/distributed/worker.py", line 2075, in gather_dep
    response = await get_data_from_worker(
  File "/opt/conda/envs/gdf/lib/python3.10/site-packages/distributed/worker.py", line 2881, in get_data_from_worker
    response = await send_recv(
  File "/opt/conda/envs/gdf/lib/python3.10/site-packages/distributed/core.py", line 1018, in send_recv
    response = await comm.read(deserializers=deserializers)
  File "/opt/conda/envs/gdf/lib/python3.10/site-packages/distributed/utils.py", line 805, in wrapper
    return await func(*args, **kwargs)
  File "/opt/conda/envs/gdf/lib/python3.10/site-packages/distributed/comm/ucx.py", line 369, in read
    raise CommClosedError(
distributed.comm.core.CommClosedError: Connection closed by writer.
Inner exception: UCXCanceled("<[Recv #008] ep: 0x7fa901a31180, tag: 0x28c2d9012a467848, nbytes: 16, type: <class 'numpy.ndarray'>>: ")
2025-01-13 07:14:53,748 - distributed.scheduler - WARNING - Removing worker 'ucx://127.0.0.1:48645' caused the cluster to lose already computed task(s), which will be recomputed elsewhere: {('random_sample-667f913f94ec560a25533b9a00b82ac5', 8, 4), ('sum-9918f9716c108d2be1d33e19418bea7c', 0, 3), ('sum-9918f9716c108d2be1d33e19418bea7c', 0, 9), ('random_sample-667f913f94ec560a25533b9a00b82ac5', 4, 6), ('random_sample-667f913f94ec560a25533b9a00b82ac5', 9, 2), ('random_sample-667f913f94ec560a25533b9a00b82ac5', 2, 2), ('random_sample-667f913f94ec560a25533b9a00b82ac5', 7, 4), ('random_sample-667f913f94ec560a25533b9a00b82ac5', 3, 0), ('random_sample-667f913f94ec560a25533b9a00b82ac5', 3, 3), ('sum-9918f9716c108d2be1d33e19418bea7c', 2, 2), ('sum-9918f9716c108d2be1d33e19418bea7c', 3, 3), ('sum-9918f9716c108d2be1d33e19418bea7c', 3, 0), ('sum-9918f9716c108d2be1d33e19418bea7c', 9, 4), ('random_sample-667f913f94ec560a25533b9a00b82ac5', 6, 7), ('random_sample-667f913f94ec560a25533b9a00b82ac5', 5, 9), ('random_sample-667f913f94ec560a25533b9a00b82ac5', 9, 0), ('random_sample-667f913f94ec560a25533b9a00b82ac5', 0, 3), ('random_sample-667f913f94ec560a25533b9a00b82ac5', 0, 9), ('random_sample-667f913f94ec560a25533b9a00b82ac5', 0, 6)} (stimulus_id='handle-worker-cleanup-1736752493.748155')
2025-01-13 07:14:53,749 - distributed.worker - ERROR - failed during get data with ucx://127.0.0.1:53283 -> ucx://127.0.0.1:48645
Traceback (most recent call last):
  File "/opt/conda/envs/gdf/lib/python3.10/site-packages/distributed/comm/ucx.py", line 335, in write
    await self.ep.send(each_frame)
  File "/opt/conda/envs/gdf/lib/python3.10/site-packages/ucp/core.py", line 662, in send
    return await comm.tag_send(self._ep, buffer, nbytes, tag, name=log)
ucp._libs.exceptions.UCXError: <[Send #007] ep: 0x7f11fca58280, tag: 0xbb03d7d3aecd0bbe, nbytes: 50000000, type: <class 'cupy.ndarray'>>: Connection reset by remote peer

During handling of the above exception, another exception occurred:

Traceback (most recent call last):
  File "/opt/conda/envs/gdf/lib/python3.10/site-packages/distributed/worker.py", line 1796, in get_data
    compressed = await comm.write(msg, serializers=serializers)
  File "/opt/conda/envs/gdf/lib/python3.10/site-packages/distributed/utils.py", line 805, in wrapper
    return await func(*args, **kwargs)
  File "/opt/conda/envs/gdf/lib/python3.10/site-packages/distributed/comm/ucx.py", line 339, in write
    raise CommClosedError("While writing, the connection was closed")
distributed.comm.core.CommClosedError: While writing, the connection was closed
2025-01-13 07:14:53,750 - distributed.worker - ERROR - Worker stream died during communication: ucx://127.0.0.1:48645
Traceback (most recent call last):
  File "/opt/conda/envs/gdf/lib/python3.10/site-packages/distributed/comm/ucx.py", line 393, in read
    await self.ep.recv(each_frame)
  File "/opt/conda/envs/gdf/lib/python3.10/site-packages/ucp/core.py", line 737, in recv
    ret = await comm.tag_recv(self._ep, buffer, nbytes, tag, name=log)
ucp._libs.exceptions.UCXError: <[Recv #007] ep: 0x7f11fca580c0, tag: 0x6483aa9f0b42ff0a, nbytes: 50000000, type: <class 'rmm.pylibrmm.device_buffer.DeviceBuffer'>>: Connection reset by remote peer

During handling of the above exception, another exception occurred:

Traceback (most recent call last):
  File "/opt/conda/envs/gdf/lib/python3.10/site-packages/distributed/worker.py", line 2075, in gather_dep
    response = await get_data_from_worker(
  File "/opt/conda/envs/gdf/lib/python3.10/site-packages/distributed/worker.py", line 2881, in get_data_from_worker
    response = await send_recv(
  File "/opt/conda/envs/gdf/lib/python3.10/site-packages/distributed/core.py", line 1018, in send_recv
    response = await comm.read(deserializers=deserializers)
  File "/opt/conda/envs/gdf/lib/python3.10/site-packages/distributed/utils.py", line 805, in wrapper
    return await func(*args, **kwargs)
  File "/opt/conda/envs/gdf/lib/python3.10/site-packages/distributed/comm/ucx.py", line 399, in read
    raise CommClosedError(
distributed.comm.core.CommClosedError: Connection closed by writer.
Inner exception: UCXError("<[Recv #007] ep: 0x7f11fca580c0, tag: 0x6483aa9f0b42ff0a, nbytes: 50000000, type: <class 'rmm.pylibrmm.device_buffer.DeviceBuffer'>>: Connection reset by remote peer")
2025-01-13 07:14:53,833 - distributed.nanny - WARNING - Restarting worker
[dgx13:78015:0:78015] Caught signal 11 (Segmentation fault: address not mapped to object at address 0x2faf4d0)
==== backtrace (tid:  78015) ====
 0  /opt/conda/envs/gdf/lib/libucs.so.0(ucs_handle_error+0x2fd) [0x7fa901cf9c1d]
 1  /opt/conda/envs/gdf/lib/libucs.so.0(+0x2de11) [0x7fa901cf9e11]
 2  /opt/conda/envs/gdf/lib/libucs.so.0(+0x2dfda) [0x7fa901cf9fda]
 3  /usr/lib/x86_64-linux-gnu/libpthread.so.0(+0x14420) [0x7fa94ffed420]
 4  /opt/conda/envs/gdf/lib/libucp.so.0(ucp_mem_type_unpack+0x14) [0x7fa901d7d2d4]
 5  /opt/conda/envs/gdf/lib/libucp.so.0(ucp_rndv_data_handler+0x605) [0x7fa901da7495]
 6  /opt/conda/envs/gdf/lib/./libuct.so.0(+0x21a06) [0x7fa90802aa06]
 7  /opt/conda/envs/gdf/lib/./libuct.so.0(+0x24ae8) [0x7fa90802dae8]
 8  /opt/conda/envs/gdf/lib/libucs.so.0(ucs_event_set_wait+0xb1) [0x7fa901d03411]
 9  /opt/conda/envs/gdf/lib/./libuct.so.0(uct_tcp_iface_progress+0x7d) [0x7fa90802cbbd]
10  /opt/conda/envs/gdf/lib/libucp.so.0(ucp_worker_progress+0x5a) [0x7fa901d79f1a]
11  /opt/conda/envs/gdf/lib/python3.10/site-packages/ucp/_libs/ucx_api.cpython-310-x86_64-linux-gnu.so(+0x31dca) [0x7fa901e39dca]
12  /opt/conda/envs/gdf/bin/python(_PyEval_EvalFrameDefault+0x2c3e) [0x55cef0fd46de]
13  /opt/conda/envs/gdf/bin/python(_PyFunction_Vectorcall+0x6c) [0x55cef0fe1b7c]
14  /opt/conda/envs/gdf/bin/python(_PyEval_EvalFrameDefault+0x6fd) [0x55cef0fd219d]
15  /opt/conda/envs/gdf/bin/python(+0x1d62c9) [0x55cef107c2c9]
16  /opt/conda/envs/gdf/lib/python3.10/lib-dynload/_asyncio.cpython-310-x86_64-linux-gnu.so(+0x7782) [0x7fa930019782]
17  /opt/conda/envs/gdf/bin/python(_PyObject_MakeTpCall+0x2d3) [0x55cef0fdaa03]
18  /opt/conda/envs/gdf/bin/python(+0xf745f) [0x55cef0f9d45f]
19  /opt/conda/envs/gdf/bin/python(+0x1331b3) [0x55cef0fd91b3]
20  /opt/conda/envs/gdf/bin/python(_PyEval_EvalFrameDefault+0x593b) [0x55cef0fd73db]
21  /opt/conda/envs/gdf/bin/python(_PyFunction_Vectorcall+0x6c) [0x55cef0fe1b7c]
22  /opt/conda/envs/gdf/bin/python(_PyEval_EvalFrameDefault+0x6fd) [0x55cef0fd219d]
23  /opt/conda/envs/gdf/bin/python(_PyFunction_Vectorcall+0x6c) [0x55cef0fe1b7c]
24  /opt/conda/envs/gdf/bin/python(_PyEval_EvalFrameDefault+0x6fd) [0x55cef0fd219d]
25  /opt/conda/envs/gdf/bin/python(_PyFunction_Vectorcall+0x6c) [0x55cef0fe1b7c]
26  /opt/conda/envs/gdf/bin/python(_PyEval_EvalFrameDefault+0x6fd) [0x55cef0fd219d]
27  /opt/conda/envs/gdf/bin/python(_PyFunction_Vectorcall+0x6c) [0x55cef0fe1b7c]
28  /opt/conda/envs/gdf/bin/python(_PyEval_EvalFrameDefault+0x6fd) [0x55cef0fd219d]
29  /opt/conda/envs/gdf/bin/python(_PyFunction_Vectorcall+0x6c) [0x55cef0fe1b7c]
30  /opt/conda/envs/gdf/bin/python(_PyEval_EvalFrameDefault+0x1341) [0x55cef0fd2de1]
31  /opt/conda/envs/gdf/bin/python(+0x146fb2) [0x55cef0fecfb2]
32  /opt/conda/envs/gdf/bin/python(PyObject_Call+0xbc) [0x55cef0fed94c]
33  /opt/conda/envs/gdf/bin/python(+0x1ff72d) [0x55cef10a572d]
34  /opt/conda/envs/gdf/bin/python(_PyObject_MakeTpCall+0x2d3) [0x55cef0fdaa03]
35  /opt/conda/envs/gdf/bin/python(_PyEval_EvalFrameDefault+0x2c3e) [0x55cef0fd46de]
36  /opt/conda/envs/gdf/bin/python(+0x147108) [0x55cef0fed108]
37  /opt/conda/envs/gdf/bin/python(_PyEval_EvalFrameDefault+0x2c3e) [0x55cef0fd46de]
38  /opt/conda/envs/gdf/bin/python(_PyFunction_Vectorcall+0x6c) [0x55cef0fe1b7c]
39  /opt/conda/envs/gdf/bin/python(_PyEval_EvalFrameDefault+0x6fd) [0x55cef0fd219d]
40  /opt/conda/envs/gdf/bin/python(_PyFunction_Vectorcall+0x6c) [0x55cef0fe1b7c]
41  /opt/conda/envs/gdf/bin/python(_PyEval_EvalFrameDefault+0x6fd) [0x55cef0fd219d]
42  /opt/conda/envs/gdf/bin/python(_PyFunction_Vectorcall+0x6c) [0x55cef0fe1b7c]
43  /opt/conda/envs/gdf/bin/python(_PyEval_EvalFrameDefault+0x309) [0x55cef0fd1da9]
44  /opt/conda/envs/gdf/bin/python(_PyFunction_Vectorcall+0x6c) [0x55cef0fe1b7c]
45  /opt/conda/envs/gdf/bin/python(_PyEval_EvalFrameDefault+0x1341) [0x55cef0fd2de1]
46  /opt/conda/envs/gdf/bin/python(+0x1cca8c) [0x55cef1072a8c]
47  /opt/conda/envs/gdf/bin/python(PyEval_EvalCode+0x87) [0x55cef10729d7]
48  /opt/conda/envs/gdf/bin/python(+0x1fceba) [0x55cef10a2eba]
49  /opt/conda/envs/gdf/bin/python(+0x1f8343) [0x55cef109e343]
50  /opt/conda/envs/gdf/bin/python(PyRun_StringFlags+0x7d) [0x55cef1096add]
51  /opt/conda/envs/gdf/bin/python(PyRun_SimpleStringFlags+0x3c) [0x55cef109691c]
52  /opt/conda/envs/gdf/bin/python(Py_RunMain+0x3ba) [0x55cef1095b1a]
53  /opt/conda/envs/gdf/bin/python(Py_BytesMain+0x37) [0x55cef1066117]
54  /usr/lib/x86_64-linux-gnu/libc.so.6(__libc_start_main+0xf3) [0x7fa94fcb1083]
55  /opt/conda/envs/gdf/bin/python(+0x1c002e) [0x55cef106602e]
=================================
2025-01-13 07:14:53,992 - distributed.nanny - WARNING - Restarting worker
2025-01-13 07:14:54,193 - distributed.worker - ERROR - failed during get data with ucx://127.0.0.1:53983 -> ucx://127.0.0.1:46729
Traceback (most recent call last):
  File "/opt/conda/envs/gdf/lib/python3.10/site-packages/distributed/comm/ucx.py", line 335, in write
    await self.ep.send(each_frame)
  File "/opt/conda/envs/gdf/lib/python3.10/site-packages/ucp/core.py", line 662, in send
    return await comm.tag_send(self._ep, buffer, nbytes, tag, name=log)
ucp._libs.exceptions.UCXError: <[Send #012] ep: 0x7f4f017cf280, tag: 0x679f367ace2a7813, nbytes: 50000000, type: <class 'cupy.ndarray'>>: Connection reset by remote peer

During handling of the above exception, another exception occurred:

Traceback (most recent call last):
  File "/opt/conda/envs/gdf/lib/python3.10/site-packages/distributed/worker.py", line 1796, in get_data
    compressed = await comm.write(msg, serializers=serializers)
  File "/opt/conda/envs/gdf/lib/python3.10/site-packages/distributed/utils.py", line 805, in wrapper
    return await func(*args, **kwargs)
  File "/opt/conda/envs/gdf/lib/python3.10/site-packages/distributed/comm/ucx.py", line 339, in write
    raise CommClosedError("While writing, the connection was closed")
distributed.comm.core.CommClosedError: While writing, the connection was closed
2025-01-13 07:14:54,193 - distributed.worker - ERROR - Worker stream died during communication: ucx://127.0.0.1:46729
Traceback (most recent call last):
  File "/opt/conda/envs/gdf/lib/python3.10/site-packages/distributed/comm/ucx.py", line 351, in read
    await self.ep.recv(msg)
  File "/opt/conda/envs/gdf/lib/python3.10/site-packages/ucp/core.py", line 737, in recv
    ret = await comm.tag_recv(self._ep, buffer, nbytes, tag, name=log)
ucp._libs.exceptions.UCXCanceled: <[Recv #013] ep: 0x7f11fca58180, tag: 0x9532532a1a6ce909, nbytes: 16, type: <class 'numpy.ndarray'>>: 

During handling of the above exception, another exception occurred:

Traceback (most recent call last):
  File "/opt/conda/envs/gdf/lib/python3.10/site-packages/distributed/worker.py", line 2075, in gather_dep
    response = await get_data_from_worker(
  File "/opt/conda/envs/gdf/lib/python3.10/site-packages/distributed/worker.py", line 2881, in get_data_from_worker
    response = await send_recv(
  File "/opt/conda/envs/gdf/lib/python3.10/site-packages/distributed/core.py", line 1018, in send_recv
    response = await comm.read(deserializers=deserializers)
  File "/opt/conda/envs/gdf/lib/python3.10/site-packages/distributed/utils.py", line 805, in wrapper
    return await func(*args, **kwargs)
  File "/opt/conda/envs/gdf/lib/python3.10/site-packages/distributed/comm/ucx.py", line 369, in read
    raise CommClosedError(
distributed.comm.core.CommClosedError: Connection closed by writer.
Inner exception: UCXCanceled("<[Recv #013] ep: 0x7f11fca58180, tag: 0x9532532a1a6ce909, nbytes: 16, type: <class 'numpy.ndarray'>>: ")
2025-01-13 07:14:54,194 - distributed.worker - ERROR - Worker stream died during communication: ucx://127.0.0.1:46729
Traceback (most recent call last):
  File "/opt/conda/envs/gdf/lib/python3.10/site-packages/distributed/comm/ucx.py", line 393, in read
    await self.ep.recv(each_frame)
  File "/opt/conda/envs/gdf/lib/python3.10/site-packages/ucp/core.py", line 737, in recv
    ret = await comm.tag_recv(self._ep, buffer, nbytes, tag, name=log)
ucp._libs.exceptions.UCXError: <[Recv #012] ep: 0x7f4f017cf180, tag: 0xf7bd09190e1fb98e, nbytes: 50000000, type: <class 'rmm.pylibrmm.device_buffer.DeviceBuffer'>>: Connection reset by remote peer

During handling of the above exception, another exception occurred:

Traceback (most recent call last):
  File "/opt/conda/envs/gdf/lib/python3.10/site-packages/distributed/worker.py", line 2075, in gather_dep
    response = await get_data_from_worker(
  File "/opt/conda/envs/gdf/lib/python3.10/site-packages/distributed/worker.py", line 2881, in get_data_from_worker
    response = await send_recv(
  File "/opt/conda/envs/gdf/lib/python3.10/site-packages/distributed/core.py", line 1018, in send_recv
    response = await comm.read(deserializers=deserializers)
  File "/opt/conda/envs/gdf/lib/python3.10/site-packages/distributed/utils.py", line 805, in wrapper
    return await func(*args, **kwargs)
  File "/opt/conda/envs/gdf/lib/python3.10/site-packages/distributed/comm/ucx.py", line 399, in read
    raise CommClosedError(
distributed.comm.core.CommClosedError: Connection closed by writer.
Inner exception: UCXError("<[Recv #012] ep: 0x7f4f017cf180, tag: 0xf7bd09190e1fb98e, nbytes: 50000000, type: <class 'rmm.pylibrmm.device_buffer.DeviceBuffer'>>: Connection reset by remote peer")
2025-01-13 07:14:54,219 - distributed.scheduler - WARNING - Removing worker 'ucx://127.0.0.1:46729' caused the cluster to lose already computed task(s), which will be recomputed elsewhere: {('random_sample-667f913f94ec560a25533b9a00b82ac5', 8, 7), ('sum-9918f9716c108d2be1d33e19418bea7c', 3, 5), ('random_sample-667f913f94ec560a25533b9a00b82ac5', 7, 8), ('random_sample-667f913f94ec560a25533b9a00b82ac5', 4, 3), ('sum-9918f9716c108d2be1d33e19418bea7c', 4, 3), ('random_sample-667f913f94ec560a25533b9a00b82ac5', 4, 9), ('random_sample-667f913f94ec560a25533b9a00b82ac5', 9, 5), ('random_sample-667f913f94ec560a25533b9a00b82ac5', 0, 2), ('random_sample-667f913f94ec560a25533b9a00b82ac5', 9, 2), ('sum-9918f9716c108d2be1d33e19418bea7c', 4, 9), ('random_sample-667f913f94ec560a25533b9a00b82ac5', 3, 4), ('random_sample-667f913f94ec560a25533b9a00b82ac5', 8, 6), ('random_sample-667f913f94ec560a25533b9a00b82ac5', 8, 9), ('sum-9918f9716c108d2be1d33e19418bea7c', 9, 5), ('sum-9918f9716c108d2be1d33e19418bea7c', 0, 2), ('random_sample-667f913f94ec560a25533b9a00b82ac5', 6, 2), ('random_sample-667f913f94ec560a25533b9a00b82ac5', 1, 0), ('random_sample-667f913f94ec560a25533b9a00b82ac5', 9, 4), ('random_sample-667f913f94ec560a25533b9a00b82ac5', 7, 0), ('sum-9918f9716c108d2be1d33e19418bea7c', 2, 5), ('sum-9918f9716c108d2be1d33e19418bea7c', 9, 4), ('random_sample-667f913f94ec560a25533b9a00b82ac5', 5, 3), ('random_sample-667f913f94ec560a25533b9a00b82ac5', 9, 0), ('random_sample-667f913f94ec560a25533b9a00b82ac5', 5, 9), ('sum-9918f9716c108d2be1d33e19418bea7c', 5, 3), ('sum-9918f9716c108d2be1d33e19418bea7c', 5, 9), ('random_sample-667f913f94ec560a25533b9a00b82ac5', 2, 0), ('random_sample-667f913f94ec560a25533b9a00b82ac5', 1, 2), ('random_sample-667f913f94ec560a25533b9a00b82ac5', 3, 5), ('random_sample-667f913f94ec560a25533b9a00b82ac5', 3, 8), ('random_sample-667f913f94ec560a25533b9a00b82ac5', 2, 6), ('sum-partial-44e8dacc2e689f94c29d127e7731cf1d', 3, 1)} (stimulus_id='handle-worker-cleanup-1736752494.2192833')
2025-01-13 07:14:54,383 - distributed.nanny - WARNING - Restarting worker
/opt/conda/envs/gdf/lib/python3.10/multiprocessing/resource_tracker.py:224: UserWarning: resource_tracker: There appear to be 48 leaked semaphore objects to clean up at shutdown
  warnings.warn('resource_tracker: There appear to be %d '
