[dgx13:91462:0:91462] Caught signal 11 (Segmentation fault: address not mapped to object at address 0x450)
==== backtrace (tid:  91462) ====
 0  /opt/conda/envs/gdf/lib/libucs.so.0(ucs_handle_error+0x2fd) [0x7fb83417edad]
 1  /opt/conda/envs/gdf/lib/libucs.so.0(+0x2dfa4) [0x7fb83417efa4]
 2  /opt/conda/envs/gdf/lib/libucs.so.0(+0x2e16a) [0x7fb83417f16a]
 3  /usr/lib/x86_64-linux-gnu/libpthread.so.0(+0x14420) [0x7fb86de35420]
 4  /opt/conda/envs/gdf/lib/libucp.so.0(ucp_mem_type_unpack+0x17) [0x7fb834203bd7]
 5  /opt/conda/envs/gdf/lib/libucp.so.0(ucp_rndv_data_handler+0x66d) [0x7fb83422ebad]
 6  /opt/conda/envs/gdf/lib/libuct.so.0(+0x21cbf) [0x7fb834134cbf]
 7  /opt/conda/envs/gdf/lib/libuct.so.0(+0x24ed8) [0x7fb834137ed8]
 8  /opt/conda/envs/gdf/lib/libucs.so.0(ucs_event_set_wait+0xb9) [0x7fb834188609]
 9  /opt/conda/envs/gdf/lib/libuct.so.0(uct_tcp_iface_progress+0x7d) [0x7fb834136fdd]
10  /opt/conda/envs/gdf/lib/libucp.so.0(ucp_worker_progress+0x5a) [0x7fb83420092a]
11  /opt/conda/envs/gdf/lib/python3.9/site-packages/ucp/_libs/ucx_api.cpython-39-x86_64-linux-gnu.so(+0x3206a) [0x7fb8342c306a]
12  /opt/conda/envs/gdf/bin/python(_PyEval_EvalFrameDefault+0x45a6) [0x55854bd13516]
13  /opt/conda/envs/gdf/bin/python(+0x12e184) [0x55854bd0e184]
14  /opt/conda/envs/gdf/bin/python(_PyFunction_Vectorcall+0xd9) [0x55854bd1f559]
15  /opt/conda/envs/gdf/bin/python(_PyEval_EvalFrameDefault+0x696) [0x55854bd0f606]
16  /opt/conda/envs/gdf/bin/python(+0x13f802) [0x55854bd1f802]
17  /opt/conda/envs/gdf/bin/python(+0x14cbb3) [0x55854bd2cbb3]
18  /opt/conda/envs/gdf/bin/python(+0x25842c) [0x55854be3842c]
19  /opt/conda/envs/gdf/bin/python(+0xf266c) [0x55854bcd266c]
20  /opt/conda/envs/gdf/bin/python(+0x136833) [0x55854bd16833]
21  /opt/conda/envs/gdf/bin/python(_PyEval_EvalFrameDefault+0x58b4) [0x55854bd14824]
22  /opt/conda/envs/gdf/bin/python(+0x13f802) [0x55854bd1f802]
23  /opt/conda/envs/gdf/bin/python(_PyEval_EvalFrameDefault+0x696) [0x55854bd0f606]
24  /opt/conda/envs/gdf/bin/python(+0x13f802) [0x55854bd1f802]
25  /opt/conda/envs/gdf/bin/python(_PyEval_EvalFrameDefault+0x696) [0x55854bd0f606]
26  /opt/conda/envs/gdf/bin/python(+0x13f802) [0x55854bd1f802]
27  /opt/conda/envs/gdf/bin/python(_PyEval_EvalFrameDefault+0x696) [0x55854bd0f606]
28  /opt/conda/envs/gdf/bin/python(+0x13f802) [0x55854bd1f802]
29  /opt/conda/envs/gdf/bin/python(_PyEval_EvalFrameDefault+0x696) [0x55854bd0f606]
30  /opt/conda/envs/gdf/bin/python(+0x12e184) [0x55854bd0e184]
31  /opt/conda/envs/gdf/bin/python(_PyFunction_Vectorcall+0xd9) [0x55854bd1f559]
32  /opt/conda/envs/gdf/bin/python(_PyEval_EvalFrameDefault+0x11f2) [0x55854bd10162]
33  /opt/conda/envs/gdf/bin/python(+0x12e184) [0x55854bd0e184]
34  /opt/conda/envs/gdf/bin/python(+0x14c9fb) [0x55854bd2c9fb]
35  /opt/conda/envs/gdf/bin/python(PyObject_Call+0xbc) [0x55854bd2d17c]
36  /opt/conda/envs/gdf/bin/python(+0x2109ce) [0x55854bdf09ce]
37  /opt/conda/envs/gdf/bin/python(_PyObject_MakeTpCall+0x2ec) [0x55854bd177ac]
38  /opt/conda/envs/gdf/bin/python(_PyEval_EvalFrameDefault+0x45a6) [0x55854bd13516]
39  /opt/conda/envs/gdf/bin/python(+0x13f802) [0x55854bd1f802]
40  /opt/conda/envs/gdf/bin/python(+0x14cadc) [0x55854bd2cadc]
41  /opt/conda/envs/gdf/bin/python(_PyEval_EvalFrameDefault+0x45a6) [0x55854bd13516]
42  /opt/conda/envs/gdf/bin/python(+0x13f802) [0x55854bd1f802]
43  /opt/conda/envs/gdf/bin/python(_PyEval_EvalFrameDefault+0x696) [0x55854bd0f606]
44  /opt/conda/envs/gdf/bin/python(+0x12e184) [0x55854bd0e184]
45  /opt/conda/envs/gdf/bin/python(_PyFunction_Vectorcall+0xd9) [0x55854bd1f559]
46  /opt/conda/envs/gdf/bin/python(_PyEval_EvalFrameDefault+0x696) [0x55854bd0f606]
47  /opt/conda/envs/gdf/bin/python(+0x13f802) [0x55854bd1f802]
48  /opt/conda/envs/gdf/bin/python(_PyEval_EvalFrameDefault+0x3e2) [0x55854bd0f352]
49  /opt/conda/envs/gdf/bin/python(+0x12e184) [0x55854bd0e184]
50  /opt/conda/envs/gdf/bin/python(_PyFunction_Vectorcall+0xd9) [0x55854bd1f559]
51  /opt/conda/envs/gdf/bin/python(_PyEval_EvalFrameDefault+0x11f2) [0x55854bd10162]
52  /opt/conda/envs/gdf/bin/python(+0x12e184) [0x55854bd0e184]
53  /opt/conda/envs/gdf/bin/python(_PyEval_EvalCodeWithName+0x48) [0x55854bd0de58]
54  /opt/conda/envs/gdf/bin/python(PyEval_EvalCodeEx+0x39) [0x55854bd0de09]
55  /opt/conda/envs/gdf/bin/python(PyEval_EvalCode+0x1b) [0x55854bdbb4ab]
56  /opt/conda/envs/gdf/bin/python(+0x20887a) [0x55854bde887a]
57  /opt/conda/envs/gdf/bin/python(+0x204c03) [0x55854bde4c03]
58  /opt/conda/envs/gdf/bin/python(PyRun_StringFlags+0x9a) [0x55854bddca1a]
59  /opt/conda/envs/gdf/bin/python(PyRun_SimpleStringFlags+0x3c) [0x55854bddc90c]
60  /opt/conda/envs/gdf/bin/python(Py_RunMain+0x267) [0x55854bddbb47]
61  /opt/conda/envs/gdf/bin/python(Py_BytesMain+0x37) [0x55854bdaf2e7]
=================================
[dgx13:91474:0:91474] Caught signal 11 (Segmentation fault: address not mapped to object at address 0x450)
[dgx13:91471:0:91471] Caught signal 11 (Segmentation fault: address not mapped to object at address 0x450)
==== backtrace (tid:  91474) ====
 0  /opt/conda/envs/gdf/lib/libucs.so.0(ucs_handle_error+0x2fd) [0x7fd759522dad]
 1  /opt/conda/envs/gdf/lib/libucs.so.0(+0x2dfa4) [0x7fd759522fa4]
 2  /opt/conda/envs/gdf/lib/libucs.so.0(+0x2e16a) [0x7fd75952316a]
 3  /usr/lib/x86_64-linux-gnu/libpthread.so.0(+0x14420) [0x7fd7971f9420]
 4  /opt/conda/envs/gdf/lib/libucp.so.0(ucp_mem_type_unpack+0x17) [0x7fd7595a7bd7]
 5  /opt/conda/envs/gdf/lib/libucp.so.0(ucp_rndv_data_handler+0x66d) [0x7fd7595d2bad]
 6  /opt/conda/envs/gdf/lib/libuct.so.0(+0x21cbf) [0x7fd7594d8cbf]
 7  /opt/conda/envs/gdf/lib/libuct.so.0(+0x24ed8) [0x7fd7594dbed8]
 8  /opt/conda/envs/gdf/lib/libucs.so.0(ucs_event_set_wait+0xb9) [0x7fd75952c609]
 9  /opt/conda/envs/gdf/lib/libuct.so.0(uct_tcp_iface_progress+0x7d) [0x7fd7594dafdd]
10  /opt/conda/envs/gdf/lib/libucp.so.0(ucp_worker_progress+0x5a) [0x7fd7595a492a]
11  /opt/conda/envs/gdf/lib/python3.9/site-packages/ucp/_libs/ucx_api.cpython-39-x86_64-linux-gnu.so(+0x3206a) [0x7fd75966706a]
12  /opt/conda/envs/gdf/bin/python(_PyEval_EvalFrameDefault+0x45a6) [0x557128ad7516]
13  /opt/conda/envs/gdf/bin/python(+0x12e184) [0x557128ad2184]
14  /opt/conda/envs/gdf/bin/python(_PyFunction_Vectorcall+0xd9) [0x557128ae3559]
15  /opt/conda/envs/gdf/bin/python(_PyEval_EvalFrameDefault+0x696) [0x557128ad3606]
16  /opt/conda/envs/gdf/bin/python(+0x13f802) [0x557128ae3802]
17  /opt/conda/envs/gdf/bin/python(+0x14cbb3) [0x557128af0bb3]
18  /opt/conda/envs/gdf/bin/python(+0x25842c) [0x557128bfc42c]
19  /opt/conda/envs/gdf/bin/python(+0xf266c) [0x557128a9666c]
20  /opt/conda/envs/gdf/bin/python(+0x136833) [0x557128ada833]
21  /opt/conda/envs/gdf/bin/python(_PyEval_EvalFrameDefault+0x58b4) [0x557128ad8824]
22  /opt/conda/envs/gdf/bin/python(+0x13f802) [0x557128ae3802]
23  /opt/conda/envs/gdf/bin/python(_PyEval_EvalFrameDefault+0x696) [0x557128ad3606]
24  /opt/conda/envs/gdf/bin/python(+0x13f802) [0x557128ae3802]
25  /opt/conda/envs/gdf/bin/python(_PyEval_EvalFrameDefault+0x696) [0x557128ad3606]
26  /opt/conda/envs/gdf/bin/python(+0x13f802) [0x557128ae3802]
27  /opt/conda/envs/gdf/bin/python(_PyEval_EvalFrameDefault+0x696) [0x557128ad3606]
28  /opt/conda/envs/gdf/bin/python(+0x13f802) [0x557128ae3802]
29  /opt/conda/envs/gdf/bin/python(_PyEval_EvalFrameDefault+0x696) [0x557128ad3606]
30  /opt/conda/envs/gdf/bin/python(+0x12e184) [0x557128ad2184]
31  /opt/conda/envs/gdf/bin/python(_PyFunction_Vectorcall+0xd9) [0x557128ae3559]
32  /opt/conda/envs/gdf/bin/python(_PyEval_EvalFrameDefault+0x11f2) [0x557128ad4162]
33  /opt/conda/envs/gdf/bin/python(+0x12e184) [0x557128ad2184]
34  /opt/conda/envs/gdf/bin/python(+0x14c9fb) [0x557128af09fb]
35  /opt/conda/envs/gdf/bin/python(PyObject_Call+0xbc) [0x557128af117c]
36  /opt/conda/envs/gdf/bin/python(+0x2109ce) [0x557128bb49ce]
37  /opt/conda/envs/gdf/bin/python(_PyObject_MakeTpCall+0x2ec) [0x557128adb7ac]
38  /opt/conda/envs/gdf/bin/python(_PyEval_EvalFrameDefault+0x45a6) [0x557128ad7516]
39  /opt/conda/envs/gdf/bin/python(+0x13f802) [0x557128ae3802]
40  /opt/conda/envs/gdf/bin/python(+0x14cadc) [0x557128af0adc]
41  /opt/conda/envs/gdf/bin/python(_PyEval_EvalFrameDefault+0x45a6) [0x557128ad7516]
42  /opt/conda/envs/gdf/bin/python(+0x13f802) [0x557128ae3802]
43  /opt/conda/envs/gdf/bin/python(_PyEval_EvalFrameDefault+0x696) [0x557128ad3606]
44  /opt/conda/envs/gdf/bin/python(+0x12e184) [0x557128ad2184]
45  /opt/conda/envs/gdf/bin/python(_PyFunction_Vectorcall+0xd9) [0x557128ae3559]
46  /opt/conda/envs/gdf/bin/python(_PyEval_EvalFrameDefault+0x696) [0x557128ad3606]
47  /opt/conda/envs/gdf/bin/python(+0x13f802) [0x557128ae3802]
48  /opt/conda/envs/gdf/bin/python(_PyEval_EvalFrameDefault+0x3e2) [0x557128ad3352]
49  /opt/conda/envs/gdf/bin/python(+0x12e184) [0x557128ad2184]
50  /opt/conda/envs/gdf/bin/python(_PyFunction_Vectorcall+0xd9) [0x557128ae3559]
51  /opt/conda/envs/gdf/bin/python(_PyEval_EvalFrameDefault+0x11f2) [0x557128ad4162]
52  /opt/conda/envs/gdf/bin/python(+0x12e184) [0x557128ad2184]
53  /opt/conda/envs/gdf/bin/python(_PyEval_EvalCodeWithName+0x48) [0x557128ad1e58]
54  /opt/conda/envs/gdf/bin/python(PyEval_EvalCodeEx+0x39) [0x557128ad1e09]
55  /opt/conda/envs/gdf/bin/python(PyEval_EvalCode+0x1b) [0x557128b7f4ab]
56  /opt/conda/envs/gdf/bin/python(+0x20887a) [0x557128bac87a]
57  /opt/conda/envs/gdf/bin/python(+0x204c03) [0x557128ba8c03]
58  /opt/conda/envs/gdf/bin/python(PyRun_StringFlags+0x9a) [0x557128ba0a1a]
59  /opt/conda/envs/gdf/bin/python(PyRun_SimpleStringFlags+0x3c) [0x557128ba090c]
60  /opt/conda/envs/gdf/bin/python(Py_RunMain+0x267) [0x557128b9fb47]
61  /opt/conda/envs/gdf/bin/python(Py_BytesMain+0x37) [0x557128b732e7]
=================================
==== backtrace (tid:  91471) ====
 0  /opt/conda/envs/gdf/lib/libucs.so.0(ucs_handle_error+0x2fd) [0x7f6e45a80dad]
 1  /opt/conda/envs/gdf/lib/libucs.so.0(+0x2dfa4) [0x7f6e45a80fa4]
 2  /opt/conda/envs/gdf/lib/libucs.so.0(+0x2e16a) [0x7f6e45a8116a]
 3  /usr/lib/x86_64-linux-gnu/libpthread.so.0(+0x14420) [0x7f6e9972f420]
 4  /opt/conda/envs/gdf/lib/libucp.so.0(ucp_mem_type_unpack+0x17) [0x7f6e45b05bd7]
 5  /opt/conda/envs/gdf/lib/libucp.so.0(ucp_rndv_data_handler+0x66d) [0x7f6e45b30bad]
 6  /opt/conda/envs/gdf/lib/libuct.so.0(+0x21cbf) [0x7f6e45a36cbf]
 7  /opt/conda/envs/gdf/lib/libuct.so.0(+0x24ed8) [0x7f6e45a39ed8]
 8  /opt/conda/envs/gdf/lib/libucs.so.0(ucs_event_set_wait+0xb9) [0x7f6e45a8a609]
 9  /opt/conda/envs/gdf/lib/libuct.so.0(uct_tcp_iface_progress+0x7d) [0x7f6e45a38fdd]
10  /opt/conda/envs/gdf/lib/libucp.so.0(ucp_worker_progress+0x5a) [0x7f6e45b0292a]
11  /opt/conda/envs/gdf/lib/python3.9/site-packages/ucp/_libs/ucx_api.cpython-39-x86_64-linux-gnu.so(+0x3206a) [0x7f6e45bc506a]
12  /opt/conda/envs/gdf/bin/python(_PyEval_EvalFrameDefault+0x45a6) [0x55c50a2cd516]
13  /opt/conda/envs/gdf/bin/python(+0x12e184) [0x55c50a2c8184]
14  /opt/conda/envs/gdf/bin/python(_PyFunction_Vectorcall+0xd9) [0x55c50a2d9559]
15  /opt/conda/envs/gdf/bin/python(_PyEval_EvalFrameDefault+0x696) [0x55c50a2c9606]
16  /opt/conda/envs/gdf/bin/python(+0x1e28a2) [0x55c50a37c8a2]
17  /opt/conda/envs/gdf/lib/python3.9/lib-dynload/_asyncio.cpython-39-x86_64-linux-gnu.so(+0x81e9) [0x7f6e83b7e1e9]
18  /opt/conda/envs/gdf/bin/python(_PyObject_MakeTpCall+0x2ec) [0x55c50a2d17ac]
19  /opt/conda/envs/gdf/bin/python(+0xf266c) [0x55c50a28c66c]
20  /opt/conda/envs/gdf/bin/python(+0x136833) [0x55c50a2d0833]
21  /opt/conda/envs/gdf/bin/python(_PyEval_EvalFrameDefault+0x58b4) [0x55c50a2ce824]
22  /opt/conda/envs/gdf/bin/python(+0x13f802) [0x55c50a2d9802]
23  /opt/conda/envs/gdf/bin/python(_PyEval_EvalFrameDefault+0x696) [0x55c50a2c9606]
24  /opt/conda/envs/gdf/bin/python(+0x13f802) [0x55c50a2d9802]
25  /opt/conda/envs/gdf/bin/python(_PyEval_EvalFrameDefault+0x696) [0x55c50a2c9606]
26  /opt/conda/envs/gdf/bin/python(+0x13f802) [0x55c50a2d9802]
27  /opt/conda/envs/gdf/bin/python(_PyEval_EvalFrameDefault+0x696) [0x55c50a2c9606]
28  /opt/conda/envs/gdf/bin/python(+0x13f802) [0x55c50a2d9802]
29  /opt/conda/envs/gdf/bin/python(_PyEval_EvalFrameDefault+0x696) [0x55c50a2c9606]
30  /opt/conda/envs/gdf/bin/python(+0x12e184) [0x55c50a2c8184]
31  /opt/conda/envs/gdf/bin/python(_PyFunction_Vectorcall+0xd9) [0x55c50a2d9559]
32  /opt/conda/envs/gdf/bin/python(_PyEval_EvalFrameDefault+0x11f2) [0x55c50a2ca162]
33  /opt/conda/envs/gdf/bin/python(+0x12e184) [0x55c50a2c8184]
34  /opt/conda/envs/gdf/bin/python(+0x14c9fb) [0x55c50a2e69fb]
35  /opt/conda/envs/gdf/bin/python(PyObject_Call+0xbc) [0x55c50a2e717c]
36  /opt/conda/envs/gdf/bin/python(+0x2109ce) [0x55c50a3aa9ce]
37  /opt/conda/envs/gdf/bin/python(_PyObject_MakeTpCall+0x2ec) [0x55c50a2d17ac]
38  /opt/conda/envs/gdf/bin/python(_PyEval_EvalFrameDefault+0x45a6) [0x55c50a2cd516]
39  /opt/conda/envs/gdf/bin/python(+0x13f802) [0x55c50a2d9802]
40  /opt/conda/envs/gdf/bin/python(+0x14cadc) [0x55c50a2e6adc]
41  /opt/conda/envs/gdf/bin/python(_PyEval_EvalFrameDefault+0x45a6) [0x55c50a2cd516]
42  /opt/conda/envs/gdf/bin/python(+0x13f802) [0x55c50a2d9802]
43  /opt/conda/envs/gdf/bin/python(_PyEval_EvalFrameDefault+0x696) [0x55c50a2c9606]
44  /opt/conda/envs/gdf/bin/python(+0x12e184) [0x55c50a2c8184]
45  /opt/conda/envs/gdf/bin/python(_PyFunction_Vectorcall+0xd9) [0x55c50a2d9559]
46  /opt/conda/envs/gdf/bin/python(_PyEval_EvalFrameDefault+0x696) [0x55c50a2c9606]
47  /opt/conda/envs/gdf/bin/python(+0x13f802) [0x55c50a2d9802]
48  /opt/conda/envs/gdf/bin/python(_PyEval_EvalFrameDefault+0x3e2) [0x55c50a2c9352]
49  /opt/conda/envs/gdf/bin/python(+0x12e184) [0x55c50a2c8184]
50  /opt/conda/envs/gdf/bin/python(_PyFunction_Vectorcall+0xd9) [0x55c50a2d9559]
51  /opt/conda/envs/gdf/bin/python(_PyEval_EvalFrameDefault+0x11f2) [0x55c50a2ca162]
52  /opt/conda/envs/gdf/bin/python(+0x12e184) [0x55c50a2c8184]
53  /opt/conda/envs/gdf/bin/python(_PyEval_EvalCodeWithName+0x48) [0x55c50a2c7e58]
54  /opt/conda/envs/gdf/bin/python(PyEval_EvalCodeEx+0x39) [0x55c50a2c7e09]
55  /opt/conda/envs/gdf/bin/python(PyEval_EvalCode+0x1b) [0x55c50a3754ab]
56  /opt/conda/envs/gdf/bin/python(+0x20887a) [0x55c50a3a287a]
57  /opt/conda/envs/gdf/bin/python(+0x204c03) [0x55c50a39ec03]
58  /opt/conda/envs/gdf/bin/python(PyRun_StringFlags+0x9a) [0x55c50a396a1a]
59  /opt/conda/envs/gdf/bin/python(PyRun_SimpleStringFlags+0x3c) [0x55c50a39690c]
60  /opt/conda/envs/gdf/bin/python(Py_RunMain+0x267) [0x55c50a395b47]
61  /opt/conda/envs/gdf/bin/python(Py_BytesMain+0x37) [0x55c50a3692e7]
=================================
[dgx13:91482:0:91482] Caught signal 11 (Segmentation fault: address not mapped to object at address 0x450)
==== backtrace (tid:  91482) ====
 0  /opt/conda/envs/gdf/lib/libucs.so.0(ucs_handle_error+0x2fd) [0x7f9b67043dad]
 1  /opt/conda/envs/gdf/lib/libucs.so.0(+0x2dfa4) [0x7f9b67043fa4]
 2  /opt/conda/envs/gdf/lib/libucs.so.0(+0x2e16a) [0x7f9b6704416a]
 3  /usr/lib/x86_64-linux-gnu/libpthread.so.0(+0x14420) [0x7f9ba4d1c420]
 4  /opt/conda/envs/gdf/lib/libucp.so.0(ucp_mem_type_unpack+0x17) [0x7f9b670c8bd7]
 5  /opt/conda/envs/gdf/lib/libucp.so.0(ucp_rndv_data_handler+0x66d) [0x7f9b670f3bad]
 6  /opt/conda/envs/gdf/lib/libuct.so.0(+0x21cbf) [0x7f9b66ff9cbf]
 7  /opt/conda/envs/gdf/lib/libuct.so.0(+0x24ed8) [0x7f9b66ffced8]
 8  /opt/conda/envs/gdf/lib/libucs.so.0(ucs_event_set_wait+0xb9) [0x7f9b6704d609]
 9  /opt/conda/envs/gdf/lib/libuct.so.0(uct_tcp_iface_progress+0x7d) [0x7f9b66ffbfdd]
10  /opt/conda/envs/gdf/lib/libucp.so.0(ucp_worker_progress+0x5a) [0x7f9b670c592a]
11  /opt/conda/envs/gdf/lib/python3.9/site-packages/ucp/_libs/ucx_api.cpython-39-x86_64-linux-gnu.so(+0x3206a) [0x7f9b6718806a]
12  /opt/conda/envs/gdf/bin/python(_PyEval_EvalFrameDefault+0x45a6) [0x55ccca170516]
13  /opt/conda/envs/gdf/bin/python(+0x12e184) [0x55ccca16b184]
14  /opt/conda/envs/gdf/bin/python(_PyFunction_Vectorcall+0xd9) [0x55ccca17c559]
15  /opt/conda/envs/gdf/bin/python(_PyEval_EvalFrameDefault+0x696) [0x55ccca16c606]
16  /opt/conda/envs/gdf/bin/python(+0x1e28a2) [0x55ccca21f8a2]
17  /opt/conda/envs/gdf/lib/python3.9/lib-dynload/_asyncio.cpython-39-x86_64-linux-gnu.so(+0x81e9) [0x7f9b981c11e9]
18  /opt/conda/envs/gdf/bin/python(_PyObject_MakeTpCall+0x2ec) [0x55ccca1747ac]
19  /opt/conda/envs/gdf/bin/python(+0xf266c) [0x55ccca12f66c]
20  /opt/conda/envs/gdf/bin/python(+0x136833) [0x55ccca173833]
21  /opt/conda/envs/gdf/bin/python(_PyEval_EvalFrameDefault+0x58b4) [0x55ccca171824]
22  /opt/conda/envs/gdf/bin/python(+0x13f802) [0x55ccca17c802]
23  /opt/conda/envs/gdf/bin/python(_PyEval_EvalFrameDefault+0x696) [0x55ccca16c606]
24  /opt/conda/envs/gdf/bin/python(+0x13f802) [0x55ccca17c802]
25  /opt/conda/envs/gdf/bin/python(_PyEval_EvalFrameDefault+0x696) [0x55ccca16c606]
26  /opt/conda/envs/gdf/bin/python(+0x13f802) [0x55ccca17c802]
27  /opt/conda/envs/gdf/bin/python(_PyEval_EvalFrameDefault+0x696) [0x55ccca16c606]
28  /opt/conda/envs/gdf/bin/python(+0x13f802) [0x55ccca17c802]
29  /opt/conda/envs/gdf/bin/python(_PyEval_EvalFrameDefault+0x696) [0x55ccca16c606]
30  /opt/conda/envs/gdf/bin/python(+0x12e184) [0x55ccca16b184]
31  /opt/conda/envs/gdf/bin/python(_PyFunction_Vectorcall+0xd9) [0x55ccca17c559]
32  /opt/conda/envs/gdf/bin/python(_PyEval_EvalFrameDefault+0x11f2) [0x55ccca16d162]
33  /opt/conda/envs/gdf/bin/python(+0x12e184) [0x55ccca16b184]
34  /opt/conda/envs/gdf/bin/python(+0x14c9fb) [0x55ccca1899fb]
35  /opt/conda/envs/gdf/bin/python(PyObject_Call+0xbc) [0x55ccca18a17c]
36  /opt/conda/envs/gdf/bin/python(+0x2109ce) [0x55ccca24d9ce]
37  /opt/conda/envs/gdf/bin/python(_PyObject_MakeTpCall+0x2ec) [0x55ccca1747ac]
38  /opt/conda/envs/gdf/bin/python(_PyEval_EvalFrameDefault+0x45a6) [0x55ccca170516]
39  /opt/conda/envs/gdf/bin/python(+0x13f802) [0x55ccca17c802]
40  /opt/conda/envs/gdf/bin/python(+0x14cadc) [0x55ccca189adc]
41  /opt/conda/envs/gdf/bin/python(_PyEval_EvalFrameDefault+0x45a6) [0x55ccca170516]
42  /opt/conda/envs/gdf/bin/python(+0x13f802) [0x55ccca17c802]
43  /opt/conda/envs/gdf/bin/python(_PyEval_EvalFrameDefault+0x696) [0x55ccca16c606]
44  /opt/conda/envs/gdf/bin/python(+0x12e184) [0x55ccca16b184]
45  /opt/conda/envs/gdf/bin/python(_PyFunction_Vectorcall+0xd9) [0x55ccca17c559]
46  /opt/conda/envs/gdf/bin/python(_PyEval_EvalFrameDefault+0x696) [0x55ccca16c606]
47  /opt/conda/envs/gdf/bin/python(+0x13f802) [0x55ccca17c802]
48  /opt/conda/envs/gdf/bin/python(_PyEval_EvalFrameDefault+0x3e2) [0x55ccca16c352]
49  /opt/conda/envs/gdf/bin/python(+0x12e184) [0x55ccca16b184]
50  /opt/conda/envs/gdf/bin/python(_PyFunction_Vectorcall+0xd9) [0x55ccca17c559]
51  /opt/conda/envs/gdf/bin/python(_PyEval_EvalFrameDefault+0x11f2) [0x55ccca16d162]
52  /opt/conda/envs/gdf/bin/python(+0x12e184) [0x55ccca16b184]
53  /opt/conda/envs/gdf/bin/python(_PyEval_EvalCodeWithName+0x48) [0x55ccca16ae58]
54  /opt/conda/envs/gdf/bin/python(PyEval_EvalCodeEx+0x39) [0x55ccca16ae09]
55  /opt/conda/envs/gdf/bin/python(PyEval_EvalCode+0x1b) [0x55ccca2184ab]
56  /opt/conda/envs/gdf/bin/python(+0x20887a) [0x55ccca24587a]
57  /opt/conda/envs/gdf/bin/python(+0x204c03) [0x55ccca241c03]
58  /opt/conda/envs/gdf/bin/python(PyRun_StringFlags+0x9a) [0x55ccca239a1a]
59  /opt/conda/envs/gdf/bin/python(PyRun_SimpleStringFlags+0x3c) [0x55ccca23990c]
60  /opt/conda/envs/gdf/bin/python(Py_RunMain+0x267) [0x55ccca238b47]
61  /opt/conda/envs/gdf/bin/python(Py_BytesMain+0x37) [0x55ccca20c2e7]
=================================
Task exception was never retrieved
future: <Task finished name='Task-459' coro=<_listener_handler_coroutine() done, defined at /opt/conda/envs/gdf/lib/python3.9/site-packages/ucp/core.py:140> exception=UCXError('<stream_send>: Connection reset by remote peer')>
Traceback (most recent call last):
  File "/opt/conda/envs/gdf/lib/python3.9/site-packages/ucp/core.py", line 155, in _listener_handler_coroutine
    peer_info = await exchange_peer_info(
  File "/opt/conda/envs/gdf/lib/python3.9/site-packages/ucp/core.py", line 51, in exchange_peer_info
    await asyncio.wait_for(
  File "/opt/conda/envs/gdf/lib/python3.9/asyncio/tasks.py", line 479, in wait_for
    return fut.result()
ucp._libs.exceptions.UCXError: <stream_send>: Connection reset by remote peer
2024-05-24 05:57:36,751 - distributed.scheduler - WARNING - Removing worker 'ucx://127.0.0.1:49017' caused the cluster to lose already computed task(s), which will be recomputed elsewhere: {('split-taskshuffle-6069670213e233d5016755b29b3e54d4', 5, 6), ('split-taskshuffle-6069670213e233d5016755b29b3e54d4', 3, 6), ('split-taskshuffle-6069670213e233d5016755b29b3e54d4', 4, 6), ('split-taskshuffle-6069670213e233d5016755b29b3e54d4', 0, 6), ('split-taskshuffle-6069670213e233d5016755b29b3e54d4', 6, 6), ('split-taskshuffle-6069670213e233d5016755b29b3e54d4', 1, 6), ('split-taskshuffle-6069670213e233d5016755b29b3e54d4', 7, 6), ('split-taskshuffle-6069670213e233d5016755b29b3e54d4', 2, 6), ('generate_chunk-_to_string_dtype-26fc8ffd6cffe3bf06a052b526402c5c', 5)} (stimulus_id='handle-worker-cleanup-1716530256.7516673')
2024-05-24 05:57:36,759 - distributed.worker - ERROR - Worker stream died during communication: ucx://127.0.0.1:49017
Traceback (most recent call last):
  File "/opt/conda/envs/gdf/lib/python3.9/site-packages/distributed/comm/ucx.py", line 467, in connect
    ep = await ucp.create_endpoint(ip, port)
  File "/opt/conda/envs/gdf/lib/python3.9/site-packages/ucp/core.py", line 1016, in create_endpoint
    return await _get_ctx().create_endpoint(
  File "/opt/conda/envs/gdf/lib/python3.9/site-packages/ucp/core.py", line 328, in create_endpoint
    peer_info = await exchange_peer_info(
  File "/opt/conda/envs/gdf/lib/python3.9/site-packages/ucp/core.py", line 60, in exchange_peer_info
    await asyncio.wait_for(
  File "/opt/conda/envs/gdf/lib/python3.9/asyncio/tasks.py", line 479, in wait_for
    return fut.result()
ucp._libs.exceptions.UCXError: <stream_recv>: Connection reset by remote peer

During handling of the above exception, another exception occurred:

Traceback (most recent call last):
  File "/opt/conda/envs/gdf/lib/python3.9/site-packages/distributed/comm/core.py", line 342, in connect
    comm = await wait_for(
  File "/opt/conda/envs/gdf/lib/python3.9/site-packages/distributed/utils.py", line 1961, in wait_for
    return await asyncio.wait_for(fut, timeout)
  File "/opt/conda/envs/gdf/lib/python3.9/asyncio/tasks.py", line 479, in wait_for
    return fut.result()
  File "/opt/conda/envs/gdf/lib/python3.9/site-packages/distributed/comm/ucx.py", line 469, in connect
    raise CommClosedError("Connection closed before handshake completed")
distributed.comm.core.CommClosedError: Connection closed before handshake completed

During handling of the above exception, another exception occurred:

Traceback (most recent call last):
  File "/opt/conda/envs/gdf/lib/python3.9/site-packages/distributed/core.py", line 1564, in _connect
    comm = await connect(
  File "/opt/conda/envs/gdf/lib/python3.9/site-packages/distributed/comm/core.py", line 366, in connect
    await asyncio.sleep(backoff)
  File "/opt/conda/envs/gdf/lib/python3.9/asyncio/tasks.py", line 652, in sleep
    return await future
asyncio.exceptions.CancelledError

During handling of the above exception, another exception occurred:

Traceback (most recent call last):
  File "/opt/conda/envs/gdf/lib/python3.9/site-packages/distributed/core.py", line 1674, in connect
    return connect_attempt.result()
asyncio.exceptions.CancelledError

During handling of the above exception, another exception occurred:

Traceback (most recent call last):
  File "/opt/conda/envs/gdf/lib/python3.9/site-packages/distributed/worker.py", line 2059, in gather_dep
    response = await get_data_from_worker(
  File "/opt/conda/envs/gdf/lib/python3.9/site-packages/distributed/worker.py", line 2860, in get_data_from_worker
    comm = await rpc.connect(worker)
  File "/opt/conda/envs/gdf/lib/python3.9/site-packages/distributed/core.py", line 1676, in connect
    raise CommClosedError(reason)
distributed.comm.core.CommClosedError: Address removed.
Task exception was never retrieved
future: <Task finished name='Task-435' coro=<_listener_handler_coroutine() done, defined at /opt/conda/envs/gdf/lib/python3.9/site-packages/ucp/core.py:140> exception=UCXError('<stream_send>: Connection reset by remote peer')>
Traceback (most recent call last):
  File "/opt/conda/envs/gdf/lib/python3.9/site-packages/ucp/core.py", line 155, in _listener_handler_coroutine
    peer_info = await exchange_peer_info(
  File "/opt/conda/envs/gdf/lib/python3.9/site-packages/ucp/core.py", line 51, in exchange_peer_info
    await asyncio.wait_for(
  File "/opt/conda/envs/gdf/lib/python3.9/asyncio/tasks.py", line 479, in wait_for
    return fut.result()
ucp._libs.exceptions.UCXError: <stream_send>: Connection reset by remote peer
Task exception was never retrieved
future: <Task finished name='Task-647' coro=<_listener_handler_coroutine() done, defined at /opt/conda/envs/gdf/lib/python3.9/site-packages/ucp/core.py:140> exception=UCXError('<stream_send>: Connection reset by remote peer')>
Traceback (most recent call last):
  File "/opt/conda/envs/gdf/lib/python3.9/site-packages/ucp/core.py", line 155, in _listener_handler_coroutine
    peer_info = await exchange_peer_info(
  File "/opt/conda/envs/gdf/lib/python3.9/site-packages/ucp/core.py", line 51, in exchange_peer_info
    await asyncio.wait_for(
  File "/opt/conda/envs/gdf/lib/python3.9/asyncio/tasks.py", line 479, in wait_for
    return fut.result()
ucp._libs.exceptions.UCXError: <stream_send>: Connection reset by remote peer
2024-05-24 05:57:36,814 - distributed.scheduler - WARNING - Removing worker 'ucx://127.0.0.1:36819' caused the cluster to lose already computed task(s), which will be recomputed elsewhere: {('split-taskshuffle-6069670213e233d5016755b29b3e54d4', 3, 7), ('split-taskshuffle-6069670213e233d5016755b29b3e54d4', 6, 7), ('split-taskshuffle-6069670213e233d5016755b29b3e54d4', 1, 7), ('split-taskshuffle-6069670213e233d5016755b29b3e54d4', 4, 7), ('split-taskshuffle-6069670213e233d5016755b29b3e54d4', 7, 7), ('split-taskshuffle-6069670213e233d5016755b29b3e54d4', 2, 7), ('generate_chunk-_to_string_dtype-26fc8ffd6cffe3bf06a052b526402c5c', 7), ('split-taskshuffle-6069670213e233d5016755b29b3e54d4', 0, 7), ('split-taskshuffle-6069670213e233d5016755b29b3e54d4', 5, 7)} (stimulus_id='handle-worker-cleanup-1716530256.8138542')
2024-05-24 05:57:36,813 - distributed.worker - ERROR - Worker stream died during communication: ucx://127.0.0.1:36819
Traceback (most recent call last):
  File "/opt/conda/envs/gdf/lib/python3.9/site-packages/distributed/comm/ucx.py", line 392, in read
    await self.ep.recv(each_frame)
  File "/opt/conda/envs/gdf/lib/python3.9/site-packages/ucp/core.py", line 737, in recv
    ret = await comm.tag_recv(self._ep, buffer, nbytes, tag, name=log)
ucp._libs.exceptions.UCXCanceled: <[Recv #008] ep: 0x7f1eac7871c0, tag: 0xaa53a60132b96195, nbytes: 100000000, type: <class 'rmm._lib.device_buffer.DeviceBuffer'>>: 

During handling of the above exception, another exception occurred:

Traceback (most recent call last):
  File "/opt/conda/envs/gdf/lib/python3.9/site-packages/distributed/worker.py", line 2059, in gather_dep
    response = await get_data_from_worker(
  File "/opt/conda/envs/gdf/lib/python3.9/site-packages/distributed/worker.py", line 2863, in get_data_from_worker
    response = await send_recv(
  File "/opt/conda/envs/gdf/lib/python3.9/site-packages/distributed/core.py", line 1154, in send_recv
    response = await comm.read(deserializers=deserializers)
  File "/opt/conda/envs/gdf/lib/python3.9/site-packages/distributed/utils.py", line 832, in wrapper
    return await func(*args, **kwargs)
  File "/opt/conda/envs/gdf/lib/python3.9/site-packages/distributed/comm/ucx.py", line 398, in read
    raise CommClosedError(
distributed.comm.core.CommClosedError: Connection closed by writer.
Inner exception: UCXCanceled("<[Recv #008] ep: 0x7f1eac7871c0, tag: 0xaa53a60132b96195, nbytes: 100000000, type: <class 'rmm._lib.device_buffer.DeviceBuffer'>>: ")
2024-05-24 05:57:36,815 - distributed.worker - ERROR - Worker stream died during communication: ucx://127.0.0.1:45059
Traceback (most recent call last):
  File "/opt/conda/envs/gdf/lib/python3.9/site-packages/distributed/comm/ucx.py", line 392, in read
    await self.ep.recv(each_frame)
  File "/opt/conda/envs/gdf/lib/python3.9/site-packages/ucp/core.py", line 737, in recv
    ret = await comm.tag_recv(self._ep, buffer, nbytes, tag, name=log)
ucp._libs.exceptions.UCXError: <[Recv #007] ep: 0x7f1eac787200, tag: 0x8055bc4fcf4b6624, nbytes: 100000000, type: <class 'rmm._lib.device_buffer.DeviceBuffer'>>: Connection reset by remote peer

During handling of the above exception, another exception occurred:

Traceback (most recent call last):
  File "/opt/conda/envs/gdf/lib/python3.9/site-packages/distributed/worker.py", line 2059, in gather_dep
    response = await get_data_from_worker(
  File "/opt/conda/envs/gdf/lib/python3.9/site-packages/distributed/worker.py", line 2863, in get_data_from_worker
    response = await send_recv(
  File "/opt/conda/envs/gdf/lib/python3.9/site-packages/distributed/core.py", line 1154, in send_recv
    response = await comm.read(deserializers=deserializers)
  File "/opt/conda/envs/gdf/lib/python3.9/site-packages/distributed/utils.py", line 832, in wrapper
    return await func(*args, **kwargs)
  File "/opt/conda/envs/gdf/lib/python3.9/site-packages/distributed/comm/ucx.py", line 398, in read
    raise CommClosedError(
distributed.comm.core.CommClosedError: Connection closed by writer.
Inner exception: UCXError("<[Recv #007] ep: 0x7f1eac787200, tag: 0x8055bc4fcf4b6624, nbytes: 100000000, type: <class 'rmm._lib.device_buffer.DeviceBuffer'>>: Connection reset by remote peer")
2024-05-24 05:57:36,823 - distributed.scheduler - WARNING - Removing worker 'ucx://127.0.0.1:45059' caused the cluster to lose already computed task(s), which will be recomputed elsewhere: {('split-taskshuffle-6069670213e233d5016755b29b3e54d4', 3, 4), ('split-taskshuffle-6069670213e233d5016755b29b3e54d4', 4, 4), ('split-taskshuffle-6069670213e233d5016755b29b3e54d4', 0, 4), ('split-taskshuffle-6069670213e233d5016755b29b3e54d4', 6, 4), ('split-taskshuffle-6069670213e233d5016755b29b3e54d4', 1, 4), ('split-taskshuffle-6069670213e233d5016755b29b3e54d4', 7, 4), ('split-taskshuffle-6069670213e233d5016755b29b3e54d4', 2, 4), ('generate_chunk-_to_string_dtype-26fc8ffd6cffe3bf06a052b526402c5c', 6), ('split-taskshuffle-6069670213e233d5016755b29b3e54d4', 5, 4)} (stimulus_id='handle-worker-cleanup-1716530256.8228796')
[dgx13:91478:0:91478] Caught signal 11 (Segmentation fault: address not mapped to object at address 0xa2c5)
==== backtrace (tid:  91478) ====
 0  /opt/conda/envs/gdf/lib/libucs.so.0(ucs_handle_error+0x2fd) [0x7f1ead2bfdad]
 1  /opt/conda/envs/gdf/lib/libucs.so.0(+0x2dfa4) [0x7f1ead2bffa4]
 2  /opt/conda/envs/gdf/lib/libucs.so.0(+0x2e16a) [0x7f1ead2c016a]
 3  /usr/lib/x86_64-linux-gnu/libpthread.so.0(+0x14420) [0x7f1eeae11420]
 4  /opt/conda/envs/gdf/lib/libucp.so.0(ucp_mem_type_unpack+0x17) [0x7f1ead344bd7]
 5  /opt/conda/envs/gdf/lib/libucp.so.0(ucp_rndv_data_handler+0x66d) [0x7f1ead36fbad]
 6  /opt/conda/envs/gdf/lib/libuct.so.0(+0x21cbf) [0x7f1ead275cbf]
 7  /opt/conda/envs/gdf/lib/libuct.so.0(+0x24ed8) [0x7f1ead278ed8]
 8  /opt/conda/envs/gdf/lib/libucs.so.0(ucs_event_set_wait+0xb9) [0x7f1ead2c9609]
 9  /opt/conda/envs/gdf/lib/libuct.so.0(uct_tcp_iface_progress+0x7d) [0x7f1ead277fdd]
10  /opt/conda/envs/gdf/lib/libucp.so.0(ucp_worker_progress+0x5a) [0x7f1ead34192a]
11  /opt/conda/envs/gdf/lib/python3.9/site-packages/ucp/_libs/ucx_api.cpython-39-x86_64-linux-gnu.so(+0x3206a) [0x7f1ead40406a]
12  /opt/conda/envs/gdf/bin/python(_PyEval_EvalFrameDefault+0x45a6) [0x55d23a9a8516]
13  /opt/conda/envs/gdf/bin/python(+0x12e184) [0x55d23a9a3184]
14  /opt/conda/envs/gdf/bin/python(_PyFunction_Vectorcall+0xd9) [0x55d23a9b4559]
15  /opt/conda/envs/gdf/bin/python(_PyEval_EvalFrameDefault+0x696) [0x55d23a9a4606]
16  /opt/conda/envs/gdf/bin/python(+0x13f802) [0x55d23a9b4802]
17  /opt/conda/envs/gdf/bin/python(+0x14cbb3) [0x55d23a9c1bb3]
18  /opt/conda/envs/gdf/bin/python(+0x25842c) [0x55d23aacd42c]
19  /opt/conda/envs/gdf/bin/python(+0xf266c) [0x55d23a96766c]
20  /opt/conda/envs/gdf/bin/python(+0x136833) [0x55d23a9ab833]
21  /opt/conda/envs/gdf/bin/python(_PyEval_EvalFrameDefault+0x58b4) [0x55d23a9a9824]
22  /opt/conda/envs/gdf/bin/python(+0x13f802) [0x55d23a9b4802]
23  /opt/conda/envs/gdf/bin/python(_PyEval_EvalFrameDefault+0x696) [0x55d23a9a4606]
24  /opt/conda/envs/gdf/bin/python(+0x13f802) [0x55d23a9b4802]
25  /opt/conda/envs/gdf/bin/python(_PyEval_EvalFrameDefault+0x696) [0x55d23a9a4606]
26  /opt/conda/envs/gdf/bin/python(+0x13f802) [0x55d23a9b4802]
27  /opt/conda/envs/gdf/bin/python(_PyEval_EvalFrameDefault+0x696) [0x55d23a9a4606]
28  /opt/conda/envs/gdf/bin/python(+0x13f802) [0x55d23a9b4802]
29  /opt/conda/envs/gdf/bin/python(_PyEval_EvalFrameDefault+0x696) [0x55d23a9a4606]
30  /opt/conda/envs/gdf/bin/python(+0x12e184) [0x55d23a9a3184]
31  /opt/conda/envs/gdf/bin/python(_PyFunction_Vectorcall+0xd9) [0x55d23a9b4559]
32  /opt/conda/envs/gdf/bin/python(_PyEval_EvalFrameDefault+0x11f2) [0x55d23a9a5162]
33  /opt/conda/envs/gdf/bin/python(+0x12e184) [0x55d23a9a3184]
34  /opt/conda/envs/gdf/bin/python(+0x14c9fb) [0x55d23a9c19fb]
35  /opt/conda/envs/gdf/bin/python(PyObject_Call+0xbc) [0x55d23a9c217c]
36  /opt/conda/envs/gdf/bin/python(+0x2109ce) [0x55d23aa859ce]
37  /opt/conda/envs/gdf/bin/python(_PyObject_MakeTpCall+0x2ec) [0x55d23a9ac7ac]
38  /opt/conda/envs/gdf/bin/python(_PyEval_EvalFrameDefault+0x45a6) [0x55d23a9a8516]
39  /opt/conda/envs/gdf/bin/python(+0x13f802) [0x55d23a9b4802]
40  /opt/conda/envs/gdf/bin/python(+0x14cadc) [0x55d23a9c1adc]
41  /opt/conda/envs/gdf/bin/python(_PyEval_EvalFrameDefault+0x45a6) [0x55d23a9a8516]
42  /opt/conda/envs/gdf/bin/python(+0x13f802) [0x55d23a9b4802]
43  /opt/conda/envs/gdf/bin/python(_PyEval_EvalFrameDefault+0x696) [0x55d23a9a4606]
44  /opt/conda/envs/gdf/bin/python(+0x12e184) [0x55d23a9a3184]
45  /opt/conda/envs/gdf/bin/python(_PyFunction_Vectorcall+0xd9) [0x55d23a9b4559]
46  /opt/conda/envs/gdf/bin/python(_PyEval_EvalFrameDefault+0x696) [0x55d23a9a4606]
47  /opt/conda/envs/gdf/bin/python(+0x13f802) [0x55d23a9b4802]
48  /opt/conda/envs/gdf/bin/python(_PyEval_EvalFrameDefault+0x3e2) [0x55d23a9a4352]
49  /opt/conda/envs/gdf/bin/python(+0x12e184) [0x55d23a9a3184]
50  /opt/conda/envs/gdf/bin/python(_PyFunction_Vectorcall+0xd9) [0x55d23a9b4559]
51  /opt/conda/envs/gdf/bin/python(_PyEval_EvalFrameDefault+0x11f2) [0x55d23a9a5162]
52  /opt/conda/envs/gdf/bin/python(+0x12e184) [0x55d23a9a3184]
53  /opt/conda/envs/gdf/bin/python(_PyEval_EvalCodeWithName+0x48) [0x55d23a9a2e58]
54  /opt/conda/envs/gdf/bin/python(PyEval_EvalCodeEx+0x39) [0x55d23a9a2e09]
55  /opt/conda/envs/gdf/bin/python(PyEval_EvalCode+0x1b) [0x55d23aa504ab]
56  /opt/conda/envs/gdf/bin/python(+0x20887a) [0x55d23aa7d87a]
57  /opt/conda/envs/gdf/bin/python(+0x204c03) [0x55d23aa79c03]
58  /opt/conda/envs/gdf/bin/python(PyRun_StringFlags+0x9a) [0x55d23aa71a1a]
59  /opt/conda/envs/gdf/bin/python(PyRun_SimpleStringFlags+0x3c) [0x55d23aa7190c]
60  /opt/conda/envs/gdf/bin/python(Py_RunMain+0x267) [0x55d23aa70b47]
61  /opt/conda/envs/gdf/bin/python(Py_BytesMain+0x37) [0x55d23aa442e7]
=================================
2024-05-24 05:57:36,851 - distributed.worker - ERROR - failed during get data with ucx://127.0.0.1:51963 -> ucx://127.0.0.1:49017
Traceback (most recent call last):
  File "/opt/conda/envs/gdf/lib/python3.9/site-packages/distributed/comm/ucx.py", line 334, in write
    await self.ep.send(each_frame)
  File "/opt/conda/envs/gdf/lib/python3.9/site-packages/ucp/core.py", line 662, in send
    return await comm.tag_send(self._ep, buffer, nbytes, tag, name=log)
ucp._libs.exceptions.UCXError: <[Send #007] ep: 0x7f7aa26f62c0, tag: 0xc03f4dc44f39b22f, nbytes: 100000000, type: <class 'cudf.core.buffer.buffer.Buffer'>>: Connection reset by remote peer

During handling of the above exception, another exception occurred:

Traceback (most recent call last):
  File "/opt/conda/envs/gdf/lib/python3.9/site-packages/distributed/worker.py", line 1782, in get_data
    compressed = await comm.write(msg, serializers=serializers)
  File "/opt/conda/envs/gdf/lib/python3.9/site-packages/distributed/utils.py", line 832, in wrapper
    return await func(*args, **kwargs)
  File "/opt/conda/envs/gdf/lib/python3.9/site-packages/distributed/comm/ucx.py", line 338, in write
    raise CommClosedError("While writing, the connection was closed")
distributed.comm.core.CommClosedError: While writing, the connection was closed
2024-05-24 05:57:36,854 - distributed.worker - ERROR - Worker stream died during communication: ucx://127.0.0.1:49017
Traceback (most recent call last):
  File "/opt/conda/envs/gdf/lib/python3.9/site-packages/distributed/comm/ucx.py", line 392, in read
    await self.ep.recv(each_frame)
  File "/opt/conda/envs/gdf/lib/python3.9/site-packages/ucp/core.py", line 737, in recv
    ret = await comm.tag_recv(self._ep, buffer, nbytes, tag, name=log)
ucp._libs.exceptions.UCXError: <[Recv #007] ep: 0x7f7aa26f61c0, tag: 0xe3080ab0ac6af19e, nbytes: 100000000, type: <class 'rmm._lib.device_buffer.DeviceBuffer'>>: Connection reset by remote peer

During handling of the above exception, another exception occurred:

Traceback (most recent call last):
  File "/opt/conda/envs/gdf/lib/python3.9/site-packages/distributed/worker.py", line 2059, in gather_dep
    response = await get_data_from_worker(
  File "/opt/conda/envs/gdf/lib/python3.9/site-packages/distributed/worker.py", line 2863, in get_data_from_worker
    response = await send_recv(
  File "/opt/conda/envs/gdf/lib/python3.9/site-packages/distributed/core.py", line 1154, in send_recv
    response = await comm.read(deserializers=deserializers)
  File "/opt/conda/envs/gdf/lib/python3.9/site-packages/distributed/utils.py", line 832, in wrapper
    return await func(*args, **kwargs)
  File "/opt/conda/envs/gdf/lib/python3.9/site-packages/distributed/comm/ucx.py", line 398, in read
    raise CommClosedError(
distributed.comm.core.CommClosedError: Connection closed by writer.
Inner exception: UCXError("<[Recv #007] ep: 0x7f7aa26f61c0, tag: 0xe3080ab0ac6af19e, nbytes: 100000000, type: <class 'rmm._lib.device_buffer.DeviceBuffer'>>: Connection reset by remote peer")
2024-05-24 05:57:36,854 - distributed.worker - ERROR - Worker stream died during communication: ucx://127.0.0.1:36819
Traceback (most recent call last):
  File "/opt/conda/envs/gdf/lib/python3.9/site-packages/distributed/comm/ucx.py", line 392, in read
    await self.ep.recv(each_frame)
  File "/opt/conda/envs/gdf/lib/python3.9/site-packages/ucp/core.py", line 737, in recv
    ret = await comm.tag_recv(self._ep, buffer, nbytes, tag, name=log)
ucp._libs.exceptions.UCXError: <[Recv #007] ep: 0x7f7aa26f6100, tag: 0xd8149dcbfb7305ff, nbytes: 100000000, type: <class 'rmm._lib.device_buffer.DeviceBuffer'>>: Connection reset by remote peer

During handling of the above exception, another exception occurred:

Traceback (most recent call last):
  File "/opt/conda/envs/gdf/lib/python3.9/site-packages/distributed/worker.py", line 2059, in gather_dep
    response = await get_data_from_worker(
  File "/opt/conda/envs/gdf/lib/python3.9/site-packages/distributed/worker.py", line 2863, in get_data_from_worker
    response = await send_recv(
  File "/opt/conda/envs/gdf/lib/python3.9/site-packages/distributed/core.py", line 1154, in send_recv
    response = await comm.read(deserializers=deserializers)
  File "/opt/conda/envs/gdf/lib/python3.9/site-packages/distributed/utils.py", line 832, in wrapper
    return await func(*args, **kwargs)
  File "/opt/conda/envs/gdf/lib/python3.9/site-packages/distributed/comm/ucx.py", line 398, in read
    raise CommClosedError(
distributed.comm.core.CommClosedError: Connection closed by writer.
Inner exception: UCXError("<[Recv #007] ep: 0x7f7aa26f6100, tag: 0xd8149dcbfb7305ff, nbytes: 100000000, type: <class 'rmm._lib.device_buffer.DeviceBuffer'>>: Connection reset by remote peer")
2024-05-24 05:57:36,855 - distributed.nanny - WARNING - Restarting worker
2024-05-24 05:57:36,855 - distributed.worker - ERROR - Worker stream died during communication: ucx://127.0.0.1:45059
Traceback (most recent call last):
  File "/opt/conda/envs/gdf/lib/python3.9/site-packages/distributed/comm/ucx.py", line 392, in read
    await self.ep.recv(each_frame)
  File "/opt/conda/envs/gdf/lib/python3.9/site-packages/ucp/core.py", line 737, in recv
    ret = await comm.tag_recv(self._ep, buffer, nbytes, tag, name=log)
ucp._libs.exceptions.UCXCanceled: <[Recv #008] ep: 0x7f7aa26f6140, tag: 0x7dfd1b45930e66ef, nbytes: 100000000, type: <class 'rmm._lib.device_buffer.DeviceBuffer'>>: 

During handling of the above exception, another exception occurred:

Traceback (most recent call last):
  File "/opt/conda/envs/gdf/lib/python3.9/site-packages/distributed/worker.py", line 2059, in gather_dep
    response = await get_data_from_worker(
  File "/opt/conda/envs/gdf/lib/python3.9/site-packages/distributed/worker.py", line 2863, in get_data_from_worker
    response = await send_recv(
  File "/opt/conda/envs/gdf/lib/python3.9/site-packages/distributed/core.py", line 1154, in send_recv
    response = await comm.read(deserializers=deserializers)
  File "/opt/conda/envs/gdf/lib/python3.9/site-packages/distributed/utils.py", line 832, in wrapper
    return await func(*args, **kwargs)
  File "/opt/conda/envs/gdf/lib/python3.9/site-packages/distributed/comm/ucx.py", line 398, in read
    raise CommClosedError(
distributed.comm.core.CommClosedError: Connection closed by writer.
Inner exception: UCXCanceled("<[Recv #008] ep: 0x7f7aa26f6140, tag: 0x7dfd1b45930e66ef, nbytes: 100000000, type: <class 'rmm._lib.device_buffer.DeviceBuffer'>>: ")
Task exception was never retrieved
future: <Task finished name='Task-434' coro=<_listener_handler_coroutine() done, defined at /opt/conda/envs/gdf/lib/python3.9/site-packages/ucp/core.py:140> exception=UCXError('<stream_send>: Connection reset by remote peer')>
Traceback (most recent call last):
  File "/opt/conda/envs/gdf/lib/python3.9/site-packages/ucp/core.py", line 155, in _listener_handler_coroutine
    peer_info = await exchange_peer_info(
  File "/opt/conda/envs/gdf/lib/python3.9/site-packages/ucp/core.py", line 51, in exchange_peer_info
    await asyncio.wait_for(
  File "/opt/conda/envs/gdf/lib/python3.9/asyncio/tasks.py", line 479, in wait_for
    return fut.result()
ucp._libs.exceptions.UCXError: <stream_send>: Connection reset by remote peer
Task exception was never retrieved
future: <Task finished name='Task-437' coro=<_listener_handler_coroutine() done, defined at /opt/conda/envs/gdf/lib/python3.9/site-packages/ucp/core.py:140> exception=UCXError('<stream_recv>: Connection reset by remote peer')>
Traceback (most recent call last):
  File "/opt/conda/envs/gdf/lib/python3.9/site-packages/ucp/core.py", line 155, in _listener_handler_coroutine
    peer_info = await exchange_peer_info(
  File "/opt/conda/envs/gdf/lib/python3.9/site-packages/ucp/core.py", line 55, in exchange_peer_info
    await asyncio.wait_for(
  File "/opt/conda/envs/gdf/lib/python3.9/asyncio/tasks.py", line 479, in wait_for
    return fut.result()
ucp._libs.exceptions.UCXError: <stream_recv>: Connection reset by remote peer
2024-05-24 05:57:36,861 - distributed.worker - ERROR - Worker stream died during communication: ucx://127.0.0.1:36819
Traceback (most recent call last):
  File "/opt/conda/envs/gdf/lib/python3.9/site-packages/distributed/comm/ucx.py", line 350, in read
    await self.ep.recv(msg)
  File "/opt/conda/envs/gdf/lib/python3.9/site-packages/ucp/core.py", line 737, in recv
    ret = await comm.tag_recv(self._ep, buffer, nbytes, tag, name=log)
ucp._libs.exceptions.UCXCanceled: <[Recv #003] ep: 0x7f014158e280, tag: 0x845119d4df7a8039, nbytes: 16, type: <class 'numpy.ndarray'>>: 

During handling of the above exception, another exception occurred:

Traceback (most recent call last):
  File "/opt/conda/envs/gdf/lib/python3.9/site-packages/distributed/worker.py", line 2059, in gather_dep
    response = await get_data_from_worker(
  File "/opt/conda/envs/gdf/lib/python3.9/site-packages/distributed/worker.py", line 2863, in get_data_from_worker
    response = await send_recv(
  File "/opt/conda/envs/gdf/lib/python3.9/site-packages/distributed/core.py", line 1154, in send_recv
    response = await comm.read(deserializers=deserializers)
  File "/opt/conda/envs/gdf/lib/python3.9/site-packages/distributed/utils.py", line 832, in wrapper
    return await func(*args, **kwargs)
  File "/opt/conda/envs/gdf/lib/python3.9/site-packages/distributed/comm/ucx.py", line 368, in read
    raise CommClosedError(
distributed.comm.core.CommClosedError: Connection closed by writer.
Inner exception: UCXCanceled("<[Recv #003] ep: 0x7f014158e280, tag: 0x845119d4df7a8039, nbytes: 16, type: <class 'numpy.ndarray'>>: ")
2024-05-24 05:57:36,900 - distributed.worker - ERROR - failed during get data with ucx://127.0.0.1:57153 -> ucx://127.0.0.1:56463
Traceback (most recent call last):
  File "/opt/conda/envs/gdf/lib/python3.9/site-packages/distributed/comm/ucx.py", line 334, in write
    await self.ep.send(each_frame)
  File "/opt/conda/envs/gdf/lib/python3.9/site-packages/ucp/core.py", line 662, in send
    return await comm.tag_send(self._ep, buffer, nbytes, tag, name=log)
ucp._libs.exceptions.UCXError: <[Send #007] ep: 0x7f014158e440, tag: 0x83baa2c95799deaa, nbytes: 100000000, type: <class 'cudf.core.buffer.buffer.Buffer'>>: Connection reset by remote peer

During handling of the above exception, another exception occurred:

Traceback (most recent call last):
  File "/opt/conda/envs/gdf/lib/python3.9/site-packages/distributed/worker.py", line 1782, in get_data
    compressed = await comm.write(msg, serializers=serializers)
  File "/opt/conda/envs/gdf/lib/python3.9/site-packages/distributed/utils.py", line 832, in wrapper
    return await func(*args, **kwargs)
  File "/opt/conda/envs/gdf/lib/python3.9/site-packages/distributed/comm/ucx.py", line 338, in write
    raise CommClosedError("While writing, the connection was closed")
distributed.comm.core.CommClosedError: While writing, the connection was closed
2024-05-24 05:57:36,901 - distributed.worker - ERROR - Worker stream died during communication: ucx://127.0.0.1:56463
Traceback (most recent call last):
  File "/opt/conda/envs/gdf/lib/python3.9/site-packages/distributed/comm/ucx.py", line 350, in read
    await self.ep.recv(msg)
  File "/opt/conda/envs/gdf/lib/python3.9/site-packages/ucp/core.py", line 737, in recv
    ret = await comm.tag_recv(self._ep, buffer, nbytes, tag, name=log)
ucp._libs.exceptions.UCXCanceled: <[Recv #003] ep: 0x7f014158e2c0, tag: 0x5eb42229d7ced7ee, nbytes: 16, type: <class 'numpy.ndarray'>>: 

During handling of the above exception, another exception occurred:

Traceback (most recent call last):
  File "/opt/conda/envs/gdf/lib/python3.9/site-packages/distributed/worker.py", line 2059, in gather_dep
    response = await get_data_from_worker(
  File "/opt/conda/envs/gdf/lib/python3.9/site-packages/distributed/worker.py", line 2863, in get_data_from_worker
    response = await send_recv(
  File "/opt/conda/envs/gdf/lib/python3.9/site-packages/distributed/core.py", line 1154, in send_recv
    response = await comm.read(deserializers=deserializers)
  File "/opt/conda/envs/gdf/lib/python3.9/site-packages/distributed/utils.py", line 832, in wrapper
    return await func(*args, **kwargs)
  File "/opt/conda/envs/gdf/lib/python3.9/site-packages/distributed/comm/ucx.py", line 368, in read
    raise CommClosedError(
distributed.comm.core.CommClosedError: Connection closed by writer.
Inner exception: UCXCanceled("<[Recv #003] ep: 0x7f014158e2c0, tag: 0x5eb42229d7ced7ee, nbytes: 16, type: <class 'numpy.ndarray'>>: ")
2024-05-24 05:57:36,902 - distributed.scheduler - WARNING - Removing worker 'ucx://127.0.0.1:56463' caused the cluster to lose already computed task(s), which will be recomputed elsewhere: {('generate_chunk-_to_string_dtype-26fc8ffd6cffe3bf06a052b526402c5c', 1), ('split-taskshuffle-6069670213e233d5016755b29b3e54d4', 0, 0), ('split-taskshuffle-6069670213e233d5016755b29b3e54d4', 6, 0), ('split-taskshuffle-6069670213e233d5016755b29b3e54d4', 1, 0), ('split-taskshuffle-6069670213e233d5016755b29b3e54d4', 4, 0), ('split-taskshuffle-6069670213e233d5016755b29b3e54d4', 7, 0), ('split-taskshuffle-6069670213e233d5016755b29b3e54d4', 2, 0), ('split-taskshuffle-6069670213e233d5016755b29b3e54d4', 3, 0), ('split-taskshuffle-6069670213e233d5016755b29b3e54d4', 5, 0)} (stimulus_id='handle-worker-cleanup-1716530256.9017975')
2024-05-24 05:57:36,907 - distributed.worker - ERROR - Worker stream died during communication: ucx://127.0.0.1:56463
Traceback (most recent call last):
  File "/opt/conda/envs/gdf/lib/python3.9/site-packages/distributed/comm/ucx.py", line 392, in read
    await self.ep.recv(each_frame)
  File "/opt/conda/envs/gdf/lib/python3.9/site-packages/ucp/core.py", line 737, in recv
    ret = await comm.tag_recv(self._ep, buffer, nbytes, tag, name=log)
ucp._libs.exceptions.UCXCanceled: <[Recv #008] ep: 0x7f7aa26f6200, tag: 0xa348edcd7ce2160b, nbytes: 100000000, type: <class 'rmm._lib.device_buffer.DeviceBuffer'>>: 

During handling of the above exception, another exception occurred:

Traceback (most recent call last):
  File "/opt/conda/envs/gdf/lib/python3.9/site-packages/distributed/worker.py", line 2059, in gather_dep
    response = await get_data_from_worker(
  File "/opt/conda/envs/gdf/lib/python3.9/site-packages/distributed/worker.py", line 2863, in get_data_from_worker
    response = await send_recv(
  File "/opt/conda/envs/gdf/lib/python3.9/site-packages/distributed/core.py", line 1154, in send_recv
    response = await comm.read(deserializers=deserializers)
  File "/opt/conda/envs/gdf/lib/python3.9/site-packages/distributed/utils.py", line 832, in wrapper
    return await func(*args, **kwargs)
  File "/opt/conda/envs/gdf/lib/python3.9/site-packages/distributed/comm/ucx.py", line 398, in read
    raise CommClosedError(
distributed.comm.core.CommClosedError: Connection closed by writer.
Inner exception: UCXCanceled("<[Recv #008] ep: 0x7f7aa26f6200, tag: 0xa348edcd7ce2160b, nbytes: 100000000, type: <class 'rmm._lib.device_buffer.DeviceBuffer'>>: ")
2024-05-24 05:57:36,919 - distributed.nanny - WARNING - Restarting worker
2024-05-24 05:57:36,945 - distributed.nanny - WARNING - Restarting worker
2024-05-24 05:57:36,978 - distributed.nanny - WARNING - Restarting worker
2024-05-24 05:57:36,988 - distributed.worker - ERROR - Worker stream died during communication: ucx://127.0.0.1:36819
Traceback (most recent call last):
  File "/opt/conda/envs/gdf/lib/python3.9/site-packages/distributed/comm/ucx.py", line 350, in read
    await self.ep.recv(msg)
  File "/opt/conda/envs/gdf/lib/python3.9/site-packages/ucp/core.py", line 737, in recv
    ret = await comm.tag_recv(self._ep, buffer, nbytes, tag, name=log)
ucp._libs.exceptions.UCXCanceled: <[Recv #003] ep: 0x7f87c8e0e1c0, tag: 0x578bc5d06edece8d, nbytes: 16, type: <class 'numpy.ndarray'>>: 

During handling of the above exception, another exception occurred:

Traceback (most recent call last):
  File "/opt/conda/envs/gdf/lib/python3.9/site-packages/distributed/worker.py", line 2059, in gather_dep
    response = await get_data_from_worker(
  File "/opt/conda/envs/gdf/lib/python3.9/site-packages/distributed/worker.py", line 2863, in get_data_from_worker
    response = await send_recv(
  File "/opt/conda/envs/gdf/lib/python3.9/site-packages/distributed/core.py", line 1154, in send_recv
    response = await comm.read(deserializers=deserializers)
  File "/opt/conda/envs/gdf/lib/python3.9/site-packages/distributed/utils.py", line 832, in wrapper
    return await func(*args, **kwargs)
  File "/opt/conda/envs/gdf/lib/python3.9/site-packages/distributed/comm/ucx.py", line 368, in read
    raise CommClosedError(
distributed.comm.core.CommClosedError: Connection closed by writer.
Inner exception: UCXCanceled("<[Recv #003] ep: 0x7f87c8e0e1c0, tag: 0x578bc5d06edece8d, nbytes: 16, type: <class 'numpy.ndarray'>>: ")
2024-05-24 05:57:36,992 - distributed.worker - ERROR - Worker stream died during communication: ucx://127.0.0.1:45059
Traceback (most recent call last):
  File "/opt/conda/envs/gdf/lib/python3.9/site-packages/distributed/comm/ucx.py", line 350, in read
    await self.ep.recv(msg)
  File "/opt/conda/envs/gdf/lib/python3.9/site-packages/ucp/core.py", line 737, in recv
    ret = await comm.tag_recv(self._ep, buffer, nbytes, tag, name=log)
ucp._libs.exceptions.UCXCanceled: <[Recv #000] ep: 0x7f87c8e0e240, tag: 0x98d5223234cdb885, nbytes: 16, type: <class 'numpy.ndarray'>>: 

During handling of the above exception, another exception occurred:

Traceback (most recent call last):
  File "/opt/conda/envs/gdf/lib/python3.9/site-packages/distributed/worker.py", line 2059, in gather_dep
    response = await get_data_from_worker(
  File "/opt/conda/envs/gdf/lib/python3.9/site-packages/distributed/worker.py", line 2860, in get_data_from_worker
    comm = await rpc.connect(worker)
  File "/opt/conda/envs/gdf/lib/python3.9/site-packages/distributed/core.py", line 1674, in connect
    return connect_attempt.result()
  File "/opt/conda/envs/gdf/lib/python3.9/site-packages/distributed/core.py", line 1564, in _connect
    comm = await connect(
  File "/opt/conda/envs/gdf/lib/python3.9/site-packages/distributed/comm/core.py", line 377, in connect
    handshake = await comm.read()
  File "/opt/conda/envs/gdf/lib/python3.9/site-packages/distributed/utils.py", line 832, in wrapper
    return await func(*args, **kwargs)
  File "/opt/conda/envs/gdf/lib/python3.9/site-packages/distributed/comm/ucx.py", line 368, in read
    raise CommClosedError(
distributed.comm.core.CommClosedError: Connection closed by writer.
Inner exception: UCXCanceled("<[Recv #000] ep: 0x7f87c8e0e240, tag: 0x98d5223234cdb885, nbytes: 16, type: <class 'numpy.ndarray'>>: ")
2024-05-24 05:57:36,996 - distributed.worker - ERROR - failed during get data with ucx://127.0.0.1:55579 -> ucx://127.0.0.1:56463
Traceback (most recent call last):
  File "/opt/conda/envs/gdf/lib/python3.9/site-packages/distributed/comm/ucx.py", line 334, in write
    await self.ep.send(each_frame)
  File "/opt/conda/envs/gdf/lib/python3.9/site-packages/ucp/core.py", line 662, in send
    return await comm.tag_send(self._ep, buffer, nbytes, tag, name=log)
ucp._libs.exceptions.UCXError: <[Send #007] ep: 0x7f87c8e0e2c0, tag: 0x357ba26d67339d09, nbytes: 100000000, type: <class 'cudf.core.buffer.buffer.Buffer'>>: Connection reset by remote peer

During handling of the above exception, another exception occurred:

Traceback (most recent call last):
  File "/opt/conda/envs/gdf/lib/python3.9/site-packages/distributed/worker.py", line 1782, in get_data
    compressed = await comm.write(msg, serializers=serializers)
  File "/opt/conda/envs/gdf/lib/python3.9/site-packages/distributed/utils.py", line 832, in wrapper
    return await func(*args, **kwargs)
  File "/opt/conda/envs/gdf/lib/python3.9/site-packages/distributed/comm/ucx.py", line 338, in write
    raise CommClosedError("While writing, the connection was closed")
distributed.comm.core.CommClosedError: While writing, the connection was closed
2024-05-24 05:57:37,020 - distributed.worker - ERROR - failed during get data with ucx://127.0.0.1:55579 -> ucx://127.0.0.1:45059
Traceback (most recent call last):
  File "/opt/conda/envs/gdf/lib/python3.9/site-packages/distributed/comm/ucx.py", line 334, in write
    await self.ep.send(each_frame)
  File "/opt/conda/envs/gdf/lib/python3.9/site-packages/ucp/core.py", line 662, in send
    return await comm.tag_send(self._ep, buffer, nbytes, tag, name=log)
ucp._libs.exceptions.UCXError: <[Send #007] ep: 0x7f87c8e0e300, tag: 0x318e935f8780e927, nbytes: 100000000, type: <class 'cudf.core.buffer.buffer.Buffer'>>: Connection reset by remote peer

During handling of the above exception, another exception occurred:

Traceback (most recent call last):
  File "/opt/conda/envs/gdf/lib/python3.9/site-packages/distributed/worker.py", line 1782, in get_data
    compressed = await comm.write(msg, serializers=serializers)
  File "/opt/conda/envs/gdf/lib/python3.9/site-packages/distributed/utils.py", line 832, in wrapper
    return await func(*args, **kwargs)
  File "/opt/conda/envs/gdf/lib/python3.9/site-packages/distributed/comm/ucx.py", line 338, in write
    raise CommClosedError("While writing, the connection was closed")
distributed.comm.core.CommClosedError: While writing, the connection was closed
2024-05-24 05:57:37,021 - distributed.worker - ERROR - Worker stream died during communication: ucx://127.0.0.1:56463
Traceback (most recent call last):
  File "/opt/conda/envs/gdf/lib/python3.9/site-packages/distributed/comm/ucx.py", line 392, in read
    await self.ep.recv(each_frame)
  File "/opt/conda/envs/gdf/lib/python3.9/site-packages/ucp/core.py", line 737, in recv
    ret = await comm.tag_recv(self._ep, buffer, nbytes, tag, name=log)
ucp._libs.exceptions.UCXError: <[Recv #007] ep: 0x7f87c8e0e100, tag: 0x45b733a63d42297d, nbytes: 100000000, type: <class 'rmm._lib.device_buffer.DeviceBuffer'>>: Connection reset by remote peer

During handling of the above exception, another exception occurred:

Traceback (most recent call last):
  File "/opt/conda/envs/gdf/lib/python3.9/site-packages/distributed/worker.py", line 2059, in gather_dep
    response = await get_data_from_worker(
  File "/opt/conda/envs/gdf/lib/python3.9/site-packages/distributed/worker.py", line 2863, in get_data_from_worker
    response = await send_recv(
  File "/opt/conda/envs/gdf/lib/python3.9/site-packages/distributed/core.py", line 1154, in send_recv
    response = await comm.read(deserializers=deserializers)
  File "/opt/conda/envs/gdf/lib/python3.9/site-packages/distributed/utils.py", line 832, in wrapper
    return await func(*args, **kwargs)
  File "/opt/conda/envs/gdf/lib/python3.9/site-packages/distributed/comm/ucx.py", line 398, in read
    raise CommClosedError(
distributed.comm.core.CommClosedError: Connection closed by writer.
Inner exception: UCXError("<[Recv #007] ep: 0x7f87c8e0e100, tag: 0x45b733a63d42297d, nbytes: 100000000, type: <class 'rmm._lib.device_buffer.DeviceBuffer'>>: Connection reset by remote peer")
2024-05-24 05:57:37,083 - distributed.scheduler - WARNING - Removing worker 'ucx://127.0.0.1:53231' caused the cluster to lose already computed task(s), which will be recomputed elsewhere: {('split-taskshuffle-6069670213e233d5016755b29b3e54d4', 3, 3), ('split-taskshuffle-6069670213e233d5016755b29b3e54d4', 4, 3), ('generate_chunk-_to_string_dtype-26fc8ffd6cffe3bf06a052b526402c5c', 3), ('split-taskshuffle-6069670213e233d5016755b29b3e54d4', 0, 3), ('split-taskshuffle-6069670213e233d5016755b29b3e54d4', 6, 3), ('split-taskshuffle-6069670213e233d5016755b29b3e54d4', 1, 3), ('split-taskshuffle-6069670213e233d5016755b29b3e54d4', 7, 3), ('split-taskshuffle-6069670213e233d5016755b29b3e54d4', 2, 3), ('split-taskshuffle-6069670213e233d5016755b29b3e54d4', 5, 3)} (stimulus_id='handle-worker-cleanup-1716530257.0832334')
2024-05-24 05:57:37,088 - distributed.worker - ERROR - failed during get data with ucx://127.0.0.1:57153 -> ucx://127.0.0.1:53231
Traceback (most recent call last):
  File "/opt/conda/envs/gdf/lib/python3.9/site-packages/distributed/comm/ucx.py", line 334, in write
    await self.ep.send(each_frame)
  File "/opt/conda/envs/gdf/lib/python3.9/site-packages/ucp/core.py", line 662, in send
    return await comm.tag_send(self._ep, buffer, nbytes, tag, name=log)
ucp._libs.exceptions.UCXError: <[Send #007] ep: 0x7f014158e140, tag: 0x29b220f2c7fc0c53, nbytes: 100000000, type: <class 'cudf.core.buffer.buffer.Buffer'>>: Connection reset by remote peer

During handling of the above exception, another exception occurred:

Traceback (most recent call last):
  File "/opt/conda/envs/gdf/lib/python3.9/site-packages/distributed/worker.py", line 1782, in get_data
    compressed = await comm.write(msg, serializers=serializers)
  File "/opt/conda/envs/gdf/lib/python3.9/site-packages/distributed/utils.py", line 832, in wrapper
    return await func(*args, **kwargs)
  File "/opt/conda/envs/gdf/lib/python3.9/site-packages/distributed/comm/ucx.py", line 338, in write
    raise CommClosedError("While writing, the connection was closed")
distributed.comm.core.CommClosedError: While writing, the connection was closed
2024-05-24 05:57:37,089 - distributed.worker - ERROR - Worker stream died during communication: ucx://127.0.0.1:53231
Traceback (most recent call last):
  File "/opt/conda/envs/gdf/lib/python3.9/site-packages/distributed/comm/ucx.py", line 350, in read
    await self.ep.recv(msg)
  File "/opt/conda/envs/gdf/lib/python3.9/site-packages/ucp/core.py", line 737, in recv
    ret = await comm.tag_recv(self._ep, buffer, nbytes, tag, name=log)
ucp._libs.exceptions.UCXCanceled: <[Recv #003] ep: 0x7f014158e180, tag: 0x4ddba615da975c3d, nbytes: 16, type: <class 'numpy.ndarray'>>: 

During handling of the above exception, another exception occurred:

Traceback (most recent call last):
  File "/opt/conda/envs/gdf/lib/python3.9/site-packages/distributed/worker.py", line 2059, in gather_dep
    response = await get_data_from_worker(
  File "/opt/conda/envs/gdf/lib/python3.9/site-packages/distributed/worker.py", line 2863, in get_data_from_worker
    response = await send_recv(
  File "/opt/conda/envs/gdf/lib/python3.9/site-packages/distributed/core.py", line 1154, in send_recv
    response = await comm.read(deserializers=deserializers)
  File "/opt/conda/envs/gdf/lib/python3.9/site-packages/distributed/utils.py", line 832, in wrapper
    return await func(*args, **kwargs)
  File "/opt/conda/envs/gdf/lib/python3.9/site-packages/distributed/comm/ucx.py", line 368, in read
    raise CommClosedError(
distributed.comm.core.CommClosedError: Connection closed by writer.
Inner exception: UCXCanceled("<[Recv #003] ep: 0x7f014158e180, tag: 0x4ddba615da975c3d, nbytes: 16, type: <class 'numpy.ndarray'>>: ")
2024-05-24 05:57:37,102 - distributed.worker - ERROR - Worker stream died during communication: ucx://127.0.0.1:53231
Traceback (most recent call last):
  File "/opt/conda/envs/gdf/lib/python3.9/site-packages/distributed/comm/ucx.py", line 350, in read
    await self.ep.recv(msg)
  File "/opt/conda/envs/gdf/lib/python3.9/site-packages/ucp/core.py", line 737, in recv
    ret = await comm.tag_recv(self._ep, buffer, nbytes, tag, name=log)
ucp._libs.exceptions.UCXCanceled: <[Recv #003] ep: 0x7f87c8e0e200, tag: 0x234f3431f41cefd4, nbytes: 16, type: <class 'numpy.ndarray'>>: 

During handling of the above exception, another exception occurred:

Traceback (most recent call last):
  File "/opt/conda/envs/gdf/lib/python3.9/site-packages/distributed/worker.py", line 2059, in gather_dep
    response = await get_data_from_worker(
  File "/opt/conda/envs/gdf/lib/python3.9/site-packages/distributed/worker.py", line 2863, in get_data_from_worker
    response = await send_recv(
  File "/opt/conda/envs/gdf/lib/python3.9/site-packages/distributed/core.py", line 1154, in send_recv
    response = await comm.read(deserializers=deserializers)
  File "/opt/conda/envs/gdf/lib/python3.9/site-packages/distributed/utils.py", line 832, in wrapper
    return await func(*args, **kwargs)
  File "/opt/conda/envs/gdf/lib/python3.9/site-packages/distributed/comm/ucx.py", line 368, in read
    raise CommClosedError(
distributed.comm.core.CommClosedError: Connection closed by writer.
Inner exception: UCXCanceled("<[Recv #003] ep: 0x7f87c8e0e200, tag: 0x234f3431f41cefd4, nbytes: 16, type: <class 'numpy.ndarray'>>: ")
2024-05-24 05:57:37,219 - distributed.worker - ERROR - failed during get data with ucx://127.0.0.1:51963 -> ucx://127.0.0.1:53231
Traceback (most recent call last):
  File "/opt/conda/envs/gdf/lib/python3.9/site-packages/distributed/comm/ucx.py", line 334, in write
    await self.ep.send(each_frame)
  File "/opt/conda/envs/gdf/lib/python3.9/site-packages/ucp/core.py", line 662, in send
    return await comm.tag_send(self._ep, buffer, nbytes, tag, name=log)
ucp._libs.exceptions.UCXError: <[Send #007] ep: 0x7f7aa26f6300, tag: 0x5ff1864f096be385, nbytes: 100000000, type: <class 'cudf.core.buffer.buffer.Buffer'>>: Connection reset by remote peer

During handling of the above exception, another exception occurred:

Traceback (most recent call last):
  File "/opt/conda/envs/gdf/lib/python3.9/site-packages/distributed/worker.py", line 1782, in get_data
    compressed = await comm.write(msg, serializers=serializers)
  File "/opt/conda/envs/gdf/lib/python3.9/site-packages/distributed/utils.py", line 832, in wrapper
    return await func(*args, **kwargs)
  File "/opt/conda/envs/gdf/lib/python3.9/site-packages/distributed/comm/ucx.py", line 338, in write
    raise CommClosedError("While writing, the connection was closed")
distributed.comm.core.CommClosedError: While writing, the connection was closed
2024-05-24 05:57:37,219 - distributed.worker - ERROR - Worker stream died during communication: ucx://127.0.0.1:53231
Traceback (most recent call last):
  File "/opt/conda/envs/gdf/lib/python3.9/site-packages/distributed/comm/ucx.py", line 392, in read
    await self.ep.recv(each_frame)
  File "/opt/conda/envs/gdf/lib/python3.9/site-packages/ucp/core.py", line 737, in recv
    ret = await comm.tag_recv(self._ep, buffer, nbytes, tag, name=log)
ucp._libs.exceptions.UCXError: <[Recv #007] ep: 0x7f7aa26f6280, tag: 0xb09278827b52c4aa, nbytes: 100000000, type: <class 'rmm._lib.device_buffer.DeviceBuffer'>>: Connection reset by remote peer

During handling of the above exception, another exception occurred:

Traceback (most recent call last):
  File "/opt/conda/envs/gdf/lib/python3.9/site-packages/distributed/worker.py", line 2059, in gather_dep
    response = await get_data_from_worker(
  File "/opt/conda/envs/gdf/lib/python3.9/site-packages/distributed/worker.py", line 2863, in get_data_from_worker
    response = await send_recv(
  File "/opt/conda/envs/gdf/lib/python3.9/site-packages/distributed/core.py", line 1154, in send_recv
    response = await comm.read(deserializers=deserializers)
  File "/opt/conda/envs/gdf/lib/python3.9/site-packages/distributed/utils.py", line 832, in wrapper
    return await func(*args, **kwargs)
  File "/opt/conda/envs/gdf/lib/python3.9/site-packages/distributed/comm/ucx.py", line 398, in read
    raise CommClosedError(
distributed.comm.core.CommClosedError: Connection closed by writer.
Inner exception: UCXError("<[Recv #007] ep: 0x7f7aa26f6280, tag: 0xb09278827b52c4aa, nbytes: 100000000, type: <class 'rmm._lib.device_buffer.DeviceBuffer'>>: Connection reset by remote peer")
2024-05-24 05:57:37,220 - distributed.worker - ERROR - failed during get data with ucx://127.0.0.1:51963 -> ucx://127.0.0.1:36819
Traceback (most recent call last):
  File "/opt/conda/envs/gdf/lib/python3.9/site-packages/distributed/comm/ucx.py", line 334, in write
    await self.ep.send(each_frame)
  File "/opt/conda/envs/gdf/lib/python3.9/site-packages/ucp/core.py", line 662, in send
    return await comm.tag_send(self._ep, buffer, nbytes, tag, name=log)
ucp._libs.exceptions.UCXError: <[Send #007] ep: 0x7f7aa26f63c0, tag: 0xe66c174a96f0ca29, nbytes: 100000000, type: <class 'cudf.core.buffer.buffer.Buffer'>>: Connection reset by remote peer

During handling of the above exception, another exception occurred:

Traceback (most recent call last):
  File "/opt/conda/envs/gdf/lib/python3.9/site-packages/distributed/worker.py", line 1782, in get_data
    compressed = await comm.write(msg, serializers=serializers)
  File "/opt/conda/envs/gdf/lib/python3.9/site-packages/distributed/utils.py", line 832, in wrapper
    return await func(*args, **kwargs)
  File "/opt/conda/envs/gdf/lib/python3.9/site-packages/distributed/comm/ucx.py", line 338, in write
    raise CommClosedError("While writing, the connection was closed")
distributed.comm.core.CommClosedError: While writing, the connection was closed
2024-05-24 05:57:37,220 - distributed.worker - ERROR - failed during get data with ucx://127.0.0.1:51963 -> ucx://127.0.0.1:45059
Traceback (most recent call last):
  File "/opt/conda/envs/gdf/lib/python3.9/site-packages/distributed/comm/ucx.py", line 334, in write
    await self.ep.send(each_frame)
  File "/opt/conda/envs/gdf/lib/python3.9/site-packages/ucp/core.py", line 662, in send
    return await comm.tag_send(self._ep, buffer, nbytes, tag, name=log)
ucp._libs.exceptions.UCXError: <[Send #007] ep: 0x7f7aa26f6400, tag: 0x1f311d57997d3e66, nbytes: 100000000, type: <class 'cudf.core.buffer.buffer.Buffer'>>: Connection reset by remote peer

During handling of the above exception, another exception occurred:

Traceback (most recent call last):
  File "/opt/conda/envs/gdf/lib/python3.9/site-packages/distributed/worker.py", line 1782, in get_data
    compressed = await comm.write(msg, serializers=serializers)
  File "/opt/conda/envs/gdf/lib/python3.9/site-packages/distributed/utils.py", line 832, in wrapper
    return await func(*args, **kwargs)
  File "/opt/conda/envs/gdf/lib/python3.9/site-packages/distributed/comm/ucx.py", line 338, in write
    raise CommClosedError("While writing, the connection was closed")
distributed.comm.core.CommClosedError: While writing, the connection was closed
2024-05-24 05:57:37,221 - distributed.worker - ERROR - failed during get data with ucx://127.0.0.1:51963 -> ucx://127.0.0.1:56463
Traceback (most recent call last):
  File "/opt/conda/envs/gdf/lib/python3.9/site-packages/distributed/comm/ucx.py", line 334, in write
    await self.ep.send(each_frame)
  File "/opt/conda/envs/gdf/lib/python3.9/site-packages/ucp/core.py", line 662, in send
    return await comm.tag_send(self._ep, buffer, nbytes, tag, name=log)
ucp._libs.exceptions.UCXError: <[Send #007] ep: 0x7f7aa26f6380, tag: 0xfb7ab66f9cabc298, nbytes: 100000000, type: <class 'cudf.core.buffer.buffer.Buffer'>>: Connection reset by remote peer

During handling of the above exception, another exception occurred:

Traceback (most recent call last):
  File "/opt/conda/envs/gdf/lib/python3.9/site-packages/distributed/worker.py", line 1782, in get_data
    compressed = await comm.write(msg, serializers=serializers)
  File "/opt/conda/envs/gdf/lib/python3.9/site-packages/distributed/utils.py", line 832, in wrapper
    return await func(*args, **kwargs)
  File "/opt/conda/envs/gdf/lib/python3.9/site-packages/distributed/comm/ucx.py", line 338, in write
    raise CommClosedError("While writing, the connection was closed")
distributed.comm.core.CommClosedError: While writing, the connection was closed
2024-05-24 05:57:37,224 - distributed.worker - ERROR - failed during get data with ucx://127.0.0.1:55579 -> ucx://127.0.0.1:53231
Traceback (most recent call last):
  File "/opt/conda/envs/gdf/lib/python3.9/site-packages/distributed/comm/ucx.py", line 334, in write
    await self.ep.send(each_frame)
  File "/opt/conda/envs/gdf/lib/python3.9/site-packages/ucp/core.py", line 662, in send
    return await comm.tag_send(self._ep, buffer, nbytes, tag, name=log)
ucp._libs.exceptions.UCXError: <[Send #008] ep: 0x7f87c8e0e380, tag: 0xb7f3befb7434975e, nbytes: 100000000, type: <class 'cudf.core.buffer.buffer.Buffer'>>: Connection reset by remote peer

During handling of the above exception, another exception occurred:

Traceback (most recent call last):
  File "/opt/conda/envs/gdf/lib/python3.9/site-packages/distributed/worker.py", line 1782, in get_data
    compressed = await comm.write(msg, serializers=serializers)
  File "/opt/conda/envs/gdf/lib/python3.9/site-packages/distributed/utils.py", line 832, in wrapper
    return await func(*args, **kwargs)
  File "/opt/conda/envs/gdf/lib/python3.9/site-packages/distributed/comm/ucx.py", line 338, in write
    raise CommClosedError("While writing, the connection was closed")
distributed.comm.core.CommClosedError: While writing, the connection was closed
2024-05-24 05:57:37,323 - distributed.nanny - WARNING - Restarting worker
/opt/conda/envs/gdf/lib/python3.9/multiprocessing/resource_tracker.py:216: UserWarning: resource_tracker: There appear to be 48 leaked semaphore objects to clean up at shutdown
  warnings.warn('resource_tracker: There appear to be %d '
