[dgx13:92373:0:92373] Caught signal 11 (Segmentation fault: address not mapped to object at address 0x450)
==== backtrace (tid:  92373) ====
 0  /opt/conda/envs/gdf/lib/libucs.so.0(ucs_handle_error+0x2fd) [0x7f20f0497dad]
 1  /opt/conda/envs/gdf/lib/libucs.so.0(+0x2dfa4) [0x7f20f0497fa4]
 2  /opt/conda/envs/gdf/lib/libucs.so.0(+0x2e16a) [0x7f20f049816a]
 3  /usr/lib/x86_64-linux-gnu/libpthread.so.0(+0x14420) [0x7f211c154420]
 4  /opt/conda/envs/gdf/lib/libucp.so.0(ucp_mem_type_unpack+0x17) [0x7f20f051d147]
 5  /opt/conda/envs/gdf/lib/libucp.so.0(ucp_rndv_data_handler+0x66d) [0x7f20f0547f1d]
 6  /opt/conda/envs/gdf/lib/libuct.so.0(+0x21c4f) [0x7f20f044dc4f]
 7  /opt/conda/envs/gdf/lib/libuct.so.0(+0x24e68) [0x7f20f0450e68]
 8  /opt/conda/envs/gdf/lib/libucs.so.0(ucs_event_set_wait+0xb9) [0x7f20f04a1619]
 9  /opt/conda/envs/gdf/lib/libuct.so.0(uct_tcp_iface_progress+0x7d) [0x7f20f044ff6d]
10  /opt/conda/envs/gdf/lib/libucp.so.0(ucp_worker_progress+0x5a) [0x7f20f0519e9a]
11  /opt/conda/envs/gdf/lib/python3.9/site-packages/ucp/_libs/ucx_api.cpython-39-x86_64-linux-gnu.so(+0x3206a) [0x7f20f05dc06a]
12  /opt/conda/envs/gdf/bin/python(_PyEval_EvalFrameDefault+0x45a6) [0x559834eb6516]
13  /opt/conda/envs/gdf/bin/python(+0x12e184) [0x559834eb1184]
14  /opt/conda/envs/gdf/bin/python(_PyFunction_Vectorcall+0xd9) [0x559834ec2559]
15  /opt/conda/envs/gdf/bin/python(_PyEval_EvalFrameDefault+0x696) [0x559834eb2606]
16  /opt/conda/envs/gdf/bin/python(+0x13f802) [0x559834ec2802]
17  /opt/conda/envs/gdf/bin/python(+0x14cbb3) [0x559834ecfbb3]
18  /opt/conda/envs/gdf/bin/python(+0x25842c) [0x559834fdb42c]
19  /opt/conda/envs/gdf/bin/python(+0xf266c) [0x559834e7566c]
20  /opt/conda/envs/gdf/bin/python(+0x136833) [0x559834eb9833]
21  /opt/conda/envs/gdf/bin/python(_PyEval_EvalFrameDefault+0x58b4) [0x559834eb7824]
22  /opt/conda/envs/gdf/bin/python(+0x13f802) [0x559834ec2802]
23  /opt/conda/envs/gdf/bin/python(_PyEval_EvalFrameDefault+0x696) [0x559834eb2606]
24  /opt/conda/envs/gdf/bin/python(+0x13f802) [0x559834ec2802]
25  /opt/conda/envs/gdf/bin/python(_PyEval_EvalFrameDefault+0x696) [0x559834eb2606]
26  /opt/conda/envs/gdf/bin/python(+0x13f802) [0x559834ec2802]
27  /opt/conda/envs/gdf/bin/python(_PyEval_EvalFrameDefault+0x696) [0x559834eb2606]
28  /opt/conda/envs/gdf/bin/python(+0x13f802) [0x559834ec2802]
29  /opt/conda/envs/gdf/bin/python(_PyEval_EvalFrameDefault+0x696) [0x559834eb2606]
30  /opt/conda/envs/gdf/bin/python(+0x12e184) [0x559834eb1184]
31  /opt/conda/envs/gdf/bin/python(_PyFunction_Vectorcall+0xd9) [0x559834ec2559]
32  /opt/conda/envs/gdf/bin/python(_PyEval_EvalFrameDefault+0x11f2) [0x559834eb3162]
33  /opt/conda/envs/gdf/bin/python(+0x12e184) [0x559834eb1184]
34  /opt/conda/envs/gdf/bin/python(+0x14c9fb) [0x559834ecf9fb]
35  /opt/conda/envs/gdf/bin/python(PyObject_Call+0xbc) [0x559834ed017c]
36  /opt/conda/envs/gdf/bin/python(+0x2109ce) [0x559834f939ce]
37  /opt/conda/envs/gdf/bin/python(_PyObject_MakeTpCall+0x2ec) [0x559834eba7ac]
38  /opt/conda/envs/gdf/bin/python(_PyEval_EvalFrameDefault+0x45a6) [0x559834eb6516]
39  /opt/conda/envs/gdf/bin/python(+0x13f802) [0x559834ec2802]
40  /opt/conda/envs/gdf/bin/python(+0x14cadc) [0x559834ecfadc]
41  /opt/conda/envs/gdf/bin/python(_PyEval_EvalFrameDefault+0x45a6) [0x559834eb6516]
42  /opt/conda/envs/gdf/bin/python(+0x13f802) [0x559834ec2802]
43  /opt/conda/envs/gdf/bin/python(_PyEval_EvalFrameDefault+0x696) [0x559834eb2606]
44  /opt/conda/envs/gdf/bin/python(+0x12e184) [0x559834eb1184]
45  /opt/conda/envs/gdf/bin/python(_PyFunction_Vectorcall+0xd9) [0x559834ec2559]
46  /opt/conda/envs/gdf/bin/python(_PyEval_EvalFrameDefault+0x696) [0x559834eb2606]
47  /opt/conda/envs/gdf/bin/python(+0x13f802) [0x559834ec2802]
48  /opt/conda/envs/gdf/bin/python(_PyEval_EvalFrameDefault+0x3e2) [0x559834eb2352]
49  /opt/conda/envs/gdf/bin/python(+0x12e184) [0x559834eb1184]
50  /opt/conda/envs/gdf/bin/python(_PyFunction_Vectorcall+0xd9) [0x559834ec2559]
51  /opt/conda/envs/gdf/bin/python(_PyEval_EvalFrameDefault+0x11f2) [0x559834eb3162]
52  /opt/conda/envs/gdf/bin/python(+0x12e184) [0x559834eb1184]
53  /opt/conda/envs/gdf/bin/python(_PyEval_EvalCodeWithName+0x48) [0x559834eb0e58]
54  /opt/conda/envs/gdf/bin/python(PyEval_EvalCodeEx+0x39) [0x559834eb0e09]
55  /opt/conda/envs/gdf/bin/python(PyEval_EvalCode+0x1b) [0x559834f5e4ab]
56  /opt/conda/envs/gdf/bin/python(+0x20887a) [0x559834f8b87a]
57  /opt/conda/envs/gdf/bin/python(+0x204c03) [0x559834f87c03]
58  /opt/conda/envs/gdf/bin/python(PyRun_StringFlags+0x9a) [0x559834f7fa1a]
59  /opt/conda/envs/gdf/bin/python(PyRun_SimpleStringFlags+0x3c) [0x559834f7f90c]
60  /opt/conda/envs/gdf/bin/python(Py_RunMain+0x267) [0x559834f7eb47]
61  /opt/conda/envs/gdf/bin/python(Py_BytesMain+0x37) [0x559834f522e7]
=================================
[dgx13:92365:0:92365] Caught signal 11 (Segmentation fault: address not mapped to object at address 0x450)
==== backtrace (tid:  92365) ====
 0  /opt/conda/envs/gdf/lib/libucs.so.0(ucs_handle_error+0x2fd) [0x7fca7067fdad]
 1  /opt/conda/envs/gdf/lib/libucs.so.0(+0x2dfa4) [0x7fca7067ffa4]
 2  /opt/conda/envs/gdf/lib/libucs.so.0(+0x2e16a) [0x7fca7068016a]
 3  /usr/lib/x86_64-linux-gnu/libpthread.so.0(+0x14420) [0x7fcaaa33f420]
 4  /opt/conda/envs/gdf/lib/libucp.so.0(ucp_mem_type_unpack+0x17) [0x7fca70705147]
 5  /opt/conda/envs/gdf/lib/libucp.so.0(ucp_rndv_data_handler+0x66d) [0x7fca7072ff1d]
 6  /opt/conda/envs/gdf/lib/libuct.so.0(+0x21c4f) [0x7fca70635c4f]
 7  /opt/conda/envs/gdf/lib/libuct.so.0(+0x24e68) [0x7fca70638e68]
 8  /opt/conda/envs/gdf/lib/libucs.so.0(ucs_event_set_wait+0xb9) [0x7fca70689619]
 9  /opt/conda/envs/gdf/lib/libuct.so.0(uct_tcp_iface_progress+0x7d) [0x7fca70637f6d]
10  /opt/conda/envs/gdf/lib/libucp.so.0(ucp_worker_progress+0x5a) [0x7fca70701e9a]
11  /opt/conda/envs/gdf/lib/python3.9/site-packages/ucp/_libs/ucx_api.cpython-39-x86_64-linux-gnu.so(+0x3206a) [0x7fca707c406a]
12  /opt/conda/envs/gdf/bin/python(_PyEval_EvalFrameDefault+0x45a6) [0x55e33de96516]
13  /opt/conda/envs/gdf/bin/python(+0x12e184) [0x55e33de91184]
14  /opt/conda/envs/gdf/bin/python(_PyFunction_Vectorcall+0xd9) [0x55e33dea2559]
15  /opt/conda/envs/gdf/bin/python(_PyEval_EvalFrameDefault+0x696) [0x55e33de92606]
16  /opt/conda/envs/gdf/bin/python(+0x1e28a2) [0x55e33df458a2]
17  /opt/conda/envs/gdf/lib/python3.9/lib-dynload/_asyncio.cpython-39-x86_64-linux-gnu.so(+0x81e9) [0x7fca9478f1e9]
18  /opt/conda/envs/gdf/bin/python(_PyObject_MakeTpCall+0x2ec) [0x55e33de9a7ac]
19  /opt/conda/envs/gdf/bin/python(+0xf266c) [0x55e33de5566c]
20  /opt/conda/envs/gdf/bin/python(+0x136833) [0x55e33de99833]
21  /opt/conda/envs/gdf/bin/python(_PyEval_EvalFrameDefault+0x58b4) [0x55e33de97824]
22  /opt/conda/envs/gdf/bin/python(+0x13f802) [0x55e33dea2802]
23  /opt/conda/envs/gdf/bin/python(_PyEval_EvalFrameDefault+0x696) [0x55e33de92606]
24  /opt/conda/envs/gdf/bin/python(+0x13f802) [0x55e33dea2802]
25  /opt/conda/envs/gdf/bin/python(_PyEval_EvalFrameDefault+0x696) [0x55e33de92606]
26  /opt/conda/envs/gdf/bin/python(+0x13f802) [0x55e33dea2802]
27  /opt/conda/envs/gdf/bin/python(_PyEval_EvalFrameDefault+0x696) [0x55e33de92606]
28  /opt/conda/envs/gdf/bin/python(+0x13f802) [0x55e33dea2802]
29  /opt/conda/envs/gdf/bin/python(_PyEval_EvalFrameDefault+0x696) [0x55e33de92606]
30  /opt/conda/envs/gdf/bin/python(+0x12e184) [0x55e33de91184]
31  /opt/conda/envs/gdf/bin/python(_PyFunction_Vectorcall+0xd9) [0x55e33dea2559]
32  /opt/conda/envs/gdf/bin/python(_PyEval_EvalFrameDefault+0x11f2) [0x55e33de93162]
33  /opt/conda/envs/gdf/bin/python(+0x12e184) [0x55e33de91184]
34  /opt/conda/envs/gdf/bin/python(+0x14c9fb) [0x55e33deaf9fb]
35  /opt/conda/envs/gdf/bin/python(PyObject_Call+0xbc) [0x55e33deb017c]
36  /opt/conda/envs/gdf/bin/python(+0x2109ce) [0x55e33df739ce]
37  /opt/conda/envs/gdf/bin/python(_PyObject_MakeTpCall+0x2ec) [0x55e33de9a7ac]
38  /opt/conda/envs/gdf/bin/python(_PyEval_EvalFrameDefault+0x45a6) [0x55e33de96516]
39  /opt/conda/envs/gdf/bin/python(+0x13f802) [0x55e33dea2802]
40  /opt/conda/envs/gdf/bin/python(+0x14cadc) [0x55e33deafadc]
41  /opt/conda/envs/gdf/bin/python(_PyEval_EvalFrameDefault+0x45a6) [0x55e33de96516]
42  /opt/conda/envs/gdf/bin/python(+0x13f802) [0x55e33dea2802]
43  /opt/conda/envs/gdf/bin/python(_PyEval_EvalFrameDefault+0x696) [0x55e33de92606]
44  /opt/conda/envs/gdf/bin/python(+0x12e184) [0x55e33de91184]
45  /opt/conda/envs/gdf/bin/python(_PyFunction_Vectorcall+0xd9) [0x55e33dea2559]
46  /opt/conda/envs/gdf/bin/python(_PyEval_EvalFrameDefault+0x696) [0x55e33de92606]
47  /opt/conda/envs/gdf/bin/python(+0x13f802) [0x55e33dea2802]
48  /opt/conda/envs/gdf/bin/python(_PyEval_EvalFrameDefault+0x3e2) [0x55e33de92352]
49  /opt/conda/envs/gdf/bin/python(+0x12e184) [0x55e33de91184]
50  /opt/conda/envs/gdf/bin/python(_PyFunction_Vectorcall+0xd9) [0x55e33dea2559]
51  /opt/conda/envs/gdf/bin/python(_PyEval_EvalFrameDefault+0x11f2) [0x55e33de93162]
52  /opt/conda/envs/gdf/bin/python(+0x12e184) [0x55e33de91184]
53  /opt/conda/envs/gdf/bin/python(_PyEval_EvalCodeWithName+0x48) [0x55e33de90e58]
54  /opt/conda/envs/gdf/bin/python(PyEval_EvalCodeEx+0x39) [0x55e33de90e09]
55  /opt/conda/envs/gdf/bin/python(PyEval_EvalCode+0x1b) [0x55e33df3e4ab]
56  /opt/conda/envs/gdf/bin/python(+0x20887a) [0x55e33df6b87a]
57  /opt/conda/envs/gdf/bin/python(+0x204c03) [0x55e33df67c03]
58  /opt/conda/envs/gdf/bin/python(PyRun_StringFlags+0x9a) [0x55e33df5fa1a]
59  /opt/conda/envs/gdf/bin/python(PyRun_SimpleStringFlags+0x3c) [0x55e33df5f90c]
60  /opt/conda/envs/gdf/bin/python(Py_RunMain+0x267) [0x55e33df5eb47]
61  /opt/conda/envs/gdf/bin/python(Py_BytesMain+0x37) [0x55e33df322e7]
=================================
[dgx13:92358:0:92358] Caught signal 11 (Segmentation fault: address not mapped to object at address 0x450)
==== backtrace (tid:  92358) ====
 0  /opt/conda/envs/gdf/lib/libucs.so.0(ucs_handle_error+0x2fd) [0x7fcc40d5fdad]
 1  /opt/conda/envs/gdf/lib/libucs.so.0(+0x2dfa4) [0x7fcc40d5ffa4]
 2  /opt/conda/envs/gdf/lib/libucs.so.0(+0x2e16a) [0x7fcc40d6016a]
 3  /usr/lib/x86_64-linux-gnu/libpthread.so.0(+0x14420) [0x7fcc7a888420]
 4  /opt/conda/envs/gdf/lib/libucp.so.0(ucp_mem_type_unpack+0x17) [0x7fcc40de5147]
 5  /opt/conda/envs/gdf/lib/libucp.so.0(ucp_rndv_data_handler+0x66d) [0x7fcc40e0ff1d]
 6  /opt/conda/envs/gdf/lib/libuct.so.0(+0x21c4f) [0x7fcc40d15c4f]
 7  /opt/conda/envs/gdf/lib/libuct.so.0(+0x24e68) [0x7fcc40d18e68]
 8  /opt/conda/envs/gdf/lib/libucs.so.0(ucs_event_set_wait+0xb9) [0x7fcc40d69619]
 9  /opt/conda/envs/gdf/lib/libuct.so.0(uct_tcp_iface_progress+0x7d) [0x7fcc40d17f6d]
10  /opt/conda/envs/gdf/lib/libucp.so.0(ucp_worker_progress+0x5a) [0x7fcc40de1e9a]
11  /opt/conda/envs/gdf/lib/python3.9/site-packages/ucp/_libs/ucx_api.cpython-39-x86_64-linux-gnu.so(+0x3206a) [0x7fcc40ea406a]
12  /opt/conda/envs/gdf/bin/python(_PyEval_EvalFrameDefault+0x45a6) [0x55891550a516]
13  /opt/conda/envs/gdf/bin/python(+0x12e184) [0x558915505184]
14  /opt/conda/envs/gdf/bin/python(_PyFunction_Vectorcall+0xd9) [0x558915516559]
15  /opt/conda/envs/gdf/bin/python(_PyEval_EvalFrameDefault+0x696) [0x558915506606]
16  /opt/conda/envs/gdf/bin/python(+0x1e28a2) [0x5589155b98a2]
17  /opt/conda/envs/gdf/lib/python3.9/lib-dynload/_asyncio.cpython-39-x86_64-linux-gnu.so(+0x81e9) [0x7fcc64cd71e9]
18  /opt/conda/envs/gdf/bin/python(_PyObject_MakeTpCall+0x2ec) [0x55891550e7ac]
19  /opt/conda/envs/gdf/bin/python(+0xf266c) [0x5589154c966c]
20  /opt/conda/envs/gdf/bin/python(+0x136833) [0x55891550d833]
21  /opt/conda/envs/gdf/bin/python(_PyEval_EvalFrameDefault+0x58b4) [0x55891550b824]
22  /opt/conda/envs/gdf/bin/python(+0x13f802) [0x558915516802]
23  /opt/conda/envs/gdf/bin/python(_PyEval_EvalFrameDefault+0x696) [0x558915506606]
24  /opt/conda/envs/gdf/bin/python(+0x13f802) [0x558915516802]
25  /opt/conda/envs/gdf/bin/python(_PyEval_EvalFrameDefault+0x696) [0x558915506606]
26  /opt/conda/envs/gdf/bin/python(+0x13f802) [0x558915516802]
27  /opt/conda/envs/gdf/bin/python(_PyEval_EvalFrameDefault+0x696) [0x558915506606]
28  /opt/conda/envs/gdf/bin/python(+0x13f802) [0x558915516802]
29  /opt/conda/envs/gdf/bin/python(_PyEval_EvalFrameDefault+0x696) [0x558915506606]
30  /opt/conda/envs/gdf/bin/python(+0x12e184) [0x558915505184]
31  /opt/conda/envs/gdf/bin/python(_PyFunction_Vectorcall+0xd9) [0x558915516559]
32  /opt/conda/envs/gdf/bin/python(_PyEval_EvalFrameDefault+0x11f2) [0x558915507162]
33  /opt/conda/envs/gdf/bin/python(+0x12e184) [0x558915505184]
34  /opt/conda/envs/gdf/bin/python(+0x14c9fb) [0x5589155239fb]
35  /opt/conda/envs/gdf/bin/python(PyObject_Call+0xbc) [0x55891552417c]
36  /opt/conda/envs/gdf/bin/python(+0x2109ce) [0x5589155e79ce]
37  /opt/conda/envs/gdf/bin/python(_PyObject_MakeTpCall+0x2ec) [0x55891550e7ac]
38  /opt/conda/envs/gdf/bin/python(_PyEval_EvalFrameDefault+0x45a6) [0x55891550a516]
39  /opt/conda/envs/gdf/bin/python(+0x13f802) [0x558915516802]
40  /opt/conda/envs/gdf/bin/python(+0x14cadc) [0x558915523adc]
41  /opt/conda/envs/gdf/bin/python(_PyEval_EvalFrameDefault+0x45a6) [0x55891550a516]
42  /opt/conda/envs/gdf/bin/python(+0x13f802) [0x558915516802]
43  /opt/conda/envs/gdf/bin/python(_PyEval_EvalFrameDefault+0x696) [0x558915506606]
44  /opt/conda/envs/gdf/bin/python(+0x12e184) [0x558915505184]
45  /opt/conda/envs/gdf/bin/python(_PyFunction_Vectorcall+0xd9) [0x558915516559]
46  /opt/conda/envs/gdf/bin/python(_PyEval_EvalFrameDefault+0x696) [0x558915506606]
47  /opt/conda/envs/gdf/bin/python(+0x13f802) [0x558915516802]
48  /opt/conda/envs/gdf/bin/python(_PyEval_EvalFrameDefault+0x3e2) [0x558915506352]
49  /opt/conda/envs/gdf/bin/python(+0x12e184) [0x558915505184]
50  /opt/conda/envs/gdf/bin/python(_PyFunction_Vectorcall+0xd9) [0x558915516559]
51  /opt/conda/envs/gdf/bin/python(_PyEval_EvalFrameDefault+0x11f2) [0x558915507162]
52  /opt/conda/envs/gdf/bin/python(+0x12e184) [0x558915505184]
53  /opt/conda/envs/gdf/bin/python(_PyEval_EvalCodeWithName+0x48) [0x558915504e58]
54  /opt/conda/envs/gdf/bin/python(PyEval_EvalCodeEx+0x39) [0x558915504e09]
55  /opt/conda/envs/gdf/bin/python(PyEval_EvalCode+0x1b) [0x5589155b24ab]
56  /opt/conda/envs/gdf/bin/python(+0x20887a) [0x5589155df87a]
57  /opt/conda/envs/gdf/bin/python(+0x204c03) [0x5589155dbc03]
58  /opt/conda/envs/gdf/bin/python(PyRun_StringFlags+0x9a) [0x5589155d3a1a]
59  /opt/conda/envs/gdf/bin/python(PyRun_SimpleStringFlags+0x3c) [0x5589155d390c]
60  /opt/conda/envs/gdf/bin/python(Py_RunMain+0x267) [0x5589155d2b47]
61  /opt/conda/envs/gdf/bin/python(Py_BytesMain+0x37) [0x5589155a62e7]
=================================
[dgx13:92348:0:92348] Caught signal 11 (Segmentation fault: address not mapped to object at address 0x450)
==== backtrace (tid:  92348) ====
 0  /opt/conda/envs/gdf/lib/libucs.so.0(ucs_handle_error+0x2fd) [0x7f320d01edad]
 1  /opt/conda/envs/gdf/lib/libucs.so.0(+0x2dfa4) [0x7f320d01efa4]
 2  /opt/conda/envs/gdf/lib/libucs.so.0(+0x2e16a) [0x7f320d01f16a]
 3  /usr/lib/x86_64-linux-gnu/libpthread.so.0(+0x14420) [0x7f324ab5a420]
 4  /opt/conda/envs/gdf/lib/libucp.so.0(ucp_mem_type_unpack+0x17) [0x7f320d0a4147]
 5  /opt/conda/envs/gdf/lib/libucp.so.0(ucp_rndv_data_handler+0x66d) [0x7f320d0cef1d]
 6  /opt/conda/envs/gdf/lib/libuct.so.0(+0x21c4f) [0x7f320cfd4c4f]
 7  /opt/conda/envs/gdf/lib/libuct.so.0(+0x24e68) [0x7f320cfd7e68]
 8  /opt/conda/envs/gdf/lib/libucs.so.0(ucs_event_set_wait+0xb9) [0x7f320d028619]
 9  /opt/conda/envs/gdf/lib/libuct.so.0(uct_tcp_iface_progress+0x7d) [0x7f320cfd6f6d]
10  /opt/conda/envs/gdf/lib/libucp.so.0(ucp_worker_progress+0x5a) [0x7f320d0a0e9a]
11  /opt/conda/envs/gdf/lib/python3.9/site-packages/ucp/_libs/ucx_api.cpython-39-x86_64-linux-gnu.so(+0x3206a) [0x7f320d16306a]
12  /opt/conda/envs/gdf/bin/python(_PyEval_EvalFrameDefault+0x45a6) [0x5634750ac516]
13  /opt/conda/envs/gdf/bin/python(+0x12e184) [0x5634750a7184]
14  /opt/conda/envs/gdf/bin/python(_PyFunction_Vectorcall+0xd9) [0x5634750b8559]
15  /opt/conda/envs/gdf/bin/python(_PyEval_EvalFrameDefault+0x696) [0x5634750a8606]
16  /opt/conda/envs/gdf/bin/python(+0x13f802) [0x5634750b8802]
17  /opt/conda/envs/gdf/bin/python(+0x14cbb3) [0x5634750c5bb3]
18  /opt/conda/envs/gdf/bin/python(+0x25842c) [0x5634751d142c]
19  /opt/conda/envs/gdf/bin/python(+0xf266c) [0x56347506b66c]
20  /opt/conda/envs/gdf/bin/python(+0x136833) [0x5634750af833]
21  /opt/conda/envs/gdf/bin/python(_PyEval_EvalFrameDefault+0x58b4) [0x5634750ad824]
22  /opt/conda/envs/gdf/bin/python(+0x13f802) [0x5634750b8802]
23  /opt/conda/envs/gdf/bin/python(_PyEval_EvalFrameDefault+0x696) [0x5634750a8606]
24  /opt/conda/envs/gdf/bin/python(+0x13f802) [0x5634750b8802]
25  /opt/conda/envs/gdf/bin/python(_PyEval_EvalFrameDefault+0x696) [0x5634750a8606]
26  /opt/conda/envs/gdf/bin/python(+0x13f802) [0x5634750b8802]
27  /opt/conda/envs/gdf/bin/python(_PyEval_EvalFrameDefault+0x696) [0x5634750a8606]
28  /opt/conda/envs/gdf/bin/python(+0x13f802) [0x5634750b8802]
29  /opt/conda/envs/gdf/bin/python(_PyEval_EvalFrameDefault+0x696) [0x5634750a8606]
30  /opt/conda/envs/gdf/bin/python(+0x12e184) [0x5634750a7184]
31  /opt/conda/envs/gdf/bin/python(_PyFunction_Vectorcall+0xd9) [0x5634750b8559]
32  /opt/conda/envs/gdf/bin/python(_PyEval_EvalFrameDefault+0x11f2) [0x5634750a9162]
33  /opt/conda/envs/gdf/bin/python(+0x12e184) [0x5634750a7184]
34  /opt/conda/envs/gdf/bin/python(+0x14c9fb) [0x5634750c59fb]
35  /opt/conda/envs/gdf/bin/python(PyObject_Call+0xbc) [0x5634750c617c]
36  /opt/conda/envs/gdf/bin/python(+0x2109ce) [0x5634751899ce]
37  /opt/conda/envs/gdf/bin/python(_PyObject_MakeTpCall+0x2ec) [0x5634750b07ac]
38  /opt/conda/envs/gdf/bin/python(_PyEval_EvalFrameDefault+0x45a6) [0x5634750ac516]
39  /opt/conda/envs/gdf/bin/python(+0x13f802) [0x5634750b8802]
40  /opt/conda/envs/gdf/bin/python(+0x14cadc) [0x5634750c5adc]
41  /opt/conda/envs/gdf/bin/python(_PyEval_EvalFrameDefault+0x45a6) [0x5634750ac516]
42  /opt/conda/envs/gdf/bin/python(+0x13f802) [0x5634750b8802]
43  /opt/conda/envs/gdf/bin/python(_PyEval_EvalFrameDefault+0x696) [0x5634750a8606]
44  /opt/conda/envs/gdf/bin/python(+0x12e184) [0x5634750a7184]
45  /opt/conda/envs/gdf/bin/python(_PyFunction_Vectorcall+0xd9) [0x5634750b8559]
46  /opt/conda/envs/gdf/bin/python(_PyEval_EvalFrameDefault+0x696) [0x5634750a8606]
47  /opt/conda/envs/gdf/bin/python(+0x13f802) [0x5634750b8802]
48  /opt/conda/envs/gdf/bin/python(_PyEval_EvalFrameDefault+0x3e2) [0x5634750a8352]
49  /opt/conda/envs/gdf/bin/python(+0x12e184) [0x5634750a7184]
50  /opt/conda/envs/gdf/bin/python(_PyFunction_Vectorcall+0xd9) [0x5634750b8559]
51  /opt/conda/envs/gdf/bin/python(_PyEval_EvalFrameDefault+0x11f2) [0x5634750a9162]
52  /opt/conda/envs/gdf/bin/python(+0x12e184) [0x5634750a7184]
53  /opt/conda/envs/gdf/bin/python(_PyEval_EvalCodeWithName+0x48) [0x5634750a6e58]
54  /opt/conda/envs/gdf/bin/python(PyEval_EvalCodeEx+0x39) [0x5634750a6e09]
55  /opt/conda/envs/gdf/bin/python(PyEval_EvalCode+0x1b) [0x5634751544ab]
56  /opt/conda/envs/gdf/bin/python(+0x20887a) [0x56347518187a]
57  /opt/conda/envs/gdf/bin/python(+0x204c03) [0x56347517dc03]
58  /opt/conda/envs/gdf/bin/python(PyRun_StringFlags+0x9a) [0x563475175a1a]
59  /opt/conda/envs/gdf/bin/python(PyRun_SimpleStringFlags+0x3c) [0x56347517590c]
60  /opt/conda/envs/gdf/bin/python(Py_RunMain+0x267) [0x563475174b47]
61  /opt/conda/envs/gdf/bin/python(Py_BytesMain+0x37) [0x5634751482e7]
=================================
Task exception was never retrieved
future: <Task finished name='Task-442' coro=<_listener_handler_coroutine() done, defined at /opt/conda/envs/gdf/lib/python3.9/site-packages/ucp/core.py:140> exception=UCXError('<stream_send>: Connection reset by remote peer')>
Traceback (most recent call last):
  File "/opt/conda/envs/gdf/lib/python3.9/site-packages/ucp/core.py", line 155, in _listener_handler_coroutine
    peer_info = await exchange_peer_info(
  File "/opt/conda/envs/gdf/lib/python3.9/site-packages/ucp/core.py", line 51, in exchange_peer_info
    await asyncio.wait_for(
  File "/opt/conda/envs/gdf/lib/python3.9/asyncio/tasks.py", line 479, in wait_for
    return fut.result()
ucp._libs.exceptions.UCXError: <stream_send>: Connection reset by remote peer
2024-06-08 06:07:16,414 - distributed.worker - ERROR - Worker stream died during communication: ucx://127.0.0.1:38091
Traceback (most recent call last):
  File "/opt/conda/envs/gdf/lib/python3.9/site-packages/distributed/comm/ucx.py", line 350, in read
    await self.ep.recv(msg)
  File "/opt/conda/envs/gdf/lib/python3.9/site-packages/ucp/core.py", line 737, in recv
    ret = await comm.tag_recv(self._ep, buffer, nbytes, tag, name=log)
ucp._libs.exceptions.UCXCanceled: <[Recv #000] ep: 0x7f31c10ed140, tag: 0x5afe62ef5fee84b8, nbytes: 16, type: <class 'numpy.ndarray'>>: 

During handling of the above exception, another exception occurred:

Traceback (most recent call last):
  File "/opt/conda/envs/gdf/lib/python3.9/site-packages/distributed/worker.py", line 2059, in gather_dep
    response = await get_data_from_worker(
  File "/opt/conda/envs/gdf/lib/python3.9/site-packages/distributed/worker.py", line 2860, in get_data_from_worker
    comm = await rpc.connect(worker)
  File "/opt/conda/envs/gdf/lib/python3.9/site-packages/distributed/core.py", line 1674, in connect
    return connect_attempt.result()
  File "/opt/conda/envs/gdf/lib/python3.9/site-packages/distributed/core.py", line 1564, in _connect
    comm = await connect(
  File "/opt/conda/envs/gdf/lib/python3.9/site-packages/distributed/comm/core.py", line 377, in connect
    handshake = await comm.read()
  File "/opt/conda/envs/gdf/lib/python3.9/site-packages/distributed/utils.py", line 832, in wrapper
    return await func(*args, **kwargs)
  File "/opt/conda/envs/gdf/lib/python3.9/site-packages/distributed/comm/ucx.py", line 368, in read
    raise CommClosedError(
distributed.comm.core.CommClosedError: Connection closed by writer.
Inner exception: UCXCanceled("<[Recv #000] ep: 0x7f31c10ed140, tag: 0x5afe62ef5fee84b8, nbytes: 16, type: <class 'numpy.ndarray'>>: ")
2024-06-08 06:07:16,415 - distributed.scheduler - WARNING - Removing worker 'ucx://127.0.0.1:38091' caused the cluster to lose already computed task(s), which will be recomputed elsewhere: {('split-taskshuffle-6069670213e233d5016755b29b3e54d4', 3, 1), ('split-taskshuffle-6069670213e233d5016755b29b3e54d4', 6, 1), ('split-taskshuffle-6069670213e233d5016755b29b3e54d4', 7, 1), ('split-taskshuffle-6069670213e233d5016755b29b3e54d4', 2, 1), ('generate_chunk-_to_string_dtype-26fc8ffd6cffe3bf06a052b526402c5c', 4), ('split-taskshuffle-6069670213e233d5016755b29b3e54d4', 1, 1), ('split-taskshuffle-6069670213e233d5016755b29b3e54d4', 4, 1), ('split-taskshuffle-6069670213e233d5016755b29b3e54d4', 5, 1), ('split-taskshuffle-6069670213e233d5016755b29b3e54d4', 0, 1)} (stimulus_id='handle-worker-cleanup-1717826836.4151251')
[dgx13:92352:0:92352] Caught signal 11 (Segmentation fault: address not mapped to object at address 0x450)
==== backtrace (tid:  92352) ====
 0  /opt/conda/envs/gdf/lib/libucs.so.0(ucs_handle_error+0x2fd) [0x7f31c1c57dad]
 1  /opt/conda/envs/gdf/lib/libucs.so.0(+0x2dfa4) [0x7f31c1c57fa4]
 2  /opt/conda/envs/gdf/lib/libucs.so.0(+0x2e16a) [0x7f31c1c5816a]
 3  /usr/lib/x86_64-linux-gnu/libpthread.so.0(+0x14420) [0x7f31fd92c420]
 4  /opt/conda/envs/gdf/lib/libucp.so.0(ucp_mem_type_unpack+0x17) [0x7f31c1cdd147]
 5  /opt/conda/envs/gdf/lib/libucp.so.0(ucp_rndv_data_handler+0x66d) [0x7f31c1d07f1d]
 6  /opt/conda/envs/gdf/lib/libuct.so.0(+0x21c4f) [0x7f31c1c0dc4f]
 7  /opt/conda/envs/gdf/lib/libuct.so.0(+0x24e68) [0x7f31c1c10e68]
 8  /opt/conda/envs/gdf/lib/libucs.so.0(ucs_event_set_wait+0xb9) [0x7f31c1c61619]
 9  /opt/conda/envs/gdf/lib/libuct.so.0(uct_tcp_iface_progress+0x7d) [0x7f31c1c0ff6d]
10  /opt/conda/envs/gdf/lib/libucp.so.0(ucp_worker_progress+0x5a) [0x7f31c1cd9e9a]
11  /opt/conda/envs/gdf/lib/python3.9/site-packages/ucp/_libs/ucx_api.cpython-39-x86_64-linux-gnu.so(+0x3206a) [0x7f31c1d9c06a]
12  /opt/conda/envs/gdf/bin/python(_PyEval_EvalFrameDefault+0x45a6) [0x55e105a7e516]
13  /opt/conda/envs/gdf/bin/python(+0x12e184) [0x55e105a79184]
14  /opt/conda/envs/gdf/bin/python(_PyFunction_Vectorcall+0xd9) [0x55e105a8a559]
15  /opt/conda/envs/gdf/bin/python(_PyEval_EvalFrameDefault+0x696) [0x55e105a7a606]
16  /opt/conda/envs/gdf/bin/python(+0x13f802) [0x55e105a8a802]
17  /opt/conda/envs/gdf/bin/python(+0x14cbb3) [0x55e105a97bb3]
18  /opt/conda/envs/gdf/bin/python(+0x25842c) [0x55e105ba342c]
19  /opt/conda/envs/gdf/bin/python(+0xf266c) [0x55e105a3d66c]
20  /opt/conda/envs/gdf/bin/python(+0x136833) [0x55e105a81833]
21  /opt/conda/envs/gdf/bin/python(_PyEval_EvalFrameDefault+0x58b4) [0x55e105a7f824]
22  /opt/conda/envs/gdf/bin/python(+0x13f802) [0x55e105a8a802]
23  /opt/conda/envs/gdf/bin/python(_PyEval_EvalFrameDefault+0x696) [0x55e105a7a606]
24  /opt/conda/envs/gdf/bin/python(+0x13f802) [0x55e105a8a802]
25  /opt/conda/envs/gdf/bin/python(_PyEval_EvalFrameDefault+0x696) [0x55e105a7a606]
26  /opt/conda/envs/gdf/bin/python(+0x13f802) [0x55e105a8a802]
27  /opt/conda/envs/gdf/bin/python(_PyEval_EvalFrameDefault+0x696) [0x55e105a7a606]
28  /opt/conda/envs/gdf/bin/python(+0x13f802) [0x55e105a8a802]
29  /opt/conda/envs/gdf/bin/python(_PyEval_EvalFrameDefault+0x696) [0x55e105a7a606]
30  /opt/conda/envs/gdf/bin/python(+0x12e184) [0x55e105a79184]
31  /opt/conda/envs/gdf/bin/python(_PyFunction_Vectorcall+0xd9) [0x55e105a8a559]
32  /opt/conda/envs/gdf/bin/python(_PyEval_EvalFrameDefault+0x11f2) [0x55e105a7b162]
33  /opt/conda/envs/gdf/bin/python(+0x12e184) [0x55e105a79184]
34  /opt/conda/envs/gdf/bin/python(+0x14c9fb) [0x55e105a979fb]
35  /opt/conda/envs/gdf/bin/python(PyObject_Call+0xbc) [0x55e105a9817c]
36  /opt/conda/envs/gdf/bin/python(+0x2109ce) [0x55e105b5b9ce]
37  /opt/conda/envs/gdf/bin/python(_PyObject_MakeTpCall+0x2ec) [0x55e105a827ac]
38  /opt/conda/envs/gdf/bin/python(_PyEval_EvalFrameDefault+0x45a6) [0x55e105a7e516]
39  /opt/conda/envs/gdf/bin/python(+0x13f802) [0x55e105a8a802]
40  /opt/conda/envs/gdf/bin/python(+0x14cadc) [0x55e105a97adc]
41  /opt/conda/envs/gdf/bin/python(_PyEval_EvalFrameDefault+0x45a6) [0x55e105a7e516]
42  /opt/conda/envs/gdf/bin/python(+0x13f802) [0x55e105a8a802]
43  /opt/conda/envs/gdf/bin/python(_PyEval_EvalFrameDefault+0x696) [0x55e105a7a606]
44  /opt/conda/envs/gdf/bin/python(+0x12e184) [0x55e105a79184]
45  /opt/conda/envs/gdf/bin/python(_PyFunction_Vectorcall+0xd9) [0x55e105a8a559]
46  /opt/conda/envs/gdf/bin/python(_PyEval_EvalFrameDefault+0x696) [0x55e105a7a606]
47  /opt/conda/envs/gdf/bin/python(+0x13f802) [0x55e105a8a802]
48  /opt/conda/envs/gdf/bin/python(_PyEval_EvalFrameDefault+0x3e2) [0x55e105a7a352]
49  /opt/conda/envs/gdf/bin/python(+0x12e184) [0x55e105a79184]
50  /opt/conda/envs/gdf/bin/python(_PyFunction_Vectorcall+0xd9) [0x55e105a8a559]
51  /opt/conda/envs/gdf/bin/python(_PyEval_EvalFrameDefault+0x11f2) [0x55e105a7b162]
52  /opt/conda/envs/gdf/bin/python(+0x12e184) [0x55e105a79184]
53  /opt/conda/envs/gdf/bin/python(_PyEval_EvalCodeWithName+0x48) [0x55e105a78e58]
54  /opt/conda/envs/gdf/bin/python(PyEval_EvalCodeEx+0x39) [0x55e105a78e09]
55  /opt/conda/envs/gdf/bin/python(PyEval_EvalCode+0x1b) [0x55e105b264ab]
56  /opt/conda/envs/gdf/bin/python(+0x20887a) [0x55e105b5387a]
57  /opt/conda/envs/gdf/bin/python(+0x204c03) [0x55e105b4fc03]
58  /opt/conda/envs/gdf/bin/python(PyRun_StringFlags+0x9a) [0x55e105b47a1a]
59  /opt/conda/envs/gdf/bin/python(PyRun_SimpleStringFlags+0x3c) [0x55e105b4790c]
60  /opt/conda/envs/gdf/bin/python(Py_RunMain+0x267) [0x55e105b46b47]
61  /opt/conda/envs/gdf/bin/python(Py_BytesMain+0x37) [0x55e105b1a2e7]
=================================
2024-06-08 06:07:16,425 - distributed.worker - ERROR - Worker stream died during communication: ucx://127.0.0.1:38091
Traceback (most recent call last):
  File "/opt/conda/envs/gdf/lib/python3.9/site-packages/distributed/comm/ucx.py", line 467, in connect
    ep = await ucp.create_endpoint(ip, port)
  File "/opt/conda/envs/gdf/lib/python3.9/site-packages/ucp/core.py", line 1016, in create_endpoint
    return await _get_ctx().create_endpoint(
  File "/opt/conda/envs/gdf/lib/python3.9/site-packages/ucp/core.py", line 328, in create_endpoint
    peer_info = await exchange_peer_info(
  File "/opt/conda/envs/gdf/lib/python3.9/site-packages/ucp/core.py", line 60, in exchange_peer_info
    await asyncio.wait_for(
  File "/opt/conda/envs/gdf/lib/python3.9/asyncio/tasks.py", line 479, in wait_for
    return fut.result()
ucp._libs.exceptions.UCXError: <stream_recv>: Connection reset by remote peer

During handling of the above exception, another exception occurred:

Traceback (most recent call last):
  File "/opt/conda/envs/gdf/lib/python3.9/site-packages/distributed/comm/core.py", line 342, in connect
    comm = await wait_for(
  File "/opt/conda/envs/gdf/lib/python3.9/site-packages/distributed/utils.py", line 1961, in wait_for
    return await asyncio.wait_for(fut, timeout)
  File "/opt/conda/envs/gdf/lib/python3.9/asyncio/tasks.py", line 479, in wait_for
    return fut.result()
  File "/opt/conda/envs/gdf/lib/python3.9/site-packages/distributed/comm/ucx.py", line 469, in connect
    raise CommClosedError("Connection closed before handshake completed")
distributed.comm.core.CommClosedError: Connection closed before handshake completed

During handling of the above exception, another exception occurred:

Traceback (most recent call last):
  File "/opt/conda/envs/gdf/lib/python3.9/site-packages/distributed/core.py", line 1564, in _connect
    comm = await connect(
  File "/opt/conda/envs/gdf/lib/python3.9/site-packages/distributed/comm/core.py", line 366, in connect
    await asyncio.sleep(backoff)
  File "/opt/conda/envs/gdf/lib/python3.9/asyncio/tasks.py", line 652, in sleep
    return await future
asyncio.exceptions.CancelledError

During handling of the above exception, another exception occurred:

Traceback (most recent call last):
  File "/opt/conda/envs/gdf/lib/python3.9/site-packages/distributed/core.py", line 1674, in connect
    return connect_attempt.result()
asyncio.exceptions.CancelledError

During handling of the above exception, another exception occurred:

Traceback (most recent call last):
  File "/opt/conda/envs/gdf/lib/python3.9/site-packages/distributed/worker.py", line 2059, in gather_dep
    response = await get_data_from_worker(
  File "/opt/conda/envs/gdf/lib/python3.9/site-packages/distributed/worker.py", line 2860, in get_data_from_worker
    comm = await rpc.connect(worker)
  File "/opt/conda/envs/gdf/lib/python3.9/site-packages/distributed/core.py", line 1676, in connect
    raise CommClosedError(reason)
distributed.comm.core.CommClosedError: Address removed.
2024-06-08 06:07:16,474 - distributed.worker - ERROR - Worker stream died during communication: ucx://127.0.0.1:38091
Traceback (most recent call last):
  File "/opt/conda/envs/gdf/lib/python3.9/site-packages/distributed/comm/ucx.py", line 350, in read
    await self.ep.recv(msg)
  File "/opt/conda/envs/gdf/lib/python3.9/site-packages/ucp/core.py", line 737, in recv
    ret = await comm.tag_recv(self._ep, buffer, nbytes, tag, name=log)
ucp._libs.exceptions.UCXCanceled: <[Recv #003] ep: 0x7fab36d111c0, tag: 0xd9f63e90eee585c5, nbytes: 16, type: <class 'numpy.ndarray'>>: 

During handling of the above exception, another exception occurred:

Traceback (most recent call last):
  File "/opt/conda/envs/gdf/lib/python3.9/site-packages/distributed/worker.py", line 2059, in gather_dep
    response = await get_data_from_worker(
  File "/opt/conda/envs/gdf/lib/python3.9/site-packages/distributed/worker.py", line 2863, in get_data_from_worker
    response = await send_recv(
  File "/opt/conda/envs/gdf/lib/python3.9/site-packages/distributed/core.py", line 1154, in send_recv
    response = await comm.read(deserializers=deserializers)
  File "/opt/conda/envs/gdf/lib/python3.9/site-packages/distributed/utils.py", line 832, in wrapper
    return await func(*args, **kwargs)
  File "/opt/conda/envs/gdf/lib/python3.9/site-packages/distributed/comm/ucx.py", line 368, in read
    raise CommClosedError(
distributed.comm.core.CommClosedError: Connection closed by writer.
Inner exception: UCXCanceled("<[Recv #003] ep: 0x7fab36d111c0, tag: 0xd9f63e90eee585c5, nbytes: 16, type: <class 'numpy.ndarray'>>: ")
Task exception was never retrieved
future: <Task finished name='Task-540' coro=<_listener_handler_coroutine() done, defined at /opt/conda/envs/gdf/lib/python3.9/site-packages/ucp/core.py:140> exception=UCXError('<stream_send>: Connection reset by remote peer')>
Traceback (most recent call last):
  File "/opt/conda/envs/gdf/lib/python3.9/site-packages/ucp/core.py", line 155, in _listener_handler_coroutine
    peer_info = await exchange_peer_info(
  File "/opt/conda/envs/gdf/lib/python3.9/site-packages/ucp/core.py", line 51, in exchange_peer_info
    await asyncio.wait_for(
  File "/opt/conda/envs/gdf/lib/python3.9/asyncio/tasks.py", line 479, in wait_for
    return fut.result()
ucp._libs.exceptions.UCXError: <stream_send>: Connection reset by remote peer
2024-06-08 06:07:16,479 - distributed.worker - ERROR - Worker stream died during communication: ucx://127.0.0.1:39241
Traceback (most recent call last):
  File "/opt/conda/envs/gdf/lib/python3.9/site-packages/distributed/comm/ucx.py", line 350, in read
    await self.ep.recv(msg)
  File "/opt/conda/envs/gdf/lib/python3.9/site-packages/ucp/core.py", line 737, in recv
    ret = await comm.tag_recv(self._ep, buffer, nbytes, tag, name=log)
ucp._libs.exceptions.UCXCanceled: <[Recv #000] ep: 0x7fab36d11240, tag: 0xaca6c15e33fd5d6e, nbytes: 16, type: <class 'numpy.ndarray'>>: 

During handling of the above exception, another exception occurred:

Traceback (most recent call last):
  File "/opt/conda/envs/gdf/lib/python3.9/site-packages/distributed/worker.py", line 2059, in gather_dep
    response = await get_data_from_worker(
  File "/opt/conda/envs/gdf/lib/python3.9/site-packages/distributed/worker.py", line 2860, in get_data_from_worker
    comm = await rpc.connect(worker)
  File "/opt/conda/envs/gdf/lib/python3.9/site-packages/distributed/core.py", line 1674, in connect
    return connect_attempt.result()
  File "/opt/conda/envs/gdf/lib/python3.9/site-packages/distributed/core.py", line 1564, in _connect
    comm = await connect(
  File "/opt/conda/envs/gdf/lib/python3.9/site-packages/distributed/comm/core.py", line 377, in connect
    handshake = await comm.read()
  File "/opt/conda/envs/gdf/lib/python3.9/site-packages/distributed/utils.py", line 832, in wrapper
    return await func(*args, **kwargs)
  File "/opt/conda/envs/gdf/lib/python3.9/site-packages/distributed/comm/ucx.py", line 368, in read
    raise CommClosedError(
distributed.comm.core.CommClosedError: Connection closed by writer.
Inner exception: UCXCanceled("<[Recv #000] ep: 0x7fab36d11240, tag: 0xaca6c15e33fd5d6e, nbytes: 16, type: <class 'numpy.ndarray'>>: ")
2024-06-08 06:07:16,480 - distributed.scheduler - WARNING - Removing worker 'ucx://127.0.0.1:39241' caused the cluster to lose already computed task(s), which will be recomputed elsewhere: {('split-taskshuffle-6069670213e233d5016755b29b3e54d4', 7, 4), ('generate_chunk-_to_string_dtype-26fc8ffd6cffe3bf06a052b526402c5c', 2), ('split-taskshuffle-6069670213e233d5016755b29b3e54d4', 2, 4), ('split-taskshuffle-6069670213e233d5016755b29b3e54d4', 3, 4), ('split-taskshuffle-6069670213e233d5016755b29b3e54d4', 1, 4), ('split-taskshuffle-6069670213e233d5016755b29b3e54d4', 4, 4), ('split-taskshuffle-6069670213e233d5016755b29b3e54d4', 5, 4), ('split-taskshuffle-6069670213e233d5016755b29b3e54d4', 0, 4), ('split-taskshuffle-6069670213e233d5016755b29b3e54d4', 6, 4)} (stimulus_id='handle-worker-cleanup-1717826836.4806907')
2024-06-08 06:07:16,501 - distributed.nanny - WARNING - Restarting worker
2024-06-08 06:07:16,517 - distributed.worker - ERROR - Worker stream died during communication: ucx://127.0.0.1:34773
Traceback (most recent call last):
  File "/opt/conda/envs/gdf/lib/python3.9/site-packages/distributed/comm/ucx.py", line 392, in read
    await self.ep.recv(each_frame)
  File "/opt/conda/envs/gdf/lib/python3.9/site-packages/ucp/core.py", line 737, in recv
    ret = await comm.tag_recv(self._ep, buffer, nbytes, tag, name=log)
ucp._libs.exceptions.UCXCanceled: <[Recv #008] ep: 0x7fa03c0cb340, tag: 0x16253639a84cd2fe, nbytes: 100000000, type: <class 'rmm._lib.device_buffer.DeviceBuffer'>>: 

During handling of the above exception, another exception occurred:

Traceback (most recent call last):
  File "/opt/conda/envs/gdf/lib/python3.9/site-packages/distributed/worker.py", line 2059, in gather_dep
    response = await get_data_from_worker(
  File "/opt/conda/envs/gdf/lib/python3.9/site-packages/distributed/worker.py", line 2863, in get_data_from_worker
    response = await send_recv(
  File "/opt/conda/envs/gdf/lib/python3.9/site-packages/distributed/core.py", line 1154, in send_recv
    response = await comm.read(deserializers=deserializers)
  File "/opt/conda/envs/gdf/lib/python3.9/site-packages/distributed/utils.py", line 832, in wrapper
    return await func(*args, **kwargs)
  File "/opt/conda/envs/gdf/lib/python3.9/site-packages/distributed/comm/ucx.py", line 398, in read
    raise CommClosedError(
distributed.comm.core.CommClosedError: Connection closed by writer.
Inner exception: UCXCanceled("<[Recv #008] ep: 0x7fa03c0cb340, tag: 0x16253639a84cd2fe, nbytes: 100000000, type: <class 'rmm._lib.device_buffer.DeviceBuffer'>>: ")
2024-06-08 06:07:16,523 - distributed.scheduler - WARNING - Removing worker 'ucx://127.0.0.1:34773' caused the cluster to lose already computed task(s), which will be recomputed elsewhere: {('split-taskshuffle-6069670213e233d5016755b29b3e54d4', 1, 6), ('split-taskshuffle-6069670213e233d5016755b29b3e54d4', 6, 6), ('split-taskshuffle-6069670213e233d5016755b29b3e54d4', 4, 6), ('split-taskshuffle-6069670213e233d5016755b29b3e54d4', 7, 6), ('split-taskshuffle-6069670213e233d5016755b29b3e54d4', 2, 6), ('split-taskshuffle-6069670213e233d5016755b29b3e54d4', 5, 6), ('split-taskshuffle-6069670213e233d5016755b29b3e54d4', 0, 6), ('split-taskshuffle-6069670213e233d5016755b29b3e54d4', 3, 6), ('generate_chunk-_to_string_dtype-26fc8ffd6cffe3bf06a052b526402c5c', 6)} (stimulus_id='handle-worker-cleanup-1717826836.5227184')
2024-06-08 06:07:16,545 - distributed.worker - ERROR - failed during get data with ucx://127.0.0.1:32997 -> ucx://127.0.0.1:34773
Traceback (most recent call last):
  File "/opt/conda/envs/gdf/lib/python3.9/site-packages/distributed/comm/ucx.py", line 334, in write
    await self.ep.send(each_frame)
  File "/opt/conda/envs/gdf/lib/python3.9/site-packages/ucp/core.py", line 662, in send
    return await comm.tag_send(self._ep, buffer, nbytes, tag, name=log)
ucp._libs.exceptions.UCXError: <[Send #007] ep: 0x7fad1002f440, tag: 0xd5eda14511b29d0e, nbytes: 100000000, type: <class 'cudf.core.buffer.buffer.Buffer'>>: Connection reset by remote peer

During handling of the above exception, another exception occurred:

Traceback (most recent call last):
  File "/opt/conda/envs/gdf/lib/python3.9/site-packages/distributed/worker.py", line 1782, in get_data
    compressed = await comm.write(msg, serializers=serializers)
  File "/opt/conda/envs/gdf/lib/python3.9/site-packages/distributed/utils.py", line 832, in wrapper
    return await func(*args, **kwargs)
  File "/opt/conda/envs/gdf/lib/python3.9/site-packages/distributed/comm/ucx.py", line 338, in write
    raise CommClosedError("While writing, the connection was closed")
distributed.comm.core.CommClosedError: While writing, the connection was closed
2024-06-08 06:07:16,546 - distributed.worker - ERROR - Worker stream died during communication: ucx://127.0.0.1:34773
Traceback (most recent call last):
  File "/opt/conda/envs/gdf/lib/python3.9/site-packages/distributed/comm/ucx.py", line 392, in read
    await self.ep.recv(each_frame)
  File "/opt/conda/envs/gdf/lib/python3.9/site-packages/ucp/core.py", line 737, in recv
    ret = await comm.tag_recv(self._ep, buffer, nbytes, tag, name=log)
ucp._libs.exceptions.UCXError: <[Recv #007] ep: 0x7fad1002f2c0, tag: 0x43f0e013697d4ec6, nbytes: 100000000, type: <class 'rmm._lib.device_buffer.DeviceBuffer'>>: Connection reset by remote peer

During handling of the above exception, another exception occurred:

Traceback (most recent call last):
  File "/opt/conda/envs/gdf/lib/python3.9/site-packages/distributed/worker.py", line 2059, in gather_dep
    response = await get_data_from_worker(
  File "/opt/conda/envs/gdf/lib/python3.9/site-packages/distributed/worker.py", line 2863, in get_data_from_worker
    response = await send_recv(
  File "/opt/conda/envs/gdf/lib/python3.9/site-packages/distributed/core.py", line 1154, in send_recv
    response = await comm.read(deserializers=deserializers)
  File "/opt/conda/envs/gdf/lib/python3.9/site-packages/distributed/utils.py", line 832, in wrapper
    return await func(*args, **kwargs)
  File "/opt/conda/envs/gdf/lib/python3.9/site-packages/distributed/comm/ucx.py", line 398, in read
    raise CommClosedError(
distributed.comm.core.CommClosedError: Connection closed by writer.
Inner exception: UCXError("<[Recv #007] ep: 0x7fad1002f2c0, tag: 0x43f0e013697d4ec6, nbytes: 100000000, type: <class 'rmm._lib.device_buffer.DeviceBuffer'>>: Connection reset by remote peer")
2024-06-08 06:07:16,547 - distributed.worker - ERROR - failed during get data with ucx://127.0.0.1:37843 -> ucx://127.0.0.1:38091
Traceback (most recent call last):
  File "/opt/conda/envs/gdf/lib/python3.9/site-packages/distributed/comm/ucx.py", line 334, in write
    await self.ep.send(each_frame)
  File "/opt/conda/envs/gdf/lib/python3.9/site-packages/ucp/core.py", line 662, in send
    return await comm.tag_send(self._ep, buffer, nbytes, tag, name=log)
ucp._libs.exceptions.UCXError: <[Send #007] ep: 0x7fa03c0cb100, tag: 0x59d61f2ff9e48bb4, nbytes: 100000000, type: <class 'cudf.core.buffer.buffer.Buffer'>>: Connection reset by remote peer

During handling of the above exception, another exception occurred:

Traceback (most recent call last):
  File "/opt/conda/envs/gdf/lib/python3.9/site-packages/distributed/worker.py", line 1782, in get_data
    compressed = await comm.write(msg, serializers=serializers)
  File "/opt/conda/envs/gdf/lib/python3.9/site-packages/distributed/utils.py", line 832, in wrapper
    return await func(*args, **kwargs)
  File "/opt/conda/envs/gdf/lib/python3.9/site-packages/distributed/comm/ucx.py", line 338, in write
    raise CommClosedError("While writing, the connection was closed")
distributed.comm.core.CommClosedError: While writing, the connection was closed
2024-06-08 06:07:16,548 - distributed.worker - ERROR - failed during get data with ucx://127.0.0.1:37843 -> ucx://127.0.0.1:39241
Traceback (most recent call last):
  File "/opt/conda/envs/gdf/lib/python3.9/site-packages/distributed/comm/ucx.py", line 334, in write
    await self.ep.send(each_frame)
  File "/opt/conda/envs/gdf/lib/python3.9/site-packages/ucp/core.py", line 662, in send
    return await comm.tag_send(self._ep, buffer, nbytes, tag, name=log)
ucp._libs.exceptions.UCXError: <[Send #007] ep: 0x7fa03c0cb140, tag: 0x11519767389546b5, nbytes: 100000000, type: <class 'cudf.core.buffer.buffer.Buffer'>>: Connection reset by remote peer

During handling of the above exception, another exception occurred:

Traceback (most recent call last):
  File "/opt/conda/envs/gdf/lib/python3.9/site-packages/distributed/worker.py", line 1782, in get_data
    compressed = await comm.write(msg, serializers=serializers)
  File "/opt/conda/envs/gdf/lib/python3.9/site-packages/distributed/utils.py", line 832, in wrapper
    return await func(*args, **kwargs)
  File "/opt/conda/envs/gdf/lib/python3.9/site-packages/distributed/comm/ucx.py", line 338, in write
    raise CommClosedError("While writing, the connection was closed")
distributed.comm.core.CommClosedError: While writing, the connection was closed
2024-06-08 06:07:16,548 - distributed.worker - ERROR - failed during get data with ucx://127.0.0.1:37843 -> ucx://127.0.0.1:34773
Traceback (most recent call last):
  File "/opt/conda/envs/gdf/lib/python3.9/site-packages/distributed/comm/ucx.py", line 334, in write
    await self.ep.send(each_frame)
  File "/opt/conda/envs/gdf/lib/python3.9/site-packages/ucp/core.py", line 662, in send
    return await comm.tag_send(self._ep, buffer, nbytes, tag, name=log)
ucp._libs.exceptions.UCXError: <[Send #007] ep: 0x7fa03c0cb440, tag: 0xf00ef0c09c8fc9d2, nbytes: 100000000, type: <class 'cudf.core.buffer.buffer.Buffer'>>: Connection reset by remote peer

During handling of the above exception, another exception occurred:

Traceback (most recent call last):
  File "/opt/conda/envs/gdf/lib/python3.9/site-packages/distributed/worker.py", line 1782, in get_data
    compressed = await comm.write(msg, serializers=serializers)
  File "/opt/conda/envs/gdf/lib/python3.9/site-packages/distributed/utils.py", line 832, in wrapper
    return await func(*args, **kwargs)
  File "/opt/conda/envs/gdf/lib/python3.9/site-packages/distributed/comm/ucx.py", line 338, in write
    raise CommClosedError("While writing, the connection was closed")
distributed.comm.core.CommClosedError: While writing, the connection was closed
2024-06-08 06:07:16,551 - distributed.worker - ERROR - Worker stream died during communication: ucx://127.0.0.1:38091
Traceback (most recent call last):
  File "/opt/conda/envs/gdf/lib/python3.9/site-packages/distributed/comm/ucx.py", line 350, in read
    await self.ep.recv(msg)
  File "/opt/conda/envs/gdf/lib/python3.9/site-packages/ucp/core.py", line 737, in recv
    ret = await comm.tag_recv(self._ep, buffer, nbytes, tag, name=log)
asyncio.exceptions.CancelledError

During handling of the above exception, another exception occurred:

Traceback (most recent call last):
  File "/opt/conda/envs/gdf/lib/python3.9/site-packages/distributed/worker.py", line 2059, in gather_dep
    response = await get_data_from_worker(
  File "/opt/conda/envs/gdf/lib/python3.9/site-packages/distributed/worker.py", line 2860, in get_data_from_worker
    comm = await rpc.connect(worker)
  File "/opt/conda/envs/gdf/lib/python3.9/site-packages/distributed/core.py", line 1674, in connect
    return connect_attempt.result()
  File "/opt/conda/envs/gdf/lib/python3.9/site-packages/distributed/core.py", line 1564, in _connect
    comm = await connect(
  File "/opt/conda/envs/gdf/lib/python3.9/site-packages/distributed/comm/core.py", line 377, in connect
    handshake = await comm.read()
  File "/opt/conda/envs/gdf/lib/python3.9/site-packages/distributed/utils.py", line 832, in wrapper
    return await func(*args, **kwargs)
  File "/opt/conda/envs/gdf/lib/python3.9/site-packages/distributed/comm/ucx.py", line 368, in read
    raise CommClosedError(
distributed.comm.core.CommClosedError: Connection closed by writer.
Inner exception: CancelledError()
2024-06-08 06:07:16,560 - distributed.worker - ERROR - Worker stream died during communication: ucx://127.0.0.1:39241
Traceback (most recent call last):
  File "/opt/conda/envs/gdf/lib/python3.9/site-packages/distributed/comm/ucx.py", line 350, in read
    await self.ep.recv(msg)
  File "/opt/conda/envs/gdf/lib/python3.9/site-packages/ucp/core.py", line 737, in recv
    ret = await comm.tag_recv(self._ep, buffer, nbytes, tag, name=log)
asyncio.exceptions.CancelledError

During handling of the above exception, another exception occurred:

Traceback (most recent call last):
  File "/opt/conda/envs/gdf/lib/python3.9/site-packages/distributed/worker.py", line 2059, in gather_dep
    response = await get_data_from_worker(
  File "/opt/conda/envs/gdf/lib/python3.9/site-packages/distributed/worker.py", line 2860, in get_data_from_worker
    comm = await rpc.connect(worker)
  File "/opt/conda/envs/gdf/lib/python3.9/site-packages/distributed/core.py", line 1674, in connect
    return connect_attempt.result()
  File "/opt/conda/envs/gdf/lib/python3.9/site-packages/distributed/core.py", line 1564, in _connect
    comm = await connect(
  File "/opt/conda/envs/gdf/lib/python3.9/site-packages/distributed/comm/core.py", line 377, in connect
    handshake = await comm.read()
  File "/opt/conda/envs/gdf/lib/python3.9/site-packages/distributed/utils.py", line 832, in wrapper
    return await func(*args, **kwargs)
  File "/opt/conda/envs/gdf/lib/python3.9/site-packages/distributed/comm/ucx.py", line 368, in read
    raise CommClosedError(
distributed.comm.core.CommClosedError: Connection closed by writer.
Inner exception: CancelledError()
2024-06-08 06:07:16,575 - distributed.worker - ERROR - failed during get data with ucx://127.0.0.1:38187 -> ucx://127.0.0.1:34773
Traceback (most recent call last):
  File "/opt/conda/envs/gdf/lib/python3.9/site-packages/distributed/comm/ucx.py", line 334, in write
    await self.ep.send(each_frame)
  File "/opt/conda/envs/gdf/lib/python3.9/site-packages/ucp/core.py", line 662, in send
    return await comm.tag_send(self._ep, buffer, nbytes, tag, name=log)
ucp._libs.exceptions.UCXError: <[Send #007] ep: 0x7fab36d11400, tag: 0xfcf2c10fe9a44c5f, nbytes: 100000000, type: <class 'cudf.core.buffer.buffer.Buffer'>>: Connection reset by remote peer

During handling of the above exception, another exception occurred:

Traceback (most recent call last):
  File "/opt/conda/envs/gdf/lib/python3.9/site-packages/distributed/worker.py", line 1782, in get_data
    compressed = await comm.write(msg, serializers=serializers)
  File "/opt/conda/envs/gdf/lib/python3.9/site-packages/distributed/utils.py", line 832, in wrapper
    return await func(*args, **kwargs)
  File "/opt/conda/envs/gdf/lib/python3.9/site-packages/distributed/comm/ucx.py", line 338, in write
    raise CommClosedError("While writing, the connection was closed")
distributed.comm.core.CommClosedError: While writing, the connection was closed
2024-06-08 06:07:16,586 - distributed.worker - ERROR - Worker stream died during communication: ucx://127.0.0.1:34773
Traceback (most recent call last):
  File "/opt/conda/envs/gdf/lib/python3.9/site-packages/distributed/comm/ucx.py", line 392, in read
    await self.ep.recv(each_frame)
  File "/opt/conda/envs/gdf/lib/python3.9/site-packages/ucp/core.py", line 737, in recv
    ret = await comm.tag_recv(self._ep, buffer, nbytes, tag, name=log)
ucp._libs.exceptions.UCXError: <[Recv #007] ep: 0x7fab36d11140, tag: 0x7f89487c6387f23, nbytes: 100000000, type: <class 'rmm._lib.device_buffer.DeviceBuffer'>>: Connection reset by remote peer

During handling of the above exception, another exception occurred:

Traceback (most recent call last):
  File "/opt/conda/envs/gdf/lib/python3.9/site-packages/distributed/worker.py", line 2059, in gather_dep
    response = await get_data_from_worker(
  File "/opt/conda/envs/gdf/lib/python3.9/site-packages/distributed/worker.py", line 2863, in get_data_from_worker
    response = await send_recv(
  File "/opt/conda/envs/gdf/lib/python3.9/site-packages/distributed/core.py", line 1154, in send_recv
    response = await comm.read(deserializers=deserializers)
  File "/opt/conda/envs/gdf/lib/python3.9/site-packages/distributed/utils.py", line 832, in wrapper
    return await func(*args, **kwargs)
  File "/opt/conda/envs/gdf/lib/python3.9/site-packages/distributed/comm/ucx.py", line 398, in read
    raise CommClosedError(
distributed.comm.core.CommClosedError: Connection closed by writer.
Inner exception: UCXError("<[Recv #007] ep: 0x7fab36d11140, tag: 0x7f89487c6387f23, nbytes: 100000000, type: <class 'rmm._lib.device_buffer.DeviceBuffer'>>: Connection reset by remote peer")
2024-06-08 06:07:16,592 - distributed.worker - ERROR - Worker stream died during communication: ucx://127.0.0.1:54539
Traceback (most recent call last):
  File "/opt/conda/envs/gdf/lib/python3.9/site-packages/distributed/comm/ucx.py", line 392, in read
    await self.ep.recv(each_frame)
  File "/opt/conda/envs/gdf/lib/python3.9/site-packages/ucp/core.py", line 737, in recv
    ret = await comm.tag_recv(self._ep, buffer, nbytes, tag, name=log)
ucp._libs.exceptions.UCXCanceled: <[Recv #008] ep: 0x7fab36d11100, tag: 0x6f6ae98e126d8a74, nbytes: 100000000, type: <class 'rmm._lib.device_buffer.DeviceBuffer'>>: 

During handling of the above exception, another exception occurred:

Traceback (most recent call last):
  File "/opt/conda/envs/gdf/lib/python3.9/site-packages/distributed/worker.py", line 2059, in gather_dep
    response = await get_data_from_worker(
  File "/opt/conda/envs/gdf/lib/python3.9/site-packages/distributed/worker.py", line 2863, in get_data_from_worker
    response = await send_recv(
  File "/opt/conda/envs/gdf/lib/python3.9/site-packages/distributed/core.py", line 1154, in send_recv
    response = await comm.read(deserializers=deserializers)
  File "/opt/conda/envs/gdf/lib/python3.9/site-packages/distributed/utils.py", line 832, in wrapper
    return await func(*args, **kwargs)
  File "/opt/conda/envs/gdf/lib/python3.9/site-packages/distributed/comm/ucx.py", line 398, in read
    raise CommClosedError(
distributed.comm.core.CommClosedError: Connection closed by writer.
Inner exception: UCXCanceled("<[Recv #008] ep: 0x7fab36d11100, tag: 0x6f6ae98e126d8a74, nbytes: 100000000, type: <class 'rmm._lib.device_buffer.DeviceBuffer'>>: ")
2024-06-08 06:07:16,596 - distributed.worker - ERROR - Worker stream died during communication: ucx://127.0.0.1:54539
Traceback (most recent call last):
  File "/opt/conda/envs/gdf/lib/python3.9/site-packages/distributed/comm/ucx.py", line 392, in read
    await self.ep.recv(each_frame)
  File "/opt/conda/envs/gdf/lib/python3.9/site-packages/ucp/core.py", line 737, in recv
    ret = await comm.tag_recv(self._ep, buffer, nbytes, tag, name=log)
ucp._libs.exceptions.UCXCanceled: <[Recv #008] ep: 0x7fad1002f340, tag: 0x8a2b0d12d6e081dd, nbytes: 100000000, type: <class 'rmm._lib.device_buffer.DeviceBuffer'>>: 

During handling of the above exception, another exception occurred:

Traceback (most recent call last):
  File "/opt/conda/envs/gdf/lib/python3.9/site-packages/distributed/worker.py", line 2059, in gather_dep
    response = await get_data_from_worker(
  File "/opt/conda/envs/gdf/lib/python3.9/site-packages/distributed/worker.py", line 2863, in get_data_from_worker
    response = await send_recv(
  File "/opt/conda/envs/gdf/lib/python3.9/site-packages/distributed/core.py", line 1154, in send_recv
    response = await comm.read(deserializers=deserializers)
  File "/opt/conda/envs/gdf/lib/python3.9/site-packages/distributed/utils.py", line 832, in wrapper
    return await func(*args, **kwargs)
  File "/opt/conda/envs/gdf/lib/python3.9/site-packages/distributed/comm/ucx.py", line 398, in read
    raise CommClosedError(
distributed.comm.core.CommClosedError: Connection closed by writer.
Inner exception: UCXCanceled("<[Recv #008] ep: 0x7fad1002f340, tag: 0x8a2b0d12d6e081dd, nbytes: 100000000, type: <class 'rmm._lib.device_buffer.DeviceBuffer'>>: ")
2024-06-08 06:07:16,603 - distributed.scheduler - WARNING - Removing worker 'ucx://127.0.0.1:54539' caused the cluster to lose already computed task(s), which will be recomputed elsewhere: {('split-taskshuffle-6069670213e233d5016755b29b3e54d4', 4, 0), ('split-taskshuffle-6069670213e233d5016755b29b3e54d4', 5, 0), ('split-taskshuffle-6069670213e233d5016755b29b3e54d4', 0, 0), ('split-taskshuffle-6069670213e233d5016755b29b3e54d4', 6, 0), ('split-taskshuffle-6069670213e233d5016755b29b3e54d4', 7, 0), ('split-taskshuffle-6069670213e233d5016755b29b3e54d4', 2, 0), ('split-taskshuffle-6069670213e233d5016755b29b3e54d4', 3, 0), ('generate_chunk-_to_string_dtype-26fc8ffd6cffe3bf06a052b526402c5c', 0), ('split-taskshuffle-6069670213e233d5016755b29b3e54d4', 1, 0)} (stimulus_id='handle-worker-cleanup-1717826836.6032546')
2024-06-08 06:07:16,645 - distributed.nanny - WARNING - Restarting worker
2024-06-08 06:07:16,669 - distributed.scheduler - WARNING - Removing worker 'ucx://127.0.0.1:44445' caused the cluster to lose already computed task(s), which will be recomputed elsewhere: {('split-taskshuffle-6069670213e233d5016755b29b3e54d4', 4, 3), ('generate_chunk-_to_string_dtype-26fc8ffd6cffe3bf06a052b526402c5c', 1), ('split-taskshuffle-6069670213e233d5016755b29b3e54d4', 5, 3), ('split-taskshuffle-6069670213e233d5016755b29b3e54d4', 6, 3), ('split-taskshuffle-6069670213e233d5016755b29b3e54d4', 7, 3), ('split-taskshuffle-6069670213e233d5016755b29b3e54d4', 2, 3), ('split-taskshuffle-6069670213e233d5016755b29b3e54d4', 3, 3), ('split-taskshuffle-6069670213e233d5016755b29b3e54d4', 1, 3)} (stimulus_id='handle-worker-cleanup-1717826836.669445')
2024-06-08 06:07:16,671 - distributed.worker - ERROR - Worker stream died during communication: ucx://127.0.0.1:54539
Traceback (most recent call last):
  File "/opt/conda/envs/gdf/lib/python3.9/site-packages/distributed/comm/ucx.py", line 350, in read
    await self.ep.recv(msg)
  File "/opt/conda/envs/gdf/lib/python3.9/site-packages/ucp/core.py", line 737, in recv
    ret = await comm.tag_recv(self._ep, buffer, nbytes, tag, name=log)
ucp._libs.exceptions.UCXCanceled: <[Recv #003] ep: 0x7fa03c0cb2c0, tag: 0xf8d0fb00230efadc, nbytes: 16, type: <class 'numpy.ndarray'>>: 

During handling of the above exception, another exception occurred:

Traceback (most recent call last):
  File "/opt/conda/envs/gdf/lib/python3.9/site-packages/distributed/worker.py", line 2059, in gather_dep
    response = await get_data_from_worker(
  File "/opt/conda/envs/gdf/lib/python3.9/site-packages/distributed/worker.py", line 2863, in get_data_from_worker
    response = await send_recv(
  File "/opt/conda/envs/gdf/lib/python3.9/site-packages/distributed/core.py", line 1154, in send_recv
    response = await comm.read(deserializers=deserializers)
  File "/opt/conda/envs/gdf/lib/python3.9/site-packages/distributed/utils.py", line 832, in wrapper
    return await func(*args, **kwargs)
  File "/opt/conda/envs/gdf/lib/python3.9/site-packages/distributed/comm/ucx.py", line 368, in read
    raise CommClosedError(
distributed.comm.core.CommClosedError: Connection closed by writer.
Inner exception: UCXCanceled("<[Recv #003] ep: 0x7fa03c0cb2c0, tag: 0xf8d0fb00230efadc, nbytes: 16, type: <class 'numpy.ndarray'>>: ")
2024-06-08 06:07:16,672 - distributed.nanny - WARNING - Restarting worker
2024-06-08 06:07:16,676 - distributed.worker - ERROR - failed during get data with ucx://127.0.0.1:32997 -> ucx://127.0.0.1:44445
Traceback (most recent call last):
  File "/opt/conda/envs/gdf/lib/python3.9/site-packages/distributed/comm/ucx.py", line 334, in write
    await self.ep.send(each_frame)
  File "/opt/conda/envs/gdf/lib/python3.9/site-packages/ucp/core.py", line 662, in send
    return await comm.tag_send(self._ep, buffer, nbytes, tag, name=log)
ucp._libs.exceptions.UCXError: <[Send #007] ep: 0x7fad1002f3c0, tag: 0xc3596373162898c4, nbytes: 100000000, type: <class 'cudf.core.buffer.buffer.Buffer'>>: Connection reset by remote peer

During handling of the above exception, another exception occurred:

Traceback (most recent call last):
  File "/opt/conda/envs/gdf/lib/python3.9/site-packages/distributed/worker.py", line 1782, in get_data
    compressed = await comm.write(msg, serializers=serializers)
  File "/opt/conda/envs/gdf/lib/python3.9/site-packages/distributed/utils.py", line 832, in wrapper
    return await func(*args, **kwargs)
  File "/opt/conda/envs/gdf/lib/python3.9/site-packages/distributed/comm/ucx.py", line 338, in write
    raise CommClosedError("While writing, the connection was closed")
distributed.comm.core.CommClosedError: While writing, the connection was closed
2024-06-08 06:07:16,677 - distributed.worker - ERROR - failed during get data with ucx://127.0.0.1:32997 -> ucx://127.0.0.1:38091
Traceback (most recent call last):
  File "/opt/conda/envs/gdf/lib/python3.9/site-packages/distributed/comm/ucx.py", line 334, in write
    await self.ep.send(each_frame)
  File "/opt/conda/envs/gdf/lib/python3.9/site-packages/ucp/core.py", line 662, in send
    return await comm.tag_send(self._ep, buffer, nbytes, tag, name=log)
ucp._libs.exceptions.UCXError: <[Send #007] ep: 0x7fad1002f140, tag: 0x7503bae6a228e8d3, nbytes: 100000000, type: <class 'cudf.core.buffer.buffer.Buffer'>>: Connection reset by remote peer

During handling of the above exception, another exception occurred:

Traceback (most recent call last):
  File "/opt/conda/envs/gdf/lib/python3.9/site-packages/distributed/worker.py", line 1782, in get_data
    compressed = await comm.write(msg, serializers=serializers)
  File "/opt/conda/envs/gdf/lib/python3.9/site-packages/distributed/utils.py", line 832, in wrapper
    return await func(*args, **kwargs)
  File "/opt/conda/envs/gdf/lib/python3.9/site-packages/distributed/comm/ucx.py", line 338, in write
    raise CommClosedError("While writing, the connection was closed")
distributed.comm.core.CommClosedError: While writing, the connection was closed
2024-06-08 06:07:16,677 - distributed.worker - ERROR - failed during get data with ucx://127.0.0.1:32997 -> ucx://127.0.0.1:39241
Traceback (most recent call last):
  File "/opt/conda/envs/gdf/lib/python3.9/site-packages/distributed/comm/ucx.py", line 334, in write
    await self.ep.send(each_frame)
  File "/opt/conda/envs/gdf/lib/python3.9/site-packages/ucp/core.py", line 662, in send
    return await comm.tag_send(self._ep, buffer, nbytes, tag, name=log)
ucp._libs.exceptions.UCXError: <[Send #007] ep: 0x7fad1002f1c0, tag: 0xf499976902764cc5, nbytes: 100000000, type: <class 'cudf.core.buffer.buffer.Buffer'>>: Connection reset by remote peer

During handling of the above exception, another exception occurred:

Traceback (most recent call last):
  File "/opt/conda/envs/gdf/lib/python3.9/site-packages/distributed/worker.py", line 1782, in get_data
    compressed = await comm.write(msg, serializers=serializers)
  File "/opt/conda/envs/gdf/lib/python3.9/site-packages/distributed/utils.py", line 832, in wrapper
    return await func(*args, **kwargs)
  File "/opt/conda/envs/gdf/lib/python3.9/site-packages/distributed/comm/ucx.py", line 338, in write
    raise CommClosedError("While writing, the connection was closed")
distributed.comm.core.CommClosedError: While writing, the connection was closed
2024-06-08 06:07:16,678 - distributed.worker - ERROR - failed during get data with ucx://127.0.0.1:32997 -> ucx://127.0.0.1:54539
Traceback (most recent call last):
  File "/opt/conda/envs/gdf/lib/python3.9/site-packages/distributed/comm/ucx.py", line 334, in write
    await self.ep.send(each_frame)
  File "/opt/conda/envs/gdf/lib/python3.9/site-packages/ucp/core.py", line 662, in send
    return await comm.tag_send(self._ep, buffer, nbytes, tag, name=log)
ucp._libs.exceptions.UCXError: <[Send #010] ep: 0x7fad1002f180, tag: 0xc7af29eeb657f010, nbytes: 50000000, type: <class 'cudf.core.buffer.buffer.Buffer'>>: Connection reset by remote peer

During handling of the above exception, another exception occurred:

Traceback (most recent call last):
  File "/opt/conda/envs/gdf/lib/python3.9/site-packages/distributed/worker.py", line 1782, in get_data
    compressed = await comm.write(msg, serializers=serializers)
  File "/opt/conda/envs/gdf/lib/python3.9/site-packages/distributed/utils.py", line 832, in wrapper
    return await func(*args, **kwargs)
  File "/opt/conda/envs/gdf/lib/python3.9/site-packages/distributed/comm/ucx.py", line 338, in write
    raise CommClosedError("While writing, the connection was closed")
distributed.comm.core.CommClosedError: While writing, the connection was closed
2024-06-08 06:07:16,678 - distributed.worker - ERROR - Worker stream died during communication: ucx://127.0.0.1:44445
Traceback (most recent call last):
  File "/opt/conda/envs/gdf/lib/python3.9/site-packages/distributed/comm/ucx.py", line 392, in read
    await self.ep.recv(each_frame)
  File "/opt/conda/envs/gdf/lib/python3.9/site-packages/ucp/core.py", line 737, in recv
    ret = await comm.tag_recv(self._ep, buffer, nbytes, tag, name=log)
ucp._libs.exceptions.UCXError: <[Recv #007] ep: 0x7fad1002f200, tag: 0xe9991b45bb11aff0, nbytes: 100000000, type: <class 'rmm._lib.device_buffer.DeviceBuffer'>>: Connection reset by remote peer

During handling of the above exception, another exception occurred:

Traceback (most recent call last):
  File "/opt/conda/envs/gdf/lib/python3.9/site-packages/distributed/worker.py", line 2059, in gather_dep
    response = await get_data_from_worker(
  File "/opt/conda/envs/gdf/lib/python3.9/site-packages/distributed/worker.py", line 2863, in get_data_from_worker
    response = await send_recv(
  File "/opt/conda/envs/gdf/lib/python3.9/site-packages/distributed/core.py", line 1154, in send_recv
    response = await comm.read(deserializers=deserializers)
  File "/opt/conda/envs/gdf/lib/python3.9/site-packages/distributed/utils.py", line 832, in wrapper
    return await func(*args, **kwargs)
  File "/opt/conda/envs/gdf/lib/python3.9/site-packages/distributed/comm/ucx.py", line 398, in read
    raise CommClosedError(
distributed.comm.core.CommClosedError: Connection closed by writer.
Inner exception: UCXError("<[Recv #007] ep: 0x7fad1002f200, tag: 0xe9991b45bb11aff0, nbytes: 100000000, type: <class 'rmm._lib.device_buffer.DeviceBuffer'>>: Connection reset by remote peer")
2024-06-08 06:07:16,693 - distributed.worker - ERROR - failed during get data with ucx://127.0.0.1:38187 -> ucx://127.0.0.1:54539
Traceback (most recent call last):
  File "/opt/conda/envs/gdf/lib/python3.9/site-packages/distributed/comm/ucx.py", line 334, in write
    await self.ep.send(each_frame)
  File "/opt/conda/envs/gdf/lib/python3.9/site-packages/ucp/core.py", line 662, in send
    return await comm.tag_send(self._ep, buffer, nbytes, tag, name=log)
ucp._libs.exceptions.UCXError: <[Send #007] ep: 0x7fab36d11300, tag: 0x2fbfdc9a0db2015d, nbytes: 100000000, type: <class 'cudf.core.buffer.buffer.Buffer'>>: Connection reset by remote peer

During handling of the above exception, another exception occurred:

Traceback (most recent call last):
  File "/opt/conda/envs/gdf/lib/python3.9/site-packages/distributed/worker.py", line 1782, in get_data
    compressed = await comm.write(msg, serializers=serializers)
  File "/opt/conda/envs/gdf/lib/python3.9/site-packages/distributed/utils.py", line 832, in wrapper
    return await func(*args, **kwargs)
  File "/opt/conda/envs/gdf/lib/python3.9/site-packages/distributed/comm/ucx.py", line 338, in write
    raise CommClosedError("While writing, the connection was closed")
distributed.comm.core.CommClosedError: While writing, the connection was closed
2024-06-08 06:07:16,694 - distributed.worker - ERROR - failed during get data with ucx://127.0.0.1:38187 -> ucx://127.0.0.1:44445
Traceback (most recent call last):
  File "/opt/conda/envs/gdf/lib/python3.9/site-packages/distributed/comm/ucx.py", line 334, in write
    await self.ep.send(each_frame)
  File "/opt/conda/envs/gdf/lib/python3.9/site-packages/ucp/core.py", line 662, in send
    return await comm.tag_send(self._ep, buffer, nbytes, tag, name=log)
ucp._libs.exceptions.UCXError: <[Send #008] ep: 0x7fab36d113c0, tag: 0xadf1c5edb06bf83b, nbytes: 100000000, type: <class 'cudf.core.buffer.buffer.Buffer'>>: Connection reset by remote peer

During handling of the above exception, another exception occurred:

Traceback (most recent call last):
  File "/opt/conda/envs/gdf/lib/python3.9/site-packages/distributed/worker.py", line 1782, in get_data
    compressed = await comm.write(msg, serializers=serializers)
  File "/opt/conda/envs/gdf/lib/python3.9/site-packages/distributed/utils.py", line 832, in wrapper
    return await func(*args, **kwargs)
  File "/opt/conda/envs/gdf/lib/python3.9/site-packages/distributed/comm/ucx.py", line 338, in write
    raise CommClosedError("While writing, the connection was closed")
distributed.comm.core.CommClosedError: While writing, the connection was closed
2024-06-08 06:07:16,694 - distributed.worker - ERROR - Worker stream died during communication: ucx://127.0.0.1:44445
Traceback (most recent call last):
  File "/opt/conda/envs/gdf/lib/python3.9/site-packages/distributed/comm/ucx.py", line 392, in read
    await self.ep.recv(each_frame)
  File "/opt/conda/envs/gdf/lib/python3.9/site-packages/ucp/core.py", line 737, in recv
    ret = await comm.tag_recv(self._ep, buffer, nbytes, tag, name=log)
ucp._libs.exceptions.UCXCanceled: <[Recv #009] ep: 0x7fab36d11200, tag: 0xa58decdbd6bde5ab, nbytes: 100000000, type: <class 'rmm._lib.device_buffer.DeviceBuffer'>>: 

During handling of the above exception, another exception occurred:

Traceback (most recent call last):
  File "/opt/conda/envs/gdf/lib/python3.9/site-packages/distributed/worker.py", line 2059, in gather_dep
    response = await get_data_from_worker(
  File "/opt/conda/envs/gdf/lib/python3.9/site-packages/distributed/worker.py", line 2863, in get_data_from_worker
    response = await send_recv(
  File "/opt/conda/envs/gdf/lib/python3.9/site-packages/distributed/core.py", line 1154, in send_recv
    response = await comm.read(deserializers=deserializers)
  File "/opt/conda/envs/gdf/lib/python3.9/site-packages/distributed/utils.py", line 832, in wrapper
    return await func(*args, **kwargs)
  File "/opt/conda/envs/gdf/lib/python3.9/site-packages/distributed/comm/ucx.py", line 398, in read
    raise CommClosedError(
distributed.comm.core.CommClosedError: Connection closed by writer.
Inner exception: UCXCanceled("<[Recv #009] ep: 0x7fab36d11200, tag: 0xa58decdbd6bde5ab, nbytes: 100000000, type: <class 'rmm._lib.device_buffer.DeviceBuffer'>>: ")
2024-06-08 06:07:16,771 - distributed.nanny - WARNING - Restarting worker
2024-06-08 06:07:16,821 - distributed.nanny - WARNING - Restarting worker
2024-06-08 06:07:17,115 - distributed.worker - ERROR - failed during get data with ucx://127.0.0.1:38187 -> ucx://127.0.0.1:38091
Traceback (most recent call last):
  File "/opt/conda/envs/gdf/lib/python3.9/site-packages/distributed/comm/ucx.py", line 334, in write
    await self.ep.send(each_frame)
  File "/opt/conda/envs/gdf/lib/python3.9/site-packages/ucp/core.py", line 662, in send
    return await comm.tag_send(self._ep, buffer, nbytes, tag, name=log)
ucp._libs.exceptions.UCXError: <[Send #007] ep: 0x7fab36d112c0, tag: 0x21b6a51b05bd6444, nbytes: 100000000, type: <class 'cudf.core.buffer.buffer.Buffer'>>: Connection reset by remote peer

During handling of the above exception, another exception occurred:

Traceback (most recent call last):
  File "/opt/conda/envs/gdf/lib/python3.9/site-packages/distributed/worker.py", line 1782, in get_data
    compressed = await comm.write(msg, serializers=serializers)
  File "/opt/conda/envs/gdf/lib/python3.9/site-packages/distributed/utils.py", line 832, in wrapper
    return await func(*args, **kwargs)
  File "/opt/conda/envs/gdf/lib/python3.9/site-packages/distributed/comm/ucx.py", line 338, in write
    raise CommClosedError("While writing, the connection was closed")
distributed.comm.core.CommClosedError: While writing, the connection was closed
2024-06-08 06:07:46,081 - distributed.worker - ERROR - Worker stream died during communication: ucx://127.0.0.1:39241
Traceback (most recent call last):
  File "/opt/conda/envs/gdf/lib/python3.9/site-packages/distributed/comm/ucx.py", line 467, in connect
    ep = await ucp.create_endpoint(ip, port)
  File "/opt/conda/envs/gdf/lib/python3.9/site-packages/ucp/core.py", line 1016, in create_endpoint
    return await _get_ctx().create_endpoint(
  File "/opt/conda/envs/gdf/lib/python3.9/site-packages/ucp/core.py", line 328, in create_endpoint
    peer_info = await exchange_peer_info(
  File "/opt/conda/envs/gdf/lib/python3.9/site-packages/ucp/core.py", line 60, in exchange_peer_info
    await asyncio.wait_for(
  File "/opt/conda/envs/gdf/lib/python3.9/asyncio/tasks.py", line 466, in wait_for
    await waiter
asyncio.exceptions.CancelledError

During handling of the above exception, another exception occurred:

Traceback (most recent call last):
  File "/opt/conda/envs/gdf/lib/python3.9/asyncio/tasks.py", line 490, in wait_for
    return fut.result()
asyncio.exceptions.CancelledError

The above exception was the direct cause of the following exception:

Traceback (most recent call last):
  File "/opt/conda/envs/gdf/lib/python3.9/site-packages/distributed/comm/core.py", line 342, in connect
    comm = await wait_for(
  File "/opt/conda/envs/gdf/lib/python3.9/site-packages/distributed/utils.py", line 1961, in wait_for
    return await asyncio.wait_for(fut, timeout)
  File "/opt/conda/envs/gdf/lib/python3.9/asyncio/tasks.py", line 492, in wait_for
    raise exceptions.TimeoutError() from exc
asyncio.exceptions.TimeoutError

The above exception was the direct cause of the following exception:

Traceback (most recent call last):
  File "/opt/conda/envs/gdf/lib/python3.9/site-packages/distributed/worker.py", line 2059, in gather_dep
    response = await get_data_from_worker(
  File "/opt/conda/envs/gdf/lib/python3.9/site-packages/distributed/worker.py", line 2860, in get_data_from_worker
    comm = await rpc.connect(worker)
  File "/opt/conda/envs/gdf/lib/python3.9/site-packages/distributed/core.py", line 1674, in connect
    return connect_attempt.result()
  File "/opt/conda/envs/gdf/lib/python3.9/site-packages/distributed/core.py", line 1564, in _connect
    comm = await connect(
  File "/opt/conda/envs/gdf/lib/python3.9/site-packages/distributed/comm/core.py", line 368, in connect
    raise OSError(
OSError: Timed out trying to connect to ucx://127.0.0.1:39241 after 30 s
/opt/conda/envs/gdf/lib/python3.9/multiprocessing/resource_tracker.py:216: UserWarning: resource_tracker: There appear to be 48 leaked semaphore objects to clean up at shutdown
  warnings.warn('resource_tracker: There appear to be %d '
