[1712211497.101738] [dgx13:76748:0]            sock.c:470  UCX  ERROR bind(fd=161 addr=0.0.0.0:52364) failed: Address already in use
[1712211504.744138] [dgx13:76744:0]    ib_mlx5dv_md.c:468  UCX  ERROR mlx5_3: LRU push returned Unsupported operation
[dgx13:76744:0:76744]        rndv.c:166  Fatal: failed to pack rendezvous remote key: Unsupported operation
==== backtrace (tid:  76744) ====
 0  /opt/conda/envs/gdf/lib/libucs.so.0(ucs_handle_error+0x2fd) [0x7f3739bbd07d]
 1  /opt/conda/envs/gdf/lib/libucs.so.0(ucs_fatal_error_message+0x51) [0x7f3739bbac21]
 2  /opt/conda/envs/gdf/lib/libucs.so.0(+0x27dbc) [0x7f3739bbadbc]
 3  /opt/conda/envs/gdf/lib/libucp.so.0(+0x739f8) [0x7f3739c659f8]
 4  /opt/conda/envs/gdf/lib/libucp.so.0(ucp_do_am_single+0xdf) [0x7f3739c3cd8f]
 5  /opt/conda/envs/gdf/lib/libucp.so.0(ucp_proto_progress_tag_rndv_rts+0x1d) [0x7f3739c78afd]
 6  /opt/conda/envs/gdf/lib/libucp.so.0(ucp_tag_send_nbx+0x6da) [0x7f3739c7d9ea]
 7  /opt/conda/envs/gdf/lib/libucp.so.0(ucp_tag_send_nb+0x4f) [0x7f3739c7e72f]
 8  /opt/conda/envs/gdf/lib/python3.9/site-packages/ucp/_libs/ucx_api.cpython-39-x86_64-linux-gnu.so(+0x6c6f0) [0x7f3739d2c6f0]
 9  /opt/conda/envs/gdf/bin/python(PyObject_Call+0xbc) [0x55a631bb717c]
10  /opt/conda/envs/gdf/bin/python(_PyEval_EvalFrameDefault+0x45a6) [0x55a631b9d516]
11  /opt/conda/envs/gdf/bin/python(+0x12e184) [0x55a631b98184]
12  /opt/conda/envs/gdf/bin/python(_PyFunction_Vectorcall+0xd9) [0x55a631ba9559]
13  /opt/conda/envs/gdf/bin/python(_PyEval_EvalFrameDefault+0x11f2) [0x55a631b9a162]
14  /opt/conda/envs/gdf/bin/python(+0x12e184) [0x55a631b98184]
15  /opt/conda/envs/gdf/bin/python(_PyFunction_Vectorcall+0xd9) [0x55a631ba9559]
16  /opt/conda/envs/gdf/bin/python(_PyEval_EvalFrameDefault+0x11f2) [0x55a631b9a162]
17  /opt/conda/envs/gdf/bin/python(+0x1e28a2) [0x55a631c4c8a2]
18  /opt/conda/envs/gdf/bin/python(_PyEval_EvalFrameDefault+0x6410) [0x55a631b9f380]
19  /opt/conda/envs/gdf/bin/python(+0x1e28a2) [0x55a631c4c8a2]
20  /opt/conda/envs/gdf/bin/python(_PyEval_EvalFrameDefault+0x6410) [0x55a631b9f380]
21  /opt/conda/envs/gdf/bin/python(+0x1e28a2) [0x55a631c4c8a2]
22  /opt/conda/envs/gdf/bin/python(_PyEval_EvalFrameDefault+0x6410) [0x55a631b9f380]
23  /opt/conda/envs/gdf/bin/python(+0x1e28a2) [0x55a631c4c8a2]
24  /opt/conda/envs/gdf/bin/python(_PyEval_EvalFrameDefault+0x6410) [0x55a631b9f380]
25  /opt/conda/envs/gdf/bin/python(+0x1e28a2) [0x55a631c4c8a2]
26  /opt/conda/envs/gdf/bin/python(_PyEval_EvalFrameDefault+0x6410) [0x55a631b9f380]
27  /opt/conda/envs/gdf/bin/python(+0x1e28a2) [0x55a631c4c8a2]
28  /opt/conda/envs/gdf/lib/python3.9/lib-dynload/_asyncio.cpython-39-x86_64-linux-gnu.so(+0x81e9) [0x7f376168c1e9]
29  /opt/conda/envs/gdf/lib/python3.9/lib-dynload/_asyncio.cpython-39-x86_64-linux-gnu.so(+0x8aa6) [0x7f376168caa6]
30  /opt/conda/envs/gdf/bin/python(_PyObject_MakeTpCall+0x2ec) [0x55a631ba17ac]
31  /opt/conda/envs/gdf/bin/python(+0xf266c) [0x55a631b5c66c]
32  /opt/conda/envs/gdf/bin/python(+0x136833) [0x55a631ba0833]
33  /opt/conda/envs/gdf/bin/python(_PyEval_EvalFrameDefault+0x58b4) [0x55a631b9e824]
34  /opt/conda/envs/gdf/bin/python(+0x13f802) [0x55a631ba9802]
35  /opt/conda/envs/gdf/bin/python(_PyEval_EvalFrameDefault+0x696) [0x55a631b99606]
36  /opt/conda/envs/gdf/bin/python(+0x13f802) [0x55a631ba9802]
37  /opt/conda/envs/gdf/bin/python(_PyEval_EvalFrameDefault+0x696) [0x55a631b99606]
38  /opt/conda/envs/gdf/bin/python(+0x13f802) [0x55a631ba9802]
39  /opt/conda/envs/gdf/bin/python(_PyEval_EvalFrameDefault+0x696) [0x55a631b99606]
40  /opt/conda/envs/gdf/bin/python(+0x13f802) [0x55a631ba9802]
41  /opt/conda/envs/gdf/bin/python(_PyEval_EvalFrameDefault+0x696) [0x55a631b99606]
42  /opt/conda/envs/gdf/bin/python(+0x12e184) [0x55a631b98184]
43  /opt/conda/envs/gdf/bin/python(_PyFunction_Vectorcall+0xd9) [0x55a631ba9559]
44  /opt/conda/envs/gdf/bin/python(_PyEval_EvalFrameDefault+0x11f2) [0x55a631b9a162]
45  /opt/conda/envs/gdf/bin/python(+0x12e184) [0x55a631b98184]
46  /opt/conda/envs/gdf/bin/python(+0x14c9fb) [0x55a631bb69fb]
47  /opt/conda/envs/gdf/bin/python(PyObject_Call+0xbc) [0x55a631bb717c]
48  /opt/conda/envs/gdf/bin/python(+0x2109ce) [0x55a631c7a9ce]
49  /opt/conda/envs/gdf/bin/python(_PyObject_MakeTpCall+0x2ec) [0x55a631ba17ac]
50  /opt/conda/envs/gdf/bin/python(_PyEval_EvalFrameDefault+0x45a6) [0x55a631b9d516]
51  /opt/conda/envs/gdf/bin/python(+0x13f802) [0x55a631ba9802]
52  /opt/conda/envs/gdf/bin/python(+0x14cadc) [0x55a631bb6adc]
53  /opt/conda/envs/gdf/bin/python(_PyEval_EvalFrameDefault+0x45a6) [0x55a631b9d516]
54  /opt/conda/envs/gdf/bin/python(+0x13f802) [0x55a631ba9802]
55  /opt/conda/envs/gdf/bin/python(_PyEval_EvalFrameDefault+0x696) [0x55a631b99606]
56  /opt/conda/envs/gdf/bin/python(+0x12e184) [0x55a631b98184]
57  /opt/conda/envs/gdf/bin/python(_PyFunction_Vectorcall+0xd9) [0x55a631ba9559]
58  /opt/conda/envs/gdf/bin/python(_PyEval_EvalFrameDefault+0x696) [0x55a631b99606]
59  /opt/conda/envs/gdf/bin/python(+0x13f802) [0x55a631ba9802]
60  /opt/conda/envs/gdf/bin/python(_PyEval_EvalFrameDefault+0x3e2) [0x55a631b99352]
61  /opt/conda/envs/gdf/bin/python(+0x12e184) [0x55a631b98184]
=================================
[1712211504.861724] [dgx13:76722:0]    ib_mlx5dv_md.c:468  UCX  ERROR mlx5_0: LRU push returned Unsupported operation
[dgx13:76722:0:76722]        rndv.c:166  Fatal: failed to pack rendezvous remote key: Unsupported operation
==== backtrace (tid:  76722) ====
 0  /opt/conda/envs/gdf/lib/libucs.so.0(ucs_handle_error+0x2fd) [0x7f74dc87a07d]
 1  /opt/conda/envs/gdf/lib/libucs.so.0(ucs_fatal_error_message+0x51) [0x7f74dc877c21]
 2  /opt/conda/envs/gdf/lib/libucs.so.0(+0x27dbc) [0x7f74dc877dbc]
 3  /opt/conda/envs/gdf/lib/libucp.so.0(+0x739f8) [0x7f74dc9229f8]
 4  /opt/conda/envs/gdf/lib/libucp.so.0(ucp_do_am_single+0xdf) [0x7f74dc8f9d8f]
 5  /opt/conda/envs/gdf/lib/libucp.so.0(ucp_proto_progress_tag_rndv_rts+0x1d) [0x7f74dc935afd]
 6  /opt/conda/envs/gdf/lib/libucp.so.0(ucp_tag_send_nbx+0x6da) [0x7f74dc93a9ea]
 7  /opt/conda/envs/gdf/lib/libucp.so.0(ucp_tag_send_nb+0x4f) [0x7f74dc93b72f]
 8  /opt/conda/envs/gdf/lib/python3.9/site-packages/ucp/_libs/ucx_api.cpython-39-x86_64-linux-gnu.so(+0x6c6f0) [0x7f74dc9e96f0]
 9  /opt/conda/envs/gdf/bin/python(PyObject_Call+0xbc) [0x557a1ce4e17c]
10  /opt/conda/envs/gdf/bin/python(_PyEval_EvalFrameDefault+0x45a6) [0x557a1ce34516]
11  /opt/conda/envs/gdf/bin/python(+0x12e184) [0x557a1ce2f184]
12  /opt/conda/envs/gdf/bin/python(_PyFunction_Vectorcall+0xd9) [0x557a1ce40559]
13  /opt/conda/envs/gdf/bin/python(_PyEval_EvalFrameDefault+0x11f2) [0x557a1ce31162]
14  /opt/conda/envs/gdf/bin/python(+0x12e184) [0x557a1ce2f184]
15  /opt/conda/envs/gdf/bin/python(_PyFunction_Vectorcall+0xd9) [0x557a1ce40559]
16  /opt/conda/envs/gdf/bin/python(_PyEval_EvalFrameDefault+0x11f2) [0x557a1ce31162]
17  /opt/conda/envs/gdf/bin/python(+0x1e28a2) [0x557a1cee38a2]
18  /opt/conda/envs/gdf/bin/python(_PyEval_EvalFrameDefault+0x6410) [0x557a1ce36380]
19  /opt/conda/envs/gdf/bin/python(+0x1e28a2) [0x557a1cee38a2]
20  /opt/conda/envs/gdf/bin/python(_PyEval_EvalFrameDefault+0x6410) [0x557a1ce36380]
21  /opt/conda/envs/gdf/bin/python(+0x1e28a2) [0x557a1cee38a2]
22  /opt/conda/envs/gdf/bin/python(_PyEval_EvalFrameDefault+0x6410) [0x557a1ce36380]
23  /opt/conda/envs/gdf/bin/python(+0x1e28a2) [0x557a1cee38a2]
24  /opt/conda/envs/gdf/bin/python(_PyEval_EvalFrameDefault+0x6410) [0x557a1ce36380]
25  /opt/conda/envs/gdf/bin/python(+0x1e28a2) [0x557a1cee38a2]
26  /opt/conda/envs/gdf/bin/python(_PyEval_EvalFrameDefault+0x6410) [0x557a1ce36380]
27  /opt/conda/envs/gdf/bin/python(+0x1e28a2) [0x557a1cee38a2]
28  /opt/conda/envs/gdf/lib/python3.9/lib-dynload/_asyncio.cpython-39-x86_64-linux-gnu.so(+0x81e9) [0x7f74f21891e9]
29  /opt/conda/envs/gdf/lib/python3.9/lib-dynload/_asyncio.cpython-39-x86_64-linux-gnu.so(+0x8aa6) [0x7f74f2189aa6]
30  /opt/conda/envs/gdf/bin/python(_PyObject_MakeTpCall+0x2ec) [0x557a1ce387ac]
31  /opt/conda/envs/gdf/bin/python(+0xf266c) [0x557a1cdf366c]
32  /opt/conda/envs/gdf/bin/python(+0x136833) [0x557a1ce37833]
33  /opt/conda/envs/gdf/bin/python(_PyEval_EvalFrameDefault+0x58b4) [0x557a1ce35824]
34  /opt/conda/envs/gdf/bin/python(+0x13f802) [0x557a1ce40802]
35  /opt/conda/envs/gdf/bin/python(_PyEval_EvalFrameDefault+0x696) [0x557a1ce30606]
36  /opt/conda/envs/gdf/bin/python(+0x13f802) [0x557a1ce40802]
37  /opt/conda/envs/gdf/bin/python(_PyEval_EvalFrameDefault+0x696) [0x557a1ce30606]
38  /opt/conda/envs/gdf/bin/python(+0x13f802) [0x557a1ce40802]
39  /opt/conda/envs/gdf/bin/python(_PyEval_EvalFrameDefault+0x696) [0x557a1ce30606]
40  /opt/conda/envs/gdf/bin/python(+0x13f802) [0x557a1ce40802]
41  /opt/conda/envs/gdf/bin/python(_PyEval_EvalFrameDefault+0x696) [0x557a1ce30606]
42  /opt/conda/envs/gdf/bin/python(+0x12e184) [0x557a1ce2f184]
43  /opt/conda/envs/gdf/bin/python(_PyFunction_Vectorcall+0xd9) [0x557a1ce40559]
44  /opt/conda/envs/gdf/bin/python(_PyEval_EvalFrameDefault+0x11f2) [0x557a1ce31162]
45  /opt/conda/envs/gdf/bin/python(+0x12e184) [0x557a1ce2f184]
46  /opt/conda/envs/gdf/bin/python(+0x14c9fb) [0x557a1ce4d9fb]
47  /opt/conda/envs/gdf/bin/python(PyObject_Call+0xbc) [0x557a1ce4e17c]
48  /opt/conda/envs/gdf/bin/python(+0x2109ce) [0x557a1cf119ce]
49  /opt/conda/envs/gdf/bin/python(_PyObject_MakeTpCall+0x2ec) [0x557a1ce387ac]
50  /opt/conda/envs/gdf/bin/python(_PyEval_EvalFrameDefault+0x45a6) [0x557a1ce34516]
51  /opt/conda/envs/gdf/bin/python(+0x13f802) [0x557a1ce40802]
52  /opt/conda/envs/gdf/bin/python(+0x14cadc) [0x557a1ce4dadc]
53  /opt/conda/envs/gdf/bin/python(_PyEval_EvalFrameDefault+0x45a6) [0x557a1ce34516]
54  /opt/conda/envs/gdf/bin/python(+0x13f802) [0x557a1ce40802]
55  /opt/conda/envs/gdf/bin/python(_PyEval_EvalFrameDefault+0x696) [0x557a1ce30606]
56  /opt/conda/envs/gdf/bin/python(+0x12e184) [0x557a1ce2f184]
57  /opt/conda/envs/gdf/bin/python(_PyFunction_Vectorcall+0xd9) [0x557a1ce40559]
58  /opt/conda/envs/gdf/bin/python(_PyEval_EvalFrameDefault+0x696) [0x557a1ce30606]
59  /opt/conda/envs/gdf/bin/python(+0x13f802) [0x557a1ce40802]
60  /opt/conda/envs/gdf/bin/python(_PyEval_EvalFrameDefault+0x3e2) [0x557a1ce30352]
61  /opt/conda/envs/gdf/bin/python(+0x12e184) [0x557a1ce2f184]
=================================
[1712211505.041614] [dgx13:76727:0]    ib_mlx5dv_md.c:468  UCX  ERROR mlx5_1: LRU push returned Unsupported operation
[dgx13:76727:0:76727]        rndv.c:166  Fatal: failed to pack rendezvous remote key: Unsupported operation
==== backtrace (tid:  76727) ====
 0  /opt/conda/envs/gdf/lib/libucs.so.0(ucs_handle_error+0x2fd) [0x7f38d074407d]
 1  /opt/conda/envs/gdf/lib/libucs.so.0(ucs_fatal_error_message+0x51) [0x7f38d0741c21]
 2  /opt/conda/envs/gdf/lib/libucs.so.0(+0x27dbc) [0x7f38d0741dbc]
 3  /opt/conda/envs/gdf/lib/libucp.so.0(+0x739f8) [0x7f38d07ec9f8]
 4  /opt/conda/envs/gdf/lib/libucp.so.0(ucp_do_am_single+0xdf) [0x7f38d07c3d8f]
 5  /opt/conda/envs/gdf/lib/libucp.so.0(ucp_proto_progress_tag_rndv_rts+0x1d) [0x7f38d07ffafd]
 6  /opt/conda/envs/gdf/lib/libucp.so.0(ucp_tag_send_nbx+0x6da) [0x7f38d08049ea]
 7  /opt/conda/envs/gdf/lib/libucp.so.0(ucp_tag_send_nb+0x4f) [0x7f38d080572f]
 8  /opt/conda/envs/gdf/lib/python3.9/site-packages/ucp/_libs/ucx_api.cpython-39-x86_64-linux-gnu.so(+0x6c6f0) [0x7f38d08b36f0]
 9  /opt/conda/envs/gdf/bin/python(PyObject_Call+0xbc) [0x5615df40a17c]
10  /opt/conda/envs/gdf/bin/python(_PyEval_EvalFrameDefault+0x45a6) [0x5615df3f0516]
11  /opt/conda/envs/gdf/bin/python(+0x12e184) [0x5615df3eb184]
12  /opt/conda/envs/gdf/bin/python(_PyFunction_Vectorcall+0xd9) [0x5615df3fc559]
13  /opt/conda/envs/gdf/bin/python(_PyEval_EvalFrameDefault+0x11f2) [0x5615df3ed162]
14  /opt/conda/envs/gdf/bin/python(+0x12e184) [0x5615df3eb184]
15  /opt/conda/envs/gdf/bin/python(_PyFunction_Vectorcall+0xd9) [0x5615df3fc559]
16  /opt/conda/envs/gdf/bin/python(_PyEval_EvalFrameDefault+0x11f2) [0x5615df3ed162]
17  /opt/conda/envs/gdf/bin/python(+0x1e28a2) [0x5615df49f8a2]
18  /opt/conda/envs/gdf/bin/python(_PyEval_EvalFrameDefault+0x6410) [0x5615df3f2380]
19  /opt/conda/envs/gdf/bin/python(+0x1e28a2) [0x5615df49f8a2]
20  /opt/conda/envs/gdf/bin/python(_PyEval_EvalFrameDefault+0x6410) [0x5615df3f2380]
21  /opt/conda/envs/gdf/bin/python(+0x1e28a2) [0x5615df49f8a2]
22  /opt/conda/envs/gdf/bin/python(_PyEval_EvalFrameDefault+0x6410) [0x5615df3f2380]
23  /opt/conda/envs/gdf/bin/python(+0x1e28a2) [0x5615df49f8a2]
24  /opt/conda/envs/gdf/bin/python(_PyEval_EvalFrameDefault+0x6410) [0x5615df3f2380]
25  /opt/conda/envs/gdf/bin/python(+0x1e28a2) [0x5615df49f8a2]
26  /opt/conda/envs/gdf/bin/python(_PyEval_EvalFrameDefault+0x6410) [0x5615df3f2380]
27  /opt/conda/envs/gdf/bin/python(+0x1e28a2) [0x5615df49f8a2]
28  /opt/conda/envs/gdf/lib/python3.9/lib-dynload/_asyncio.cpython-39-x86_64-linux-gnu.so(+0x81e9) [0x7f38e60561e9]
29  /opt/conda/envs/gdf/lib/python3.9/lib-dynload/_asyncio.cpython-39-x86_64-linux-gnu.so(+0x8aa6) [0x7f38e6056aa6]
30  /opt/conda/envs/gdf/bin/python(_PyObject_MakeTpCall+0x2ec) [0x5615df3f47ac]
31  /opt/conda/envs/gdf/bin/python(+0xf266c) [0x5615df3af66c]
32  /opt/conda/envs/gdf/bin/python(+0x136833) [0x5615df3f3833]
33  /opt/conda/envs/gdf/bin/python(_PyEval_EvalFrameDefault+0x58b4) [0x5615df3f1824]
34  /opt/conda/envs/gdf/bin/python(+0x13f802) [0x5615df3fc802]
35  /opt/conda/envs/gdf/bin/python(_PyEval_EvalFrameDefault+0x696) [0x5615df3ec606]
36  /opt/conda/envs/gdf/bin/python(+0x13f802) [0x5615df3fc802]
37  /opt/conda/envs/gdf/bin/python(_PyEval_EvalFrameDefault+0x696) [0x5615df3ec606]
38  /opt/conda/envs/gdf/bin/python(+0x13f802) [0x5615df3fc802]
39  /opt/conda/envs/gdf/bin/python(_PyEval_EvalFrameDefault+0x696) [0x5615df3ec606]
40  /opt/conda/envs/gdf/bin/python(+0x13f802) [0x5615df3fc802]
41  /opt/conda/envs/gdf/bin/python(_PyEval_EvalFrameDefault+0x696) [0x5615df3ec606]
42  /opt/conda/envs/gdf/bin/python(+0x12e184) [0x5615df3eb184]
43  /opt/conda/envs/gdf/bin/python(_PyFunction_Vectorcall+0xd9) [0x5615df3fc559]
44  /opt/conda/envs/gdf/bin/python(_PyEval_EvalFrameDefault+0x11f2) [0x5615df3ed162]
45  /opt/conda/envs/gdf/bin/python(+0x12e184) [0x5615df3eb184]
46  /opt/conda/envs/gdf/bin/python(+0x14c9fb) [0x5615df4099fb]
47  /opt/conda/envs/gdf/bin/python(PyObject_Call+0xbc) [0x5615df40a17c]
48  /opt/conda/envs/gdf/bin/python(+0x2109ce) [0x5615df4cd9ce]
49  /opt/conda/envs/gdf/bin/python(_PyObject_MakeTpCall+0x2ec) [0x5615df3f47ac]
50  /opt/conda/envs/gdf/bin/python(_PyEval_EvalFrameDefault+0x45a6) [0x5615df3f0516]
51  /opt/conda/envs/gdf/bin/python(+0x13f802) [0x5615df3fc802]
52  /opt/conda/envs/gdf/bin/python(+0x14cadc) [0x5615df409adc]
53  /opt/conda/envs/gdf/bin/python(_PyEval_EvalFrameDefault+0x45a6) [0x5615df3f0516]
54  /opt/conda/envs/gdf/bin/python(+0x13f802) [0x5615df3fc802]
55  /opt/conda/envs/gdf/bin/python(_PyEval_EvalFrameDefault+0x696) [0x5615df3ec606]
56  /opt/conda/envs/gdf/bin/python(+0x12e184) [0x5615df3eb184]
57  /opt/conda/envs/gdf/bin/python(_PyFunction_Vectorcall+0xd9) [0x5615df3fc559]
58  /opt/conda/envs/gdf/bin/python(_PyEval_EvalFrameDefault+0x696) [0x5615df3ec606]
59  /opt/conda/envs/gdf/bin/python(+0x13f802) [0x5615df3fc802]
60  /opt/conda/envs/gdf/bin/python(_PyEval_EvalFrameDefault+0x3e2) [0x5615df3ec352]
61  /opt/conda/envs/gdf/bin/python(+0x12e184) [0x5615df3eb184]
=================================
[1712211505.409656] [dgx13:76733:0]    ib_mlx5dv_md.c:468  UCX  ERROR mlx5_0: LRU push returned Unsupported operation
[dgx13:76733:0:76733]        rndv.c:166  Fatal: failed to pack rendezvous remote key: Unsupported operation
==== backtrace (tid:  76733) ====
 0  /opt/conda/envs/gdf/lib/libucs.so.0(ucs_handle_error+0x2fd) [0x7fa6a8ccf07d]
 1  /opt/conda/envs/gdf/lib/libucs.so.0(ucs_fatal_error_message+0x51) [0x7fa6a8cccc21]
 2  /opt/conda/envs/gdf/lib/libucs.so.0(+0x27dbc) [0x7fa6a8cccdbc]
 3  /opt/conda/envs/gdf/lib/libucp.so.0(+0x739f8) [0x7fa6a8d779f8]
 4  /opt/conda/envs/gdf/lib/libucp.so.0(ucp_do_am_single+0xdf) [0x7fa6a8d4ed8f]
 5  /opt/conda/envs/gdf/lib/libucp.so.0(ucp_proto_progress_tag_rndv_rts+0x1d) [0x7fa6a8d8aafd]
 6  /opt/conda/envs/gdf/lib/libucp.so.0(ucp_tag_send_nbx+0x6da) [0x7fa6a8d8f9ea]
 7  /opt/conda/envs/gdf/lib/libucp.so.0(ucp_tag_send_nb+0x4f) [0x7fa6a8d9072f]
 8  /opt/conda/envs/gdf/lib/python3.9/site-packages/ucp/_libs/ucx_api.cpython-39-x86_64-linux-gnu.so(+0x6c6f0) [0x7fa6a8e3e6f0]
 9  /opt/conda/envs/gdf/bin/python(PyObject_Call+0xbc) [0x56166c13517c]
10  /opt/conda/envs/gdf/bin/python(_PyEval_EvalFrameDefault+0x45a6) [0x56166c11b516]
11  /opt/conda/envs/gdf/bin/python(+0x12e184) [0x56166c116184]
12  /opt/conda/envs/gdf/bin/python(_PyFunction_Vectorcall+0xd9) [0x56166c127559]
13  /opt/conda/envs/gdf/bin/python(_PyEval_EvalFrameDefault+0x11f2) [0x56166c118162]
14  /opt/conda/envs/gdf/bin/python(+0x12e184) [0x56166c116184]
15  /opt/conda/envs/gdf/bin/python(_PyFunction_Vectorcall+0xd9) [0x56166c127559]
16  /opt/conda/envs/gdf/bin/python(_PyEval_EvalFrameDefault+0x11f2) [0x56166c118162]
17  /opt/conda/envs/gdf/bin/python(+0x1e28a2) [0x56166c1ca8a2]
18  /opt/conda/envs/gdf/bin/python(_PyEval_EvalFrameDefault+0x6410) [0x56166c11d380]
19  /opt/conda/envs/gdf/bin/python(+0x1e28a2) [0x56166c1ca8a2]
20  /opt/conda/envs/gdf/bin/python(_PyEval_EvalFrameDefault+0x6410) [0x56166c11d380]
21  /opt/conda/envs/gdf/bin/python(+0x1e28a2) [0x56166c1ca8a2]
22  /opt/conda/envs/gdf/bin/python(_PyEval_EvalFrameDefault+0x6410) [0x56166c11d380]
23  /opt/conda/envs/gdf/bin/python(+0x1e28a2) [0x56166c1ca8a2]
24  /opt/conda/envs/gdf/bin/python(_PyEval_EvalFrameDefault+0x6410) [0x56166c11d380]
25  /opt/conda/envs/gdf/bin/python(+0x1e28a2) [0x56166c1ca8a2]
26  /opt/conda/envs/gdf/bin/python(_PyEval_EvalFrameDefault+0x6410) [0x56166c11d380]
27  /opt/conda/envs/gdf/bin/python(+0x1e28a2) [0x56166c1ca8a2]
28  /opt/conda/envs/gdf/lib/python3.9/lib-dynload/_asyncio.cpython-39-x86_64-linux-gnu.so(+0x81e9) [0x7fa6cc7591e9]
29  /opt/conda/envs/gdf/lib/python3.9/lib-dynload/_asyncio.cpython-39-x86_64-linux-gnu.so(+0x8aa6) [0x7fa6cc759aa6]
30  /opt/conda/envs/gdf/bin/python(_PyObject_MakeTpCall+0x2ec) [0x56166c11f7ac]
31  /opt/conda/envs/gdf/bin/python(+0xf266c) [0x56166c0da66c]
32  /opt/conda/envs/gdf/bin/python(+0x136833) [0x56166c11e833]
33  /opt/conda/envs/gdf/bin/python(_PyEval_EvalFrameDefault+0x58b4) [0x56166c11c824]
34  /opt/conda/envs/gdf/bin/python(+0x13f802) [0x56166c127802]
35  /opt/conda/envs/gdf/bin/python(_PyEval_EvalFrameDefault+0x696) [0x56166c117606]
36  /opt/conda/envs/gdf/bin/python(+0x13f802) [0x56166c127802]
37  /opt/conda/envs/gdf/bin/python(_PyEval_EvalFrameDefault+0x696) [0x56166c117606]
38  /opt/conda/envs/gdf/bin/python(+0x13f802) [0x56166c127802]
39  /opt/conda/envs/gdf/bin/python(_PyEval_EvalFrameDefault+0x696) [0x56166c117606]
40  /opt/conda/envs/gdf/bin/python(+0x13f802) [0x56166c127802]
41  /opt/conda/envs/gdf/bin/python(_PyEval_EvalFrameDefault+0x696) [0x56166c117606]
42  /opt/conda/envs/gdf/bin/python(+0x12e184) [0x56166c116184]
43  /opt/conda/envs/gdf/bin/python(_PyFunction_Vectorcall+0xd9) [0x56166c127559]
44  /opt/conda/envs/gdf/bin/python(_PyEval_EvalFrameDefault+0x11f2) [0x56166c118162]
45  /opt/conda/envs/gdf/bin/python(+0x12e184) [0x56166c116184]
46  /opt/conda/envs/gdf/bin/python(+0x14c9fb) [0x56166c1349fb]
47  /opt/conda/envs/gdf/bin/python(PyObject_Call+0xbc) [0x56166c13517c]
48  /opt/conda/envs/gdf/bin/python(+0x2109ce) [0x56166c1f89ce]
49  /opt/conda/envs/gdf/bin/python(_PyObject_MakeTpCall+0x2ec) [0x56166c11f7ac]
50  /opt/conda/envs/gdf/bin/python(_PyEval_EvalFrameDefault+0x45a6) [0x56166c11b516]
51  /opt/conda/envs/gdf/bin/python(+0x13f802) [0x56166c127802]
52  /opt/conda/envs/gdf/bin/python(+0x14cadc) [0x56166c134adc]
53  /opt/conda/envs/gdf/bin/python(_PyEval_EvalFrameDefault+0x45a6) [0x56166c11b516]
54  /opt/conda/envs/gdf/bin/python(+0x13f802) [0x56166c127802]
55  /opt/conda/envs/gdf/bin/python(_PyEval_EvalFrameDefault+0x696) [0x56166c117606]
56  /opt/conda/envs/gdf/bin/python(+0x12e184) [0x56166c116184]
57  /opt/conda/envs/gdf/bin/python(_PyFunction_Vectorcall+0xd9) [0x56166c127559]
58  /opt/conda/envs/gdf/bin/python(_PyEval_EvalFrameDefault+0x696) [0x56166c117606]
59  /opt/conda/envs/gdf/bin/python(+0x13f802) [0x56166c127802]
60  /opt/conda/envs/gdf/bin/python(_PyEval_EvalFrameDefault+0x3e2) [0x56166c117352]
61  /opt/conda/envs/gdf/bin/python(+0x12e184) [0x56166c116184]
=================================
Task exception was never retrieved
future: <Task finished name='Task-1013' coro=<_listener_handler_coroutine() done, defined at /opt/conda/envs/gdf/lib/python3.9/site-packages/ucp/core.py:140> exception=UCXError('<stream_send>: Connection reset by remote peer')>
Traceback (most recent call last):
  File "/opt/conda/envs/gdf/lib/python3.9/site-packages/ucp/core.py", line 155, in _listener_handler_coroutine
    peer_info = await exchange_peer_info(
  File "/opt/conda/envs/gdf/lib/python3.9/site-packages/ucp/core.py", line 51, in exchange_peer_info
    await asyncio.wait_for(
  File "/opt/conda/envs/gdf/lib/python3.9/asyncio/tasks.py", line 479, in wait_for
    return fut.result()
ucp._libs.exceptions.UCXError: <stream_send>: Connection reset by remote peer
Task exception was never retrieved
future: <Task finished name='Task-984' coro=<_listener_handler_coroutine() done, defined at /opt/conda/envs/gdf/lib/python3.9/site-packages/ucp/core.py:140> exception=UCXError('<stream_send>: Connection reset by remote peer')>
Traceback (most recent call last):
  File "/opt/conda/envs/gdf/lib/python3.9/site-packages/ucp/core.py", line 155, in _listener_handler_coroutine
    peer_info = await exchange_peer_info(
  File "/opt/conda/envs/gdf/lib/python3.9/site-packages/ucp/core.py", line 51, in exchange_peer_info
    await asyncio.wait_for(
  File "/opt/conda/envs/gdf/lib/python3.9/asyncio/tasks.py", line 479, in wait_for
    return fut.result()
ucp._libs.exceptions.UCXError: <stream_send>: Connection reset by remote peer
Task exception was never retrieved
future: <Task finished name='Task-1027' coro=<_listener_handler_coroutine() done, defined at /opt/conda/envs/gdf/lib/python3.9/site-packages/ucp/core.py:140> exception=UCXError('<stream_recv>: Connection reset by remote peer')>
Traceback (most recent call last):
  File "/opt/conda/envs/gdf/lib/python3.9/site-packages/ucp/core.py", line 155, in _listener_handler_coroutine
    peer_info = await exchange_peer_info(
  File "/opt/conda/envs/gdf/lib/python3.9/site-packages/ucp/core.py", line 55, in exchange_peer_info
    await asyncio.wait_for(
  File "/opt/conda/envs/gdf/lib/python3.9/asyncio/tasks.py", line 479, in wait_for
    return fut.result()
ucp._libs.exceptions.UCXError: <stream_recv>: Connection reset by remote peer
2024-04-04 06:18:27,174 - distributed.worker - ERROR - Worker stream died during communication: ucx://127.0.0.1:36987
Traceback (most recent call last):
  File "/opt/conda/envs/gdf/lib/python3.9/site-packages/distributed/comm/ucx.py", line 392, in read
    await self.ep.recv(each_frame)
  File "/opt/conda/envs/gdf/lib/python3.9/site-packages/ucp/core.py", line 737, in recv
    ret = await comm.tag_recv(self._ep, buffer, nbytes, tag, name=log)
ucp._libs.exceptions.UCXCanceled: <[Recv #007] ep: 0x7f7d5c9bb140, tag: 0x4cd3a213e61b65ed, nbytes: 100000000, type: <class 'rmm._lib.device_buffer.DeviceBuffer'>>: 

During handling of the above exception, another exception occurred:

Traceback (most recent call last):
  File "/opt/conda/envs/gdf/lib/python3.9/site-packages/distributed/worker.py", line 2059, in gather_dep
    response = await get_data_from_worker(
  File "/opt/conda/envs/gdf/lib/python3.9/site-packages/distributed/worker.py", line 2863, in get_data_from_worker
    response = await send_recv(
  File "/opt/conda/envs/gdf/lib/python3.9/site-packages/distributed/core.py", line 1154, in send_recv
    response = await comm.read(deserializers=deserializers)
  File "/opt/conda/envs/gdf/lib/python3.9/site-packages/distributed/utils.py", line 832, in wrapper
    return await func(*args, **kwargs)
  File "/opt/conda/envs/gdf/lib/python3.9/site-packages/distributed/comm/ucx.py", line 398, in read
    raise CommClosedError(
distributed.comm.core.CommClosedError: Connection closed by writer.
Inner exception: UCXCanceled("<[Recv #007] ep: 0x7f7d5c9bb140, tag: 0x4cd3a213e61b65ed, nbytes: 100000000, type: <class 'rmm._lib.device_buffer.DeviceBuffer'>>: ")
2024-04-04 06:18:27,176 - distributed.scheduler - WARNING - Removing worker 'ucx://127.0.0.1:36987' caused the cluster to lose already computed task(s), which will be recomputed elsewhere: {('split-taskshuffle-5793d86d3e3f155af94cc9c08c10ba9c', 0, 4), ('split-taskshuffle-5793d86d3e3f155af94cc9c08c10ba9c', 3, 4), ('generate_chunk-_to_string_dtype-670bfcc720cd19d27a505e80b94bce50', 5), ('split-taskshuffle-5793d86d3e3f155af94cc9c08c10ba9c', 1, 4), ('split-taskshuffle-5793d86d3e3f155af94cc9c08c10ba9c', 6, 4), ('split-taskshuffle-5793d86d3e3f155af94cc9c08c10ba9c', 4, 4), ('split-taskshuffle-5793d86d3e3f155af94cc9c08c10ba9c', 7, 4), ('split-taskshuffle-5793d86d3e3f155af94cc9c08c10ba9c', 2, 4), ('split-taskshuffle-5793d86d3e3f155af94cc9c08c10ba9c', 5, 4)} (stimulus_id='handle-worker-cleanup-1712211507.1760201')
2024-04-04 06:18:27,176 - distributed.worker - ERROR - Worker stream died during communication: ucx://127.0.0.1:36987
Traceback (most recent call last):
  File "/opt/conda/envs/gdf/lib/python3.9/site-packages/distributed/comm/ucx.py", line 350, in read
    await self.ep.recv(msg)
  File "/opt/conda/envs/gdf/lib/python3.9/site-packages/ucp/core.py", line 737, in recv
    ret = await comm.tag_recv(self._ep, buffer, nbytes, tag, name=log)
ucp._libs.exceptions.UCXCanceled: <[Recv #000] ep: 0x7efd25755180, tag: 0xe77620082c0d8c72, nbytes: 16, type: <class 'numpy.ndarray'>>: 

During handling of the above exception, another exception occurred:

Traceback (most recent call last):
  File "/opt/conda/envs/gdf/lib/python3.9/site-packages/distributed/worker.py", line 2059, in gather_dep
    response = await get_data_from_worker(
  File "/opt/conda/envs/gdf/lib/python3.9/site-packages/distributed/worker.py", line 2860, in get_data_from_worker
    comm = await rpc.connect(worker)
  File "/opt/conda/envs/gdf/lib/python3.9/site-packages/distributed/core.py", line 1674, in connect
    return connect_attempt.result()
  File "/opt/conda/envs/gdf/lib/python3.9/site-packages/distributed/core.py", line 1564, in _connect
    comm = await connect(
  File "/opt/conda/envs/gdf/lib/python3.9/site-packages/distributed/comm/core.py", line 377, in connect
    handshake = await comm.read()
  File "/opt/conda/envs/gdf/lib/python3.9/site-packages/distributed/utils.py", line 832, in wrapper
    return await func(*args, **kwargs)
  File "/opt/conda/envs/gdf/lib/python3.9/site-packages/distributed/comm/ucx.py", line 368, in read
    raise CommClosedError(
distributed.comm.core.CommClosedError: Connection closed by writer.
Inner exception: UCXCanceled("<[Recv #000] ep: 0x7efd25755180, tag: 0xe77620082c0d8c72, nbytes: 16, type: <class 'numpy.ndarray'>>: ")
2024-04-04 06:18:27,191 - distributed.worker - ERROR - Worker stream died during communication: ucx://127.0.0.1:36987
Traceback (most recent call last):
  File "/opt/conda/envs/gdf/lib/python3.9/site-packages/distributed/core.py", line 1564, in _connect
    comm = await connect(
  File "/opt/conda/envs/gdf/lib/python3.9/site-packages/distributed/comm/core.py", line 342, in connect
    comm = await wait_for(
  File "/opt/conda/envs/gdf/lib/python3.9/site-packages/distributed/utils.py", line 1961, in wait_for
    return await asyncio.wait_for(fut, timeout)
  File "/opt/conda/envs/gdf/lib/python3.9/asyncio/tasks.py", line 466, in wait_for
    await waiter
asyncio.exceptions.CancelledError

During handling of the above exception, another exception occurred:

Traceback (most recent call last):
  File "/opt/conda/envs/gdf/lib/python3.9/site-packages/distributed/core.py", line 1674, in connect
    return connect_attempt.result()
asyncio.exceptions.CancelledError

During handling of the above exception, another exception occurred:

Traceback (most recent call last):
  File "/opt/conda/envs/gdf/lib/python3.9/site-packages/distributed/worker.py", line 2059, in gather_dep
    response = await get_data_from_worker(
  File "/opt/conda/envs/gdf/lib/python3.9/site-packages/distributed/worker.py", line 2860, in get_data_from_worker
    comm = await rpc.connect(worker)
  File "/opt/conda/envs/gdf/lib/python3.9/site-packages/distributed/core.py", line 1676, in connect
    raise CommClosedError(reason)
distributed.comm.core.CommClosedError: Address removed.
2024-04-04 06:18:27,192 - distributed.worker - ERROR - Worker stream died during communication: ucx://127.0.0.1:36987
Traceback (most recent call last):
  File "/opt/conda/envs/gdf/lib/python3.9/site-packages/distributed/core.py", line 1564, in _connect
    comm = await connect(
  File "/opt/conda/envs/gdf/lib/python3.9/site-packages/distributed/comm/core.py", line 342, in connect
    comm = await wait_for(
  File "/opt/conda/envs/gdf/lib/python3.9/site-packages/distributed/utils.py", line 1961, in wait_for
    return await asyncio.wait_for(fut, timeout)
  File "/opt/conda/envs/gdf/lib/python3.9/asyncio/tasks.py", line 466, in wait_for
    await waiter
asyncio.exceptions.CancelledError

During handling of the above exception, another exception occurred:

Traceback (most recent call last):
  File "/opt/conda/envs/gdf/lib/python3.9/site-packages/distributed/core.py", line 1674, in connect
    return connect_attempt.result()
asyncio.exceptions.CancelledError

During handling of the above exception, another exception occurred:

Traceback (most recent call last):
  File "/opt/conda/envs/gdf/lib/python3.9/site-packages/distributed/worker.py", line 2059, in gather_dep
    response = await get_data_from_worker(
  File "/opt/conda/envs/gdf/lib/python3.9/site-packages/distributed/worker.py", line 2860, in get_data_from_worker
    comm = await rpc.connect(worker)
  File "/opt/conda/envs/gdf/lib/python3.9/site-packages/distributed/core.py", line 1676, in connect
    raise CommClosedError(reason)
distributed.comm.core.CommClosedError: Address removed.
2024-04-04 06:18:27,381 - distributed.worker - ERROR - Worker stream died during communication: ucx://127.0.0.1:33463
Traceback (most recent call last):
  File "/opt/conda/envs/gdf/lib/python3.9/site-packages/distributed/comm/ucx.py", line 392, in read
    await self.ep.recv(each_frame)
  File "/opt/conda/envs/gdf/lib/python3.9/site-packages/ucp/core.py", line 737, in recv
    ret = await comm.tag_recv(self._ep, buffer, nbytes, tag, name=log)
ucp._libs.exceptions.UCXCanceled: <[Recv #007] ep: 0x7efd25755100, tag: 0x5c9ef918c014245c, nbytes: 100000000, type: <class 'rmm._lib.device_buffer.DeviceBuffer'>>: 

During handling of the above exception, another exception occurred:

Traceback (most recent call last):
  File "/opt/conda/envs/gdf/lib/python3.9/site-packages/distributed/worker.py", line 2059, in gather_dep
    response = await get_data_from_worker(
  File "/opt/conda/envs/gdf/lib/python3.9/site-packages/distributed/worker.py", line 2863, in get_data_from_worker
    response = await send_recv(
  File "/opt/conda/envs/gdf/lib/python3.9/site-packages/distributed/core.py", line 1154, in send_recv
    response = await comm.read(deserializers=deserializers)
  File "/opt/conda/envs/gdf/lib/python3.9/site-packages/distributed/utils.py", line 832, in wrapper
    return await func(*args, **kwargs)
  File "/opt/conda/envs/gdf/lib/python3.9/site-packages/distributed/comm/ucx.py", line 398, in read
    raise CommClosedError(
distributed.comm.core.CommClosedError: Connection closed by writer.
Inner exception: UCXCanceled("<[Recv #007] ep: 0x7efd25755100, tag: 0x5c9ef918c014245c, nbytes: 100000000, type: <class 'rmm._lib.device_buffer.DeviceBuffer'>>: ")
2024-04-04 06:18:27,385 - distributed.scheduler - WARNING - Removing worker 'ucx://127.0.0.1:33463' caused the cluster to lose already computed task(s), which will be recomputed elsewhere: {('split-taskshuffle-5793d86d3e3f155af94cc9c08c10ba9c', 7, 7), ('split-taskshuffle-5793d86d3e3f155af94cc9c08c10ba9c', 2, 7), ('split-taskshuffle-5793d86d3e3f155af94cc9c08c10ba9c', 3, 7), ('generate_chunk-_to_string_dtype-670bfcc720cd19d27a505e80b94bce50', 7), ('split-taskshuffle-5793d86d3e3f155af94cc9c08c10ba9c', 1, 7), ('split-taskshuffle-5793d86d3e3f155af94cc9c08c10ba9c', 4, 7), ('split-taskshuffle-5793d86d3e3f155af94cc9c08c10ba9c', 5, 7), ('split-taskshuffle-5793d86d3e3f155af94cc9c08c10ba9c', 0, 7), ('split-taskshuffle-5793d86d3e3f155af94cc9c08c10ba9c', 6, 7)} (stimulus_id='handle-worker-cleanup-1712211507.3857582')
2024-04-04 06:18:27,399 - distributed.worker - ERROR - Worker stream died during communication: ucx://127.0.0.1:33463
Traceback (most recent call last):
  File "/opt/conda/envs/gdf/lib/python3.9/site-packages/distributed/core.py", line 1564, in _connect
    comm = await connect(
  File "/opt/conda/envs/gdf/lib/python3.9/site-packages/distributed/comm/core.py", line 342, in connect
    comm = await wait_for(
  File "/opt/conda/envs/gdf/lib/python3.9/site-packages/distributed/utils.py", line 1961, in wait_for
    return await asyncio.wait_for(fut, timeout)
  File "/opt/conda/envs/gdf/lib/python3.9/asyncio/tasks.py", line 466, in wait_for
    await waiter
asyncio.exceptions.CancelledError

During handling of the above exception, another exception occurred:

Traceback (most recent call last):
  File "/opt/conda/envs/gdf/lib/python3.9/site-packages/distributed/core.py", line 1674, in connect
    return connect_attempt.result()
asyncio.exceptions.CancelledError

During handling of the above exception, another exception occurred:

Traceback (most recent call last):
  File "/opt/conda/envs/gdf/lib/python3.9/site-packages/distributed/worker.py", line 2059, in gather_dep
    response = await get_data_from_worker(
  File "/opt/conda/envs/gdf/lib/python3.9/site-packages/distributed/worker.py", line 2860, in get_data_from_worker
    comm = await rpc.connect(worker)
  File "/opt/conda/envs/gdf/lib/python3.9/site-packages/distributed/core.py", line 1676, in connect
    raise CommClosedError(reason)
distributed.comm.core.CommClosedError: Address removed.
2024-04-04 06:18:27,393 - distributed.worker - ERROR - Worker stream died during communication: ucx://127.0.0.1:33463
Traceback (most recent call last):
  File "/opt/conda/envs/gdf/lib/python3.9/site-packages/distributed/comm/ucx.py", line 467, in connect
    ep = await ucp.create_endpoint(ip, port)
  File "/opt/conda/envs/gdf/lib/python3.9/site-packages/ucp/core.py", line 1016, in create_endpoint
    return await _get_ctx().create_endpoint(
  File "/opt/conda/envs/gdf/lib/python3.9/site-packages/ucp/core.py", line 328, in create_endpoint
    peer_info = await exchange_peer_info(
  File "/opt/conda/envs/gdf/lib/python3.9/site-packages/ucp/core.py", line 60, in exchange_peer_info
    await asyncio.wait_for(
  File "/opt/conda/envs/gdf/lib/python3.9/asyncio/tasks.py", line 479, in wait_for
    return fut.result()
ucp._libs.exceptions.UCXError: <stream_recv>: Connection reset by remote peer

During handling of the above exception, another exception occurred:

Traceback (most recent call last):
  File "/opt/conda/envs/gdf/lib/python3.9/site-packages/distributed/comm/core.py", line 342, in connect
    comm = await wait_for(
  File "/opt/conda/envs/gdf/lib/python3.9/site-packages/distributed/utils.py", line 1961, in wait_for
    return await asyncio.wait_for(fut, timeout)
  File "/opt/conda/envs/gdf/lib/python3.9/asyncio/tasks.py", line 479, in wait_for
    return fut.result()
  File "/opt/conda/envs/gdf/lib/python3.9/site-packages/distributed/comm/ucx.py", line 469, in connect
    raise CommClosedError("Connection closed before handshake completed")
distributed.comm.core.CommClosedError: Connection closed before handshake completed

During handling of the above exception, another exception occurred:

Traceback (most recent call last):
  File "/opt/conda/envs/gdf/lib/python3.9/site-packages/distributed/core.py", line 1564, in _connect
    comm = await connect(
  File "/opt/conda/envs/gdf/lib/python3.9/site-packages/distributed/comm/core.py", line 366, in connect
    await asyncio.sleep(backoff)
  File "/opt/conda/envs/gdf/lib/python3.9/asyncio/tasks.py", line 652, in sleep
    return await future
asyncio.exceptions.CancelledError

During handling of the above exception, another exception occurred:

Traceback (most recent call last):
  File "/opt/conda/envs/gdf/lib/python3.9/site-packages/distributed/core.py", line 1674, in connect
    return connect_attempt.result()
asyncio.exceptions.CancelledError

During handling of the above exception, another exception occurred:

Traceback (most recent call last):
  File "/opt/conda/envs/gdf/lib/python3.9/site-packages/distributed/worker.py", line 2059, in gather_dep
    response = await get_data_from_worker(
  File "/opt/conda/envs/gdf/lib/python3.9/site-packages/distributed/worker.py", line 2860, in get_data_from_worker
    comm = await rpc.connect(worker)
  File "/opt/conda/envs/gdf/lib/python3.9/site-packages/distributed/core.py", line 1676, in connect
    raise CommClosedError(reason)
distributed.comm.core.CommClosedError: Address removed.
2024-04-04 06:18:27,400 - distributed.worker - ERROR - Worker stream died during communication: ucx://127.0.0.1:33463
Traceback (most recent call last):
  File "/opt/conda/envs/gdf/lib/python3.9/site-packages/distributed/core.py", line 1564, in _connect
    comm = await connect(
  File "/opt/conda/envs/gdf/lib/python3.9/site-packages/distributed/comm/core.py", line 342, in connect
    comm = await wait_for(
  File "/opt/conda/envs/gdf/lib/python3.9/site-packages/distributed/utils.py", line 1961, in wait_for
    return await asyncio.wait_for(fut, timeout)
  File "/opt/conda/envs/gdf/lib/python3.9/asyncio/tasks.py", line 466, in wait_for
    await waiter
asyncio.exceptions.CancelledError

During handling of the above exception, another exception occurred:

Traceback (most recent call last):
  File "/opt/conda/envs/gdf/lib/python3.9/site-packages/distributed/core.py", line 1674, in connect
    return connect_attempt.result()
asyncio.exceptions.CancelledError

During handling of the above exception, another exception occurred:

Traceback (most recent call last):
  File "/opt/conda/envs/gdf/lib/python3.9/site-packages/distributed/worker.py", line 2059, in gather_dep
    response = await get_data_from_worker(
  File "/opt/conda/envs/gdf/lib/python3.9/site-packages/distributed/worker.py", line 2860, in get_data_from_worker
    comm = await rpc.connect(worker)
  File "/opt/conda/envs/gdf/lib/python3.9/site-packages/distributed/core.py", line 1676, in connect
    raise CommClosedError(reason)
distributed.comm.core.CommClosedError: Address removed.
Task exception was never retrieved
future: <Task finished name='Task-1015' coro=<_listener_handler_coroutine() done, defined at /opt/conda/envs/gdf/lib/python3.9/site-packages/ucp/core.py:140> exception=UCXError('<stream_recv>: Connection reset by remote peer')>
Traceback (most recent call last):
  File "/opt/conda/envs/gdf/lib/python3.9/site-packages/ucp/core.py", line 155, in _listener_handler_coroutine
    peer_info = await exchange_peer_info(
  File "/opt/conda/envs/gdf/lib/python3.9/site-packages/ucp/core.py", line 55, in exchange_peer_info
    await asyncio.wait_for(
  File "/opt/conda/envs/gdf/lib/python3.9/asyncio/tasks.py", line 479, in wait_for
    return fut.result()
ucp._libs.exceptions.UCXError: <stream_recv>: Connection reset by remote peer
2024-04-04 06:18:27,521 - distributed.worker - ERROR - Worker stream died during communication: ucx://127.0.0.1:42967
Traceback (most recent call last):
  File "/opt/conda/envs/gdf/lib/python3.9/site-packages/distributed/comm/ucx.py", line 350, in read
    await self.ep.recv(msg)
  File "/opt/conda/envs/gdf/lib/python3.9/site-packages/ucp/core.py", line 737, in recv
    ret = await comm.tag_recv(self._ep, buffer, nbytes, tag, name=log)
ucp._libs.exceptions.UCXCanceled: <[Recv #000] ep: 0x7f7d5c9bb1c0, tag: 0x5fa85c641979762e, nbytes: 16, type: <class 'numpy.ndarray'>>: 

During handling of the above exception, another exception occurred:

Traceback (most recent call last):
  File "/opt/conda/envs/gdf/lib/python3.9/site-packages/distributed/worker.py", line 2059, in gather_dep
    response = await get_data_from_worker(
  File "/opt/conda/envs/gdf/lib/python3.9/site-packages/distributed/worker.py", line 2860, in get_data_from_worker
    comm = await rpc.connect(worker)
  File "/opt/conda/envs/gdf/lib/python3.9/site-packages/distributed/core.py", line 1674, in connect
    return connect_attempt.result()
  File "/opt/conda/envs/gdf/lib/python3.9/site-packages/distributed/core.py", line 1564, in _connect
    comm = await connect(
  File "/opt/conda/envs/gdf/lib/python3.9/site-packages/distributed/comm/core.py", line 377, in connect
    handshake = await comm.read()
  File "/opt/conda/envs/gdf/lib/python3.9/site-packages/distributed/utils.py", line 832, in wrapper
    return await func(*args, **kwargs)
  File "/opt/conda/envs/gdf/lib/python3.9/site-packages/distributed/comm/ucx.py", line 368, in read
    raise CommClosedError(
distributed.comm.core.CommClosedError: Connection closed by writer.
Inner exception: UCXCanceled("<[Recv #000] ep: 0x7f7d5c9bb1c0, tag: 0x5fa85c641979762e, nbytes: 16, type: <class 'numpy.ndarray'>>: ")
2024-04-04 06:18:27,521 - distributed.worker - ERROR - Worker stream died during communication: ucx://127.0.0.1:42967
Traceback (most recent call last):
  File "/opt/conda/envs/gdf/lib/python3.9/site-packages/distributed/comm/ucx.py", line 392, in read
    await self.ep.recv(each_frame)
  File "/opt/conda/envs/gdf/lib/python3.9/site-packages/ucp/core.py", line 737, in recv
    ret = await comm.tag_recv(self._ep, buffer, nbytes, tag, name=log)
ucp._libs.exceptions.UCXCanceled: <[Recv #007] ep: 0x7efd25755280, tag: 0xa12bc01ed0296cdd, nbytes: 100000000, type: <class 'rmm._lib.device_buffer.DeviceBuffer'>>: 

During handling of the above exception, another exception occurred:

Traceback (most recent call last):
  File "/opt/conda/envs/gdf/lib/python3.9/site-packages/distributed/worker.py", line 2059, in gather_dep
    response = await get_data_from_worker(
  File "/opt/conda/envs/gdf/lib/python3.9/site-packages/distributed/worker.py", line 2863, in get_data_from_worker
    response = await send_recv(
  File "/opt/conda/envs/gdf/lib/python3.9/site-packages/distributed/core.py", line 1154, in send_recv
    response = await comm.read(deserializers=deserializers)
  File "/opt/conda/envs/gdf/lib/python3.9/site-packages/distributed/utils.py", line 832, in wrapper
    return await func(*args, **kwargs)
  File "/opt/conda/envs/gdf/lib/python3.9/site-packages/distributed/comm/ucx.py", line 398, in read
    raise CommClosedError(
distributed.comm.core.CommClosedError: Connection closed by writer.
Inner exception: UCXCanceled("<[Recv #007] ep: 0x7efd25755280, tag: 0xa12bc01ed0296cdd, nbytes: 100000000, type: <class 'rmm._lib.device_buffer.DeviceBuffer'>>: ")
2024-04-04 06:18:27,521 - distributed.worker - ERROR - Worker stream died during communication: ucx://127.0.0.1:42967
Traceback (most recent call last):
  File "/opt/conda/envs/gdf/lib/python3.9/site-packages/distributed/comm/ucx.py", line 350, in read
    await self.ep.recv(msg)
  File "/opt/conda/envs/gdf/lib/python3.9/site-packages/ucp/core.py", line 737, in recv
    ret = await comm.tag_recv(self._ep, buffer, nbytes, tag, name=log)
ucp._libs.exceptions.UCXCanceled: <[Recv #000] ep: 0x7efd0086b240, tag: 0x6e047a36caf702ee, nbytes: 16, type: <class 'numpy.ndarray'>>: 

During handling of the above exception, another exception occurred:

Traceback (most recent call last):
  File "/opt/conda/envs/gdf/lib/python3.9/site-packages/distributed/worker.py", line 2059, in gather_dep
    response = await get_data_from_worker(
  File "/opt/conda/envs/gdf/lib/python3.9/site-packages/distributed/worker.py", line 2860, in get_data_from_worker
    comm = await rpc.connect(worker)
  File "/opt/conda/envs/gdf/lib/python3.9/site-packages/distributed/core.py", line 1674, in connect
    return connect_attempt.result()
  File "/opt/conda/envs/gdf/lib/python3.9/site-packages/distributed/core.py", line 1564, in _connect
    comm = await connect(
  File "/opt/conda/envs/gdf/lib/python3.9/site-packages/distributed/comm/core.py", line 377, in connect
    handshake = await comm.read()
  File "/opt/conda/envs/gdf/lib/python3.9/site-packages/distributed/utils.py", line 832, in wrapper
    return await func(*args, **kwargs)
  File "/opt/conda/envs/gdf/lib/python3.9/site-packages/distributed/comm/ucx.py", line 368, in read
    raise CommClosedError(
distributed.comm.core.CommClosedError: Connection closed by writer.
Inner exception: UCXCanceled("<[Recv #000] ep: 0x7efd0086b240, tag: 0x6e047a36caf702ee, nbytes: 16, type: <class 'numpy.ndarray'>>: ")
2024-04-04 06:18:27,523 - distributed.scheduler - WARNING - Removing worker 'ucx://127.0.0.1:42967' caused the cluster to lose already computed task(s), which will be recomputed elsewhere: {('split-taskshuffle-5793d86d3e3f155af94cc9c08c10ba9c', 5, 0), ('split-taskshuffle-5793d86d3e3f155af94cc9c08c10ba9c', 0, 0), ('split-taskshuffle-5793d86d3e3f155af94cc9c08c10ba9c', 6, 0), ('split-taskshuffle-5793d86d3e3f155af94cc9c08c10ba9c', 7, 0), ('split-taskshuffle-5793d86d3e3f155af94cc9c08c10ba9c', 2, 0), ('split-taskshuffle-5793d86d3e3f155af94cc9c08c10ba9c', 3, 0), ('split-taskshuffle-5793d86d3e3f155af94cc9c08c10ba9c', 1, 0), ('generate_chunk-_to_string_dtype-670bfcc720cd19d27a505e80b94bce50', 4), ('split-taskshuffle-5793d86d3e3f155af94cc9c08c10ba9c', 4, 0)} (stimulus_id='handle-worker-cleanup-1712211507.5236518')
2024-04-04 06:18:27,525 - distributed.worker - ERROR - Worker stream died during communication: ucx://127.0.0.1:42967
Traceback (most recent call last):
  File "/opt/conda/envs/gdf/lib/python3.9/site-packages/distributed/comm/ucx.py", line 350, in read
    await self.ep.recv(msg)
  File "/opt/conda/envs/gdf/lib/python3.9/site-packages/ucp/core.py", line 737, in recv
    ret = await comm.tag_recv(self._ep, buffer, nbytes, tag, name=log)
ucp._libs.exceptions.UCXCanceled: <[Recv #000] ep: 0x7f52001fd180, tag: 0x4d8ac7ac369d9e7a, nbytes: 16, type: <class 'numpy.ndarray'>>: 

During handling of the above exception, another exception occurred:

Traceback (most recent call last):
  File "/opt/conda/envs/gdf/lib/python3.9/site-packages/distributed/worker.py", line 2059, in gather_dep
    response = await get_data_from_worker(
  File "/opt/conda/envs/gdf/lib/python3.9/site-packages/distributed/worker.py", line 2860, in get_data_from_worker
    comm = await rpc.connect(worker)
  File "/opt/conda/envs/gdf/lib/python3.9/site-packages/distributed/core.py", line 1674, in connect
    return connect_attempt.result()
  File "/opt/conda/envs/gdf/lib/python3.9/site-packages/distributed/core.py", line 1564, in _connect
    comm = await connect(
  File "/opt/conda/envs/gdf/lib/python3.9/site-packages/distributed/comm/core.py", line 377, in connect
    handshake = await comm.read()
  File "/opt/conda/envs/gdf/lib/python3.9/site-packages/distributed/utils.py", line 832, in wrapper
    return await func(*args, **kwargs)
  File "/opt/conda/envs/gdf/lib/python3.9/site-packages/distributed/comm/ucx.py", line 368, in read
    raise CommClosedError(
distributed.comm.core.CommClosedError: Connection closed by writer.
Inner exception: UCXCanceled("<[Recv #000] ep: 0x7f52001fd180, tag: 0x4d8ac7ac369d9e7a, nbytes: 16, type: <class 'numpy.ndarray'>>: ")
2024-04-04 06:18:27,801 - distributed.worker - ERROR - Worker stream died during communication: ucx://127.0.0.1:58142
Traceback (most recent call last):
  File "/opt/conda/envs/gdf/lib/python3.9/site-packages/distributed/comm/ucx.py", line 392, in read
    await self.ep.recv(each_frame)
  File "/opt/conda/envs/gdf/lib/python3.9/site-packages/ucp/core.py", line 737, in recv
    ret = await comm.tag_recv(self._ep, buffer, nbytes, tag, name=log)
ucp._libs.exceptions.UCXCanceled: <[Recv #007] ep: 0x7f52001fd100, tag: 0x6aff40ceb0478644, nbytes: 100000000, type: <class 'rmm._lib.device_buffer.DeviceBuffer'>>: 

During handling of the above exception, another exception occurred:

Traceback (most recent call last):
  File "/opt/conda/envs/gdf/lib/python3.9/site-packages/distributed/worker.py", line 2059, in gather_dep
    response = await get_data_from_worker(
  File "/opt/conda/envs/gdf/lib/python3.9/site-packages/distributed/worker.py", line 2863, in get_data_from_worker
    response = await send_recv(
  File "/opt/conda/envs/gdf/lib/python3.9/site-packages/distributed/core.py", line 1154, in send_recv
    response = await comm.read(deserializers=deserializers)
  File "/opt/conda/envs/gdf/lib/python3.9/site-packages/distributed/utils.py", line 832, in wrapper
    return await func(*args, **kwargs)
  File "/opt/conda/envs/gdf/lib/python3.9/site-packages/distributed/comm/ucx.py", line 398, in read
    raise CommClosedError(
distributed.comm.core.CommClosedError: Connection closed by writer.
Inner exception: UCXCanceled("<[Recv #007] ep: 0x7f52001fd100, tag: 0x6aff40ceb0478644, nbytes: 100000000, type: <class 'rmm._lib.device_buffer.DeviceBuffer'>>: ")
2024-04-04 06:18:27,801 - distributed.worker - ERROR - Worker stream died during communication: ucx://127.0.0.1:58142
Traceback (most recent call last):
  File "/opt/conda/envs/gdf/lib/python3.9/site-packages/distributed/comm/ucx.py", line 392, in read
    await self.ep.recv(each_frame)
  File "/opt/conda/envs/gdf/lib/python3.9/site-packages/ucp/core.py", line 737, in recv
    ret = await comm.tag_recv(self._ep, buffer, nbytes, tag, name=log)
ucp._libs.exceptions.UCXCanceled: <[Recv #007] ep: 0x7efd25755240, tag: 0x2c60ae0372c9bd0a, nbytes: 100000000, type: <class 'rmm._lib.device_buffer.DeviceBuffer'>>: 

During handling of the above exception, another exception occurred:

Traceback (most recent call last):
  File "/opt/conda/envs/gdf/lib/python3.9/site-packages/distributed/worker.py", line 2059, in gather_dep
    response = await get_data_from_worker(
  File "/opt/conda/envs/gdf/lib/python3.9/site-packages/distributed/worker.py", line 2863, in get_data_from_worker
    response = await send_recv(
  File "/opt/conda/envs/gdf/lib/python3.9/site-packages/distributed/core.py", line 1154, in send_recv
    response = await comm.read(deserializers=deserializers)
  File "/opt/conda/envs/gdf/lib/python3.9/site-packages/distributed/utils.py", line 832, in wrapper
    return await func(*args, **kwargs)
  File "/opt/conda/envs/gdf/lib/python3.9/site-packages/distributed/comm/ucx.py", line 398, in read
    raise CommClosedError(
distributed.comm.core.CommClosedError: Connection closed by writer.
Inner exception: UCXCanceled("<[Recv #007] ep: 0x7efd25755240, tag: 0x2c60ae0372c9bd0a, nbytes: 100000000, type: <class 'rmm._lib.device_buffer.DeviceBuffer'>>: ")
2024-04-04 06:18:27,801 - distributed.worker - ERROR - Worker stream died during communication: ucx://127.0.0.1:58142
Traceback (most recent call last):
  File "/opt/conda/envs/gdf/lib/python3.9/site-packages/distributed/comm/ucx.py", line 392, in read
    await self.ep.recv(each_frame)
  File "/opt/conda/envs/gdf/lib/python3.9/site-packages/ucp/core.py", line 737, in recv
    ret = await comm.tag_recv(self._ep, buffer, nbytes, tag, name=log)
ucp._libs.exceptions.UCXCanceled: <[Recv #007] ep: 0x7efd0086b140, tag: 0xcb797df83504dce0, nbytes: 100000000, type: <class 'rmm._lib.device_buffer.DeviceBuffer'>>: 

During handling of the above exception, another exception occurred:

Traceback (most recent call last):
  File "/opt/conda/envs/gdf/lib/python3.9/site-packages/distributed/worker.py", line 2059, in gather_dep
    response = await get_data_from_worker(
  File "/opt/conda/envs/gdf/lib/python3.9/site-packages/distributed/worker.py", line 2863, in get_data_from_worker
    response = await send_recv(
  File "/opt/conda/envs/gdf/lib/python3.9/site-packages/distributed/core.py", line 1154, in send_recv
    response = await comm.read(deserializers=deserializers)
  File "/opt/conda/envs/gdf/lib/python3.9/site-packages/distributed/utils.py", line 832, in wrapper
    return await func(*args, **kwargs)
  File "/opt/conda/envs/gdf/lib/python3.9/site-packages/distributed/comm/ucx.py", line 398, in read
    raise CommClosedError(
distributed.comm.core.CommClosedError: Connection closed by writer.
Inner exception: UCXCanceled("<[Recv #007] ep: 0x7efd0086b140, tag: 0xcb797df83504dce0, nbytes: 100000000, type: <class 'rmm._lib.device_buffer.DeviceBuffer'>>: ")
2024-04-04 06:18:27,802 - distributed.scheduler - WARNING - Removing worker 'ucx://127.0.0.1:58142' caused the cluster to lose already computed task(s), which will be recomputed elsewhere: {('generate_chunk-_to_string_dtype-670bfcc720cd19d27a505e80b94bce50', 0), ('split-taskshuffle-5793d86d3e3f155af94cc9c08c10ba9c', 4, 3), ('split-taskshuffle-5793d86d3e3f155af94cc9c08c10ba9c', 5, 3), ('split-taskshuffle-5793d86d3e3f155af94cc9c08c10ba9c', 0, 3), ('split-taskshuffle-5793d86d3e3f155af94cc9c08c10ba9c', 6, 3), ('split-taskshuffle-5793d86d3e3f155af94cc9c08c10ba9c', 7, 3), ('split-taskshuffle-5793d86d3e3f155af94cc9c08c10ba9c', 2, 3), ('split-taskshuffle-5793d86d3e3f155af94cc9c08c10ba9c', 3, 3), ('split-taskshuffle-5793d86d3e3f155af94cc9c08c10ba9c', 1, 3)} (stimulus_id='handle-worker-cleanup-1712211507.8020835')
2024-04-04 06:18:27,802 - distributed.worker - ERROR - Worker stream died during communication: ucx://127.0.0.1:58142
Traceback (most recent call last):
  File "/opt/conda/envs/gdf/lib/python3.9/site-packages/distributed/comm/ucx.py", line 392, in read
    await self.ep.recv(each_frame)
  File "/opt/conda/envs/gdf/lib/python3.9/site-packages/ucp/core.py", line 737, in recv
    ret = await comm.tag_recv(self._ep, buffer, nbytes, tag, name=log)
ucp._libs.exceptions.UCXCanceled: <[Recv #007] ep: 0x7f7d5c9bb100, tag: 0x8567556038323266, nbytes: 100000000, type: <class 'rmm._lib.device_buffer.DeviceBuffer'>>: 

During handling of the above exception, another exception occurred:

Traceback (most recent call last):
  File "/opt/conda/envs/gdf/lib/python3.9/site-packages/distributed/worker.py", line 2059, in gather_dep
    response = await get_data_from_worker(
  File "/opt/conda/envs/gdf/lib/python3.9/site-packages/distributed/worker.py", line 2863, in get_data_from_worker
    response = await send_recv(
  File "/opt/conda/envs/gdf/lib/python3.9/site-packages/distributed/core.py", line 1154, in send_recv
    response = await comm.read(deserializers=deserializers)
  File "/opt/conda/envs/gdf/lib/python3.9/site-packages/distributed/utils.py", line 832, in wrapper
    return await func(*args, **kwargs)
  File "/opt/conda/envs/gdf/lib/python3.9/site-packages/distributed/comm/ucx.py", line 398, in read
    raise CommClosedError(
distributed.comm.core.CommClosedError: Connection closed by writer.
Inner exception: UCXCanceled("<[Recv #007] ep: 0x7f7d5c9bb100, tag: 0x8567556038323266, nbytes: 100000000, type: <class 'rmm._lib.device_buffer.DeviceBuffer'>>: ")
2024-04-04 06:18:27,831 - distributed.worker - ERROR - Worker stream died during communication: ucx://127.0.0.1:58142
Traceback (most recent call last):
  File "/opt/conda/envs/gdf/lib/python3.9/site-packages/distributed/core.py", line 1564, in _connect
    comm = await connect(
  File "/opt/conda/envs/gdf/lib/python3.9/site-packages/distributed/comm/core.py", line 342, in connect
    comm = await wait_for(
  File "/opt/conda/envs/gdf/lib/python3.9/site-packages/distributed/utils.py", line 1961, in wait_for
    return await asyncio.wait_for(fut, timeout)
  File "/opt/conda/envs/gdf/lib/python3.9/asyncio/tasks.py", line 466, in wait_for
    await waiter
asyncio.exceptions.CancelledError

During handling of the above exception, another exception occurred:

Traceback (most recent call last):
  File "/opt/conda/envs/gdf/lib/python3.9/site-packages/distributed/core.py", line 1674, in connect
    return connect_attempt.result()
asyncio.exceptions.CancelledError

During handling of the above exception, another exception occurred:

Traceback (most recent call last):
  File "/opt/conda/envs/gdf/lib/python3.9/site-packages/distributed/worker.py", line 2059, in gather_dep
    response = await get_data_from_worker(
  File "/opt/conda/envs/gdf/lib/python3.9/site-packages/distributed/worker.py", line 2860, in get_data_from_worker
    comm = await rpc.connect(worker)
  File "/opt/conda/envs/gdf/lib/python3.9/site-packages/distributed/core.py", line 1676, in connect
    raise CommClosedError(reason)
distributed.comm.core.CommClosedError: Address removed.
2024-04-04 06:18:27,840 - distributed.worker - ERROR - Worker stream died during communication: ucx://127.0.0.1:58142
Traceback (most recent call last):
  File "/opt/conda/envs/gdf/lib/python3.9/site-packages/distributed/core.py", line 1564, in _connect
    comm = await connect(
  File "/opt/conda/envs/gdf/lib/python3.9/site-packages/distributed/comm/core.py", line 342, in connect
    comm = await wait_for(
  File "/opt/conda/envs/gdf/lib/python3.9/site-packages/distributed/utils.py", line 1961, in wait_for
    return await asyncio.wait_for(fut, timeout)
  File "/opt/conda/envs/gdf/lib/python3.9/asyncio/tasks.py", line 466, in wait_for
    await waiter
asyncio.exceptions.CancelledError

During handling of the above exception, another exception occurred:

Traceback (most recent call last):
  File "/opt/conda/envs/gdf/lib/python3.9/site-packages/distributed/core.py", line 1674, in connect
    return connect_attempt.result()
asyncio.exceptions.CancelledError

During handling of the above exception, another exception occurred:

Traceback (most recent call last):
  File "/opt/conda/envs/gdf/lib/python3.9/site-packages/distributed/worker.py", line 2059, in gather_dep
    response = await get_data_from_worker(
  File "/opt/conda/envs/gdf/lib/python3.9/site-packages/distributed/worker.py", line 2860, in get_data_from_worker
    comm = await rpc.connect(worker)
  File "/opt/conda/envs/gdf/lib/python3.9/site-packages/distributed/core.py", line 1676, in connect
    raise CommClosedError(reason)
distributed.comm.core.CommClosedError: Address removed.
2024-04-04 06:18:29,921 - distributed.comm.ucx - ERROR - std::bad_alloc: out_of_memory: RMM failure at:/opt/conda/conda-bld/work/include/rmm/mr/device/pool_memory_resource.hpp:424: Maximum pool size exceeded
Traceback (most recent call last):
  File "/opt/conda/envs/gdf/lib/python3.9/site-packages/distributed/utils.py", line 832, in wrapper
    return await func(*args, **kwargs)
  File "/opt/conda/envs/gdf/lib/python3.9/site-packages/distributed/comm/ucx.py", line 373, in read
    frames = [
  File "/opt/conda/envs/gdf/lib/python3.9/site-packages/distributed/comm/ucx.py", line 374, in <listcomp>
    device_array(each_size) if is_cuda else host_array(each_size)
  File "/opt/conda/envs/gdf/lib/python3.9/site-packages/distributed/comm/ucx.py", line 167, in device_array
    return rmm.DeviceBuffer(size=n)
  File "device_buffer.pyx", line 91, in rmm._lib.device_buffer.DeviceBuffer.__cinit__
MemoryError: std::bad_alloc: out_of_memory: RMM failure at:/opt/conda/conda-bld/work/include/rmm/mr/device/pool_memory_resource.hpp:424: Maximum pool size exceeded
2024-04-04 06:18:29,921 - distributed.worker - ERROR - std::bad_alloc: out_of_memory: RMM failure at:/opt/conda/conda-bld/work/include/rmm/mr/device/pool_memory_resource.hpp:424: Maximum pool size exceeded
Traceback (most recent call last):
  File "/opt/conda/envs/gdf/lib/python3.9/site-packages/distributed/worker.py", line 2059, in gather_dep
    response = await get_data_from_worker(
  File "/opt/conda/envs/gdf/lib/python3.9/site-packages/distributed/worker.py", line 2863, in get_data_from_worker
    response = await send_recv(
  File "/opt/conda/envs/gdf/lib/python3.9/site-packages/distributed/core.py", line 1154, in send_recv
    response = await comm.read(deserializers=deserializers)
  File "/opt/conda/envs/gdf/lib/python3.9/site-packages/distributed/utils.py", line 832, in wrapper
    return await func(*args, **kwargs)
  File "/opt/conda/envs/gdf/lib/python3.9/site-packages/distributed/comm/ucx.py", line 373, in read
    frames = [
  File "/opt/conda/envs/gdf/lib/python3.9/site-packages/distributed/comm/ucx.py", line 374, in <listcomp>
    device_array(each_size) if is_cuda else host_array(each_size)
  File "/opt/conda/envs/gdf/lib/python3.9/site-packages/distributed/comm/ucx.py", line 167, in device_array
    return rmm.DeviceBuffer(size=n)
  File "device_buffer.pyx", line 91, in rmm._lib.device_buffer.DeviceBuffer.__cinit__
MemoryError: std::bad_alloc: out_of_memory: RMM failure at:/opt/conda/conda-bld/work/include/rmm/mr/device/pool_memory_resource.hpp:424: Maximum pool size exceeded
2024-04-04 06:18:30,137 - distributed.comm.ucx - ERROR - std::bad_alloc: out_of_memory: RMM failure at:/opt/conda/conda-bld/work/include/rmm/mr/device/pool_memory_resource.hpp:424: Maximum pool size exceeded
Traceback (most recent call last):
  File "/opt/conda/envs/gdf/lib/python3.9/site-packages/distributed/utils.py", line 832, in wrapper
    return await func(*args, **kwargs)
  File "/opt/conda/envs/gdf/lib/python3.9/site-packages/distributed/comm/ucx.py", line 373, in read
    frames = [
  File "/opt/conda/envs/gdf/lib/python3.9/site-packages/distributed/comm/ucx.py", line 374, in <listcomp>
    device_array(each_size) if is_cuda else host_array(each_size)
  File "/opt/conda/envs/gdf/lib/python3.9/site-packages/distributed/comm/ucx.py", line 167, in device_array
    return rmm.DeviceBuffer(size=n)
  File "device_buffer.pyx", line 91, in rmm._lib.device_buffer.DeviceBuffer.__cinit__
MemoryError: std::bad_alloc: out_of_memory: RMM failure at:/opt/conda/conda-bld/work/include/rmm/mr/device/pool_memory_resource.hpp:424: Maximum pool size exceeded
2024-04-04 06:18:30,137 - distributed.worker - ERROR - std::bad_alloc: out_of_memory: RMM failure at:/opt/conda/conda-bld/work/include/rmm/mr/device/pool_memory_resource.hpp:424: Maximum pool size exceeded
Traceback (most recent call last):
  File "/opt/conda/envs/gdf/lib/python3.9/site-packages/distributed/worker.py", line 2059, in gather_dep
    response = await get_data_from_worker(
  File "/opt/conda/envs/gdf/lib/python3.9/site-packages/distributed/worker.py", line 2863, in get_data_from_worker
    response = await send_recv(
  File "/opt/conda/envs/gdf/lib/python3.9/site-packages/distributed/core.py", line 1154, in send_recv
    response = await comm.read(deserializers=deserializers)
  File "/opt/conda/envs/gdf/lib/python3.9/site-packages/distributed/utils.py", line 832, in wrapper
    return await func(*args, **kwargs)
  File "/opt/conda/envs/gdf/lib/python3.9/site-packages/distributed/comm/ucx.py", line 373, in read
    frames = [
  File "/opt/conda/envs/gdf/lib/python3.9/site-packages/distributed/comm/ucx.py", line 374, in <listcomp>
    device_array(each_size) if is_cuda else host_array(each_size)
  File "/opt/conda/envs/gdf/lib/python3.9/site-packages/distributed/comm/ucx.py", line 167, in device_array
    return rmm.DeviceBuffer(size=n)
  File "device_buffer.pyx", line 91, in rmm._lib.device_buffer.DeviceBuffer.__cinit__
MemoryError: std::bad_alloc: out_of_memory: RMM failure at:/opt/conda/conda-bld/work/include/rmm/mr/device/pool_memory_resource.hpp:424: Maximum pool size exceeded
2024-04-04 06:18:30,225 - distributed.worker - ERROR - tuple indices must be integers or slices, not str
Traceback (most recent call last):
  File "/opt/conda/envs/gdf/lib/python3.9/site-packages/distributed/worker.py", line 2059, in gather_dep
    response = await get_data_from_worker(
  File "/opt/conda/envs/gdf/lib/python3.9/site-packages/distributed/worker.py", line 2872, in get_data_from_worker
    status = response["status"]
TypeError: tuple indices must be integers or slices, not str
2024-04-04 06:18:30,340 - distributed.worker - WARNING - Compute Failed
Key:       ('taskshuffle-47e121df0d54cec6415413c3903d7840', 0)
Function:  _concat
args:      ([               key   payload  _partitions
shuffle                                  
0           637992  77567282            0
0           236405  43596313            0
0           641099  37508390            0
0            68613  86023687            0
0           397658   8116441            0
...            ...       ...          ...
0        799772861  73156293            0
0        799785189  62804254            0
0        799714008   2910087            0
0        799808615  91788091            0
0        799755806  50673080            0

[12497200 rows x 3 columns],                key   payload  _partitions
shuffle                                  
1           935420  98494552            0
1           942442   8182662            0
1           915804  85976584            0
1            50864   8293785            0
1            44079  20239503            0
...            ...       ...          ...
1        799807123   2758086            0
1        799795932  95885974            0
1 
kwargs:    {}
Exception: "MemoryError('std::bad_alloc: out_of_memory: RMM failure at:/opt/conda/conda-bld/work/include/rmm/mr/device/pool_memory_resource.hpp:424: Maximum pool size exceeded')"

2024-04-04 06:18:30,343 - distributed.worker - ERROR - Worker stream died during communication: ucx://127.0.0.1:35345
Traceback (most recent call last):
  File "/opt/conda/envs/gdf/lib/python3.9/site-packages/distributed/comm/ucx.py", line 360, in read
    await self.ep.recv(header)
  File "/opt/conda/envs/gdf/lib/python3.9/site-packages/ucp/core.py", line 737, in recv
    ret = await comm.tag_recv(self._ep, buffer, nbytes, tag, name=log)
ucp._libs.exceptions.UCXError: <[Recv #104] ep: 0x7f7d5c9bb180, tag: 0x11029ee7ccdf5131, nbytes: 16, type: <class 'numpy.ndarray'>>: Message truncated

During handling of the above exception, another exception occurred:

Traceback (most recent call last):
  File "/opt/conda/envs/gdf/lib/python3.9/site-packages/distributed/worker.py", line 2059, in gather_dep
    response = await get_data_from_worker(
  File "/opt/conda/envs/gdf/lib/python3.9/site-packages/distributed/worker.py", line 2863, in get_data_from_worker
    response = await send_recv(
  File "/opt/conda/envs/gdf/lib/python3.9/site-packages/distributed/core.py", line 1154, in send_recv
    response = await comm.read(deserializers=deserializers)
  File "/opt/conda/envs/gdf/lib/python3.9/site-packages/distributed/utils.py", line 832, in wrapper
    return await func(*args, **kwargs)
  File "/opt/conda/envs/gdf/lib/python3.9/site-packages/distributed/comm/ucx.py", line 368, in read
    raise CommClosedError(
distributed.comm.core.CommClosedError: Connection closed by writer.
Inner exception: UCXError("<[Recv #104] ep: 0x7f7d5c9bb180, tag: 0x11029ee7ccdf5131, nbytes: 16, type: <class 'numpy.ndarray'>>: Message truncated")
2024-04-04 06:18:30,458 - distributed.comm.ucx - ERROR - std::bad_alloc: out_of_memory: RMM failure at:/opt/conda/conda-bld/work/include/rmm/mr/device/pool_memory_resource.hpp:424: Maximum pool size exceeded
Traceback (most recent call last):
  File "/opt/conda/envs/gdf/lib/python3.9/site-packages/distributed/utils.py", line 832, in wrapper
    return await func(*args, **kwargs)
  File "/opt/conda/envs/gdf/lib/python3.9/site-packages/distributed/comm/ucx.py", line 373, in read
    frames = [
  File "/opt/conda/envs/gdf/lib/python3.9/site-packages/distributed/comm/ucx.py", line 374, in <listcomp>
    device_array(each_size) if is_cuda else host_array(each_size)
  File "/opt/conda/envs/gdf/lib/python3.9/site-packages/distributed/comm/ucx.py", line 167, in device_array
    return rmm.DeviceBuffer(size=n)
  File "device_buffer.pyx", line 91, in rmm._lib.device_buffer.DeviceBuffer.__cinit__
MemoryError: std::bad_alloc: out_of_memory: RMM failure at:/opt/conda/conda-bld/work/include/rmm/mr/device/pool_memory_resource.hpp:424: Maximum pool size exceeded
2024-04-04 06:18:30,458 - distributed.worker - ERROR - std::bad_alloc: out_of_memory: RMM failure at:/opt/conda/conda-bld/work/include/rmm/mr/device/pool_memory_resource.hpp:424: Maximum pool size exceeded
Traceback (most recent call last):
  File "/opt/conda/envs/gdf/lib/python3.9/site-packages/distributed/worker.py", line 2059, in gather_dep
    response = await get_data_from_worker(
  File "/opt/conda/envs/gdf/lib/python3.9/site-packages/distributed/worker.py", line 2863, in get_data_from_worker
    response = await send_recv(
  File "/opt/conda/envs/gdf/lib/python3.9/site-packages/distributed/core.py", line 1154, in send_recv
    response = await comm.read(deserializers=deserializers)
  File "/opt/conda/envs/gdf/lib/python3.9/site-packages/distributed/utils.py", line 832, in wrapper
    return await func(*args, **kwargs)
  File "/opt/conda/envs/gdf/lib/python3.9/site-packages/distributed/comm/ucx.py", line 373, in read
    frames = [
  File "/opt/conda/envs/gdf/lib/python3.9/site-packages/distributed/comm/ucx.py", line 374, in <listcomp>
    device_array(each_size) if is_cuda else host_array(each_size)
  File "/opt/conda/envs/gdf/lib/python3.9/site-packages/distributed/comm/ucx.py", line 167, in device_array
    return rmm.DeviceBuffer(size=n)
  File "device_buffer.pyx", line 91, in rmm._lib.device_buffer.DeviceBuffer.__cinit__
MemoryError: std::bad_alloc: out_of_memory: RMM failure at:/opt/conda/conda-bld/work/include/rmm/mr/device/pool_memory_resource.hpp:424: Maximum pool size exceeded
2024-04-04 06:18:30,462 - distributed.worker - ERROR - Worker stream died during communication: ucx://127.0.0.1:50246
Traceback (most recent call last):
  File "/opt/conda/envs/gdf/lib/python3.9/site-packages/distributed/comm/ucx.py", line 392, in read
    await self.ep.recv(each_frame)
  File "/opt/conda/envs/gdf/lib/python3.9/site-packages/ucp/core.py", line 737, in recv
    ret = await comm.tag_recv(self._ep, buffer, nbytes, tag, name=log)
ucp._libs.exceptions.UCXError: <[Recv #087] ep: 0x7f7d5c9bb280, tag: 0xfa94a052edb992e5, nbytes: 9, type: <class 'numpy.ndarray'>>: Message truncated

During handling of the above exception, another exception occurred:

Traceback (most recent call last):
  File "/opt/conda/envs/gdf/lib/python3.9/site-packages/distributed/worker.py", line 2059, in gather_dep
    response = await get_data_from_worker(
  File "/opt/conda/envs/gdf/lib/python3.9/site-packages/distributed/worker.py", line 2863, in get_data_from_worker
    response = await send_recv(
  File "/opt/conda/envs/gdf/lib/python3.9/site-packages/distributed/core.py", line 1154, in send_recv
    response = await comm.read(deserializers=deserializers)
  File "/opt/conda/envs/gdf/lib/python3.9/site-packages/distributed/utils.py", line 832, in wrapper
    return await func(*args, **kwargs)
  File "/opt/conda/envs/gdf/lib/python3.9/site-packages/distributed/comm/ucx.py", line 398, in read
    raise CommClosedError(
distributed.comm.core.CommClosedError: Connection closed by writer.
Inner exception: UCXError("<[Recv #087] ep: 0x7f7d5c9bb280, tag: 0xfa94a052edb992e5, nbytes: 9, type: <class 'numpy.ndarray'>>: Message truncated")
2024-04-04 06:18:30,469 - distributed.worker - ERROR - failed during get data with ucx://127.0.0.1:50246 -> ucx://127.0.0.1:50353
Traceback (most recent call last):
  File "/opt/conda/envs/gdf/lib/python3.9/site-packages/distributed/comm/ucx.py", line 334, in write
    await self.ep.send(each_frame)
  File "/opt/conda/envs/gdf/lib/python3.9/site-packages/ucp/core.py", line 641, in send
    self._ep.raise_on_error()
  File "ucp/_libs/ucx_endpoint.pyx", line 353, in ucp._libs.ucx_api.UCXEndpoint.raise_on_error
ucp._libs.exceptions.UCXConnectionReset: Endpoint 0x7efd25755440 error: Connection reset by remote peer

During handling of the above exception, another exception occurred:

Traceback (most recent call last):
  File "/opt/conda/envs/gdf/lib/python3.9/site-packages/distributed/worker.py", line 1782, in get_data
    compressed = await comm.write(msg, serializers=serializers)
  File "/opt/conda/envs/gdf/lib/python3.9/site-packages/distributed/utils.py", line 832, in wrapper
    return await func(*args, **kwargs)
  File "/opt/conda/envs/gdf/lib/python3.9/site-packages/distributed/comm/ucx.py", line 338, in write
    raise CommClosedError("While writing, the connection was closed")
distributed.comm.core.CommClosedError: While writing, the connection was closed
2024-04-04 06:18:30,748 - distributed.worker - WARNING - Compute Failed
Key:       ('taskshuffle-f09eccbb7dbe8a46b1cdb808e3db96d8', 2)
Function:  _concat
args:      ([                key   payload  _partitions
102529    859797614  36004670            2
102534    836777376  87666711            2
102549      4506510  22532974            2
102550    802901268   5574689            2
114792    851249472  84521636            2
...             ...       ...          ...
99999118  706273426  63950370            2
99999125  847244880  13357894            2
99999129  866293992  53060917            2
99999130  862011713  29834103            2
99999135  809509457   8560776            2

[12500460 rows x 3 columns],                 key   payload  _partitions
23268     926257065  54032123            2
23278     950755753  11585045            2
73339     969690167  51046137            2
23289     114190740  80415526            2
81412     969331546   6670595            2
...             ...       ...          ...
99999130  962011713  29834103            2
99999132  918124715  72898548            2
99999080  939903423   9767826            2
99999101  962249024  6
kwargs:    {}
Exception: "MemoryError('std::bad_alloc: out_of_memory: RMM failure at:/opt/conda/conda-bld/work/include/rmm/mr/device/pool_memory_resource.hpp:424: Maximum pool size exceeded')"

2024-04-04 06:18:30,873 - distributed.comm.ucx - ERROR - std::bad_alloc: out_of_memory: RMM failure at:/opt/conda/conda-bld/work/include/rmm/mr/device/pool_memory_resource.hpp:424: Maximum pool size exceeded
Traceback (most recent call last):
  File "/opt/conda/envs/gdf/lib/python3.9/site-packages/distributed/utils.py", line 832, in wrapper
    return await func(*args, **kwargs)
  File "/opt/conda/envs/gdf/lib/python3.9/site-packages/distributed/comm/ucx.py", line 373, in read
    frames = [
  File "/opt/conda/envs/gdf/lib/python3.9/site-packages/distributed/comm/ucx.py", line 374, in <listcomp>
    device_array(each_size) if is_cuda else host_array(each_size)
  File "/opt/conda/envs/gdf/lib/python3.9/site-packages/distributed/comm/ucx.py", line 167, in device_array
    return rmm.DeviceBuffer(size=n)
  File "device_buffer.pyx", line 91, in rmm._lib.device_buffer.DeviceBuffer.__cinit__
MemoryError: std::bad_alloc: out_of_memory: RMM failure at:/opt/conda/conda-bld/work/include/rmm/mr/device/pool_memory_resource.hpp:424: Maximum pool size exceeded
2024-04-04 06:18:30,874 - distributed.worker - ERROR - std::bad_alloc: out_of_memory: RMM failure at:/opt/conda/conda-bld/work/include/rmm/mr/device/pool_memory_resource.hpp:424: Maximum pool size exceeded
Traceback (most recent call last):
  File "/opt/conda/envs/gdf/lib/python3.9/site-packages/distributed/worker.py", line 2059, in gather_dep
    response = await get_data_from_worker(
  File "/opt/conda/envs/gdf/lib/python3.9/site-packages/distributed/worker.py", line 2863, in get_data_from_worker
    response = await send_recv(
  File "/opt/conda/envs/gdf/lib/python3.9/site-packages/distributed/core.py", line 1154, in send_recv
    response = await comm.read(deserializers=deserializers)
  File "/opt/conda/envs/gdf/lib/python3.9/site-packages/distributed/utils.py", line 832, in wrapper
    return await func(*args, **kwargs)
  File "/opt/conda/envs/gdf/lib/python3.9/site-packages/distributed/comm/ucx.py", line 373, in read
    frames = [
  File "/opt/conda/envs/gdf/lib/python3.9/site-packages/distributed/comm/ucx.py", line 374, in <listcomp>
    device_array(each_size) if is_cuda else host_array(each_size)
  File "/opt/conda/envs/gdf/lib/python3.9/site-packages/distributed/comm/ucx.py", line 167, in device_array
    return rmm.DeviceBuffer(size=n)
  File "device_buffer.pyx", line 91, in rmm._lib.device_buffer.DeviceBuffer.__cinit__
MemoryError: std::bad_alloc: out_of_memory: RMM failure at:/opt/conda/conda-bld/work/include/rmm/mr/device/pool_memory_resource.hpp:424: Maximum pool size exceeded
2024-04-04 06:18:30,876 - distributed.comm.ucx - ERROR - not enough values to unpack (expected 2, got 0)
Traceback (most recent call last):
  File "/opt/conda/envs/gdf/lib/python3.9/site-packages/distributed/utils.py", line 832, in wrapper
    return await func(*args, **kwargs)
  File "/opt/conda/envs/gdf/lib/python3.9/site-packages/distributed/comm/ucx.py", line 377, in read
    cuda_recv_frames, recv_frames = zip(
ValueError: not enough values to unpack (expected 2, got 0)
2024-04-04 06:18:30,876 - distributed.worker - ERROR - not enough values to unpack (expected 2, got 0)
Traceback (most recent call last):
  File "/opt/conda/envs/gdf/lib/python3.9/site-packages/distributed/worker.py", line 2059, in gather_dep
    response = await get_data_from_worker(
  File "/opt/conda/envs/gdf/lib/python3.9/site-packages/distributed/worker.py", line 2863, in get_data_from_worker
    response = await send_recv(
  File "/opt/conda/envs/gdf/lib/python3.9/site-packages/distributed/core.py", line 1154, in send_recv
    response = await comm.read(deserializers=deserializers)
  File "/opt/conda/envs/gdf/lib/python3.9/site-packages/distributed/utils.py", line 832, in wrapper
    return await func(*args, **kwargs)
  File "/opt/conda/envs/gdf/lib/python3.9/site-packages/distributed/comm/ucx.py", line 377, in read
    cuda_recv_frames, recv_frames = zip(
ValueError: not enough values to unpack (expected 2, got 0)
2024-04-04 06:18:30,880 - distributed.worker - ERROR - Worker stream died during communication: ucx://127.0.0.1:50246
Traceback (most recent call last):
  File "/opt/conda/envs/gdf/lib/python3.9/site-packages/distributed/comm/ucx.py", line 360, in read
    await self.ep.recv(header)
  File "/opt/conda/envs/gdf/lib/python3.9/site-packages/ucp/core.py", line 737, in recv
    ret = await comm.tag_recv(self._ep, buffer, nbytes, tag, name=log)
ucp._libs.exceptions.UCXError: <[Recv #008] ep: 0x7f7d5c9bb380, tag: 0x5cb795e1346e679c, nbytes: 1128, type: <class 'numpy.ndarray'>>: Message truncated

During handling of the above exception, another exception occurred:

Traceback (most recent call last):
  File "/opt/conda/envs/gdf/lib/python3.9/site-packages/distributed/worker.py", line 2059, in gather_dep
    response = await get_data_from_worker(
  File "/opt/conda/envs/gdf/lib/python3.9/site-packages/distributed/worker.py", line 2863, in get_data_from_worker
    response = await send_recv(
  File "/opt/conda/envs/gdf/lib/python3.9/site-packages/distributed/core.py", line 1154, in send_recv
    response = await comm.read(deserializers=deserializers)
  File "/opt/conda/envs/gdf/lib/python3.9/site-packages/distributed/utils.py", line 832, in wrapper
    return await func(*args, **kwargs)
  File "/opt/conda/envs/gdf/lib/python3.9/site-packages/distributed/comm/ucx.py", line 368, in read
    raise CommClosedError(
distributed.comm.core.CommClosedError: Connection closed by writer.
Inner exception: UCXError("<[Recv #008] ep: 0x7f7d5c9bb380, tag: 0x5cb795e1346e679c, nbytes: 1128, type: <class 'numpy.ndarray'>>: Message truncated")
2024-04-04 06:18:30,886 - distributed.worker - ERROR - failed during get data with ucx://127.0.0.1:50246 -> ucx://127.0.0.1:50353
Traceback (most recent call last):
  File "/opt/conda/envs/gdf/lib/python3.9/site-packages/distributed/comm/ucx.py", line 334, in write
    await self.ep.send(each_frame)
  File "/opt/conda/envs/gdf/lib/python3.9/site-packages/ucp/core.py", line 641, in send
    self._ep.raise_on_error()
  File "ucp/_libs/ucx_endpoint.pyx", line 353, in ucp._libs.ucx_api.UCXEndpoint.raise_on_error
ucp._libs.exceptions.UCXConnectionReset: Endpoint 0x7efd25755440 error: Connection reset by remote peer

During handling of the above exception, another exception occurred:

Traceback (most recent call last):
  File "/opt/conda/envs/gdf/lib/python3.9/site-packages/distributed/worker.py", line 1782, in get_data
    compressed = await comm.write(msg, serializers=serializers)
  File "/opt/conda/envs/gdf/lib/python3.9/site-packages/distributed/utils.py", line 832, in wrapper
    return await func(*args, **kwargs)
  File "/opt/conda/envs/gdf/lib/python3.9/site-packages/distributed/comm/ucx.py", line 338, in write
    raise CommClosedError("While writing, the connection was closed")
distributed.comm.core.CommClosedError: While writing, the connection was closed
2024-04-04 06:18:30,891 - distributed.worker - WARNING - Compute Failed
Key:       ('taskshuffle-f09eccbb7dbe8a46b1cdb808e3db96d8', 5)
Function:  _concat
args:      ([                key   payload  _partitions
102528    844618848   8165240            5
102530    412459763  23592499            5
102546    834025350  34267674            5
114784    102093078  59181341            5
36494     851504891  86219246            5
...             ...       ...          ...
99999177    4094759  31095048            5
99999192  848912090  21717024            5
99999195  802577529  87412196            5
99999119  839265524  70905377            5
99999123  859057973  76725401            5

[12501172 rows x 3 columns],                 key   payload  _partitions
23294     412984938  27049091            5
73312     615889059  45528810            5
81413     720172349  89699425            5
73315     931103127  41823875            5
81418     624613250  62094182            5
...             ...       ...          ...
99991513  922564104  41933909            5
99999114  925547728  82236428            5
99999134  413839132  44668243            5
99999083  921190152  1
kwargs:    {}
Exception: "MemoryError('std::bad_alloc: out_of_memory: RMM failure at:/opt/conda/conda-bld/work/include/rmm/mr/device/pool_memory_resource.hpp:424: Maximum pool size exceeded')"

2024-04-04 06:18:31,143 - distributed.worker - WARNING - Compute Failed
Key:       ('taskshuffle-f09eccbb7dbe8a46b1cdb808e3db96d8', 3)
Function:  _concat
args:      ([                key   payload  _partitions
102544    300101231  17343033            3
102551    836421279  21376784            3
102557    805908701   3940312            3
114786    808305249  30056156            3
36483     845127299  96257861            3
...             ...       ...          ...
99999186  801152979  50301728            3
99999189  826771772  24880874            3
99999193  859292689  50061947            3
99999109  815750173  40355297            3
99999115  840252645   5937365            3

[12504123 rows x 3 columns],                 key   payload  _partitions
23273     322146159  37833242            3
23274     961450423  28498900            3
73320      18282365  88976050            3
23282     967410760  47154655            3
81409     929278311  29866748            3
...             ...       ...          ...
99999072   16653549  24917614            3
99999073  925723106  70132279            3
99999077  920991030  65354124            3
99999095  917207244  3
kwargs:    {}
Exception: "MemoryError('std::bad_alloc: out_of_memory: RMM failure at:/opt/conda/conda-bld/work/include/rmm/mr/device/pool_memory_resource.hpp:424: Maximum pool size exceeded')"

2024-04-04 06:18:41,894 - distributed.nanny - WARNING - Restarting worker
/opt/conda/envs/gdf/lib/python3.9/multiprocessing/resource_tracker.py:216: UserWarning: resource_tracker: There appear to be 24 leaked semaphore objects to clean up at shutdown
  warnings.warn('resource_tracker: There appear to be %d '
