[dgx13:94622:0:94622] Caught signal 11 (Segmentation fault: address not mapped to object at address 0x450)
==== backtrace (tid:  94622) ====
 0  /opt/conda/envs/gdf/lib/libucs.so.0(ucs_handle_error+0x2fd) [0x7fba9c73fedd]
 1  /opt/conda/envs/gdf/lib/libucs.so.0(+0x2e0d4) [0x7fba9c7400d4]
 2  /opt/conda/envs/gdf/lib/libucs.so.0(+0x2e29a) [0x7fba9c74029a]
 3  /usr/lib/x86_64-linux-gnu/libpthread.so.0(+0x14420) [0x7fbad8e20420]
 4  /opt/conda/envs/gdf/lib/libucp.so.0(ucp_mem_type_unpack+0x17) [0x7fba9c7c5437]
 5  /opt/conda/envs/gdf/lib/libucp.so.0(ucp_rndv_data_handler+0x66d) [0x7fba9c7f03dd]
 6  /opt/conda/envs/gdf/lib/libuct.so.0(+0x21dff) [0x7fba9c6f5dff]
 7  /opt/conda/envs/gdf/lib/libuct.so.0(+0x25018) [0x7fba9c6f9018]
 8  /opt/conda/envs/gdf/lib/libucs.so.0(ucs_event_set_wait+0xb9) [0x7fba9c749749]
 9  /opt/conda/envs/gdf/lib/libuct.so.0(uct_tcp_iface_progress+0x7d) [0x7fba9c6f811d]
10  /opt/conda/envs/gdf/lib/libucp.so.0(ucp_worker_progress+0x5a) [0x7fba9c7c218a]
11  /opt/conda/envs/gdf/lib/python3.9/site-packages/ucp/_libs/ucx_api.cpython-39-x86_64-linux-gnu.so(+0x3205a) [0x7fba9c88505a]
12  /opt/conda/envs/gdf/bin/python(_PyEval_EvalFrameDefault+0x45a6) [0x55cd90afe516]
13  /opt/conda/envs/gdf/bin/python(+0x12e184) [0x55cd90af9184]
14  /opt/conda/envs/gdf/bin/python(_PyFunction_Vectorcall+0xd9) [0x55cd90b0a559]
15  /opt/conda/envs/gdf/bin/python(_PyEval_EvalFrameDefault+0x696) [0x55cd90afa606]
16  /opt/conda/envs/gdf/bin/python(+0x13f802) [0x55cd90b0a802]
17  /opt/conda/envs/gdf/bin/python(+0x14cbb3) [0x55cd90b17bb3]
18  /opt/conda/envs/gdf/bin/python(+0x25842c) [0x55cd90c2342c]
19  /opt/conda/envs/gdf/bin/python(+0xf266c) [0x55cd90abd66c]
20  /opt/conda/envs/gdf/bin/python(+0x136833) [0x55cd90b01833]
21  /opt/conda/envs/gdf/bin/python(_PyEval_EvalFrameDefault+0x58b4) [0x55cd90aff824]
22  /opt/conda/envs/gdf/bin/python(+0x13f802) [0x55cd90b0a802]
23  /opt/conda/envs/gdf/bin/python(_PyEval_EvalFrameDefault+0x696) [0x55cd90afa606]
24  /opt/conda/envs/gdf/bin/python(+0x13f802) [0x55cd90b0a802]
25  /opt/conda/envs/gdf/bin/python(_PyEval_EvalFrameDefault+0x696) [0x55cd90afa606]
26  /opt/conda/envs/gdf/bin/python(+0x13f802) [0x55cd90b0a802]
27  /opt/conda/envs/gdf/bin/python(_PyEval_EvalFrameDefault+0x696) [0x55cd90afa606]
28  /opt/conda/envs/gdf/bin/python(+0x13f802) [0x55cd90b0a802]
29  /opt/conda/envs/gdf/bin/python(_PyEval_EvalFrameDefault+0x696) [0x55cd90afa606]
30  /opt/conda/envs/gdf/bin/python(+0x12e184) [0x55cd90af9184]
31  /opt/conda/envs/gdf/bin/python(_PyFunction_Vectorcall+0xd9) [0x55cd90b0a559]
32  /opt/conda/envs/gdf/bin/python(_PyEval_EvalFrameDefault+0x11f2) [0x55cd90afb162]
33  /opt/conda/envs/gdf/bin/python(+0x12e184) [0x55cd90af9184]
34  /opt/conda/envs/gdf/bin/python(+0x14c9fb) [0x55cd90b179fb]
35  /opt/conda/envs/gdf/bin/python(PyObject_Call+0xbc) [0x55cd90b1817c]
36  /opt/conda/envs/gdf/bin/python(+0x2109ce) [0x55cd90bdb9ce]
37  /opt/conda/envs/gdf/bin/python(_PyObject_MakeTpCall+0x2ec) [0x55cd90b027ac]
38  /opt/conda/envs/gdf/bin/python(_PyEval_EvalFrameDefault+0x45a6) [0x55cd90afe516]
39  /opt/conda/envs/gdf/bin/python(+0x13f802) [0x55cd90b0a802]
40  /opt/conda/envs/gdf/bin/python(+0x14cadc) [0x55cd90b17adc]
41  /opt/conda/envs/gdf/bin/python(_PyEval_EvalFrameDefault+0x45a6) [0x55cd90afe516]
42  /opt/conda/envs/gdf/bin/python(+0x13f802) [0x55cd90b0a802]
43  /opt/conda/envs/gdf/bin/python(_PyEval_EvalFrameDefault+0x696) [0x55cd90afa606]
44  /opt/conda/envs/gdf/bin/python(+0x12e184) [0x55cd90af9184]
45  /opt/conda/envs/gdf/bin/python(_PyFunction_Vectorcall+0xd9) [0x55cd90b0a559]
46  /opt/conda/envs/gdf/bin/python(_PyEval_EvalFrameDefault+0x696) [0x55cd90afa606]
47  /opt/conda/envs/gdf/bin/python(+0x13f802) [0x55cd90b0a802]
48  /opt/conda/envs/gdf/bin/python(_PyEval_EvalFrameDefault+0x3e2) [0x55cd90afa352]
49  /opt/conda/envs/gdf/bin/python(+0x12e184) [0x55cd90af9184]
50  /opt/conda/envs/gdf/bin/python(_PyFunction_Vectorcall+0xd9) [0x55cd90b0a559]
51  /opt/conda/envs/gdf/bin/python(_PyEval_EvalFrameDefault+0x11f2) [0x55cd90afb162]
52  /opt/conda/envs/gdf/bin/python(+0x12e184) [0x55cd90af9184]
53  /opt/conda/envs/gdf/bin/python(_PyEval_EvalCodeWithName+0x48) [0x55cd90af8e58]
54  /opt/conda/envs/gdf/bin/python(PyEval_EvalCodeEx+0x39) [0x55cd90af8e09]
55  /opt/conda/envs/gdf/bin/python(PyEval_EvalCode+0x1b) [0x55cd90ba64ab]
56  /opt/conda/envs/gdf/bin/python(+0x20887a) [0x55cd90bd387a]
57  /opt/conda/envs/gdf/bin/python(+0x204c03) [0x55cd90bcfc03]
58  /opt/conda/envs/gdf/bin/python(PyRun_StringFlags+0x9a) [0x55cd90bc7a1a]
59  /opt/conda/envs/gdf/bin/python(PyRun_SimpleStringFlags+0x3c) [0x55cd90bc790c]
60  /opt/conda/envs/gdf/bin/python(Py_RunMain+0x267) [0x55cd90bc6b47]
61  /opt/conda/envs/gdf/bin/python(Py_BytesMain+0x37) [0x55cd90b9a2e7]
=================================
[dgx13:94634:0:94634] Caught signal 11 (Segmentation fault: address not mapped to object at address 0x450)
==== backtrace (tid:  94634) ====
 0  /opt/conda/envs/gdf/lib/libucs.so.0(ucs_handle_error+0x2fd) [0x7f29047bfedd]
 1  /opt/conda/envs/gdf/lib/libucs.so.0(+0x2e0d4) [0x7f29047c00d4]
 2  /opt/conda/envs/gdf/lib/libucs.so.0(+0x2e29a) [0x7f29047c029a]
 3  /usr/lib/x86_64-linux-gnu/libpthread.so.0(+0x14420) [0x7f2932ea6420]
 4  /opt/conda/envs/gdf/lib/libucp.so.0(ucp_mem_type_unpack+0x17) [0x7f2904845437]
 5  /opt/conda/envs/gdf/lib/libucp.so.0(ucp_rndv_data_handler+0x66d) [0x7f29048703dd]
 6  /opt/conda/envs/gdf/lib/libuct.so.0(+0x21dff) [0x7f2904775dff]
 7  /opt/conda/envs/gdf/lib/libuct.so.0(+0x25018) [0x7f2904779018]
 8  /opt/conda/envs/gdf/lib/libucs.so.0(ucs_event_set_wait+0xb9) [0x7f29047c9749]
 9  /opt/conda/envs/gdf/lib/libuct.so.0(uct_tcp_iface_progress+0x7d) [0x7f290477811d]
10  /opt/conda/envs/gdf/lib/libucp.so.0(ucp_worker_progress+0x5a) [0x7f290484218a]
11  /opt/conda/envs/gdf/lib/python3.9/site-packages/ucp/_libs/ucx_api.cpython-39-x86_64-linux-gnu.so(+0x3205a) [0x7f290490505a]
12  /opt/conda/envs/gdf/bin/python(_PyEval_EvalFrameDefault+0x45a6) [0x564e3277a516]
13  /opt/conda/envs/gdf/bin/python(+0x12e184) [0x564e32775184]
14  /opt/conda/envs/gdf/bin/python(_PyFunction_Vectorcall+0xd9) [0x564e32786559]
15  /opt/conda/envs/gdf/bin/python(_PyEval_EvalFrameDefault+0x696) [0x564e32776606]
16  /opt/conda/envs/gdf/bin/python(+0x1e28a2) [0x564e328298a2]
17  /opt/conda/envs/gdf/lib/python3.9/lib-dynload/_asyncio.cpython-39-x86_64-linux-gnu.so(+0x81e9) [0x7f291a9201e9]
18  /opt/conda/envs/gdf/bin/python(_PyObject_MakeTpCall+0x2ec) [0x564e3277e7ac]
19  /opt/conda/envs/gdf/bin/python(+0xf266c) [0x564e3273966c]
20  /opt/conda/envs/gdf/bin/python(+0x136833) [0x564e3277d833]
21  /opt/conda/envs/gdf/bin/python(_PyEval_EvalFrameDefault+0x58b4) [0x564e3277b824]
22  /opt/conda/envs/gdf/bin/python(+0x13f802) [0x564e32786802]
23  /opt/conda/envs/gdf/bin/python(_PyEval_EvalFrameDefault+0x696) [0x564e32776606]
24  /opt/conda/envs/gdf/bin/python(+0x13f802) [0x564e32786802]
25  /opt/conda/envs/gdf/bin/python(_PyEval_EvalFrameDefault+0x696) [0x564e32776606]
26  /opt/conda/envs/gdf/bin/python(+0x13f802) [0x564e32786802]
27  /opt/conda/envs/gdf/bin/python(_PyEval_EvalFrameDefault+0x696) [0x564e32776606]
28  /opt/conda/envs/gdf/bin/python(+0x13f802) [0x564e32786802]
29  /opt/conda/envs/gdf/bin/python(_PyEval_EvalFrameDefault+0x696) [0x564e32776606]
30  /opt/conda/envs/gdf/bin/python(+0x12e184) [0x564e32775184]
31  /opt/conda/envs/gdf/bin/python(_PyFunction_Vectorcall+0xd9) [0x564e32786559]
32  /opt/conda/envs/gdf/bin/python(_PyEval_EvalFrameDefault+0x11f2) [0x564e32777162]
33  /opt/conda/envs/gdf/bin/python(+0x12e184) [0x564e32775184]
34  /opt/conda/envs/gdf/bin/python(+0x14c9fb) [0x564e327939fb]
35  /opt/conda/envs/gdf/bin/python(PyObject_Call+0xbc) [0x564e3279417c]
36  /opt/conda/envs/gdf/bin/python(+0x2109ce) [0x564e328579ce]
37  /opt/conda/envs/gdf/bin/python(_PyObject_MakeTpCall+0x2ec) [0x564e3277e7ac]
38  /opt/conda/envs/gdf/bin/python(_PyEval_EvalFrameDefault+0x45a6) [0x564e3277a516]
39  /opt/conda/envs/gdf/bin/python(+0x13f802) [0x564e32786802]
40  /opt/conda/envs/gdf/bin/python(+0x14cadc) [0x564e32793adc]
41  /opt/conda/envs/gdf/bin/python(_PyEval_EvalFrameDefault+0x45a6) [0x564e3277a516]
42  /opt/conda/envs/gdf/bin/python(+0x13f802) [0x564e32786802]
43  /opt/conda/envs/gdf/bin/python(_PyEval_EvalFrameDefault+0x696) [0x564e32776606]
44  /opt/conda/envs/gdf/bin/python(+0x12e184) [0x564e32775184]
45  /opt/conda/envs/gdf/bin/python(_PyFunction_Vectorcall+0xd9) [0x564e32786559]
46  /opt/conda/envs/gdf/bin/python(_PyEval_EvalFrameDefault+0x696) [0x564e32776606]
47  /opt/conda/envs/gdf/bin/python(+0x13f802) [0x564e32786802]
48  /opt/conda/envs/gdf/bin/python(_PyEval_EvalFrameDefault+0x3e2) [0x564e32776352]
49  /opt/conda/envs/gdf/bin/python(+0x12e184) [0x564e32775184]
50  /opt/conda/envs/gdf/bin/python(_PyFunction_Vectorcall+0xd9) [0x564e32786559]
51  /opt/conda/envs/gdf/bin/python(_PyEval_EvalFrameDefault+0x11f2) [0x564e32777162]
52  /opt/conda/envs/gdf/bin/python(+0x12e184) [0x564e32775184]
53  /opt/conda/envs/gdf/bin/python(_PyEval_EvalCodeWithName+0x48) [0x564e32774e58]
54  /opt/conda/envs/gdf/bin/python(PyEval_EvalCodeEx+0x39) [0x564e32774e09]
55  /opt/conda/envs/gdf/bin/python(PyEval_EvalCode+0x1b) [0x564e328224ab]
56  /opt/conda/envs/gdf/bin/python(+0x20887a) [0x564e3284f87a]
57  /opt/conda/envs/gdf/bin/python(+0x204c03) [0x564e3284bc03]
58  /opt/conda/envs/gdf/bin/python(PyRun_StringFlags+0x9a) [0x564e32843a1a]
59  /opt/conda/envs/gdf/bin/python(PyRun_SimpleStringFlags+0x3c) [0x564e3284390c]
60  /opt/conda/envs/gdf/bin/python(Py_RunMain+0x267) [0x564e32842b47]
61  /opt/conda/envs/gdf/bin/python(Py_BytesMain+0x37) [0x564e328162e7]
=================================
[dgx13:94630:0:94630] Caught signal 11 (Segmentation fault: address not mapped to object at address 0x450)
==== backtrace (tid:  94630) ====
 0  /opt/conda/envs/gdf/lib/libucs.so.0(ucs_handle_error+0x2fd) [0x7ff3a0456edd]
 1  /opt/conda/envs/gdf/lib/libucs.so.0(+0x2e0d4) [0x7ff3a04570d4]
 2  /opt/conda/envs/gdf/lib/libucs.so.0(+0x2e29a) [0x7ff3a045729a]
 3  /usr/lib/x86_64-linux-gnu/libpthread.so.0(+0x14420) [0x7ff3ceb61420]
 4  /opt/conda/envs/gdf/lib/libucp.so.0(ucp_mem_type_unpack+0x17) [0x7ff3a04dc437]
 5  /opt/conda/envs/gdf/lib/libucp.so.0(ucp_rndv_data_handler+0x66d) [0x7ff3a05073dd]
 6  /opt/conda/envs/gdf/lib/libuct.so.0(+0x21dff) [0x7ff3a040cdff]
 7  /opt/conda/envs/gdf/lib/libuct.so.0(+0x25018) [0x7ff3a0410018]
 8  /opt/conda/envs/gdf/lib/libucs.so.0(ucs_event_set_wait+0xb9) [0x7ff3a0460749]
 9  /opt/conda/envs/gdf/lib/libuct.so.0(uct_tcp_iface_progress+0x7d) [0x7ff3a040f11d]
10  /opt/conda/envs/gdf/lib/libucp.so.0(ucp_worker_progress+0x5a) [0x7ff3a04d918a]
11  /opt/conda/envs/gdf/lib/python3.9/site-packages/ucp/_libs/ucx_api.cpython-39-x86_64-linux-gnu.so(+0x3205a) [0x7ff3a059c05a]
12  /opt/conda/envs/gdf/bin/python(_PyEval_EvalFrameDefault+0x45a6) [0x5593d8d5c516]
13  /opt/conda/envs/gdf/bin/python(+0x12e184) [0x5593d8d57184]
14  /opt/conda/envs/gdf/bin/python(_PyFunction_Vectorcall+0xd9) [0x5593d8d68559]
15  /opt/conda/envs/gdf/bin/python(_PyEval_EvalFrameDefault+0x696) [0x5593d8d58606]
16  /opt/conda/envs/gdf/bin/python(+0x13f802) [0x5593d8d68802]
17  /opt/conda/envs/gdf/bin/python(+0x14cbb3) [0x5593d8d75bb3]
18  /opt/conda/envs/gdf/bin/python(+0x25842c) [0x5593d8e8142c]
19  /opt/conda/envs/gdf/bin/python(+0xf266c) [0x5593d8d1b66c]
20  /opt/conda/envs/gdf/bin/python(+0x136833) [0x5593d8d5f833]
21  /opt/conda/envs/gdf/bin/python(_PyEval_EvalFrameDefault+0x58b4) [0x5593d8d5d824]
22  /opt/conda/envs/gdf/bin/python(+0x13f802) [0x5593d8d68802]
23  /opt/conda/envs/gdf/bin/python(_PyEval_EvalFrameDefault+0x696) [0x5593d8d58606]
24  /opt/conda/envs/gdf/bin/python(+0x13f802) [0x5593d8d68802]
25  /opt/conda/envs/gdf/bin/python(_PyEval_EvalFrameDefault+0x696) [0x5593d8d58606]
26  /opt/conda/envs/gdf/bin/python(+0x13f802) [0x5593d8d68802]
27  /opt/conda/envs/gdf/bin/python(_PyEval_EvalFrameDefault+0x696) [0x5593d8d58606]
28  /opt/conda/envs/gdf/bin/python(+0x13f802) [0x5593d8d68802]
29  /opt/conda/envs/gdf/bin/python(_PyEval_EvalFrameDefault+0x696) [0x5593d8d58606]
30  /opt/conda/envs/gdf/bin/python(+0x12e184) [0x5593d8d57184]
31  /opt/conda/envs/gdf/bin/python(_PyFunction_Vectorcall+0xd9) [0x5593d8d68559]
32  /opt/conda/envs/gdf/bin/python(_PyEval_EvalFrameDefault+0x11f2) [0x5593d8d59162]
33  /opt/conda/envs/gdf/bin/python(+0x12e184) [0x5593d8d57184]
34  /opt/conda/envs/gdf/bin/python(+0x14c9fb) [0x5593d8d759fb]
35  /opt/conda/envs/gdf/bin/python(PyObject_Call+0xbc) [0x5593d8d7617c]
36  /opt/conda/envs/gdf/bin/python(+0x2109ce) [0x5593d8e399ce]
37  /opt/conda/envs/gdf/bin/python(_PyObject_MakeTpCall+0x2ec) [0x5593d8d607ac]
38  /opt/conda/envs/gdf/bin/python(_PyEval_EvalFrameDefault+0x45a6) [0x5593d8d5c516]
39  /opt/conda/envs/gdf/bin/python(+0x13f802) [0x5593d8d68802]
40  /opt/conda/envs/gdf/bin/python(+0x14cadc) [0x5593d8d75adc]
41  /opt/conda/envs/gdf/bin/python(_PyEval_EvalFrameDefault+0x45a6) [0x5593d8d5c516]
42  /opt/conda/envs/gdf/bin/python(+0x13f802) [0x5593d8d68802]
43  /opt/conda/envs/gdf/bin/python(_PyEval_EvalFrameDefault+0x696) [0x5593d8d58606]
44  /opt/conda/envs/gdf/bin/python(+0x12e184) [0x5593d8d57184]
45  /opt/conda/envs/gdf/bin/python(_PyFunction_Vectorcall+0xd9) [0x5593d8d68559]
46  /opt/conda/envs/gdf/bin/python(_PyEval_EvalFrameDefault+0x696) [0x5593d8d58606]
47  /opt/conda/envs/gdf/bin/python(+0x13f802) [0x5593d8d68802]
48  /opt/conda/envs/gdf/bin/python(_PyEval_EvalFrameDefault+0x3e2) [0x5593d8d58352]
49  /opt/conda/envs/gdf/bin/python(+0x12e184) [0x5593d8d57184]
50  /opt/conda/envs/gdf/bin/python(_PyFunction_Vectorcall+0xd9) [0x5593d8d68559]
51  /opt/conda/envs/gdf/bin/python(_PyEval_EvalFrameDefault+0x11f2) [0x5593d8d59162]
52  /opt/conda/envs/gdf/bin/python(+0x12e184) [0x5593d8d57184]
53  /opt/conda/envs/gdf/bin/python(_PyEval_EvalCodeWithName+0x48) [0x5593d8d56e58]
54  /opt/conda/envs/gdf/bin/python(PyEval_EvalCodeEx+0x39) [0x5593d8d56e09]
55  /opt/conda/envs/gdf/bin/python(PyEval_EvalCode+0x1b) [0x5593d8e044ab]
56  /opt/conda/envs/gdf/bin/python(+0x20887a) [0x5593d8e3187a]
57  /opt/conda/envs/gdf/bin/python(+0x204c03) [0x5593d8e2dc03]
58  /opt/conda/envs/gdf/bin/python(PyRun_StringFlags+0x9a) [0x5593d8e25a1a]
59  /opt/conda/envs/gdf/bin/python(PyRun_SimpleStringFlags+0x3c) [0x5593d8e2590c]
60  /opt/conda/envs/gdf/bin/python(Py_RunMain+0x267) [0x5593d8e24b47]
61  /opt/conda/envs/gdf/bin/python(Py_BytesMain+0x37) [0x5593d8df82e7]
=================================
2024-08-05 06:20:47,154 - distributed.worker - ERROR - Worker stream died during communication: ucx://127.0.0.1:38835
Traceback (most recent call last):
  File "/opt/conda/envs/gdf/lib/python3.9/site-packages/distributed/comm/ucx.py", line 350, in read
    await self.ep.recv(msg)
  File "/opt/conda/envs/gdf/lib/python3.9/site-packages/ucp/core.py", line 737, in recv
    ret = await comm.tag_recv(self._ep, buffer, nbytes, tag, name=log)
ucp._libs.exceptions.UCXCanceled: <[Recv #003] ep: 0x7efc824222c0, tag: 0xc50a0b9c7f115e1b, nbytes: 16, type: <class 'numpy.ndarray'>>: 

During handling of the above exception, another exception occurred:

Traceback (most recent call last):
  File "/opt/conda/envs/gdf/lib/python3.9/site-packages/distributed/worker.py", line 2059, in gather_dep
    response = await get_data_from_worker(
  File "/opt/conda/envs/gdf/lib/python3.9/site-packages/distributed/worker.py", line 2869, in get_data_from_worker
    response = await send_recv(
  File "/opt/conda/envs/gdf/lib/python3.9/site-packages/distributed/core.py", line 1013, in send_recv
    response = await comm.read(deserializers=deserializers)
  File "/opt/conda/envs/gdf/lib/python3.9/site-packages/distributed/utils.py", line 837, in wrapper
    return await func(*args, **kwargs)
  File "/opt/conda/envs/gdf/lib/python3.9/site-packages/distributed/comm/ucx.py", line 368, in read
    raise CommClosedError(
distributed.comm.core.CommClosedError: Connection closed by writer.
Inner exception: UCXCanceled("<[Recv #003] ep: 0x7efc824222c0, tag: 0xc50a0b9c7f115e1b, nbytes: 16, type: <class 'numpy.ndarray'>>: ")
2024-08-05 06:20:47,155 - distributed.scheduler - WARNING - Removing worker 'ucx://127.0.0.1:38835' caused the cluster to lose already computed task(s), which will be recomputed elsewhere: {('split-taskshuffle-6069670213e233d5016755b29b3e54d4', 3, 2), ('split-taskshuffle-6069670213e233d5016755b29b3e54d4', 4, 2), ('split-taskshuffle-6069670213e233d5016755b29b3e54d4', 6, 2), ('split-taskshuffle-6069670213e233d5016755b29b3e54d4', 2, 2), ('split-taskshuffle-6069670213e233d5016755b29b3e54d4', 5, 2), ('split-taskshuffle-6069670213e233d5016755b29b3e54d4', 0, 2), ('generate_chunk-_to_string_dtype-26fc8ffd6cffe3bf06a052b526402c5c', 5), ('split-taskshuffle-6069670213e233d5016755b29b3e54d4', 1, 2), ('split-taskshuffle-6069670213e233d5016755b29b3e54d4', 7, 2)} (stimulus_id='handle-worker-cleanup-1722838847.1551433')
2024-08-05 06:20:47,155 - distributed.worker - ERROR - failed during get data with ucx://127.0.0.1:49759 -> ucx://127.0.0.1:38835
Traceback (most recent call last):
  File "/opt/conda/envs/gdf/lib/python3.9/site-packages/distributed/comm/ucx.py", line 334, in write
    await self.ep.send(each_frame)
  File "/opt/conda/envs/gdf/lib/python3.9/site-packages/ucp/core.py", line 662, in send
    return await comm.tag_send(self._ep, buffer, nbytes, tag, name=log)
ucp._libs.exceptions.UCXError: <[Send #007] ep: 0x7efc82422100, tag: 0x95100f977df8a696, nbytes: 100000000, type: <class 'cudf.core.buffer.buffer.Buffer'>>: Connection reset by remote peer

During handling of the above exception, another exception occurred:

Traceback (most recent call last):
  File "/opt/conda/envs/gdf/lib/python3.9/site-packages/distributed/worker.py", line 1782, in get_data
    compressed = await comm.write(msg, serializers=serializers)
  File "/opt/conda/envs/gdf/lib/python3.9/site-packages/distributed/utils.py", line 837, in wrapper
    return await func(*args, **kwargs)
  File "/opt/conda/envs/gdf/lib/python3.9/site-packages/distributed/comm/ucx.py", line 338, in write
    raise CommClosedError("While writing, the connection was closed")
distributed.comm.core.CommClosedError: While writing, the connection was closed
2024-08-05 06:20:47,178 - distributed.worker - ERROR - failed during get data with ucx://127.0.0.1:56441 -> ucx://127.0.0.1:38835
Traceback (most recent call last):
  File "/opt/conda/envs/gdf/lib/python3.9/site-packages/distributed/comm/ucx.py", line 319, in write
    await self.ep.send(
  File "/opt/conda/envs/gdf/lib/python3.9/site-packages/ucp/core.py", line 662, in send
    return await comm.tag_send(self._ep, buffer, nbytes, tag, name=log)
  File "/opt/conda/envs/gdf/lib/python3.9/site-packages/ucp/comm.py", line 55, in tag_send
    return _call_ucx_api(
  File "/opt/conda/envs/gdf/lib/python3.9/site-packages/ucp/comm.py", line 31, in _call_ucx_api
    req = func(*args, **kwargs)
  File "ucp/_libs/transfer_tag.pyx", line 90, in ucp._libs.ucx_api.tag_send_nb
  File "ucp/_libs/ucx_request.pyx", line 111, in ucp._libs.ucx_api._handle_status
ucp._libs.exceptions.UCXError: <[Send #004] ep: 0x7fd272926100, tag: 0x65346e78e6439fc1, nbytes: 56, type: <class 'bytes'>>: Endpoint timeout

During handling of the above exception, another exception occurred:

Traceback (most recent call last):
  File "/opt/conda/envs/gdf/lib/python3.9/site-packages/distributed/worker.py", line 1782, in get_data
    compressed = await comm.write(msg, serializers=serializers)
  File "/opt/conda/envs/gdf/lib/python3.9/site-packages/distributed/utils.py", line 837, in wrapper
    return await func(*args, **kwargs)
  File "/opt/conda/envs/gdf/lib/python3.9/site-packages/distributed/comm/ucx.py", line 338, in write
    raise CommClosedError("While writing, the connection was closed")
distributed.comm.core.CommClosedError: While writing, the connection was closed
2024-08-05 06:20:47,184 - distributed.worker - ERROR - Worker stream died during communication: ucx://127.0.0.1:38835
Traceback (most recent call last):
  File "/opt/conda/envs/gdf/lib/python3.9/site-packages/distributed/comm/ucx.py", line 316, in write
    await self.ep.send(struct.pack("?Q", False, nframes))
  File "/opt/conda/envs/gdf/lib/python3.9/site-packages/ucp/core.py", line 641, in send
    self._ep.raise_on_error()
  File "ucp/_libs/ucx_endpoint.pyx", line 353, in ucp._libs.ucx_api.UCXEndpoint.raise_on_error
ucp._libs.exceptions.UCXConnectionReset: Endpoint 0x7fd272926280 error: Connection reset by remote peer

During handling of the above exception, another exception occurred:

Traceback (most recent call last):
  File "/opt/conda/envs/gdf/lib/python3.9/site-packages/distributed/worker.py", line 2059, in gather_dep
    response = await get_data_from_worker(
  File "/opt/conda/envs/gdf/lib/python3.9/site-packages/distributed/worker.py", line 2866, in get_data_from_worker
    comm = await rpc.connect(worker)
  File "/opt/conda/envs/gdf/lib/python3.9/site-packages/distributed/core.py", line 1533, in connect
    return connect_attempt.result()
  File "/opt/conda/envs/gdf/lib/python3.9/site-packages/distributed/core.py", line 1423, in _connect
    comm = await connect(
  File "/opt/conda/envs/gdf/lib/python3.9/site-packages/distributed/comm/core.py", line 376, in connect
    await comm.write(local_info)
  File "/opt/conda/envs/gdf/lib/python3.9/site-packages/distributed/utils.py", line 837, in wrapper
    return await func(*args, **kwargs)
  File "/opt/conda/envs/gdf/lib/python3.9/site-packages/distributed/comm/ucx.py", line 338, in write
    raise CommClosedError("While writing, the connection was closed")
distributed.comm.core.CommClosedError: While writing, the connection was closed
[dgx13:94612:0:94612] Caught signal 11 (Segmentation fault: address not mapped to object at address 0x450)
==== backtrace (tid:  94612) ====
 0  /opt/conda/envs/gdf/lib/libucs.so.0(ucs_handle_error+0x2fd) [0x7f7064a7dedd]
 1  /opt/conda/envs/gdf/lib/libucs.so.0(+0x2e0d4) [0x7f7064a7e0d4]
 2  /opt/conda/envs/gdf/lib/libucs.so.0(+0x2e29a) [0x7f7064a7e29a]
 3  /usr/lib/x86_64-linux-gnu/libpthread.so.0(+0x14420) [0x7f70a1001420]
 4  /opt/conda/envs/gdf/lib/libucp.so.0(ucp_mem_type_unpack+0x17) [0x7f7064b03437]
 5  /opt/conda/envs/gdf/lib/libucp.so.0(ucp_rndv_data_handler+0x66d) [0x7f7064b2e3dd]
 6  /opt/conda/envs/gdf/lib/libuct.so.0(+0x21dff) [0x7f7064a33dff]
 7  /opt/conda/envs/gdf/lib/libuct.so.0(+0x25018) [0x7f7064a37018]
 8  /opt/conda/envs/gdf/lib/libucs.so.0(ucs_event_set_wait+0xb9) [0x7f7064a87749]
 9  /opt/conda/envs/gdf/lib/libuct.so.0(uct_tcp_iface_progress+0x7d) [0x7f7064a3611d]
10  /opt/conda/envs/gdf/lib/libucp.so.0(ucp_worker_progress+0x5a) [0x7f7064b0018a]
11  /opt/conda/envs/gdf/lib/python3.9/site-packages/ucp/_libs/ucx_api.cpython-39-x86_64-linux-gnu.so(+0x3205a) [0x7f7064bc305a]
12  /opt/conda/envs/gdf/bin/python(_PyEval_EvalFrameDefault+0x45a6) [0x5634ed7ce516]
13  /opt/conda/envs/gdf/bin/python(+0x12e184) [0x5634ed7c9184]
14  /opt/conda/envs/gdf/bin/python(_PyFunction_Vectorcall+0xd9) [0x5634ed7da559]
15  /opt/conda/envs/gdf/bin/python(_PyEval_EvalFrameDefault+0x696) [0x5634ed7ca606]
16  /opt/conda/envs/gdf/bin/python(+0x13f802) [0x5634ed7da802]
17  /opt/conda/envs/gdf/bin/python(+0x14cbb3) [0x5634ed7e7bb3]
18  /opt/conda/envs/gdf/bin/python(+0x25842c) [0x5634ed8f342c]
19  /opt/conda/envs/gdf/bin/python(+0xf266c) [0x5634ed78d66c]
20  /opt/conda/envs/gdf/bin/python(+0x136833) [0x5634ed7d1833]
21  /opt/conda/envs/gdf/bin/python(_PyEval_EvalFrameDefault+0x58b4) [0x5634ed7cf824]
22  /opt/conda/envs/gdf/bin/python(+0x13f802) [0x5634ed7da802]
23  /opt/conda/envs/gdf/bin/python(_PyEval_EvalFrameDefault+0x696) [0x5634ed7ca606]
24  /opt/conda/envs/gdf/bin/python(+0x13f802) [0x5634ed7da802]
25  /opt/conda/envs/gdf/bin/python(_PyEval_EvalFrameDefault+0x696) [0x5634ed7ca606]
26  /opt/conda/envs/gdf/bin/python(+0x13f802) [0x5634ed7da802]
27  /opt/conda/envs/gdf/bin/python(_PyEval_EvalFrameDefault+0x696) [0x5634ed7ca606]
28  /opt/conda/envs/gdf/bin/python(+0x13f802) [0x5634ed7da802]
29  /opt/conda/envs/gdf/bin/python(_PyEval_EvalFrameDefault+0x696) [0x5634ed7ca606]
30  /opt/conda/envs/gdf/bin/python(+0x12e184) [0x5634ed7c9184]
31  /opt/conda/envs/gdf/bin/python(_PyFunction_Vectorcall+0xd9) [0x5634ed7da559]
32  /opt/conda/envs/gdf/bin/python(_PyEval_EvalFrameDefault+0x11f2) [0x5634ed7cb162]
33  /opt/conda/envs/gdf/bin/python(+0x12e184) [0x5634ed7c9184]
34  /opt/conda/envs/gdf/bin/python(+0x14c9fb) [0x5634ed7e79fb]
35  /opt/conda/envs/gdf/bin/python(PyObject_Call+0xbc) [0x5634ed7e817c]
36  /opt/conda/envs/gdf/bin/python(+0x2109ce) [0x5634ed8ab9ce]
37  /opt/conda/envs/gdf/bin/python(_PyObject_MakeTpCall+0x2ec) [0x5634ed7d27ac]
38  /opt/conda/envs/gdf/bin/python(_PyEval_EvalFrameDefault+0x45a6) [0x5634ed7ce516]
39  /opt/conda/envs/gdf/bin/python(+0x13f802) [0x5634ed7da802]
40  /opt/conda/envs/gdf/bin/python(+0x14cadc) [0x5634ed7e7adc]
41  /opt/conda/envs/gdf/bin/python(_PyEval_EvalFrameDefault+0x45a6) [0x5634ed7ce516]
42  /opt/conda/envs/gdf/bin/python(+0x13f802) [0x5634ed7da802]
43  /opt/conda/envs/gdf/bin/python(_PyEval_EvalFrameDefault+0x696) [0x5634ed7ca606]
44  /opt/conda/envs/gdf/bin/python(+0x12e184) [0x5634ed7c9184]
45  /opt/conda/envs/gdf/bin/python(_PyFunction_Vectorcall+0xd9) [0x5634ed7da559]
46  /opt/conda/envs/gdf/bin/python(_PyEval_EvalFrameDefault+0x696) [0x5634ed7ca606]
47  /opt/conda/envs/gdf/bin/python(+0x13f802) [0x5634ed7da802]
48  /opt/conda/envs/gdf/bin/python(_PyEval_EvalFrameDefault+0x3e2) [0x5634ed7ca352]
49  /opt/conda/envs/gdf/bin/python(+0x12e184) [0x5634ed7c9184]
50  /opt/conda/envs/gdf/bin/python(_PyFunction_Vectorcall+0xd9) [0x5634ed7da559]
51  /opt/conda/envs/gdf/bin/python(_PyEval_EvalFrameDefault+0x11f2) [0x5634ed7cb162]
52  /opt/conda/envs/gdf/bin/python(+0x12e184) [0x5634ed7c9184]
53  /opt/conda/envs/gdf/bin/python(_PyEval_EvalCodeWithName+0x48) [0x5634ed7c8e58]
54  /opt/conda/envs/gdf/bin/python(PyEval_EvalCodeEx+0x39) [0x5634ed7c8e09]
55  /opt/conda/envs/gdf/bin/python(PyEval_EvalCode+0x1b) [0x5634ed8764ab]
56  /opt/conda/envs/gdf/bin/python(+0x20887a) [0x5634ed8a387a]
57  /opt/conda/envs/gdf/bin/python(+0x204c03) [0x5634ed89fc03]
58  /opt/conda/envs/gdf/bin/python(PyRun_StringFlags+0x9a) [0x5634ed897a1a]
59  /opt/conda/envs/gdf/bin/python(PyRun_SimpleStringFlags+0x3c) [0x5634ed89790c]
60  /opt/conda/envs/gdf/bin/python(Py_RunMain+0x267) [0x5634ed896b47]
61  /opt/conda/envs/gdf/bin/python(Py_BytesMain+0x37) [0x5634ed86a2e7]
=================================
2024-08-05 06:20:47,225 - distributed.scheduler - WARNING - Removing worker 'ucx://127.0.0.1:34593' caused the cluster to lose already computed task(s), which will be recomputed elsewhere: {('generate_chunk-_to_string_dtype-26fc8ffd6cffe3bf06a052b526402c5c', 7), ('split-taskshuffle-6069670213e233d5016755b29b3e54d4', 5, 7), ('split-taskshuffle-6069670213e233d5016755b29b3e54d4', 0, 7), ('split-taskshuffle-6069670213e233d5016755b29b3e54d4', 6, 7), ('split-taskshuffle-6069670213e233d5016755b29b3e54d4', 1, 7), ('split-taskshuffle-6069670213e233d5016755b29b3e54d4', 7, 7), ('split-taskshuffle-6069670213e233d5016755b29b3e54d4', 3, 7), ('split-taskshuffle-6069670213e233d5016755b29b3e54d4', 4, 7), ('split-taskshuffle-6069670213e233d5016755b29b3e54d4', 2, 7)} (stimulus_id='handle-worker-cleanup-1722838847.2255695')
2024-08-05 06:20:47,231 - distributed.worker - ERROR - Worker stream died during communication: ucx://127.0.0.1:34593
Traceback (most recent call last):
  File "/opt/conda/envs/gdf/lib/python3.9/site-packages/distributed/comm/ucx.py", line 392, in read
    await self.ep.recv(each_frame)
  File "/opt/conda/envs/gdf/lib/python3.9/site-packages/ucp/core.py", line 737, in recv
    ret = await comm.tag_recv(self._ep, buffer, nbytes, tag, name=log)
ucp._libs.exceptions.UCXCanceled: <[Recv #008] ep: 0x7fd272926180, tag: 0x77094497e9b59bf5, nbytes: 100000000, type: <class 'rmm._lib.device_buffer.DeviceBuffer'>>: 

During handling of the above exception, another exception occurred:

Traceback (most recent call last):
  File "/opt/conda/envs/gdf/lib/python3.9/site-packages/distributed/worker.py", line 2059, in gather_dep
    response = await get_data_from_worker(
  File "/opt/conda/envs/gdf/lib/python3.9/site-packages/distributed/worker.py", line 2869, in get_data_from_worker
    response = await send_recv(
  File "/opt/conda/envs/gdf/lib/python3.9/site-packages/distributed/core.py", line 1013, in send_recv
    response = await comm.read(deserializers=deserializers)
  File "/opt/conda/envs/gdf/lib/python3.9/site-packages/distributed/utils.py", line 837, in wrapper
    return await func(*args, **kwargs)
  File "/opt/conda/envs/gdf/lib/python3.9/site-packages/distributed/comm/ucx.py", line 398, in read
    raise CommClosedError(
distributed.comm.core.CommClosedError: Connection closed by writer.
Inner exception: UCXCanceled("<[Recv #008] ep: 0x7fd272926180, tag: 0x77094497e9b59bf5, nbytes: 100000000, type: <class 'rmm._lib.device_buffer.DeviceBuffer'>>: ")
2024-08-05 06:20:47,236 - distributed.scheduler - WARNING - Removing worker 'ucx://127.0.0.1:40705' caused the cluster to lose already computed task(s), which will be recomputed elsewhere: {('generate_chunk-_to_string_dtype-26fc8ffd6cffe3bf06a052b526402c5c', 4), ('split-taskshuffle-6069670213e233d5016755b29b3e54d4', 2, 4), ('split-taskshuffle-6069670213e233d5016755b29b3e54d4', 7, 4), ('split-taskshuffle-6069670213e233d5016755b29b3e54d4', 5, 4), ('split-taskshuffle-6069670213e233d5016755b29b3e54d4', 0, 4), ('split-taskshuffle-6069670213e233d5016755b29b3e54d4', 3, 4), ('split-taskshuffle-6069670213e233d5016755b29b3e54d4', 6, 4), ('split-taskshuffle-6069670213e233d5016755b29b3e54d4', 1, 4), ('split-taskshuffle-6069670213e233d5016755b29b3e54d4', 4, 4)} (stimulus_id='handle-worker-cleanup-1722838847.2361257')
2024-08-05 06:20:47,242 - distributed.worker - ERROR - failed during get data with ucx://127.0.0.1:49759 -> ucx://127.0.0.1:34593
Traceback (most recent call last):
  File "/opt/conda/envs/gdf/lib/python3.9/site-packages/distributed/comm/ucx.py", line 334, in write
    await self.ep.send(each_frame)
  File "/opt/conda/envs/gdf/lib/python3.9/site-packages/ucp/core.py", line 662, in send
    return await comm.tag_send(self._ep, buffer, nbytes, tag, name=log)
ucp._libs.exceptions.UCXError: <[Send #007] ep: 0x7efc824221c0, tag: 0xba465515ece33b70, nbytes: 100000000, type: <class 'cudf.core.buffer.buffer.Buffer'>>: Connection reset by remote peer

During handling of the above exception, another exception occurred:

Traceback (most recent call last):
  File "/opt/conda/envs/gdf/lib/python3.9/site-packages/distributed/worker.py", line 1782, in get_data
    compressed = await comm.write(msg, serializers=serializers)
  File "/opt/conda/envs/gdf/lib/python3.9/site-packages/distributed/utils.py", line 837, in wrapper
    return await func(*args, **kwargs)
  File "/opt/conda/envs/gdf/lib/python3.9/site-packages/distributed/comm/ucx.py", line 338, in write
    raise CommClosedError("While writing, the connection was closed")
distributed.comm.core.CommClosedError: While writing, the connection was closed
2024-08-05 06:20:47,243 - distributed.worker - ERROR - Worker stream died during communication: ucx://127.0.0.1:34593
Traceback (most recent call last):
  File "/opt/conda/envs/gdf/lib/python3.9/site-packages/distributed/comm/ucx.py", line 392, in read
    await self.ep.recv(each_frame)
  File "/opt/conda/envs/gdf/lib/python3.9/site-packages/ucp/core.py", line 737, in recv
    ret = await comm.tag_recv(self._ep, buffer, nbytes, tag, name=log)
ucp._libs.exceptions.UCXError: <[Recv #007] ep: 0x7efc82422300, tag: 0x95a67e566a199168, nbytes: 100000000, type: <class 'rmm._lib.device_buffer.DeviceBuffer'>>: Connection reset by remote peer

During handling of the above exception, another exception occurred:

Traceback (most recent call last):
  File "/opt/conda/envs/gdf/lib/python3.9/site-packages/distributed/worker.py", line 2059, in gather_dep
    response = await get_data_from_worker(
  File "/opt/conda/envs/gdf/lib/python3.9/site-packages/distributed/worker.py", line 2869, in get_data_from_worker
    response = await send_recv(
  File "/opt/conda/envs/gdf/lib/python3.9/site-packages/distributed/core.py", line 1013, in send_recv
    response = await comm.read(deserializers=deserializers)
  File "/opt/conda/envs/gdf/lib/python3.9/site-packages/distributed/utils.py", line 837, in wrapper
    return await func(*args, **kwargs)
  File "/opt/conda/envs/gdf/lib/python3.9/site-packages/distributed/comm/ucx.py", line 398, in read
    raise CommClosedError(
distributed.comm.core.CommClosedError: Connection closed by writer.
Inner exception: UCXError("<[Recv #007] ep: 0x7efc82422300, tag: 0x95a67e566a199168, nbytes: 100000000, type: <class 'rmm._lib.device_buffer.DeviceBuffer'>>: Connection reset by remote peer")
2024-08-05 06:20:47,243 - distributed.worker - ERROR - Worker stream died during communication: ucx://127.0.0.1:40705
Traceback (most recent call last):
  File "/opt/conda/envs/gdf/lib/python3.9/site-packages/distributed/comm/ucx.py", line 350, in read
    await self.ep.recv(msg)
  File "/opt/conda/envs/gdf/lib/python3.9/site-packages/ucp/core.py", line 737, in recv
    ret = await comm.tag_recv(self._ep, buffer, nbytes, tag, name=log)
ucp._libs.exceptions.UCXCanceled: <[Recv #003] ep: 0x7efc824223c0, tag: 0x6cca71806baa2818, nbytes: 16, type: <class 'numpy.ndarray'>>: 

During handling of the above exception, another exception occurred:

Traceback (most recent call last):
  File "/opt/conda/envs/gdf/lib/python3.9/site-packages/distributed/worker.py", line 2059, in gather_dep
    response = await get_data_from_worker(
  File "/opt/conda/envs/gdf/lib/python3.9/site-packages/distributed/worker.py", line 2869, in get_data_from_worker
    response = await send_recv(
  File "/opt/conda/envs/gdf/lib/python3.9/site-packages/distributed/core.py", line 1013, in send_recv
    response = await comm.read(deserializers=deserializers)
  File "/opt/conda/envs/gdf/lib/python3.9/site-packages/distributed/utils.py", line 837, in wrapper
    return await func(*args, **kwargs)
  File "/opt/conda/envs/gdf/lib/python3.9/site-packages/distributed/comm/ucx.py", line 368, in read
    raise CommClosedError(
distributed.comm.core.CommClosedError: Connection closed by writer.
Inner exception: UCXCanceled("<[Recv #003] ep: 0x7efc824223c0, tag: 0x6cca71806baa2818, nbytes: 16, type: <class 'numpy.ndarray'>>: ")
2024-08-05 06:20:47,313 - distributed.worker - ERROR - Worker stream died during communication: ucx://127.0.0.1:40705
Traceback (most recent call last):
  File "/opt/conda/envs/gdf/lib/python3.9/site-packages/distributed/comm/ucx.py", line 350, in read
    await self.ep.recv(msg)
  File "/opt/conda/envs/gdf/lib/python3.9/site-packages/ucp/core.py", line 737, in recv
    ret = await comm.tag_recv(self._ep, buffer, nbytes, tag, name=log)
asyncio.exceptions.CancelledError

During handling of the above exception, another exception occurred:

Traceback (most recent call last):
  File "/opt/conda/envs/gdf/lib/python3.9/site-packages/distributed/worker.py", line 2059, in gather_dep
    response = await get_data_from_worker(
  File "/opt/conda/envs/gdf/lib/python3.9/site-packages/distributed/worker.py", line 2866, in get_data_from_worker
    comm = await rpc.connect(worker)
  File "/opt/conda/envs/gdf/lib/python3.9/site-packages/distributed/core.py", line 1533, in connect
    return connect_attempt.result()
  File "/opt/conda/envs/gdf/lib/python3.9/site-packages/distributed/core.py", line 1423, in _connect
    comm = await connect(
  File "/opt/conda/envs/gdf/lib/python3.9/site-packages/distributed/comm/core.py", line 377, in connect
    handshake = await comm.read()
  File "/opt/conda/envs/gdf/lib/python3.9/site-packages/distributed/utils.py", line 837, in wrapper
    return await func(*args, **kwargs)
  File "/opt/conda/envs/gdf/lib/python3.9/site-packages/distributed/comm/ucx.py", line 368, in read
    raise CommClosedError(
distributed.comm.core.CommClosedError: Connection closed by writer.
Inner exception: CancelledError()
2024-08-05 06:20:47,314 - distributed.nanny - WARNING - Restarting worker
2024-08-05 06:20:47,318 - distributed.worker - ERROR - Worker stream died during communication: ucx://127.0.0.1:38835
Traceback (most recent call last):
  File "/opt/conda/envs/gdf/lib/python3.9/site-packages/distributed/comm/ucx.py", line 350, in read
    await self.ep.recv(msg)
  File "/opt/conda/envs/gdf/lib/python3.9/site-packages/ucp/core.py", line 737, in recv
    ret = await comm.tag_recv(self._ep, buffer, nbytes, tag, name=log)
ucp._libs.exceptions.UCXCanceled: <[Recv #003] ep: 0x7fe9208b1280, tag: 0x62508a59d4967f40, nbytes: 16, type: <class 'numpy.ndarray'>>: 

During handling of the above exception, another exception occurred:

Traceback (most recent call last):
  File "/opt/conda/envs/gdf/lib/python3.9/site-packages/distributed/worker.py", line 2059, in gather_dep
    response = await get_data_from_worker(
  File "/opt/conda/envs/gdf/lib/python3.9/site-packages/distributed/worker.py", line 2869, in get_data_from_worker
    response = await send_recv(
  File "/opt/conda/envs/gdf/lib/python3.9/site-packages/distributed/core.py", line 1013, in send_recv
    response = await comm.read(deserializers=deserializers)
  File "/opt/conda/envs/gdf/lib/python3.9/site-packages/distributed/utils.py", line 837, in wrapper
    return await func(*args, **kwargs)
  File "/opt/conda/envs/gdf/lib/python3.9/site-packages/distributed/comm/ucx.py", line 368, in read
    raise CommClosedError(
distributed.comm.core.CommClosedError: Connection closed by writer.
Inner exception: UCXCanceled("<[Recv #003] ep: 0x7fe9208b1280, tag: 0x62508a59d4967f40, nbytes: 16, type: <class 'numpy.ndarray'>>: ")
2024-08-05 06:20:47,321 - distributed.worker - ERROR - Worker stream died during communication: ucx://127.0.0.1:38835
Traceback (most recent call last):
  File "/opt/conda/envs/gdf/lib/python3.9/site-packages/distributed/comm/ucx.py", line 350, in read
    await self.ep.recv(msg)
  File "/opt/conda/envs/gdf/lib/python3.9/site-packages/ucp/core.py", line 737, in recv
    ret = await comm.tag_recv(self._ep, buffer, nbytes, tag, name=log)
ucp._libs.exceptions.UCXCanceled: <[Recv #003] ep: 0x7f77f1706340, tag: 0x21a6f3427bba7b5c, nbytes: 16, type: <class 'numpy.ndarray'>>: 

During handling of the above exception, another exception occurred:

Traceback (most recent call last):
  File "/opt/conda/envs/gdf/lib/python3.9/site-packages/distributed/worker.py", line 2059, in gather_dep
    response = await get_data_from_worker(
  File "/opt/conda/envs/gdf/lib/python3.9/site-packages/distributed/worker.py", line 2869, in get_data_from_worker
    response = await send_recv(
  File "/opt/conda/envs/gdf/lib/python3.9/site-packages/distributed/core.py", line 1013, in send_recv
    response = await comm.read(deserializers=deserializers)
  File "/opt/conda/envs/gdf/lib/python3.9/site-packages/distributed/utils.py", line 837, in wrapper
    return await func(*args, **kwargs)
  File "/opt/conda/envs/gdf/lib/python3.9/site-packages/distributed/comm/ucx.py", line 368, in read
    raise CommClosedError(
distributed.comm.core.CommClosedError: Connection closed by writer.
Inner exception: UCXCanceled("<[Recv #003] ep: 0x7f77f1706340, tag: 0x21a6f3427bba7b5c, nbytes: 16, type: <class 'numpy.ndarray'>>: ")
2024-08-05 06:20:47,325 - distributed.worker - ERROR - failed during get data with ucx://127.0.0.1:49681 -> ucx://127.0.0.1:34593
Traceback (most recent call last):
  File "/opt/conda/envs/gdf/lib/python3.9/site-packages/distributed/comm/ucx.py", line 334, in write
    await self.ep.send(each_frame)
  File "/opt/conda/envs/gdf/lib/python3.9/site-packages/ucp/core.py", line 662, in send
    return await comm.tag_send(self._ep, buffer, nbytes, tag, name=log)
ucp._libs.exceptions.UCXError: <[Send #007] ep: 0x7f77f1706140, tag: 0xc06607bd911127f5, nbytes: 100000000, type: <class 'cudf.core.buffer.buffer.Buffer'>>: Connection reset by remote peer

During handling of the above exception, another exception occurred:

Traceback (most recent call last):
  File "/opt/conda/envs/gdf/lib/python3.9/site-packages/distributed/worker.py", line 1782, in get_data
    compressed = await comm.write(msg, serializers=serializers)
  File "/opt/conda/envs/gdf/lib/python3.9/site-packages/distributed/utils.py", line 837, in wrapper
    return await func(*args, **kwargs)
  File "/opt/conda/envs/gdf/lib/python3.9/site-packages/distributed/comm/ucx.py", line 338, in write
    raise CommClosedError("While writing, the connection was closed")
distributed.comm.core.CommClosedError: While writing, the connection was closed
2024-08-05 06:20:47,325 - distributed.worker - ERROR - failed during get data with ucx://127.0.0.1:49681 -> ucx://127.0.0.1:40705
Traceback (most recent call last):
  File "/opt/conda/envs/gdf/lib/python3.9/site-packages/distributed/comm/ucx.py", line 334, in write
    await self.ep.send(each_frame)
  File "/opt/conda/envs/gdf/lib/python3.9/site-packages/ucp/core.py", line 662, in send
    return await comm.tag_send(self._ep, buffer, nbytes, tag, name=log)
ucp._libs.exceptions.UCXError: <[Send #007] ep: 0x7f77f1706380, tag: 0x9ecb3e8e46293449, nbytes: 100000000, type: <class 'cudf.core.buffer.buffer.Buffer'>>: Connection reset by remote peer

During handling of the above exception, another exception occurred:

Traceback (most recent call last):
  File "/opt/conda/envs/gdf/lib/python3.9/site-packages/distributed/worker.py", line 1782, in get_data
    compressed = await comm.write(msg, serializers=serializers)
  File "/opt/conda/envs/gdf/lib/python3.9/site-packages/distributed/utils.py", line 837, in wrapper
    return await func(*args, **kwargs)
  File "/opt/conda/envs/gdf/lib/python3.9/site-packages/distributed/comm/ucx.py", line 338, in write
    raise CommClosedError("While writing, the connection was closed")
distributed.comm.core.CommClosedError: While writing, the connection was closed
2024-08-05 06:20:47,326 - distributed.worker - ERROR - Worker stream died during communication: ucx://127.0.0.1:34593
Traceback (most recent call last):
  File "/opt/conda/envs/gdf/lib/python3.9/site-packages/distributed/comm/ucx.py", line 350, in read
    await self.ep.recv(msg)
  File "/opt/conda/envs/gdf/lib/python3.9/site-packages/ucp/core.py", line 737, in recv
    ret = await comm.tag_recv(self._ep, buffer, nbytes, tag, name=log)
ucp._libs.exceptions.UCXCanceled: <[Recv #003] ep: 0x7f77f1706200, tag: 0x108582a61410a413, nbytes: 16, type: <class 'numpy.ndarray'>>: 

During handling of the above exception, another exception occurred:

Traceback (most recent call last):
  File "/opt/conda/envs/gdf/lib/python3.9/site-packages/distributed/worker.py", line 2059, in gather_dep
    response = await get_data_from_worker(
  File "/opt/conda/envs/gdf/lib/python3.9/site-packages/distributed/worker.py", line 2869, in get_data_from_worker
    response = await send_recv(
  File "/opt/conda/envs/gdf/lib/python3.9/site-packages/distributed/core.py", line 1013, in send_recv
    response = await comm.read(deserializers=deserializers)
  File "/opt/conda/envs/gdf/lib/python3.9/site-packages/distributed/utils.py", line 837, in wrapper
    return await func(*args, **kwargs)
  File "/opt/conda/envs/gdf/lib/python3.9/site-packages/distributed/comm/ucx.py", line 368, in read
    raise CommClosedError(
distributed.comm.core.CommClosedError: Connection closed by writer.
Inner exception: UCXCanceled("<[Recv #003] ep: 0x7f77f1706200, tag: 0x108582a61410a413, nbytes: 16, type: <class 'numpy.ndarray'>>: ")
2024-08-05 06:20:47,329 - distributed.worker - ERROR - Worker stream died during communication: ucx://127.0.0.1:40705
Traceback (most recent call last):
  File "/opt/conda/envs/gdf/lib/python3.9/site-packages/distributed/comm/ucx.py", line 350, in read
    await self.ep.recv(msg)
  File "/opt/conda/envs/gdf/lib/python3.9/site-packages/ucp/core.py", line 737, in recv
    ret = await comm.tag_recv(self._ep, buffer, nbytes, tag, name=log)
ucp._libs.exceptions.UCXCanceled: <[Recv #000] ep: 0x7f77f1706240, tag: 0x31de5bb8be4cb672, nbytes: 16, type: <class 'numpy.ndarray'>>: 

During handling of the above exception, another exception occurred:

Traceback (most recent call last):
  File "/opt/conda/envs/gdf/lib/python3.9/site-packages/distributed/worker.py", line 2059, in gather_dep
    response = await get_data_from_worker(
  File "/opt/conda/envs/gdf/lib/python3.9/site-packages/distributed/worker.py", line 2866, in get_data_from_worker
    comm = await rpc.connect(worker)
  File "/opt/conda/envs/gdf/lib/python3.9/site-packages/distributed/core.py", line 1533, in connect
    return connect_attempt.result()
  File "/opt/conda/envs/gdf/lib/python3.9/site-packages/distributed/core.py", line 1423, in _connect
    comm = await connect(
  File "/opt/conda/envs/gdf/lib/python3.9/site-packages/distributed/comm/core.py", line 377, in connect
    handshake = await comm.read()
  File "/opt/conda/envs/gdf/lib/python3.9/site-packages/distributed/utils.py", line 837, in wrapper
    return await func(*args, **kwargs)
  File "/opt/conda/envs/gdf/lib/python3.9/site-packages/distributed/comm/ucx.py", line 368, in read
    raise CommClosedError(
distributed.comm.core.CommClosedError: Connection closed by writer.
Inner exception: UCXCanceled("<[Recv #000] ep: 0x7f77f1706240, tag: 0x31de5bb8be4cb672, nbytes: 16, type: <class 'numpy.ndarray'>>: ")
2024-08-05 06:20:47,349 - distributed.worker - ERROR - failed during get data with ucx://127.0.0.1:38087 -> ucx://127.0.0.1:34593
Traceback (most recent call last):
  File "/opt/conda/envs/gdf/lib/python3.9/site-packages/distributed/comm/ucx.py", line 334, in write
    await self.ep.send(each_frame)
  File "/opt/conda/envs/gdf/lib/python3.9/site-packages/ucp/core.py", line 662, in send
    return await comm.tag_send(self._ep, buffer, nbytes, tag, name=log)
ucp._libs.exceptions.UCXError: <[Send #007] ep: 0x7fe9208b1140, tag: 0xa19b283f88c5fccd, nbytes: 100000000, type: <class 'cudf.core.buffer.buffer.Buffer'>>: Connection reset by remote peer

During handling of the above exception, another exception occurred:

Traceback (most recent call last):
  File "/opt/conda/envs/gdf/lib/python3.9/site-packages/distributed/worker.py", line 1782, in get_data
    compressed = await comm.write(msg, serializers=serializers)
  File "/opt/conda/envs/gdf/lib/python3.9/site-packages/distributed/utils.py", line 837, in wrapper
    return await func(*args, **kwargs)
  File "/opt/conda/envs/gdf/lib/python3.9/site-packages/distributed/comm/ucx.py", line 338, in write
    raise CommClosedError("While writing, the connection was closed")
distributed.comm.core.CommClosedError: While writing, the connection was closed
2024-08-05 06:20:47,373 - distributed.nanny - WARNING - Restarting worker
2024-08-05 06:20:47,375 - distributed.worker - ERROR - failed during get data with ucx://127.0.0.1:38087 -> ucx://127.0.0.1:40705
Traceback (most recent call last):
  File "/opt/conda/envs/gdf/lib/python3.9/site-packages/distributed/comm/ucx.py", line 334, in write
    await self.ep.send(each_frame)
  File "/opt/conda/envs/gdf/lib/python3.9/site-packages/ucp/core.py", line 662, in send
    return await comm.tag_send(self._ep, buffer, nbytes, tag, name=log)
ucp._libs.exceptions.UCXError: <[Send #007] ep: 0x7fe9208b1100, tag: 0x367472f24ea86eb4, nbytes: 100000000, type: <class 'cudf.core.buffer.buffer.Buffer'>>: Connection reset by remote peer

During handling of the above exception, another exception occurred:

Traceback (most recent call last):
  File "/opt/conda/envs/gdf/lib/python3.9/site-packages/distributed/worker.py", line 1782, in get_data
    compressed = await comm.write(msg, serializers=serializers)
  File "/opt/conda/envs/gdf/lib/python3.9/site-packages/distributed/utils.py", line 837, in wrapper
    return await func(*args, **kwargs)
  File "/opt/conda/envs/gdf/lib/python3.9/site-packages/distributed/comm/ucx.py", line 338, in write
    raise CommClosedError("While writing, the connection was closed")
distributed.comm.core.CommClosedError: While writing, the connection was closed
2024-08-05 06:20:47,403 - distributed.worker - ERROR - Worker stream died during communication: ucx://127.0.0.1:34593
Traceback (most recent call last):
  File "/opt/conda/envs/gdf/lib/python3.9/site-packages/distributed/comm/ucx.py", line 350, in read
    await self.ep.recv(msg)
  File "/opt/conda/envs/gdf/lib/python3.9/site-packages/ucp/core.py", line 737, in recv
    ret = await comm.tag_recv(self._ep, buffer, nbytes, tag, name=log)
ucp._libs.exceptions.UCXCanceled: <[Recv #003] ep: 0x7fe9208b1200, tag: 0xcc5a8668192fb420, nbytes: 16, type: <class 'numpy.ndarray'>>: 

During handling of the above exception, another exception occurred:

Traceback (most recent call last):
  File "/opt/conda/envs/gdf/lib/python3.9/site-packages/distributed/worker.py", line 2059, in gather_dep
    response = await get_data_from_worker(
  File "/opt/conda/envs/gdf/lib/python3.9/site-packages/distributed/worker.py", line 2869, in get_data_from_worker
    response = await send_recv(
  File "/opt/conda/envs/gdf/lib/python3.9/site-packages/distributed/core.py", line 1013, in send_recv
    response = await comm.read(deserializers=deserializers)
  File "/opt/conda/envs/gdf/lib/python3.9/site-packages/distributed/utils.py", line 837, in wrapper
    return await func(*args, **kwargs)
  File "/opt/conda/envs/gdf/lib/python3.9/site-packages/distributed/comm/ucx.py", line 368, in read
    raise CommClosedError(
distributed.comm.core.CommClosedError: Connection closed by writer.
Inner exception: UCXCanceled("<[Recv #003] ep: 0x7fe9208b1200, tag: 0xcc5a8668192fb420, nbytes: 16, type: <class 'numpy.ndarray'>>: ")
2024-08-05 06:20:47,408 - distributed.worker - ERROR - Worker stream died during communication: ucx://127.0.0.1:43101
Traceback (most recent call last):
  File "/opt/conda/envs/gdf/lib/python3.9/site-packages/distributed/comm/ucx.py", line 392, in read
    await self.ep.recv(each_frame)
  File "/opt/conda/envs/gdf/lib/python3.9/site-packages/ucp/core.py", line 737, in recv
    ret = await comm.tag_recv(self._ep, buffer, nbytes, tag, name=log)
ucp._libs.exceptions.UCXError: <[Recv #007] ep: 0x7fd2729262c0, tag: 0x9e5ca358bc39f46c, nbytes: 100000000, type: <class 'rmm._lib.device_buffer.DeviceBuffer'>>: Connection reset by remote peer

During handling of the above exception, another exception occurred:

Traceback (most recent call last):
  File "/opt/conda/envs/gdf/lib/python3.9/site-packages/distributed/worker.py", line 2059, in gather_dep
    response = await get_data_from_worker(
  File "/opt/conda/envs/gdf/lib/python3.9/site-packages/distributed/worker.py", line 2869, in get_data_from_worker
    response = await send_recv(
  File "/opt/conda/envs/gdf/lib/python3.9/site-packages/distributed/core.py", line 1013, in send_recv
    response = await comm.read(deserializers=deserializers)
  File "/opt/conda/envs/gdf/lib/python3.9/site-packages/distributed/utils.py", line 837, in wrapper
    return await func(*args, **kwargs)
  File "/opt/conda/envs/gdf/lib/python3.9/site-packages/distributed/comm/ucx.py", line 398, in read
    raise CommClosedError(
distributed.comm.core.CommClosedError: Connection closed by writer.
Inner exception: UCXError("<[Recv #007] ep: 0x7fd2729262c0, tag: 0x9e5ca358bc39f46c, nbytes: 100000000, type: <class 'rmm._lib.device_buffer.DeviceBuffer'>>: Connection reset by remote peer")
2024-08-05 06:20:47,409 - distributed.worker - ERROR - failed during get data with ucx://127.0.0.1:56441 -> ucx://127.0.0.1:43101
Traceback (most recent call last):
  File "/opt/conda/envs/gdf/lib/python3.9/site-packages/distributed/comm/ucx.py", line 334, in write
    await self.ep.send(each_frame)
  File "/opt/conda/envs/gdf/lib/python3.9/site-packages/ucp/core.py", line 662, in send
    return await comm.tag_send(self._ep, buffer, nbytes, tag, name=log)
ucp._libs.exceptions.UCXError: <[Send #007] ep: 0x7fd272926340, tag: 0xb80a13dd19f775e, nbytes: 100000000, type: <class 'cudf.core.buffer.buffer.Buffer'>>: Connection reset by remote peer

During handling of the above exception, another exception occurred:

Traceback (most recent call last):
  File "/opt/conda/envs/gdf/lib/python3.9/site-packages/distributed/worker.py", line 1782, in get_data
    compressed = await comm.write(msg, serializers=serializers)
  File "/opt/conda/envs/gdf/lib/python3.9/site-packages/distributed/utils.py", line 837, in wrapper
    return await func(*args, **kwargs)
  File "/opt/conda/envs/gdf/lib/python3.9/site-packages/distributed/comm/ucx.py", line 338, in write
    raise CommClosedError("While writing, the connection was closed")
distributed.comm.core.CommClosedError: While writing, the connection was closed
2024-08-05 06:20:47,410 - distributed.worker - ERROR - failed during get data with ucx://127.0.0.1:56441 -> ucx://127.0.0.1:34593
Traceback (most recent call last):
  File "/opt/conda/envs/gdf/lib/python3.9/site-packages/distributed/comm/ucx.py", line 334, in write
    await self.ep.send(each_frame)
  File "/opt/conda/envs/gdf/lib/python3.9/site-packages/ucp/core.py", line 662, in send
    return await comm.tag_send(self._ep, buffer, nbytes, tag, name=log)
ucp._libs.exceptions.UCXError: <[Send #008] ep: 0x7fd272926440, tag: 0x264341969a89b0, nbytes: 100000000, type: <class 'cudf.core.buffer.buffer.Buffer'>>: Connection reset by remote peer

During handling of the above exception, another exception occurred:

Traceback (most recent call last):
  File "/opt/conda/envs/gdf/lib/python3.9/site-packages/distributed/worker.py", line 1782, in get_data
    compressed = await comm.write(msg, serializers=serializers)
  File "/opt/conda/envs/gdf/lib/python3.9/site-packages/distributed/utils.py", line 837, in wrapper
    return await func(*args, **kwargs)
  File "/opt/conda/envs/gdf/lib/python3.9/site-packages/distributed/comm/ucx.py", line 338, in write
    raise CommClosedError("While writing, the connection was closed")
distributed.comm.core.CommClosedError: While writing, the connection was closed
2024-08-05 06:20:47,410 - distributed.scheduler - WARNING - Removing worker 'ucx://127.0.0.1:43101' caused the cluster to lose already computed task(s), which will be recomputed elsewhere: {('split-taskshuffle-6069670213e233d5016755b29b3e54d4', 4, 6), ('generate_chunk-_to_string_dtype-26fc8ffd6cffe3bf06a052b526402c5c', 3), ('split-taskshuffle-6069670213e233d5016755b29b3e54d4', 2, 6), ('split-taskshuffle-6069670213e233d5016755b29b3e54d4', 5, 6), ('split-taskshuffle-6069670213e233d5016755b29b3e54d4', 0, 6), ('split-taskshuffle-6069670213e233d5016755b29b3e54d4', 6, 6), ('split-taskshuffle-6069670213e233d5016755b29b3e54d4', 1, 6), ('split-taskshuffle-6069670213e233d5016755b29b3e54d4', 7, 6), ('split-taskshuffle-6069670213e233d5016755b29b3e54d4', 3, 6)} (stimulus_id='handle-worker-cleanup-1722838847.410416')
2024-08-05 06:20:47,410 - distributed.worker - ERROR - failed during get data with ucx://127.0.0.1:56441 -> ucx://127.0.0.1:40705
Traceback (most recent call last):
  File "/opt/conda/envs/gdf/lib/python3.9/site-packages/distributed/comm/ucx.py", line 334, in write
    await self.ep.send(each_frame)
  File "/opt/conda/envs/gdf/lib/python3.9/site-packages/ucp/core.py", line 662, in send
    return await comm.tag_send(self._ep, buffer, nbytes, tag, name=log)
ucp._libs.exceptions.UCXError: <[Send #007] ep: 0x7fd272926300, tag: 0x519e71a579f642c7, nbytes: 100000000, type: <class 'cudf.core.buffer.buffer.Buffer'>>: Connection reset by remote peer

During handling of the above exception, another exception occurred:

Traceback (most recent call last):
  File "/opt/conda/envs/gdf/lib/python3.9/site-packages/distributed/worker.py", line 1782, in get_data
    compressed = await comm.write(msg, serializers=serializers)
  File "/opt/conda/envs/gdf/lib/python3.9/site-packages/distributed/utils.py", line 837, in wrapper
    return await func(*args, **kwargs)
  File "/opt/conda/envs/gdf/lib/python3.9/site-packages/distributed/comm/ucx.py", line 338, in write
    raise CommClosedError("While writing, the connection was closed")
distributed.comm.core.CommClosedError: While writing, the connection was closed
2024-08-05 06:20:47,411 - distributed.worker - ERROR - failed during get data with ucx://127.0.0.1:49681 -> ucx://127.0.0.1:43101
Traceback (most recent call last):
  File "/opt/conda/envs/gdf/lib/python3.9/site-packages/distributed/comm/ucx.py", line 334, in write
    await self.ep.send(each_frame)
  File "/opt/conda/envs/gdf/lib/python3.9/site-packages/ucp/core.py", line 662, in send
    return await comm.tag_send(self._ep, buffer, nbytes, tag, name=log)
ucp._libs.exceptions.UCXError: <[Send #007] ep: 0x7f77f1706180, tag: 0xfdba6d1e53745f56, nbytes: 100000000, type: <class 'cudf.core.buffer.buffer.Buffer'>>: Connection reset by remote peer

During handling of the above exception, another exception occurred:

Traceback (most recent call last):
  File "/opt/conda/envs/gdf/lib/python3.9/site-packages/distributed/worker.py", line 1782, in get_data
    compressed = await comm.write(msg, serializers=serializers)
  File "/opt/conda/envs/gdf/lib/python3.9/site-packages/distributed/utils.py", line 837, in wrapper
    return await func(*args, **kwargs)
  File "/opt/conda/envs/gdf/lib/python3.9/site-packages/distributed/comm/ucx.py", line 338, in write
    raise CommClosedError("While writing, the connection was closed")
distributed.comm.core.CommClosedError: While writing, the connection was closed
2024-08-05 06:20:47,411 - distributed.worker - ERROR - failed during get data with ucx://127.0.0.1:49681 -> ucx://127.0.0.1:38835
Traceback (most recent call last):
  File "/opt/conda/envs/gdf/lib/python3.9/site-packages/distributed/comm/ucx.py", line 334, in write
    await self.ep.send(each_frame)
  File "/opt/conda/envs/gdf/lib/python3.9/site-packages/ucp/core.py", line 662, in send
    return await comm.tag_send(self._ep, buffer, nbytes, tag, name=log)
ucp._libs.exceptions.UCXError: <[Send #007] ep: 0x7f77f1706100, tag: 0x34804582fb7a4a7e, nbytes: 100000000, type: <class 'cudf.core.buffer.buffer.Buffer'>>: Connection reset by remote peer

During handling of the above exception, another exception occurred:

Traceback (most recent call last):
  File "/opt/conda/envs/gdf/lib/python3.9/site-packages/distributed/worker.py", line 1782, in get_data
    compressed = await comm.write(msg, serializers=serializers)
  File "/opt/conda/envs/gdf/lib/python3.9/site-packages/distributed/utils.py", line 837, in wrapper
    return await func(*args, **kwargs)
  File "/opt/conda/envs/gdf/lib/python3.9/site-packages/distributed/comm/ucx.py", line 338, in write
    raise CommClosedError("While writing, the connection was closed")
distributed.comm.core.CommClosedError: While writing, the connection was closed
2024-08-05 06:20:47,412 - distributed.worker - ERROR - Worker stream died during communication: ucx://127.0.0.1:43101
Traceback (most recent call last):
  File "/opt/conda/envs/gdf/lib/python3.9/site-packages/distributed/comm/ucx.py", line 392, in read
    await self.ep.recv(each_frame)
  File "/opt/conda/envs/gdf/lib/python3.9/site-packages/ucp/core.py", line 737, in recv
    ret = await comm.tag_recv(self._ep, buffer, nbytes, tag, name=log)
ucp._libs.exceptions.UCXError: <[Recv #007] ep: 0x7f77f17061c0, tag: 0x406790e11832d74f, nbytes: 100000000, type: <class 'rmm._lib.device_buffer.DeviceBuffer'>>: Connection reset by remote peer

During handling of the above exception, another exception occurred:

Traceback (most recent call last):
  File "/opt/conda/envs/gdf/lib/python3.9/site-packages/distributed/worker.py", line 2059, in gather_dep
    response = await get_data_from_worker(
  File "/opt/conda/envs/gdf/lib/python3.9/site-packages/distributed/worker.py", line 2869, in get_data_from_worker
    response = await send_recv(
  File "/opt/conda/envs/gdf/lib/python3.9/site-packages/distributed/core.py", line 1013, in send_recv
    response = await comm.read(deserializers=deserializers)
  File "/opt/conda/envs/gdf/lib/python3.9/site-packages/distributed/utils.py", line 837, in wrapper
    return await func(*args, **kwargs)
  File "/opt/conda/envs/gdf/lib/python3.9/site-packages/distributed/comm/ucx.py", line 398, in read
    raise CommClosedError(
distributed.comm.core.CommClosedError: Connection closed by writer.
Inner exception: UCXError("<[Recv #007] ep: 0x7f77f17061c0, tag: 0x406790e11832d74f, nbytes: 100000000, type: <class 'rmm._lib.device_buffer.DeviceBuffer'>>: Connection reset by remote peer")
2024-08-05 06:20:47,417 - distributed.worker - ERROR - Worker stream died during communication: ucx://127.0.0.1:43101
Traceback (most recent call last):
  File "/opt/conda/envs/gdf/lib/python3.9/site-packages/distributed/comm/ucx.py", line 350, in read
    await self.ep.recv(msg)
  File "/opt/conda/envs/gdf/lib/python3.9/site-packages/ucp/core.py", line 737, in recv
    ret = await comm.tag_recv(self._ep, buffer, nbytes, tag, name=log)
ucp._libs.exceptions.UCXCanceled: <[Recv #003] ep: 0x7fe9208b11c0, tag: 0x8d0cbeac01703a47, nbytes: 16, type: <class 'numpy.ndarray'>>: 

During handling of the above exception, another exception occurred:

Traceback (most recent call last):
  File "/opt/conda/envs/gdf/lib/python3.9/site-packages/distributed/worker.py", line 2059, in gather_dep
    response = await get_data_from_worker(
  File "/opt/conda/envs/gdf/lib/python3.9/site-packages/distributed/worker.py", line 2869, in get_data_from_worker
    response = await send_recv(
  File "/opt/conda/envs/gdf/lib/python3.9/site-packages/distributed/core.py", line 1013, in send_recv
    response = await comm.read(deserializers=deserializers)
  File "/opt/conda/envs/gdf/lib/python3.9/site-packages/distributed/utils.py", line 837, in wrapper
    return await func(*args, **kwargs)
  File "/opt/conda/envs/gdf/lib/python3.9/site-packages/distributed/comm/ucx.py", line 368, in read
    raise CommClosedError(
distributed.comm.core.CommClosedError: Connection closed by writer.
Inner exception: UCXCanceled("<[Recv #003] ep: 0x7fe9208b11c0, tag: 0x8d0cbeac01703a47, nbytes: 16, type: <class 'numpy.ndarray'>>: ")
2024-08-05 06:20:47,417 - distributed.worker - ERROR - failed during get data with ucx://127.0.0.1:49759 -> ucx://127.0.0.1:43101
Traceback (most recent call last):
  File "/opt/conda/envs/gdf/lib/python3.9/site-packages/distributed/comm/ucx.py", line 334, in write
    await self.ep.send(each_frame)
  File "/opt/conda/envs/gdf/lib/python3.9/site-packages/ucp/core.py", line 662, in send
    return await comm.tag_send(self._ep, buffer, nbytes, tag, name=log)
ucp._libs.exceptions.UCXError: <[Send #007] ep: 0x7efc82422140, tag: 0x6e4873258596f905, nbytes: 100000000, type: <class 'cudf.core.buffer.buffer.Buffer'>>: Connection reset by remote peer

During handling of the above exception, another exception occurred:

Traceback (most recent call last):
  File "/opt/conda/envs/gdf/lib/python3.9/site-packages/distributed/worker.py", line 1782, in get_data
    compressed = await comm.write(msg, serializers=serializers)
  File "/opt/conda/envs/gdf/lib/python3.9/site-packages/distributed/utils.py", line 837, in wrapper
    return await func(*args, **kwargs)
  File "/opt/conda/envs/gdf/lib/python3.9/site-packages/distributed/comm/ucx.py", line 338, in write
    raise CommClosedError("While writing, the connection was closed")
distributed.comm.core.CommClosedError: While writing, the connection was closed
2024-08-05 06:20:47,423 - distributed.worker - ERROR - failed during get data with ucx://127.0.0.1:49759 -> ucx://127.0.0.1:40705
Traceback (most recent call last):
  File "/opt/conda/envs/gdf/lib/python3.9/site-packages/distributed/comm/ucx.py", line 334, in write
    await self.ep.send(each_frame)
  File "/opt/conda/envs/gdf/lib/python3.9/site-packages/ucp/core.py", line 662, in send
    return await comm.tag_send(self._ep, buffer, nbytes, tag, name=log)
ucp._libs.exceptions.UCXError: <[Send #008] ep: 0x7efc82422180, tag: 0x30cbc9c08cf6c6a1, nbytes: 100000000, type: <class 'cudf.core.buffer.buffer.Buffer'>>: Connection reset by remote peer

During handling of the above exception, another exception occurred:

Traceback (most recent call last):
  File "/opt/conda/envs/gdf/lib/python3.9/site-packages/distributed/worker.py", line 1782, in get_data
    compressed = await comm.write(msg, serializers=serializers)
  File "/opt/conda/envs/gdf/lib/python3.9/site-packages/distributed/utils.py", line 837, in wrapper
    return await func(*args, **kwargs)
  File "/opt/conda/envs/gdf/lib/python3.9/site-packages/distributed/comm/ucx.py", line 338, in write
    raise CommClosedError("While writing, the connection was closed")
distributed.comm.core.CommClosedError: While writing, the connection was closed
2024-08-05 06:20:47,424 - distributed.worker - ERROR - Worker stream died during communication: ucx://127.0.0.1:43101
Traceback (most recent call last):
  File "/opt/conda/envs/gdf/lib/python3.9/site-packages/distributed/comm/ucx.py", line 392, in read
    await self.ep.recv(each_frame)
  File "/opt/conda/envs/gdf/lib/python3.9/site-packages/ucp/core.py", line 737, in recv
    ret = await comm.tag_recv(self._ep, buffer, nbytes, tag, name=log)
ucp._libs.exceptions.UCXError: <[Recv #007] ep: 0x7efc82422240, tag: 0xc77b7bb2cca803a5, nbytes: 100000000, type: <class 'rmm._lib.device_buffer.DeviceBuffer'>>: Connection reset by remote peer

During handling of the above exception, another exception occurred:

Traceback (most recent call last):
  File "/opt/conda/envs/gdf/lib/python3.9/site-packages/distributed/worker.py", line 2059, in gather_dep
    response = await get_data_from_worker(
  File "/opt/conda/envs/gdf/lib/python3.9/site-packages/distributed/worker.py", line 2869, in get_data_from_worker
    response = await send_recv(
  File "/opt/conda/envs/gdf/lib/python3.9/site-packages/distributed/core.py", line 1013, in send_recv
    response = await comm.read(deserializers=deserializers)
  File "/opt/conda/envs/gdf/lib/python3.9/site-packages/distributed/utils.py", line 837, in wrapper
    return await func(*args, **kwargs)
  File "/opt/conda/envs/gdf/lib/python3.9/site-packages/distributed/comm/ucx.py", line 398, in read
    raise CommClosedError(
distributed.comm.core.CommClosedError: Connection closed by writer.
Inner exception: UCXError("<[Recv #007] ep: 0x7efc82422240, tag: 0xc77b7bb2cca803a5, nbytes: 100000000, type: <class 'rmm._lib.device_buffer.DeviceBuffer'>>: Connection reset by remote peer")
2024-08-05 06:20:47,447 - distributed.nanny - WARNING - Restarting worker
2024-08-05 06:20:47,548 - distributed.nanny - WARNING - Restarting worker
2024-08-05 06:20:49,816 - distributed.comm.ucx - ERROR - std::bad_alloc: out_of_memory: RMM failure at:/opt/conda/envs/gdf/include/rmm/mr/device/pool_memory_resource.hpp:255: Maximum pool size exceeded
Traceback (most recent call last):
  File "/opt/conda/envs/gdf/lib/python3.9/site-packages/distributed/utils.py", line 837, in wrapper
    return await func(*args, **kwargs)
  File "/opt/conda/envs/gdf/lib/python3.9/site-packages/distributed/comm/ucx.py", line 373, in read
    frames = [
  File "/opt/conda/envs/gdf/lib/python3.9/site-packages/distributed/comm/ucx.py", line 374, in <listcomp>
    device_array(each_size) if is_cuda else host_array(each_size)
  File "/opt/conda/envs/gdf/lib/python3.9/site-packages/distributed/comm/ucx.py", line 167, in device_array
    return rmm.DeviceBuffer(size=n)
  File "device_buffer.pyx", line 96, in rmm._lib.device_buffer.DeviceBuffer.__cinit__
MemoryError: std::bad_alloc: out_of_memory: RMM failure at:/opt/conda/envs/gdf/include/rmm/mr/device/pool_memory_resource.hpp:255: Maximum pool size exceeded
2024-08-05 06:20:49,817 - distributed.worker - ERROR - std::bad_alloc: out_of_memory: RMM failure at:/opt/conda/envs/gdf/include/rmm/mr/device/pool_memory_resource.hpp:255: Maximum pool size exceeded
Traceback (most recent call last):
  File "/opt/conda/envs/gdf/lib/python3.9/site-packages/distributed/worker.py", line 2059, in gather_dep
    response = await get_data_from_worker(
  File "/opt/conda/envs/gdf/lib/python3.9/site-packages/distributed/worker.py", line 2869, in get_data_from_worker
    response = await send_recv(
  File "/opt/conda/envs/gdf/lib/python3.9/site-packages/distributed/core.py", line 1013, in send_recv
    response = await comm.read(deserializers=deserializers)
  File "/opt/conda/envs/gdf/lib/python3.9/site-packages/distributed/utils.py", line 837, in wrapper
    return await func(*args, **kwargs)
  File "/opt/conda/envs/gdf/lib/python3.9/site-packages/distributed/comm/ucx.py", line 373, in read
    frames = [
  File "/opt/conda/envs/gdf/lib/python3.9/site-packages/distributed/comm/ucx.py", line 374, in <listcomp>
    device_array(each_size) if is_cuda else host_array(each_size)
  File "/opt/conda/envs/gdf/lib/python3.9/site-packages/distributed/comm/ucx.py", line 167, in device_array
    return rmm.DeviceBuffer(size=n)
  File "device_buffer.pyx", line 96, in rmm._lib.device_buffer.DeviceBuffer.__cinit__
MemoryError: std::bad_alloc: out_of_memory: RMM failure at:/opt/conda/envs/gdf/include/rmm/mr/device/pool_memory_resource.hpp:255: Maximum pool size exceeded
2024-08-05 06:20:50,305 - distributed.worker - WARNING - Compute Failed
Key:       ('taskshuffle-0960b60b3f6bfc3c1bc9b17e20789537', 3)
State:     executing
Function:  _concat
args:      ([               key   payload  _partitions
shuffle                                  
0           311179  80340356            3
0           305119  45851516            3
0           828489  92534471            3
0           326092  16249019            3
0           817787  60524889            3
...            ...       ...          ...
0        799642227   5562745            3
0        799815992  40094175            3
0        799685697  11214538            3
0        799664681  24559455            3
0        799698994  48219129            3

[12499485 rows x 3 columns],                key   payload  _partitions
shuffle                                  
1           703502  39639720            3
1           646443  27841609            3
1           704543  40535253            3
1           537043   7188078            3
1            45573  30236257            3
...            ...       ...          ...
1        799926340  80259148            3
1        799915558  61349698            3
1 
kwargs:    {}
Exception: "MemoryError('std::bad_alloc: out_of_memory: RMM failure at:/opt/conda/envs/gdf/include/rmm/mr/device/pool_memory_resource.hpp:255: Maximum pool size exceeded')"
Traceback: '  File "/opt/conda/envs/gdf/lib/python3.9/site-packages/dask/dataframe/core.py", line 181, in _concat\n    else methods.concat(args2, uniform=True, ignore_index=ignore_index)\n  File "/opt/conda/envs/gdf/lib/python3.9/site-packages/dask/dataframe/dispatch.py", line 68, in concat\n    return func(\n  File "/opt/conda/envs/gdf/lib/python3.9/site-packages/cudf/utils/performance_tracking.py", line 51, in wrapper\n    return func(*args, **kwargs)\n  File "/opt/conda/envs/gdf/lib/python3.9/site-packages/dask_cudf/backends.py", line 296, in concat_cudf\n    return cudf.concat(dfs, axis=axis, ignore_index=ignore_index)\n  File "/opt/conda/envs/gdf/lib/python3.9/site-packages/cudf/core/reshape.py", line 472, in concat\n    result = cudf.DataFrame._concat(\n  File "/opt/conda/envs/gdf/lib/python3.9/site-packages/cudf/utils/performance_tracking.py", line 51, in wrapper\n    return func(*args, **kwargs)\n  File "/opt/conda/envs/gdf/lib/python3.9/site-packages/cudf/core/dataframe.py", line 1777, in _concat\n    *libcudf.concat.concat_tables(\n  File "/opt/conda/envs/gdf/lib/python3.9/contextlib.py", line 79, in inner\n    return func(*args, **kwds)\n  File "concat.pyx", line 31, in cudf._lib.concat.concat_tables\n  File "concatenate.pyx", line 17, in cudf._lib.pylibcudf.concatenate.concatenate\n  File "concatenate.pyx", line 44, in cudf._lib.pylibcudf.concatenate.concatenate\n'

2024-08-05 06:20:50,307 - distributed.comm.ucx - ERROR - not enough values to unpack (expected 2, got 0)
Traceback (most recent call last):
  File "/opt/conda/envs/gdf/lib/python3.9/site-packages/distributed/utils.py", line 837, in wrapper
    return await func(*args, **kwargs)
  File "/opt/conda/envs/gdf/lib/python3.9/site-packages/distributed/comm/ucx.py", line 377, in read
    cuda_recv_frames, recv_frames = zip(
ValueError: not enough values to unpack (expected 2, got 0)
2024-08-05 06:20:50,307 - distributed.worker - ERROR - not enough values to unpack (expected 2, got 0)
Traceback (most recent call last):
  File "/opt/conda/envs/gdf/lib/python3.9/site-packages/distributed/worker.py", line 2059, in gather_dep
    response = await get_data_from_worker(
  File "/opt/conda/envs/gdf/lib/python3.9/site-packages/distributed/worker.py", line 2869, in get_data_from_worker
    response = await send_recv(
  File "/opt/conda/envs/gdf/lib/python3.9/site-packages/distributed/core.py", line 1013, in send_recv
    response = await comm.read(deserializers=deserializers)
  File "/opt/conda/envs/gdf/lib/python3.9/site-packages/distributed/utils.py", line 837, in wrapper
    return await func(*args, **kwargs)
  File "/opt/conda/envs/gdf/lib/python3.9/site-packages/distributed/comm/ucx.py", line 377, in read
    cuda_recv_frames, recv_frames = zip(
ValueError: not enough values to unpack (expected 2, got 0)
2024-08-05 06:20:50,338 - distributed.worker - ERROR - Worker stream died during communication: ucx://127.0.0.1:49681
Traceback (most recent call last):
  File "/opt/conda/envs/gdf/lib/python3.9/site-packages/distributed/comm/ucx.py", line 360, in read
    await self.ep.recv(header)
  File "/opt/conda/envs/gdf/lib/python3.9/site-packages/ucp/core.py", line 737, in recv
    ret = await comm.tag_recv(self._ep, buffer, nbytes, tag, name=log)
ucp._libs.exceptions.UCXError: <[Recv #077] ep: 0x7efc82422340, tag: 0x2a97995043ea738f, nbytes: 1128, type: <class 'numpy.ndarray'>>: Message truncated

During handling of the above exception, another exception occurred:

Traceback (most recent call last):
  File "/opt/conda/envs/gdf/lib/python3.9/site-packages/distributed/worker.py", line 2059, in gather_dep
    response = await get_data_from_worker(
  File "/opt/conda/envs/gdf/lib/python3.9/site-packages/distributed/worker.py", line 2869, in get_data_from_worker
    response = await send_recv(
  File "/opt/conda/envs/gdf/lib/python3.9/site-packages/distributed/core.py", line 1013, in send_recv
    response = await comm.read(deserializers=deserializers)
  File "/opt/conda/envs/gdf/lib/python3.9/site-packages/distributed/utils.py", line 837, in wrapper
    return await func(*args, **kwargs)
  File "/opt/conda/envs/gdf/lib/python3.9/site-packages/distributed/comm/ucx.py", line 368, in read
    raise CommClosedError(
distributed.comm.core.CommClosedError: Connection closed by writer.
Inner exception: UCXError("<[Recv #077] ep: 0x7efc82422340, tag: 0x2a97995043ea738f, nbytes: 1128, type: <class 'numpy.ndarray'>>: Message truncated")
2024-08-05 06:20:50,338 - distributed.worker - ERROR - failed during get data with ucx://127.0.0.1:49681 -> ucx://127.0.0.1:49759
Traceback (most recent call last):
  File "/opt/conda/envs/gdf/lib/python3.9/site-packages/distributed/comm/ucx.py", line 334, in write
    await self.ep.send(each_frame)
  File "/opt/conda/envs/gdf/lib/python3.9/site-packages/ucp/core.py", line 662, in send
    return await comm.tag_send(self._ep, buffer, nbytes, tag, name=log)
ucp._libs.exceptions.UCXError: <[Send #078] ep: 0x7f77f1706400, tag: 0x2a97995043ea738f, nbytes: 100008336, type: <class 'cudf.core.buffer.buffer.Buffer'>>: Connection reset by remote peer

During handling of the above exception, another exception occurred:

Traceback (most recent call last):
  File "/opt/conda/envs/gdf/lib/python3.9/site-packages/distributed/worker.py", line 1782, in get_data
    compressed = await comm.write(msg, serializers=serializers)
  File "/opt/conda/envs/gdf/lib/python3.9/site-packages/distributed/utils.py", line 837, in wrapper
    return await func(*args, **kwargs)
  File "/opt/conda/envs/gdf/lib/python3.9/site-packages/distributed/comm/ucx.py", line 338, in write
    raise CommClosedError("While writing, the connection was closed")
distributed.comm.core.CommClosedError: While writing, the connection was closed
2024-08-05 06:20:50,502 - distributed.comm.ucx - ERROR - std::bad_alloc: out_of_memory: RMM failure at:/opt/conda/envs/gdf/include/rmm/mr/device/pool_memory_resource.hpp:255: Maximum pool size exceeded
Traceback (most recent call last):
  File "/opt/conda/envs/gdf/lib/python3.9/site-packages/distributed/utils.py", line 837, in wrapper
    return await func(*args, **kwargs)
  File "/opt/conda/envs/gdf/lib/python3.9/site-packages/distributed/comm/ucx.py", line 373, in read
    frames = [
  File "/opt/conda/envs/gdf/lib/python3.9/site-packages/distributed/comm/ucx.py", line 374, in <listcomp>
    device_array(each_size) if is_cuda else host_array(each_size)
  File "/opt/conda/envs/gdf/lib/python3.9/site-packages/distributed/comm/ucx.py", line 167, in device_array
    return rmm.DeviceBuffer(size=n)
  File "device_buffer.pyx", line 96, in rmm._lib.device_buffer.DeviceBuffer.__cinit__
MemoryError: std::bad_alloc: out_of_memory: RMM failure at:/opt/conda/envs/gdf/include/rmm/mr/device/pool_memory_resource.hpp:255: Maximum pool size exceeded
2024-08-05 06:20:50,503 - distributed.worker - ERROR - std::bad_alloc: out_of_memory: RMM failure at:/opt/conda/envs/gdf/include/rmm/mr/device/pool_memory_resource.hpp:255: Maximum pool size exceeded
Traceback (most recent call last):
  File "/opt/conda/envs/gdf/lib/python3.9/site-packages/distributed/worker.py", line 2059, in gather_dep
    response = await get_data_from_worker(
  File "/opt/conda/envs/gdf/lib/python3.9/site-packages/distributed/worker.py", line 2869, in get_data_from_worker
    response = await send_recv(
  File "/opt/conda/envs/gdf/lib/python3.9/site-packages/distributed/core.py", line 1013, in send_recv
    response = await comm.read(deserializers=deserializers)
  File "/opt/conda/envs/gdf/lib/python3.9/site-packages/distributed/utils.py", line 837, in wrapper
    return await func(*args, **kwargs)
  File "/opt/conda/envs/gdf/lib/python3.9/site-packages/distributed/comm/ucx.py", line 373, in read
    frames = [
  File "/opt/conda/envs/gdf/lib/python3.9/site-packages/distributed/comm/ucx.py", line 374, in <listcomp>
    device_array(each_size) if is_cuda else host_array(each_size)
  File "/opt/conda/envs/gdf/lib/python3.9/site-packages/distributed/comm/ucx.py", line 167, in device_array
    return rmm.DeviceBuffer(size=n)
  File "device_buffer.pyx", line 96, in rmm._lib.device_buffer.DeviceBuffer.__cinit__
MemoryError: std::bad_alloc: out_of_memory: RMM failure at:/opt/conda/envs/gdf/include/rmm/mr/device/pool_memory_resource.hpp:255: Maximum pool size exceeded
2024-08-05 06:20:50,517 - distributed.comm.ucx - ERROR - std::bad_alloc: out_of_memory: RMM failure at:/opt/conda/envs/gdf/include/rmm/mr/device/pool_memory_resource.hpp:255: Maximum pool size exceeded
Traceback (most recent call last):
  File "/opt/conda/envs/gdf/lib/python3.9/site-packages/distributed/utils.py", line 837, in wrapper
    return await func(*args, **kwargs)
  File "/opt/conda/envs/gdf/lib/python3.9/site-packages/distributed/comm/ucx.py", line 373, in read
    frames = [
  File "/opt/conda/envs/gdf/lib/python3.9/site-packages/distributed/comm/ucx.py", line 374, in <listcomp>
    device_array(each_size) if is_cuda else host_array(each_size)
  File "/opt/conda/envs/gdf/lib/python3.9/site-packages/distributed/comm/ucx.py", line 167, in device_array
    return rmm.DeviceBuffer(size=n)
  File "device_buffer.pyx", line 96, in rmm._lib.device_buffer.DeviceBuffer.__cinit__
MemoryError: std::bad_alloc: out_of_memory: RMM failure at:/opt/conda/envs/gdf/include/rmm/mr/device/pool_memory_resource.hpp:255: Maximum pool size exceeded
2024-08-05 06:20:50,518 - distributed.worker - ERROR - std::bad_alloc: out_of_memory: RMM failure at:/opt/conda/envs/gdf/include/rmm/mr/device/pool_memory_resource.hpp:255: Maximum pool size exceeded
Traceback (most recent call last):
  File "/opt/conda/envs/gdf/lib/python3.9/site-packages/distributed/worker.py", line 2059, in gather_dep
    response = await get_data_from_worker(
  File "/opt/conda/envs/gdf/lib/python3.9/site-packages/distributed/worker.py", line 2869, in get_data_from_worker
    response = await send_recv(
  File "/opt/conda/envs/gdf/lib/python3.9/site-packages/distributed/core.py", line 1013, in send_recv
    response = await comm.read(deserializers=deserializers)
  File "/opt/conda/envs/gdf/lib/python3.9/site-packages/distributed/utils.py", line 837, in wrapper
    return await func(*args, **kwargs)
  File "/opt/conda/envs/gdf/lib/python3.9/site-packages/distributed/comm/ucx.py", line 373, in read
    frames = [
  File "/opt/conda/envs/gdf/lib/python3.9/site-packages/distributed/comm/ucx.py", line 374, in <listcomp>
    device_array(each_size) if is_cuda else host_array(each_size)
  File "/opt/conda/envs/gdf/lib/python3.9/site-packages/distributed/comm/ucx.py", line 167, in device_array
    return rmm.DeviceBuffer(size=n)
  File "device_buffer.pyx", line 96, in rmm._lib.device_buffer.DeviceBuffer.__cinit__
MemoryError: std::bad_alloc: out_of_memory: RMM failure at:/opt/conda/envs/gdf/include/rmm/mr/device/pool_memory_resource.hpp:255: Maximum pool size exceeded
2024-08-05 06:20:50,523 - distributed.protocol.core - CRITICAL - Failed to deserialize
Traceback (most recent call last):
  File "/opt/conda/envs/gdf/lib/python3.9/site-packages/distributed/protocol/core.py", line 175, in loads
    return msgpack.loads(
  File "msgpack/_unpacker.pyx", line 201, in msgpack._cmsgpack.unpackb
msgpack.exceptions.ExtraData: unpack(b) received extra data.
2024-08-05 06:20:50,524 - distributed.comm.ucx - ERROR - unpack(b) received extra data.
Traceback (most recent call last):
  File "/opt/conda/envs/gdf/lib/python3.9/site-packages/distributed/utils.py", line 837, in wrapper
    return await func(*args, **kwargs)
  File "/opt/conda/envs/gdf/lib/python3.9/site-packages/distributed/comm/ucx.py", line 403, in read
    msg = await from_frames(
  File "/opt/conda/envs/gdf/lib/python3.9/site-packages/distributed/comm/utils.py", line 78, in from_frames
    res = _from_frames()
  File "/opt/conda/envs/gdf/lib/python3.9/site-packages/distributed/comm/utils.py", line 61, in _from_frames
    return protocol.loads(
  File "/opt/conda/envs/gdf/lib/python3.9/site-packages/distributed/protocol/core.py", line 175, in loads
    return msgpack.loads(
  File "msgpack/_unpacker.pyx", line 201, in msgpack._cmsgpack.unpackb
msgpack.exceptions.ExtraData: unpack(b) received extra data.
2024-08-05 06:20:50,524 - distributed.worker - ERROR - unpack(b) received extra data.
Traceback (most recent call last):
  File "/opt/conda/envs/gdf/lib/python3.9/site-packages/distributed/worker.py", line 2059, in gather_dep
    response = await get_data_from_worker(
  File "/opt/conda/envs/gdf/lib/python3.9/site-packages/distributed/worker.py", line 2869, in get_data_from_worker
    response = await send_recv(
  File "/opt/conda/envs/gdf/lib/python3.9/site-packages/distributed/core.py", line 1013, in send_recv
    response = await comm.read(deserializers=deserializers)
  File "/opt/conda/envs/gdf/lib/python3.9/site-packages/distributed/utils.py", line 837, in wrapper
    return await func(*args, **kwargs)
  File "/opt/conda/envs/gdf/lib/python3.9/site-packages/distributed/comm/ucx.py", line 403, in read
    msg = await from_frames(
  File "/opt/conda/envs/gdf/lib/python3.9/site-packages/distributed/comm/utils.py", line 78, in from_frames
    res = _from_frames()
  File "/opt/conda/envs/gdf/lib/python3.9/site-packages/distributed/comm/utils.py", line 61, in _from_frames
    return protocol.loads(
  File "/opt/conda/envs/gdf/lib/python3.9/site-packages/distributed/protocol/core.py", line 175, in loads
    return msgpack.loads(
  File "msgpack/_unpacker.pyx", line 201, in msgpack._cmsgpack.unpackb
msgpack.exceptions.ExtraData: unpack(b) received extra data.
2024-08-05 06:20:50,528 - distributed.comm.ucx - ERROR - not enough values to unpack (expected 2, got 0)
Traceback (most recent call last):
  File "/opt/conda/envs/gdf/lib/python3.9/site-packages/distributed/utils.py", line 837, in wrapper
    return await func(*args, **kwargs)
  File "/opt/conda/envs/gdf/lib/python3.9/site-packages/distributed/comm/ucx.py", line 377, in read
    cuda_recv_frames, recv_frames = zip(
ValueError: not enough values to unpack (expected 2, got 0)
2024-08-05 06:20:50,528 - distributed.worker - ERROR - not enough values to unpack (expected 2, got 0)
Traceback (most recent call last):
  File "/opt/conda/envs/gdf/lib/python3.9/site-packages/distributed/worker.py", line 2059, in gather_dep
    response = await get_data_from_worker(
  File "/opt/conda/envs/gdf/lib/python3.9/site-packages/distributed/worker.py", line 2869, in get_data_from_worker
    response = await send_recv(
  File "/opt/conda/envs/gdf/lib/python3.9/site-packages/distributed/core.py", line 1013, in send_recv
    response = await comm.read(deserializers=deserializers)
  File "/opt/conda/envs/gdf/lib/python3.9/site-packages/distributed/utils.py", line 837, in wrapper
    return await func(*args, **kwargs)
  File "/opt/conda/envs/gdf/lib/python3.9/site-packages/distributed/comm/ucx.py", line 377, in read
    cuda_recv_frames, recv_frames = zip(
ValueError: not enough values to unpack (expected 2, got 0)
2024-08-05 06:20:50,994 - distributed.worker - WARNING - Compute Failed
Key:       ('getitem-getitem-blockwisemerge-0a712958db8041c24c8f3f8435c782aa', 2)
State:     executing
Function:  execute_task
args:      ((<function Fused._execute_task at 0x7fd29adf33a0>, {'getitem-getitem-blockwisemerge-0a712958db8041c24c8f3f8435c782aa': ('blockwisemerge-4abb1f5520e3b157d0a466ef03975dff', 2), ('blockwisemerge-4abb1f5520e3b157d0a466ef03975dff', 2): (<function apply at 0x7fd2a1eb0280>, <function merge_chunk at 0x7fd29b025c10>, [('getitem-805a1e5a51171b2aa554c7ef0c9b8633', 2), ('getitem-86a020afd9044a1548bb8ecd80eaf574', 2)], {'how': 'inner', 'left_on': ['key'], 'right_on': ['key'], 'left_index': False, 'right_index': False, 'suffixes': ('_x', '_y'), 'indicator': False, 'result_meta': Empty DataFrame
Columns: [key, payload_x, payload_y]
Index: []}), ('getitem-805a1e5a51171b2aa554c7ef0c9b8633', 2): (<built-in function getitem>,                key   payload  _partitions
shuffle                                  
0            24999   6010706            2
0           351406  39036648            2
0           818763   3221439            2
0           833611  10042368            2
0           880157  16716558  
kwargs:    {}
Exception: "MemoryError('std::bad_alloc: out_of_memory: RMM failure at:/opt/conda/envs/gdf/include/rmm/mr/device/pool_memory_resource.hpp:255: Maximum pool size exceeded')"
Traceback: '  File "/opt/conda/envs/gdf/lib/python3.9/site-packages/dask_expr/_expr.py", line 3758, in _execute_task\n    return dask.core.get(graph, name)\n  File "/opt/conda/envs/gdf/lib/python3.9/site-packages/dask/core.py", line 157, in get\n    result = _execute_task(task, cache)\n  File "/opt/conda/envs/gdf/lib/python3.9/site-packages/dask/core.py", line 127, in _execute_task\n    return func(*(_execute_task(a, cache) for a in args))\n  File "/opt/conda/envs/gdf/lib/python3.9/site-packages/dask/utils.py", line 78, in apply\n    return func(*args, **kwargs)\n  File "/opt/conda/envs/gdf/lib/python3.9/site-packages/dask/dataframe/multi.py", line 298, in merge_chunk\n    out = lhs.merge(rhs, *args, **kwargs)\n  File "/opt/conda/envs/gdf/lib/python3.9/site-packages/cudf/utils/performance_tracking.py", line 51, in wrapper\n    return func(*args, **kwargs)\n  File "/opt/conda/envs/gdf/lib/python3.9/site-packages/cudf/core/dataframe.py", line 4267, in merge\n    return merge_cls(\n  File "/opt/conda/envs/gdf/lib/python3.9/site-packages/cudf/core/join/join.py", line 278, in perform_merge\n    left_rows, right_rows = self._gather_maps(\n  File "/opt/conda/envs/gdf/lib/python3.9/site-packages/cudf/core/join/join.py", line 204, in _gather_maps\n    maps = self._joiner(\n  File "/opt/conda/envs/gdf/lib/python3.9/contextlib.py", line 79, in inner\n    return func(*args, **kwds)\n  File "join.pyx", line 20, in cudf._lib.join.join\n  File "join.pyx", line 32, in cudf._lib.pylibcudf.join.inner_join\n  File "join.pyx", line 58, in cudf._lib.pylibcudf.join.inner_join\n'

2024-08-05 06:20:51,162 - distributed.worker - WARNING - Compute Failed
Key:       ('taskshuffle-8160bf45a353bd898b76c7d570acbbb1', 0)
State:     executing
Function:  _concat
args:      ([                key   payload  _partitions
11840      10351931  54059481            0
11842     864355832  11860328            0
11848     843614782  43187277            0
11849     847011260  51285888            0
11860     501220493  11083781            0
...             ...       ...          ...
99965930  809226486  60402799            0
99965934  809000292  20176246            0
99965939  833974912  53859242            0
99965943  821619253  41096383            0
99965951  864899915  24795779            0

[12497939 rows x 3 columns],                 key   payload  _partitions
115328    719552999   1139720            0
115333    922572780  33752841            0
62121     931115832   1867770            0
115338    921466004  89793797            0
62125     121582371  98333349            0
...             ...       ...          ...
99989329   16154542  76461058            0
99989338  522633916  65529439            0
99989340  951774511  40972927            0
99989341  942717475  6
kwargs:    {}
Exception: "MemoryError('std::bad_alloc: out_of_memory: RMM failure at:/opt/conda/envs/gdf/include/rmm/mr/device/pool_memory_resource.hpp:255: Maximum pool size exceeded')"
Traceback: '  File "/opt/conda/envs/gdf/lib/python3.9/site-packages/dask/dataframe/core.py", line 181, in _concat\n    else methods.concat(args2, uniform=True, ignore_index=ignore_index)\n  File "/opt/conda/envs/gdf/lib/python3.9/site-packages/dask/dataframe/dispatch.py", line 68, in concat\n    return func(\n  File "/opt/conda/envs/gdf/lib/python3.9/site-packages/cudf/utils/performance_tracking.py", line 51, in wrapper\n    return func(*args, **kwargs)\n  File "/opt/conda/envs/gdf/lib/python3.9/site-packages/dask_cudf/backends.py", line 296, in concat_cudf\n    return cudf.concat(dfs, axis=axis, ignore_index=ignore_index)\n  File "/opt/conda/envs/gdf/lib/python3.9/site-packages/cudf/core/reshape.py", line 472, in concat\n    result = cudf.DataFrame._concat(\n  File "/opt/conda/envs/gdf/lib/python3.9/site-packages/cudf/utils/performance_tracking.py", line 51, in wrapper\n    return func(*args, **kwargs)\n  File "/opt/conda/envs/gdf/lib/python3.9/site-packages/cudf/core/dataframe.py", line 1777, in _concat\n    *libcudf.concat.concat_tables(\n  File "/opt/conda/envs/gdf/lib/python3.9/contextlib.py", line 79, in inner\n    return func(*args, **kwds)\n  File "concat.pyx", line 31, in cudf._lib.concat.concat_tables\n  File "concatenate.pyx", line 17, in cudf._lib.pylibcudf.concatenate.concatenate\n  File "concatenate.pyx", line 44, in cudf._lib.pylibcudf.concatenate.concatenate\n'

2024-08-05 06:21:16,689 - distributed.worker - ERROR - Worker stream died during communication: ucx://127.0.0.1:40705
Traceback (most recent call last):
  File "/opt/conda/envs/gdf/lib/python3.9/site-packages/distributed/comm/ucx.py", line 467, in connect
    ep = await ucp.create_endpoint(ip, port)
  File "/opt/conda/envs/gdf/lib/python3.9/site-packages/ucp/core.py", line 1016, in create_endpoint
    return await _get_ctx().create_endpoint(
  File "/opt/conda/envs/gdf/lib/python3.9/site-packages/ucp/core.py", line 328, in create_endpoint
    peer_info = await exchange_peer_info(
  File "/opt/conda/envs/gdf/lib/python3.9/site-packages/ucp/core.py", line 60, in exchange_peer_info
    await asyncio.wait_for(
  File "/opt/conda/envs/gdf/lib/python3.9/asyncio/tasks.py", line 479, in wait_for
    return fut.result()
ucp._libs.exceptions.UCXNotConnected: <stream_recv>: 

During handling of the above exception, another exception occurred:

Traceback (most recent call last):
  File "/opt/conda/envs/gdf/lib/python3.9/site-packages/distributed/comm/core.py", line 342, in connect
    comm = await wait_for(
  File "/opt/conda/envs/gdf/lib/python3.9/site-packages/distributed/utils.py", line 1957, in wait_for
    return await asyncio.wait_for(fut, timeout)
  File "/opt/conda/envs/gdf/lib/python3.9/asyncio/tasks.py", line 479, in wait_for
    return fut.result()
  File "/opt/conda/envs/gdf/lib/python3.9/site-packages/distributed/comm/ucx.py", line 469, in connect
    raise CommClosedError("Connection closed before handshake completed")
distributed.comm.core.CommClosedError: Connection closed before handshake completed

The above exception was the direct cause of the following exception:

Traceback (most recent call last):
  File "/opt/conda/envs/gdf/lib/python3.9/site-packages/distributed/worker.py", line 2059, in gather_dep
    response = await get_data_from_worker(
  File "/opt/conda/envs/gdf/lib/python3.9/site-packages/distributed/worker.py", line 2866, in get_data_from_worker
    comm = await rpc.connect(worker)
  File "/opt/conda/envs/gdf/lib/python3.9/site-packages/distributed/core.py", line 1533, in connect
    return connect_attempt.result()
  File "/opt/conda/envs/gdf/lib/python3.9/site-packages/distributed/core.py", line 1423, in _connect
    comm = await connect(
  File "/opt/conda/envs/gdf/lib/python3.9/site-packages/distributed/comm/core.py", line 368, in connect
    raise OSError(
OSError: Timed out trying to connect to ucx://127.0.0.1:40705 after 30 s
/opt/conda/envs/gdf/lib/python3.9/multiprocessing/resource_tracker.py:216: UserWarning: resource_tracker: There appear to be 48 leaked semaphore objects to clean up at shutdown
  warnings.warn('resource_tracker: There appear to be %d '
