[dgx13:94314:0:94314] Caught signal 11 (Segmentation fault: address not mapped to object at address 0x450)
==== backtrace (tid:  94314) ====
 0  /opt/conda/envs/gdf/lib/libucs.so.0(ucs_handle_error+0x2fd) [0x7f22f84cbeed]
 1  /opt/conda/envs/gdf/lib/libucs.so.0(+0x2f0e4) [0x7f22f84cc0e4]
 2  /opt/conda/envs/gdf/lib/libucs.so.0(+0x2f2aa) [0x7f22f84cc2aa]
 3  /usr/lib/x86_64-linux-gnu/libpthread.so.0(+0x14420) [0x7f2326f15420]
 4  /opt/conda/envs/gdf/lib/libucp.so.0(ucp_mem_type_unpack+0x17) [0x7f22f8551487]
 5  /opt/conda/envs/gdf/lib/libucp.so.0(ucp_rndv_data_handler+0x66d) [0x7f22f857cdad]
 6  /opt/conda/envs/gdf/lib/libuct.so.0(+0x21dff) [0x7f22f8480dff]
 7  /opt/conda/envs/gdf/lib/libuct.so.0(+0x25018) [0x7f22f8484018]
 8  /opt/conda/envs/gdf/lib/libucs.so.0(ucs_event_set_wait+0xb9) [0x7f22f84d5729]
 9  /opt/conda/envs/gdf/lib/libuct.so.0(uct_tcp_iface_progress+0x7d) [0x7f22f848311d]
10  /opt/conda/envs/gdf/lib/libucp.so.0(ucp_worker_progress+0x5a) [0x7f22f854e1da]
11  /opt/conda/envs/gdf/lib/python3.10/site-packages/ucp/_libs/ucx_api.cpython-310-x86_64-linux-gnu.so(+0x31d7a) [0x7f22f8610d7a]
12  /opt/conda/envs/gdf/bin/python(_PyEval_EvalFrameDefault+0x2d83) [0x55e2fab672b3]
13  /opt/conda/envs/gdf/bin/python(_PyFunction_Vectorcall+0x6c) [0x55e2fab74a2c]
14  /opt/conda/envs/gdf/bin/python(_PyEval_EvalFrameDefault+0x72c) [0x55e2fab64c5c]
15  /opt/conda/envs/gdf/bin/python(+0x150804) [0x55e2fab80804]
16  /opt/conda/envs/gdf/bin/python(+0x25f60c) [0x55e2fac8f60c]
17  /opt/conda/envs/gdf/bin/python(+0xfdd90) [0x55e2fab2dd90]
18  /opt/conda/envs/gdf/bin/python(+0x13c2a3) [0x55e2fab6c2a3]
19  /opt/conda/envs/gdf/bin/python(_PyEval_EvalFrameDefault+0x5cd5) [0x55e2fab6a205]
20  /opt/conda/envs/gdf/bin/python(_PyFunction_Vectorcall+0x6c) [0x55e2fab74a2c]
21  /opt/conda/envs/gdf/bin/python(_PyEval_EvalFrameDefault+0x72c) [0x55e2fab64c5c]
22  /opt/conda/envs/gdf/bin/python(_PyFunction_Vectorcall+0x6c) [0x55e2fab74a2c]
23  /opt/conda/envs/gdf/bin/python(_PyEval_EvalFrameDefault+0x72c) [0x55e2fab64c5c]
24  /opt/conda/envs/gdf/bin/python(_PyFunction_Vectorcall+0x6c) [0x55e2fab74a2c]
25  /opt/conda/envs/gdf/bin/python(_PyEval_EvalFrameDefault+0x72c) [0x55e2fab64c5c]
26  /opt/conda/envs/gdf/bin/python(_PyFunction_Vectorcall+0x6c) [0x55e2fab74a2c]
27  /opt/conda/envs/gdf/bin/python(_PyEval_EvalFrameDefault+0x72c) [0x55e2fab64c5c]
28  /opt/conda/envs/gdf/bin/python(_PyFunction_Vectorcall+0x6c) [0x55e2fab74a2c]
29  /opt/conda/envs/gdf/bin/python(_PyEval_EvalFrameDefault+0x13ca) [0x55e2fab658fa]
30  /opt/conda/envs/gdf/bin/python(+0x150582) [0x55e2fab80582]
31  /opt/conda/envs/gdf/bin/python(PyObject_Call+0xbc) [0x55e2fab80f1c]
32  /opt/conda/envs/gdf/bin/python(+0x20a9ae) [0x55e2fac3a9ae]
33  /opt/conda/envs/gdf/bin/python(_PyObject_MakeTpCall+0x26b) [0x55e2fab6da6b]
34  /opt/conda/envs/gdf/bin/python(_PyEval_EvalFrameDefault+0x2d83) [0x55e2fab672b3]
35  /opt/conda/envs/gdf/bin/python(+0x1506d8) [0x55e2fab806d8]
36  /opt/conda/envs/gdf/bin/python(_PyEval_EvalFrameDefault+0x2d83) [0x55e2fab672b3]
37  /opt/conda/envs/gdf/bin/python(_PyFunction_Vectorcall+0x6c) [0x55e2fab74a2c]
38  /opt/conda/envs/gdf/bin/python(_PyEval_EvalFrameDefault+0x72c) [0x55e2fab64c5c]
39  /opt/conda/envs/gdf/bin/python(_PyFunction_Vectorcall+0x6c) [0x55e2fab74a2c]
40  /opt/conda/envs/gdf/bin/python(_PyEval_EvalFrameDefault+0x72c) [0x55e2fab64c5c]
41  /opt/conda/envs/gdf/bin/python(_PyFunction_Vectorcall+0x6c) [0x55e2fab74a2c]
42  /opt/conda/envs/gdf/bin/python(_PyEval_EvalFrameDefault+0x320) [0x55e2fab64850]
43  /opt/conda/envs/gdf/bin/python(_PyFunction_Vectorcall+0x6c) [0x55e2fab74a2c]
44  /opt/conda/envs/gdf/bin/python(_PyEval_EvalFrameDefault+0x13ca) [0x55e2fab658fa]
45  /opt/conda/envs/gdf/bin/python(+0x1d7c60) [0x55e2fac07c60]
46  /opt/conda/envs/gdf/bin/python(PyEval_EvalCode+0x87) [0x55e2fac07ba7]
47  /opt/conda/envs/gdf/bin/python(+0x20812a) [0x55e2fac3812a]
48  /opt/conda/envs/gdf/bin/python(+0x203523) [0x55e2fac33523]
49  /opt/conda/envs/gdf/bin/python(PyRun_StringFlags+0x7d) [0x55e2fac2b91d]
50  /opt/conda/envs/gdf/bin/python(PyRun_SimpleStringFlags+0x3c) [0x55e2fac2b75c]
51  /opt/conda/envs/gdf/bin/python(Py_RunMain+0x26b) [0x55e2fac2a66b]
52  /opt/conda/envs/gdf/bin/python(Py_BytesMain+0x37) [0x55e2fabfb1f7]
53  /usr/lib/x86_64-linux-gnu/libc.so.6(__libc_start_main+0xf3) [0x7f2326bd9083]
54  /opt/conda/envs/gdf/bin/python(+0x1cb0f1) [0x55e2fabfb0f1]
=================================
[dgx13:94331:0:94331] Caught signal 11 (Segmentation fault: address not mapped to object at address 0x450)
==== backtrace (tid:  94331) ====
 0  /opt/conda/envs/gdf/lib/libucs.so.0(ucs_handle_error+0x2fd) [0x7f7850412eed]
 1  /opt/conda/envs/gdf/lib/libucs.so.0(+0x2f0e4) [0x7f78504130e4]
 2  /opt/conda/envs/gdf/lib/libucs.so.0(+0x2f2aa) [0x7f78504132aa]
 3  /usr/lib/x86_64-linux-gnu/libpthread.so.0(+0x14420) [0x7f788ce63420]
 4  /opt/conda/envs/gdf/lib/libucp.so.0(ucp_mem_type_unpack+0x17) [0x7f7850498487]
 5  /opt/conda/envs/gdf/lib/libucp.so.0(ucp_rndv_data_handler+0x66d) [0x7f78504c3dad]
 6  /opt/conda/envs/gdf/lib/libuct.so.0(+0x21dff) [0x7f78503c7dff]
 7  /opt/conda/envs/gdf/lib/libuct.so.0(+0x25018) [0x7f78503cb018]
 8  /opt/conda/envs/gdf/lib/libucs.so.0(ucs_event_set_wait+0xb9) [0x7f785041c729]
 9  /opt/conda/envs/gdf/lib/libuct.so.0(uct_tcp_iface_progress+0x7d) [0x7f78503ca11d]
10  /opt/conda/envs/gdf/lib/libucp.so.0(ucp_worker_progress+0x5a) [0x7f78504951da]
11  /opt/conda/envs/gdf/lib/python3.10/site-packages/ucp/_libs/ucx_api.cpython-310-x86_64-linux-gnu.so(+0x31d7a) [0x7f7850557d7a]
12  /opt/conda/envs/gdf/bin/python(_PyEval_EvalFrameDefault+0x2d83) [0x56391158a2b3]
13  /opt/conda/envs/gdf/bin/python(_PyFunction_Vectorcall+0x6c) [0x563911597a2c]
14  /opt/conda/envs/gdf/bin/python(_PyEval_EvalFrameDefault+0x72c) [0x563911587c5c]
15  /opt/conda/envs/gdf/bin/python(+0x150804) [0x5639115a3804]
16  /opt/conda/envs/gdf/bin/python(+0x25f60c) [0x5639116b260c]
17  /opt/conda/envs/gdf/bin/python(+0xfdd90) [0x563911550d90]
18  /opt/conda/envs/gdf/bin/python(+0x13c2a3) [0x56391158f2a3]
19  /opt/conda/envs/gdf/bin/python(_PyEval_EvalFrameDefault+0x5cd5) [0x56391158d205]
20  /opt/conda/envs/gdf/bin/python(_PyFunction_Vectorcall+0x6c) [0x563911597a2c]
21  /opt/conda/envs/gdf/bin/python(_PyEval_EvalFrameDefault+0x72c) [0x563911587c5c]
22  /opt/conda/envs/gdf/bin/python(_PyFunction_Vectorcall+0x6c) [0x563911597a2c]
23  /opt/conda/envs/gdf/bin/python(_PyEval_EvalFrameDefault+0x72c) [0x563911587c5c]
24  /opt/conda/envs/gdf/bin/python(_PyFunction_Vectorcall+0x6c) [0x563911597a2c]
25  /opt/conda/envs/gdf/bin/python(_PyEval_EvalFrameDefault+0x72c) [0x563911587c5c]
26  /opt/conda/envs/gdf/bin/python(_PyFunction_Vectorcall+0x6c) [0x563911597a2c]
27  /opt/conda/envs/gdf/bin/python(_PyEval_EvalFrameDefault+0x72c) [0x563911587c5c]
28  /opt/conda/envs/gdf/bin/python(_PyFunction_Vectorcall+0x6c) [0x563911597a2c]
29  /opt/conda/envs/gdf/bin/python(_PyEval_EvalFrameDefault+0x13ca) [0x5639115888fa]
30  /opt/conda/envs/gdf/bin/python(+0x150582) [0x5639115a3582]
31  /opt/conda/envs/gdf/bin/python(PyObject_Call+0xbc) [0x5639115a3f1c]
32  /opt/conda/envs/gdf/bin/python(+0x20a9ae) [0x56391165d9ae]
33  /opt/conda/envs/gdf/bin/python(_PyObject_MakeTpCall+0x26b) [0x563911590a6b]
34  /opt/conda/envs/gdf/bin/python(_PyEval_EvalFrameDefault+0x2d83) [0x56391158a2b3]
35  /opt/conda/envs/gdf/bin/python(+0x1506d8) [0x5639115a36d8]
36  /opt/conda/envs/gdf/bin/python(_PyEval_EvalFrameDefault+0x2d83) [0x56391158a2b3]
37  /opt/conda/envs/gdf/bin/python(_PyFunction_Vectorcall+0x6c) [0x563911597a2c]
38  /opt/conda/envs/gdf/bin/python(_PyEval_EvalFrameDefault+0x72c) [0x563911587c5c]
39  /opt/conda/envs/gdf/bin/python(_PyFunction_Vectorcall+0x6c) [0x563911597a2c]
40  /opt/conda/envs/gdf/bin/python(_PyEval_EvalFrameDefault+0x72c) [0x563911587c5c]
41  /opt/conda/envs/gdf/bin/python(_PyFunction_Vectorcall+0x6c) [0x563911597a2c]
42  /opt/conda/envs/gdf/bin/python(_PyEval_EvalFrameDefault+0x320) [0x563911587850]
43  /opt/conda/envs/gdf/bin/python(_PyFunction_Vectorcall+0x6c) [0x563911597a2c]
44  /opt/conda/envs/gdf/bin/python(_PyEval_EvalFrameDefault+0x13ca) [0x5639115888fa]
45  /opt/conda/envs/gdf/bin/python(+0x1d7c60) [0x56391162ac60]
46  /opt/conda/envs/gdf/bin/python(PyEval_EvalCode+0x87) [0x56391162aba7]
47  /opt/conda/envs/gdf/bin/python(+0x20812a) [0x56391165b12a]
48  /opt/conda/envs/gdf/bin/python(+0x203523) [0x563911656523]
49  /opt/conda/envs/gdf/bin/python(PyRun_StringFlags+0x7d) [0x56391164e91d]
50  /opt/conda/envs/gdf/bin/python(PyRun_SimpleStringFlags+0x3c) [0x56391164e75c]
51  /opt/conda/envs/gdf/bin/python(Py_RunMain+0x26b) [0x56391164d66b]
52  /opt/conda/envs/gdf/bin/python(Py_BytesMain+0x37) [0x56391161e1f7]
53  /usr/lib/x86_64-linux-gnu/libc.so.6(__libc_start_main+0xf3) [0x7f788cb27083]
54  /opt/conda/envs/gdf/bin/python(+0x1cb0f1) [0x56391161e0f1]
=================================
[dgx13:94323:0:94323] Caught signal 11 (Segmentation fault: address not mapped to object at address 0x450)
==== backtrace (tid:  94323) ====
 0  /opt/conda/envs/gdf/lib/libucs.so.0(ucs_handle_error+0x2fd) [0x7f4335260eed]
 1  /opt/conda/envs/gdf/lib/libucs.so.0(+0x2f0e4) [0x7f43352610e4]
 2  /opt/conda/envs/gdf/lib/libucs.so.0(+0x2f2aa) [0x7f43352612aa]
 3  /usr/lib/x86_64-linux-gnu/libpthread.so.0(+0x14420) [0x7f4375aeb420]
 4  /opt/conda/envs/gdf/lib/libucp.so.0(ucp_mem_type_unpack+0x17) [0x7f43352e6487]
 5  /opt/conda/envs/gdf/lib/libucp.so.0(ucp_rndv_data_handler+0x66d) [0x7f4335311dad]
 6  /opt/conda/envs/gdf/lib/libuct.so.0(+0x21dff) [0x7f4335215dff]
 7  /opt/conda/envs/gdf/lib/libuct.so.0(+0x25018) [0x7f4335219018]
 8  /opt/conda/envs/gdf/lib/libucs.so.0(ucs_event_set_wait+0xb9) [0x7f433526a729]
 9  /opt/conda/envs/gdf/lib/libuct.so.0(uct_tcp_iface_progress+0x7d) [0x7f433521811d]
10  /opt/conda/envs/gdf/lib/libucp.so.0(ucp_worker_progress+0x5a) [0x7f43352e31da]
11  /opt/conda/envs/gdf/lib/python3.10/site-packages/ucp/_libs/ucx_api.cpython-310-x86_64-linux-gnu.so(+0x31d7a) [0x7f43353a5d7a]
12  /opt/conda/envs/gdf/bin/python(_PyEval_EvalFrameDefault+0x2d83) [0x55ccb0a5b2b3]
13  /opt/conda/envs/gdf/bin/python(_PyFunction_Vectorcall+0x6c) [0x55ccb0a68a2c]
14  /opt/conda/envs/gdf/bin/python(_PyEval_EvalFrameDefault+0x72c) [0x55ccb0a58c5c]
15  /opt/conda/envs/gdf/bin/python(+0x150804) [0x55ccb0a74804]
16  /opt/conda/envs/gdf/bin/python(+0x25f60c) [0x55ccb0b8360c]
17  /opt/conda/envs/gdf/bin/python(+0xfdd90) [0x55ccb0a21d90]
18  /opt/conda/envs/gdf/bin/python(+0x13c2a3) [0x55ccb0a602a3]
19  /opt/conda/envs/gdf/bin/python(_PyEval_EvalFrameDefault+0x5cd5) [0x55ccb0a5e205]
20  /opt/conda/envs/gdf/bin/python(_PyFunction_Vectorcall+0x6c) [0x55ccb0a68a2c]
21  /opt/conda/envs/gdf/bin/python(_PyEval_EvalFrameDefault+0x72c) [0x55ccb0a58c5c]
22  /opt/conda/envs/gdf/bin/python(_PyFunction_Vectorcall+0x6c) [0x55ccb0a68a2c]
23  /opt/conda/envs/gdf/bin/python(_PyEval_EvalFrameDefault+0x72c) [0x55ccb0a58c5c]
24  /opt/conda/envs/gdf/bin/python(_PyFunction_Vectorcall+0x6c) [0x55ccb0a68a2c]
25  /opt/conda/envs/gdf/bin/python(_PyEval_EvalFrameDefault+0x72c) [0x55ccb0a58c5c]
26  /opt/conda/envs/gdf/bin/python(_PyFunction_Vectorcall+0x6c) [0x55ccb0a68a2c]
27  /opt/conda/envs/gdf/bin/python(_PyEval_EvalFrameDefault+0x72c) [0x55ccb0a58c5c]
28  /opt/conda/envs/gdf/bin/python(_PyFunction_Vectorcall+0x6c) [0x55ccb0a68a2c]
29  /opt/conda/envs/gdf/bin/python(_PyEval_EvalFrameDefault+0x13ca) [0x55ccb0a598fa]
30  /opt/conda/envs/gdf/bin/python(+0x150582) [0x55ccb0a74582]
31  /opt/conda/envs/gdf/bin/python(PyObject_Call+0xbc) [0x55ccb0a74f1c]
32  /opt/conda/envs/gdf/bin/python(+0x20a9ae) [0x55ccb0b2e9ae]
33  /opt/conda/envs/gdf/bin/python(_PyObject_MakeTpCall+0x26b) [0x55ccb0a61a6b]
34  /opt/conda/envs/gdf/bin/python(_PyEval_EvalFrameDefault+0x2d83) [0x55ccb0a5b2b3]
35  /opt/conda/envs/gdf/bin/python(+0x1506d8) [0x55ccb0a746d8]
36  /opt/conda/envs/gdf/bin/python(_PyEval_EvalFrameDefault+0x2d83) [0x55ccb0a5b2b3]
37  /opt/conda/envs/gdf/bin/python(_PyFunction_Vectorcall+0x6c) [0x55ccb0a68a2c]
38  /opt/conda/envs/gdf/bin/python(_PyEval_EvalFrameDefault+0x72c) [0x55ccb0a58c5c]
39  /opt/conda/envs/gdf/bin/python(_PyFunction_Vectorcall+0x6c) [0x55ccb0a68a2c]
40  /opt/conda/envs/gdf/bin/python(_PyEval_EvalFrameDefault+0x72c) [0x55ccb0a58c5c]
41  /opt/conda/envs/gdf/bin/python(_PyFunction_Vectorcall+0x6c) [0x55ccb0a68a2c]
42  /opt/conda/envs/gdf/bin/python(_PyEval_EvalFrameDefault+0x320) [0x55ccb0a58850]
43  /opt/conda/envs/gdf/bin/python(_PyFunction_Vectorcall+0x6c) [0x55ccb0a68a2c]
44  /opt/conda/envs/gdf/bin/python(_PyEval_EvalFrameDefault+0x13ca) [0x55ccb0a598fa]
45  /opt/conda/envs/gdf/bin/python(+0x1d7c60) [0x55ccb0afbc60]
46  /opt/conda/envs/gdf/bin/python(PyEval_EvalCode+0x87) [0x55ccb0afbba7]
47  /opt/conda/envs/gdf/bin/python(+0x20812a) [0x55ccb0b2c12a]
48  /opt/conda/envs/gdf/bin/python(+0x203523) [0x55ccb0b27523]
49  /opt/conda/envs/gdf/bin/python(PyRun_StringFlags+0x7d) [0x55ccb0b1f91d]
50  /opt/conda/envs/gdf/bin/python(PyRun_SimpleStringFlags+0x3c) [0x55ccb0b1f75c]
51  /opt/conda/envs/gdf/bin/python(Py_RunMain+0x26b) [0x55ccb0b1e66b]
52  /opt/conda/envs/gdf/bin/python(Py_BytesMain+0x37) [0x55ccb0aef1f7]
53  /usr/lib/x86_64-linux-gnu/libc.so.6(__libc_start_main+0xf3) [0x7f43757af083]
54  /opt/conda/envs/gdf/bin/python(+0x1cb0f1) [0x55ccb0aef0f1]
=================================
2024-09-07 06:15:02,288 - distributed.scheduler - WARNING - Removing worker 'ucx://127.0.0.1:39725' caused the cluster to lose already computed task(s), which will be recomputed elsewhere: {('split-taskshuffle-b193d85dcbb1359f44fff00bd51d0d18', 3, 0), ('split-taskshuffle-b193d85dcbb1359f44fff00bd51d0d18', 4, 0), ('split-taskshuffle-b193d85dcbb1359f44fff00bd51d0d18', 7, 0), ('split-taskshuffle-b193d85dcbb1359f44fff00bd51d0d18', 5, 0), ('split-taskshuffle-b193d85dcbb1359f44fff00bd51d0d18', 0, 0), ('split-taskshuffle-b193d85dcbb1359f44fff00bd51d0d18', 6, 0), ('split-taskshuffle-b193d85dcbb1359f44fff00bd51d0d18', 1, 0), ('generate_chunk-_to_string_dtype-4a286622e28b0e0aa1748bcd21fd1539', 6), ('split-taskshuffle-b193d85dcbb1359f44fff00bd51d0d18', 2, 0)} (stimulus_id='handle-worker-cleanup-1725689702.2882597')
2024-09-07 06:15:02,296 - distributed.worker - ERROR - Worker stream died during communication: ucx://127.0.0.1:39725
Traceback (most recent call last):
  File "/opt/conda/envs/gdf/lib/python3.10/site-packages/distributed/core.py", line 1425, in _connect
    comm = await connect(
  File "/opt/conda/envs/gdf/lib/python3.10/site-packages/distributed/comm/core.py", line 342, in connect
    comm = await wait_for(
  File "/opt/conda/envs/gdf/lib/python3.10/site-packages/distributed/utils.py", line 1926, in wait_for
    return await asyncio.wait_for(fut, timeout)
  File "/opt/conda/envs/gdf/lib/python3.10/asyncio/tasks.py", line 432, in wait_for
    await waiter
asyncio.exceptions.CancelledError

During handling of the above exception, another exception occurred:

Traceback (most recent call last):
  File "/opt/conda/envs/gdf/lib/python3.10/site-packages/distributed/core.py", line 1535, in connect
    return connect_attempt.result()
asyncio.exceptions.CancelledError

During handling of the above exception, another exception occurred:

Traceback (most recent call last):
  File "/opt/conda/envs/gdf/lib/python3.10/site-packages/distributed/worker.py", line 2056, in gather_dep
    response = await get_data_from_worker(
  File "/opt/conda/envs/gdf/lib/python3.10/site-packages/distributed/worker.py", line 2871, in get_data_from_worker
    comm = await rpc.connect(worker)
  File "/opt/conda/envs/gdf/lib/python3.10/site-packages/distributed/core.py", line 1537, in connect
    raise CommClosedError(reason)
distributed.comm.core.CommClosedError: Address removed.
Task exception was never retrieved
future: <Task finished name='Task-439' coro=<_listener_handler_coroutine() done, defined at /opt/conda/envs/gdf/lib/python3.10/site-packages/ucp/core.py:140> exception=UCXError('<stream_send>: Connection reset by remote peer')>
Traceback (most recent call last):
  File "/opt/conda/envs/gdf/lib/python3.10/site-packages/ucp/core.py", line 155, in _listener_handler_coroutine
    peer_info = await exchange_peer_info(
  File "/opt/conda/envs/gdf/lib/python3.10/site-packages/ucp/core.py", line 51, in exchange_peer_info
    await asyncio.wait_for(
  File "/opt/conda/envs/gdf/lib/python3.10/asyncio/tasks.py", line 445, in wait_for
    return fut.result()
ucp._libs.exceptions.UCXError: <stream_send>: Connection reset by remote peer
2024-09-07 06:15:02,415 - distributed.nanny - WARNING - Restarting worker
2024-09-07 06:15:02,420 - distributed.worker - ERROR - failed during get data with ucx://127.0.0.1:48121 -> ucx://127.0.0.1:41229
Traceback (most recent call last):
  File "/opt/conda/envs/gdf/lib/python3.10/site-packages/distributed/comm/ucx.py", line 335, in write
    await self.ep.send(each_frame)
  File "/opt/conda/envs/gdf/lib/python3.10/site-packages/ucp/core.py", line 662, in send
    return await comm.tag_send(self._ep, buffer, nbytes, tag, name=log)
ucp._libs.exceptions.UCXError: <[Send #007] ep: 0x7f1c417df3c0, tag: 0x9b06b0cc31e185b5, nbytes: 100000000, type: <class 'cudf.core.buffer.buffer.Buffer'>>: Connection reset by remote peer

During handling of the above exception, another exception occurred:

Traceback (most recent call last):
  File "/opt/conda/envs/gdf/lib/python3.10/site-packages/distributed/worker.py", line 1777, in get_data
    compressed = await comm.write(msg, serializers=serializers)
  File "/opt/conda/envs/gdf/lib/python3.10/site-packages/distributed/utils.py", line 806, in wrapper
    return await func(*args, **kwargs)
  File "/opt/conda/envs/gdf/lib/python3.10/site-packages/distributed/comm/ucx.py", line 339, in write
    raise CommClosedError("While writing, the connection was closed")
distributed.comm.core.CommClosedError: While writing, the connection was closed
2024-09-07 06:15:02,421 - distributed.scheduler - WARNING - Removing worker 'ucx://127.0.0.1:41229' caused the cluster to lose already computed task(s), which will be recomputed elsewhere: {('split-taskshuffle-b193d85dcbb1359f44fff00bd51d0d18', 5, 5), ('split-taskshuffle-b193d85dcbb1359f44fff00bd51d0d18', 0, 5), ('split-taskshuffle-b193d85dcbb1359f44fff00bd51d0d18', 6, 5), ('split-taskshuffle-b193d85dcbb1359f44fff00bd51d0d18', 1, 5), ('generate_chunk-_to_string_dtype-4a286622e28b0e0aa1748bcd21fd1539', 5), ('split-taskshuffle-b193d85dcbb1359f44fff00bd51d0d18', 2, 5), ('split-taskshuffle-b193d85dcbb1359f44fff00bd51d0d18', 3, 5), ('split-taskshuffle-b193d85dcbb1359f44fff00bd51d0d18', 4, 5), ('split-taskshuffle-b193d85dcbb1359f44fff00bd51d0d18', 7, 5)} (stimulus_id='handle-worker-cleanup-1725689702.4208763')
2024-09-07 06:15:02,420 - distributed.worker - ERROR - Worker stream died during communication: ucx://127.0.0.1:41229
Traceback (most recent call last):
  File "/opt/conda/envs/gdf/lib/python3.10/site-packages/distributed/comm/ucx.py", line 393, in read
    await self.ep.recv(each_frame)
  File "/opt/conda/envs/gdf/lib/python3.10/site-packages/ucp/core.py", line 737, in recv
    ret = await comm.tag_recv(self._ep, buffer, nbytes, tag, name=log)
ucp._libs.exceptions.UCXCanceled: <[Recv #008] ep: 0x7f882128a140, tag: 0x601b0615d7ff6b08, nbytes: 100000000, type: <class 'rmm._lib.device_buffer.DeviceBuffer'>>: 

During handling of the above exception, another exception occurred:

Traceback (most recent call last):
  File "/opt/conda/envs/gdf/lib/python3.10/site-packages/distributed/worker.py", line 2056, in gather_dep
    response = await get_data_from_worker(
  File "/opt/conda/envs/gdf/lib/python3.10/site-packages/distributed/worker.py", line 2874, in get_data_from_worker
    response = await send_recv(
  File "/opt/conda/envs/gdf/lib/python3.10/site-packages/distributed/core.py", line 1015, in send_recv
    response = await comm.read(deserializers=deserializers)
  File "/opt/conda/envs/gdf/lib/python3.10/site-packages/distributed/utils.py", line 806, in wrapper
    return await func(*args, **kwargs)
  File "/opt/conda/envs/gdf/lib/python3.10/site-packages/distributed/comm/ucx.py", line 399, in read
    raise CommClosedError(
distributed.comm.core.CommClosedError: Connection closed by writer.
Inner exception: UCXCanceled("<[Recv #008] ep: 0x7f882128a140, tag: 0x601b0615d7ff6b08, nbytes: 100000000, type: <class 'rmm._lib.device_buffer.DeviceBuffer'>>: ")
2024-09-07 06:15:02,421 - distributed.worker - ERROR - Worker stream died during communication: ucx://127.0.0.1:41229
Traceback (most recent call last):
  File "/opt/conda/envs/gdf/lib/python3.10/site-packages/distributed/comm/ucx.py", line 393, in read
    await self.ep.recv(each_frame)
  File "/opt/conda/envs/gdf/lib/python3.10/site-packages/ucp/core.py", line 737, in recv
    ret = await comm.tag_recv(self._ep, buffer, nbytes, tag, name=log)
ucp._libs.exceptions.UCXError: <[Recv #007] ep: 0x7f1c417df100, tag: 0x9f1162f05dd2a6fc, nbytes: 100000000, type: <class 'rmm._lib.device_buffer.DeviceBuffer'>>: Connection reset by remote peer

During handling of the above exception, another exception occurred:

Traceback (most recent call last):
  File "/opt/conda/envs/gdf/lib/python3.10/site-packages/distributed/worker.py", line 2056, in gather_dep
    response = await get_data_from_worker(
  File "/opt/conda/envs/gdf/lib/python3.10/site-packages/distributed/worker.py", line 2874, in get_data_from_worker
    response = await send_recv(
  File "/opt/conda/envs/gdf/lib/python3.10/site-packages/distributed/core.py", line 1015, in send_recv
    response = await comm.read(deserializers=deserializers)
  File "/opt/conda/envs/gdf/lib/python3.10/site-packages/distributed/utils.py", line 806, in wrapper
    return await func(*args, **kwargs)
  File "/opt/conda/envs/gdf/lib/python3.10/site-packages/distributed/comm/ucx.py", line 399, in read
    raise CommClosedError(
distributed.comm.core.CommClosedError: Connection closed by writer.
Inner exception: UCXError("<[Recv #007] ep: 0x7f1c417df100, tag: 0x9f1162f05dd2a6fc, nbytes: 100000000, type: <class 'rmm._lib.device_buffer.DeviceBuffer'>>: Connection reset by remote peer")
2024-09-07 06:15:02,430 - distributed.worker - ERROR - failed during get data with ucx://127.0.0.1:41341 -> ucx://127.0.0.1:39725
Traceback (most recent call last):
  File "/opt/conda/envs/gdf/lib/python3.10/site-packages/distributed/comm/ucx.py", line 335, in write
    await self.ep.send(each_frame)
  File "/opt/conda/envs/gdf/lib/python3.10/site-packages/ucp/core.py", line 662, in send
    return await comm.tag_send(self._ep, buffer, nbytes, tag, name=log)
ucp._libs.exceptions.UCXError: <[Send #007] ep: 0x7f5ad941b3c0, tag: 0x57b62706db3f85bf, nbytes: 100000000, type: <class 'cudf.core.buffer.buffer.Buffer'>>: Connection reset by remote peer

During handling of the above exception, another exception occurred:

Traceback (most recent call last):
  File "/opt/conda/envs/gdf/lib/python3.10/site-packages/distributed/worker.py", line 1777, in get_data
    compressed = await comm.write(msg, serializers=serializers)
  File "/opt/conda/envs/gdf/lib/python3.10/site-packages/distributed/utils.py", line 806, in wrapper
    return await func(*args, **kwargs)
  File "/opt/conda/envs/gdf/lib/python3.10/site-packages/distributed/comm/ucx.py", line 339, in write
    raise CommClosedError("While writing, the connection was closed")
distributed.comm.core.CommClosedError: While writing, the connection was closed
2024-09-07 06:15:02,433 - distributed.worker - ERROR - Worker stream died during communication: ucx://127.0.0.1:41229
Traceback (most recent call last):
  File "/opt/conda/envs/gdf/lib/python3.10/site-packages/distributed/comm/ucx.py", line 351, in read
    await self.ep.recv(msg)
  File "/opt/conda/envs/gdf/lib/python3.10/site-packages/ucp/core.py", line 737, in recv
    ret = await comm.tag_recv(self._ep, buffer, nbytes, tag, name=log)
ucp._libs.exceptions.UCXCanceled: <[Recv #003] ep: 0x7f5ad941b2c0, tag: 0xee4dd442790ac48e, nbytes: 16, type: <class 'numpy.ndarray'>>: 

During handling of the above exception, another exception occurred:

Traceback (most recent call last):
  File "/opt/conda/envs/gdf/lib/python3.10/site-packages/distributed/worker.py", line 2056, in gather_dep
    response = await get_data_from_worker(
  File "/opt/conda/envs/gdf/lib/python3.10/site-packages/distributed/worker.py", line 2874, in get_data_from_worker
    response = await send_recv(
  File "/opt/conda/envs/gdf/lib/python3.10/site-packages/distributed/core.py", line 1015, in send_recv
    response = await comm.read(deserializers=deserializers)
  File "/opt/conda/envs/gdf/lib/python3.10/site-packages/distributed/utils.py", line 806, in wrapper
    return await func(*args, **kwargs)
  File "/opt/conda/envs/gdf/lib/python3.10/site-packages/distributed/comm/ucx.py", line 369, in read
    raise CommClosedError(
distributed.comm.core.CommClosedError: Connection closed by writer.
Inner exception: UCXCanceled("<[Recv #003] ep: 0x7f5ad941b2c0, tag: 0xee4dd442790ac48e, nbytes: 16, type: <class 'numpy.ndarray'>>: ")
2024-09-07 06:15:02,433 - distributed.worker - ERROR - Worker stream died during communication: ucx://127.0.0.1:39725
Traceback (most recent call last):
  File "/opt/conda/envs/gdf/lib/python3.10/site-packages/distributed/comm/ucx.py", line 351, in read
    await self.ep.recv(msg)
  File "/opt/conda/envs/gdf/lib/python3.10/site-packages/ucp/core.py", line 737, in recv
    ret = await comm.tag_recv(self._ep, buffer, nbytes, tag, name=log)
ucp._libs.exceptions.UCXCanceled: <[Recv #003] ep: 0x7f5ad941b300, tag: 0x3f08cc7dc4a9c1e, nbytes: 16, type: <class 'numpy.ndarray'>>: 

During handling of the above exception, another exception occurred:

Traceback (most recent call last):
  File "/opt/conda/envs/gdf/lib/python3.10/site-packages/distributed/worker.py", line 2056, in gather_dep
    response = await get_data_from_worker(
  File "/opt/conda/envs/gdf/lib/python3.10/site-packages/distributed/worker.py", line 2874, in get_data_from_worker
    response = await send_recv(
  File "/opt/conda/envs/gdf/lib/python3.10/site-packages/distributed/core.py", line 1015, in send_recv
    response = await comm.read(deserializers=deserializers)
  File "/opt/conda/envs/gdf/lib/python3.10/site-packages/distributed/utils.py", line 806, in wrapper
    return await func(*args, **kwargs)
  File "/opt/conda/envs/gdf/lib/python3.10/site-packages/distributed/comm/ucx.py", line 369, in read
    raise CommClosedError(
distributed.comm.core.CommClosedError: Connection closed by writer.
Inner exception: UCXCanceled("<[Recv #003] ep: 0x7f5ad941b300, tag: 0x3f08cc7dc4a9c1e, nbytes: 16, type: <class 'numpy.ndarray'>>: ")
2024-09-07 06:15:02,451 - distributed.scheduler - WARNING - Removing worker 'ucx://127.0.0.1:52159' caused the cluster to lose already computed task(s), which will be recomputed elsewhere: {('split-taskshuffle-b193d85dcbb1359f44fff00bd51d0d18', 1, 3), ('split-taskshuffle-b193d85dcbb1359f44fff00bd51d0d18', 2, 3), ('split-taskshuffle-b193d85dcbb1359f44fff00bd51d0d18', 3, 3), ('split-taskshuffle-b193d85dcbb1359f44fff00bd51d0d18', 4, 3), ('generate_chunk-_to_string_dtype-4a286622e28b0e0aa1748bcd21fd1539', 1), ('split-taskshuffle-b193d85dcbb1359f44fff00bd51d0d18', 7, 3), ('split-taskshuffle-b193d85dcbb1359f44fff00bd51d0d18', 5, 3), ('split-taskshuffle-b193d85dcbb1359f44fff00bd51d0d18', 0, 3), ('split-taskshuffle-b193d85dcbb1359f44fff00bd51d0d18', 6, 3)} (stimulus_id='handle-worker-cleanup-1725689702.4517999')
2024-09-07 06:15:02,463 - distributed.worker - ERROR - failed during get data with ucx://127.0.0.1:35623 -> ucx://127.0.0.1:52159
Traceback (most recent call last):
  File "/opt/conda/envs/gdf/lib/python3.10/site-packages/distributed/comm/ucx.py", line 335, in write
    await self.ep.send(each_frame)
  File "/opt/conda/envs/gdf/lib/python3.10/site-packages/ucp/core.py", line 662, in send
    return await comm.tag_send(self._ep, buffer, nbytes, tag, name=log)
ucp._libs.exceptions.UCXError: <[Send #007] ep: 0x7f882128a100, tag: 0x1812b2829d74a4d0, nbytes: 100000000, type: <class 'cudf.core.buffer.buffer.Buffer'>>: Connection reset by remote peer

During handling of the above exception, another exception occurred:

Traceback (most recent call last):
  File "/opt/conda/envs/gdf/lib/python3.10/site-packages/distributed/worker.py", line 1777, in get_data
    compressed = await comm.write(msg, serializers=serializers)
  File "/opt/conda/envs/gdf/lib/python3.10/site-packages/distributed/utils.py", line 806, in wrapper
    return await func(*args, **kwargs)
  File "/opt/conda/envs/gdf/lib/python3.10/site-packages/distributed/comm/ucx.py", line 339, in write
    raise CommClosedError("While writing, the connection was closed")
distributed.comm.core.CommClosedError: While writing, the connection was closed
2024-09-07 06:15:02,469 - distributed.worker - ERROR - failed during get data with ucx://127.0.0.1:35623 -> ucx://127.0.0.1:39725
Traceback (most recent call last):
  File "/opt/conda/envs/gdf/lib/python3.10/site-packages/distributed/comm/ucx.py", line 335, in write
    await self.ep.send(each_frame)
  File "/opt/conda/envs/gdf/lib/python3.10/site-packages/ucp/core.py", line 662, in send
    return await comm.tag_send(self._ep, buffer, nbytes, tag, name=log)
ucp._libs.exceptions.UCXError: <[Send #007] ep: 0x7f882128a380, tag: 0x264bbe926dfe8e4c, nbytes: 100000000, type: <class 'cudf.core.buffer.buffer.Buffer'>>: Connection reset by remote peer

During handling of the above exception, another exception occurred:

Traceback (most recent call last):
  File "/opt/conda/envs/gdf/lib/python3.10/site-packages/distributed/worker.py", line 1777, in get_data
    compressed = await comm.write(msg, serializers=serializers)
  File "/opt/conda/envs/gdf/lib/python3.10/site-packages/distributed/utils.py", line 806, in wrapper
    return await func(*args, **kwargs)
  File "/opt/conda/envs/gdf/lib/python3.10/site-packages/distributed/comm/ucx.py", line 339, in write
    raise CommClosedError("While writing, the connection was closed")
distributed.comm.core.CommClosedError: While writing, the connection was closed
2024-09-07 06:15:02,469 - distributed.worker - ERROR - Worker stream died during communication: ucx://127.0.0.1:41229
Traceback (most recent call last):
  File "/opt/conda/envs/gdf/lib/python3.10/site-packages/distributed/comm/ucx.py", line 351, in read
    await self.ep.recv(msg)
  File "/opt/conda/envs/gdf/lib/python3.10/site-packages/ucp/core.py", line 737, in recv
    ret = await comm.tag_recv(self._ep, buffer, nbytes, tag, name=log)
ucp._libs.exceptions.UCXCanceled: <[Recv #003] ep: 0x7f3689323200, tag: 0x342ab4304d1dc726, nbytes: 16, type: <class 'numpy.ndarray'>>: 

During handling of the above exception, another exception occurred:

Traceback (most recent call last):
  File "/opt/conda/envs/gdf/lib/python3.10/site-packages/distributed/worker.py", line 2056, in gather_dep
    response = await get_data_from_worker(
  File "/opt/conda/envs/gdf/lib/python3.10/site-packages/distributed/worker.py", line 2874, in get_data_from_worker
    response = await send_recv(
  File "/opt/conda/envs/gdf/lib/python3.10/site-packages/distributed/core.py", line 1015, in send_recv
    response = await comm.read(deserializers=deserializers)
  File "/opt/conda/envs/gdf/lib/python3.10/site-packages/distributed/utils.py", line 806, in wrapper
    return await func(*args, **kwargs)
  File "/opt/conda/envs/gdf/lib/python3.10/site-packages/distributed/comm/ucx.py", line 369, in read
    raise CommClosedError(
distributed.comm.core.CommClosedError: Connection closed by writer.
Inner exception: UCXCanceled("<[Recv #003] ep: 0x7f3689323200, tag: 0x342ab4304d1dc726, nbytes: 16, type: <class 'numpy.ndarray'>>: ")
2024-09-07 06:15:02,470 - distributed.worker - ERROR - Worker stream died during communication: ucx://127.0.0.1:52159
Traceback (most recent call last):
  File "/opt/conda/envs/gdf/lib/python3.10/site-packages/distributed/comm/ucx.py", line 393, in read
    await self.ep.recv(each_frame)
  File "/opt/conda/envs/gdf/lib/python3.10/site-packages/ucp/core.py", line 737, in recv
    ret = await comm.tag_recv(self._ep, buffer, nbytes, tag, name=log)
ucp._libs.exceptions.UCXCanceled: <[Recv #009] ep: 0x7f36893231c0, tag: 0x279dbcb4852897cc, nbytes: 100000000, type: <class 'rmm._lib.device_buffer.DeviceBuffer'>>: 

During handling of the above exception, another exception occurred:

Traceback (most recent call last):
  File "/opt/conda/envs/gdf/lib/python3.10/site-packages/distributed/worker.py", line 2056, in gather_dep
    response = await get_data_from_worker(
  File "/opt/conda/envs/gdf/lib/python3.10/site-packages/distributed/worker.py", line 2874, in get_data_from_worker
    response = await send_recv(
  File "/opt/conda/envs/gdf/lib/python3.10/site-packages/distributed/core.py", line 1015, in send_recv
    response = await comm.read(deserializers=deserializers)
  File "/opt/conda/envs/gdf/lib/python3.10/site-packages/distributed/utils.py", line 806, in wrapper
    return await func(*args, **kwargs)
  File "/opt/conda/envs/gdf/lib/python3.10/site-packages/distributed/comm/ucx.py", line 399, in read
    raise CommClosedError(
distributed.comm.core.CommClosedError: Connection closed by writer.
Inner exception: UCXCanceled("<[Recv #009] ep: 0x7f36893231c0, tag: 0x279dbcb4852897cc, nbytes: 100000000, type: <class 'rmm._lib.device_buffer.DeviceBuffer'>>: ")
2024-09-07 06:15:02,470 - distributed.worker - ERROR - failed during get data with ucx://127.0.0.1:35623 -> ucx://127.0.0.1:41229
Traceback (most recent call last):
  File "/opt/conda/envs/gdf/lib/python3.10/site-packages/distributed/comm/ucx.py", line 335, in write
    await self.ep.send(each_frame)
  File "/opt/conda/envs/gdf/lib/python3.10/site-packages/ucp/core.py", line 662, in send
    return await comm.tag_send(self._ep, buffer, nbytes, tag, name=log)
ucp._libs.exceptions.UCXError: <[Send #008] ep: 0x7f882128a300, tag: 0x72ab2fa23f7a9088, nbytes: 100000000, type: <class 'cudf.core.buffer.buffer.Buffer'>>: Connection reset by remote peer

During handling of the above exception, another exception occurred:

Traceback (most recent call last):
  File "/opt/conda/envs/gdf/lib/python3.10/site-packages/distributed/worker.py", line 1777, in get_data
    compressed = await comm.write(msg, serializers=serializers)
  File "/opt/conda/envs/gdf/lib/python3.10/site-packages/distributed/utils.py", line 806, in wrapper
    return await func(*args, **kwargs)
  File "/opt/conda/envs/gdf/lib/python3.10/site-packages/distributed/comm/ucx.py", line 339, in write
    raise CommClosedError("While writing, the connection was closed")
distributed.comm.core.CommClosedError: While writing, the connection was closed
2024-09-07 06:15:02,475 - distributed.worker - ERROR - Worker stream died during communication: ucx://127.0.0.1:52159
Traceback (most recent call last):
  File "/opt/conda/envs/gdf/lib/python3.10/site-packages/distributed/comm/ucx.py", line 393, in read
    await self.ep.recv(each_frame)
  File "/opt/conda/envs/gdf/lib/python3.10/site-packages/ucp/core.py", line 737, in recv
    ret = await comm.tag_recv(self._ep, buffer, nbytes, tag, name=log)
ucp._libs.exceptions.UCXError: <[Recv #007] ep: 0x7f882128a280, tag: 0xe710ec8b20022b3c, nbytes: 100000000, type: <class 'rmm._lib.device_buffer.DeviceBuffer'>>: Connection reset by remote peer

During handling of the above exception, another exception occurred:

Traceback (most recent call last):
  File "/opt/conda/envs/gdf/lib/python3.10/site-packages/distributed/worker.py", line 2056, in gather_dep
    response = await get_data_from_worker(
  File "/opt/conda/envs/gdf/lib/python3.10/site-packages/distributed/worker.py", line 2874, in get_data_from_worker
    response = await send_recv(
  File "/opt/conda/envs/gdf/lib/python3.10/site-packages/distributed/core.py", line 1015, in send_recv
    response = await comm.read(deserializers=deserializers)
  File "/opt/conda/envs/gdf/lib/python3.10/site-packages/distributed/utils.py", line 806, in wrapper
    return await func(*args, **kwargs)
  File "/opt/conda/envs/gdf/lib/python3.10/site-packages/distributed/comm/ucx.py", line 399, in read
    raise CommClosedError(
distributed.comm.core.CommClosedError: Connection closed by writer.
Inner exception: UCXError("<[Recv #007] ep: 0x7f882128a280, tag: 0xe710ec8b20022b3c, nbytes: 100000000, type: <class 'rmm._lib.device_buffer.DeviceBuffer'>>: Connection reset by remote peer")
2024-09-07 06:15:02,538 - distributed.nanny - WARNING - Restarting worker
2024-09-07 06:15:02,539 - distributed.worker - ERROR - failed during get data with ucx://127.0.0.1:41341 -> ucx://127.0.0.1:52159
Traceback (most recent call last):
  File "/opt/conda/envs/gdf/lib/python3.10/site-packages/distributed/comm/ucx.py", line 335, in write
    await self.ep.send(each_frame)
  File "/opt/conda/envs/gdf/lib/python3.10/site-packages/ucp/core.py", line 662, in send
    return await comm.tag_send(self._ep, buffer, nbytes, tag, name=log)
ucp._libs.exceptions.UCXError: <[Send #007] ep: 0x7f5ad941b100, tag: 0x4e47e27406fb8b97, nbytes: 100000000, type: <class 'cudf.core.buffer.buffer.Buffer'>>: Connection reset by remote peer

During handling of the above exception, another exception occurred:

Traceback (most recent call last):
  File "/opt/conda/envs/gdf/lib/python3.10/site-packages/distributed/worker.py", line 1777, in get_data
    compressed = await comm.write(msg, serializers=serializers)
  File "/opt/conda/envs/gdf/lib/python3.10/site-packages/distributed/utils.py", line 806, in wrapper
    return await func(*args, **kwargs)
  File "/opt/conda/envs/gdf/lib/python3.10/site-packages/distributed/comm/ucx.py", line 339, in write
    raise CommClosedError("While writing, the connection was closed")
distributed.comm.core.CommClosedError: While writing, the connection was closed
2024-09-07 06:15:02,540 - distributed.worker - ERROR - failed during get data with ucx://127.0.0.1:41341 -> ucx://127.0.0.1:41229
Traceback (most recent call last):
  File "/opt/conda/envs/gdf/lib/python3.10/site-packages/distributed/comm/ucx.py", line 335, in write
    await self.ep.send(each_frame)
  File "/opt/conda/envs/gdf/lib/python3.10/site-packages/ucp/core.py", line 662, in send
    return await comm.tag_send(self._ep, buffer, nbytes, tag, name=log)
ucp._libs.exceptions.UCXError: <[Send #007] ep: 0x7f5ad941b400, tag: 0x489b035318c69f83, nbytes: 100000000, type: <class 'cudf.core.buffer.buffer.Buffer'>>: Connection reset by remote peer

During handling of the above exception, another exception occurred:

Traceback (most recent call last):
  File "/opt/conda/envs/gdf/lib/python3.10/site-packages/distributed/worker.py", line 1777, in get_data
    compressed = await comm.write(msg, serializers=serializers)
  File "/opt/conda/envs/gdf/lib/python3.10/site-packages/distributed/utils.py", line 806, in wrapper
    return await func(*args, **kwargs)
  File "/opt/conda/envs/gdf/lib/python3.10/site-packages/distributed/comm/ucx.py", line 339, in write
    raise CommClosedError("While writing, the connection was closed")
distributed.comm.core.CommClosedError: While writing, the connection was closed
Task exception was never retrieved
future: <Task finished name='Task-469' coro=<_listener_handler_coroutine() done, defined at /opt/conda/envs/gdf/lib/python3.10/site-packages/ucp/core.py:140> exception=UCXError('<stream_recv>: Connection reset by remote peer')>
Traceback (most recent call last):
  File "/opt/conda/envs/gdf/lib/python3.10/site-packages/ucp/core.py", line 155, in _listener_handler_coroutine
    peer_info = await exchange_peer_info(
  File "/opt/conda/envs/gdf/lib/python3.10/site-packages/ucp/core.py", line 55, in exchange_peer_info
    await asyncio.wait_for(
  File "/opt/conda/envs/gdf/lib/python3.10/asyncio/tasks.py", line 445, in wait_for
    return fut.result()
ucp._libs.exceptions.UCXError: <stream_recv>: Connection reset by remote peer
2024-09-07 06:15:02,542 - distributed.worker - ERROR - Worker stream died during communication: ucx://127.0.0.1:52159
Traceback (most recent call last):
  File "/opt/conda/envs/gdf/lib/python3.10/site-packages/distributed/comm/ucx.py", line 393, in read
    await self.ep.recv(each_frame)
  File "/opt/conda/envs/gdf/lib/python3.10/site-packages/ucp/core.py", line 737, in recv
    ret = await comm.tag_recv(self._ep, buffer, nbytes, tag, name=log)
ucp._libs.exceptions.UCXCanceled: <[Recv #008] ep: 0x7fd1e0472140, tag: 0x5553b57405bdb6d9, nbytes: 100000000, type: <class 'rmm._lib.device_buffer.DeviceBuffer'>>: 

During handling of the above exception, another exception occurred:

Traceback (most recent call last):
  File "/opt/conda/envs/gdf/lib/python3.10/site-packages/distributed/worker.py", line 2056, in gather_dep
    response = await get_data_from_worker(
  File "/opt/conda/envs/gdf/lib/python3.10/site-packages/distributed/worker.py", line 2874, in get_data_from_worker
    response = await send_recv(
  File "/opt/conda/envs/gdf/lib/python3.10/site-packages/distributed/core.py", line 1015, in send_recv
    response = await comm.read(deserializers=deserializers)
  File "/opt/conda/envs/gdf/lib/python3.10/site-packages/distributed/utils.py", line 806, in wrapper
    return await func(*args, **kwargs)
  File "/opt/conda/envs/gdf/lib/python3.10/site-packages/distributed/comm/ucx.py", line 399, in read
    raise CommClosedError(
distributed.comm.core.CommClosedError: Connection closed by writer.
Inner exception: UCXCanceled("<[Recv #008] ep: 0x7fd1e0472140, tag: 0x5553b57405bdb6d9, nbytes: 100000000, type: <class 'rmm._lib.device_buffer.DeviceBuffer'>>: ")
2024-09-07 06:15:02,543 - distributed.worker - ERROR - Worker stream died during communication: ucx://127.0.0.1:41229
Traceback (most recent call last):
  File "/opt/conda/envs/gdf/lib/python3.10/site-packages/distributed/comm/ucx.py", line 351, in read
    await self.ep.recv(msg)
  File "/opt/conda/envs/gdf/lib/python3.10/site-packages/ucp/core.py", line 737, in recv
    ret = await comm.tag_recv(self._ep, buffer, nbytes, tag, name=log)
ucp._libs.exceptions.UCXCanceled: <[Recv #003] ep: 0x7fd1e0472100, tag: 0x61013303055646cc, nbytes: 16, type: <class 'numpy.ndarray'>>: 

During handling of the above exception, another exception occurred:

Traceback (most recent call last):
  File "/opt/conda/envs/gdf/lib/python3.10/site-packages/distributed/worker.py", line 2056, in gather_dep
    response = await get_data_from_worker(
  File "/opt/conda/envs/gdf/lib/python3.10/site-packages/distributed/worker.py", line 2874, in get_data_from_worker
    response = await send_recv(
  File "/opt/conda/envs/gdf/lib/python3.10/site-packages/distributed/core.py", line 1015, in send_recv
    response = await comm.read(deserializers=deserializers)
  File "/opt/conda/envs/gdf/lib/python3.10/site-packages/distributed/utils.py", line 806, in wrapper
    return await func(*args, **kwargs)
  File "/opt/conda/envs/gdf/lib/python3.10/site-packages/distributed/comm/ucx.py", line 369, in read
    raise CommClosedError(
distributed.comm.core.CommClosedError: Connection closed by writer.
Inner exception: UCXCanceled("<[Recv #003] ep: 0x7fd1e0472100, tag: 0x61013303055646cc, nbytes: 16, type: <class 'numpy.ndarray'>>: ")
2024-09-07 06:15:02,546 - distributed.worker - ERROR - Worker stream died during communication: ucx://127.0.0.1:52159
Traceback (most recent call last):
  File "/opt/conda/envs/gdf/lib/python3.10/site-packages/distributed/comm/ucx.py", line 351, in read
    await self.ep.recv(msg)
  File "/opt/conda/envs/gdf/lib/python3.10/site-packages/ucp/core.py", line 737, in recv
    ret = await comm.tag_recv(self._ep, buffer, nbytes, tag, name=log)
asyncio.exceptions.CancelledError

During handling of the above exception, another exception occurred:

Traceback (most recent call last):
  File "/opt/conda/envs/gdf/lib/python3.10/site-packages/distributed/worker.py", line 2056, in gather_dep
    response = await get_data_from_worker(
  File "/opt/conda/envs/gdf/lib/python3.10/site-packages/distributed/worker.py", line 2871, in get_data_from_worker
    comm = await rpc.connect(worker)
  File "/opt/conda/envs/gdf/lib/python3.10/site-packages/distributed/core.py", line 1535, in connect
    return connect_attempt.result()
  File "/opt/conda/envs/gdf/lib/python3.10/site-packages/distributed/core.py", line 1425, in _connect
    comm = await connect(
  File "/opt/conda/envs/gdf/lib/python3.10/site-packages/distributed/comm/core.py", line 377, in connect
    handshake = await comm.read()
  File "/opt/conda/envs/gdf/lib/python3.10/site-packages/distributed/utils.py", line 806, in wrapper
    return await func(*args, **kwargs)
  File "/opt/conda/envs/gdf/lib/python3.10/site-packages/distributed/comm/ucx.py", line 369, in read
    raise CommClosedError(
distributed.comm.core.CommClosedError: Connection closed by writer.
Inner exception: CancelledError()
2024-09-07 06:15:02,546 - distributed.worker - ERROR - Worker stream died during communication: ucx://127.0.0.1:52159
Traceback (most recent call last):
  File "/opt/conda/envs/gdf/lib/python3.10/site-packages/distributed/comm/ucx.py", line 351, in read
    await self.ep.recv(msg)
  File "/opt/conda/envs/gdf/lib/python3.10/site-packages/ucp/core.py", line 737, in recv
    ret = await comm.tag_recv(self._ep, buffer, nbytes, tag, name=log)
asyncio.exceptions.CancelledError

During handling of the above exception, another exception occurred:

Traceback (most recent call last):
  File "/opt/conda/envs/gdf/lib/python3.10/site-packages/distributed/worker.py", line 2056, in gather_dep
    response = await get_data_from_worker(
  File "/opt/conda/envs/gdf/lib/python3.10/site-packages/distributed/worker.py", line 2871, in get_data_from_worker
    comm = await rpc.connect(worker)
  File "/opt/conda/envs/gdf/lib/python3.10/site-packages/distributed/core.py", line 1535, in connect
    return connect_attempt.result()
  File "/opt/conda/envs/gdf/lib/python3.10/site-packages/distributed/core.py", line 1425, in _connect
    comm = await connect(
  File "/opt/conda/envs/gdf/lib/python3.10/site-packages/distributed/comm/core.py", line 377, in connect
    handshake = await comm.read()
  File "/opt/conda/envs/gdf/lib/python3.10/site-packages/distributed/utils.py", line 806, in wrapper
    return await func(*args, **kwargs)
  File "/opt/conda/envs/gdf/lib/python3.10/site-packages/distributed/comm/ucx.py", line 369, in read
    raise CommClosedError(
distributed.comm.core.CommClosedError: Connection closed by writer.
Inner exception: CancelledError()
[dgx13:94319:0:94319] Caught signal 11 (Segmentation fault: address not mapped to object at address 0x450)
==== backtrace (tid:  94319) ====
 0  /opt/conda/envs/gdf/lib/libucs.so.0(ucs_handle_error+0x2fd) [0x7f8821e0deed]
 1  /opt/conda/envs/gdf/lib/libucs.so.0(+0x2f0e4) [0x7f8821e0e0e4]
 2  /opt/conda/envs/gdf/lib/libucs.so.0(+0x2f2aa) [0x7f8821e0e2aa]
 3  /usr/lib/x86_64-linux-gnu/libpthread.so.0(+0x14420) [0x7f886088c420]
 4  /opt/conda/envs/gdf/lib/libucp.so.0(ucp_mem_type_unpack+0x17) [0x7f8821e93487]
 5  /opt/conda/envs/gdf/lib/libucp.so.0(ucp_rndv_data_handler+0x66d) [0x7f8821ebedad]
 6  /opt/conda/envs/gdf/lib/libuct.so.0(+0x21dff) [0x7f8821dc2dff]
 7  /opt/conda/envs/gdf/lib/libuct.so.0(+0x25018) [0x7f8821dc6018]
 8  /opt/conda/envs/gdf/lib/libucs.so.0(ucs_event_set_wait+0xb9) [0x7f8821e17729]
 9  /opt/conda/envs/gdf/lib/libuct.so.0(uct_tcp_iface_progress+0x7d) [0x7f8821dc511d]
10  /opt/conda/envs/gdf/lib/libucp.so.0(ucp_worker_progress+0x5a) [0x7f8821e901da]
11  /opt/conda/envs/gdf/lib/python3.10/site-packages/ucp/_libs/ucx_api.cpython-310-x86_64-linux-gnu.so(+0x31d7a) [0x7f8821f52d7a]
12  /opt/conda/envs/gdf/bin/python(_PyEval_EvalFrameDefault+0x2d83) [0x561787a002b3]
13  /opt/conda/envs/gdf/bin/python(_PyFunction_Vectorcall+0x6c) [0x561787a0da2c]
14  /opt/conda/envs/gdf/bin/python(_PyEval_EvalFrameDefault+0x72c) [0x5617879fdc5c]
15  /opt/conda/envs/gdf/bin/python(+0x150804) [0x561787a19804]
16  /opt/conda/envs/gdf/bin/python(+0x25f60c) [0x561787b2860c]
17  /opt/conda/envs/gdf/bin/python(+0xfdd90) [0x5617879c6d90]
18  /opt/conda/envs/gdf/bin/python(+0x13c2a3) [0x561787a052a3]
19  /opt/conda/envs/gdf/bin/python(_PyEval_EvalFrameDefault+0x5cd5) [0x561787a03205]
20  /opt/conda/envs/gdf/bin/python(_PyFunction_Vectorcall+0x6c) [0x561787a0da2c]
21  /opt/conda/envs/gdf/bin/python(_PyEval_EvalFrameDefault+0x72c) [0x5617879fdc5c]
22  /opt/conda/envs/gdf/bin/python(_PyFunction_Vectorcall+0x6c) [0x561787a0da2c]
23  /opt/conda/envs/gdf/bin/python(_PyEval_EvalFrameDefault+0x72c) [0x5617879fdc5c]
24  /opt/conda/envs/gdf/bin/python(_PyFunction_Vectorcall+0x6c) [0x561787a0da2c]
25  /opt/conda/envs/gdf/bin/python(_PyEval_EvalFrameDefault+0x72c) [0x5617879fdc5c]
26  /opt/conda/envs/gdf/bin/python(_PyFunction_Vectorcall+0x6c) [0x561787a0da2c]
27  /opt/conda/envs/gdf/bin/python(_PyEval_EvalFrameDefault+0x72c) [0x5617879fdc5c]
28  /opt/conda/envs/gdf/bin/python(_PyFunction_Vectorcall+0x6c) [0x561787a0da2c]
29  /opt/conda/envs/gdf/bin/python(_PyEval_EvalFrameDefault+0x13ca) [0x5617879fe8fa]
30  /opt/conda/envs/gdf/bin/python(+0x150582) [0x561787a19582]
31  /opt/conda/envs/gdf/bin/python(PyObject_Call+0xbc) [0x561787a19f1c]
32  /opt/conda/envs/gdf/bin/python(+0x20a9ae) [0x561787ad39ae]
33  /opt/conda/envs/gdf/bin/python(_PyObject_MakeTpCall+0x26b) [0x561787a06a6b]
34  /opt/conda/envs/gdf/bin/python(_PyEval_EvalFrameDefault+0x2d83) [0x561787a002b3]
35  /opt/conda/envs/gdf/bin/python(+0x1506d8) [0x561787a196d8]
36  /opt/conda/envs/gdf/bin/python(_PyEval_EvalFrameDefault+0x2d83) [0x561787a002b3]
37  /opt/conda/envs/gdf/bin/python(_PyFunction_Vectorcall+0x6c) [0x561787a0da2c]
38  /opt/conda/envs/gdf/bin/python(_PyEval_EvalFrameDefault+0x72c) [0x5617879fdc5c]
39  /opt/conda/envs/gdf/bin/python(_PyFunction_Vectorcall+0x6c) [0x561787a0da2c]
40  /opt/conda/envs/gdf/bin/python(_PyEval_EvalFrameDefault+0x72c) [0x5617879fdc5c]
41  /opt/conda/envs/gdf/bin/python(_PyFunction_Vectorcall+0x6c) [0x561787a0da2c]
42  /opt/conda/envs/gdf/bin/python(_PyEval_EvalFrameDefault+0x320) [0x5617879fd850]
43  /opt/conda/envs/gdf/bin/python(_PyFunction_Vectorcall+0x6c) [0x561787a0da2c]
44  /opt/conda/envs/gdf/bin/python(_PyEval_EvalFrameDefault+0x13ca) [0x5617879fe8fa]
45  /opt/conda/envs/gdf/bin/python(+0x1d7c60) [0x561787aa0c60]
46  /opt/conda/envs/gdf/bin/python(PyEval_EvalCode+0x87) [0x561787aa0ba7]
47  /opt/conda/envs/gdf/bin/python(+0x20812a) [0x561787ad112a]
48  /opt/conda/envs/gdf/bin/python(+0x203523) [0x561787acc523]
49  /opt/conda/envs/gdf/bin/python(PyRun_StringFlags+0x7d) [0x561787ac491d]
50  /opt/conda/envs/gdf/bin/python(PyRun_SimpleStringFlags+0x3c) [0x561787ac475c]
51  /opt/conda/envs/gdf/bin/python(Py_RunMain+0x26b) [0x561787ac366b]
52  /opt/conda/envs/gdf/bin/python(Py_BytesMain+0x37) [0x561787a941f7]
53  /usr/lib/x86_64-linux-gnu/libc.so.6(__libc_start_main+0xf3) [0x7f8860550083]
54  /opt/conda/envs/gdf/bin/python(+0x1cb0f1) [0x561787a940f1]
=================================
2024-09-07 06:15:02,690 - distributed.nanny - WARNING - Restarting worker
2024-09-07 06:15:02,732 - distributed.worker - ERROR - failed during get data with ucx://127.0.0.1:48121 -> ucx://127.0.0.1:52159
Traceback (most recent call last):
  File "/opt/conda/envs/gdf/lib/python3.10/site-packages/distributed/comm/ucx.py", line 335, in write
    await self.ep.send(each_frame)
  File "/opt/conda/envs/gdf/lib/python3.10/site-packages/ucp/core.py", line 662, in send
    return await comm.tag_send(self._ep, buffer, nbytes, tag, name=log)
ucp._libs.exceptions.UCXError: <[Send #007] ep: 0x7f1c417df340, tag: 0x4b1870b653416281, nbytes: 100000000, type: <class 'cudf.core.buffer.buffer.Buffer'>>: Connection reset by remote peer

During handling of the above exception, another exception occurred:

Traceback (most recent call last):
  File "/opt/conda/envs/gdf/lib/python3.10/site-packages/distributed/worker.py", line 1777, in get_data
    compressed = await comm.write(msg, serializers=serializers)
  File "/opt/conda/envs/gdf/lib/python3.10/site-packages/distributed/utils.py", line 806, in wrapper
    return await func(*args, **kwargs)
  File "/opt/conda/envs/gdf/lib/python3.10/site-packages/distributed/comm/ucx.py", line 339, in write
    raise CommClosedError("While writing, the connection was closed")
distributed.comm.core.CommClosedError: While writing, the connection was closed
2024-09-07 06:15:02,883 - distributed.worker - ERROR - Worker stream died during communication: ucx://127.0.0.1:35623
Traceback (most recent call last):
  File "/opt/conda/envs/gdf/lib/python3.10/site-packages/distributed/comm/ucx.py", line 351, in read
    await self.ep.recv(msg)
  File "/opt/conda/envs/gdf/lib/python3.10/site-packages/ucp/core.py", line 737, in recv
    ret = await comm.tag_recv(self._ep, buffer, nbytes, tag, name=log)
ucp._libs.exceptions.UCXCanceled: <[Recv #011] ep: 0x7f5ad941b200, tag: 0x96be2c7745bf9378, nbytes: 16, type: <class 'numpy.ndarray'>>: 

During handling of the above exception, another exception occurred:

Traceback (most recent call last):
  File "/opt/conda/envs/gdf/lib/python3.10/site-packages/distributed/worker.py", line 2056, in gather_dep
    response = await get_data_from_worker(
  File "/opt/conda/envs/gdf/lib/python3.10/site-packages/distributed/worker.py", line 2874, in get_data_from_worker
    response = await send_recv(
  File "/opt/conda/envs/gdf/lib/python3.10/site-packages/distributed/core.py", line 1015, in send_recv
    response = await comm.read(deserializers=deserializers)
  File "/opt/conda/envs/gdf/lib/python3.10/site-packages/distributed/utils.py", line 806, in wrapper
    return await func(*args, **kwargs)
  File "/opt/conda/envs/gdf/lib/python3.10/site-packages/distributed/comm/ucx.py", line 369, in read
    raise CommClosedError(
distributed.comm.core.CommClosedError: Connection closed by writer.
Inner exception: UCXCanceled("<[Recv #011] ep: 0x7f5ad941b200, tag: 0x96be2c7745bf9378, nbytes: 16, type: <class 'numpy.ndarray'>>: ")
2024-09-07 06:15:02,884 - distributed.worker - ERROR - Worker stream died during communication: ucx://127.0.0.1:35623
Traceback (most recent call last):
  File "/opt/conda/envs/gdf/lib/python3.10/site-packages/distributed/comm/ucx.py", line 351, in read
    await self.ep.recv(msg)
  File "/opt/conda/envs/gdf/lib/python3.10/site-packages/ucp/core.py", line 737, in recv
    ret = await comm.tag_recv(self._ep, buffer, nbytes, tag, name=log)
ucp._libs.exceptions.UCXCanceled: <[Recv #011] ep: 0x7f1c417df200, tag: 0x4d1b1544ea2f2933, nbytes: 16, type: <class 'numpy.ndarray'>>: 

During handling of the above exception, another exception occurred:

Traceback (most recent call last):
  File "/opt/conda/envs/gdf/lib/python3.10/site-packages/distributed/worker.py", line 2056, in gather_dep
    response = await get_data_from_worker(
  File "/opt/conda/envs/gdf/lib/python3.10/site-packages/distributed/worker.py", line 2874, in get_data_from_worker
    response = await send_recv(
  File "/opt/conda/envs/gdf/lib/python3.10/site-packages/distributed/core.py", line 1015, in send_recv
    response = await comm.read(deserializers=deserializers)
  File "/opt/conda/envs/gdf/lib/python3.10/site-packages/distributed/utils.py", line 806, in wrapper
    return await func(*args, **kwargs)
  File "/opt/conda/envs/gdf/lib/python3.10/site-packages/distributed/comm/ucx.py", line 369, in read
    raise CommClosedError(
distributed.comm.core.CommClosedError: Connection closed by writer.
Inner exception: UCXCanceled("<[Recv #011] ep: 0x7f1c417df200, tag: 0x4d1b1544ea2f2933, nbytes: 16, type: <class 'numpy.ndarray'>>: ")
2024-09-07 06:15:02,885 - distributed.worker - ERROR - Worker stream died during communication: ucx://127.0.0.1:35623
Traceback (most recent call last):
  File "/opt/conda/envs/gdf/lib/python3.10/site-packages/distributed/comm/ucx.py", line 393, in read
    await self.ep.recv(each_frame)
  File "/opt/conda/envs/gdf/lib/python3.10/site-packages/ucp/core.py", line 737, in recv
    ret = await comm.tag_recv(self._ep, buffer, nbytes, tag, name=log)
ucp._libs.exceptions.UCXCanceled: <[Recv #010] ep: 0x7fd1e0472280, tag: 0x7f5cfa061eda149f, nbytes: 50000000, type: <class 'rmm._lib.device_buffer.DeviceBuffer'>>: 

During handling of the above exception, another exception occurred:

Traceback (most recent call last):
  File "/opt/conda/envs/gdf/lib/python3.10/site-packages/distributed/worker.py", line 2056, in gather_dep
    response = await get_data_from_worker(
  File "/opt/conda/envs/gdf/lib/python3.10/site-packages/distributed/worker.py", line 2874, in get_data_from_worker
    response = await send_recv(
  File "/opt/conda/envs/gdf/lib/python3.10/site-packages/distributed/core.py", line 1015, in send_recv
    response = await comm.read(deserializers=deserializers)
  File "/opt/conda/envs/gdf/lib/python3.10/site-packages/distributed/utils.py", line 806, in wrapper
    return await func(*args, **kwargs)
  File "/opt/conda/envs/gdf/lib/python3.10/site-packages/distributed/comm/ucx.py", line 399, in read
    raise CommClosedError(
distributed.comm.core.CommClosedError: Connection closed by writer.
Inner exception: UCXCanceled("<[Recv #010] ep: 0x7fd1e0472280, tag: 0x7f5cfa061eda149f, nbytes: 50000000, type: <class 'rmm._lib.device_buffer.DeviceBuffer'>>: ")
2024-09-07 06:15:02,887 - distributed.scheduler - WARNING - Removing worker 'ucx://127.0.0.1:35623' caused the cluster to lose already computed task(s), which will be recomputed elsewhere: {('split-taskshuffle-b193d85dcbb1359f44fff00bd51d0d18', 7, 7), ('generate_chunk-_to_string_dtype-4a286622e28b0e0aa1748bcd21fd1539', 5), ('split-taskshuffle-b193d85dcbb1359f44fff00bd51d0d18', 5, 7), ('split-taskshuffle-b193d85dcbb1359f44fff00bd51d0d18', 0, 7), ('split-taskshuffle-b193d85dcbb1359f44fff00bd51d0d18', 6, 7), ('split-taskshuffle-b193d85dcbb1359f44fff00bd51d0d18', 1, 7), ('generate_chunk-_to_string_dtype-4a286622e28b0e0aa1748bcd21fd1539', 7), ('split-taskshuffle-b193d85dcbb1359f44fff00bd51d0d18', 2, 7), ('split-taskshuffle-b193d85dcbb1359f44fff00bd51d0d18', 3, 7), ('split-taskshuffle-b193d85dcbb1359f44fff00bd51d0d18', 4, 7)} (stimulus_id='handle-worker-cleanup-1725689702.8868208')
2024-09-07 06:15:02,888 - distributed.worker - ERROR - failed during get data with ucx://127.0.0.1:50443 -> ucx://127.0.0.1:35623
Traceback (most recent call last):
  File "/opt/conda/envs/gdf/lib/python3.10/site-packages/distributed/comm/ucx.py", line 335, in write
    await self.ep.send(each_frame)
  File "/opt/conda/envs/gdf/lib/python3.10/site-packages/ucp/core.py", line 662, in send
    return await comm.tag_send(self._ep, buffer, nbytes, tag, name=log)
ucp._libs.exceptions.UCXError: <[Send #010] ep: 0x7fd1e0472300, tag: 0x9768ead656356e84, nbytes: 50000000, type: <class 'cudf.core.buffer.buffer.Buffer'>>: Connection reset by remote peer

During handling of the above exception, another exception occurred:

Traceback (most recent call last):
  File "/opt/conda/envs/gdf/lib/python3.10/site-packages/distributed/worker.py", line 1777, in get_data
    compressed = await comm.write(msg, serializers=serializers)
  File "/opt/conda/envs/gdf/lib/python3.10/site-packages/distributed/utils.py", line 806, in wrapper
    return await func(*args, **kwargs)
  File "/opt/conda/envs/gdf/lib/python3.10/site-packages/distributed/comm/ucx.py", line 339, in write
    raise CommClosedError("While writing, the connection was closed")
distributed.comm.core.CommClosedError: While writing, the connection was closed
2024-09-07 06:15:03,039 - distributed.worker - ERROR - failed during get data with ucx://127.0.0.1:60409 -> ucx://127.0.0.1:35623
Traceback (most recent call last):
  File "/opt/conda/envs/gdf/lib/python3.10/site-packages/distributed/comm/ucx.py", line 335, in write
    await self.ep.send(each_frame)
  File "/opt/conda/envs/gdf/lib/python3.10/site-packages/ucp/core.py", line 662, in send
    return await comm.tag_send(self._ep, buffer, nbytes, tag, name=log)
ucp._libs.exceptions.UCXError: <[Send #007] ep: 0x7f36893233c0, tag: 0x2d7566c6d98bc1a5, nbytes: 100000000, type: <class 'cudf.core.buffer.buffer.Buffer'>>: Connection reset by remote peer

During handling of the above exception, another exception occurred:

Traceback (most recent call last):
  File "/opt/conda/envs/gdf/lib/python3.10/site-packages/distributed/worker.py", line 1777, in get_data
    compressed = await comm.write(msg, serializers=serializers)
  File "/opt/conda/envs/gdf/lib/python3.10/site-packages/distributed/utils.py", line 806, in wrapper
    return await func(*args, **kwargs)
  File "/opt/conda/envs/gdf/lib/python3.10/site-packages/distributed/comm/ucx.py", line 339, in write
    raise CommClosedError("While writing, the connection was closed")
distributed.comm.core.CommClosedError: While writing, the connection was closed
2024-09-07 06:15:03,041 - distributed.worker - ERROR - Worker stream died during communication: ucx://127.0.0.1:35623
Traceback (most recent call last):
  File "/opt/conda/envs/gdf/lib/python3.10/site-packages/distributed/comm/ucx.py", line 393, in read
    await self.ep.recv(each_frame)
  File "/opt/conda/envs/gdf/lib/python3.10/site-packages/ucp/core.py", line 737, in recv
    ret = await comm.tag_recv(self._ep, buffer, nbytes, tag, name=log)
ucp._libs.exceptions.UCXError: <[Recv #007] ep: 0x7f3689323300, tag: 0xafd310001596ab3b, nbytes: 100000000, type: <class 'rmm._lib.device_buffer.DeviceBuffer'>>: Connection reset by remote peer

During handling of the above exception, another exception occurred:

Traceback (most recent call last):
  File "/opt/conda/envs/gdf/lib/python3.10/site-packages/distributed/worker.py", line 2056, in gather_dep
    response = await get_data_from_worker(
  File "/opt/conda/envs/gdf/lib/python3.10/site-packages/distributed/worker.py", line 2874, in get_data_from_worker
    response = await send_recv(
  File "/opt/conda/envs/gdf/lib/python3.10/site-packages/distributed/core.py", line 1015, in send_recv
    response = await comm.read(deserializers=deserializers)
  File "/opt/conda/envs/gdf/lib/python3.10/site-packages/distributed/utils.py", line 806, in wrapper
    return await func(*args, **kwargs)
  File "/opt/conda/envs/gdf/lib/python3.10/site-packages/distributed/comm/ucx.py", line 399, in read
    raise CommClosedError(
distributed.comm.core.CommClosedError: Connection closed by writer.
Inner exception: UCXError("<[Recv #007] ep: 0x7f3689323300, tag: 0xafd310001596ab3b, nbytes: 100000000, type: <class 'rmm._lib.device_buffer.DeviceBuffer'>>: Connection reset by remote peer")
2024-09-07 06:15:03,042 - distributed.worker - ERROR - failed during get data with ucx://127.0.0.1:60409 -> ucx://127.0.0.1:52159
Traceback (most recent call last):
  File "/opt/conda/envs/gdf/lib/python3.10/site-packages/distributed/comm/ucx.py", line 335, in write
    await self.ep.send(each_frame)
  File "/opt/conda/envs/gdf/lib/python3.10/site-packages/ucp/core.py", line 662, in send
    return await comm.tag_send(self._ep, buffer, nbytes, tag, name=log)
ucp._libs.exceptions.UCXError: <[Send #008] ep: 0x7f3689323100, tag: 0x9a10ccd533d74937, nbytes: 100000000, type: <class 'cudf.core.buffer.buffer.Buffer'>>: Connection reset by remote peer

During handling of the above exception, another exception occurred:

Traceback (most recent call last):
  File "/opt/conda/envs/gdf/lib/python3.10/site-packages/distributed/worker.py", line 1777, in get_data
    compressed = await comm.write(msg, serializers=serializers)
  File "/opt/conda/envs/gdf/lib/python3.10/site-packages/distributed/utils.py", line 806, in wrapper
    return await func(*args, **kwargs)
  File "/opt/conda/envs/gdf/lib/python3.10/site-packages/distributed/comm/ucx.py", line 339, in write
    raise CommClosedError("While writing, the connection was closed")
distributed.comm.core.CommClosedError: While writing, the connection was closed
2024-09-07 06:15:03,126 - distributed.worker - ERROR - failed during get data with ucx://127.0.0.1:50443 -> ucx://127.0.0.1:52159
Traceback (most recent call last):
  File "/opt/conda/envs/gdf/lib/python3.10/site-packages/distributed/comm/ucx.py", line 335, in write
    await self.ep.send(each_frame)
  File "/opt/conda/envs/gdf/lib/python3.10/site-packages/ucp/core.py", line 662, in send
    return await comm.tag_send(self._ep, buffer, nbytes, tag, name=log)
ucp._libs.exceptions.UCXError: <[Send #008] ep: 0x7fd1e04723c0, tag: 0xfc7a97d35fe2ea6f, nbytes: 100000000, type: <class 'cudf.core.buffer.buffer.Buffer'>>: Connection reset by remote peer

During handling of the above exception, another exception occurred:

Traceback (most recent call last):
  File "/opt/conda/envs/gdf/lib/python3.10/site-packages/distributed/worker.py", line 1777, in get_data
    compressed = await comm.write(msg, serializers=serializers)
  File "/opt/conda/envs/gdf/lib/python3.10/site-packages/distributed/utils.py", line 806, in wrapper
    return await func(*args, **kwargs)
  File "/opt/conda/envs/gdf/lib/python3.10/site-packages/distributed/comm/ucx.py", line 339, in write
    raise CommClosedError("While writing, the connection was closed")
distributed.comm.core.CommClosedError: While writing, the connection was closed
2024-09-07 06:15:03,192 - distributed.nanny - WARNING - Restarting worker
2024-09-07 06:15:31,883 - distributed.worker - ERROR - Worker stream died during communication: ucx://127.0.0.1:39725
Traceback (most recent call last):
  File "/opt/conda/envs/gdf/lib/python3.10/site-packages/distributed/comm/ucx.py", line 468, in connect
    ep = await ucp.create_endpoint(ip, port)
  File "/opt/conda/envs/gdf/lib/python3.10/site-packages/ucp/core.py", line 1016, in create_endpoint
    return await _get_ctx().create_endpoint(
  File "/opt/conda/envs/gdf/lib/python3.10/site-packages/ucp/core.py", line 328, in create_endpoint
    peer_info = await exchange_peer_info(
  File "/opt/conda/envs/gdf/lib/python3.10/site-packages/ucp/core.py", line 60, in exchange_peer_info
    await asyncio.wait_for(
  File "/opt/conda/envs/gdf/lib/python3.10/asyncio/tasks.py", line 432, in wait_for
    await waiter
asyncio.exceptions.CancelledError

During handling of the above exception, another exception occurred:

Traceback (most recent call last):
  File "/opt/conda/envs/gdf/lib/python3.10/asyncio/tasks.py", line 456, in wait_for
    return fut.result()
asyncio.exceptions.CancelledError

The above exception was the direct cause of the following exception:

Traceback (most recent call last):
  File "/opt/conda/envs/gdf/lib/python3.10/site-packages/distributed/comm/core.py", line 342, in connect
    comm = await wait_for(
  File "/opt/conda/envs/gdf/lib/python3.10/site-packages/distributed/utils.py", line 1926, in wait_for
    return await asyncio.wait_for(fut, timeout)
  File "/opt/conda/envs/gdf/lib/python3.10/asyncio/tasks.py", line 458, in wait_for
    raise exceptions.TimeoutError() from exc
asyncio.exceptions.TimeoutError

The above exception was the direct cause of the following exception:

Traceback (most recent call last):
  File "/opt/conda/envs/gdf/lib/python3.10/site-packages/distributed/worker.py", line 2056, in gather_dep
    response = await get_data_from_worker(
  File "/opt/conda/envs/gdf/lib/python3.10/site-packages/distributed/worker.py", line 2871, in get_data_from_worker
    comm = await rpc.connect(worker)
  File "/opt/conda/envs/gdf/lib/python3.10/site-packages/distributed/core.py", line 1535, in connect
    return connect_attempt.result()
  File "/opt/conda/envs/gdf/lib/python3.10/site-packages/distributed/core.py", line 1425, in _connect
    comm = await connect(
  File "/opt/conda/envs/gdf/lib/python3.10/site-packages/distributed/comm/core.py", line 368, in connect
    raise OSError(
OSError: Timed out trying to connect to ucx://127.0.0.1:39725 after 30 s
2024-09-07 06:15:31,904 - distributed.worker - ERROR - Worker stream died during communication: ucx://127.0.0.1:39725
Traceback (most recent call last):
  File "/opt/conda/envs/gdf/lib/python3.10/site-packages/distributed/comm/ucx.py", line 468, in connect
    ep = await ucp.create_endpoint(ip, port)
  File "/opt/conda/envs/gdf/lib/python3.10/site-packages/ucp/core.py", line 1016, in create_endpoint
    return await _get_ctx().create_endpoint(
  File "/opt/conda/envs/gdf/lib/python3.10/site-packages/ucp/core.py", line 328, in create_endpoint
    peer_info = await exchange_peer_info(
  File "/opt/conda/envs/gdf/lib/python3.10/site-packages/ucp/core.py", line 60, in exchange_peer_info
    await asyncio.wait_for(
  File "/opt/conda/envs/gdf/lib/python3.10/asyncio/tasks.py", line 445, in wait_for
    return fut.result()
ucp._libs.exceptions.UCXNotConnected: <stream_recv>: 

During handling of the above exception, another exception occurred:

Traceback (most recent call last):
  File "/opt/conda/envs/gdf/lib/python3.10/site-packages/distributed/comm/core.py", line 342, in connect
    comm = await wait_for(
  File "/opt/conda/envs/gdf/lib/python3.10/site-packages/distributed/utils.py", line 1926, in wait_for
    return await asyncio.wait_for(fut, timeout)
  File "/opt/conda/envs/gdf/lib/python3.10/asyncio/tasks.py", line 445, in wait_for
    return fut.result()
  File "/opt/conda/envs/gdf/lib/python3.10/site-packages/distributed/comm/ucx.py", line 470, in connect
    raise CommClosedError("Connection closed before handshake completed")
distributed.comm.core.CommClosedError: Connection closed before handshake completed

The above exception was the direct cause of the following exception:

Traceback (most recent call last):
  File "/opt/conda/envs/gdf/lib/python3.10/site-packages/distributed/worker.py", line 2056, in gather_dep
    response = await get_data_from_worker(
  File "/opt/conda/envs/gdf/lib/python3.10/site-packages/distributed/worker.py", line 2871, in get_data_from_worker
    comm = await rpc.connect(worker)
  File "/opt/conda/envs/gdf/lib/python3.10/site-packages/distributed/core.py", line 1535, in connect
    return connect_attempt.result()
  File "/opt/conda/envs/gdf/lib/python3.10/site-packages/distributed/core.py", line 1425, in _connect
    comm = await connect(
  File "/opt/conda/envs/gdf/lib/python3.10/site-packages/distributed/comm/core.py", line 368, in connect
    raise OSError(
OSError: Timed out trying to connect to ucx://127.0.0.1:39725 after 30 s
/opt/conda/envs/gdf/lib/python3.10/multiprocessing/resource_tracker.py:224: UserWarning: resource_tracker: There appear to be 48 leaked semaphore objects to clean up at shutdown
  warnings.warn('resource_tracker: There appear to be %d '
