[100174][06:34:01:806462][error ] [A][Stream 0x1][Upstream 800005120B][FAILURE maximum pool size exceeded: std::bad_alloc: out_of_memory: CUDA error (failed to allocate 800005120 bytes) at: /opt/conda/envs/gdf/include/rmm/mr/device/cuda_memory_resource.hpp]
[100064][06:34:01:981409][error ] [A][Stream 0x1][Upstream 99997440B][FAILURE maximum pool size exceeded: std::bad_alloc: out_of_memory: CUDA error (failed to allocate 99997440 bytes) at: /opt/conda/envs/gdf/include/rmm/mr/device/cuda_memory_resource.hpp]
std::bad_alloc: out_of_memory: RMM failure at:/opt/conda/envs/gdf/include/rmm/mr/device/pool_memory_resource.hpp:262: Maximum pool size exceeded (failed to allocate 95.364990 MiB): std::bad_alloc: out_of_memory: CUDA error (failed to allocate 99997440 bytes) at: /opt/conda/envs/gdf/include/rmm/mr/device/cuda_memory_resource.hpp
Traceback (most recent call last):
  File "/opt/conda/envs/gdf/lib/python3.10/site-packages/distributed/utils.py", line 818, in wrapper
    return await func(*args, **kwargs)
  File "/opt/conda/envs/gdf/lib/python3.10/site-packages/distributed_ucxx/ucxx.py", line 568, in read
    frames = [
  File "/opt/conda/envs/gdf/lib/python3.10/site-packages/distributed_ucxx/ucxx.py", line 569, in <listcomp>
    device_array(each_size) if is_cuda else host_array(each_size)
  File "/opt/conda/envs/gdf/lib/python3.10/site-packages/distributed_ucxx/ucxx.py", line 288, in device_array
    return rmm.DeviceBuffer(size=n)
  File "rmm/pylibrmm/device_buffer.pyx", line 102, in rmm.pylibrmm.device_buffer.DeviceBuffer.__cinit__
MemoryError: std::bad_alloc: out_of_memory: RMM failure at:/opt/conda/envs/gdf/include/rmm/mr/device/pool_memory_resource.hpp:262: Maximum pool size exceeded (failed to allocate 95.364990 MiB): std::bad_alloc: out_of_memory: CUDA error (failed to allocate 99997440 bytes) at: /opt/conda/envs/gdf/include/rmm/mr/device/cuda_memory_resource.hpp
2025-07-06 06:34:01,987 - distributed.worker - ERROR - std::bad_alloc: out_of_memory: RMM failure at:/opt/conda/envs/gdf/include/rmm/mr/device/pool_memory_resource.hpp:262: Maximum pool size exceeded (failed to allocate 95.364990 MiB): std::bad_alloc: out_of_memory: CUDA error (failed to allocate 99997440 bytes) at: /opt/conda/envs/gdf/include/rmm/mr/device/cuda_memory_resource.hpp
Traceback (most recent call last):
  File "/opt/conda/envs/gdf/lib/python3.10/site-packages/distributed/worker.py", line 2073, in gather_dep
    response = await get_data_from_worker(
  File "/opt/conda/envs/gdf/lib/python3.10/site-packages/distributed/worker.py", line 2879, in get_data_from_worker
    response = await send_recv(
  File "/opt/conda/envs/gdf/lib/python3.10/site-packages/distributed/core.py", line 1018, in send_recv
    response = await comm.read(deserializers=deserializers)
  File "/opt/conda/envs/gdf/lib/python3.10/site-packages/distributed/utils.py", line 818, in wrapper
    return await func(*args, **kwargs)
  File "/opt/conda/envs/gdf/lib/python3.10/site-packages/distributed_ucxx/ucxx.py", line 568, in read
    frames = [
  File "/opt/conda/envs/gdf/lib/python3.10/site-packages/distributed_ucxx/ucxx.py", line 569, in <listcomp>
    device_array(each_size) if is_cuda else host_array(each_size)
  File "/opt/conda/envs/gdf/lib/python3.10/site-packages/distributed_ucxx/ucxx.py", line 288, in device_array
    return rmm.DeviceBuffer(size=n)
  File "rmm/pylibrmm/device_buffer.pyx", line 102, in rmm.pylibrmm.device_buffer.DeviceBuffer.__cinit__
MemoryError: std::bad_alloc: out_of_memory: RMM failure at:/opt/conda/envs/gdf/include/rmm/mr/device/pool_memory_resource.hpp:262: Maximum pool size exceeded (failed to allocate 95.364990 MiB): std::bad_alloc: out_of_memory: CUDA error (failed to allocate 99997440 bytes) at: /opt/conda/envs/gdf/include/rmm/mr/device/cuda_memory_resource.hpp
2025-07-06 06:34:02,299 - distributed.worker - ERROR - Compute Failed
Key:       ('taskshuffle-d47a75db403e9fd97b56db495e0544e1', 7)
State:     executing
Task:  <Task ('taskshuffle-d47a75db403e9fd97b56db495e0544e1', 7) _concat(...)>
Exception: "MemoryError('std::bad_alloc: out_of_memory: RMM failure at:/opt/conda/envs/gdf/include/rmm/mr/device/pool_memory_resource.hpp:262: Maximum pool size exceeded (failed to allocate 762.944336 MiB): std::bad_alloc: out_of_memory: CUDA error (failed to allocate 800005120 bytes) at: /opt/conda/envs/gdf/include/rmm/mr/device/cuda_memory_resource.hpp')"
Traceback: '  File "/opt/conda/envs/gdf/lib/python3.10/site-packages/dask/dataframe/core.py", line 53, in _concat\n    else methods.concat(args2, uniform=True, ignore_index=ignore_index)\n  File "/opt/conda/envs/gdf/lib/python3.10/site-packages/dask/dataframe/dispatch.py", line 68, in concat\n    return func(\n  File "/opt/conda/envs/gdf/lib/python3.10/site-packages/cudf/utils/performance_tracking.py", line 51, in wrapper\n    return func(*args, **kwargs)\n  File "/opt/conda/envs/gdf/lib/python3.10/site-packages/dask_cudf/backends.py", line 297, in concat_cudf\n    return cudf.concat(dfs, axis=axis, ignore_index=ignore_index)\n  File "/opt/conda/envs/gdf/lib/python3.10/site-packages/cudf/core/reshape.py", line 528, in concat\n    result = cudf.DataFrame._concat(\n  File "/opt/conda/envs/gdf/lib/python3.10/site-packages/cudf/utils/performance_tracking.py", line 51, in wrapper\n    return func(*args, **kwargs)\n  File "/opt/conda/envs/gdf/lib/python3.10/site-packages/cudf/core/dataframe.py", line 1930, in _concat\n    plc_result = plc.concatenate.concatenate(plc_tables)\n  File "pylibcudf/concatenate.pyx", line 17, in pylibcudf.concatenate.concatenate\n  File "pylibcudf/concatenate.pyx", line 44, in pylibcudf.concatenate.concatenate\n'

2025-07-06 06:34:02,305 - distributed.worker - ERROR - Worker stream died during communication: ucx://127.0.0.1:58089
Traceback (most recent call last):
  File "/opt/conda/envs/gdf/lib/python3.10/site-packages/distributed_ucxx/ucxx.py", line 545, in read
    await self.ep.recv(msg)
  File "/opt/conda/envs/gdf/lib/python3.10/site-packages/ucxx/_lib_async/endpoint.py", line 431, in recv
    ret = await req.wait()
  File "ucxx/_lib/libucxx.pyx", line 904, in wait
  File "ucxx/_lib/libucxx.pyx", line 888, in wait_yield
  File "ucxx/_lib/libucxx.pyx", line 883, in ucxx._lib.libucxx.UCXRequest.check_error
ucxx.UCXXMessageTruncatedError: Message truncated

During handling of the above exception, another exception occurred:

Traceback (most recent call last):
  File "/opt/conda/envs/gdf/lib/python3.10/site-packages/distributed/worker.py", line 2073, in gather_dep
    response = await get_data_from_worker(
  File "/opt/conda/envs/gdf/lib/python3.10/site-packages/distributed/worker.py", line 2879, in get_data_from_worker
    response = await send_recv(
  File "/opt/conda/envs/gdf/lib/python3.10/site-packages/distributed/core.py", line 1018, in send_recv
    response = await comm.read(deserializers=deserializers)
  File "/opt/conda/envs/gdf/lib/python3.10/site-packages/distributed/utils.py", line 818, in wrapper
    return await func(*args, **kwargs)
  File "/opt/conda/envs/gdf/lib/python3.10/site-packages/distributed_ucxx/ucxx.py", line 563, in read
    raise CommClosedError(
distributed.comm.core.CommClosedError: Connection closed by writer.
Inner exception: UCXXMessageTruncatedError('Message truncated')
[100174][06:34:02:320222][error ] [A][Stream 0x1][Upstream 800055040B][FAILURE maximum pool size exceeded: std::bad_alloc: out_of_memory: CUDA error (failed to allocate 800055040 bytes) at: /opt/conda/envs/gdf/include/rmm/mr/device/cuda_memory_resource.hpp]
2025-07-06 06:34:02,320 - distributed.worker - ERROR - failed during get data with ucx://127.0.0.1:58089 -> ucx://127.0.0.1:42243
Traceback (most recent call last):
  File "/opt/conda/envs/gdf/lib/python3.10/site-packages/distributed_ucxx/ucxx.py", line 508, in write
    await self.ep.send(each_frame)
  File "/opt/conda/envs/gdf/lib/python3.10/site-packages/ucxx/_lib_async/endpoint.py", line 254, in send
    return await request.wait()
  File "ucxx/_lib/libucxx.pyx", line 904, in wait
  File "ucxx/_lib/libucxx.pyx", line 888, in wait_yield
  File "ucxx/_lib/libucxx.pyx", line 883, in ucxx._lib.libucxx.UCXRequest.check_error
ucxx.UCXXConnectionResetError: Connection reset by remote peer

During handling of the above exception, another exception occurred:

Traceback (most recent call last):
  File "/opt/conda/envs/gdf/lib/python3.10/site-packages/distributed/worker.py", line 1794, in get_data
    compressed = await comm.write(msg, serializers=serializers)
  File "/opt/conda/envs/gdf/lib/python3.10/site-packages/distributed/utils.py", line 818, in wrapper
    return await func(*args, **kwargs)
  File "/opt/conda/envs/gdf/lib/python3.10/site-packages/distributed_ucxx/ucxx.py", line 512, in write
    raise CommClosedError("While writing, the connection was closed")
distributed.comm.core.CommClosedError: While writing, the connection was closed
2025-07-06 06:34:02,324 - distributed.worker - ERROR - Compute Failed
Key:       ('taskshuffle-83601d96413571cd6cb0357a9d444b37', 3)
State:     executing
Task:  <Task ('taskshuffle-83601d96413571cd6cb0357a9d444b37', 3) _concat(...)>
Exception: "MemoryError('std::bad_alloc: out_of_memory: RMM failure at:/opt/conda/envs/gdf/include/rmm/mr/device/pool_memory_resource.hpp:262: Maximum pool size exceeded (failed to allocate 762.991943 MiB): std::bad_alloc: out_of_memory: CUDA error (failed to allocate 800055040 bytes) at: /opt/conda/envs/gdf/include/rmm/mr/device/cuda_memory_resource.hpp')"
Traceback: '  File "/opt/conda/envs/gdf/lib/python3.10/site-packages/dask/dataframe/core.py", line 53, in _concat\n    else methods.concat(args2, uniform=True, ignore_index=ignore_index)\n  File "/opt/conda/envs/gdf/lib/python3.10/site-packages/dask/dataframe/dispatch.py", line 68, in concat\n    return func(\n  File "/opt/conda/envs/gdf/lib/python3.10/site-packages/cudf/utils/performance_tracking.py", line 51, in wrapper\n    return func(*args, **kwargs)\n  File "/opt/conda/envs/gdf/lib/python3.10/site-packages/dask_cudf/backends.py", line 297, in concat_cudf\n    return cudf.concat(dfs, axis=axis, ignore_index=ignore_index)\n  File "/opt/conda/envs/gdf/lib/python3.10/site-packages/cudf/core/reshape.py", line 528, in concat\n    result = cudf.DataFrame._concat(\n  File "/opt/conda/envs/gdf/lib/python3.10/site-packages/cudf/utils/performance_tracking.py", line 51, in wrapper\n    return func(*args, **kwargs)\n  File "/opt/conda/envs/gdf/lib/python3.10/site-packages/cudf/core/dataframe.py", line 1930, in _concat\n    plc_result = plc.concatenate.concatenate(plc_tables)\n  File "pylibcudf/concatenate.pyx", line 17, in pylibcudf.concatenate.concatenate\n  File "pylibcudf/concatenate.pyx", line 44, in pylibcudf.concatenate.concatenate\n'

[100064][06:34:02:327919][error ] [A][Stream 0x1][Upstream 100047104B][FAILURE maximum pool size exceeded: std::bad_alloc: out_of_memory: CUDA error (failed to allocate 100047104 bytes) at: /opt/conda/envs/gdf/include/rmm/mr/device/cuda_memory_resource.hpp]
std::bad_alloc: out_of_memory: RMM failure at:/opt/conda/envs/gdf/include/rmm/mr/device/pool_memory_resource.hpp:262: Maximum pool size exceeded (failed to allocate 95.412354 MiB): std::bad_alloc: out_of_memory: CUDA error (failed to allocate 100047104 bytes) at: /opt/conda/envs/gdf/include/rmm/mr/device/cuda_memory_resource.hpp
Traceback (most recent call last):
  File "/opt/conda/envs/gdf/lib/python3.10/site-packages/distributed/utils.py", line 818, in wrapper
    return await func(*args, **kwargs)
  File "/opt/conda/envs/gdf/lib/python3.10/site-packages/distributed_ucxx/ucxx.py", line 568, in read
    frames = [
  File "/opt/conda/envs/gdf/lib/python3.10/site-packages/distributed_ucxx/ucxx.py", line 569, in <listcomp>
    device_array(each_size) if is_cuda else host_array(each_size)
  File "/opt/conda/envs/gdf/lib/python3.10/site-packages/distributed_ucxx/ucxx.py", line 288, in device_array
    return rmm.DeviceBuffer(size=n)
  File "rmm/pylibrmm/device_buffer.pyx", line 102, in rmm.pylibrmm.device_buffer.DeviceBuffer.__cinit__
MemoryError: std::bad_alloc: out_of_memory: RMM failure at:/opt/conda/envs/gdf/include/rmm/mr/device/pool_memory_resource.hpp:262: Maximum pool size exceeded (failed to allocate 95.412354 MiB): std::bad_alloc: out_of_memory: CUDA error (failed to allocate 100047104 bytes) at: /opt/conda/envs/gdf/include/rmm/mr/device/cuda_memory_resource.hpp
2025-07-06 06:34:02,328 - distributed.worker - ERROR - std::bad_alloc: out_of_memory: RMM failure at:/opt/conda/envs/gdf/include/rmm/mr/device/pool_memory_resource.hpp:262: Maximum pool size exceeded (failed to allocate 95.412354 MiB): std::bad_alloc: out_of_memory: CUDA error (failed to allocate 100047104 bytes) at: /opt/conda/envs/gdf/include/rmm/mr/device/cuda_memory_resource.hpp
Traceback (most recent call last):
  File "/opt/conda/envs/gdf/lib/python3.10/site-packages/distributed/worker.py", line 2073, in gather_dep
    response = await get_data_from_worker(
  File "/opt/conda/envs/gdf/lib/python3.10/site-packages/distributed/worker.py", line 2879, in get_data_from_worker
    response = await send_recv(
  File "/opt/conda/envs/gdf/lib/python3.10/site-packages/distributed/core.py", line 1018, in send_recv
    response = await comm.read(deserializers=deserializers)
  File "/opt/conda/envs/gdf/lib/python3.10/site-packages/distributed/utils.py", line 818, in wrapper
    return await func(*args, **kwargs)
  File "/opt/conda/envs/gdf/lib/python3.10/site-packages/distributed_ucxx/ucxx.py", line 568, in read
    frames = [
  File "/opt/conda/envs/gdf/lib/python3.10/site-packages/distributed_ucxx/ucxx.py", line 569, in <listcomp>
    device_array(each_size) if is_cuda else host_array(each_size)
  File "/opt/conda/envs/gdf/lib/python3.10/site-packages/distributed_ucxx/ucxx.py", line 288, in device_array
    return rmm.DeviceBuffer(size=n)
  File "rmm/pylibrmm/device_buffer.pyx", line 102, in rmm.pylibrmm.device_buffer.DeviceBuffer.__cinit__
MemoryError: std::bad_alloc: out_of_memory: RMM failure at:/opt/conda/envs/gdf/include/rmm/mr/device/pool_memory_resource.hpp:262: Maximum pool size exceeded (failed to allocate 95.412354 MiB): std::bad_alloc: out_of_memory: CUDA error (failed to allocate 100047104 bytes) at: /opt/conda/envs/gdf/include/rmm/mr/device/cuda_memory_resource.hpp
[100174][06:34:02:335471][error ] [A][Stream 0x1][Upstream 800052992B][FAILURE maximum pool size exceeded: std::bad_alloc: out_of_memory: CUDA error (failed to allocate 800052992 bytes) at: /opt/conda/envs/gdf/include/rmm/mr/device/cuda_memory_resource.hpp]
2025-07-06 06:34:02,339 - distributed.worker - ERROR - Worker stream died during communication: ucx://127.0.0.1:38468
Traceback (most recent call last):
  File "/opt/conda/envs/gdf/lib/python3.10/site-packages/distributed_ucxx/ucxx.py", line 545, in read
    await self.ep.recv(msg)
  File "/opt/conda/envs/gdf/lib/python3.10/site-packages/ucxx/_lib_async/endpoint.py", line 431, in recv
    ret = await req.wait()
  File "ucxx/_lib/libucxx.pyx", line 904, in wait
  File "ucxx/_lib/libucxx.pyx", line 888, in wait_yield
  File "ucxx/_lib/libucxx.pyx", line 883, in ucxx._lib.libucxx.UCXRequest.check_error
ucxx.UCXXMessageTruncatedError: Message truncated

During handling of the above exception, another exception occurred:

Traceback (most recent call last):
  File "/opt/conda/envs/gdf/lib/python3.10/site-packages/distributed/worker.py", line 2073, in gather_dep
    response = await get_data_from_worker(
  File "/opt/conda/envs/gdf/lib/python3.10/site-packages/distributed/worker.py", line 2879, in get_data_from_worker
    response = await send_recv(
  File "/opt/conda/envs/gdf/lib/python3.10/site-packages/distributed/core.py", line 1018, in send_recv
    response = await comm.read(deserializers=deserializers)
  File "/opt/conda/envs/gdf/lib/python3.10/site-packages/distributed/utils.py", line 818, in wrapper
    return await func(*args, **kwargs)
  File "/opt/conda/envs/gdf/lib/python3.10/site-packages/distributed_ucxx/ucxx.py", line 563, in read
    raise CommClosedError(
distributed.comm.core.CommClosedError: Connection closed by writer.
Inner exception: UCXXMessageTruncatedError('Message truncated')
2025-07-06 06:34:02,343 - distributed.worker - ERROR - Compute Failed
Key:       ('taskshuffle-d47a75db403e9fd97b56db495e0544e1', 3)
State:     executing
Task:  <Task ('taskshuffle-d47a75db403e9fd97b56db495e0544e1', 3) _concat(...)>
Exception: "MemoryError('std::bad_alloc: out_of_memory: RMM failure at:/opt/conda/envs/gdf/include/rmm/mr/device/pool_memory_resource.hpp:262: Maximum pool size exceeded (failed to allocate 762.989990 MiB): std::bad_alloc: out_of_memory: CUDA error (failed to allocate 800052992 bytes) at: /opt/conda/envs/gdf/include/rmm/mr/device/cuda_memory_resource.hpp')"
Traceback: '  File "/opt/conda/envs/gdf/lib/python3.10/site-packages/dask/dataframe/core.py", line 53, in _concat\n    else methods.concat(args2, uniform=True, ignore_index=ignore_index)\n  File "/opt/conda/envs/gdf/lib/python3.10/site-packages/dask/dataframe/dispatch.py", line 68, in concat\n    return func(\n  File "/opt/conda/envs/gdf/lib/python3.10/site-packages/cudf/utils/performance_tracking.py", line 51, in wrapper\n    return func(*args, **kwargs)\n  File "/opt/conda/envs/gdf/lib/python3.10/site-packages/dask_cudf/backends.py", line 297, in concat_cudf\n    return cudf.concat(dfs, axis=axis, ignore_index=ignore_index)\n  File "/opt/conda/envs/gdf/lib/python3.10/site-packages/cudf/core/reshape.py", line 528, in concat\n    result = cudf.DataFrame._concat(\n  File "/opt/conda/envs/gdf/lib/python3.10/site-packages/cudf/utils/performance_tracking.py", line 51, in wrapper\n    return func(*args, **kwargs)\n  File "/opt/conda/envs/gdf/lib/python3.10/site-packages/cudf/core/dataframe.py", line 1930, in _concat\n    plc_result = plc.concatenate.concatenate(plc_tables)\n  File "pylibcudf/concatenate.pyx", line 17, in pylibcudf.concatenate.concatenate\n  File "pylibcudf/concatenate.pyx", line 44, in pylibcudf.concatenate.concatenate\n'

2025-07-06 06:34:02,355 - distributed.worker - ERROR - failed during get data with ucx://127.0.0.1:38468 -> ucx://127.0.0.1:42243
Traceback (most recent call last):
  File "/opt/conda/envs/gdf/lib/python3.10/site-packages/distributed_ucxx/ucxx.py", line 508, in write
    await self.ep.send(each_frame)
  File "/opt/conda/envs/gdf/lib/python3.10/site-packages/ucxx/_lib_async/endpoint.py", line 254, in send
    return await request.wait()
  File "ucxx/_lib/libucxx.pyx", line 904, in wait
  File "ucxx/_lib/libucxx.pyx", line 888, in wait_yield
  File "ucxx/_lib/libucxx.pyx", line 883, in ucxx._lib.libucxx.UCXRequest.check_error
ucxx.UCXXConnectionResetError: Connection reset by remote peer

During handling of the above exception, another exception occurred:

Traceback (most recent call last):
  File "/opt/conda/envs/gdf/lib/python3.10/site-packages/distributed/worker.py", line 1794, in get_data
    compressed = await comm.write(msg, serializers=serializers)
  File "/opt/conda/envs/gdf/lib/python3.10/site-packages/distributed/utils.py", line 818, in wrapper
    return await func(*args, **kwargs)
  File "/opt/conda/envs/gdf/lib/python3.10/site-packages/distributed_ucxx/ucxx.py", line 512, in write
    raise CommClosedError("While writing, the connection was closed")
distributed.comm.core.CommClosedError: While writing, the connection was closed
/opt/conda/envs/gdf/lib/python3.10/multiprocessing/resource_tracker.py:224: UserWarning: resource_tracker: There appear to be 48 leaked semaphore objects to clean up at shutdown
  warnings.warn('resource_tracker: There appear to be %d '
