[dgx13:92356:0:92356] Caught signal 11 (Segmentation fault: address not mapped to object at address 0x450)
==== backtrace (tid:  92356) ====
 0  /opt/conda/envs/gdf/lib/libucs.so.0(ucs_handle_error+0x305) [0x7fc9a743def5]
 1  /opt/conda/envs/gdf/lib/libucs.so.0(+0x2f0f4) [0x7fc9a743e0f4]
 2  /opt/conda/envs/gdf/lib/libucs.so.0(+0x2f2ba) [0x7fc9a743e2ba]
 3  /usr/lib/x86_64-linux-gnu/libpthread.so.0(+0x14420) [0x7fc9e7f08420]
 4  /opt/conda/envs/gdf/lib/libucp.so.0(ucp_mem_type_unpack+0x1a) [0x7fc9a74c2caa]
 5  /opt/conda/envs/gdf/lib/libucp.so.0(ucp_rndv_data_handler+0x66d) [0x7fc9a74edf5d]
 6  /opt/conda/envs/gdf/lib/libuct.so.0(+0x21e9f) [0x7fc9a73f2e9f]
 7  /opt/conda/envs/gdf/lib/libuct.so.0(+0x250b8) [0x7fc9a73f60b8]
 8  /opt/conda/envs/gdf/lib/libucs.so.0(ucs_event_set_wait+0xb9) [0x7fc9a7447739]
 9  /opt/conda/envs/gdf/lib/libuct.so.0(uct_tcp_iface_progress+0x7d) [0x7fc9a73f51bd]
10  /opt/conda/envs/gdf/lib/libucp.so.0(ucp_worker_progress+0x5a) [0x7fc9a74bf9fa]
11  /opt/conda/envs/gdf/lib/python3.10/site-packages/ucp/_libs/ucx_api.cpython-310-x86_64-linux-gnu.so(+0x31d7a) [0x7fc9a7582d7a]
12  /opt/conda/envs/gdf/bin/python(_PyEval_EvalFrameDefault+0x2ba8) [0x556352dd0908]
13  /opt/conda/envs/gdf/bin/python(_PyFunction_Vectorcall+0x6c) [0x556352dddd1c]
14  /opt/conda/envs/gdf/bin/python(_PyEval_EvalFrameDefault+0x700) [0x556352dce460]
15  /opt/conda/envs/gdf/bin/python(+0x1473e4) [0x556352de93e4]
16  /opt/conda/envs/gdf/bin/python(+0x252eac) [0x556352ef4eac]
17  /opt/conda/envs/gdf/bin/python(+0xf7766) [0x556352d99766]
18  /opt/conda/envs/gdf/bin/python(+0x133473) [0x556352dd5473]
19  /opt/conda/envs/gdf/bin/python(_PyEval_EvalFrameDefault+0x5867) [0x556352dd35c7]
20  /opt/conda/envs/gdf/bin/python(_PyFunction_Vectorcall+0x6c) [0x556352dddd1c]
21  /opt/conda/envs/gdf/bin/python(_PyEval_EvalFrameDefault+0x700) [0x556352dce460]
22  /opt/conda/envs/gdf/bin/python(_PyFunction_Vectorcall+0x6c) [0x556352dddd1c]
23  /opt/conda/envs/gdf/bin/python(_PyEval_EvalFrameDefault+0x700) [0x556352dce460]
24  /opt/conda/envs/gdf/bin/python(_PyFunction_Vectorcall+0x6c) [0x556352dddd1c]
25  /opt/conda/envs/gdf/bin/python(_PyEval_EvalFrameDefault+0x700) [0x556352dce460]
26  /opt/conda/envs/gdf/bin/python(_PyFunction_Vectorcall+0x6c) [0x556352dddd1c]
27  /opt/conda/envs/gdf/bin/python(_PyEval_EvalFrameDefault+0x700) [0x556352dce460]
28  /opt/conda/envs/gdf/bin/python(_PyFunction_Vectorcall+0x6c) [0x556352dddd1c]
29  /opt/conda/envs/gdf/bin/python(_PyEval_EvalFrameDefault+0x1340) [0x556352dcf0a0]
30  /opt/conda/envs/gdf/bin/python(+0x147162) [0x556352de9162]
31  /opt/conda/envs/gdf/bin/python(PyObject_Call+0xbc) [0x556352de9afc]
32  /opt/conda/envs/gdf/bin/python(+0x1ff86d) [0x556352ea186d]
33  /opt/conda/envs/gdf/bin/python(_PyObject_MakeTpCall+0x2d3) [0x556352dd6cc3]
34  /opt/conda/envs/gdf/bin/python(_PyEval_EvalFrameDefault+0x2ba8) [0x556352dd0908]
35  /opt/conda/envs/gdf/bin/python(+0x1472b8) [0x556352de92b8]
36  /opt/conda/envs/gdf/bin/python(_PyEval_EvalFrameDefault+0x2ba8) [0x556352dd0908]
37  /opt/conda/envs/gdf/bin/python(_PyFunction_Vectorcall+0x6c) [0x556352dddd1c]
38  /opt/conda/envs/gdf/bin/python(_PyEval_EvalFrameDefault+0x700) [0x556352dce460]
39  /opt/conda/envs/gdf/bin/python(_PyFunction_Vectorcall+0x6c) [0x556352dddd1c]
40  /opt/conda/envs/gdf/bin/python(_PyEval_EvalFrameDefault+0x700) [0x556352dce460]
41  /opt/conda/envs/gdf/bin/python(_PyFunction_Vectorcall+0x6c) [0x556352dddd1c]
42  /opt/conda/envs/gdf/bin/python(_PyEval_EvalFrameDefault+0x30c) [0x556352dce06c]
43  /opt/conda/envs/gdf/bin/python(_PyFunction_Vectorcall+0x6c) [0x556352dddd1c]
44  /opt/conda/envs/gdf/bin/python(_PyEval_EvalFrameDefault+0x1340) [0x556352dcf0a0]
45  /opt/conda/envs/gdf/bin/python(+0x1ccbac) [0x556352e6ebac]
46  /opt/conda/envs/gdf/bin/python(PyEval_EvalCode+0x87) [0x556352e6eaf7]
47  /opt/conda/envs/gdf/bin/python(+0x1fcffa) [0x556352e9effa]
48  /opt/conda/envs/gdf/bin/python(+0x1f8473) [0x556352e9a473]
49  /opt/conda/envs/gdf/bin/python(PyRun_StringFlags+0x7d) [0x556352e92c0d]
50  /opt/conda/envs/gdf/bin/python(PyRun_SimpleStringFlags+0x3c) [0x556352e92a4c]
51  /opt/conda/envs/gdf/bin/python(Py_RunMain+0x3ba) [0x556352e91c4a]
52  /opt/conda/envs/gdf/bin/python(Py_BytesMain+0x37) [0x556352e62237]
53  /usr/lib/x86_64-linux-gnu/libc.so.6(__libc_start_main+0xf3) [0x7fc9e7bcc083]
54  /opt/conda/envs/gdf/bin/python(+0x1c014e) [0x556352e6214e]
=================================
[dgx13:92340:0:92340] Caught signal 11 (Segmentation fault: address not mapped to object at address 0x450)
==== backtrace (tid:  92340) ====
 0  /opt/conda/envs/gdf/lib/libucs.so.0(ucs_handle_error+0x305) [0x7f6f81be4ef5]
 1  /opt/conda/envs/gdf/lib/libucs.so.0(+0x2f0f4) [0x7f6f81be50f4]
 2  /opt/conda/envs/gdf/lib/libucs.so.0(+0x2f2ba) [0x7f6f81be52ba]
 3  /usr/lib/x86_64-linux-gnu/libpthread.so.0(+0x14420) [0x7f6fc46b5420]
 4  /opt/conda/envs/gdf/lib/libucp.so.0(ucp_mem_type_unpack+0x1a) [0x7f6f81c69caa]
 5  /opt/conda/envs/gdf/lib/libucp.so.0(ucp_rndv_data_handler+0x66d) [0x7f6f81c94f5d]
 6  /opt/conda/envs/gdf/lib/libuct.so.0(+0x21e9f) [0x7f6f81b99e9f]
 7  /opt/conda/envs/gdf/lib/libuct.so.0(+0x250b8) [0x7f6f81b9d0b8]
 8  /opt/conda/envs/gdf/lib/libucs.so.0(ucs_event_set_wait+0xb9) [0x7f6f81bee739]
 9  /opt/conda/envs/gdf/lib/libuct.so.0(uct_tcp_iface_progress+0x7d) [0x7f6f81b9c1bd]
10  /opt/conda/envs/gdf/lib/libucp.so.0(ucp_worker_progress+0x5a) [0x7f6f81c669fa]
11  /opt/conda/envs/gdf/lib/python3.10/site-packages/ucp/_libs/ucx_api.cpython-310-x86_64-linux-gnu.so(+0x31d7a) [0x7f6f81d29d7a]
12  /opt/conda/envs/gdf/bin/python(_PyEval_EvalFrameDefault+0x2ba8) [0x55706911d908]
13  /opt/conda/envs/gdf/bin/python(_PyFunction_Vectorcall+0x6c) [0x55706912ad1c]
14  /opt/conda/envs/gdf/bin/python(_PyEval_EvalFrameDefault+0x700) [0x55706911b460]
15  /opt/conda/envs/gdf/bin/python(+0x1473e4) [0x5570691363e4]
16  /opt/conda/envs/gdf/bin/python(+0x252eac) [0x557069241eac]
17  /opt/conda/envs/gdf/bin/python(+0xf7766) [0x5570690e6766]
18  /opt/conda/envs/gdf/bin/python(+0x133473) [0x557069122473]
19  /opt/conda/envs/gdf/bin/python(_PyEval_EvalFrameDefault+0x5867) [0x5570691205c7]
20  /opt/conda/envs/gdf/bin/python(_PyFunction_Vectorcall+0x6c) [0x55706912ad1c]
21  /opt/conda/envs/gdf/bin/python(_PyEval_EvalFrameDefault+0x700) [0x55706911b460]
22  /opt/conda/envs/gdf/bin/python(_PyFunction_Vectorcall+0x6c) [0x55706912ad1c]
23  /opt/conda/envs/gdf/bin/python(_PyEval_EvalFrameDefault+0x700) [0x55706911b460]
24  /opt/conda/envs/gdf/bin/python(_PyFunction_Vectorcall+0x6c) [0x55706912ad1c]
25  /opt/conda/envs/gdf/bin/python(_PyEval_EvalFrameDefault+0x700) [0x55706911b460]
26  /opt/conda/envs/gdf/bin/python(_PyFunction_Vectorcall+0x6c) [0x55706912ad1c]
27  /opt/conda/envs/gdf/bin/python(_PyEval_EvalFrameDefault+0x700) [0x55706911b460]
28  /opt/conda/envs/gdf/bin/python(_PyFunction_Vectorcall+0x6c) [0x55706912ad1c]
29  /opt/conda/envs/gdf/bin/python(_PyEval_EvalFrameDefault+0x1340) [0x55706911c0a0]
30  /opt/conda/envs/gdf/bin/python(+0x147162) [0x557069136162]
31  /opt/conda/envs/gdf/bin/python(PyObject_Call+0xbc) [0x557069136afc]
32  /opt/conda/envs/gdf/bin/python(+0x1ff86d) [0x5570691ee86d]
33  /opt/conda/envs/gdf/bin/python(_PyObject_MakeTpCall+0x2d3) [0x557069123cc3]
34  /opt/conda/envs/gdf/bin/python(_PyEval_EvalFrameDefault+0x2ba8) [0x55706911d908]
35  /opt/conda/envs/gdf/bin/python(+0x1472b8) [0x5570691362b8]
36  /opt/conda/envs/gdf/bin/python(_PyEval_EvalFrameDefault+0x2ba8) [0x55706911d908]
37  /opt/conda/envs/gdf/bin/python(_PyFunction_Vectorcall+0x6c) [0x55706912ad1c]
38  /opt/conda/envs/gdf/bin/python(_PyEval_EvalFrameDefault+0x700) [0x55706911b460]
39  /opt/conda/envs/gdf/bin/python(_PyFunction_Vectorcall+0x6c) [0x55706912ad1c]
40  /opt/conda/envs/gdf/bin/python(_PyEval_EvalFrameDefault+0x700) [0x55706911b460]
41  /opt/conda/envs/gdf/bin/python(_PyFunction_Vectorcall+0x6c) [0x55706912ad1c]
42  /opt/conda/envs/gdf/bin/python(_PyEval_EvalFrameDefault+0x30c) [0x55706911b06c]
43  /opt/conda/envs/gdf/bin/python(_PyFunction_Vectorcall+0x6c) [0x55706912ad1c]
44  /opt/conda/envs/gdf/bin/python(_PyEval_EvalFrameDefault+0x1340) [0x55706911c0a0]
45  /opt/conda/envs/gdf/bin/python(+0x1ccbac) [0x5570691bbbac]
46  /opt/conda/envs/gdf/bin/python(PyEval_EvalCode+0x87) [0x5570691bbaf7]
47  /opt/conda/envs/gdf/bin/python(+0x1fcffa) [0x5570691ebffa]
48  /opt/conda/envs/gdf/bin/python(+0x1f8473) [0x5570691e7473]
49  /opt/conda/envs/gdf/bin/python(PyRun_StringFlags+0x7d) [0x5570691dfc0d]
50  /opt/conda/envs/gdf/bin/python(PyRun_SimpleStringFlags+0x3c) [0x5570691dfa4c]
51  /opt/conda/envs/gdf/bin/python(Py_RunMain+0x3ba) [0x5570691dec4a]
52  /opt/conda/envs/gdf/bin/python(Py_BytesMain+0x37) [0x5570691af237]
53  /usr/lib/x86_64-linux-gnu/libc.so.6(__libc_start_main+0xf3) [0x7f6fc4379083]
54  /opt/conda/envs/gdf/bin/python(+0x1c014e) [0x5570691af14e]
=================================
[dgx13:92349:0:92349] Caught signal 11 (Segmentation fault: address not mapped to object at address 0x450)
==== backtrace (tid:  92349) ====
 0  /opt/conda/envs/gdf/lib/libucs.so.0(ucs_handle_error+0x305) [0x7fc3ef160ef5]
 1  /opt/conda/envs/gdf/lib/libucs.so.0(+0x2f0f4) [0x7fc3ef1610f4]
 2  /opt/conda/envs/gdf/lib/libucs.so.0(+0x2f2ba) [0x7fc3ef1612ba]
 3  /usr/lib/x86_64-linux-gnu/libpthread.so.0(+0x14420) [0x7fc43bc5e420]
 4  /opt/conda/envs/gdf/lib/libucp.so.0(ucp_mem_type_unpack+0x1a) [0x7fc3ef1e5caa]
 5  /opt/conda/envs/gdf/lib/libucp.so.0(ucp_rndv_data_handler+0x66d) [0x7fc3ef210f5d]
 6  /opt/conda/envs/gdf/lib/libuct.so.0(+0x21e9f) [0x7fc3ef115e9f]
 7  /opt/conda/envs/gdf/lib/libuct.so.0(+0x250b8) [0x7fc3ef1190b8]
 8  /opt/conda/envs/gdf/lib/libucs.so.0(ucs_event_set_wait+0xb9) [0x7fc3ef16a739]
 9  /opt/conda/envs/gdf/lib/libuct.so.0(uct_tcp_iface_progress+0x7d) [0x7fc3ef1181bd]
10  /opt/conda/envs/gdf/lib/libucp.so.0(ucp_worker_progress+0x5a) [0x7fc3ef1e29fa]
11  /opt/conda/envs/gdf/lib/python3.10/site-packages/ucp/_libs/ucx_api.cpython-310-x86_64-linux-gnu.so(+0x31d7a) [0x7fc3ef2a5d7a]
12  /opt/conda/envs/gdf/bin/python(_PyEval_EvalFrameDefault+0x2ba8) [0x559a2a0e2908]
13  /opt/conda/envs/gdf/bin/python(_PyFunction_Vectorcall+0x6c) [0x559a2a0efd1c]
14  /opt/conda/envs/gdf/bin/python(_PyEval_EvalFrameDefault+0x700) [0x559a2a0e0460]
15  /opt/conda/envs/gdf/bin/python(+0x1d63d9) [0x559a2a18a3d9]
16  /opt/conda/envs/gdf/lib/python3.10/lib-dynload/_asyncio.cpython-310-x86_64-linux-gnu.so(+0x7782) [0x7fc4297bc782]
17  /opt/conda/envs/gdf/bin/python(_PyObject_MakeTpCall+0x2d3) [0x559a2a0e8cc3]
18  /opt/conda/envs/gdf/bin/python(+0xf7766) [0x559a2a0ab766]
19  /opt/conda/envs/gdf/bin/python(+0x133473) [0x559a2a0e7473]
20  /opt/conda/envs/gdf/bin/python(_PyEval_EvalFrameDefault+0x5867) [0x559a2a0e55c7]
21  /opt/conda/envs/gdf/bin/python(_PyFunction_Vectorcall+0x6c) [0x559a2a0efd1c]
22  /opt/conda/envs/gdf/bin/python(_PyEval_EvalFrameDefault+0x700) [0x559a2a0e0460]
23  /opt/conda/envs/gdf/bin/python(_PyFunction_Vectorcall+0x6c) [0x559a2a0efd1c]
24  /opt/conda/envs/gdf/bin/python(_PyEval_EvalFrameDefault+0x700) [0x559a2a0e0460]
25  /opt/conda/envs/gdf/bin/python(_PyFunction_Vectorcall+0x6c) [0x559a2a0efd1c]
26  /opt/conda/envs/gdf/bin/python(_PyEval_EvalFrameDefault+0x700) [0x559a2a0e0460]
27  /opt/conda/envs/gdf/bin/python(_PyFunction_Vectorcall+0x6c) [0x559a2a0efd1c]
28  /opt/conda/envs/gdf/bin/python(_PyEval_EvalFrameDefault+0x700) [0x559a2a0e0460]
29  /opt/conda/envs/gdf/bin/python(_PyFunction_Vectorcall+0x6c) [0x559a2a0efd1c]
30  /opt/conda/envs/gdf/bin/python(_PyEval_EvalFrameDefault+0x1340) [0x559a2a0e10a0]
31  /opt/conda/envs/gdf/bin/python(+0x147162) [0x559a2a0fb162]
32  /opt/conda/envs/gdf/bin/python(PyObject_Call+0xbc) [0x559a2a0fbafc]
33  /opt/conda/envs/gdf/bin/python(+0x1ff86d) [0x559a2a1b386d]
34  /opt/conda/envs/gdf/bin/python(_PyObject_MakeTpCall+0x2d3) [0x559a2a0e8cc3]
35  /opt/conda/envs/gdf/bin/python(_PyEval_EvalFrameDefault+0x2ba8) [0x559a2a0e2908]
36  /opt/conda/envs/gdf/bin/python(+0x1472b8) [0x559a2a0fb2b8]
37  /opt/conda/envs/gdf/bin/python(_PyEval_EvalFrameDefault+0x2ba8) [0x559a2a0e2908]
38  /opt/conda/envs/gdf/bin/python(_PyFunction_Vectorcall+0x6c) [0x559a2a0efd1c]
39  /opt/conda/envs/gdf/bin/python(_PyEval_EvalFrameDefault+0x700) [0x559a2a0e0460]
40  /opt/conda/envs/gdf/bin/python(_PyFunction_Vectorcall+0x6c) [0x559a2a0efd1c]
41  /opt/conda/envs/gdf/bin/python(_PyEval_EvalFrameDefault+0x700) [0x559a2a0e0460]
42  /opt/conda/envs/gdf/bin/python(_PyFunction_Vectorcall+0x6c) [0x559a2a0efd1c]
43  /opt/conda/envs/gdf/bin/python(_PyEval_EvalFrameDefault+0x30c) [0x559a2a0e006c]
44  /opt/conda/envs/gdf/bin/python(_PyFunction_Vectorcall+0x6c) [0x559a2a0efd1c]
45  /opt/conda/envs/gdf/bin/python(_PyEval_EvalFrameDefault+0x1340) [0x559a2a0e10a0]
46  /opt/conda/envs/gdf/bin/python(+0x1ccbac) [0x559a2a180bac]
47  /opt/conda/envs/gdf/bin/python(PyEval_EvalCode+0x87) [0x559a2a180af7]
48  /opt/conda/envs/gdf/bin/python(+0x1fcffa) [0x559a2a1b0ffa]
49  /opt/conda/envs/gdf/bin/python(+0x1f8473) [0x559a2a1ac473]
50  /opt/conda/envs/gdf/bin/python(PyRun_StringFlags+0x7d) [0x559a2a1a4c0d]
51  /opt/conda/envs/gdf/bin/python(PyRun_SimpleStringFlags+0x3c) [0x559a2a1a4a4c]
52  /opt/conda/envs/gdf/bin/python(Py_RunMain+0x3ba) [0x559a2a1a3c4a]
53  /opt/conda/envs/gdf/bin/python(Py_BytesMain+0x37) [0x559a2a174237]
54  /usr/lib/x86_64-linux-gnu/libc.so.6(__libc_start_main+0xf3) [0x7fc43b922083]
55  /opt/conda/envs/gdf/bin/python(+0x1c014e) [0x559a2a17414e]
=================================
[dgx13:92332:0:92332] Caught signal 11 (Segmentation fault: address not mapped to object at address 0x450)
==== backtrace (tid:  92332) ====
 0  /opt/conda/envs/gdf/lib/libucs.so.0(ucs_handle_error+0x305) [0x7efef92bfef5]
 1  /opt/conda/envs/gdf/lib/libucs.so.0(+0x2f0f4) [0x7efef92c00f4]
 2  /opt/conda/envs/gdf/lib/libucs.so.0(+0x2f2ba) [0x7efef92c02ba]
 3  /usr/lib/x86_64-linux-gnu/libpthread.so.0(+0x14420) [0x7eff39d95420]
 4  /opt/conda/envs/gdf/lib/libucp.so.0(ucp_mem_type_unpack+0x1a) [0x7efef9344caa]
 5  /opt/conda/envs/gdf/lib/libucp.so.0(ucp_rndv_data_handler+0x66d) [0x7efef936ff5d]
 6  /opt/conda/envs/gdf/lib/libuct.so.0(+0x21e9f) [0x7efef9274e9f]
 7  /opt/conda/envs/gdf/lib/libuct.so.0(+0x250b8) [0x7efef92780b8]
 8  /opt/conda/envs/gdf/lib/libucs.so.0(ucs_event_set_wait+0xb9) [0x7efef92c9739]
 9  /opt/conda/envs/gdf/lib/libuct.so.0(uct_tcp_iface_progress+0x7d) [0x7efef92771bd]
10  /opt/conda/envs/gdf/lib/libucp.so.0(ucp_worker_progress+0x5a) [0x7efef93419fa]
11  /opt/conda/envs/gdf/lib/python3.10/site-packages/ucp/_libs/ucx_api.cpython-310-x86_64-linux-gnu.so(+0x31d7a) [0x7efef9404d7a]
12  /opt/conda/envs/gdf/bin/python(_PyEval_EvalFrameDefault+0x2ba8) [0x5637754ac908]
13  /opt/conda/envs/gdf/bin/python(_PyFunction_Vectorcall+0x6c) [0x5637754b9d1c]
14  /opt/conda/envs/gdf/bin/python(_PyEval_EvalFrameDefault+0x700) [0x5637754aa460]
15  /opt/conda/envs/gdf/bin/python(+0x1d63d9) [0x5637755543d9]
16  /opt/conda/envs/gdf/lib/python3.10/lib-dynload/_asyncio.cpython-310-x86_64-linux-gnu.so(+0x7782) [0x7eff278f9782]
17  /opt/conda/envs/gdf/bin/python(_PyObject_MakeTpCall+0x2d3) [0x5637754b2cc3]
18  /opt/conda/envs/gdf/bin/python(+0xf7766) [0x563775475766]
19  /opt/conda/envs/gdf/bin/python(+0x133473) [0x5637754b1473]
20  /opt/conda/envs/gdf/bin/python(_PyEval_EvalFrameDefault+0x5867) [0x5637754af5c7]
21  /opt/conda/envs/gdf/bin/python(_PyFunction_Vectorcall+0x6c) [0x5637754b9d1c]
22  /opt/conda/envs/gdf/bin/python(_PyEval_EvalFrameDefault+0x700) [0x5637754aa460]
23  /opt/conda/envs/gdf/bin/python(_PyFunction_Vectorcall+0x6c) [0x5637754b9d1c]
24  /opt/conda/envs/gdf/bin/python(_PyEval_EvalFrameDefault+0x700) [0x5637754aa460]
25  /opt/conda/envs/gdf/bin/python(_PyFunction_Vectorcall+0x6c) [0x5637754b9d1c]
26  /opt/conda/envs/gdf/bin/python(_PyEval_EvalFrameDefault+0x700) [0x5637754aa460]
27  /opt/conda/envs/gdf/bin/python(_PyFunction_Vectorcall+0x6c) [0x5637754b9d1c]
28  /opt/conda/envs/gdf/bin/python(_PyEval_EvalFrameDefault+0x700) [0x5637754aa460]
29  /opt/conda/envs/gdf/bin/python(_PyFunction_Vectorcall+0x6c) [0x5637754b9d1c]
30  /opt/conda/envs/gdf/bin/python(_PyEval_EvalFrameDefault+0x1340) [0x5637754ab0a0]
31  /opt/conda/envs/gdf/bin/python(+0x147162) [0x5637754c5162]
32  /opt/conda/envs/gdf/bin/python(PyObject_Call+0xbc) [0x5637754c5afc]
33  /opt/conda/envs/gdf/bin/python(+0x1ff86d) [0x56377557d86d]
34  /opt/conda/envs/gdf/bin/python(_PyObject_MakeTpCall+0x2d3) [0x5637754b2cc3]
35  /opt/conda/envs/gdf/bin/python(_PyEval_EvalFrameDefault+0x2ba8) [0x5637754ac908]
36  /opt/conda/envs/gdf/bin/python(+0x1472b8) [0x5637754c52b8]
37  /opt/conda/envs/gdf/bin/python(_PyEval_EvalFrameDefault+0x2ba8) [0x5637754ac908]
38  /opt/conda/envs/gdf/bin/python(_PyFunction_Vectorcall+0x6c) [0x5637754b9d1c]
39  /opt/conda/envs/gdf/bin/python(_PyEval_EvalFrameDefault+0x700) [0x5637754aa460]
40  /opt/conda/envs/gdf/bin/python(_PyFunction_Vectorcall+0x6c) [0x5637754b9d1c]
41  /opt/conda/envs/gdf/bin/python(_PyEval_EvalFrameDefault+0x700) [0x5637754aa460]
42  /opt/conda/envs/gdf/bin/python(_PyFunction_Vectorcall+0x6c) [0x5637754b9d1c]
43  /opt/conda/envs/gdf/bin/python(_PyEval_EvalFrameDefault+0x30c) [0x5637754aa06c]
44  /opt/conda/envs/gdf/bin/python(_PyFunction_Vectorcall+0x6c) [0x5637754b9d1c]
45  /opt/conda/envs/gdf/bin/python(_PyEval_EvalFrameDefault+0x1340) [0x5637754ab0a0]
46  /opt/conda/envs/gdf/bin/python(+0x1ccbac) [0x56377554abac]
47  /opt/conda/envs/gdf/bin/python(PyEval_EvalCode+0x87) [0x56377554aaf7]
48  /opt/conda/envs/gdf/bin/python(+0x1fcffa) [0x56377557affa]
49  /opt/conda/envs/gdf/bin/python(+0x1f8473) [0x563775576473]
50  /opt/conda/envs/gdf/bin/python(PyRun_StringFlags+0x7d) [0x56377556ec0d]
51  /opt/conda/envs/gdf/bin/python(PyRun_SimpleStringFlags+0x3c) [0x56377556ea4c]
52  /opt/conda/envs/gdf/bin/python(Py_RunMain+0x3ba) [0x56377556dc4a]
53  /opt/conda/envs/gdf/bin/python(Py_BytesMain+0x37) [0x56377553e237]
54  /usr/lib/x86_64-linux-gnu/libc.so.6(__libc_start_main+0xf3) [0x7eff39a59083]
55  /opt/conda/envs/gdf/bin/python(+0x1c014e) [0x56377553e14e]
=================================
[dgx13:92336:0:92336] Caught signal 11 (Segmentation fault: address not mapped to object at address 0x450)
==== backtrace (tid:  92336) ====
 0  /opt/conda/envs/gdf/lib/libucs.so.0(ucs_handle_error+0x305) [0x7f3fbc03cef5]
 1  /opt/conda/envs/gdf/lib/libucs.so.0(+0x2f0f4) [0x7f3fbc03d0f4]
 2  /opt/conda/envs/gdf/lib/libucs.so.0(+0x2f2ba) [0x7f3fbc03d2ba]
 3  /usr/lib/x86_64-linux-gnu/libpthread.so.0(+0x14420) [0x7f3fea42e420]
 4  /opt/conda/envs/gdf/lib/libucp.so.0(ucp_mem_type_unpack+0x1a) [0x7f3fa9b79caa]
 5  /opt/conda/envs/gdf/lib/libucp.so.0(ucp_rndv_data_handler+0x66d) [0x7f3fa9ba4f5d]
 6  /opt/conda/envs/gdf/lib/libuct.so.0(+0x21e9f) [0x7f3fa9b0ee9f]
 7  /opt/conda/envs/gdf/lib/libuct.so.0(+0x250b8) [0x7f3fa9b120b8]
 8  /opt/conda/envs/gdf/lib/libucs.so.0(ucs_event_set_wait+0xb9) [0x7f3fbc046739]
 9  /opt/conda/envs/gdf/lib/libuct.so.0(uct_tcp_iface_progress+0x7d) [0x7f3fa9b111bd]
10  /opt/conda/envs/gdf/lib/libucp.so.0(ucp_worker_progress+0x5a) [0x7f3fa9b769fa]
11  /opt/conda/envs/gdf/lib/python3.10/site-packages/ucp/_libs/ucx_api.cpython-310-x86_64-linux-gnu.so(+0x31d7a) [0x7f3fa9c39d7a]
12  /opt/conda/envs/gdf/bin/python(_PyEval_EvalFrameDefault+0x2ba8) [0x5619287ae908]
13  /opt/conda/envs/gdf/bin/python(_PyFunction_Vectorcall+0x6c) [0x5619287bbd1c]
14  /opt/conda/envs/gdf/bin/python(_PyEval_EvalFrameDefault+0x700) [0x5619287ac460]
15  /opt/conda/envs/gdf/bin/python(+0x1d63d9) [0x5619288563d9]
16  /opt/conda/envs/gdf/lib/python3.10/lib-dynload/_asyncio.cpython-310-x86_64-linux-gnu.so(+0x7782) [0x7f3fdc091782]
17  /opt/conda/envs/gdf/bin/python(_PyObject_MakeTpCall+0x2d3) [0x5619287b4cc3]
18  /opt/conda/envs/gdf/bin/python(+0xf7766) [0x561928777766]
19  /opt/conda/envs/gdf/bin/python(+0x133473) [0x5619287b3473]
20  /opt/conda/envs/gdf/bin/python(_PyEval_EvalFrameDefault+0x5867) [0x5619287b15c7]
21  /opt/conda/envs/gdf/bin/python(_PyFunction_Vectorcall+0x6c) [0x5619287bbd1c]
22  /opt/conda/envs/gdf/bin/python(_PyEval_EvalFrameDefault+0x700) [0x5619287ac460]
23  /opt/conda/envs/gdf/bin/python(_PyFunction_Vectorcall+0x6c) [0x5619287bbd1c]
24  /opt/conda/envs/gdf/bin/python(_PyEval_EvalFrameDefault+0x700) [0x5619287ac460]
25  /opt/conda/envs/gdf/bin/python(_PyFunction_Vectorcall+0x6c) [0x5619287bbd1c]
26  /opt/conda/envs/gdf/bin/python(_PyEval_EvalFrameDefault+0x700) [0x5619287ac460]
27  /opt/conda/envs/gdf/bin/python(_PyFunction_Vectorcall+0x6c) [0x5619287bbd1c]
28  /opt/conda/envs/gdf/bin/python(_PyEval_EvalFrameDefault+0x700) [0x5619287ac460]
29  /opt/conda/envs/gdf/bin/python(_PyFunction_Vectorcall+0x6c) [0x5619287bbd1c]
30  /opt/conda/envs/gdf/bin/python(_PyEval_EvalFrameDefault+0x1340) [0x5619287ad0a0]
31  /opt/conda/envs/gdf/bin/python(+0x147162) [0x5619287c7162]
32  /opt/conda/envs/gdf/bin/python(PyObject_Call+0xbc) [0x5619287c7afc]
33  /opt/conda/envs/gdf/bin/python(+0x1ff86d) [0x56192887f86d]
34  /opt/conda/envs/gdf/bin/python(_PyObject_MakeTpCall+0x2d3) [0x5619287b4cc3]
35  /opt/conda/envs/gdf/bin/python(_PyEval_EvalFrameDefault+0x2ba8) [0x5619287ae908]
36  /opt/conda/envs/gdf/bin/python(+0x1472b8) [0x5619287c72b8]
37  /opt/conda/envs/gdf/bin/python(_PyEval_EvalFrameDefault+0x2ba8) [0x5619287ae908]
38  /opt/conda/envs/gdf/bin/python(_PyFunction_Vectorcall+0x6c) [0x5619287bbd1c]
39  /opt/conda/envs/gdf/bin/python(_PyEval_EvalFrameDefault+0x700) [0x5619287ac460]
40  /opt/conda/envs/gdf/bin/python(_PyFunction_Vectorcall+0x6c) [0x5619287bbd1c]
41  /opt/conda/envs/gdf/bin/python(_PyEval_EvalFrameDefault+0x700) [0x5619287ac460]
42  /opt/conda/envs/gdf/bin/python(_PyFunction_Vectorcall+0x6c) [0x5619287bbd1c]
43  /opt/conda/envs/gdf/bin/python(_PyEval_EvalFrameDefault+0x30c) [0x5619287ac06c]
44  /opt/conda/envs/gdf/bin/python(_PyFunction_Vectorcall+0x6c) [0x5619287bbd1c]
45  /opt/conda/envs/gdf/bin/python(_PyEval_EvalFrameDefault+0x1340) [0x5619287ad0a0]
46  /opt/conda/envs/gdf/bin/python(+0x1ccbac) [0x56192884cbac]
47  /opt/conda/envs/gdf/bin/python(PyEval_EvalCode+0x87) [0x56192884caf7]
48  /opt/conda/envs/gdf/bin/python(+0x1fcffa) [0x56192887cffa]
49  /opt/conda/envs/gdf/bin/python(+0x1f8473) [0x561928878473]
50  /opt/conda/envs/gdf/bin/python(PyRun_StringFlags+0x7d) [0x561928870c0d]
51  /opt/conda/envs/gdf/bin/python(PyRun_SimpleStringFlags+0x3c) [0x561928870a4c]
52  /opt/conda/envs/gdf/bin/python(Py_RunMain+0x3ba) [0x56192886fc4a]
53  /opt/conda/envs/gdf/bin/python(Py_BytesMain+0x37) [0x561928840237]
54  /usr/lib/x86_64-linux-gnu/libc.so.6(__libc_start_main+0xf3) [0x7f3fea0f2083]
55  /opt/conda/envs/gdf/bin/python(+0x1c014e) [0x56192884014e]
=================================
[dgx13:92345:0:92345] Caught signal 11 (Segmentation fault: address not mapped to object at address 0x450)
==== backtrace (tid:  92345) ====
 0  /opt/conda/envs/gdf/lib/libucs.so.0(ucs_handle_error+0x305) [0x7f2c81a95ef5]
 1  /opt/conda/envs/gdf/lib/libucs.so.0(+0x2f0f4) [0x7f2c81a960f4]
 2  /opt/conda/envs/gdf/lib/libucs.so.0(+0x2f2ba) [0x7f2c81a962ba]
 3  /usr/lib/x86_64-linux-gnu/libpthread.so.0(+0x14420) [0x7f2cc0576420]
 4  /opt/conda/envs/gdf/lib/libucp.so.0(ucp_mem_type_unpack+0x1a) [0x7f2c81b1acaa]
 5  /opt/conda/envs/gdf/lib/libucp.so.0(ucp_rndv_data_handler+0x66d) [0x7f2c81b45f5d]
 6  /opt/conda/envs/gdf/lib/libuct.so.0(+0x21e9f) [0x7f2c81a4ae9f]
 7  /opt/conda/envs/gdf/lib/libuct.so.0(+0x250b8) [0x7f2c81a4e0b8]
 8  /opt/conda/envs/gdf/lib/libucs.so.0(ucs_event_set_wait+0xb9) [0x7f2c81a9f739]
 9  /opt/conda/envs/gdf/lib/libuct.so.0(uct_tcp_iface_progress+0x7d) [0x7f2c81a4d1bd]
10  /opt/conda/envs/gdf/lib/libucp.so.0(ucp_worker_progress+0x5a) [0x7f2c81b179fa]
11  /opt/conda/envs/gdf/lib/python3.10/site-packages/ucp/_libs/ucx_api.cpython-310-x86_64-linux-gnu.so(+0x31d7a) [0x7f2c81bdad7a]
12  /opt/conda/envs/gdf/bin/python(_PyEval_EvalFrameDefault+0x2ba8) [0x55b67269d908]
13  /opt/conda/envs/gdf/bin/python(_PyFunction_Vectorcall+0x6c) [0x55b6726aad1c]
14  /opt/conda/envs/gdf/bin/python(_PyEval_EvalFrameDefault+0x700) [0x55b67269b460]
15  /opt/conda/envs/gdf/bin/python(+0x1473e4) [0x55b6726b63e4]
16  /opt/conda/envs/gdf/bin/python(+0x252eac) [0x55b6727c1eac]
17  /opt/conda/envs/gdf/bin/python(+0xf7766) [0x55b672666766]
18  /opt/conda/envs/gdf/bin/python(+0x133473) [0x55b6726a2473]
19  /opt/conda/envs/gdf/bin/python(_PyEval_EvalFrameDefault+0x5867) [0x55b6726a05c7]
20  /opt/conda/envs/gdf/bin/python(_PyFunction_Vectorcall+0x6c) [0x55b6726aad1c]
21  /opt/conda/envs/gdf/bin/python(_PyEval_EvalFrameDefault+0x700) [0x55b67269b460]
22  /opt/conda/envs/gdf/bin/python(_PyFunction_Vectorcall+0x6c) [0x55b6726aad1c]
23  /opt/conda/envs/gdf/bin/python(_PyEval_EvalFrameDefault+0x700) [0x55b67269b460]
24  /opt/conda/envs/gdf/bin/python(_PyFunction_Vectorcall+0x6c) [0x55b6726aad1c]
25  /opt/conda/envs/gdf/bin/python(_PyEval_EvalFrameDefault+0x700) [0x55b67269b460]
26  /opt/conda/envs/gdf/bin/python(_PyFunction_Vectorcall+0x6c) [0x55b6726aad1c]
27  /opt/conda/envs/gdf/bin/python(_PyEval_EvalFrameDefault+0x700) [0x55b67269b460]
28  /opt/conda/envs/gdf/bin/python(_PyFunction_Vectorcall+0x6c) [0x55b6726aad1c]
29  /opt/conda/envs/gdf/bin/python(_PyEval_EvalFrameDefault+0x1340) [0x55b67269c0a0]
30  /opt/conda/envs/gdf/bin/python(+0x147162) [0x55b6726b6162]
31  /opt/conda/envs/gdf/bin/python(PyObject_Call+0xbc) [0x55b6726b6afc]
32  /opt/conda/envs/gdf/bin/python(+0x1ff86d) [0x55b67276e86d]
33  /opt/conda/envs/gdf/bin/python(_PyObject_MakeTpCall+0x2d3) [0x55b6726a3cc3]
34  /opt/conda/envs/gdf/bin/python(_PyEval_EvalFrameDefault+0x2ba8) [0x55b67269d908]
35  /opt/conda/envs/gdf/bin/python(+0x1472b8) [0x55b6726b62b8]
36  /opt/conda/envs/gdf/bin/python(_PyEval_EvalFrameDefault+0x2ba8) [0x55b67269d908]
37  /opt/conda/envs/gdf/bin/python(_PyFunction_Vectorcall+0x6c) [0x55b6726aad1c]
38  /opt/conda/envs/gdf/bin/python(_PyEval_EvalFrameDefault+0x700) [0x55b67269b460]
39  /opt/conda/envs/gdf/bin/python(_PyFunction_Vectorcall+0x6c) [0x55b6726aad1c]
40  /opt/conda/envs/gdf/bin/python(_PyEval_EvalFrameDefault+0x700) [0x55b67269b460]
41  /opt/conda/envs/gdf/bin/python(_PyFunction_Vectorcall+0x6c) [0x55b6726aad1c]
42  /opt/conda/envs/gdf/bin/python(_PyEval_EvalFrameDefault+0x30c) [0x55b67269b06c]
43  /opt/conda/envs/gdf/bin/python(_PyFunction_Vectorcall+0x6c) [0x55b6726aad1c]
44  /opt/conda/envs/gdf/bin/python(_PyEval_EvalFrameDefault+0x1340) [0x55b67269c0a0]
45  /opt/conda/envs/gdf/bin/python(+0x1ccbac) [0x55b67273bbac]
46  /opt/conda/envs/gdf/bin/python(PyEval_EvalCode+0x87) [0x55b67273baf7]
47  /opt/conda/envs/gdf/bin/python(+0x1fcffa) [0x55b67276bffa]
48  /opt/conda/envs/gdf/bin/python(+0x1f8473) [0x55b672767473]
49  /opt/conda/envs/gdf/bin/python(PyRun_StringFlags+0x7d) [0x55b67275fc0d]
50  /opt/conda/envs/gdf/bin/python(PyRun_SimpleStringFlags+0x3c) [0x55b67275fa4c]
51  /opt/conda/envs/gdf/bin/python(Py_RunMain+0x3ba) [0x55b67275ec4a]
52  /opt/conda/envs/gdf/bin/python(Py_BytesMain+0x37) [0x55b67272f237]
53  /usr/lib/x86_64-linux-gnu/libc.so.6(__libc_start_main+0xf3) [0x7f2cc023a083]
54  /opt/conda/envs/gdf/bin/python(+0x1c014e) [0x55b67272f14e]
=================================
2024-09-25 07:03:43,845 - distributed.worker - ERROR - Worker stream died during communication: ucx://127.0.0.1:54451
Traceback (most recent call last):
  File "/opt/conda/envs/gdf/lib/python3.10/site-packages/distributed/comm/ucx.py", line 351, in read
    await self.ep.recv(msg)
  File "/opt/conda/envs/gdf/lib/python3.10/site-packages/ucp/core.py", line 737, in recv
    ret = await comm.tag_recv(self._ep, buffer, nbytes, tag, name=log)
ucp._libs.exceptions.UCXCanceled: <[Recv #000] ep: 0x7f86d825a280, tag: 0xe09f58c7923234ed, nbytes: 16, type: <class 'numpy.ndarray'>>: 

During handling of the above exception, another exception occurred:

Traceback (most recent call last):
  File "/opt/conda/envs/gdf/lib/python3.10/site-packages/distributed/worker.py", line 2056, in gather_dep
    response = await get_data_from_worker(
  File "/opt/conda/envs/gdf/lib/python3.10/site-packages/distributed/worker.py", line 2871, in get_data_from_worker
    comm = await rpc.connect(worker)
  File "/opt/conda/envs/gdf/lib/python3.10/site-packages/distributed/core.py", line 1535, in connect
    return connect_attempt.result()
  File "/opt/conda/envs/gdf/lib/python3.10/site-packages/distributed/core.py", line 1425, in _connect
    comm = await connect(
  File "/opt/conda/envs/gdf/lib/python3.10/site-packages/distributed/comm/core.py", line 377, in connect
    handshake = await comm.read()
  File "/opt/conda/envs/gdf/lib/python3.10/site-packages/distributed/utils.py", line 806, in wrapper
    return await func(*args, **kwargs)
  File "/opt/conda/envs/gdf/lib/python3.10/site-packages/distributed/comm/ucx.py", line 369, in read
    raise CommClosedError(
distributed.comm.core.CommClosedError: Connection closed by writer.
Inner exception: UCXCanceled("<[Recv #000] ep: 0x7f86d825a280, tag: 0xe09f58c7923234ed, nbytes: 16, type: <class 'numpy.ndarray'>>: ")
2024-09-25 07:03:43,846 - distributed.scheduler - WARNING - Removing worker 'ucx://127.0.0.1:54451' caused the cluster to lose already computed task(s), which will be recomputed elsewhere: {('split-taskshuffle-b193d85dcbb1359f44fff00bd51d0d18', 3, 0), ('split-taskshuffle-b193d85dcbb1359f44fff00bd51d0d18', 6, 0), ('split-taskshuffle-b193d85dcbb1359f44fff00bd51d0d18', 1, 0), ('generate_chunk-_to_string_dtype-4a286622e28b0e0aa1748bcd21fd1539', 0), ('split-taskshuffle-b193d85dcbb1359f44fff00bd51d0d18', 7, 0), ('split-taskshuffle-b193d85dcbb1359f44fff00bd51d0d18', 2, 0), ('split-taskshuffle-b193d85dcbb1359f44fff00bd51d0d18', 4, 0), ('split-taskshuffle-b193d85dcbb1359f44fff00bd51d0d18', 5, 0), ('split-taskshuffle-b193d85dcbb1359f44fff00bd51d0d18', 0, 0)} (stimulus_id='handle-worker-cleanup-1727247823.8465874')
2024-09-25 07:03:43,894 - distributed.scheduler - WARNING - Removing worker 'ucx://127.0.0.1:45643' caused the cluster to lose already computed task(s), which will be recomputed elsewhere: {('split-taskshuffle-b193d85dcbb1359f44fff00bd51d0d18', 4, 2), ('split-taskshuffle-b193d85dcbb1359f44fff00bd51d0d18', 5, 2), ('split-taskshuffle-b193d85dcbb1359f44fff00bd51d0d18', 0, 2), ('generate_chunk-_to_string_dtype-4a286622e28b0e0aa1748bcd21fd1539', 3), ('split-taskshuffle-b193d85dcbb1359f44fff00bd51d0d18', 3, 2), ('split-taskshuffle-b193d85dcbb1359f44fff00bd51d0d18', 6, 2), ('split-taskshuffle-b193d85dcbb1359f44fff00bd51d0d18', 1, 2), ('split-taskshuffle-b193d85dcbb1359f44fff00bd51d0d18', 7, 2), ('split-taskshuffle-b193d85dcbb1359f44fff00bd51d0d18', 2, 2)} (stimulus_id='handle-worker-cleanup-1727247823.8946197')
2024-09-25 07:03:43,903 - distributed.scheduler - WARNING - Removing worker 'ucx://127.0.0.1:45353' caused the cluster to lose already computed task(s), which will be recomputed elsewhere: {('split-taskshuffle-b193d85dcbb1359f44fff00bd51d0d18', 2, 5), ('split-taskshuffle-b193d85dcbb1359f44fff00bd51d0d18', 4, 5), ('split-taskshuffle-b193d85dcbb1359f44fff00bd51d0d18', 5, 5), ('split-taskshuffle-b193d85dcbb1359f44fff00bd51d0d18', 0, 5), ('generate_chunk-_to_string_dtype-4a286622e28b0e0aa1748bcd21fd1539', 5), ('split-taskshuffle-b193d85dcbb1359f44fff00bd51d0d18', 3, 5), ('split-taskshuffle-b193d85dcbb1359f44fff00bd51d0d18', 6, 5), ('split-taskshuffle-b193d85dcbb1359f44fff00bd51d0d18', 1, 5), ('split-taskshuffle-b193d85dcbb1359f44fff00bd51d0d18', 7, 5)} (stimulus_id='handle-worker-cleanup-1727247823.9028206')
2024-09-25 07:03:43,936 - distributed.worker - ERROR - failed during get data with ucx://127.0.0.1:45613 -> ucx://127.0.0.1:54451
Traceback (most recent call last):
  File "/opt/conda/envs/gdf/lib/python3.10/site-packages/distributed/comm/ucx.py", line 335, in write
    await self.ep.send(each_frame)
  File "/opt/conda/envs/gdf/lib/python3.10/site-packages/ucp/core.py", line 662, in send
    return await comm.tag_send(self._ep, buffer, nbytes, tag, name=log)
ucp._libs.exceptions.UCXError: <[Send #007] ep: 0x7fa2c414d140, tag: 0xfac4928636395c74, nbytes: 100000000, type: <class 'cudf.core.buffer.buffer.Buffer'>>: Connection reset by remote peer

During handling of the above exception, another exception occurred:

Traceback (most recent call last):
  File "/opt/conda/envs/gdf/lib/python3.10/site-packages/distributed/worker.py", line 1777, in get_data
    compressed = await comm.write(msg, serializers=serializers)
  File "/opt/conda/envs/gdf/lib/python3.10/site-packages/distributed/utils.py", line 806, in wrapper
    return await func(*args, **kwargs)
  File "/opt/conda/envs/gdf/lib/python3.10/site-packages/distributed/comm/ucx.py", line 339, in write
    raise CommClosedError("While writing, the connection was closed")
distributed.comm.core.CommClosedError: While writing, the connection was closed
2024-09-25 07:03:43,937 - distributed.worker - ERROR - Worker stream died during communication: ucx://127.0.0.1:54451
Traceback (most recent call last):
  File "/opt/conda/envs/gdf/lib/python3.10/site-packages/distributed/comm/ucx.py", line 393, in read
    await self.ep.recv(each_frame)
  File "/opt/conda/envs/gdf/lib/python3.10/site-packages/ucp/core.py", line 737, in recv
    ret = await comm.tag_recv(self._ep, buffer, nbytes, tag, name=log)
ucp._libs.exceptions.UCXError: <[Recv #007] ep: 0x7fa2c414d300, tag: 0x31c80e43929eb1b5, nbytes: 100000000, type: <class 'rmm._lib.device_buffer.DeviceBuffer'>>: Connection reset by remote peer

During handling of the above exception, another exception occurred:

Traceback (most recent call last):
  File "/opt/conda/envs/gdf/lib/python3.10/site-packages/distributed/worker.py", line 2056, in gather_dep
    response = await get_data_from_worker(
  File "/opt/conda/envs/gdf/lib/python3.10/site-packages/distributed/worker.py", line 2874, in get_data_from_worker
    response = await send_recv(
  File "/opt/conda/envs/gdf/lib/python3.10/site-packages/distributed/core.py", line 1015, in send_recv
    response = await comm.read(deserializers=deserializers)
  File "/opt/conda/envs/gdf/lib/python3.10/site-packages/distributed/utils.py", line 806, in wrapper
    return await func(*args, **kwargs)
  File "/opt/conda/envs/gdf/lib/python3.10/site-packages/distributed/comm/ucx.py", line 399, in read
    raise CommClosedError(
distributed.comm.core.CommClosedError: Connection closed by writer.
Inner exception: UCXError("<[Recv #007] ep: 0x7fa2c414d300, tag: 0x31c80e43929eb1b5, nbytes: 100000000, type: <class 'rmm._lib.device_buffer.DeviceBuffer'>>: Connection reset by remote peer")
Task exception was never retrieved
future: <Task finished name='Task-493' coro=<_listener_handler_coroutine() done, defined at /opt/conda/envs/gdf/lib/python3.10/site-packages/ucp/core.py:140> exception=UCXError('<stream_send>: Connection reset by remote peer')>
Traceback (most recent call last):
  File "/opt/conda/envs/gdf/lib/python3.10/site-packages/ucp/core.py", line 155, in _listener_handler_coroutine
    peer_info = await exchange_peer_info(
  File "/opt/conda/envs/gdf/lib/python3.10/site-packages/ucp/core.py", line 51, in exchange_peer_info
    await asyncio.wait_for(
  File "/opt/conda/envs/gdf/lib/python3.10/asyncio/tasks.py", line 445, in wait_for
    return fut.result()
ucp._libs.exceptions.UCXError: <stream_send>: Connection reset by remote peer
2024-09-25 07:03:43,939 - distributed.worker - ERROR - Worker stream died during communication: ucx://127.0.0.1:45643
Traceback (most recent call last):
  File "/opt/conda/envs/gdf/lib/python3.10/site-packages/distributed/comm/ucx.py", line 351, in read
    await self.ep.recv(msg)
  File "/opt/conda/envs/gdf/lib/python3.10/site-packages/ucp/core.py", line 737, in recv
    ret = await comm.tag_recv(self._ep, buffer, nbytes, tag, name=log)
ucp._libs.exceptions.UCXCanceled: <[Recv #003] ep: 0x7fa2c414d2c0, tag: 0x39e4b48db38baed7, nbytes: 16, type: <class 'numpy.ndarray'>>: 

During handling of the above exception, another exception occurred:

Traceback (most recent call last):
  File "/opt/conda/envs/gdf/lib/python3.10/site-packages/distributed/worker.py", line 2056, in gather_dep
    response = await get_data_from_worker(
  File "/opt/conda/envs/gdf/lib/python3.10/site-packages/distributed/worker.py", line 2874, in get_data_from_worker
    response = await send_recv(
  File "/opt/conda/envs/gdf/lib/python3.10/site-packages/distributed/core.py", line 1015, in send_recv
    response = await comm.read(deserializers=deserializers)
  File "/opt/conda/envs/gdf/lib/python3.10/site-packages/distributed/utils.py", line 806, in wrapper
    return await func(*args, **kwargs)
  File "/opt/conda/envs/gdf/lib/python3.10/site-packages/distributed/comm/ucx.py", line 369, in read
    raise CommClosedError(
distributed.comm.core.CommClosedError: Connection closed by writer.
Inner exception: UCXCanceled("<[Recv #003] ep: 0x7fa2c414d2c0, tag: 0x39e4b48db38baed7, nbytes: 16, type: <class 'numpy.ndarray'>>: ")
2024-09-25 07:03:43,943 - distributed.scheduler - WARNING - Removing worker 'ucx://127.0.0.1:42775' caused the cluster to lose already computed task(s), which will be recomputed elsewhere: {('split-taskshuffle-b193d85dcbb1359f44fff00bd51d0d18', 3, 3), ('generate_chunk-_to_string_dtype-4a286622e28b0e0aa1748bcd21fd1539', 6), ('split-taskshuffle-b193d85dcbb1359f44fff00bd51d0d18', 1, 3), ('split-taskshuffle-b193d85dcbb1359f44fff00bd51d0d18', 6, 3), ('split-taskshuffle-b193d85dcbb1359f44fff00bd51d0d18', 7, 3), ('split-taskshuffle-b193d85dcbb1359f44fff00bd51d0d18', 2, 3), ('split-taskshuffle-b193d85dcbb1359f44fff00bd51d0d18', 4, 3), ('split-taskshuffle-b193d85dcbb1359f44fff00bd51d0d18', 5, 3), ('split-taskshuffle-b193d85dcbb1359f44fff00bd51d0d18', 0, 3)} (stimulus_id='handle-worker-cleanup-1727247823.9433868')
2024-09-25 07:03:43,953 - distributed.nanny - WARNING - Restarting worker
2024-09-25 07:03:43,960 - distributed.worker - ERROR - failed during get data with ucx://127.0.0.1:49469 -> ucx://127.0.0.1:42775
Traceback (most recent call last):
  File "/opt/conda/envs/gdf/lib/python3.10/site-packages/distributed/comm/ucx.py", line 335, in write
    await self.ep.send(each_frame)
  File "/opt/conda/envs/gdf/lib/python3.10/site-packages/ucp/core.py", line 662, in send
    return await comm.tag_send(self._ep, buffer, nbytes, tag, name=log)
ucp._libs.exceptions.UCXError: <[Send #007] ep: 0x7f86d825a3c0, tag: 0x2fb4a0d707f8d3e, nbytes: 100000000, type: <class 'cudf.core.buffer.buffer.Buffer'>>: Connection reset by remote peer

During handling of the above exception, another exception occurred:

Traceback (most recent call last):
  File "/opt/conda/envs/gdf/lib/python3.10/site-packages/distributed/worker.py", line 1777, in get_data
    compressed = await comm.write(msg, serializers=serializers)
  File "/opt/conda/envs/gdf/lib/python3.10/site-packages/distributed/utils.py", line 806, in wrapper
    return await func(*args, **kwargs)
  File "/opt/conda/envs/gdf/lib/python3.10/site-packages/distributed/comm/ucx.py", line 339, in write
    raise CommClosedError("While writing, the connection was closed")
distributed.comm.core.CommClosedError: While writing, the connection was closed
2024-09-25 07:03:43,960 - distributed.worker - ERROR - Worker stream died during communication: ucx://127.0.0.1:42775
Traceback (most recent call last):
  File "/opt/conda/envs/gdf/lib/python3.10/site-packages/distributed/comm/ucx.py", line 393, in read
    await self.ep.recv(each_frame)
  File "/opt/conda/envs/gdf/lib/python3.10/site-packages/ucp/core.py", line 737, in recv
    ret = await comm.tag_recv(self._ep, buffer, nbytes, tag, name=log)
ucp._libs.exceptions.UCXError: <[Recv #007] ep: 0x7f86d825a1c0, tag: 0x7a8b1873924043a9, nbytes: 100000000, type: <class 'rmm._lib.device_buffer.DeviceBuffer'>>: Connection reset by remote peer

During handling of the above exception, another exception occurred:

Traceback (most recent call last):
  File "/opt/conda/envs/gdf/lib/python3.10/site-packages/distributed/worker.py", line 2056, in gather_dep
    response = await get_data_from_worker(
  File "/opt/conda/envs/gdf/lib/python3.10/site-packages/distributed/worker.py", line 2874, in get_data_from_worker
    response = await send_recv(
  File "/opt/conda/envs/gdf/lib/python3.10/site-packages/distributed/core.py", line 1015, in send_recv
    response = await comm.read(deserializers=deserializers)
  File "/opt/conda/envs/gdf/lib/python3.10/site-packages/distributed/utils.py", line 806, in wrapper
    return await func(*args, **kwargs)
  File "/opt/conda/envs/gdf/lib/python3.10/site-packages/distributed/comm/ucx.py", line 399, in read
    raise CommClosedError(
distributed.comm.core.CommClosedError: Connection closed by writer.
Inner exception: UCXError("<[Recv #007] ep: 0x7f86d825a1c0, tag: 0x7a8b1873924043a9, nbytes: 100000000, type: <class 'rmm._lib.device_buffer.DeviceBuffer'>>: Connection reset by remote peer")
Task exception was never retrieved
future: <Task finished name='Task-489' coro=<_listener_handler_coroutine() done, defined at /opt/conda/envs/gdf/lib/python3.10/site-packages/ucp/core.py:140> exception=UCXError('<stream_recv>: Connection reset by remote peer')>
Traceback (most recent call last):
  File "/opt/conda/envs/gdf/lib/python3.10/site-packages/ucp/core.py", line 155, in _listener_handler_coroutine
    peer_info = await exchange_peer_info(
  File "/opt/conda/envs/gdf/lib/python3.10/site-packages/ucp/core.py", line 55, in exchange_peer_info
    await asyncio.wait_for(
  File "/opt/conda/envs/gdf/lib/python3.10/asyncio/tasks.py", line 445, in wait_for
    return fut.result()
ucp._libs.exceptions.UCXError: <stream_recv>: Connection reset by remote peer
2024-09-25 07:03:43,945 - distributed.worker - ERROR - Worker stream died during communication: ucx://127.0.0.1:42775
Traceback (most recent call last):
  File "/opt/conda/envs/gdf/lib/python3.10/site-packages/distributed/comm/ucx.py", line 393, in read
    await self.ep.recv(each_frame)
  File "/opt/conda/envs/gdf/lib/python3.10/site-packages/ucp/core.py", line 737, in recv
    ret = await comm.tag_recv(self._ep, buffer, nbytes, tag, name=log)
ucp._libs.exceptions.UCXCanceled: <[Recv #008] ep: 0x7fa2c414d200, tag: 0x31479d7edac41650, nbytes: 100000000, type: <class 'rmm._lib.device_buffer.DeviceBuffer'>>: 

During handling of the above exception, another exception occurred:

Traceback (most recent call last):
  File "/opt/conda/envs/gdf/lib/python3.10/site-packages/distributed/worker.py", line 2056, in gather_dep
    response = await get_data_from_worker(
  File "/opt/conda/envs/gdf/lib/python3.10/site-packages/distributed/worker.py", line 2874, in get_data_from_worker
    response = await send_recv(
  File "/opt/conda/envs/gdf/lib/python3.10/site-packages/distributed/core.py", line 1015, in send_recv
    response = await comm.read(deserializers=deserializers)
  File "/opt/conda/envs/gdf/lib/python3.10/site-packages/distributed/utils.py", line 806, in wrapper
    return await func(*args, **kwargs)
  File "/opt/conda/envs/gdf/lib/python3.10/site-packages/distributed/comm/ucx.py", line 399, in read
    raise CommClosedError(
distributed.comm.core.CommClosedError: Connection closed by writer.
Inner exception: UCXCanceled("<[Recv #008] ep: 0x7fa2c414d200, tag: 0x31479d7edac41650, nbytes: 100000000, type: <class 'rmm._lib.device_buffer.DeviceBuffer'>>: ")
2024-09-25 07:03:43,993 - distributed.nanny - WARNING - Restarting worker
2024-09-25 07:03:44,049 - distributed.scheduler - WARNING - Removing worker 'ucx://127.0.0.1:47025' caused the cluster to lose already computed task(s), which will be recomputed elsewhere: {('split-taskshuffle-b193d85dcbb1359f44fff00bd51d0d18', 3, 4), ('split-taskshuffle-b193d85dcbb1359f44fff00bd51d0d18', 7, 4), ('split-taskshuffle-b193d85dcbb1359f44fff00bd51d0d18', 2, 4), ('split-taskshuffle-b193d85dcbb1359f44fff00bd51d0d18', 6, 4), ('split-taskshuffle-b193d85dcbb1359f44fff00bd51d0d18', 1, 4), ('split-taskshuffle-b193d85dcbb1359f44fff00bd51d0d18', 4, 4), ('split-taskshuffle-b193d85dcbb1359f44fff00bd51d0d18', 5, 4), ('split-taskshuffle-b193d85dcbb1359f44fff00bd51d0d18', 0, 4), ('generate_chunk-_to_string_dtype-4a286622e28b0e0aa1748bcd21fd1539', 2)} (stimulus_id='handle-worker-cleanup-1727247824.0495555')
2024-09-25 07:03:44,051 - distributed.scheduler - WARNING - Removing worker 'ucx://127.0.0.1:40755' caused the cluster to lose already computed task(s), which will be recomputed elsewhere: {('split-taskshuffle-b193d85dcbb1359f44fff00bd51d0d18', 6, 7), ('split-taskshuffle-b193d85dcbb1359f44fff00bd51d0d18', 1, 7), ('generate_chunk-_to_string_dtype-4a286622e28b0e0aa1748bcd21fd1539', 7), ('split-taskshuffle-b193d85dcbb1359f44fff00bd51d0d18', 7, 7), ('split-taskshuffle-b193d85dcbb1359f44fff00bd51d0d18', 2, 7), ('split-taskshuffle-b193d85dcbb1359f44fff00bd51d0d18', 4, 7), ('split-taskshuffle-b193d85dcbb1359f44fff00bd51d0d18', 5, 7), ('split-taskshuffle-b193d85dcbb1359f44fff00bd51d0d18', 0, 7), ('split-taskshuffle-b193d85dcbb1359f44fff00bd51d0d18', 3, 7)} (stimulus_id='handle-worker-cleanup-1727247824.0515206')
2024-09-25 07:03:44,052 - distributed.nanny - WARNING - Restarting worker
2024-09-25 07:03:44,077 - distributed.worker - ERROR - failed during get data with ucx://127.0.0.1:45613 -> ucx://127.0.0.1:45353
Traceback (most recent call last):
  File "/opt/conda/envs/gdf/lib/python3.10/site-packages/distributed/comm/ucx.py", line 335, in write
    await self.ep.send(each_frame)
  File "/opt/conda/envs/gdf/lib/python3.10/site-packages/ucp/core.py", line 662, in send
    return await comm.tag_send(self._ep, buffer, nbytes, tag, name=log)
ucp._libs.exceptions.UCXError: <[Send #007] ep: 0x7fa2c414d180, tag: 0xac69b63360d4d38c, nbytes: 100000000, type: <class 'cudf.core.buffer.buffer.Buffer'>>: Connection reset by remote peer

During handling of the above exception, another exception occurred:

Traceback (most recent call last):
  File "/opt/conda/envs/gdf/lib/python3.10/site-packages/distributed/worker.py", line 1777, in get_data
    compressed = await comm.write(msg, serializers=serializers)
  File "/opt/conda/envs/gdf/lib/python3.10/site-packages/distributed/utils.py", line 806, in wrapper
    return await func(*args, **kwargs)
  File "/opt/conda/envs/gdf/lib/python3.10/site-packages/distributed/comm/ucx.py", line 339, in write
    raise CommClosedError("While writing, the connection was closed")
distributed.comm.core.CommClosedError: While writing, the connection was closed
2024-09-25 07:03:44,077 - distributed.worker - ERROR - failed during get data with ucx://127.0.0.1:45613 -> ucx://127.0.0.1:42775
Traceback (most recent call last):
  File "/opt/conda/envs/gdf/lib/python3.10/site-packages/distributed/comm/ucx.py", line 335, in write
    await self.ep.send(each_frame)
  File "/opt/conda/envs/gdf/lib/python3.10/site-packages/ucp/core.py", line 662, in send
    return await comm.tag_send(self._ep, buffer, nbytes, tag, name=log)
ucp._libs.exceptions.UCXError: <[Send #007] ep: 0x7fa2c414d380, tag: 0xaf4aa1ac3f10ea54, nbytes: 100000000, type: <class 'cudf.core.buffer.buffer.Buffer'>>: Connection reset by remote peer

During handling of the above exception, another exception occurred:

Traceback (most recent call last):
  File "/opt/conda/envs/gdf/lib/python3.10/site-packages/distributed/worker.py", line 1777, in get_data
    compressed = await comm.write(msg, serializers=serializers)
  File "/opt/conda/envs/gdf/lib/python3.10/site-packages/distributed/utils.py", line 806, in wrapper
    return await func(*args, **kwargs)
  File "/opt/conda/envs/gdf/lib/python3.10/site-packages/distributed/comm/ucx.py", line 339, in write
    raise CommClosedError("While writing, the connection was closed")
distributed.comm.core.CommClosedError: While writing, the connection was closed
2024-09-25 07:03:44,078 - distributed.worker - ERROR - failed during get data with ucx://127.0.0.1:45613 -> ucx://127.0.0.1:40755
Traceback (most recent call last):
  File "/opt/conda/envs/gdf/lib/python3.10/site-packages/distributed/comm/ucx.py", line 335, in write
    await self.ep.send(each_frame)
  File "/opt/conda/envs/gdf/lib/python3.10/site-packages/ucp/core.py", line 662, in send
    return await comm.tag_send(self._ep, buffer, nbytes, tag, name=log)
ucp._libs.exceptions.UCXError: <[Send #008] ep: 0x7fa2c414d100, tag: 0x9670aad50dbe9722, nbytes: 100000000, type: <class 'cudf.core.buffer.buffer.Buffer'>>: Connection reset by remote peer

During handling of the above exception, another exception occurred:

Traceback (most recent call last):
  File "/opt/conda/envs/gdf/lib/python3.10/site-packages/distributed/worker.py", line 1777, in get_data
    compressed = await comm.write(msg, serializers=serializers)
  File "/opt/conda/envs/gdf/lib/python3.10/site-packages/distributed/utils.py", line 806, in wrapper
    return await func(*args, **kwargs)
  File "/opt/conda/envs/gdf/lib/python3.10/site-packages/distributed/comm/ucx.py", line 339, in write
    raise CommClosedError("While writing, the connection was closed")
distributed.comm.core.CommClosedError: While writing, the connection was closed
Task exception was never retrieved
future: <Task finished name='Task-494' coro=<_listener_handler_coroutine() done, defined at /opt/conda/envs/gdf/lib/python3.10/site-packages/ucp/core.py:140> exception=UCXError('<stream_recv>: Connection reset by remote peer')>
Traceback (most recent call last):
  File "/opt/conda/envs/gdf/lib/python3.10/site-packages/ucp/core.py", line 155, in _listener_handler_coroutine
    peer_info = await exchange_peer_info(
  File "/opt/conda/envs/gdf/lib/python3.10/site-packages/ucp/core.py", line 55, in exchange_peer_info
    await asyncio.wait_for(
  File "/opt/conda/envs/gdf/lib/python3.10/asyncio/tasks.py", line 445, in wait_for
    return fut.result()
ucp._libs.exceptions.UCXError: <stream_recv>: Connection reset by remote peer
2024-09-25 07:03:44,080 - distributed.worker - ERROR - Worker stream died during communication: ucx://127.0.0.1:47025
Traceback (most recent call last):
  File "/opt/conda/envs/gdf/lib/python3.10/site-packages/distributed/comm/ucx.py", line 351, in read
    await self.ep.recv(msg)
  File "/opt/conda/envs/gdf/lib/python3.10/site-packages/ucp/core.py", line 737, in recv
    ret = await comm.tag_recv(self._ep, buffer, nbytes, tag, name=log)
ucp._libs.exceptions.UCXCanceled: <[Recv #003] ep: 0x7fa2c414d280, tag: 0xb287c9e36a27bbe9, nbytes: 16, type: <class 'numpy.ndarray'>>: 

During handling of the above exception, another exception occurred:

Traceback (most recent call last):
  File "/opt/conda/envs/gdf/lib/python3.10/site-packages/distributed/worker.py", line 2056, in gather_dep
    response = await get_data_from_worker(
  File "/opt/conda/envs/gdf/lib/python3.10/site-packages/distributed/worker.py", line 2874, in get_data_from_worker
    response = await send_recv(
  File "/opt/conda/envs/gdf/lib/python3.10/site-packages/distributed/core.py", line 1015, in send_recv
    response = await comm.read(deserializers=deserializers)
  File "/opt/conda/envs/gdf/lib/python3.10/site-packages/distributed/utils.py", line 806, in wrapper
    return await func(*args, **kwargs)
  File "/opt/conda/envs/gdf/lib/python3.10/site-packages/distributed/comm/ucx.py", line 369, in read
    raise CommClosedError(
distributed.comm.core.CommClosedError: Connection closed by writer.
Inner exception: UCXCanceled("<[Recv #003] ep: 0x7fa2c414d280, tag: 0xb287c9e36a27bbe9, nbytes: 16, type: <class 'numpy.ndarray'>>: ")
2024-09-25 07:03:44,080 - distributed.worker - ERROR - Worker stream died during communication: ucx://127.0.0.1:40755
Traceback (most recent call last):
  File "/opt/conda/envs/gdf/lib/python3.10/site-packages/distributed/comm/ucx.py", line 393, in read
    await self.ep.recv(each_frame)
  File "/opt/conda/envs/gdf/lib/python3.10/site-packages/ucp/core.py", line 737, in recv
    ret = await comm.tag_recv(self._ep, buffer, nbytes, tag, name=log)
ucp._libs.exceptions.UCXCanceled: <[Recv #008] ep: 0x7fa2c414d1c0, tag: 0xae033fca2646d6ed, nbytes: 100000000, type: <class 'rmm._lib.device_buffer.DeviceBuffer'>>: 

During handling of the above exception, another exception occurred:

Traceback (most recent call last):
  File "/opt/conda/envs/gdf/lib/python3.10/site-packages/distributed/worker.py", line 2056, in gather_dep
    response = await get_data_from_worker(
  File "/opt/conda/envs/gdf/lib/python3.10/site-packages/distributed/worker.py", line 2874, in get_data_from_worker
    response = await send_recv(
  File "/opt/conda/envs/gdf/lib/python3.10/site-packages/distributed/core.py", line 1015, in send_recv
    response = await comm.read(deserializers=deserializers)
  File "/opt/conda/envs/gdf/lib/python3.10/site-packages/distributed/utils.py", line 806, in wrapper
    return await func(*args, **kwargs)
  File "/opt/conda/envs/gdf/lib/python3.10/site-packages/distributed/comm/ucx.py", line 399, in read
    raise CommClosedError(
distributed.comm.core.CommClosedError: Connection closed by writer.
Inner exception: UCXCanceled("<[Recv #008] ep: 0x7fa2c414d1c0, tag: 0xae033fca2646d6ed, nbytes: 100000000, type: <class 'rmm._lib.device_buffer.DeviceBuffer'>>: ")
2024-09-25 07:03:44,101 - distributed.nanny - WARNING - Restarting worker
2024-09-25 07:03:44,127 - distributed.worker - ERROR - failed during get data with ucx://127.0.0.1:49469 -> ucx://127.0.0.1:54451
Traceback (most recent call last):
  File "/opt/conda/envs/gdf/lib/python3.10/site-packages/distributed/comm/ucx.py", line 335, in write
    await self.ep.send(each_frame)
  File "/opt/conda/envs/gdf/lib/python3.10/site-packages/ucp/core.py", line 662, in send
    return await comm.tag_send(self._ep, buffer, nbytes, tag, name=log)
ucp._libs.exceptions.UCXError: <[Send #007] ep: 0x7f86d825a180, tag: 0x3a3ce7fe7d6babe7, nbytes: 100000000, type: <class 'cudf.core.buffer.buffer.Buffer'>>: Connection reset by remote peer

During handling of the above exception, another exception occurred:

Traceback (most recent call last):
  File "/opt/conda/envs/gdf/lib/python3.10/site-packages/distributed/worker.py", line 1777, in get_data
    compressed = await comm.write(msg, serializers=serializers)
  File "/opt/conda/envs/gdf/lib/python3.10/site-packages/distributed/utils.py", line 806, in wrapper
    return await func(*args, **kwargs)
  File "/opt/conda/envs/gdf/lib/python3.10/site-packages/distributed/comm/ucx.py", line 339, in write
    raise CommClosedError("While writing, the connection was closed")
distributed.comm.core.CommClosedError: While writing, the connection was closed
2024-09-25 07:03:44,128 - distributed.worker - ERROR - failed during get data with ucx://127.0.0.1:49469 -> ucx://127.0.0.1:40755
Traceback (most recent call last):
  File "/opt/conda/envs/gdf/lib/python3.10/site-packages/distributed/comm/ucx.py", line 335, in write
    await self.ep.send(each_frame)
  File "/opt/conda/envs/gdf/lib/python3.10/site-packages/ucp/core.py", line 662, in send
    return await comm.tag_send(self._ep, buffer, nbytes, tag, name=log)
ucp._libs.exceptions.UCXError: <[Send #010] ep: 0x7f86d825a100, tag: 0x92aad002e29754a8, nbytes: 50000000, type: <class 'cudf.core.buffer.buffer.Buffer'>>: Connection reset by remote peer

During handling of the above exception, another exception occurred:

Traceback (most recent call last):
  File "/opt/conda/envs/gdf/lib/python3.10/site-packages/distributed/worker.py", line 1777, in get_data
    compressed = await comm.write(msg, serializers=serializers)
  File "/opt/conda/envs/gdf/lib/python3.10/site-packages/distributed/utils.py", line 806, in wrapper
    return await func(*args, **kwargs)
  File "/opt/conda/envs/gdf/lib/python3.10/site-packages/distributed/comm/ucx.py", line 339, in write
    raise CommClosedError("While writing, the connection was closed")
distributed.comm.core.CommClosedError: While writing, the connection was closed
2024-09-25 07:03:44,129 - distributed.worker - ERROR - Worker stream died during communication: ucx://127.0.0.1:47025
Traceback (most recent call last):
  File "/opt/conda/envs/gdf/lib/python3.10/site-packages/distributed/comm/ucx.py", line 351, in read
    await self.ep.recv(msg)
  File "/opt/conda/envs/gdf/lib/python3.10/site-packages/ucp/core.py", line 737, in recv
    ret = await comm.tag_recv(self._ep, buffer, nbytes, tag, name=log)
ucp._libs.exceptions.UCXCanceled: <[Recv #003] ep: 0x7f86d825a200, tag: 0xb6f866242dfa7ad7, nbytes: 16, type: <class 'numpy.ndarray'>>: 

During handling of the above exception, another exception occurred:

Traceback (most recent call last):
  File "/opt/conda/envs/gdf/lib/python3.10/site-packages/distributed/worker.py", line 2056, in gather_dep
    response = await get_data_from_worker(
  File "/opt/conda/envs/gdf/lib/python3.10/site-packages/distributed/worker.py", line 2874, in get_data_from_worker
    response = await send_recv(
  File "/opt/conda/envs/gdf/lib/python3.10/site-packages/distributed/core.py", line 1015, in send_recv
    response = await comm.read(deserializers=deserializers)
  File "/opt/conda/envs/gdf/lib/python3.10/site-packages/distributed/utils.py", line 806, in wrapper
    return await func(*args, **kwargs)
  File "/opt/conda/envs/gdf/lib/python3.10/site-packages/distributed/comm/ucx.py", line 369, in read
    raise CommClosedError(
distributed.comm.core.CommClosedError: Connection closed by writer.
Inner exception: UCXCanceled("<[Recv #003] ep: 0x7f86d825a200, tag: 0xb6f866242dfa7ad7, nbytes: 16, type: <class 'numpy.ndarray'>>: ")
2024-09-25 07:03:44,131 - distributed.worker - ERROR - Worker stream died during communication: ucx://127.0.0.1:40755
Traceback (most recent call last):
  File "/opt/conda/envs/gdf/lib/python3.10/site-packages/distributed/comm/ucx.py", line 393, in read
    await self.ep.recv(each_frame)
  File "/opt/conda/envs/gdf/lib/python3.10/site-packages/ucp/core.py", line 737, in recv
    ret = await comm.tag_recv(self._ep, buffer, nbytes, tag, name=log)
ucp._libs.exceptions.UCXCanceled: <[Recv #009] ep: 0x7f86d825a240, tag: 0x15e6aeffab432a86, nbytes: 100000000, type: <class 'rmm._lib.device_buffer.DeviceBuffer'>>: 

During handling of the above exception, another exception occurred:

Traceback (most recent call last):
  File "/opt/conda/envs/gdf/lib/python3.10/site-packages/distributed/worker.py", line 2056, in gather_dep
    response = await get_data_from_worker(
  File "/opt/conda/envs/gdf/lib/python3.10/site-packages/distributed/worker.py", line 2874, in get_data_from_worker
    response = await send_recv(
  File "/opt/conda/envs/gdf/lib/python3.10/site-packages/distributed/core.py", line 1015, in send_recv
    response = await comm.read(deserializers=deserializers)
  File "/opt/conda/envs/gdf/lib/python3.10/site-packages/distributed/utils.py", line 806, in wrapper
    return await func(*args, **kwargs)
  File "/opt/conda/envs/gdf/lib/python3.10/site-packages/distributed/comm/ucx.py", line 399, in read
    raise CommClosedError(
distributed.comm.core.CommClosedError: Connection closed by writer.
Inner exception: UCXCanceled("<[Recv #009] ep: 0x7f86d825a240, tag: 0x15e6aeffab432a86, nbytes: 100000000, type: <class 'rmm._lib.device_buffer.DeviceBuffer'>>: ")
2024-09-25 07:03:44,263 - distributed.nanny - WARNING - Restarting worker
2024-09-25 07:03:44,373 - distributed.nanny - WARNING - Restarting worker
2024-09-25 07:03:46,009 - distributed.worker - ERROR - Compute Failed
Key:       ('getitem-operation-sort_index-a8240b434c7dd4ef6bf69bd2a66680f4', 2)
State:     executing
Function:  execute_task
args:      ((<function Fused._execute_task at 0x7fa2d9d17d90>, {'getitem-operation-sort_index-a8240b434c7dd4ef6bf69bd2a66680f4': ('sort_index-163b8ee930b91fcc3a95d6abd9a99549', 2), ('sort_index-163b8ee930b91fcc3a95d6abd9a99549', 2): (<methodcaller: sort_index>, ('operation-61b9773fca220805e87f7bee3d6be2ca', 2)), ('operation-61b9773fca220805e87f7bee3d6be2ca', 2): (<function _SetIndexPost.operation at 0x7fa2d9444430>, ('getitem-ae508a45ce4f9f7fe9524017d5df866b', 2), 'shuffle', True, 'shuffle', dtype('O')), ('getitem-ae508a45ce4f9f7fe9524017d5df866b', 2): (<built-in function getitem>,                 key  shuffle   payload  _partitions
0             62026        2  33227978            2
1             62041        2  64160056            2
2             62042        2  72440672            2
3             31872        2  54954302            2
4             81552        2  70875172            2
...             ...      ...       ...          ...
99999995  799985326        2  22612228            2
999999
kwargs:    {}
Exception: "MemoryError('std::bad_alloc: out_of_memory: RMM failure at:/opt/conda/envs/gdf/include/rmm/mr/device/pool_memory_resource.hpp:277: Maximum pool size exceeded')"
Traceback: '  File "/opt/conda/envs/gdf/lib/python3.10/site-packages/dask_expr/_expr.py", line 3765, in _execute_task\n    return dask.core.get(graph, name)\n  File "/opt/conda/envs/gdf/lib/python3.10/site-packages/dask/core.py", line 163, in get\n    result = _execute_task(task, cache)\n  File "/opt/conda/envs/gdf/lib/python3.10/site-packages/dask/core.py", line 133, in _execute_task\n    return func(*(_execute_task(a, cache) for a in args))\n  File "/opt/conda/envs/gdf/lib/python3.10/site-packages/dask/utils.py", line 1241, in __call__\n    return getattr(__obj, self.method)(*args, **kwargs)\n  File "/opt/conda/envs/gdf/lib/python3.10/site-packages/cudf/utils/performance_tracking.py", line 51, in wrapper\n    return func(*args, **kwargs)\n  File "/opt/conda/envs/gdf/lib/python3.10/site-packages/cudf/core/indexed_frame.py", line 2731, in sort_index\n    out = self.copy()\n  File "/opt/conda/envs/gdf/lib/python3.10/site-packages/cudf/core/indexed_frame.py", line 614, in copy\n    self._data.copy(deep=deep),\n  File "/opt/conda/envs/gdf/lib/python3.10/site-packages/cudf/core/column_accessor.py", line 368, in copy\n    data = {k: v.copy(deep=deep) for k, v in self._data.items()}\n  File "/opt/conda/envs/gdf/lib/python3.10/site-packages/cudf/core/column_accessor.py", line 368, in <dictcomp>\n    data = {k: v.copy(deep=deep) for k, v in self._data.items()}\n  File "/opt/conda/envs/gdf/lib/python3.10/site-packages/cudf/core/column/column.py", line 446, in copy\n    result = libcudf.copying.copy_column(self)\n  File "/opt/conda/envs/gdf/lib/python3.10/contextlib.py", line 79, in inner\n    return func(*args, **kwds)\n  File "copying.pyx", line 79, in cudf._lib.copying.copy_column\n'

2024-09-25 07:04:13,439 - distributed.worker - ERROR - Worker stream died during communication: ucx://127.0.0.1:45353
Traceback (most recent call last):
  File "/opt/conda/envs/gdf/lib/python3.10/site-packages/distributed/comm/ucx.py", line 468, in connect
    ep = await ucp.create_endpoint(ip, port)
  File "/opt/conda/envs/gdf/lib/python3.10/site-packages/ucp/core.py", line 1016, in create_endpoint
    return await _get_ctx().create_endpoint(
  File "/opt/conda/envs/gdf/lib/python3.10/site-packages/ucp/core.py", line 328, in create_endpoint
    peer_info = await exchange_peer_info(
  File "/opt/conda/envs/gdf/lib/python3.10/site-packages/ucp/core.py", line 60, in exchange_peer_info
    await asyncio.wait_for(
  File "/opt/conda/envs/gdf/lib/python3.10/asyncio/tasks.py", line 432, in wait_for
    await waiter
asyncio.exceptions.CancelledError

During handling of the above exception, another exception occurred:

Traceback (most recent call last):
  File "/opt/conda/envs/gdf/lib/python3.10/asyncio/tasks.py", line 456, in wait_for
    return fut.result()
asyncio.exceptions.CancelledError

The above exception was the direct cause of the following exception:

Traceback (most recent call last):
  File "/opt/conda/envs/gdf/lib/python3.10/site-packages/distributed/comm/core.py", line 342, in connect
    comm = await wait_for(
  File "/opt/conda/envs/gdf/lib/python3.10/site-packages/distributed/utils.py", line 1926, in wait_for
    return await asyncio.wait_for(fut, timeout)
  File "/opt/conda/envs/gdf/lib/python3.10/asyncio/tasks.py", line 458, in wait_for
    raise exceptions.TimeoutError() from exc
asyncio.exceptions.TimeoutError

The above exception was the direct cause of the following exception:

Traceback (most recent call last):
  File "/opt/conda/envs/gdf/lib/python3.10/site-packages/distributed/worker.py", line 2056, in gather_dep
    response = await get_data_from_worker(
  File "/opt/conda/envs/gdf/lib/python3.10/site-packages/distributed/worker.py", line 2871, in get_data_from_worker
    comm = await rpc.connect(worker)
  File "/opt/conda/envs/gdf/lib/python3.10/site-packages/distributed/core.py", line 1535, in connect
    return connect_attempt.result()
  File "/opt/conda/envs/gdf/lib/python3.10/site-packages/distributed/core.py", line 1425, in _connect
    comm = await connect(
  File "/opt/conda/envs/gdf/lib/python3.10/site-packages/distributed/comm/core.py", line 368, in connect
    raise OSError(
OSError: Timed out trying to connect to ucx://127.0.0.1:45353 after 30 s
2024-09-25 07:04:13,441 - distributed.worker - ERROR - Worker stream died during communication: ucx://127.0.0.1:45643
Traceback (most recent call last):
  File "/opt/conda/envs/gdf/lib/python3.10/site-packages/distributed/comm/ucx.py", line 468, in connect
    ep = await ucp.create_endpoint(ip, port)
  File "/opt/conda/envs/gdf/lib/python3.10/site-packages/ucp/core.py", line 1016, in create_endpoint
    return await _get_ctx().create_endpoint(
  File "/opt/conda/envs/gdf/lib/python3.10/site-packages/ucp/core.py", line 328, in create_endpoint
    peer_info = await exchange_peer_info(
  File "/opt/conda/envs/gdf/lib/python3.10/site-packages/ucp/core.py", line 60, in exchange_peer_info
    await asyncio.wait_for(
  File "/opt/conda/envs/gdf/lib/python3.10/asyncio/tasks.py", line 432, in wait_for
    await waiter
asyncio.exceptions.CancelledError

During handling of the above exception, another exception occurred:

Traceback (most recent call last):
  File "/opt/conda/envs/gdf/lib/python3.10/asyncio/tasks.py", line 456, in wait_for
    return fut.result()
asyncio.exceptions.CancelledError

The above exception was the direct cause of the following exception:

Traceback (most recent call last):
  File "/opt/conda/envs/gdf/lib/python3.10/site-packages/distributed/comm/core.py", line 342, in connect
    comm = await wait_for(
  File "/opt/conda/envs/gdf/lib/python3.10/site-packages/distributed/utils.py", line 1926, in wait_for
    return await asyncio.wait_for(fut, timeout)
  File "/opt/conda/envs/gdf/lib/python3.10/asyncio/tasks.py", line 458, in wait_for
    raise exceptions.TimeoutError() from exc
asyncio.exceptions.TimeoutError

The above exception was the direct cause of the following exception:

Traceback (most recent call last):
  File "/opt/conda/envs/gdf/lib/python3.10/site-packages/distributed/worker.py", line 2056, in gather_dep
    response = await get_data_from_worker(
  File "/opt/conda/envs/gdf/lib/python3.10/site-packages/distributed/worker.py", line 2871, in get_data_from_worker
    comm = await rpc.connect(worker)
  File "/opt/conda/envs/gdf/lib/python3.10/site-packages/distributed/core.py", line 1535, in connect
    return connect_attempt.result()
  File "/opt/conda/envs/gdf/lib/python3.10/site-packages/distributed/core.py", line 1425, in _connect
    comm = await connect(
  File "/opt/conda/envs/gdf/lib/python3.10/site-packages/distributed/comm/core.py", line 368, in connect
    raise OSError(
OSError: Timed out trying to connect to ucx://127.0.0.1:45643 after 30 s
2024-09-25 07:04:13,443 - distributed.worker - ERROR - Worker stream died during communication: ucx://127.0.0.1:45353
Traceback (most recent call last):
  File "/opt/conda/envs/gdf/lib/python3.10/site-packages/distributed/comm/ucx.py", line 468, in connect
    ep = await ucp.create_endpoint(ip, port)
  File "/opt/conda/envs/gdf/lib/python3.10/site-packages/ucp/core.py", line 1016, in create_endpoint
    return await _get_ctx().create_endpoint(
  File "/opt/conda/envs/gdf/lib/python3.10/site-packages/ucp/core.py", line 328, in create_endpoint
    peer_info = await exchange_peer_info(
  File "/opt/conda/envs/gdf/lib/python3.10/site-packages/ucp/core.py", line 60, in exchange_peer_info
    await asyncio.wait_for(
  File "/opt/conda/envs/gdf/lib/python3.10/asyncio/tasks.py", line 432, in wait_for
    await waiter
asyncio.exceptions.CancelledError

During handling of the above exception, another exception occurred:

Traceback (most recent call last):
  File "/opt/conda/envs/gdf/lib/python3.10/asyncio/tasks.py", line 456, in wait_for
    return fut.result()
asyncio.exceptions.CancelledError

The above exception was the direct cause of the following exception:

Traceback (most recent call last):
  File "/opt/conda/envs/gdf/lib/python3.10/site-packages/distributed/comm/core.py", line 342, in connect
    comm = await wait_for(
  File "/opt/conda/envs/gdf/lib/python3.10/site-packages/distributed/utils.py", line 1926, in wait_for
    return await asyncio.wait_for(fut, timeout)
  File "/opt/conda/envs/gdf/lib/python3.10/asyncio/tasks.py", line 458, in wait_for
    raise exceptions.TimeoutError() from exc
asyncio.exceptions.TimeoutError

The above exception was the direct cause of the following exception:

Traceback (most recent call last):
  File "/opt/conda/envs/gdf/lib/python3.10/site-packages/distributed/worker.py", line 2056, in gather_dep
    response = await get_data_from_worker(
  File "/opt/conda/envs/gdf/lib/python3.10/site-packages/distributed/worker.py", line 2871, in get_data_from_worker
    comm = await rpc.connect(worker)
  File "/opt/conda/envs/gdf/lib/python3.10/site-packages/distributed/core.py", line 1535, in connect
    return connect_attempt.result()
  File "/opt/conda/envs/gdf/lib/python3.10/site-packages/distributed/core.py", line 1425, in _connect
    comm = await connect(
  File "/opt/conda/envs/gdf/lib/python3.10/site-packages/distributed/comm/core.py", line 368, in connect
    raise OSError(
OSError: Timed out trying to connect to ucx://127.0.0.1:45353 after 30 s
/opt/conda/envs/gdf/lib/python3.10/multiprocessing/resource_tracker.py:224: UserWarning: resource_tracker: There appear to be 48 leaked semaphore objects to clean up at shutdown
  warnings.warn('resource_tracker: There appear to be %d '
