/opt/conda/envs/gdf/lib/python3.10/site-packages/distributed/node.py:187: UserWarning: Port 8787 is already in use.
Perhaps you already have a cluster running?
Hosting the HTTP server on port 35465 instead
  warnings.warn(
[dgx13:86936:0:86936] Caught signal 11 (Segmentation fault: address not mapped to object at address 0x450)
==== backtrace (tid:  86936) ====
 0  /opt/conda/envs/gdf/lib/libucs.so.0(ucs_handle_error+0x305) [0x7f3d1483fef5]
 1  /opt/conda/envs/gdf/lib/libucs.so.0(+0x2f0f4) [0x7f3d148400f4]
 2  /opt/conda/envs/gdf/lib/libucs.so.0(+0x2f2ba) [0x7f3d148402ba]
 3  /usr/lib/x86_64-linux-gnu/libpthread.so.0(+0x14420) [0x7f3d512ec420]
 4  /opt/conda/envs/gdf/lib/libucp.so.0(ucp_mem_type_unpack+0x1a) [0x7f3d148c4cba]
 5  /opt/conda/envs/gdf/lib/libucp.so.0(ucp_rndv_data_handler+0x66d) [0x7f3d148f060d]
 6  /opt/conda/envs/gdf/lib/libuct.so.0(+0x21e9f) [0x7f3d147f4e9f]
 7  /opt/conda/envs/gdf/lib/libuct.so.0(+0x250b8) [0x7f3d147f80b8]
 8  /opt/conda/envs/gdf/lib/libucs.so.0(ucs_event_set_wait+0xb9) [0x7f3d14849739]
 9  /opt/conda/envs/gdf/lib/libuct.so.0(uct_tcp_iface_progress+0x7d) [0x7f3d147f71bd]
10  /opt/conda/envs/gdf/lib/libucp.so.0(ucp_worker_progress+0x5a) [0x7f3d148c1a0a]
11  /opt/conda/envs/gdf/lib/python3.10/site-packages/ucp/_libs/ucx_api.cpython-310-x86_64-linux-gnu.so(+0x31d7a) [0x7f3d14984d7a]
12  /opt/conda/envs/gdf/bin/python(_PyEval_EvalFrameDefault+0x2d83) [0x55a3f53c32b3]
13  /opt/conda/envs/gdf/bin/python(_PyFunction_Vectorcall+0x6c) [0x55a3f53d0a2c]
14  /opt/conda/envs/gdf/bin/python(_PyEval_EvalFrameDefault+0x72c) [0x55a3f53c0c5c]
15  /opt/conda/envs/gdf/bin/python(+0x150804) [0x55a3f53dc804]
16  /opt/conda/envs/gdf/bin/python(+0x25f60c) [0x55a3f54eb60c]
17  /opt/conda/envs/gdf/bin/python(+0xfdd90) [0x55a3f5389d90]
18  /opt/conda/envs/gdf/bin/python(+0x13c2a3) [0x55a3f53c82a3]
19  /opt/conda/envs/gdf/bin/python(_PyEval_EvalFrameDefault+0x5cd5) [0x55a3f53c6205]
20  /opt/conda/envs/gdf/bin/python(_PyFunction_Vectorcall+0x6c) [0x55a3f53d0a2c]
21  /opt/conda/envs/gdf/bin/python(_PyEval_EvalFrameDefault+0x72c) [0x55a3f53c0c5c]
22  /opt/conda/envs/gdf/bin/python(_PyFunction_Vectorcall+0x6c) [0x55a3f53d0a2c]
23  /opt/conda/envs/gdf/bin/python(_PyEval_EvalFrameDefault+0x72c) [0x55a3f53c0c5c]
24  /opt/conda/envs/gdf/bin/python(_PyFunction_Vectorcall+0x6c) [0x55a3f53d0a2c]
25  /opt/conda/envs/gdf/bin/python(_PyEval_EvalFrameDefault+0x72c) [0x55a3f53c0c5c]
26  /opt/conda/envs/gdf/bin/python(_PyFunction_Vectorcall+0x6c) [0x55a3f53d0a2c]
27  /opt/conda/envs/gdf/bin/python(_PyEval_EvalFrameDefault+0x72c) [0x55a3f53c0c5c]
28  /opt/conda/envs/gdf/bin/python(_PyFunction_Vectorcall+0x6c) [0x55a3f53d0a2c]
29  /opt/conda/envs/gdf/bin/python(_PyEval_EvalFrameDefault+0x13ca) [0x55a3f53c18fa]
30  /opt/conda/envs/gdf/bin/python(+0x150582) [0x55a3f53dc582]
31  /opt/conda/envs/gdf/bin/python(PyObject_Call+0xbc) [0x55a3f53dcf1c]
32  /opt/conda/envs/gdf/bin/python(+0x20a9ae) [0x55a3f54969ae]
33  /opt/conda/envs/gdf/bin/python(_PyObject_MakeTpCall+0x26b) [0x55a3f53c9a6b]
34  /opt/conda/envs/gdf/bin/python(_PyEval_EvalFrameDefault+0x2d83) [0x55a3f53c32b3]
35  /opt/conda/envs/gdf/bin/python(+0x1506d8) [0x55a3f53dc6d8]
36  /opt/conda/envs/gdf/bin/python(_PyEval_EvalFrameDefault+0x2d83) [0x55a3f53c32b3]
37  /opt/conda/envs/gdf/bin/python(_PyFunction_Vectorcall+0x6c) [0x55a3f53d0a2c]
38  /opt/conda/envs/gdf/bin/python(_PyEval_EvalFrameDefault+0x72c) [0x55a3f53c0c5c]
39  /opt/conda/envs/gdf/bin/python(_PyFunction_Vectorcall+0x6c) [0x55a3f53d0a2c]
40  /opt/conda/envs/gdf/bin/python(_PyEval_EvalFrameDefault+0x72c) [0x55a3f53c0c5c]
41  /opt/conda/envs/gdf/bin/python(_PyFunction_Vectorcall+0x6c) [0x55a3f53d0a2c]
42  /opt/conda/envs/gdf/bin/python(_PyEval_EvalFrameDefault+0x320) [0x55a3f53c0850]
43  /opt/conda/envs/gdf/bin/python(_PyFunction_Vectorcall+0x6c) [0x55a3f53d0a2c]
44  /opt/conda/envs/gdf/bin/python(_PyEval_EvalFrameDefault+0x13ca) [0x55a3f53c18fa]
45  /opt/conda/envs/gdf/bin/python(+0x1d7c60) [0x55a3f5463c60]
46  /opt/conda/envs/gdf/bin/python(PyEval_EvalCode+0x87) [0x55a3f5463ba7]
47  /opt/conda/envs/gdf/bin/python(+0x20812a) [0x55a3f549412a]
48  /opt/conda/envs/gdf/bin/python(+0x203523) [0x55a3f548f523]
49  /opt/conda/envs/gdf/bin/python(PyRun_StringFlags+0x7d) [0x55a3f548791d]
50  /opt/conda/envs/gdf/bin/python(PyRun_SimpleStringFlags+0x3c) [0x55a3f548775c]
51  /opt/conda/envs/gdf/bin/python(Py_RunMain+0x26b) [0x55a3f548666b]
52  /opt/conda/envs/gdf/bin/python(Py_BytesMain+0x37) [0x55a3f54571f7]
53  /usr/lib/x86_64-linux-gnu/libc.so.6(__libc_start_main+0xf3) [0x7f3d50fb0083]
54  /opt/conda/envs/gdf/bin/python(+0x1cb0f1) [0x55a3f54570f1]
=================================
[dgx13:86916:0:86916] Caught signal 11 (Segmentation fault: address not mapped to object at address 0x450)
==== backtrace (tid:  86916) ====
 0  /opt/conda/envs/gdf/lib/libucs.so.0(ucs_handle_error+0x305) [0x7f0f846a9ef5]
 1  /opt/conda/envs/gdf/lib/libucs.so.0(+0x2f0f4) [0x7f0f846aa0f4]
 2  /opt/conda/envs/gdf/lib/libucs.so.0(+0x2f2ba) [0x7f0f846aa2ba]
 3  /usr/lib/x86_64-linux-gnu/libpthread.so.0(+0x14420) [0x7f0fc112f420]
 4  /opt/conda/envs/gdf/lib/libucp.so.0(ucp_mem_type_unpack+0x1a) [0x7f0f8472ecba]
 5  /opt/conda/envs/gdf/lib/libucp.so.0(ucp_rndv_data_handler+0x66d) [0x7f0f8475a60d]
 6  /opt/conda/envs/gdf/lib/libuct.so.0(+0x21e9f) [0x7f0f8465ee9f]
 7  /opt/conda/envs/gdf/lib/libuct.so.0(+0x250b8) [0x7f0f846620b8]
 8  /opt/conda/envs/gdf/lib/libucs.so.0(ucs_event_set_wait+0xb9) [0x7f0f846b3739]
 9  /opt/conda/envs/gdf/lib/libuct.so.0(uct_tcp_iface_progress+0x7d) [0x7f0f846611bd]
10  /opt/conda/envs/gdf/lib/libucp.so.0(ucp_worker_progress+0x5a) [0x7f0f8472ba0a]
11  /opt/conda/envs/gdf/lib/python3.10/site-packages/ucp/_libs/ucx_api.cpython-310-x86_64-linux-gnu.so(+0x31d7a) [0x7f0f847eed7a]
12  /opt/conda/envs/gdf/bin/python(_PyEval_EvalFrameDefault+0x2d83) [0x56548d78a2b3]
13  /opt/conda/envs/gdf/bin/python(_PyFunction_Vectorcall+0x6c) [0x56548d797a2c]
14  /opt/conda/envs/gdf/bin/python(_PyEval_EvalFrameDefault+0x72c) [0x56548d787c5c]
15  /opt/conda/envs/gdf/bin/python(+0x1e1384) [0x56548d834384]
16  /opt/conda/envs/gdf/lib/python3.10/lib-dynload/_asyncio.cpython-310-x86_64-linux-gnu.so(+0x7bf6) [0x7f0faecb2bf6]
17  /opt/conda/envs/gdf/bin/python(_PyObject_MakeTpCall+0x26b) [0x56548d790a6b]
18  /opt/conda/envs/gdf/bin/python(+0xfdd90) [0x56548d750d90]
19  /opt/conda/envs/gdf/bin/python(+0x13c2a3) [0x56548d78f2a3]
20  /opt/conda/envs/gdf/bin/python(_PyEval_EvalFrameDefault+0x5cd5) [0x56548d78d205]
21  /opt/conda/envs/gdf/bin/python(_PyFunction_Vectorcall+0x6c) [0x56548d797a2c]
22  /opt/conda/envs/gdf/bin/python(_PyEval_EvalFrameDefault+0x72c) [0x56548d787c5c]
23  /opt/conda/envs/gdf/bin/python(_PyFunction_Vectorcall+0x6c) [0x56548d797a2c]
24  /opt/conda/envs/gdf/bin/python(_PyEval_EvalFrameDefault+0x72c) [0x56548d787c5c]
25  /opt/conda/envs/gdf/bin/python(_PyFunction_Vectorcall+0x6c) [0x56548d797a2c]
26  /opt/conda/envs/gdf/bin/python(_PyEval_EvalFrameDefault+0x72c) [0x56548d787c5c]
27  /opt/conda/envs/gdf/bin/python(_PyFunction_Vectorcall+0x6c) [0x56548d797a2c]
28  /opt/conda/envs/gdf/bin/python(_PyEval_EvalFrameDefault+0x72c) [0x56548d787c5c]
29  /opt/conda/envs/gdf/bin/python(_PyFunction_Vectorcall+0x6c) [0x56548d797a2c]
30  /opt/conda/envs/gdf/bin/python(_PyEval_EvalFrameDefault+0x13ca) [0x56548d7888fa]
31  /opt/conda/envs/gdf/bin/python(+0x150582) [0x56548d7a3582]
32  /opt/conda/envs/gdf/bin/python(PyObject_Call+0xbc) [0x56548d7a3f1c]
33  /opt/conda/envs/gdf/bin/python(+0x20a9ae) [0x56548d85d9ae]
34  /opt/conda/envs/gdf/bin/python(_PyObject_MakeTpCall+0x26b) [0x56548d790a6b]
35  /opt/conda/envs/gdf/bin/python(_PyEval_EvalFrameDefault+0x2d83) [0x56548d78a2b3]
36  /opt/conda/envs/gdf/bin/python(+0x1506d8) [0x56548d7a36d8]
37  /opt/conda/envs/gdf/bin/python(_PyEval_EvalFrameDefault+0x2d83) [0x56548d78a2b3]
38  /opt/conda/envs/gdf/bin/python(_PyFunction_Vectorcall+0x6c) [0x56548d797a2c]
39  /opt/conda/envs/gdf/bin/python(_PyEval_EvalFrameDefault+0x72c) [0x56548d787c5c]
40  /opt/conda/envs/gdf/bin/python(_PyFunction_Vectorcall+0x6c) [0x56548d797a2c]
41  /opt/conda/envs/gdf/bin/python(_PyEval_EvalFrameDefault+0x72c) [0x56548d787c5c]
42  /opt/conda/envs/gdf/bin/python(_PyFunction_Vectorcall+0x6c) [0x56548d797a2c]
43  /opt/conda/envs/gdf/bin/python(_PyEval_EvalFrameDefault+0x320) [0x56548d787850]
44  /opt/conda/envs/gdf/bin/python(_PyFunction_Vectorcall+0x6c) [0x56548d797a2c]
45  /opt/conda/envs/gdf/bin/python(_PyEval_EvalFrameDefault+0x13ca) [0x56548d7888fa]
46  /opt/conda/envs/gdf/bin/python(+0x1d7c60) [0x56548d82ac60]
47  /opt/conda/envs/gdf/bin/python(PyEval_EvalCode+0x87) [0x56548d82aba7]
48  /opt/conda/envs/gdf/bin/python(+0x20812a) [0x56548d85b12a]
49  /opt/conda/envs/gdf/bin/python(+0x203523) [0x56548d856523]
50  /opt/conda/envs/gdf/bin/python(PyRun_StringFlags+0x7d) [0x56548d84e91d]
51  /opt/conda/envs/gdf/bin/python(PyRun_SimpleStringFlags+0x3c) [0x56548d84e75c]
52  /opt/conda/envs/gdf/bin/python(Py_RunMain+0x26b) [0x56548d84d66b]
53  /opt/conda/envs/gdf/bin/python(Py_BytesMain+0x37) [0x56548d81e1f7]
54  /usr/lib/x86_64-linux-gnu/libc.so.6(__libc_start_main+0xf3) [0x7f0fc0df3083]
55  /opt/conda/envs/gdf/bin/python(+0x1cb0f1) [0x56548d81e0f1]
=================================
[dgx13:86940:0:86940] Caught signal 11 (Segmentation fault: address not mapped to object at address 0x450)
==== backtrace (tid:  86940) ====
 0  /opt/conda/envs/gdf/lib/libucs.so.0(ucs_handle_error+0x305) [0x7f81d8a36ef5]
 1  /opt/conda/envs/gdf/lib/libucs.so.0(+0x2f0f4) [0x7f81d8a370f4]
 2  /opt/conda/envs/gdf/lib/libucs.so.0(+0x2f2ba) [0x7f81d8a372ba]
 3  /usr/lib/x86_64-linux-gnu/libpthread.so.0(+0x14420) [0x7f82154bc420]
 4  /opt/conda/envs/gdf/lib/libucp.so.0(ucp_mem_type_unpack+0x1a) [0x7f81d8abbcba]
 5  /opt/conda/envs/gdf/lib/libucp.so.0(ucp_rndv_data_handler+0x66d) [0x7f81d8ae760d]
 6  /opt/conda/envs/gdf/lib/libuct.so.0(+0x21e9f) [0x7f81d89ebe9f]
 7  /opt/conda/envs/gdf/lib/libuct.so.0(+0x250b8) [0x7f81d89ef0b8]
 8  /opt/conda/envs/gdf/lib/libucs.so.0(ucs_event_set_wait+0xb9) [0x7f81d8a40739]
 9  /opt/conda/envs/gdf/lib/libuct.so.0(uct_tcp_iface_progress+0x7d) [0x7f81d89ee1bd]
10  /opt/conda/envs/gdf/lib/libucp.so.0(ucp_worker_progress+0x5a) [0x7f81d8ab8a0a]
11  /opt/conda/envs/gdf/lib/python3.10/site-packages/ucp/_libs/ucx_api.cpython-310-x86_64-linux-gnu.so(+0x31d7a) [0x7f81d8b7bd7a]
12  /opt/conda/envs/gdf/bin/python(_PyEval_EvalFrameDefault+0x2d83) [0x558a3cce42b3]
13  /opt/conda/envs/gdf/bin/python(_PyFunction_Vectorcall+0x6c) [0x558a3ccf1a2c]
14  /opt/conda/envs/gdf/bin/python(_PyEval_EvalFrameDefault+0x72c) [0x558a3cce1c5c]
15  /opt/conda/envs/gdf/bin/python(+0x1e1384) [0x558a3cd8e384]
16  /opt/conda/envs/gdf/lib/python3.10/lib-dynload/_asyncio.cpython-310-x86_64-linux-gnu.so(+0x7bf6) [0x7f8203043bf6]
17  /opt/conda/envs/gdf/bin/python(_PyObject_MakeTpCall+0x26b) [0x558a3cceaa6b]
18  /opt/conda/envs/gdf/bin/python(+0xfdd90) [0x558a3ccaad90]
19  /opt/conda/envs/gdf/bin/python(+0x13c2a3) [0x558a3cce92a3]
20  /opt/conda/envs/gdf/bin/python(_PyEval_EvalFrameDefault+0x5cd5) [0x558a3cce7205]
21  /opt/conda/envs/gdf/bin/python(_PyFunction_Vectorcall+0x6c) [0x558a3ccf1a2c]
22  /opt/conda/envs/gdf/bin/python(_PyEval_EvalFrameDefault+0x72c) [0x558a3cce1c5c]
23  /opt/conda/envs/gdf/bin/python(_PyFunction_Vectorcall+0x6c) [0x558a3ccf1a2c]
24  /opt/conda/envs/gdf/bin/python(_PyEval_EvalFrameDefault+0x72c) [0x558a3cce1c5c]
25  /opt/conda/envs/gdf/bin/python(_PyFunction_Vectorcall+0x6c) [0x558a3ccf1a2c]
26  /opt/conda/envs/gdf/bin/python(_PyEval_EvalFrameDefault+0x72c) [0x558a3cce1c5c]
27  /opt/conda/envs/gdf/bin/python(_PyFunction_Vectorcall+0x6c) [0x558a3ccf1a2c]
28  /opt/conda/envs/gdf/bin/python(_PyEval_EvalFrameDefault+0x72c) [0x558a3cce1c5c]
29  /opt/conda/envs/gdf/bin/python(_PyFunction_Vectorcall+0x6c) [0x558a3ccf1a2c]
30  /opt/conda/envs/gdf/bin/python(_PyEval_EvalFrameDefault+0x13ca) [0x558a3cce28fa]
31  /opt/conda/envs/gdf/bin/python(+0x150582) [0x558a3ccfd582]
32  /opt/conda/envs/gdf/bin/python(PyObject_Call+0xbc) [0x558a3ccfdf1c]
33  /opt/conda/envs/gdf/bin/python(+0x20a9ae) [0x558a3cdb79ae]
34  /opt/conda/envs/gdf/bin/python(_PyObject_MakeTpCall+0x26b) [0x558a3cceaa6b]
35  /opt/conda/envs/gdf/bin/python(_PyEval_EvalFrameDefault+0x2d83) [0x558a3cce42b3]
36  /opt/conda/envs/gdf/bin/python(+0x1506d8) [0x558a3ccfd6d8]
37  /opt/conda/envs/gdf/bin/python(_PyEval_EvalFrameDefault+0x2d83) [0x558a3cce42b3]
38  /opt/conda/envs/gdf/bin/python(_PyFunction_Vectorcall+0x6c) [0x558a3ccf1a2c]
39  /opt/conda/envs/gdf/bin/python(_PyEval_EvalFrameDefault+0x72c) [0x558a3cce1c5c]
40  /opt/conda/envs/gdf/bin/python(_PyFunction_Vectorcall+0x6c) [0x558a3ccf1a2c]
41  /opt/conda/envs/gdf/bin/python(_PyEval_EvalFrameDefault+0x72c) [0x558a3cce1c5c]
42  /opt/conda/envs/gdf/bin/python(_PyFunction_Vectorcall+0x6c) [0x558a3ccf1a2c]
43  /opt/conda/envs/gdf/bin/python(_PyEval_EvalFrameDefault+0x320) [0x558a3cce1850]
44  /opt/conda/envs/gdf/bin/python(_PyFunction_Vectorcall+0x6c) [0x558a3ccf1a2c]
45  /opt/conda/envs/gdf/bin/python(_PyEval_EvalFrameDefault+0x13ca) [0x558a3cce28fa]
46  /opt/conda/envs/gdf/bin/python(+0x1d7c60) [0x558a3cd84c60]
47  /opt/conda/envs/gdf/bin/python(PyEval_EvalCode+0x87) [0x558a3cd84ba7]
48  /opt/conda/envs/gdf/bin/python(+0x20812a) [0x558a3cdb512a]
49  /opt/conda/envs/gdf/bin/python(+0x203523) [0x558a3cdb0523]
50  /opt/conda/envs/gdf/bin/python(PyRun_StringFlags+0x7d) [0x558a3cda891d]
51  /opt/conda/envs/gdf/bin/python(PyRun_SimpleStringFlags+0x3c) [0x558a3cda875c]
52  /opt/conda/envs/gdf/bin/python(Py_RunMain+0x26b) [0x558a3cda766b]
53  /opt/conda/envs/gdf/bin/python(Py_BytesMain+0x37) [0x558a3cd781f7]
54  /usr/lib/x86_64-linux-gnu/libc.so.6(__libc_start_main+0xf3) [0x7f8215180083]
55  /opt/conda/envs/gdf/bin/python(+0x1cb0f1) [0x558a3cd780f1]
=================================
2024-09-18 06:19:48,536 - distributed.worker - ERROR - failed during get data with ucx://127.0.0.1:48035 -> ucx://127.0.0.1:34913
Traceback (most recent call last):
  File "/opt/conda/envs/gdf/lib/python3.10/site-packages/distributed/comm/ucx.py", line 335, in write
    await self.ep.send(each_frame)
  File "/opt/conda/envs/gdf/lib/python3.10/site-packages/ucp/core.py", line 662, in send
    return await comm.tag_send(self._ep, buffer, nbytes, tag, name=log)
ucp._libs.exceptions.UCXError: <[Send #007] ep: 0x7f07d1467400, tag: 0xe1921d80ba28cd13, nbytes: 100000000, type: <class 'cudf.core.buffer.buffer.Buffer'>>: Connection reset by remote peer

During handling of the above exception, another exception occurred:

Traceback (most recent call last):
  File "/opt/conda/envs/gdf/lib/python3.10/site-packages/distributed/worker.py", line 1777, in get_data
    compressed = await comm.write(msg, serializers=serializers)
  File "/opt/conda/envs/gdf/lib/python3.10/site-packages/distributed/utils.py", line 806, in wrapper
    return await func(*args, **kwargs)
  File "/opt/conda/envs/gdf/lib/python3.10/site-packages/distributed/comm/ucx.py", line 339, in write
    raise CommClosedError("While writing, the connection was closed")
distributed.comm.core.CommClosedError: While writing, the connection was closed
2024-09-18 06:19:48,537 - distributed.scheduler - WARNING - Removing worker 'ucx://127.0.0.1:34913' caused the cluster to lose already computed task(s), which will be recomputed elsewhere: {('split-taskshuffle-b193d85dcbb1359f44fff00bd51d0d18', 2, 7), ('split-taskshuffle-b193d85dcbb1359f44fff00bd51d0d18', 5, 7), ('split-taskshuffle-b193d85dcbb1359f44fff00bd51d0d18', 0, 7), ('split-taskshuffle-b193d85dcbb1359f44fff00bd51d0d18', 3, 7), ('generate_chunk-_to_string_dtype-4a286622e28b0e0aa1748bcd21fd1539', 7), ('split-taskshuffle-b193d85dcbb1359f44fff00bd51d0d18', 6, 7), ('split-taskshuffle-b193d85dcbb1359f44fff00bd51d0d18', 1, 7), ('split-taskshuffle-b193d85dcbb1359f44fff00bd51d0d18', 4, 7), ('split-taskshuffle-b193d85dcbb1359f44fff00bd51d0d18', 7, 7)} (stimulus_id='handle-worker-cleanup-1726640388.5373638')
2024-09-18 06:19:48,538 - distributed.worker - ERROR - Worker stream died during communication: ucx://127.0.0.1:34913
Traceback (most recent call last):
  File "/opt/conda/envs/gdf/lib/python3.10/site-packages/distributed/comm/ucx.py", line 351, in read
    await self.ep.recv(msg)
  File "/opt/conda/envs/gdf/lib/python3.10/site-packages/ucp/core.py", line 737, in recv
    ret = await comm.tag_recv(self._ep, buffer, nbytes, tag, name=log)
ucp._libs.exceptions.UCXCanceled: <[Recv #003] ep: 0x7f07d1467300, tag: 0x3f3661fb9d65a190, nbytes: 16, type: <class 'numpy.ndarray'>>: 

During handling of the above exception, another exception occurred:

Traceback (most recent call last):
  File "/opt/conda/envs/gdf/lib/python3.10/site-packages/distributed/worker.py", line 2056, in gather_dep
    response = await get_data_from_worker(
  File "/opt/conda/envs/gdf/lib/python3.10/site-packages/distributed/worker.py", line 2874, in get_data_from_worker
    response = await send_recv(
  File "/opt/conda/envs/gdf/lib/python3.10/site-packages/distributed/core.py", line 1015, in send_recv
    response = await comm.read(deserializers=deserializers)
  File "/opt/conda/envs/gdf/lib/python3.10/site-packages/distributed/utils.py", line 806, in wrapper
    return await func(*args, **kwargs)
  File "/opt/conda/envs/gdf/lib/python3.10/site-packages/distributed/comm/ucx.py", line 369, in read
    raise CommClosedError(
distributed.comm.core.CommClosedError: Connection closed by writer.
Inner exception: UCXCanceled("<[Recv #003] ep: 0x7f07d1467300, tag: 0x3f3661fb9d65a190, nbytes: 16, type: <class 'numpy.ndarray'>>: ")
2024-09-18 06:19:48,551 - distributed.worker - ERROR - Worker stream died during communication: ucx://127.0.0.1:34913
Traceback (most recent call last):
  File "/opt/conda/envs/gdf/lib/python3.10/site-packages/distributed/core.py", line 1425, in _connect
    comm = await connect(
  File "/opt/conda/envs/gdf/lib/python3.10/site-packages/distributed/comm/core.py", line 342, in connect
    comm = await wait_for(
  File "/opt/conda/envs/gdf/lib/python3.10/site-packages/distributed/utils.py", line 1926, in wait_for
    return await asyncio.wait_for(fut, timeout)
  File "/opt/conda/envs/gdf/lib/python3.10/asyncio/tasks.py", line 432, in wait_for
    await waiter
asyncio.exceptions.CancelledError

During handling of the above exception, another exception occurred:

Traceback (most recent call last):
  File "/opt/conda/envs/gdf/lib/python3.10/site-packages/distributed/core.py", line 1535, in connect
    return connect_attempt.result()
asyncio.exceptions.CancelledError

During handling of the above exception, another exception occurred:

Traceback (most recent call last):
  File "/opt/conda/envs/gdf/lib/python3.10/site-packages/distributed/worker.py", line 2056, in gather_dep
    response = await get_data_from_worker(
  File "/opt/conda/envs/gdf/lib/python3.10/site-packages/distributed/worker.py", line 2871, in get_data_from_worker
    comm = await rpc.connect(worker)
  File "/opt/conda/envs/gdf/lib/python3.10/site-packages/distributed/core.py", line 1537, in connect
    raise CommClosedError(reason)
distributed.comm.core.CommClosedError: Address removed.
2024-09-18 06:19:48,598 - distributed.worker - ERROR - Worker stream died during communication: ucx://127.0.0.1:54039
Traceback (most recent call last):
  File "/opt/conda/envs/gdf/lib/python3.10/site-packages/distributed/comm/ucx.py", line 351, in read
    await self.ep.recv(msg)
  File "/opt/conda/envs/gdf/lib/python3.10/site-packages/ucp/core.py", line 737, in recv
    ret = await comm.tag_recv(self._ep, buffer, nbytes, tag, name=log)
ucp._libs.exceptions.UCXCanceled: <[Recv #003] ep: 0x7fdf3024c240, tag: 0x8798122269796fa3, nbytes: 16, type: <class 'numpy.ndarray'>>: 

During handling of the above exception, another exception occurred:

Traceback (most recent call last):
  File "/opt/conda/envs/gdf/lib/python3.10/site-packages/distributed/worker.py", line 2056, in gather_dep
    response = await get_data_from_worker(
  File "/opt/conda/envs/gdf/lib/python3.10/site-packages/distributed/worker.py", line 2874, in get_data_from_worker
    response = await send_recv(
  File "/opt/conda/envs/gdf/lib/python3.10/site-packages/distributed/core.py", line 1015, in send_recv
    response = await comm.read(deserializers=deserializers)
  File "/opt/conda/envs/gdf/lib/python3.10/site-packages/distributed/utils.py", line 806, in wrapper
    return await func(*args, **kwargs)
  File "/opt/conda/envs/gdf/lib/python3.10/site-packages/distributed/comm/ucx.py", line 369, in read
    raise CommClosedError(
distributed.comm.core.CommClosedError: Connection closed by writer.
Inner exception: UCXCanceled("<[Recv #003] ep: 0x7fdf3024c240, tag: 0x8798122269796fa3, nbytes: 16, type: <class 'numpy.ndarray'>>: ")
2024-09-18 06:19:48,599 - distributed.worker - ERROR - failed during get data with ucx://127.0.0.1:58601 -> ucx://127.0.0.1:54039
Traceback (most recent call last):
  File "/opt/conda/envs/gdf/lib/python3.10/site-packages/distributed/comm/ucx.py", line 335, in write
    await self.ep.send(each_frame)
  File "/opt/conda/envs/gdf/lib/python3.10/site-packages/ucp/core.py", line 662, in send
    return await comm.tag_send(self._ep, buffer, nbytes, tag, name=log)
ucp._libs.exceptions.UCXError: <[Send #007] ep: 0x7fdf3024c100, tag: 0xa0fa4f74837e6423, nbytes: 100000000, type: <class 'cudf.core.buffer.buffer.Buffer'>>: Connection reset by remote peer

During handling of the above exception, another exception occurred:

Traceback (most recent call last):
  File "/opt/conda/envs/gdf/lib/python3.10/site-packages/distributed/worker.py", line 1777, in get_data
    compressed = await comm.write(msg, serializers=serializers)
  File "/opt/conda/envs/gdf/lib/python3.10/site-packages/distributed/utils.py", line 806, in wrapper
    return await func(*args, **kwargs)
  File "/opt/conda/envs/gdf/lib/python3.10/site-packages/distributed/comm/ucx.py", line 339, in write
    raise CommClosedError("While writing, the connection was closed")
distributed.comm.core.CommClosedError: While writing, the connection was closed
2024-09-18 06:19:48,599 - distributed.scheduler - WARNING - Removing worker 'ucx://127.0.0.1:54039' caused the cluster to lose already computed task(s), which will be recomputed elsewhere: {('split-taskshuffle-b193d85dcbb1359f44fff00bd51d0d18', 5, 1), ('split-taskshuffle-b193d85dcbb1359f44fff00bd51d0d18', 0, 1), ('generate_chunk-_to_string_dtype-4a286622e28b0e0aa1748bcd21fd1539', 3), ('split-taskshuffle-b193d85dcbb1359f44fff00bd51d0d18', 6, 1), ('split-taskshuffle-b193d85dcbb1359f44fff00bd51d0d18', 1, 1), ('split-taskshuffle-b193d85dcbb1359f44fff00bd51d0d18', 7, 1), ('split-taskshuffle-b193d85dcbb1359f44fff00bd51d0d18', 2, 1), ('split-taskshuffle-b193d85dcbb1359f44fff00bd51d0d18', 3, 1), ('split-taskshuffle-b193d85dcbb1359f44fff00bd51d0d18', 4, 1)} (stimulus_id='handle-worker-cleanup-1726640388.5995889')
2024-09-18 06:19:48,599 - distributed.worker - ERROR - Worker stream died during communication: ucx://127.0.0.1:54039
Traceback (most recent call last):
  File "/opt/conda/envs/gdf/lib/python3.10/site-packages/distributed/comm/ucx.py", line 351, in read
    await self.ep.recv(msg)
  File "/opt/conda/envs/gdf/lib/python3.10/site-packages/ucp/core.py", line 737, in recv
    ret = await comm.tag_recv(self._ep, buffer, nbytes, tag, name=log)
ucp._libs.exceptions.UCXCanceled: <[Recv #000] ep: 0x7f07d1467200, tag: 0x69a5811abf42b4f5, nbytes: 16, type: <class 'numpy.ndarray'>>: 

During handling of the above exception, another exception occurred:

Traceback (most recent call last):
  File "/opt/conda/envs/gdf/lib/python3.10/site-packages/distributed/worker.py", line 2056, in gather_dep
    response = await get_data_from_worker(
  File "/opt/conda/envs/gdf/lib/python3.10/site-packages/distributed/worker.py", line 2871, in get_data_from_worker
    comm = await rpc.connect(worker)
  File "/opt/conda/envs/gdf/lib/python3.10/site-packages/distributed/core.py", line 1535, in connect
    return connect_attempt.result()
  File "/opt/conda/envs/gdf/lib/python3.10/site-packages/distributed/core.py", line 1425, in _connect
    comm = await connect(
  File "/opt/conda/envs/gdf/lib/python3.10/site-packages/distributed/comm/core.py", line 377, in connect
    handshake = await comm.read()
  File "/opt/conda/envs/gdf/lib/python3.10/site-packages/distributed/utils.py", line 806, in wrapper
    return await func(*args, **kwargs)
  File "/opt/conda/envs/gdf/lib/python3.10/site-packages/distributed/comm/ucx.py", line 369, in read
    raise CommClosedError(
distributed.comm.core.CommClosedError: Connection closed by writer.
Inner exception: UCXCanceled("<[Recv #000] ep: 0x7f07d1467200, tag: 0x69a5811abf42b4f5, nbytes: 16, type: <class 'numpy.ndarray'>>: ")
2024-09-18 06:19:48,646 - distributed.worker - ERROR - failed during get data with ucx://127.0.0.1:59741 -> ucx://127.0.0.1:54039
Traceback (most recent call last):
  File "/opt/conda/envs/gdf/lib/python3.10/site-packages/distributed/comm/ucx.py", line 335, in write
    await self.ep.send(each_frame)
  File "/opt/conda/envs/gdf/lib/python3.10/site-packages/ucp/core.py", line 662, in send
    return await comm.tag_send(self._ep, buffer, nbytes, tag, name=log)
ucp._libs.exceptions.UCXError: <[Send #007] ep: 0x7fc84c161100, tag: 0xb4874b1af15d7fda, nbytes: 100000000, type: <class 'cudf.core.buffer.buffer.Buffer'>>: Connection reset by remote peer

During handling of the above exception, another exception occurred:

Traceback (most recent call last):
  File "/opt/conda/envs/gdf/lib/python3.10/site-packages/distributed/worker.py", line 1777, in get_data
    compressed = await comm.write(msg, serializers=serializers)
  File "/opt/conda/envs/gdf/lib/python3.10/site-packages/distributed/utils.py", line 806, in wrapper
    return await func(*args, **kwargs)
  File "/opt/conda/envs/gdf/lib/python3.10/site-packages/distributed/comm/ucx.py", line 339, in write
    raise CommClosedError("While writing, the connection was closed")
distributed.comm.core.CommClosedError: While writing, the connection was closed
2024-09-18 06:19:48,664 - distributed.nanny - WARNING - Restarting worker
2024-09-18 06:19:48,691 - distributed.worker - ERROR - Worker stream died during communication: ucx://127.0.0.1:44245
Traceback (most recent call last):
  File "/opt/conda/envs/gdf/lib/python3.10/site-packages/distributed/comm/ucx.py", line 351, in read
    await self.ep.recv(msg)
  File "/opt/conda/envs/gdf/lib/python3.10/site-packages/ucp/core.py", line 737, in recv
    ret = await comm.tag_recv(self._ep, buffer, nbytes, tag, name=log)
ucp._libs.exceptions.UCXCanceled: <[Recv #000] ep: 0x7fdf3024c200, tag: 0xc41896924f95f0ba, nbytes: 16, type: <class 'numpy.ndarray'>>: 

During handling of the above exception, another exception occurred:

Traceback (most recent call last):
  File "/opt/conda/envs/gdf/lib/python3.10/site-packages/distributed/worker.py", line 2056, in gather_dep
    response = await get_data_from_worker(
  File "/opt/conda/envs/gdf/lib/python3.10/site-packages/distributed/worker.py", line 2871, in get_data_from_worker
    comm = await rpc.connect(worker)
  File "/opt/conda/envs/gdf/lib/python3.10/site-packages/distributed/core.py", line 1535, in connect
    return connect_attempt.result()
  File "/opt/conda/envs/gdf/lib/python3.10/site-packages/distributed/core.py", line 1425, in _connect
    comm = await connect(
  File "/opt/conda/envs/gdf/lib/python3.10/site-packages/distributed/comm/core.py", line 377, in connect
    handshake = await comm.read()
  File "/opt/conda/envs/gdf/lib/python3.10/site-packages/distributed/utils.py", line 806, in wrapper
    return await func(*args, **kwargs)
  File "/opt/conda/envs/gdf/lib/python3.10/site-packages/distributed/comm/ucx.py", line 369, in read
    raise CommClosedError(
distributed.comm.core.CommClosedError: Connection closed by writer.
Inner exception: UCXCanceled("<[Recv #000] ep: 0x7fdf3024c200, tag: 0xc41896924f95f0ba, nbytes: 16, type: <class 'numpy.ndarray'>>: ")
2024-09-18 06:19:48,692 - distributed.worker - ERROR - failed during get data with ucx://127.0.0.1:58601 -> ucx://127.0.0.1:44245
Traceback (most recent call last):
  File "/opt/conda/envs/gdf/lib/python3.10/site-packages/distributed/comm/ucx.py", line 335, in write
    await self.ep.send(each_frame)
  File "/opt/conda/envs/gdf/lib/python3.10/site-packages/ucp/core.py", line 662, in send
    return await comm.tag_send(self._ep, buffer, nbytes, tag, name=log)
ucp._libs.exceptions.UCXError: <[Send #007] ep: 0x7fdf3024c140, tag: 0x1ce3d89fde3b5f97, nbytes: 100000000, type: <class 'cudf.core.buffer.buffer.Buffer'>>: Connection reset by remote peer

During handling of the above exception, another exception occurred:

Traceback (most recent call last):
  File "/opt/conda/envs/gdf/lib/python3.10/site-packages/distributed/worker.py", line 1777, in get_data
    compressed = await comm.write(msg, serializers=serializers)
  File "/opt/conda/envs/gdf/lib/python3.10/site-packages/distributed/utils.py", line 806, in wrapper
    return await func(*args, **kwargs)
  File "/opt/conda/envs/gdf/lib/python3.10/site-packages/distributed/comm/ucx.py", line 339, in write
    raise CommClosedError("While writing, the connection was closed")
distributed.comm.core.CommClosedError: While writing, the connection was closed
2024-09-18 06:19:48,692 - distributed.scheduler - WARNING - Removing worker 'ucx://127.0.0.1:44245' caused the cluster to lose already computed task(s), which will be recomputed elsewhere: {('split-taskshuffle-b193d85dcbb1359f44fff00bd51d0d18', 4, 4), ('split-taskshuffle-b193d85dcbb1359f44fff00bd51d0d18', 5, 4), ('split-taskshuffle-b193d85dcbb1359f44fff00bd51d0d18', 0, 4), ('generate_chunk-_to_string_dtype-4a286622e28b0e0aa1748bcd21fd1539', 5), ('split-taskshuffle-b193d85dcbb1359f44fff00bd51d0d18', 6, 4), ('split-taskshuffle-b193d85dcbb1359f44fff00bd51d0d18', 1, 4), ('split-taskshuffle-b193d85dcbb1359f44fff00bd51d0d18', 7, 4), ('split-taskshuffle-b193d85dcbb1359f44fff00bd51d0d18', 2, 4), ('split-taskshuffle-b193d85dcbb1359f44fff00bd51d0d18', 3, 4)} (stimulus_id='handle-worker-cleanup-1726640388.6921356')
2024-09-18 06:19:48,711 - distributed.worker - ERROR - Worker stream died during communication: ucx://127.0.0.1:44245
Traceback (most recent call last):
  File "/opt/conda/envs/gdf/lib/python3.10/site-packages/distributed/comm/ucx.py", line 351, in read
    await self.ep.recv(msg)
  File "/opt/conda/envs/gdf/lib/python3.10/site-packages/ucp/core.py", line 737, in recv
    ret = await comm.tag_recv(self._ep, buffer, nbytes, tag, name=log)
asyncio.exceptions.CancelledError

During handling of the above exception, another exception occurred:

Traceback (most recent call last):
  File "/opt/conda/envs/gdf/lib/python3.10/site-packages/distributed/worker.py", line 2056, in gather_dep
    response = await get_data_from_worker(
  File "/opt/conda/envs/gdf/lib/python3.10/site-packages/distributed/worker.py", line 2871, in get_data_from_worker
    comm = await rpc.connect(worker)
  File "/opt/conda/envs/gdf/lib/python3.10/site-packages/distributed/core.py", line 1535, in connect
    return connect_attempt.result()
  File "/opt/conda/envs/gdf/lib/python3.10/site-packages/distributed/core.py", line 1425, in _connect
    comm = await connect(
  File "/opt/conda/envs/gdf/lib/python3.10/site-packages/distributed/comm/core.py", line 377, in connect
    handshake = await comm.read()
  File "/opt/conda/envs/gdf/lib/python3.10/site-packages/distributed/utils.py", line 806, in wrapper
    return await func(*args, **kwargs)
  File "/opt/conda/envs/gdf/lib/python3.10/site-packages/distributed/comm/ucx.py", line 369, in read
    raise CommClosedError(
distributed.comm.core.CommClosedError: Connection closed by writer.
Inner exception: CancelledError()
2024-09-18 06:19:48,717 - distributed.worker - ERROR - Worker stream died during communication: ucx://127.0.0.1:44245
Traceback (most recent call last):
  File "/opt/conda/envs/gdf/lib/python3.10/site-packages/distributed/comm/ucx.py", line 393, in read
    await self.ep.recv(each_frame)
  File "/opt/conda/envs/gdf/lib/python3.10/site-packages/ucp/core.py", line 737, in recv
    ret = await comm.tag_recv(self._ep, buffer, nbytes, tag, name=log)
ucp._libs.exceptions.UCXCanceled: <[Recv #009] ep: 0x7f2924644280, tag: 0x7b9684d8bf17d1d4, nbytes: 100000000, type: <class 'rmm._lib.device_buffer.DeviceBuffer'>>: 

During handling of the above exception, another exception occurred:

Traceback (most recent call last):
  File "/opt/conda/envs/gdf/lib/python3.10/site-packages/distributed/worker.py", line 2056, in gather_dep
    response = await get_data_from_worker(
  File "/opt/conda/envs/gdf/lib/python3.10/site-packages/distributed/worker.py", line 2874, in get_data_from_worker
    response = await send_recv(
  File "/opt/conda/envs/gdf/lib/python3.10/site-packages/distributed/core.py", line 1015, in send_recv
    response = await comm.read(deserializers=deserializers)
  File "/opt/conda/envs/gdf/lib/python3.10/site-packages/distributed/utils.py", line 806, in wrapper
    return await func(*args, **kwargs)
  File "/opt/conda/envs/gdf/lib/python3.10/site-packages/distributed/comm/ucx.py", line 399, in read
    raise CommClosedError(
distributed.comm.core.CommClosedError: Connection closed by writer.
Inner exception: UCXCanceled("<[Recv #009] ep: 0x7f2924644280, tag: 0x7b9684d8bf17d1d4, nbytes: 100000000, type: <class 'rmm._lib.device_buffer.DeviceBuffer'>>: ")
2024-09-18 06:19:48,718 - distributed.worker - ERROR - Worker stream died during communication: ucx://127.0.0.1:54039
Traceback (most recent call last):
  File "/opt/conda/envs/gdf/lib/python3.10/site-packages/distributed/comm/ucx.py", line 351, in read
    await self.ep.recv(msg)
  File "/opt/conda/envs/gdf/lib/python3.10/site-packages/ucp/core.py", line 737, in recv
    ret = await comm.tag_recv(self._ep, buffer, nbytes, tag, name=log)
ucp._libs.exceptions.UCXCanceled: <[Recv #003] ep: 0x7f2924644380, tag: 0x1b1ea82dd8cfff33, nbytes: 16, type: <class 'numpy.ndarray'>>: 

During handling of the above exception, another exception occurred:

Traceback (most recent call last):
  File "/opt/conda/envs/gdf/lib/python3.10/site-packages/distributed/worker.py", line 2056, in gather_dep
    response = await get_data_from_worker(
  File "/opt/conda/envs/gdf/lib/python3.10/site-packages/distributed/worker.py", line 2874, in get_data_from_worker
    response = await send_recv(
  File "/opt/conda/envs/gdf/lib/python3.10/site-packages/distributed/core.py", line 1015, in send_recv
    response = await comm.read(deserializers=deserializers)
  File "/opt/conda/envs/gdf/lib/python3.10/site-packages/distributed/utils.py", line 806, in wrapper
    return await func(*args, **kwargs)
  File "/opt/conda/envs/gdf/lib/python3.10/site-packages/distributed/comm/ucx.py", line 369, in read
    raise CommClosedError(
distributed.comm.core.CommClosedError: Connection closed by writer.
Inner exception: UCXCanceled("<[Recv #003] ep: 0x7f2924644380, tag: 0x1b1ea82dd8cfff33, nbytes: 16, type: <class 'numpy.ndarray'>>: ")
2024-09-18 06:19:48,721 - distributed.worker - ERROR - Worker stream died during communication: ucx://127.0.0.1:34913
Traceback (most recent call last):
  File "/opt/conda/envs/gdf/lib/python3.10/site-packages/distributed/comm/ucx.py", line 351, in read
    await self.ep.recv(msg)
  File "/opt/conda/envs/gdf/lib/python3.10/site-packages/ucp/core.py", line 737, in recv
    ret = await comm.tag_recv(self._ep, buffer, nbytes, tag, name=log)
asyncio.exceptions.CancelledError

During handling of the above exception, another exception occurred:

Traceback (most recent call last):
  File "/opt/conda/envs/gdf/lib/python3.10/site-packages/distributed/worker.py", line 2056, in gather_dep
    response = await get_data_from_worker(
  File "/opt/conda/envs/gdf/lib/python3.10/site-packages/distributed/worker.py", line 2871, in get_data_from_worker
    comm = await rpc.connect(worker)
  File "/opt/conda/envs/gdf/lib/python3.10/site-packages/distributed/core.py", line 1535, in connect
    return connect_attempt.result()
  File "/opt/conda/envs/gdf/lib/python3.10/site-packages/distributed/core.py", line 1425, in _connect
    comm = await connect(
  File "/opt/conda/envs/gdf/lib/python3.10/site-packages/distributed/comm/core.py", line 377, in connect
    handshake = await comm.read()
  File "/opt/conda/envs/gdf/lib/python3.10/site-packages/distributed/utils.py", line 806, in wrapper
    return await func(*args, **kwargs)
  File "/opt/conda/envs/gdf/lib/python3.10/site-packages/distributed/comm/ucx.py", line 369, in read
    raise CommClosedError(
distributed.comm.core.CommClosedError: Connection closed by writer.
Inner exception: CancelledError()
2024-09-18 06:19:48,779 - distributed.worker - ERROR - Worker stream died during communication: ucx://127.0.0.1:54039
Traceback (most recent call last):
  File "/opt/conda/envs/gdf/lib/python3.10/site-packages/distributed/comm/ucx.py", line 351, in read
    await self.ep.recv(msg)
  File "/opt/conda/envs/gdf/lib/python3.10/site-packages/ucp/core.py", line 737, in recv
    ret = await comm.tag_recv(self._ep, buffer, nbytes, tag, name=log)
ucp._libs.exceptions.UCXCanceled: <[Recv #000] ep: 0x7efd486a9240, tag: 0x831d24eb7c08ef32, nbytes: 16, type: <class 'numpy.ndarray'>>: 

During handling of the above exception, another exception occurred:

Traceback (most recent call last):
  File "/opt/conda/envs/gdf/lib/python3.10/site-packages/distributed/worker.py", line 2056, in gather_dep
    response = await get_data_from_worker(
  File "/opt/conda/envs/gdf/lib/python3.10/site-packages/distributed/worker.py", line 2871, in get_data_from_worker
    comm = await rpc.connect(worker)
  File "/opt/conda/envs/gdf/lib/python3.10/site-packages/distributed/core.py", line 1535, in connect
    return connect_attempt.result()
  File "/opt/conda/envs/gdf/lib/python3.10/site-packages/distributed/core.py", line 1425, in _connect
    comm = await connect(
  File "/opt/conda/envs/gdf/lib/python3.10/site-packages/distributed/comm/core.py", line 377, in connect
    handshake = await comm.read()
  File "/opt/conda/envs/gdf/lib/python3.10/site-packages/distributed/utils.py", line 806, in wrapper
    return await func(*args, **kwargs)
  File "/opt/conda/envs/gdf/lib/python3.10/site-packages/distributed/comm/ucx.py", line 369, in read
    raise CommClosedError(
distributed.comm.core.CommClosedError: Connection closed by writer.
Inner exception: UCXCanceled("<[Recv #000] ep: 0x7efd486a9240, tag: 0x831d24eb7c08ef32, nbytes: 16, type: <class 'numpy.ndarray'>>: ")
2024-09-18 06:19:48,780 - distributed.worker - ERROR - failed during get data with ucx://127.0.0.1:58519 -> ucx://127.0.0.1:44245
Traceback (most recent call last):
  File "/opt/conda/envs/gdf/lib/python3.10/site-packages/distributed/comm/ucx.py", line 335, in write
    await self.ep.send(each_frame)
  File "/opt/conda/envs/gdf/lib/python3.10/site-packages/ucp/core.py", line 662, in send
    return await comm.tag_send(self._ep, buffer, nbytes, tag, name=log)
ucp._libs.exceptions.UCXError: <[Send #007] ep: 0x7efd486a9100, tag: 0xb5c221edef39c5cb, nbytes: 100000000, type: <class 'cudf.core.buffer.buffer.Buffer'>>: Connection reset by remote peer

During handling of the above exception, another exception occurred:

Traceback (most recent call last):
  File "/opt/conda/envs/gdf/lib/python3.10/site-packages/distributed/worker.py", line 1777, in get_data
    compressed = await comm.write(msg, serializers=serializers)
  File "/opt/conda/envs/gdf/lib/python3.10/site-packages/distributed/utils.py", line 806, in wrapper
    return await func(*args, **kwargs)
  File "/opt/conda/envs/gdf/lib/python3.10/site-packages/distributed/comm/ucx.py", line 339, in write
    raise CommClosedError("While writing, the connection was closed")
distributed.comm.core.CommClosedError: While writing, the connection was closed
2024-09-18 06:19:48,783 - distributed.worker - ERROR - Worker stream died during communication: ucx://127.0.0.1:44245
Traceback (most recent call last):
  File "/opt/conda/envs/gdf/lib/python3.10/site-packages/distributed/comm/ucx.py", line 351, in read
    await self.ep.recv(msg)
  File "/opt/conda/envs/gdf/lib/python3.10/site-packages/ucp/core.py", line 737, in recv
    ret = await comm.tag_recv(self._ep, buffer, nbytes, tag, name=log)
ucp._libs.exceptions.UCXCanceled: <[Recv #003] ep: 0x7efd486a92c0, tag: 0xe2d344ddce512027, nbytes: 16, type: <class 'numpy.ndarray'>>: 

During handling of the above exception, another exception occurred:

Traceback (most recent call last):
  File "/opt/conda/envs/gdf/lib/python3.10/site-packages/distributed/worker.py", line 2056, in gather_dep
    response = await get_data_from_worker(
  File "/opt/conda/envs/gdf/lib/python3.10/site-packages/distributed/worker.py", line 2874, in get_data_from_worker
    response = await send_recv(
  File "/opt/conda/envs/gdf/lib/python3.10/site-packages/distributed/core.py", line 1015, in send_recv
    response = await comm.read(deserializers=deserializers)
  File "/opt/conda/envs/gdf/lib/python3.10/site-packages/distributed/utils.py", line 806, in wrapper
    return await func(*args, **kwargs)
  File "/opt/conda/envs/gdf/lib/python3.10/site-packages/distributed/comm/ucx.py", line 369, in read
    raise CommClosedError(
distributed.comm.core.CommClosedError: Connection closed by writer.
Inner exception: UCXCanceled("<[Recv #003] ep: 0x7efd486a92c0, tag: 0xe2d344ddce512027, nbytes: 16, type: <class 'numpy.ndarray'>>: ")
2024-09-18 06:19:48,813 - distributed.nanny - WARNING - Restarting worker
2024-09-18 06:19:48,827 - distributed.worker - ERROR - Worker stream died during communication: ucx://127.0.0.1:34913
Traceback (most recent call last):
  File "/opt/conda/envs/gdf/lib/python3.10/site-packages/distributed/comm/ucx.py", line 351, in read
    await self.ep.recv(msg)
  File "/opt/conda/envs/gdf/lib/python3.10/site-packages/ucp/core.py", line 737, in recv
    ret = await comm.tag_recv(self._ep, buffer, nbytes, tag, name=log)
asyncio.exceptions.CancelledError

During handling of the above exception, another exception occurred:

Traceback (most recent call last):
  File "/opt/conda/envs/gdf/lib/python3.10/site-packages/distributed/worker.py", line 2056, in gather_dep
    response = await get_data_from_worker(
  File "/opt/conda/envs/gdf/lib/python3.10/site-packages/distributed/worker.py", line 2871, in get_data_from_worker
    comm = await rpc.connect(worker)
  File "/opt/conda/envs/gdf/lib/python3.10/site-packages/distributed/core.py", line 1535, in connect
    return connect_attempt.result()
  File "/opt/conda/envs/gdf/lib/python3.10/site-packages/distributed/core.py", line 1425, in _connect
    comm = await connect(
  File "/opt/conda/envs/gdf/lib/python3.10/site-packages/distributed/comm/core.py", line 377, in connect
    handshake = await comm.read()
  File "/opt/conda/envs/gdf/lib/python3.10/site-packages/distributed/utils.py", line 806, in wrapper
    return await func(*args, **kwargs)
  File "/opt/conda/envs/gdf/lib/python3.10/site-packages/distributed/comm/ucx.py", line 369, in read
    raise CommClosedError(
distributed.comm.core.CommClosedError: Connection closed by writer.
Inner exception: CancelledError()
2024-09-18 06:19:48,827 - distributed.worker - ERROR - Worker stream died during communication: ucx://127.0.0.1:54039
Traceback (most recent call last):
  File "/opt/conda/envs/gdf/lib/python3.10/site-packages/distributed/comm/ucx.py", line 351, in read
    await self.ep.recv(msg)
  File "/opt/conda/envs/gdf/lib/python3.10/site-packages/ucp/core.py", line 737, in recv
    ret = await comm.tag_recv(self._ep, buffer, nbytes, tag, name=log)
asyncio.exceptions.CancelledError

During handling of the above exception, another exception occurred:

Traceback (most recent call last):
  File "/opt/conda/envs/gdf/lib/python3.10/site-packages/distributed/worker.py", line 2056, in gather_dep
    response = await get_data_from_worker(
  File "/opt/conda/envs/gdf/lib/python3.10/site-packages/distributed/worker.py", line 2871, in get_data_from_worker
    comm = await rpc.connect(worker)
  File "/opt/conda/envs/gdf/lib/python3.10/site-packages/distributed/core.py", line 1535, in connect
    return connect_attempt.result()
  File "/opt/conda/envs/gdf/lib/python3.10/site-packages/distributed/core.py", line 1425, in _connect
    comm = await connect(
  File "/opt/conda/envs/gdf/lib/python3.10/site-packages/distributed/comm/core.py", line 377, in connect
    handshake = await comm.read()
  File "/opt/conda/envs/gdf/lib/python3.10/site-packages/distributed/utils.py", line 806, in wrapper
    return await func(*args, **kwargs)
  File "/opt/conda/envs/gdf/lib/python3.10/site-packages/distributed/comm/ucx.py", line 369, in read
    raise CommClosedError(
distributed.comm.core.CommClosedError: Connection closed by writer.
Inner exception: CancelledError()
2024-09-18 06:19:48,831 - distributed.worker - ERROR - Worker stream died during communication: ucx://127.0.0.1:44245
Traceback (most recent call last):
  File "/opt/conda/envs/gdf/lib/python3.10/site-packages/distributed/comm/ucx.py", line 351, in read
    await self.ep.recv(msg)
  File "/opt/conda/envs/gdf/lib/python3.10/site-packages/ucp/core.py", line 737, in recv
    ret = await comm.tag_recv(self._ep, buffer, nbytes, tag, name=log)
asyncio.exceptions.CancelledError

During handling of the above exception, another exception occurred:

Traceback (most recent call last):
  File "/opt/conda/envs/gdf/lib/python3.10/site-packages/distributed/worker.py", line 2056, in gather_dep
    response = await get_data_from_worker(
  File "/opt/conda/envs/gdf/lib/python3.10/site-packages/distributed/worker.py", line 2871, in get_data_from_worker
    comm = await rpc.connect(worker)
  File "/opt/conda/envs/gdf/lib/python3.10/site-packages/distributed/core.py", line 1535, in connect
    return connect_attempt.result()
  File "/opt/conda/envs/gdf/lib/python3.10/site-packages/distributed/core.py", line 1425, in _connect
    comm = await connect(
  File "/opt/conda/envs/gdf/lib/python3.10/site-packages/distributed/comm/core.py", line 377, in connect
    handshake = await comm.read()
  File "/opt/conda/envs/gdf/lib/python3.10/site-packages/distributed/utils.py", line 806, in wrapper
    return await func(*args, **kwargs)
  File "/opt/conda/envs/gdf/lib/python3.10/site-packages/distributed/comm/ucx.py", line 369, in read
    raise CommClosedError(
distributed.comm.core.CommClosedError: Connection closed by writer.
Inner exception: CancelledError()
[dgx13:86933:0:86933] Caught signal 11 (Segmentation fault: address not mapped to object at address 0x450)
==== backtrace (tid:  86933) ====
 0  /opt/conda/envs/gdf/lib/libucs.so.0(ucs_handle_error+0x305) [0x7f29249deef5]
 1  /opt/conda/envs/gdf/lib/libucs.so.0(+0x2f0f4) [0x7f29249df0f4]
 2  /opt/conda/envs/gdf/lib/libucs.so.0(+0x2f2ba) [0x7f29249df2ba]
 3  /usr/lib/x86_64-linux-gnu/libpthread.so.0(+0x14420) [0x7f2961467420]
 4  /opt/conda/envs/gdf/lib/libucp.so.0(ucp_mem_type_unpack+0x1a) [0x7f2924a63cba]
 5  /opt/conda/envs/gdf/lib/libucp.so.0(ucp_rndv_data_handler+0x66d) [0x7f2924a8f60d]
 6  /opt/conda/envs/gdf/lib/libuct.so.0(+0x21e9f) [0x7f2924993e9f]
 7  /opt/conda/envs/gdf/lib/libuct.so.0(+0x250b8) [0x7f29249970b8]
 8  /opt/conda/envs/gdf/lib/libucs.so.0(ucs_event_set_wait+0xb9) [0x7f29249e8739]
 9  /opt/conda/envs/gdf/lib/libuct.so.0(uct_tcp_iface_progress+0x7d) [0x7f29249961bd]
10  /opt/conda/envs/gdf/lib/libucp.so.0(ucp_worker_progress+0x5a) [0x7f2924a60a0a]
11  /opt/conda/envs/gdf/lib/python3.10/site-packages/ucp/_libs/ucx_api.cpython-310-x86_64-linux-gnu.so(+0x31d7a) [0x7f2924b23d7a]
12  /opt/conda/envs/gdf/bin/python(_PyEval_EvalFrameDefault+0x2d83) [0x55cb08b402b3]
13  /opt/conda/envs/gdf/bin/python(_PyFunction_Vectorcall+0x6c) [0x55cb08b4da2c]
14  /opt/conda/envs/gdf/bin/python(_PyEval_EvalFrameDefault+0x72c) [0x55cb08b3dc5c]
15  /opt/conda/envs/gdf/bin/python(+0x1e1384) [0x55cb08bea384]
16  /opt/conda/envs/gdf/lib/python3.10/lib-dynload/_asyncio.cpython-310-x86_64-linux-gnu.so(+0x7bf6) [0x7f294efebbf6]
17  /opt/conda/envs/gdf/bin/python(_PyObject_MakeTpCall+0x26b) [0x55cb08b46a6b]
18  /opt/conda/envs/gdf/bin/python(+0xfdd90) [0x55cb08b06d90]
19  /opt/conda/envs/gdf/bin/python(+0x13c2a3) [0x55cb08b452a3]
20  /opt/conda/envs/gdf/bin/python(_PyEval_EvalFrameDefault+0x5cd5) [0x55cb08b43205]
21  /opt/conda/envs/gdf/bin/python(_PyFunction_Vectorcall+0x6c) [0x55cb08b4da2c]
22  /opt/conda/envs/gdf/bin/python(_PyEval_EvalFrameDefault+0x72c) [0x55cb08b3dc5c]
23  /opt/conda/envs/gdf/bin/python(_PyFunction_Vectorcall+0x6c) [0x55cb08b4da2c]
24  /opt/conda/envs/gdf/bin/python(_PyEval_EvalFrameDefault+0x72c) [0x55cb08b3dc5c]
25  /opt/conda/envs/gdf/bin/python(_PyFunction_Vectorcall+0x6c) [0x55cb08b4da2c]
26  /opt/conda/envs/gdf/bin/python(_PyEval_EvalFrameDefault+0x72c) [0x55cb08b3dc5c]
27  /opt/conda/envs/gdf/bin/python(_PyFunction_Vectorcall+0x6c) [0x55cb08b4da2c]
28  /opt/conda/envs/gdf/bin/python(_PyEval_EvalFrameDefault+0x72c) [0x55cb08b3dc5c]
29  /opt/conda/envs/gdf/bin/python(_PyFunction_Vectorcall+0x6c) [0x55cb08b4da2c]
30  /opt/conda/envs/gdf/bin/python(_PyEval_EvalFrameDefault+0x13ca) [0x55cb08b3e8fa]
31  /opt/conda/envs/gdf/bin/python(+0x150582) [0x55cb08b59582]
32  /opt/conda/envs/gdf/bin/python(PyObject_Call+0xbc) [0x55cb08b59f1c]
33  /opt/conda/envs/gdf/bin/python(+0x20a9ae) [0x55cb08c139ae]
34  /opt/conda/envs/gdf/bin/python(_PyObject_MakeTpCall+0x26b) [0x55cb08b46a6b]
35  /opt/conda/envs/gdf/bin/python(_PyEval_EvalFrameDefault+0x2d83) [0x55cb08b402b3]
36  /opt/conda/envs/gdf/bin/python(+0x1506d8) [0x55cb08b596d8]
37  /opt/conda/envs/gdf/bin/python(_PyEval_EvalFrameDefault+0x2d83) [0x55cb08b402b3]
38  /opt/conda/envs/gdf/bin/python(_PyFunction_Vectorcall+0x6c) [0x55cb08b4da2c]
39  /opt/conda/envs/gdf/bin/python(_PyEval_EvalFrameDefault+0x72c) [0x55cb08b3dc5c]
40  /opt/conda/envs/gdf/bin/python(_PyFunction_Vectorcall+0x6c) [0x55cb08b4da2c]
41  /opt/conda/envs/gdf/bin/python(_PyEval_EvalFrameDefault+0x72c) [0x55cb08b3dc5c]
42  /opt/conda/envs/gdf/bin/python(_PyFunction_Vectorcall+0x6c) [0x55cb08b4da2c]
43  /opt/conda/envs/gdf/bin/python(_PyEval_EvalFrameDefault+0x320) [0x55cb08b3d850]
44  /opt/conda/envs/gdf/bin/python(_PyFunction_Vectorcall+0x6c) [0x55cb08b4da2c]
45  /opt/conda/envs/gdf/bin/python(_PyEval_EvalFrameDefault+0x13ca) [0x55cb08b3e8fa]
46  /opt/conda/envs/gdf/bin/python(+0x1d7c60) [0x55cb08be0c60]
47  /opt/conda/envs/gdf/bin/python(PyEval_EvalCode+0x87) [0x55cb08be0ba7]
48  /opt/conda/envs/gdf/bin/python(+0x20812a) [0x55cb08c1112a]
49  /opt/conda/envs/gdf/bin/python(+0x203523) [0x55cb08c0c523]
50  /opt/conda/envs/gdf/bin/python(PyRun_StringFlags+0x7d) [0x55cb08c0491d]
51  /opt/conda/envs/gdf/bin/python(PyRun_SimpleStringFlags+0x3c) [0x55cb08c0475c]
52  /opt/conda/envs/gdf/bin/python(Py_RunMain+0x26b) [0x55cb08c0366b]
53  /opt/conda/envs/gdf/bin/python(Py_BytesMain+0x37) [0x55cb08bd41f7]
54  /usr/lib/x86_64-linux-gnu/libc.so.6(__libc_start_main+0xf3) [0x7f296112b083]
55  /opt/conda/envs/gdf/bin/python(+0x1cb0f1) [0x55cb08bd40f1]
=================================
2024-09-18 06:19:48,950 - distributed.nanny - WARNING - Restarting worker
2024-09-18 06:19:49,048 - distributed.worker - ERROR - failed during get data with ucx://127.0.0.1:59741 -> ucx://127.0.0.1:34913
Traceback (most recent call last):
  File "/opt/conda/envs/gdf/lib/python3.10/site-packages/distributed/comm/ucx.py", line 335, in write
    await self.ep.send(each_frame)
  File "/opt/conda/envs/gdf/lib/python3.10/site-packages/ucp/core.py", line 662, in send
    return await comm.tag_send(self._ep, buffer, nbytes, tag, name=log)
ucp._libs.exceptions.UCXError: <[Send #007] ep: 0x7fc84c1611c0, tag: 0x7736a2f151ce3263, nbytes: 100000000, type: <class 'cudf.core.buffer.buffer.Buffer'>>: Connection reset by remote peer

During handling of the above exception, another exception occurred:

Traceback (most recent call last):
  File "/opt/conda/envs/gdf/lib/python3.10/site-packages/distributed/worker.py", line 1777, in get_data
    compressed = await comm.write(msg, serializers=serializers)
  File "/opt/conda/envs/gdf/lib/python3.10/site-packages/distributed/utils.py", line 806, in wrapper
    return await func(*args, **kwargs)
  File "/opt/conda/envs/gdf/lib/python3.10/site-packages/distributed/comm/ucx.py", line 339, in write
    raise CommClosedError("While writing, the connection was closed")
distributed.comm.core.CommClosedError: While writing, the connection was closed
2024-09-18 06:19:49,086 - distributed.worker - ERROR - Worker stream died during communication: ucx://127.0.0.1:35855
Traceback (most recent call last):
  File "/opt/conda/envs/gdf/lib/python3.10/site-packages/distributed/comm/ucx.py", line 393, in read
    await self.ep.recv(each_frame)
  File "/opt/conda/envs/gdf/lib/python3.10/site-packages/ucp/core.py", line 737, in recv
    ret = await comm.tag_recv(self._ep, buffer, nbytes, tag, name=log)
ucp._libs.exceptions.UCXError: <[Recv #007] ep: 0x7fdf3024c1c0, tag: 0x798598537082fd, nbytes: 100000000, type: <class 'rmm._lib.device_buffer.DeviceBuffer'>>: Connection reset by remote peer

During handling of the above exception, another exception occurred:

Traceback (most recent call last):
  File "/opt/conda/envs/gdf/lib/python3.10/site-packages/distributed/worker.py", line 2056, in gather_dep
    response = await get_data_from_worker(
  File "/opt/conda/envs/gdf/lib/python3.10/site-packages/distributed/worker.py", line 2874, in get_data_from_worker
    response = await send_recv(
  File "/opt/conda/envs/gdf/lib/python3.10/site-packages/distributed/core.py", line 1015, in send_recv
    response = await comm.read(deserializers=deserializers)
  File "/opt/conda/envs/gdf/lib/python3.10/site-packages/distributed/utils.py", line 806, in wrapper
    return await func(*args, **kwargs)
  File "/opt/conda/envs/gdf/lib/python3.10/site-packages/distributed/comm/ucx.py", line 399, in read
    raise CommClosedError(
distributed.comm.core.CommClosedError: Connection closed by writer.
Inner exception: UCXError("<[Recv #007] ep: 0x7fdf3024c1c0, tag: 0x798598537082fd, nbytes: 100000000, type: <class 'rmm._lib.device_buffer.DeviceBuffer'>>: Connection reset by remote peer")
2024-09-18 06:19:49,086 - distributed.worker - ERROR - failed during get data with ucx://127.0.0.1:59741 -> ucx://127.0.0.1:35855
Traceback (most recent call last):
  File "/opt/conda/envs/gdf/lib/python3.10/site-packages/distributed/comm/ucx.py", line 335, in write
    await self.ep.send(each_frame)
  File "/opt/conda/envs/gdf/lib/python3.10/site-packages/ucp/core.py", line 662, in send
    return await comm.tag_send(self._ep, buffer, nbytes, tag, name=log)
ucp._libs.exceptions.UCXError: <[Send #007] ep: 0x7fc84c161400, tag: 0xeada3f71a9ad3235, nbytes: 100000000, type: <class 'cudf.core.buffer.buffer.Buffer'>>: Connection reset by remote peer

During handling of the above exception, another exception occurred:

Traceback (most recent call last):
  File "/opt/conda/envs/gdf/lib/python3.10/site-packages/distributed/worker.py", line 1777, in get_data
    compressed = await comm.write(msg, serializers=serializers)
  File "/opt/conda/envs/gdf/lib/python3.10/site-packages/distributed/utils.py", line 806, in wrapper
    return await func(*args, **kwargs)
  File "/opt/conda/envs/gdf/lib/python3.10/site-packages/distributed/comm/ucx.py", line 339, in write
    raise CommClosedError("While writing, the connection was closed")
distributed.comm.core.CommClosedError: While writing, the connection was closed
2024-09-18 06:19:49,087 - distributed.worker - ERROR - Worker stream died during communication: ucx://127.0.0.1:35855
Traceback (most recent call last):
  File "/opt/conda/envs/gdf/lib/python3.10/site-packages/distributed/comm/ucx.py", line 351, in read
    await self.ep.recv(msg)
  File "/opt/conda/envs/gdf/lib/python3.10/site-packages/ucp/core.py", line 737, in recv
    ret = await comm.tag_recv(self._ep, buffer, nbytes, tag, name=log)
ucp._libs.exceptions.UCXCanceled: <[Recv #003] ep: 0x7fc84c161340, tag: 0x4b3b61f76302544, nbytes: 16, type: <class 'numpy.ndarray'>>: 

During handling of the above exception, another exception occurred:

Traceback (most recent call last):
  File "/opt/conda/envs/gdf/lib/python3.10/site-packages/distributed/worker.py", line 2056, in gather_dep
    response = await get_data_from_worker(
  File "/opt/conda/envs/gdf/lib/python3.10/site-packages/distributed/worker.py", line 2874, in get_data_from_worker
    response = await send_recv(
  File "/opt/conda/envs/gdf/lib/python3.10/site-packages/distributed/core.py", line 1015, in send_recv
    response = await comm.read(deserializers=deserializers)
  File "/opt/conda/envs/gdf/lib/python3.10/site-packages/distributed/utils.py", line 806, in wrapper
    return await func(*args, **kwargs)
  File "/opt/conda/envs/gdf/lib/python3.10/site-packages/distributed/comm/ucx.py", line 369, in read
    raise CommClosedError(
distributed.comm.core.CommClosedError: Connection closed by writer.
Inner exception: UCXCanceled("<[Recv #003] ep: 0x7fc84c161340, tag: 0x4b3b61f76302544, nbytes: 16, type: <class 'numpy.ndarray'>>: ")
2024-09-18 06:19:49,087 - distributed.worker - ERROR - failed during get data with ucx://127.0.0.1:58601 -> ucx://127.0.0.1:35855
Traceback (most recent call last):
  File "/opt/conda/envs/gdf/lib/python3.10/site-packages/distributed/comm/ucx.py", line 335, in write
    await self.ep.send(each_frame)
  File "/opt/conda/envs/gdf/lib/python3.10/site-packages/ucp/core.py", line 662, in send
    return await comm.tag_send(self._ep, buffer, nbytes, tag, name=log)
ucp._libs.exceptions.UCXError: <[Send #007] ep: 0x7fdf3024c400, tag: 0xfb55b8bccc94171e, nbytes: 100000000, type: <class 'cudf.core.buffer.buffer.Buffer'>>: Connection reset by remote peer

During handling of the above exception, another exception occurred:

Traceback (most recent call last):
  File "/opt/conda/envs/gdf/lib/python3.10/site-packages/distributed/worker.py", line 1777, in get_data
    compressed = await comm.write(msg, serializers=serializers)
  File "/opt/conda/envs/gdf/lib/python3.10/site-packages/distributed/utils.py", line 806, in wrapper
    return await func(*args, **kwargs)
  File "/opt/conda/envs/gdf/lib/python3.10/site-packages/distributed/comm/ucx.py", line 339, in write
    raise CommClosedError("While writing, the connection was closed")
distributed.comm.core.CommClosedError: While writing, the connection was closed
2024-09-18 06:19:49,088 - distributed.scheduler - WARNING - Removing worker 'ucx://127.0.0.1:35855' caused the cluster to lose already computed task(s), which will be recomputed elsewhere: {('split-taskshuffle-b193d85dcbb1359f44fff00bd51d0d18', 6, 5), ('generate_chunk-_to_string_dtype-4a286622e28b0e0aa1748bcd21fd1539', 6), ('split-taskshuffle-b193d85dcbb1359f44fff00bd51d0d18', 7, 5), ('split-taskshuffle-b193d85dcbb1359f44fff00bd51d0d18', 2, 5), ('split-taskshuffle-b193d85dcbb1359f44fff00bd51d0d18', 3, 5), ('split-taskshuffle-b193d85dcbb1359f44fff00bd51d0d18', 4, 5), ('split-taskshuffle-b193d85dcbb1359f44fff00bd51d0d18', 5, 5), ('split-taskshuffle-b193d85dcbb1359f44fff00bd51d0d18', 0, 5)} (stimulus_id='handle-worker-cleanup-1726640389.0880988')
2024-09-18 06:19:49,332 - distributed.nanny - WARNING - Restarting worker
/opt/conda/envs/gdf/lib/python3.10/multiprocessing/resource_tracker.py:224: UserWarning: resource_tracker: There appear to be 48 leaked semaphore objects to clean up at shutdown
  warnings.warn('resource_tracker: There appear to be %d '
