[dgx13:95725:0:95725] Caught signal 11 (Segmentation fault: address not mapped to object at address 0x450)
==== backtrace (tid:  95725) ====
 0  /opt/conda/envs/gdf/lib/libucs.so.0(ucs_handle_error+0x2fd) [0x7fceb9641cfd]
 1  /opt/conda/envs/gdf/lib/libucs.so.0(+0x2def4) [0x7fceb9641ef4]
 2  /opt/conda/envs/gdf/lib/libucs.so.0(+0x2e0ba) [0x7fceb96420ba]
 3  /usr/lib/x86_64-linux-gnu/libpthread.so.0(+0x14420) [0x7fcf01c10420]
 4  /opt/conda/envs/gdf/lib/libucp.so.0(ucp_mem_type_unpack+0x17) [0x7fceb96c5197]
 5  /opt/conda/envs/gdf/lib/libucp.so.0(ucp_rndv_data_handler+0x65d) [0x7fceb96ef64d]
 6  /opt/conda/envs/gdf/lib/libuct.so.0(+0x21bdf) [0x7fceb95f7bdf]
 7  /opt/conda/envs/gdf/lib/libuct.so.0(+0x24db8) [0x7fceb95fadb8]
 8  /opt/conda/envs/gdf/lib/libucs.so.0(ucs_event_set_wait+0xb9) [0x7fceb964b619]
 9  /opt/conda/envs/gdf/lib/libuct.so.0(uct_tcp_iface_progress+0x7d) [0x7fceb95f9ecd]
10  /opt/conda/envs/gdf/lib/libucp.so.0(ucp_worker_progress+0x5a) [0x7fceb96c1eea]
11  /opt/conda/envs/gdf/lib/python3.10/site-packages/ucp/_libs/ucx_api.cpython-310-x86_64-linux-gnu.so(+0x31d7a) [0x7fceb9782d7a]
12  /opt/conda/envs/gdf/bin/python(_PyEval_EvalFrameDefault+0x2d62) [0x55f3335fdce2]
13  /opt/conda/envs/gdf/bin/python(_PyFunction_Vectorcall+0x6c) [0x55f33360b0cc]
14  /opt/conda/envs/gdf/bin/python(_PyEval_EvalFrameDefault+0x700) [0x55f3335fb680]
15  /opt/conda/envs/gdf/bin/python(+0x1d6029) [0x55f3336a5029]
16  /opt/conda/envs/gdf/lib/python3.10/lib-dynload/_asyncio.cpython-310-x86_64-linux-gnu.so(+0x7782) [0x7fcee7a20782]
17  /opt/conda/envs/gdf/bin/python(_PyObject_MakeTpCall+0x2d3) [0x55f333603f73]
18  /opt/conda/envs/gdf/bin/python(+0xf7850) [0x55f3335c6850]
19  /opt/conda/envs/gdf/bin/python(+0x133703) [0x55f333602703]
20  /opt/conda/envs/gdf/bin/python(_PyEval_EvalFrameDefault+0x596c) [0x55f3336008ec]
21  /opt/conda/envs/gdf/bin/python(_PyFunction_Vectorcall+0x6c) [0x55f33360b0cc]
22  /opt/conda/envs/gdf/bin/python(_PyEval_EvalFrameDefault+0x700) [0x55f3335fb680]
23  /opt/conda/envs/gdf/bin/python(_PyFunction_Vectorcall+0x6c) [0x55f33360b0cc]
24  /opt/conda/envs/gdf/bin/python(_PyEval_EvalFrameDefault+0x700) [0x55f3335fb680]
25  /opt/conda/envs/gdf/bin/python(_PyFunction_Vectorcall+0x6c) [0x55f33360b0cc]
26  /opt/conda/envs/gdf/bin/python(_PyEval_EvalFrameDefault+0x700) [0x55f3335fb680]
27  /opt/conda/envs/gdf/bin/python(_PyFunction_Vectorcall+0x6c) [0x55f33360b0cc]
28  /opt/conda/envs/gdf/bin/python(_PyEval_EvalFrameDefault+0x700) [0x55f3335fb680]
29  /opt/conda/envs/gdf/bin/python(_PyFunction_Vectorcall+0x6c) [0x55f33360b0cc]
30  /opt/conda/envs/gdf/bin/python(_PyEval_EvalFrameDefault+0x133e) [0x55f3335fc2be]
31  /opt/conda/envs/gdf/bin/python(+0x1474e2) [0x55f3336164e2]
32  /opt/conda/envs/gdf/bin/python(PyObject_Call+0xbc) [0x55f333616e7c]
33  /opt/conda/envs/gdf/bin/python(+0x1ff38d) [0x55f3336ce38d]
34  /opt/conda/envs/gdf/bin/python(_PyObject_MakeTpCall+0x2d3) [0x55f333603f73]
35  /opt/conda/envs/gdf/bin/python(_PyEval_EvalFrameDefault+0x2d62) [0x55f3335fdce2]
36  /opt/conda/envs/gdf/bin/python(+0x147638) [0x55f333616638]
37  /opt/conda/envs/gdf/bin/python(_PyEval_EvalFrameDefault+0x2d62) [0x55f3335fdce2]
38  /opt/conda/envs/gdf/bin/python(_PyFunction_Vectorcall+0x6c) [0x55f33360b0cc]
39  /opt/conda/envs/gdf/bin/python(_PyEval_EvalFrameDefault+0x700) [0x55f3335fb680]
40  /opt/conda/envs/gdf/bin/python(_PyFunction_Vectorcall+0x6c) [0x55f33360b0cc]
41  /opt/conda/envs/gdf/bin/python(_PyEval_EvalFrameDefault+0x700) [0x55f3335fb680]
42  /opt/conda/envs/gdf/bin/python(_PyFunction_Vectorcall+0x6c) [0x55f33360b0cc]
43  /opt/conda/envs/gdf/bin/python(_PyEval_EvalFrameDefault+0x30c) [0x55f3335fb28c]
44  /opt/conda/envs/gdf/bin/python(_PyFunction_Vectorcall+0x6c) [0x55f33360b0cc]
45  /opt/conda/envs/gdf/bin/python(_PyEval_EvalFrameDefault+0x133e) [0x55f3335fc2be]
46  /opt/conda/envs/gdf/bin/python(+0x1cc80c) [0x55f33369b80c]
47  /opt/conda/envs/gdf/bin/python(PyEval_EvalCode+0x87) [0x55f33369b757]
48  /opt/conda/envs/gdf/bin/python(+0x1fcb1a) [0x55f3336cbb1a]
49  /opt/conda/envs/gdf/bin/python(+0x1f7fa3) [0x55f3336c6fa3]
50  /opt/conda/envs/gdf/bin/python(PyRun_StringFlags+0x7d) [0x55f3336bf73d]
51  /opt/conda/envs/gdf/bin/python(PyRun_SimpleStringFlags+0x3c) [0x55f3336bf57c]
52  /opt/conda/envs/gdf/bin/python(Py_RunMain+0x3ba) [0x55f3336be77a]
53  /opt/conda/envs/gdf/bin/python(Py_BytesMain+0x37) [0x55f33368ee97]
54  /usr/lib/x86_64-linux-gnu/libc.so.6(__libc_start_main+0xf3) [0x7fcf018d4083]
55  /opt/conda/envs/gdf/bin/python(+0x1bfdae) [0x55f33368edae]
=================================
[dgx13:95728:0:95728] Caught signal 11 (Segmentation fault: address not mapped to object at address 0x450)
==== backtrace (tid:  95728) ====
 0  /opt/conda/envs/gdf/lib/libucs.so.0(ucs_handle_error+0x2fd) [0x7f6d62d2ecfd]
 1  /opt/conda/envs/gdf/lib/libucs.so.0(+0x2def4) [0x7f6d62d2eef4]
 2  /opt/conda/envs/gdf/lib/libucs.so.0(+0x2e0ba) [0x7f6d62d2f0ba]
 3  /usr/lib/x86_64-linux-gnu/libpthread.so.0(+0x14420) [0x7f6da74fb420]
 4  /opt/conda/envs/gdf/lib/libucp.so.0(ucp_mem_type_unpack+0x17) [0x7f6d62db2197]
 5  /opt/conda/envs/gdf/lib/libucp.so.0(ucp_rndv_data_handler+0x65d) [0x7f6d62ddc64d]
 6  /opt/conda/envs/gdf/lib/libuct.so.0(+0x21bdf) [0x7f6d62ce4bdf]
 7  /opt/conda/envs/gdf/lib/libuct.so.0(+0x24db8) [0x7f6d62ce7db8]
 8  /opt/conda/envs/gdf/lib/libucs.so.0(ucs_event_set_wait+0xb9) [0x7f6d62d38619]
 9  /opt/conda/envs/gdf/lib/libuct.so.0(uct_tcp_iface_progress+0x7d) [0x7f6d62ce6ecd]
10  /opt/conda/envs/gdf/lib/libucp.so.0(ucp_worker_progress+0x5a) [0x7f6d62daeeea]
11  /opt/conda/envs/gdf/lib/python3.10/site-packages/ucp/_libs/ucx_api.cpython-310-x86_64-linux-gnu.so(+0x31d7a) [0x7f6d62e6fd7a]
12  /opt/conda/envs/gdf/bin/python(_PyEval_EvalFrameDefault+0x2d62) [0x5653830a8ce2]
13  /opt/conda/envs/gdf/bin/python(_PyFunction_Vectorcall+0x6c) [0x5653830b60cc]
14  /opt/conda/envs/gdf/bin/python(_PyEval_EvalFrameDefault+0x700) [0x5653830a6680]
15  /opt/conda/envs/gdf/bin/python(+0x147764) [0x5653830c1764]
16  /opt/conda/envs/gdf/bin/python(+0x25292c) [0x5653831cc92c]
17  /opt/conda/envs/gdf/bin/python(+0xf7850) [0x565383071850]
18  /opt/conda/envs/gdf/bin/python(+0x133703) [0x5653830ad703]
19  /opt/conda/envs/gdf/bin/python(_PyEval_EvalFrameDefault+0x596c) [0x5653830ab8ec]
20  /opt/conda/envs/gdf/bin/python(_PyFunction_Vectorcall+0x6c) [0x5653830b60cc]
21  /opt/conda/envs/gdf/bin/python(_PyEval_EvalFrameDefault+0x700) [0x5653830a6680]
22  /opt/conda/envs/gdf/bin/python(_PyFunction_Vectorcall+0x6c) [0x5653830b60cc]
23  /opt/conda/envs/gdf/bin/python(_PyEval_EvalFrameDefault+0x700) [0x5653830a6680]
24  /opt/conda/envs/gdf/bin/python(_PyFunction_Vectorcall+0x6c) [0x5653830b60cc]
25  /opt/conda/envs/gdf/bin/python(_PyEval_EvalFrameDefault+0x700) [0x5653830a6680]
26  /opt/conda/envs/gdf/bin/python(_PyFunction_Vectorcall+0x6c) [0x5653830b60cc]
27  /opt/conda/envs/gdf/bin/python(_PyEval_EvalFrameDefault+0x700) [0x5653830a6680]
28  /opt/conda/envs/gdf/bin/python(_PyFunction_Vectorcall+0x6c) [0x5653830b60cc]
29  /opt/conda/envs/gdf/bin/python(_PyEval_EvalFrameDefault+0x133e) [0x5653830a72be]
30  /opt/conda/envs/gdf/bin/python(+0x1474e2) [0x5653830c14e2]
31  /opt/conda/envs/gdf/bin/python(PyObject_Call+0xbc) [0x5653830c1e7c]
32  /opt/conda/envs/gdf/bin/python(+0x1ff38d) [0x56538317938d]
33  /opt/conda/envs/gdf/bin/python(_PyObject_MakeTpCall+0x2d3) [0x5653830aef73]
34  /opt/conda/envs/gdf/bin/python(_PyEval_EvalFrameDefault+0x2d62) [0x5653830a8ce2]
35  /opt/conda/envs/gdf/bin/python(+0x147638) [0x5653830c1638]
36  /opt/conda/envs/gdf/bin/python(_PyEval_EvalFrameDefault+0x2d62) [0x5653830a8ce2]
37  /opt/conda/envs/gdf/bin/python(_PyFunction_Vectorcall+0x6c) [0x5653830b60cc]
38  /opt/conda/envs/gdf/bin/python(_PyEval_EvalFrameDefault+0x700) [0x5653830a6680]
39  /opt/conda/envs/gdf/bin/python(_PyFunction_Vectorcall+0x6c) [0x5653830b60cc]
40  /opt/conda/envs/gdf/bin/python(_PyEval_EvalFrameDefault+0x700) [0x5653830a6680]
41  /opt/conda/envs/gdf/bin/python(_PyFunction_Vectorcall+0x6c) [0x5653830b60cc]
42  /opt/conda/envs/gdf/bin/python(_PyEval_EvalFrameDefault+0x30c) [0x5653830a628c]
43  /opt/conda/envs/gdf/bin/python(_PyFunction_Vectorcall+0x6c) [0x5653830b60cc]
44  /opt/conda/envs/gdf/bin/python(_PyEval_EvalFrameDefault+0x133e) [0x5653830a72be]
45  /opt/conda/envs/gdf/bin/python(+0x1cc80c) [0x56538314680c]
46  /opt/conda/envs/gdf/bin/python(PyEval_EvalCode+0x87) [0x565383146757]
47  /opt/conda/envs/gdf/bin/python(+0x1fcb1a) [0x565383176b1a]
48  /opt/conda/envs/gdf/bin/python(+0x1f7fa3) [0x565383171fa3]
49  /opt/conda/envs/gdf/bin/python(PyRun_StringFlags+0x7d) [0x56538316a73d]
50  /opt/conda/envs/gdf/bin/python(PyRun_SimpleStringFlags+0x3c) [0x56538316a57c]
51  /opt/conda/envs/gdf/bin/python(Py_RunMain+0x3ba) [0x56538316977a]
52  /opt/conda/envs/gdf/bin/python(Py_BytesMain+0x37) [0x565383139e97]
53  /usr/lib/x86_64-linux-gnu/libc.so.6(__libc_start_main+0xf3) [0x7f6da71bf083]
54  /opt/conda/envs/gdf/bin/python(+0x1bfdae) [0x565383139dae]
=================================
[dgx13:95741:0:95741] Caught signal 11 (Segmentation fault: address not mapped to object at address 0x450)
==== backtrace (tid:  95741) ====
 0  /opt/conda/envs/gdf/lib/libucs.so.0(ucs_handle_error+0x2fd) [0x7f0af0695cfd]
 1  /opt/conda/envs/gdf/lib/libucs.so.0(+0x2def4) [0x7f0af0695ef4]
 2  /opt/conda/envs/gdf/lib/libucs.so.0(+0x2e0ba) [0x7f0af06960ba]
 3  /usr/lib/x86_64-linux-gnu/libpthread.so.0(+0x14420) [0x7f0b26e55420]
 4  /opt/conda/envs/gdf/lib/libucp.so.0(ucp_mem_type_unpack+0x17) [0x7f0af0719197]
 5  /opt/conda/envs/gdf/lib/libucp.so.0(ucp_rndv_data_handler+0x65d) [0x7f0af074364d]
 6  /opt/conda/envs/gdf/lib/libuct.so.0(+0x21bdf) [0x7f0af064bbdf]
 7  /opt/conda/envs/gdf/lib/libuct.so.0(+0x24db8) [0x7f0af064edb8]
 8  /opt/conda/envs/gdf/lib/libucs.so.0(ucs_event_set_wait+0xb9) [0x7f0af069f619]
 9  /opt/conda/envs/gdf/lib/libuct.so.0(uct_tcp_iface_progress+0x7d) [0x7f0af064decd]
10  /opt/conda/envs/gdf/lib/libucp.so.0(ucp_worker_progress+0x5a) [0x7f0af0715eea]
11  /opt/conda/envs/gdf/lib/python3.10/site-packages/ucp/_libs/ucx_api.cpython-310-x86_64-linux-gnu.so(+0x31d7a) [0x7f0af07d6d7a]
12  /opt/conda/envs/gdf/bin/python(_PyEval_EvalFrameDefault+0x2d62) [0x55897b897ce2]
13  /opt/conda/envs/gdf/bin/python(_PyFunction_Vectorcall+0x6c) [0x55897b8a50cc]
14  /opt/conda/envs/gdf/bin/python(_PyEval_EvalFrameDefault+0x700) [0x55897b895680]
15  /opt/conda/envs/gdf/bin/python(+0x147764) [0x55897b8b0764]
16  /opt/conda/envs/gdf/bin/python(+0x25292c) [0x55897b9bb92c]
17  /opt/conda/envs/gdf/bin/python(+0xf7850) [0x55897b860850]
18  /opt/conda/envs/gdf/bin/python(+0x133703) [0x55897b89c703]
19  /opt/conda/envs/gdf/bin/python(_PyEval_EvalFrameDefault+0x596c) [0x55897b89a8ec]
20  /opt/conda/envs/gdf/bin/python(_PyFunction_Vectorcall+0x6c) [0x55897b8a50cc]
21  /opt/conda/envs/gdf/bin/python(_PyEval_EvalFrameDefault+0x700) [0x55897b895680]
22  /opt/conda/envs/gdf/bin/python(_PyFunction_Vectorcall+0x6c) [0x55897b8a50cc]
23  /opt/conda/envs/gdf/bin/python(_PyEval_EvalFrameDefault+0x700) [0x55897b895680]
24  /opt/conda/envs/gdf/bin/python(_PyFunction_Vectorcall+0x6c) [0x55897b8a50cc]
25  /opt/conda/envs/gdf/bin/python(_PyEval_EvalFrameDefault+0x700) [0x55897b895680]
26  /opt/conda/envs/gdf/bin/python(_PyFunction_Vectorcall+0x6c) [0x55897b8a50cc]
27  /opt/conda/envs/gdf/bin/python(_PyEval_EvalFrameDefault+0x700) [0x55897b895680]
28  /opt/conda/envs/gdf/bin/python(_PyFunction_Vectorcall+0x6c) [0x55897b8a50cc]
29  /opt/conda/envs/gdf/bin/python(_PyEval_EvalFrameDefault+0x133e) [0x55897b8962be]
30  /opt/conda/envs/gdf/bin/python(+0x1474e2) [0x55897b8b04e2]
31  /opt/conda/envs/gdf/bin/python(PyObject_Call+0xbc) [0x55897b8b0e7c]
32  /opt/conda/envs/gdf/bin/python(+0x1ff38d) [0x55897b96838d]
33  /opt/conda/envs/gdf/bin/python(_PyObject_MakeTpCall+0x2d3) [0x55897b89df73]
34  /opt/conda/envs/gdf/bin/python(_PyEval_EvalFrameDefault+0x2d62) [0x55897b897ce2]
35  /opt/conda/envs/gdf/bin/python(+0x147638) [0x55897b8b0638]
36  /opt/conda/envs/gdf/bin/python(_PyEval_EvalFrameDefault+0x2d62) [0x55897b897ce2]
37  /opt/conda/envs/gdf/bin/python(_PyFunction_Vectorcall+0x6c) [0x55897b8a50cc]
38  /opt/conda/envs/gdf/bin/python(_PyEval_EvalFrameDefault+0x700) [0x55897b895680]
39  /opt/conda/envs/gdf/bin/python(_PyFunction_Vectorcall+0x6c) [0x55897b8a50cc]
40  /opt/conda/envs/gdf/bin/python(_PyEval_EvalFrameDefault+0x700) [0x55897b895680]
41  /opt/conda/envs/gdf/bin/python(_PyFunction_Vectorcall+0x6c) [0x55897b8a50cc]
42  /opt/conda/envs/gdf/bin/python(_PyEval_EvalFrameDefault+0x30c) [0x55897b89528c]
43  /opt/conda/envs/gdf/bin/python(_PyFunction_Vectorcall+0x6c) [0x55897b8a50cc]
44  /opt/conda/envs/gdf/bin/python(_PyEval_EvalFrameDefault+0x133e) [0x55897b8962be]
45  /opt/conda/envs/gdf/bin/python(+0x1cc80c) [0x55897b93580c]
46  /opt/conda/envs/gdf/bin/python(PyEval_EvalCode+0x87) [0x55897b935757]
47  /opt/conda/envs/gdf/bin/python(+0x1fcb1a) [0x55897b965b1a]
48  /opt/conda/envs/gdf/bin/python(+0x1f7fa3) [0x55897b960fa3]
49  /opt/conda/envs/gdf/bin/python(PyRun_StringFlags+0x7d) [0x55897b95973d]
50  /opt/conda/envs/gdf/bin/python(PyRun_SimpleStringFlags+0x3c) [0x55897b95957c]
51  /opt/conda/envs/gdf/bin/python(Py_RunMain+0x3ba) [0x55897b95877a]
52  /opt/conda/envs/gdf/bin/python(Py_BytesMain+0x37) [0x55897b928e97]
53  /usr/lib/x86_64-linux-gnu/libc.so.6(__libc_start_main+0xf3) [0x7f0b26b19083]
54  /opt/conda/envs/gdf/bin/python(+0x1bfdae) [0x55897b928dae]
=================================
[dgx13:95745:0:95745] Caught signal 11 (Segmentation fault: address not mapped to object at address 0x450)
==== backtrace (tid:  95745) ====
 0  /opt/conda/envs/gdf/lib/libucs.so.0(ucs_handle_error+0x2fd) [0x7f9e8173acfd]
 1  /opt/conda/envs/gdf/lib/libucs.so.0(+0x2def4) [0x7f9e8173aef4]
 2  /opt/conda/envs/gdf/lib/libucs.so.0(+0x2e0ba) [0x7f9e8173b0ba]
 3  /usr/lib/x86_64-linux-gnu/libpthread.so.0(+0x14420) [0x7f9ec9f15420]
 4  /opt/conda/envs/gdf/lib/libucp.so.0(ucp_mem_type_unpack+0x17) [0x7f9e817be197]
 5  /opt/conda/envs/gdf/lib/libucp.so.0(ucp_rndv_data_handler+0x65d) [0x7f9e817e864d]
 6  /opt/conda/envs/gdf/lib/libuct.so.0(+0x21bdf) [0x7f9e816f0bdf]
 7  /opt/conda/envs/gdf/lib/libuct.so.0(+0x24db8) [0x7f9e816f3db8]
 8  /opt/conda/envs/gdf/lib/libucs.so.0(ucs_event_set_wait+0xb9) [0x7f9e81744619]
 9  /opt/conda/envs/gdf/lib/libuct.so.0(uct_tcp_iface_progress+0x7d) [0x7f9e816f2ecd]
10  /opt/conda/envs/gdf/lib/libucp.so.0(ucp_worker_progress+0x5a) [0x7f9e817baeea]
11  /opt/conda/envs/gdf/lib/python3.10/site-packages/ucp/_libs/ucx_api.cpython-310-x86_64-linux-gnu.so(+0x31d7a) [0x7f9e8187bd7a]
12  /opt/conda/envs/gdf/bin/python(_PyEval_EvalFrameDefault+0x2d62) [0x5596bcd28ce2]
13  /opt/conda/envs/gdf/bin/python(_PyFunction_Vectorcall+0x6c) [0x5596bcd360cc]
14  /opt/conda/envs/gdf/bin/python(_PyEval_EvalFrameDefault+0x700) [0x5596bcd26680]
15  /opt/conda/envs/gdf/bin/python(+0x147764) [0x5596bcd41764]
16  /opt/conda/envs/gdf/bin/python(+0x25292c) [0x5596bce4c92c]
17  /opt/conda/envs/gdf/bin/python(+0xf7850) [0x5596bccf1850]
18  /opt/conda/envs/gdf/bin/python(+0x133703) [0x5596bcd2d703]
19  /opt/conda/envs/gdf/bin/python(_PyEval_EvalFrameDefault+0x596c) [0x5596bcd2b8ec]
20  /opt/conda/envs/gdf/bin/python(_PyFunction_Vectorcall+0x6c) [0x5596bcd360cc]
21  /opt/conda/envs/gdf/bin/python(_PyEval_EvalFrameDefault+0x700) [0x5596bcd26680]
22  /opt/conda/envs/gdf/bin/python(_PyFunction_Vectorcall+0x6c) [0x5596bcd360cc]
23  /opt/conda/envs/gdf/bin/python(_PyEval_EvalFrameDefault+0x700) [0x5596bcd26680]
24  /opt/conda/envs/gdf/bin/python(_PyFunction_Vectorcall+0x6c) [0x5596bcd360cc]
25  /opt/conda/envs/gdf/bin/python(_PyEval_EvalFrameDefault+0x700) [0x5596bcd26680]
26  /opt/conda/envs/gdf/bin/python(_PyFunction_Vectorcall+0x6c) [0x5596bcd360cc]
27  /opt/conda/envs/gdf/bin/python(_PyEval_EvalFrameDefault+0x700) [0x5596bcd26680]
28  /opt/conda/envs/gdf/bin/python(_PyFunction_Vectorcall+0x6c) [0x5596bcd360cc]
29  /opt/conda/envs/gdf/bin/python(_PyEval_EvalFrameDefault+0x133e) [0x5596bcd272be]
30  /opt/conda/envs/gdf/bin/python(+0x1474e2) [0x5596bcd414e2]
31  /opt/conda/envs/gdf/bin/python(PyObject_Call+0xbc) [0x5596bcd41e7c]
32  /opt/conda/envs/gdf/bin/python(+0x1ff38d) [0x5596bcdf938d]
33  /opt/conda/envs/gdf/bin/python(_PyObject_MakeTpCall+0x2d3) [0x5596bcd2ef73]
34  /opt/conda/envs/gdf/bin/python(_PyEval_EvalFrameDefault+0x2d62) [0x5596bcd28ce2]
35  /opt/conda/envs/gdf/bin/python(+0x147638) [0x5596bcd41638]
36  /opt/conda/envs/gdf/bin/python(_PyEval_EvalFrameDefault+0x2d62) [0x5596bcd28ce2]
37  /opt/conda/envs/gdf/bin/python(_PyFunction_Vectorcall+0x6c) [0x5596bcd360cc]
38  /opt/conda/envs/gdf/bin/python(_PyEval_EvalFrameDefault+0x700) [0x5596bcd26680]
39  /opt/conda/envs/gdf/bin/python(_PyFunction_Vectorcall+0x6c) [0x5596bcd360cc]
40  /opt/conda/envs/gdf/bin/python(_PyEval_EvalFrameDefault+0x700) [0x5596bcd26680]
41  /opt/conda/envs/gdf/bin/python(_PyFunction_Vectorcall+0x6c) [0x5596bcd360cc]
42  /opt/conda/envs/gdf/bin/python(_PyEval_EvalFrameDefault+0x30c) [0x5596bcd2628c]
43  /opt/conda/envs/gdf/bin/python(_PyFunction_Vectorcall+0x6c) [0x5596bcd360cc]
44  /opt/conda/envs/gdf/bin/python(_PyEval_EvalFrameDefault+0x133e) [0x5596bcd272be]
45  /opt/conda/envs/gdf/bin/python(+0x1cc80c) [0x5596bcdc680c]
46  /opt/conda/envs/gdf/bin/python(PyEval_EvalCode+0x87) [0x5596bcdc6757]
47  /opt/conda/envs/gdf/bin/python(+0x1fcb1a) [0x5596bcdf6b1a]
48  /opt/conda/envs/gdf/bin/python(+0x1f7fa3) [0x5596bcdf1fa3]
49  /opt/conda/envs/gdf/bin/python(PyRun_StringFlags+0x7d) [0x5596bcdea73d]
50  /opt/conda/envs/gdf/bin/python(PyRun_SimpleStringFlags+0x3c) [0x5596bcdea57c]
51  /opt/conda/envs/gdf/bin/python(Py_RunMain+0x3ba) [0x5596bcde977a]
52  /opt/conda/envs/gdf/bin/python(Py_BytesMain+0x37) [0x5596bcdb9e97]
53  /usr/lib/x86_64-linux-gnu/libc.so.6(__libc_start_main+0xf3) [0x7f9ec9bd9083]
54  /opt/conda/envs/gdf/bin/python(+0x1bfdae) [0x5596bcdb9dae]
=================================
[dgx13:95721:0:95721] Caught signal 11 (Segmentation fault: address not mapped to object at address 0x450)
==== backtrace (tid:  95721) ====
 0  /opt/conda/envs/gdf/lib/libucs.so.0(ucs_handle_error+0x2fd) [0x7f337efbacfd]
 1  /opt/conda/envs/gdf/lib/libucs.so.0(+0x2def4) [0x7f337efbaef4]
 2  /opt/conda/envs/gdf/lib/libucs.so.0(+0x2e0ba) [0x7f337efbb0ba]
 3  /usr/lib/x86_64-linux-gnu/libpthread.so.0(+0x14420) [0x7f33d37ae420]
 4  /opt/conda/envs/gdf/lib/libucp.so.0(ucp_mem_type_unpack+0x17) [0x7f337f03e197]
 5  /opt/conda/envs/gdf/lib/libucp.so.0(ucp_rndv_data_handler+0x65d) [0x7f337f06864d]
 6  /opt/conda/envs/gdf/lib/libuct.so.0(+0x21bdf) [0x7f337ef70bdf]
 7  /opt/conda/envs/gdf/lib/libuct.so.0(+0x24db8) [0x7f337ef73db8]
 8  /opt/conda/envs/gdf/lib/libucs.so.0(ucs_event_set_wait+0xb9) [0x7f337efc4619]
 9  /opt/conda/envs/gdf/lib/libuct.so.0(uct_tcp_iface_progress+0x7d) [0x7f337ef72ecd]
10  /opt/conda/envs/gdf/lib/libucp.so.0(ucp_worker_progress+0x5a) [0x7f337f03aeea]
11  /opt/conda/envs/gdf/lib/python3.10/site-packages/ucp/_libs/ucx_api.cpython-310-x86_64-linux-gnu.so(+0x31d7a) [0x7f337f0fbd7a]
12  /opt/conda/envs/gdf/bin/python(_PyEval_EvalFrameDefault+0x2d62) [0x563efdc0ace2]
13  /opt/conda/envs/gdf/bin/python(_PyFunction_Vectorcall+0x6c) [0x563efdc180cc]
14  /opt/conda/envs/gdf/bin/python(_PyEval_EvalFrameDefault+0x700) [0x563efdc08680]
15  /opt/conda/envs/gdf/bin/python(+0x147764) [0x563efdc23764]
16  /opt/conda/envs/gdf/bin/python(+0x25292c) [0x563efdd2e92c]
17  /opt/conda/envs/gdf/bin/python(+0xf7850) [0x563efdbd3850]
18  /opt/conda/envs/gdf/bin/python(+0x133703) [0x563efdc0f703]
19  /opt/conda/envs/gdf/bin/python(_PyEval_EvalFrameDefault+0x596c) [0x563efdc0d8ec]
20  /opt/conda/envs/gdf/bin/python(_PyFunction_Vectorcall+0x6c) [0x563efdc180cc]
21  /opt/conda/envs/gdf/bin/python(_PyEval_EvalFrameDefault+0x700) [0x563efdc08680]
22  /opt/conda/envs/gdf/bin/python(_PyFunction_Vectorcall+0x6c) [0x563efdc180cc]
23  /opt/conda/envs/gdf/bin/python(_PyEval_EvalFrameDefault+0x700) [0x563efdc08680]
24  /opt/conda/envs/gdf/bin/python(_PyFunction_Vectorcall+0x6c) [0x563efdc180cc]
25  /opt/conda/envs/gdf/bin/python(_PyEval_EvalFrameDefault+0x700) [0x563efdc08680]
26  /opt/conda/envs/gdf/bin/python(_PyFunction_Vectorcall+0x6c) [0x563efdc180cc]
27  /opt/conda/envs/gdf/bin/python(_PyEval_EvalFrameDefault+0x700) [0x563efdc08680]
28  /opt/conda/envs/gdf/bin/python(_PyFunction_Vectorcall+0x6c) [0x563efdc180cc]
29  /opt/conda/envs/gdf/bin/python(_PyEval_EvalFrameDefault+0x133e) [0x563efdc092be]
30  /opt/conda/envs/gdf/bin/python(+0x1474e2) [0x563efdc234e2]
31  /opt/conda/envs/gdf/bin/python(PyObject_Call+0xbc) [0x563efdc23e7c]
32  /opt/conda/envs/gdf/bin/python(+0x1ff38d) [0x563efdcdb38d]
33  /opt/conda/envs/gdf/bin/python(_PyObject_MakeTpCall+0x2d3) [0x563efdc10f73]
34  /opt/conda/envs/gdf/bin/python(_PyEval_EvalFrameDefault+0x2d62) [0x563efdc0ace2]
35  /opt/conda/envs/gdf/bin/python(+0x147638) [0x563efdc23638]
36  /opt/conda/envs/gdf/bin/python(_PyEval_EvalFrameDefault+0x2d62) [0x563efdc0ace2]
37  /opt/conda/envs/gdf/bin/python(_PyFunction_Vectorcall+0x6c) [0x563efdc180cc]
38  /opt/conda/envs/gdf/bin/python(_PyEval_EvalFrameDefault+0x700) [0x563efdc08680]
39  /opt/conda/envs/gdf/bin/python(_PyFunction_Vectorcall+0x6c) [0x563efdc180cc]
40  /opt/conda/envs/gdf/bin/python(_PyEval_EvalFrameDefault+0x700) [0x563efdc08680]
41  /opt/conda/envs/gdf/bin/python(_PyFunction_Vectorcall+0x6c) [0x563efdc180cc]
42  /opt/conda/envs/gdf/bin/python(_PyEval_EvalFrameDefault+0x30c) [0x563efdc0828c]
43  /opt/conda/envs/gdf/bin/python(_PyFunction_Vectorcall+0x6c) [0x563efdc180cc]
44  /opt/conda/envs/gdf/bin/python(_PyEval_EvalFrameDefault+0x133e) [0x563efdc092be]
45  /opt/conda/envs/gdf/bin/python(+0x1cc80c) [0x563efdca880c]
46  /opt/conda/envs/gdf/bin/python(PyEval_EvalCode+0x87) [0x563efdca8757]
47  /opt/conda/envs/gdf/bin/python(+0x1fcb1a) [0x563efdcd8b1a]
48  /opt/conda/envs/gdf/bin/python(+0x1f7fa3) [0x563efdcd3fa3]
49  /opt/conda/envs/gdf/bin/python(PyRun_StringFlags+0x7d) [0x563efdccc73d]
50  /opt/conda/envs/gdf/bin/python(PyRun_SimpleStringFlags+0x3c) [0x563efdccc57c]
51  /opt/conda/envs/gdf/bin/python(Py_RunMain+0x3ba) [0x563efdccb77a]
52  /opt/conda/envs/gdf/bin/python(Py_BytesMain+0x37) [0x563efdc9be97]
53  /usr/lib/x86_64-linux-gnu/libc.so.6(__libc_start_main+0xf3) [0x7f33d3472083]
54  /opt/conda/envs/gdf/bin/python(+0x1bfdae) [0x563efdc9bdae]
=================================
2024-11-02 07:08:30,204 - distributed.scheduler - WARNING - Removing worker 'ucx://127.0.0.1:41103' caused the cluster to lose already computed task(s), which will be recomputed elsewhere: {('random_sample-0ab97426330ea85c5b3ec2d389a0fa29', 2, 0), ('random_sample-0ab97426330ea85c5b3ec2d389a0fa29', 2, 7), ('random_sample-0ab97426330ea85c5b3ec2d389a0fa29', 5, 7), ('random_sample-0ab97426330ea85c5b3ec2d389a0fa29', 6, 1), ('random_sample-0ab97426330ea85c5b3ec2d389a0fa29', 3, 1), ('random_sample-0ab97426330ea85c5b3ec2d389a0fa29', 4, 6), ('random_sample-0ab97426330ea85c5b3ec2d389a0fa29', 0, 3), ('random_sample-0ab97426330ea85c5b3ec2d389a0fa29', 9, 9), ('random_sample-0ab97426330ea85c5b3ec2d389a0fa29', 8, 0), ('random_sample-0ab97426330ea85c5b3ec2d389a0fa29', 0, 6), ('random_sample-0ab97426330ea85c5b3ec2d389a0fa29', 8, 3), ('sum-115b401d04f51fd50b3288818fb39225', 9, 9), ('random_sample-0ab97426330ea85c5b3ec2d389a0fa29', 7, 4), ('random_sample-0ab97426330ea85c5b3ec2d389a0fa29', 9, 1)} (stimulus_id='handle-worker-cleanup-1730531310.2044568')
2024-11-02 07:08:30,203 - distributed.worker - ERROR - Worker stream died during communication: ucx://127.0.0.1:41103
Traceback (most recent call last):
  File "/opt/conda/envs/gdf/lib/python3.10/site-packages/distributed/comm/ucx.py", line 351, in read
    await self.ep.recv(msg)
  File "/opt/conda/envs/gdf/lib/python3.10/site-packages/ucp/core.py", line 737, in recv
    ret = await comm.tag_recv(self._ep, buffer, nbytes, tag, name=log)
ucp._libs.exceptions.UCXCanceled: <[Recv #008] ep: 0x7f0c351cc140, tag: 0x653630367bd72ab6, nbytes: 16, type: <class 'numpy.ndarray'>>: 

During handling of the above exception, another exception occurred:

Traceback (most recent call last):
  File "/opt/conda/envs/gdf/lib/python3.10/site-packages/distributed/worker.py", line 2056, in gather_dep
    response = await get_data_from_worker(
  File "/opt/conda/envs/gdf/lib/python3.10/site-packages/distributed/worker.py", line 2874, in get_data_from_worker
    response = await send_recv(
  File "/opt/conda/envs/gdf/lib/python3.10/site-packages/distributed/core.py", line 1015, in send_recv
    response = await comm.read(deserializers=deserializers)
  File "/opt/conda/envs/gdf/lib/python3.10/site-packages/distributed/utils.py", line 806, in wrapper
    return await func(*args, **kwargs)
  File "/opt/conda/envs/gdf/lib/python3.10/site-packages/distributed/comm/ucx.py", line 369, in read
    raise CommClosedError(
distributed.comm.core.CommClosedError: Connection closed by writer.
Inner exception: UCXCanceled("<[Recv #008] ep: 0x7f0c351cc140, tag: 0x653630367bd72ab6, nbytes: 16, type: <class 'numpy.ndarray'>>: ")
2024-11-02 07:08:30,205 - distributed.worker - ERROR - failed during get data with ucx://127.0.0.1:47303 -> ucx://127.0.0.1:41103
Traceback (most recent call last):
  File "/opt/conda/envs/gdf/lib/python3.10/site-packages/distributed/comm/ucx.py", line 351, in read
    await self.ep.recv(msg)
  File "/opt/conda/envs/gdf/lib/python3.10/site-packages/ucp/core.py", line 737, in recv
    ret = await comm.tag_recv(self._ep, buffer, nbytes, tag, name=log)
ucp._libs.exceptions.UCXCanceled: <[Recv #006] ep: 0x7f0c351cc2c0, tag: 0xcc54d258e9e671e1, nbytes: 16, type: <class 'numpy.ndarray'>>: 

During handling of the above exception, another exception occurred:

Traceback (most recent call last):
  File "/opt/conda/envs/gdf/lib/python3.10/site-packages/distributed/worker.py", line 1778, in get_data
    response = await comm.read(deserializers=serializers)
  File "/opt/conda/envs/gdf/lib/python3.10/site-packages/distributed/utils.py", line 806, in wrapper
    return await func(*args, **kwargs)
  File "/opt/conda/envs/gdf/lib/python3.10/site-packages/distributed/comm/ucx.py", line 369, in read
    raise CommClosedError(
distributed.comm.core.CommClosedError: Connection closed by writer.
Inner exception: UCXCanceled("<[Recv #006] ep: 0x7f0c351cc2c0, tag: 0xcc54d258e9e671e1, nbytes: 16, type: <class 'numpy.ndarray'>>: ")
2024-11-02 07:08:30,211 - distributed.scheduler - WARNING - Removing worker 'ucx://127.0.0.1:33045' caused the cluster to lose already computed task(s), which will be recomputed elsewhere: {('random_sample-0ab97426330ea85c5b3ec2d389a0fa29', 7, 7), ('random_sample-0ab97426330ea85c5b3ec2d389a0fa29', 3, 4), ('random_sample-0ab97426330ea85c5b3ec2d389a0fa29', 7, 3), ('random_sample-0ab97426330ea85c5b3ec2d389a0fa29', 5, 4), ('sum-115b401d04f51fd50b3288818fb39225', 3, 9), ('random_sample-0ab97426330ea85c5b3ec2d389a0fa29', 9, 3), ('random_sample-0ab97426330ea85c5b3ec2d389a0fa29', 6, 4), ('random_sample-0ab97426330ea85c5b3ec2d389a0fa29', 2, 6), ('sum-115b401d04f51fd50b3288818fb39225', 2, 2), ('random_sample-0ab97426330ea85c5b3ec2d389a0fa29', 3, 9), ('random_sample-0ab97426330ea85c5b3ec2d389a0fa29', 2, 2), ('random_sample-0ab97426330ea85c5b3ec2d389a0fa29', 0, 2), ('random_sample-0ab97426330ea85c5b3ec2d389a0fa29', 3, 8), ('sum-115b401d04f51fd50b3288818fb39225', 7, 7), ('random_sample-0ab97426330ea85c5b3ec2d389a0fa29', 5, 2), ('random_sample-0ab97426330ea85c5b3ec2d389a0fa29', 1, 5)} (stimulus_id='handle-worker-cleanup-1730531310.2111292')
2024-11-02 07:08:30,210 - distributed.worker - ERROR - Worker stream died during communication: ucx://127.0.0.1:41103
Traceback (most recent call last):
  File "/opt/conda/envs/gdf/lib/python3.10/site-packages/distributed/comm/ucx.py", line 351, in read
    await self.ep.recv(msg)
  File "/opt/conda/envs/gdf/lib/python3.10/site-packages/ucp/core.py", line 737, in recv
    ret = await comm.tag_recv(self._ep, buffer, nbytes, tag, name=log)
ucp._libs.exceptions.UCXCanceled: <[Recv #000] ep: 0x7f96e0579180, tag: 0xf3ab9e1c09832399, nbytes: 16, type: <class 'numpy.ndarray'>>: 

During handling of the above exception, another exception occurred:

Traceback (most recent call last):
  File "/opt/conda/envs/gdf/lib/python3.10/site-packages/distributed/worker.py", line 2056, in gather_dep
    response = await get_data_from_worker(
  File "/opt/conda/envs/gdf/lib/python3.10/site-packages/distributed/worker.py", line 2871, in get_data_from_worker
    comm = await rpc.connect(worker)
  File "/opt/conda/envs/gdf/lib/python3.10/site-packages/distributed/core.py", line 1535, in connect
    return connect_attempt.result()
  File "/opt/conda/envs/gdf/lib/python3.10/site-packages/distributed/core.py", line 1425, in _connect
    comm = await connect(
  File "/opt/conda/envs/gdf/lib/python3.10/site-packages/distributed/comm/core.py", line 377, in connect
    handshake = await comm.read()
  File "/opt/conda/envs/gdf/lib/python3.10/site-packages/distributed/utils.py", line 806, in wrapper
    return await func(*args, **kwargs)
  File "/opt/conda/envs/gdf/lib/python3.10/site-packages/distributed/comm/ucx.py", line 369, in read
    raise CommClosedError(
distributed.comm.core.CommClosedError: Connection closed by writer.
Inner exception: UCXCanceled("<[Recv #000] ep: 0x7f96e0579180, tag: 0xf3ab9e1c09832399, nbytes: 16, type: <class 'numpy.ndarray'>>: ")
Task exception was never retrieved
future: <Task finished name='Task-247' coro=<_listener_handler_coroutine() done, defined at /opt/conda/envs/gdf/lib/python3.10/site-packages/ucp/core.py:140> exception=UCXError('<stream_recv>: Connection reset by remote peer')>
Traceback (most recent call last):
  File "/opt/conda/envs/gdf/lib/python3.10/site-packages/ucp/core.py", line 155, in _listener_handler_coroutine
    peer_info = await exchange_peer_info(
  File "/opt/conda/envs/gdf/lib/python3.10/site-packages/ucp/core.py", line 55, in exchange_peer_info
    await asyncio.wait_for(
  File "/opt/conda/envs/gdf/lib/python3.10/asyncio/tasks.py", line 445, in wait_for
    return fut.result()
ucp._libs.exceptions.UCXError: <stream_recv>: Connection reset by remote peer
2024-11-02 07:08:30,315 - distributed.nanny - WARNING - Restarting worker
2024-11-02 07:08:30,339 - distributed.worker - ERROR - Worker stream died during communication: ucx://127.0.0.1:37101
Traceback (most recent call last):
  File "/opt/conda/envs/gdf/lib/python3.10/site-packages/distributed/comm/ucx.py", line 393, in read
    await self.ep.recv(each_frame)
  File "/opt/conda/envs/gdf/lib/python3.10/site-packages/ucp/core.py", line 737, in recv
    ret = await comm.tag_recv(self._ep, buffer, nbytes, tag, name=log)
ucp._libs.exceptions.UCXError: <[Recv #007] ep: 0x7f0c351cc180, tag: 0xe7af251c47945f2d, nbytes: 50000000, type: <class 'rmm._lib.device_buffer.DeviceBuffer'>>: Connection reset by remote peer

During handling of the above exception, another exception occurred:

Traceback (most recent call last):
  File "/opt/conda/envs/gdf/lib/python3.10/site-packages/distributed/worker.py", line 2056, in gather_dep
    response = await get_data_from_worker(
  File "/opt/conda/envs/gdf/lib/python3.10/site-packages/distributed/worker.py", line 2874, in get_data_from_worker
    response = await send_recv(
  File "/opt/conda/envs/gdf/lib/python3.10/site-packages/distributed/core.py", line 1015, in send_recv
    response = await comm.read(deserializers=deserializers)
  File "/opt/conda/envs/gdf/lib/python3.10/site-packages/distributed/utils.py", line 806, in wrapper
    return await func(*args, **kwargs)
  File "/opt/conda/envs/gdf/lib/python3.10/site-packages/distributed/comm/ucx.py", line 399, in read
    raise CommClosedError(
distributed.comm.core.CommClosedError: Connection closed by writer.
Inner exception: UCXError("<[Recv #007] ep: 0x7f0c351cc180, tag: 0xe7af251c47945f2d, nbytes: 50000000, type: <class 'rmm._lib.device_buffer.DeviceBuffer'>>: Connection reset by remote peer")
2024-11-02 07:08:30,339 - distributed.worker - ERROR - failed during get data with ucx://127.0.0.1:48977 -> ucx://127.0.0.1:37101
Traceback (most recent call last):
  File "/opt/conda/envs/gdf/lib/python3.10/site-packages/distributed/comm/ucx.py", line 335, in write
    await self.ep.send(each_frame)
  File "/opt/conda/envs/gdf/lib/python3.10/site-packages/ucp/core.py", line 662, in send
    return await comm.tag_send(self._ep, buffer, nbytes, tag, name=log)
ucp._libs.exceptions.UCXError: <[Send #007] ep: 0x7f0a91cd5300, tag: 0x7f401954c617b863, nbytes: 50000000, type: <class 'cupy.ndarray'>>: Connection reset by remote peer

During handling of the above exception, another exception occurred:

Traceback (most recent call last):
  File "/opt/conda/envs/gdf/lib/python3.10/site-packages/distributed/worker.py", line 1777, in get_data
    compressed = await comm.write(msg, serializers=serializers)
  File "/opt/conda/envs/gdf/lib/python3.10/site-packages/distributed/utils.py", line 806, in wrapper
    return await func(*args, **kwargs)
  File "/opt/conda/envs/gdf/lib/python3.10/site-packages/distributed/comm/ucx.py", line 339, in write
    raise CommClosedError("While writing, the connection was closed")
distributed.comm.core.CommClosedError: While writing, the connection was closed
2024-11-02 07:08:30,340 - distributed.worker - ERROR - failed during get data with ucx://127.0.0.1:47303 -> ucx://127.0.0.1:37101
Traceback (most recent call last):
  File "/opt/conda/envs/gdf/lib/python3.10/site-packages/distributed/comm/ucx.py", line 335, in write
    await self.ep.send(each_frame)
  File "/opt/conda/envs/gdf/lib/python3.10/site-packages/ucp/core.py", line 662, in send
    return await comm.tag_send(self._ep, buffer, nbytes, tag, name=log)
ucp._libs.exceptions.UCXError: <[Send #007] ep: 0x7f0c351cc380, tag: 0x6ba6ecebf21bc14d, nbytes: 50000000, type: <class 'cupy.ndarray'>>: Connection reset by remote peer

During handling of the above exception, another exception occurred:

Traceback (most recent call last):
  File "/opt/conda/envs/gdf/lib/python3.10/site-packages/distributed/worker.py", line 1777, in get_data
    compressed = await comm.write(msg, serializers=serializers)
  File "/opt/conda/envs/gdf/lib/python3.10/site-packages/distributed/utils.py", line 806, in wrapper
    return await func(*args, **kwargs)
  File "/opt/conda/envs/gdf/lib/python3.10/site-packages/distributed/comm/ucx.py", line 339, in write
    raise CommClosedError("While writing, the connection was closed")
distributed.comm.core.CommClosedError: While writing, the connection was closed
2024-11-02 07:08:30,345 - distributed.scheduler - WARNING - Removing worker 'ucx://127.0.0.1:37101' caused the cluster to lose already computed task(s), which will be recomputed elsewhere: {('random_sample-0ab97426330ea85c5b3ec2d389a0fa29', 8, 8), ('random_sample-0ab97426330ea85c5b3ec2d389a0fa29', 2, 3), ('random_sample-0ab97426330ea85c5b3ec2d389a0fa29', 1, 7), ('random_sample-0ab97426330ea85c5b3ec2d389a0fa29', 6, 0), ('random_sample-0ab97426330ea85c5b3ec2d389a0fa29', 9, 6), ('random_sample-0ab97426330ea85c5b3ec2d389a0fa29', 4, 7), ('sum-115b401d04f51fd50b3288818fb39225', 4, 7), ('random_sample-0ab97426330ea85c5b3ec2d389a0fa29', 4, 5), ('random_sample-0ab97426330ea85c5b3ec2d389a0fa29', 0, 9), ('sum-115b401d04f51fd50b3288818fb39225', 8, 8), ('random_sample-0ab97426330ea85c5b3ec2d389a0fa29', 6, 8), ('random_sample-0ab97426330ea85c5b3ec2d389a0fa29', 7, 0)} (stimulus_id='handle-worker-cleanup-1730531310.3454351')
2024-11-02 07:08:30,347 - distributed.worker - ERROR - failed during get data with ucx://127.0.0.1:47303 -> ucx://127.0.0.1:37519
Traceback (most recent call last):
  File "/opt/conda/envs/gdf/lib/python3.10/site-packages/distributed/comm/ucx.py", line 351, in read
    await self.ep.recv(msg)
  File "/opt/conda/envs/gdf/lib/python3.10/site-packages/ucp/core.py", line 737, in recv
    ret = await comm.tag_recv(self._ep, buffer, nbytes, tag, name=log)
ucp._libs.exceptions.UCXCanceled: <[Recv #006] ep: 0x7f0c351cc340, tag: 0x4632d3423e8dad21, nbytes: 16, type: <class 'numpy.ndarray'>>: 

During handling of the above exception, another exception occurred:

Traceback (most recent call last):
  File "/opt/conda/envs/gdf/lib/python3.10/site-packages/distributed/worker.py", line 1778, in get_data
    response = await comm.read(deserializers=serializers)
  File "/opt/conda/envs/gdf/lib/python3.10/site-packages/distributed/utils.py", line 806, in wrapper
    return await func(*args, **kwargs)
  File "/opt/conda/envs/gdf/lib/python3.10/site-packages/distributed/comm/ucx.py", line 369, in read
    raise CommClosedError(
distributed.comm.core.CommClosedError: Connection closed by writer.
Inner exception: UCXCanceled("<[Recv #006] ep: 0x7f0c351cc340, tag: 0x4632d3423e8dad21, nbytes: 16, type: <class 'numpy.ndarray'>>: ")
2024-11-02 07:08:30,347 - distributed.worker - ERROR - Worker stream died during communication: ucx://127.0.0.1:37519
Traceback (most recent call last):
  File "/opt/conda/envs/gdf/lib/python3.10/site-packages/distributed/comm/ucx.py", line 351, in read
    await self.ep.recv(msg)
  File "/opt/conda/envs/gdf/lib/python3.10/site-packages/ucp/core.py", line 737, in recv
    ret = await comm.tag_recv(self._ep, buffer, nbytes, tag, name=log)
ucp._libs.exceptions.UCXCanceled: <[Recv #008] ep: 0x7f0a91cd5140, tag: 0x7c957120be410a90, nbytes: 16, type: <class 'numpy.ndarray'>>: 

During handling of the above exception, another exception occurred:

Traceback (most recent call last):
  File "/opt/conda/envs/gdf/lib/python3.10/site-packages/distributed/worker.py", line 2056, in gather_dep
    response = await get_data_from_worker(
  File "/opt/conda/envs/gdf/lib/python3.10/site-packages/distributed/worker.py", line 2874, in get_data_from_worker
    response = await send_recv(
  File "/opt/conda/envs/gdf/lib/python3.10/site-packages/distributed/core.py", line 1015, in send_recv
    response = await comm.read(deserializers=deserializers)
  File "/opt/conda/envs/gdf/lib/python3.10/site-packages/distributed/utils.py", line 806, in wrapper
    return await func(*args, **kwargs)
  File "/opt/conda/envs/gdf/lib/python3.10/site-packages/distributed/comm/ucx.py", line 369, in read
    raise CommClosedError(
distributed.comm.core.CommClosedError: Connection closed by writer.
Inner exception: UCXCanceled("<[Recv #008] ep: 0x7f0a91cd5140, tag: 0x7c957120be410a90, nbytes: 16, type: <class 'numpy.ndarray'>>: ")
2024-11-02 07:08:30,347 - distributed.worker - ERROR - failed during get data with ucx://127.0.0.1:41033 -> ucx://127.0.0.1:37519
Traceback (most recent call last):
  File "/opt/conda/envs/gdf/lib/python3.10/site-packages/distributed/comm/ucx.py", line 335, in write
    await self.ep.send(each_frame)
  File "/opt/conda/envs/gdf/lib/python3.10/site-packages/ucp/core.py", line 662, in send
    return await comm.tag_send(self._ep, buffer, nbytes, tag, name=log)
ucp._libs.exceptions.UCXError: <[Send #007] ep: 0x7f96e0579340, tag: 0x81db5c5b74b60525, nbytes: 50000000, type: <class 'cupy.ndarray'>>: Connection reset by remote peer

During handling of the above exception, another exception occurred:

Traceback (most recent call last):
  File "/opt/conda/envs/gdf/lib/python3.10/site-packages/distributed/worker.py", line 1777, in get_data
    compressed = await comm.write(msg, serializers=serializers)
  File "/opt/conda/envs/gdf/lib/python3.10/site-packages/distributed/utils.py", line 806, in wrapper
    return await func(*args, **kwargs)
  File "/opt/conda/envs/gdf/lib/python3.10/site-packages/distributed/comm/ucx.py", line 339, in write
    raise CommClosedError("While writing, the connection was closed")
distributed.comm.core.CommClosedError: While writing, the connection was closed
2024-11-02 07:08:30,348 - distributed.worker - ERROR - failed during get data with ucx://127.0.0.1:41033 -> ucx://127.0.0.1:33045
Traceback (most recent call last):
  File "/opt/conda/envs/gdf/lib/python3.10/site-packages/distributed/comm/ucx.py", line 335, in write
    await self.ep.send(each_frame)
  File "/opt/conda/envs/gdf/lib/python3.10/site-packages/ucp/core.py", line 662, in send
    return await comm.tag_send(self._ep, buffer, nbytes, tag, name=log)
ucp._libs.exceptions.UCXError: <[Send #007] ep: 0x7f96e05792c0, tag: 0xf9caf8c82733ea26, nbytes: 50000000, type: <class 'cupy.ndarray'>>: Connection reset by remote peer

During handling of the above exception, another exception occurred:

Traceback (most recent call last):
  File "/opt/conda/envs/gdf/lib/python3.10/site-packages/distributed/worker.py", line 1777, in get_data
    compressed = await comm.write(msg, serializers=serializers)
  File "/opt/conda/envs/gdf/lib/python3.10/site-packages/distributed/utils.py", line 806, in wrapper
    return await func(*args, **kwargs)
  File "/opt/conda/envs/gdf/lib/python3.10/site-packages/distributed/comm/ucx.py", line 339, in write
    raise CommClosedError("While writing, the connection was closed")
distributed.comm.core.CommClosedError: While writing, the connection was closed
2024-11-02 07:08:30,349 - distributed.worker - ERROR - Worker stream died during communication: ucx://127.0.0.1:37519
Traceback (most recent call last):
  File "/opt/conda/envs/gdf/lib/python3.10/site-packages/distributed/comm/ucx.py", line 351, in read
    await self.ep.recv(msg)
  File "/opt/conda/envs/gdf/lib/python3.10/site-packages/ucp/core.py", line 737, in recv
    ret = await comm.tag_recv(self._ep, buffer, nbytes, tag, name=log)
ucp._libs.exceptions.UCXCanceled: <[Recv #003] ep: 0x7f96e05791c0, tag: 0x4e722e6726eb633f, nbytes: 16, type: <class 'numpy.ndarray'>>: 

During handling of the above exception, another exception occurred:

Traceback (most recent call last):
  File "/opt/conda/envs/gdf/lib/python3.10/site-packages/distributed/worker.py", line 2056, in gather_dep
    response = await get_data_from_worker(
  File "/opt/conda/envs/gdf/lib/python3.10/site-packages/distributed/worker.py", line 2874, in get_data_from_worker
    response = await send_recv(
  File "/opt/conda/envs/gdf/lib/python3.10/site-packages/distributed/core.py", line 1015, in send_recv
    response = await comm.read(deserializers=deserializers)
  File "/opt/conda/envs/gdf/lib/python3.10/site-packages/distributed/utils.py", line 806, in wrapper
    return await func(*args, **kwargs)
  File "/opt/conda/envs/gdf/lib/python3.10/site-packages/distributed/comm/ucx.py", line 369, in read
    raise CommClosedError(
distributed.comm.core.CommClosedError: Connection closed by writer.
Inner exception: UCXCanceled("<[Recv #003] ep: 0x7f96e05791c0, tag: 0x4e722e6726eb633f, nbytes: 16, type: <class 'numpy.ndarray'>>: ")
2024-11-02 07:08:30,352 - distributed.scheduler - WARNING - Removing worker 'ucx://127.0.0.1:37519' caused the cluster to lose already computed task(s), which will be recomputed elsewhere: {('random_sample-0ab97426330ea85c5b3ec2d389a0fa29', 9, 4), ('random_sample-0ab97426330ea85c5b3ec2d389a0fa29', 4, 8), ('random_sample-0ab97426330ea85c5b3ec2d389a0fa29', 5, 0), ('random_sample-0ab97426330ea85c5b3ec2d389a0fa29', 0, 0), ('random_sample-0ab97426330ea85c5b3ec2d389a0fa29', 3, 6), ('random_sample-0ab97426330ea85c5b3ec2d389a0fa29', 7, 5), ('random_sample-0ab97426330ea85c5b3ec2d389a0fa29', 1, 3), ('random_sample-0ab97426330ea85c5b3ec2d389a0fa29', 1, 9), ('random_sample-0ab97426330ea85c5b3ec2d389a0fa29', 3, 2), ('random_sample-0ab97426330ea85c5b3ec2d389a0fa29', 6, 2), ('random_sample-0ab97426330ea85c5b3ec2d389a0fa29', 6, 9), ('random_sample-0ab97426330ea85c5b3ec2d389a0fa29', 8, 6), ('sum-115b401d04f51fd50b3288818fb39225', 0, 0)} (stimulus_id='handle-worker-cleanup-1730531310.3525047')
2024-11-02 07:08:30,359 - distributed.nanny - WARNING - Restarting worker
2024-11-02 07:08:30,423 - distributed.worker - ERROR - failed during get data with ucx://127.0.0.1:47303 -> ucx://127.0.0.1:45817
Traceback (most recent call last):
  File "/opt/conda/envs/gdf/lib/python3.10/site-packages/distributed/comm/ucx.py", line 335, in write
    await self.ep.send(each_frame)
  File "/opt/conda/envs/gdf/lib/python3.10/site-packages/ucp/core.py", line 662, in send
    return await comm.tag_send(self._ep, buffer, nbytes, tag, name=log)
ucp._libs.exceptions.UCXError: <[Send #007] ep: 0x7f0c351cc280, tag: 0x84b1551edf48a021, nbytes: 50000000, type: <class 'cupy.ndarray'>>: Connection reset by remote peer

During handling of the above exception, another exception occurred:

Traceback (most recent call last):
  File "/opt/conda/envs/gdf/lib/python3.10/site-packages/distributed/worker.py", line 1777, in get_data
    compressed = await comm.write(msg, serializers=serializers)
  File "/opt/conda/envs/gdf/lib/python3.10/site-packages/distributed/utils.py", line 806, in wrapper
    return await func(*args, **kwargs)
  File "/opt/conda/envs/gdf/lib/python3.10/site-packages/distributed/comm/ucx.py", line 339, in write
    raise CommClosedError("While writing, the connection was closed")
distributed.comm.core.CommClosedError: While writing, the connection was closed
2024-11-02 07:08:30,424 - distributed.worker - ERROR - failed during get data with ucx://127.0.0.1:48977 -> ucx://127.0.0.1:45817
Traceback (most recent call last):
  File "/opt/conda/envs/gdf/lib/python3.10/site-packages/distributed/comm/ucx.py", line 335, in write
    await self.ep.send(each_frame)
  File "/opt/conda/envs/gdf/lib/python3.10/site-packages/ucp/core.py", line 662, in send
    return await comm.tag_send(self._ep, buffer, nbytes, tag, name=log)
ucp._libs.exceptions.UCXError: <[Send #007] ep: 0x7f0a91cd5240, tag: 0xba6e6e52e7d079f3, nbytes: 50000000, type: <class 'cupy.ndarray'>>: Connection reset by remote peer

During handling of the above exception, another exception occurred:

Traceback (most recent call last):
  File "/opt/conda/envs/gdf/lib/python3.10/site-packages/distributed/worker.py", line 1777, in get_data
    compressed = await comm.write(msg, serializers=serializers)
  File "/opt/conda/envs/gdf/lib/python3.10/site-packages/distributed/utils.py", line 806, in wrapper
    return await func(*args, **kwargs)
  File "/opt/conda/envs/gdf/lib/python3.10/site-packages/distributed/comm/ucx.py", line 339, in write
    raise CommClosedError("While writing, the connection was closed")
distributed.comm.core.CommClosedError: While writing, the connection was closed
2024-11-02 07:08:30,424 - distributed.worker - ERROR - failed during get data with ucx://127.0.0.1:48977 -> ucx://127.0.0.1:37519
Traceback (most recent call last):
  File "/opt/conda/envs/gdf/lib/python3.10/site-packages/distributed/comm/ucx.py", line 335, in write
    await self.ep.send(each_frame)
  File "/opt/conda/envs/gdf/lib/python3.10/site-packages/ucp/core.py", line 662, in send
    return await comm.tag_send(self._ep, buffer, nbytes, tag, name=log)
ucp._libs.exceptions.UCXError: <[Send #012] ep: 0x7f0a91cd52c0, tag: 0xc5811fc833b8d2cc, nbytes: 50000000, type: <class 'cupy.ndarray'>>: Connection reset by remote peer

During handling of the above exception, another exception occurred:

Traceback (most recent call last):
  File "/opt/conda/envs/gdf/lib/python3.10/site-packages/distributed/worker.py", line 1777, in get_data
    compressed = await comm.write(msg, serializers=serializers)
  File "/opt/conda/envs/gdf/lib/python3.10/site-packages/distributed/utils.py", line 806, in wrapper
    return await func(*args, **kwargs)
  File "/opt/conda/envs/gdf/lib/python3.10/site-packages/distributed/comm/ucx.py", line 339, in write
    raise CommClosedError("While writing, the connection was closed")
distributed.comm.core.CommClosedError: While writing, the connection was closed
2024-11-02 07:08:30,424 - distributed.worker - ERROR - Worker stream died during communication: ucx://127.0.0.1:45817
Traceback (most recent call last):
  File "/opt/conda/envs/gdf/lib/python3.10/site-packages/distributed/comm/ucx.py", line 351, in read
    await self.ep.recv(msg)
  File "/opt/conda/envs/gdf/lib/python3.10/site-packages/ucp/core.py", line 737, in recv
    ret = await comm.tag_recv(self._ep, buffer, nbytes, tag, name=log)
ucp._libs.exceptions.UCXCanceled: <[Recv #000] ep: 0x7f0c351cc240, tag: 0x17ab48ca7bdd47b3, nbytes: 16, type: <class 'numpy.ndarray'>>: 

During handling of the above exception, another exception occurred:

Traceback (most recent call last):
  File "/opt/conda/envs/gdf/lib/python3.10/site-packages/distributed/worker.py", line 2056, in gather_dep
    response = await get_data_from_worker(
  File "/opt/conda/envs/gdf/lib/python3.10/site-packages/distributed/worker.py", line 2871, in get_data_from_worker
    comm = await rpc.connect(worker)
  File "/opt/conda/envs/gdf/lib/python3.10/site-packages/distributed/core.py", line 1535, in connect
    return connect_attempt.result()
  File "/opt/conda/envs/gdf/lib/python3.10/site-packages/distributed/core.py", line 1425, in _connect
    comm = await connect(
  File "/opt/conda/envs/gdf/lib/python3.10/site-packages/distributed/comm/core.py", line 377, in connect
    handshake = await comm.read()
  File "/opt/conda/envs/gdf/lib/python3.10/site-packages/distributed/utils.py", line 806, in wrapper
    return await func(*args, **kwargs)
  File "/opt/conda/envs/gdf/lib/python3.10/site-packages/distributed/comm/ucx.py", line 369, in read
    raise CommClosedError(
distributed.comm.core.CommClosedError: Connection closed by writer.
Inner exception: UCXCanceled("<[Recv #000] ep: 0x7f0c351cc240, tag: 0x17ab48ca7bdd47b3, nbytes: 16, type: <class 'numpy.ndarray'>>: ")
2024-11-02 07:08:30,425 - distributed.scheduler - WARNING - Removing worker 'ucx://127.0.0.1:45817' caused the cluster to lose already computed task(s), which will be recomputed elsewhere: {('sum-115b401d04f51fd50b3288818fb39225', 6, 6), ('random_sample-0ab97426330ea85c5b3ec2d389a0fa29', 8, 1), ('random_sample-0ab97426330ea85c5b3ec2d389a0fa29', 3, 5), ('random_sample-0ab97426330ea85c5b3ec2d389a0fa29', 5, 5), ('random_sample-0ab97426330ea85c5b3ec2d389a0fa29', 4, 0), ('sum-115b401d04f51fd50b3288818fb39225', 5, 3), ('random_sample-0ab97426330ea85c5b3ec2d389a0fa29', 7, 8), ('random_sample-0ab97426330ea85c5b3ec2d389a0fa29', 6, 6), ('random_sample-0ab97426330ea85c5b3ec2d389a0fa29', 8, 9), ('sum-115b401d04f51fd50b3288818fb39225', 0, 4), ('random_sample-0ab97426330ea85c5b3ec2d389a0fa29', 0, 8), ('random_sample-0ab97426330ea85c5b3ec2d389a0fa29', 1, 0), ('sum-115b401d04f51fd50b3288818fb39225', 3, 5), ('random_sample-0ab97426330ea85c5b3ec2d389a0fa29', 2, 8), ('sum-115b401d04f51fd50b3288818fb39225', 5, 5), ('sum-115b401d04f51fd50b3288818fb39225', 9, 3), ('random_sample-0ab97426330ea85c5b3ec2d389a0fa29', 9, 7), ('random_sample-0ab97426330ea85c5b3ec2d389a0fa29', 0, 4), ('random_sample-0ab97426330ea85c5b3ec2d389a0fa29', 5, 3), ('sum-115b401d04f51fd50b3288818fb39225', 4, 0)} (stimulus_id='handle-worker-cleanup-1730531310.4246862')
2024-11-02 07:08:30,425 - distributed.worker - ERROR - Worker stream died during communication: ucx://127.0.0.1:45817
Traceback (most recent call last):
  File "/opt/conda/envs/gdf/lib/python3.10/site-packages/distributed/comm/ucx.py", line 351, in read
    await self.ep.recv(msg)
  File "/opt/conda/envs/gdf/lib/python3.10/site-packages/ucp/core.py", line 737, in recv
    ret = await comm.tag_recv(self._ep, buffer, nbytes, tag, name=log)
ucp._libs.exceptions.UCXCanceled: <[Recv #003] ep: 0x7f0a91cd51c0, tag: 0x2ee09337efbf3ae2, nbytes: 16, type: <class 'numpy.ndarray'>>: 

During handling of the above exception, another exception occurred:

Traceback (most recent call last):
  File "/opt/conda/envs/gdf/lib/python3.10/site-packages/distributed/worker.py", line 2056, in gather_dep
    response = await get_data_from_worker(
  File "/opt/conda/envs/gdf/lib/python3.10/site-packages/distributed/worker.py", line 2874, in get_data_from_worker
    response = await send_recv(
  File "/opt/conda/envs/gdf/lib/python3.10/site-packages/distributed/core.py", line 1015, in send_recv
    response = await comm.read(deserializers=deserializers)
  File "/opt/conda/envs/gdf/lib/python3.10/site-packages/distributed/utils.py", line 806, in wrapper
    return await func(*args, **kwargs)
  File "/opt/conda/envs/gdf/lib/python3.10/site-packages/distributed/comm/ucx.py", line 369, in read
    raise CommClosedError(
distributed.comm.core.CommClosedError: Connection closed by writer.
Inner exception: UCXCanceled("<[Recv #003] ep: 0x7f0a91cd51c0, tag: 0x2ee09337efbf3ae2, nbytes: 16, type: <class 'numpy.ndarray'>>: ")
2024-11-02 07:08:30,458 - distributed.nanny - WARNING - Restarting worker
2024-11-02 07:08:30,661 - distributed.nanny - WARNING - Restarting worker
2024-11-02 07:08:30,680 - distributed.nanny - WARNING - Restarting worker
2024-11-02 07:08:59,671 - distributed.worker - ERROR - Worker stream died during communication: ucx://127.0.0.1:33045
Traceback (most recent call last):
  File "/opt/conda/envs/gdf/lib/python3.10/site-packages/distributed/comm/ucx.py", line 468, in connect
    ep = await ucp.create_endpoint(ip, port)
  File "/opt/conda/envs/gdf/lib/python3.10/site-packages/ucp/core.py", line 1016, in create_endpoint
    return await _get_ctx().create_endpoint(
  File "/opt/conda/envs/gdf/lib/python3.10/site-packages/ucp/core.py", line 328, in create_endpoint
    peer_info = await exchange_peer_info(
  File "/opt/conda/envs/gdf/lib/python3.10/site-packages/ucp/core.py", line 60, in exchange_peer_info
    await asyncio.wait_for(
  File "/opt/conda/envs/gdf/lib/python3.10/asyncio/tasks.py", line 432, in wait_for
    await waiter
asyncio.exceptions.CancelledError

During handling of the above exception, another exception occurred:

Traceback (most recent call last):
  File "/opt/conda/envs/gdf/lib/python3.10/asyncio/tasks.py", line 456, in wait_for
    return fut.result()
asyncio.exceptions.CancelledError

The above exception was the direct cause of the following exception:

Traceback (most recent call last):
  File "/opt/conda/envs/gdf/lib/python3.10/site-packages/distributed/comm/core.py", line 342, in connect
    comm = await wait_for(
  File "/opt/conda/envs/gdf/lib/python3.10/site-packages/distributed/utils.py", line 1926, in wait_for
    return await asyncio.wait_for(fut, timeout)
  File "/opt/conda/envs/gdf/lib/python3.10/asyncio/tasks.py", line 458, in wait_for
    raise exceptions.TimeoutError() from exc
asyncio.exceptions.TimeoutError

The above exception was the direct cause of the following exception:

Traceback (most recent call last):
  File "/opt/conda/envs/gdf/lib/python3.10/site-packages/distributed/worker.py", line 2056, in gather_dep
    response = await get_data_from_worker(
  File "/opt/conda/envs/gdf/lib/python3.10/site-packages/distributed/worker.py", line 2871, in get_data_from_worker
    comm = await rpc.connect(worker)
  File "/opt/conda/envs/gdf/lib/python3.10/site-packages/distributed/core.py", line 1535, in connect
    return connect_attempt.result()
  File "/opt/conda/envs/gdf/lib/python3.10/site-packages/distributed/core.py", line 1425, in _connect
    comm = await connect(
  File "/opt/conda/envs/gdf/lib/python3.10/site-packages/distributed/comm/core.py", line 368, in connect
    raise OSError(
OSError: Timed out trying to connect to ucx://127.0.0.1:33045 after 30 s
/opt/conda/envs/gdf/lib/python3.10/multiprocessing/resource_tracker.py:224: UserWarning: resource_tracker: There appear to be 48 leaked semaphore objects to clean up at shutdown
  warnings.warn('resource_tracker: There appear to be %d '
