[dgx13:90857:0:90857] Caught signal 11 (Segmentation fault: address not mapped to object at address 0x450)
==== backtrace (tid:  90857) ====
 0  /opt/conda/envs/gdf/lib/libucs.so.0(ucs_handle_error+0x2fd) [0x7eff480d2eed]
 1  /opt/conda/envs/gdf/lib/libucs.so.0(+0x2c0e4) [0x7eff480d30e4]
 2  /opt/conda/envs/gdf/lib/libucs.so.0(+0x2c2aa) [0x7eff480d32aa]
 3  /usr/lib/x86_64-linux-gnu/libpthread.so.0(+0x14420) [0x7eff767ac420]
 4  /opt/conda/envs/gdf/lib/libucp.so.0(ucp_mem_type_unpack+0x17) [0x7eff481547c7]
 5  /opt/conda/envs/gdf/lib/libucp.so.0(ucp_rndv_data_handler+0x65d) [0x7eff4817d27d]
 6  /opt/conda/envs/gdf/lib/libuct.so.0(+0x2096f) [0x7eff4808b96f]
 7  /opt/conda/envs/gdf/lib/libuct.so.0(+0x23b48) [0x7eff4808eb48]
 8  /opt/conda/envs/gdf/lib/libucs.so.0(ucs_event_set_wait+0xb9) [0x7eff480dc639]
 9  /opt/conda/envs/gdf/lib/libuct.so.0(uct_tcp_iface_progress+0x7d) [0x7eff4808dc5d]
10  /opt/conda/envs/gdf/lib/libucp.so.0(ucp_worker_progress+0x5a) [0x7eff481516ca]
11  /opt/conda/envs/gdf/lib/python3.9/site-packages/ucp/_libs/ucx_api.cpython-39-x86_64-linux-gnu.so(+0x3203a) [0x7eff4821003a]
12  /opt/conda/envs/gdf/bin/python(_PyEval_EvalFrameDefault+0x45a6) [0x55d7c3193516]
13  /opt/conda/envs/gdf/bin/python(+0x12e184) [0x55d7c318e184]
14  /opt/conda/envs/gdf/bin/python(_PyFunction_Vectorcall+0xd9) [0x55d7c319f559]
15  /opt/conda/envs/gdf/bin/python(_PyEval_EvalFrameDefault+0x696) [0x55d7c318f606]
16  /opt/conda/envs/gdf/bin/python(+0x1e28a2) [0x55d7c32428a2]
17  /opt/conda/envs/gdf/lib/python3.9/lib-dynload/_asyncio.cpython-39-x86_64-linux-gnu.so(+0x81e9) [0x7eff5e2321e9]
18  /opt/conda/envs/gdf/bin/python(_PyObject_MakeTpCall+0x2ec) [0x55d7c31977ac]
19  /opt/conda/envs/gdf/bin/python(+0xf266c) [0x55d7c315266c]
20  /opt/conda/envs/gdf/bin/python(+0x136833) [0x55d7c3196833]
21  /opt/conda/envs/gdf/bin/python(_PyEval_EvalFrameDefault+0x58b4) [0x55d7c3194824]
22  /opt/conda/envs/gdf/bin/python(+0x13f802) [0x55d7c319f802]
23  /opt/conda/envs/gdf/bin/python(_PyEval_EvalFrameDefault+0x696) [0x55d7c318f606]
24  /opt/conda/envs/gdf/bin/python(+0x13f802) [0x55d7c319f802]
25  /opt/conda/envs/gdf/bin/python(_PyEval_EvalFrameDefault+0x696) [0x55d7c318f606]
26  /opt/conda/envs/gdf/bin/python(+0x13f802) [0x55d7c319f802]
27  /opt/conda/envs/gdf/bin/python(_PyEval_EvalFrameDefault+0x696) [0x55d7c318f606]
28  /opt/conda/envs/gdf/bin/python(+0x13f802) [0x55d7c319f802]
29  /opt/conda/envs/gdf/bin/python(_PyEval_EvalFrameDefault+0x696) [0x55d7c318f606]
30  /opt/conda/envs/gdf/bin/python(+0x12e184) [0x55d7c318e184]
31  /opt/conda/envs/gdf/bin/python(_PyFunction_Vectorcall+0xd9) [0x55d7c319f559]
32  /opt/conda/envs/gdf/bin/python(_PyEval_EvalFrameDefault+0x11f2) [0x55d7c3190162]
33  /opt/conda/envs/gdf/bin/python(+0x12e184) [0x55d7c318e184]
34  /opt/conda/envs/gdf/bin/python(+0x14c9fb) [0x55d7c31ac9fb]
35  /opt/conda/envs/gdf/bin/python(PyObject_Call+0xbc) [0x55d7c31ad17c]
36  /opt/conda/envs/gdf/bin/python(+0x2109ce) [0x55d7c32709ce]
37  /opt/conda/envs/gdf/bin/python(_PyObject_MakeTpCall+0x2ec) [0x55d7c31977ac]
38  /opt/conda/envs/gdf/bin/python(_PyEval_EvalFrameDefault+0x45a6) [0x55d7c3193516]
39  /opt/conda/envs/gdf/bin/python(+0x13f802) [0x55d7c319f802]
40  /opt/conda/envs/gdf/bin/python(+0x14cadc) [0x55d7c31acadc]
41  /opt/conda/envs/gdf/bin/python(_PyEval_EvalFrameDefault+0x45a6) [0x55d7c3193516]
42  /opt/conda/envs/gdf/bin/python(+0x13f802) [0x55d7c319f802]
43  /opt/conda/envs/gdf/bin/python(_PyEval_EvalFrameDefault+0x696) [0x55d7c318f606]
44  /opt/conda/envs/gdf/bin/python(+0x12e184) [0x55d7c318e184]
45  /opt/conda/envs/gdf/bin/python(_PyFunction_Vectorcall+0xd9) [0x55d7c319f559]
46  /opt/conda/envs/gdf/bin/python(_PyEval_EvalFrameDefault+0x696) [0x55d7c318f606]
47  /opt/conda/envs/gdf/bin/python(+0x13f802) [0x55d7c319f802]
48  /opt/conda/envs/gdf/bin/python(_PyEval_EvalFrameDefault+0x3e2) [0x55d7c318f352]
49  /opt/conda/envs/gdf/bin/python(+0x12e184) [0x55d7c318e184]
50  /opt/conda/envs/gdf/bin/python(_PyFunction_Vectorcall+0xd9) [0x55d7c319f559]
51  /opt/conda/envs/gdf/bin/python(_PyEval_EvalFrameDefault+0x11f2) [0x55d7c3190162]
52  /opt/conda/envs/gdf/bin/python(+0x12e184) [0x55d7c318e184]
53  /opt/conda/envs/gdf/bin/python(_PyEval_EvalCodeWithName+0x48) [0x55d7c318de58]
54  /opt/conda/envs/gdf/bin/python(PyEval_EvalCodeEx+0x39) [0x55d7c318de09]
55  /opt/conda/envs/gdf/bin/python(PyEval_EvalCode+0x1b) [0x55d7c323b4ab]
56  /opt/conda/envs/gdf/bin/python(+0x20887a) [0x55d7c326887a]
57  /opt/conda/envs/gdf/bin/python(+0x204c03) [0x55d7c3264c03]
58  /opt/conda/envs/gdf/bin/python(PyRun_StringFlags+0x9a) [0x55d7c325ca1a]
59  /opt/conda/envs/gdf/bin/python(PyRun_SimpleStringFlags+0x3c) [0x55d7c325c90c]
60  /opt/conda/envs/gdf/bin/python(Py_RunMain+0x267) [0x55d7c325bb47]
61  /opt/conda/envs/gdf/bin/python(Py_BytesMain+0x37) [0x55d7c322f2e7]
=================================
[dgx13:90849:0:90849] Caught signal 11 (Segmentation fault: address not mapped to object at address 0x450)
==== backtrace (tid:  90849) ====
 0  /opt/conda/envs/gdf/lib/libucs.so.0(ucs_handle_error+0x2fd) [0x7f82209cbeed]
 1  /opt/conda/envs/gdf/lib/libucs.so.0(+0x2c0e4) [0x7f82209cc0e4]
 2  /opt/conda/envs/gdf/lib/libucs.so.0(+0x2c2aa) [0x7f82209cc2aa]
 3  /usr/lib/x86_64-linux-gnu/libpthread.so.0(+0x14420) [0x7f825d0bb420]
 4  /opt/conda/envs/gdf/lib/libucp.so.0(ucp_mem_type_unpack+0x17) [0x7f8220a4d7c7]
 5  /opt/conda/envs/gdf/lib/libucp.so.0(ucp_rndv_data_handler+0x65d) [0x7f8220a7627d]
 6  /opt/conda/envs/gdf/lib/libuct.so.0(+0x2096f) [0x7f822098496f]
 7  /opt/conda/envs/gdf/lib/libuct.so.0(+0x23b48) [0x7f8220987b48]
 8  /opt/conda/envs/gdf/lib/libucs.so.0(ucs_event_set_wait+0xb9) [0x7f82209d5639]
 9  /opt/conda/envs/gdf/lib/libuct.so.0(uct_tcp_iface_progress+0x7d) [0x7f8220986c5d]
10  /opt/conda/envs/gdf/lib/libucp.so.0(ucp_worker_progress+0x5a) [0x7f8220a4a6ca]
11  /opt/conda/envs/gdf/lib/python3.9/site-packages/ucp/_libs/ucx_api.cpython-39-x86_64-linux-gnu.so(+0x3203a) [0x7f8220b0903a]
12  /opt/conda/envs/gdf/bin/python(_PyEval_EvalFrameDefault+0x45a6) [0x561ffe5d6516]
13  /opt/conda/envs/gdf/bin/python(+0x12e184) [0x561ffe5d1184]
14  /opt/conda/envs/gdf/bin/python(_PyFunction_Vectorcall+0xd9) [0x561ffe5e2559]
15  /opt/conda/envs/gdf/bin/python(_PyEval_EvalFrameDefault+0x696) [0x561ffe5d2606]
16  /opt/conda/envs/gdf/bin/python(+0x13f802) [0x561ffe5e2802]
17  /opt/conda/envs/gdf/bin/python(+0x14cbb3) [0x561ffe5efbb3]
18  /opt/conda/envs/gdf/bin/python(+0x25842c) [0x561ffe6fb42c]
19  /opt/conda/envs/gdf/bin/python(+0xf266c) [0x561ffe59566c]
20  /opt/conda/envs/gdf/bin/python(+0x136833) [0x561ffe5d9833]
21  /opt/conda/envs/gdf/bin/python(_PyEval_EvalFrameDefault+0x58b4) [0x561ffe5d7824]
22  /opt/conda/envs/gdf/bin/python(+0x13f802) [0x561ffe5e2802]
23  /opt/conda/envs/gdf/bin/python(_PyEval_EvalFrameDefault+0x696) [0x561ffe5d2606]
24  /opt/conda/envs/gdf/bin/python(+0x13f802) [0x561ffe5e2802]
25  /opt/conda/envs/gdf/bin/python(_PyEval_EvalFrameDefault+0x696) [0x561ffe5d2606]
26  /opt/conda/envs/gdf/bin/python(+0x13f802) [0x561ffe5e2802]
27  /opt/conda/envs/gdf/bin/python(_PyEval_EvalFrameDefault+0x696) [0x561ffe5d2606]
28  /opt/conda/envs/gdf/bin/python(+0x13f802) [0x561ffe5e2802]
29  /opt/conda/envs/gdf/bin/python(_PyEval_EvalFrameDefault+0x696) [0x561ffe5d2606]
30  /opt/conda/envs/gdf/bin/python(+0x12e184) [0x561ffe5d1184]
31  /opt/conda/envs/gdf/bin/python(_PyFunction_Vectorcall+0xd9) [0x561ffe5e2559]
32  /opt/conda/envs/gdf/bin/python(_PyEval_EvalFrameDefault+0x11f2) [0x561ffe5d3162]
33  /opt/conda/envs/gdf/bin/python(+0x12e184) [0x561ffe5d1184]
34  /opt/conda/envs/gdf/bin/python(+0x14c9fb) [0x561ffe5ef9fb]
35  /opt/conda/envs/gdf/bin/python(PyObject_Call+0xbc) [0x561ffe5f017c]
36  /opt/conda/envs/gdf/bin/python(+0x2109ce) [0x561ffe6b39ce]
37  /opt/conda/envs/gdf/bin/python(_PyObject_MakeTpCall+0x2ec) [0x561ffe5da7ac]
38  /opt/conda/envs/gdf/bin/python(_PyEval_EvalFrameDefault+0x45a6) [0x561ffe5d6516]
39  /opt/conda/envs/gdf/bin/python(+0x13f802) [0x561ffe5e2802]
40  /opt/conda/envs/gdf/bin/python(+0x14cadc) [0x561ffe5efadc]
41  /opt/conda/envs/gdf/bin/python(_PyEval_EvalFrameDefault+0x45a6) [0x561ffe5d6516]
42  /opt/conda/envs/gdf/bin/python(+0x13f802) [0x561ffe5e2802]
43  /opt/conda/envs/gdf/bin/python(_PyEval_EvalFrameDefault+0x696) [0x561ffe5d2606]
44  /opt/conda/envs/gdf/bin/python(+0x12e184) [0x561ffe5d1184]
45  /opt/conda/envs/gdf/bin/python(_PyFunction_Vectorcall+0xd9) [0x561ffe5e2559]
46  /opt/conda/envs/gdf/bin/python(_PyEval_EvalFrameDefault+0x696) [0x561ffe5d2606]
47  /opt/conda/envs/gdf/bin/python(+0x13f802) [0x561ffe5e2802]
48  /opt/conda/envs/gdf/bin/python(_PyEval_EvalFrameDefault+0x3e2) [0x561ffe5d2352]
49  /opt/conda/envs/gdf/bin/python(+0x12e184) [0x561ffe5d1184]
50  /opt/conda/envs/gdf/bin/python(_PyFunction_Vectorcall+0xd9) [0x561ffe5e2559]
51  /opt/conda/envs/gdf/bin/python(_PyEval_EvalFrameDefault+0x11f2) [0x561ffe5d3162]
52  /opt/conda/envs/gdf/bin/python(+0x12e184) [0x561ffe5d1184]
53  /opt/conda/envs/gdf/bin/python(_PyEval_EvalCodeWithName+0x48) [0x561ffe5d0e58]
54  /opt/conda/envs/gdf/bin/python(PyEval_EvalCodeEx+0x39) [0x561ffe5d0e09]
55  /opt/conda/envs/gdf/bin/python(PyEval_EvalCode+0x1b) [0x561ffe67e4ab]
56  /opt/conda/envs/gdf/bin/python(+0x20887a) [0x561ffe6ab87a]
57  /opt/conda/envs/gdf/bin/python(+0x204c03) [0x561ffe6a7c03]
58  /opt/conda/envs/gdf/bin/python(PyRun_StringFlags+0x9a) [0x561ffe69fa1a]
59  /opt/conda/envs/gdf/bin/python(PyRun_SimpleStringFlags+0x3c) [0x561ffe69f90c]
60  /opt/conda/envs/gdf/bin/python(Py_RunMain+0x267) [0x561ffe69eb47]
61  /opt/conda/envs/gdf/bin/python(Py_BytesMain+0x37) [0x561ffe6722e7]
=================================
[dgx13:90846:0:90846] Caught signal 11 (Segmentation fault: address not mapped to object at address 0x450)
==== backtrace (tid:  90846) ====
 0  /opt/conda/envs/gdf/lib/libucs.so.0(ucs_handle_error+0x2fd) [0x7ffa71a88eed]
 1  /opt/conda/envs/gdf/lib/libucs.so.0(+0x2c0e4) [0x7ffa71a890e4]
 2  /opt/conda/envs/gdf/lib/libucs.so.0(+0x2c2aa) [0x7ffa71a892aa]
 3  /usr/lib/x86_64-linux-gnu/libpthread.so.0(+0x14420) [0x7ffab4196420]
 4  /opt/conda/envs/gdf/lib/libucp.so.0(ucp_mem_type_unpack+0x17) [0x7ffa71b0a7c7]
 5  /opt/conda/envs/gdf/lib/libucp.so.0(ucp_rndv_data_handler+0x65d) [0x7ffa71b3327d]
 6  /opt/conda/envs/gdf/lib/libuct.so.0(+0x2096f) [0x7ffa71a4196f]
 7  /opt/conda/envs/gdf/lib/libuct.so.0(+0x23b48) [0x7ffa71a44b48]
 8  /opt/conda/envs/gdf/lib/libucs.so.0(ucs_event_set_wait+0xb9) [0x7ffa71a92639]
 9  /opt/conda/envs/gdf/lib/libuct.so.0(uct_tcp_iface_progress+0x7d) [0x7ffa71a43c5d]
10  /opt/conda/envs/gdf/lib/libucp.so.0(ucp_worker_progress+0x5a) [0x7ffa71b076ca]
11  /opt/conda/envs/gdf/lib/python3.9/site-packages/ucp/_libs/ucx_api.cpython-39-x86_64-linux-gnu.so(+0x3203a) [0x7ffa71bc603a]
12  /opt/conda/envs/gdf/bin/python(_PyEval_EvalFrameDefault+0x45a6) [0x55681b73a516]
13  /opt/conda/envs/gdf/bin/python(+0x12e184) [0x55681b735184]
14  /opt/conda/envs/gdf/bin/python(_PyFunction_Vectorcall+0xd9) [0x55681b746559]
15  /opt/conda/envs/gdf/bin/python(_PyEval_EvalFrameDefault+0x696) [0x55681b736606]
16  /opt/conda/envs/gdf/bin/python(+0x13f802) [0x55681b746802]
17  /opt/conda/envs/gdf/bin/python(+0x14cbb3) [0x55681b753bb3]
18  /opt/conda/envs/gdf/bin/python(+0x25842c) [0x55681b85f42c]
19  /opt/conda/envs/gdf/bin/python(+0xf266c) [0x55681b6f966c]
20  /opt/conda/envs/gdf/bin/python(+0x136833) [0x55681b73d833]
21  /opt/conda/envs/gdf/bin/python(_PyEval_EvalFrameDefault+0x58b4) [0x55681b73b824]
22  /opt/conda/envs/gdf/bin/python(+0x13f802) [0x55681b746802]
23  /opt/conda/envs/gdf/bin/python(_PyEval_EvalFrameDefault+0x696) [0x55681b736606]
24  /opt/conda/envs/gdf/bin/python(+0x13f802) [0x55681b746802]
25  /opt/conda/envs/gdf/bin/python(_PyEval_EvalFrameDefault+0x696) [0x55681b736606]
26  /opt/conda/envs/gdf/bin/python(+0x13f802) [0x55681b746802]
27  /opt/conda/envs/gdf/bin/python(_PyEval_EvalFrameDefault+0x696) [0x55681b736606]
28  /opt/conda/envs/gdf/bin/python(+0x13f802) [0x55681b746802]
29  /opt/conda/envs/gdf/bin/python(_PyEval_EvalFrameDefault+0x696) [0x55681b736606]
30  /opt/conda/envs/gdf/bin/python(+0x12e184) [0x55681b735184]
31  /opt/conda/envs/gdf/bin/python(_PyFunction_Vectorcall+0xd9) [0x55681b746559]
32  /opt/conda/envs/gdf/bin/python(_PyEval_EvalFrameDefault+0x11f2) [0x55681b737162]
33  /opt/conda/envs/gdf/bin/python(+0x12e184) [0x55681b735184]
34  /opt/conda/envs/gdf/bin/python(+0x14c9fb) [0x55681b7539fb]
35  /opt/conda/envs/gdf/bin/python(PyObject_Call+0xbc) [0x55681b75417c]
36  /opt/conda/envs/gdf/bin/python(+0x2109ce) [0x55681b8179ce]
37  /opt/conda/envs/gdf/bin/python(_PyObject_MakeTpCall+0x2ec) [0x55681b73e7ac]
38  /opt/conda/envs/gdf/bin/python(_PyEval_EvalFrameDefault+0x45a6) [0x55681b73a516]
39  /opt/conda/envs/gdf/bin/python(+0x13f802) [0x55681b746802]
40  /opt/conda/envs/gdf/bin/python(+0x14cadc) [0x55681b753adc]
41  /opt/conda/envs/gdf/bin/python(_PyEval_EvalFrameDefault+0x45a6) [0x55681b73a516]
42  /opt/conda/envs/gdf/bin/python(+0x13f802) [0x55681b746802]
43  /opt/conda/envs/gdf/bin/python(_PyEval_EvalFrameDefault+0x696) [0x55681b736606]
44  /opt/conda/envs/gdf/bin/python(+0x12e184) [0x55681b735184]
45  /opt/conda/envs/gdf/bin/python(_PyFunction_Vectorcall+0xd9) [0x55681b746559]
46  /opt/conda/envs/gdf/bin/python(_PyEval_EvalFrameDefault+0x696) [0x55681b736606]
47  /opt/conda/envs/gdf/bin/python(+0x13f802) [0x55681b746802]
48  /opt/conda/envs/gdf/bin/python(_PyEval_EvalFrameDefault+0x3e2) [0x55681b736352]
49  /opt/conda/envs/gdf/bin/python(+0x12e184) [0x55681b735184]
50  /opt/conda/envs/gdf/bin/python(_PyFunction_Vectorcall+0xd9) [0x55681b746559]
51  /opt/conda/envs/gdf/bin/python(_PyEval_EvalFrameDefault+0x11f2) [0x55681b737162]
52  /opt/conda/envs/gdf/bin/python(+0x12e184) [0x55681b735184]
53  /opt/conda/envs/gdf/bin/python(_PyEval_EvalCodeWithName+0x48) [0x55681b734e58]
54  /opt/conda/envs/gdf/bin/python(PyEval_EvalCodeEx+0x39) [0x55681b734e09]
55  /opt/conda/envs/gdf/bin/python(PyEval_EvalCode+0x1b) [0x55681b7e24ab]
56  /opt/conda/envs/gdf/bin/python(+0x20887a) [0x55681b80f87a]
57  /opt/conda/envs/gdf/bin/python(+0x204c03) [0x55681b80bc03]
58  /opt/conda/envs/gdf/bin/python(PyRun_StringFlags+0x9a) [0x55681b803a1a]
59  /opt/conda/envs/gdf/bin/python(PyRun_SimpleStringFlags+0x3c) [0x55681b80390c]
60  /opt/conda/envs/gdf/bin/python(Py_RunMain+0x267) [0x55681b802b47]
61  /opt/conda/envs/gdf/bin/python(Py_BytesMain+0x37) [0x55681b7d62e7]
=================================
[dgx13:90832:0:90832] Caught signal 11 (Segmentation fault: address not mapped to object at address 0x450)
==== backtrace (tid:  90832) ====
 0  /opt/conda/envs/gdf/lib/libucs.so.0(ucs_handle_error+0x2fd) [0x7fe529e49eed]
 1  /opt/conda/envs/gdf/lib/libucs.so.0(+0x2c0e4) [0x7fe529e4a0e4]
 2  /opt/conda/envs/gdf/lib/libucs.so.0(+0x2c2aa) [0x7fe529e4a2aa]
 3  /usr/lib/x86_64-linux-gnu/libpthread.so.0(+0x14420) [0x7fe56a3dd420]
 4  /opt/conda/envs/gdf/lib/libucp.so.0(ucp_mem_type_unpack+0x17) [0x7fe529ecb7c7]
 5  /opt/conda/envs/gdf/lib/libucp.so.0(ucp_rndv_data_handler+0x65d) [0x7fe529ef427d]
 6  /opt/conda/envs/gdf/lib/libuct.so.0(+0x2096f) [0x7fe529e0296f]
 7  /opt/conda/envs/gdf/lib/libuct.so.0(+0x23b48) [0x7fe529e05b48]
 8  /opt/conda/envs/gdf/lib/libucs.so.0(ucs_event_set_wait+0xb9) [0x7fe529e53639]
 9  /opt/conda/envs/gdf/lib/libuct.so.0(uct_tcp_iface_progress+0x7d) [0x7fe529e04c5d]
10  /opt/conda/envs/gdf/lib/libucp.so.0(ucp_worker_progress+0x5a) [0x7fe529ec86ca]
11  /opt/conda/envs/gdf/lib/python3.9/site-packages/ucp/_libs/ucx_api.cpython-39-x86_64-linux-gnu.so(+0x3203a) [0x7fe529f8703a]
12  /opt/conda/envs/gdf/bin/python(_PyEval_EvalFrameDefault+0x45a6) [0x55ac018f0516]
13  /opt/conda/envs/gdf/bin/python(+0x12e184) [0x55ac018eb184]
14  /opt/conda/envs/gdf/bin/python(_PyFunction_Vectorcall+0xd9) [0x55ac018fc559]
15  /opt/conda/envs/gdf/bin/python(_PyEval_EvalFrameDefault+0x696) [0x55ac018ec606]
16  /opt/conda/envs/gdf/bin/python(+0x13f802) [0x55ac018fc802]
17  /opt/conda/envs/gdf/bin/python(+0x14cbb3) [0x55ac01909bb3]
18  /opt/conda/envs/gdf/bin/python(+0x25842c) [0x55ac01a1542c]
19  /opt/conda/envs/gdf/bin/python(+0xf266c) [0x55ac018af66c]
20  /opt/conda/envs/gdf/bin/python(+0x136833) [0x55ac018f3833]
21  /opt/conda/envs/gdf/bin/python(_PyEval_EvalFrameDefault+0x58b4) [0x55ac018f1824]
22  /opt/conda/envs/gdf/bin/python(+0x13f802) [0x55ac018fc802]
23  /opt/conda/envs/gdf/bin/python(_PyEval_EvalFrameDefault+0x696) [0x55ac018ec606]
24  /opt/conda/envs/gdf/bin/python(+0x13f802) [0x55ac018fc802]
25  /opt/conda/envs/gdf/bin/python(_PyEval_EvalFrameDefault+0x696) [0x55ac018ec606]
26  /opt/conda/envs/gdf/bin/python(+0x13f802) [0x55ac018fc802]
27  /opt/conda/envs/gdf/bin/python(_PyEval_EvalFrameDefault+0x696) [0x55ac018ec606]
28  /opt/conda/envs/gdf/bin/python(+0x13f802) [0x55ac018fc802]
29  /opt/conda/envs/gdf/bin/python(_PyEval_EvalFrameDefault+0x696) [0x55ac018ec606]
30  /opt/conda/envs/gdf/bin/python(+0x12e184) [0x55ac018eb184]
31  /opt/conda/envs/gdf/bin/python(_PyFunction_Vectorcall+0xd9) [0x55ac018fc559]
32  /opt/conda/envs/gdf/bin/python(_PyEval_EvalFrameDefault+0x11f2) [0x55ac018ed162]
33  /opt/conda/envs/gdf/bin/python(+0x12e184) [0x55ac018eb184]
34  /opt/conda/envs/gdf/bin/python(+0x14c9fb) [0x55ac019099fb]
35  /opt/conda/envs/gdf/bin/python(PyObject_Call+0xbc) [0x55ac0190a17c]
36  /opt/conda/envs/gdf/bin/python(+0x2109ce) [0x55ac019cd9ce]
37  /opt/conda/envs/gdf/bin/python(_PyObject_MakeTpCall+0x2ec) [0x55ac018f47ac]
38  /opt/conda/envs/gdf/bin/python(_PyEval_EvalFrameDefault+0x45a6) [0x55ac018f0516]
39  /opt/conda/envs/gdf/bin/python(+0x13f802) [0x55ac018fc802]
40  /opt/conda/envs/gdf/bin/python(+0x14cadc) [0x55ac01909adc]
41  /opt/conda/envs/gdf/bin/python(_PyEval_EvalFrameDefault+0x45a6) [0x55ac018f0516]
42  /opt/conda/envs/gdf/bin/python(+0x13f802) [0x55ac018fc802]
43  /opt/conda/envs/gdf/bin/python(_PyEval_EvalFrameDefault+0x696) [0x55ac018ec606]
44  /opt/conda/envs/gdf/bin/python(+0x12e184) [0x55ac018eb184]
45  /opt/conda/envs/gdf/bin/python(_PyFunction_Vectorcall+0xd9) [0x55ac018fc559]
46  /opt/conda/envs/gdf/bin/python(_PyEval_EvalFrameDefault+0x696) [0x55ac018ec606]
47  /opt/conda/envs/gdf/bin/python(+0x13f802) [0x55ac018fc802]
48  /opt/conda/envs/gdf/bin/python(_PyEval_EvalFrameDefault+0x3e2) [0x55ac018ec352]
49  /opt/conda/envs/gdf/bin/python(+0x12e184) [0x55ac018eb184]
50  /opt/conda/envs/gdf/bin/python(_PyFunction_Vectorcall+0xd9) [0x55ac018fc559]
51  /opt/conda/envs/gdf/bin/python(_PyEval_EvalFrameDefault+0x11f2) [0x55ac018ed162]
52  /opt/conda/envs/gdf/bin/python(+0x12e184) [0x55ac018eb184]
53  /opt/conda/envs/gdf/bin/python(_PyEval_EvalCodeWithName+0x48) [0x55ac018eae58]
54  /opt/conda/envs/gdf/bin/python(PyEval_EvalCodeEx+0x39) [0x55ac018eae09]
55  /opt/conda/envs/gdf/bin/python(PyEval_EvalCode+0x1b) [0x55ac019984ab]
56  /opt/conda/envs/gdf/bin/python(+0x20887a) [0x55ac019c587a]
57  /opt/conda/envs/gdf/bin/python(+0x204c03) [0x55ac019c1c03]
58  /opt/conda/envs/gdf/bin/python(PyRun_StringFlags+0x9a) [0x55ac019b9a1a]
59  /opt/conda/envs/gdf/bin/python(PyRun_SimpleStringFlags+0x3c) [0x55ac019b990c]
60  /opt/conda/envs/gdf/bin/python(Py_RunMain+0x267) [0x55ac019b8b47]
61  /opt/conda/envs/gdf/bin/python(Py_BytesMain+0x37) [0x55ac0198c2e7]
=================================
[dgx13:90836:0:90836] Caught signal 11 (Segmentation fault: address not mapped to object at address 0x450)
==== backtrace (tid:  90836) ====
 0  /opt/conda/envs/gdf/lib/libucs.so.0(ucs_handle_error+0x2fd) [0x7fc7f0e6beed]
 1  /opt/conda/envs/gdf/lib/libucs.so.0(+0x2c0e4) [0x7fc7f0e6c0e4]
 2  /opt/conda/envs/gdf/lib/libucs.so.0(+0x2c2aa) [0x7fc7f0e6c2aa]
 3  /usr/lib/x86_64-linux-gnu/libpthread.so.0(+0x14420) [0x7fc831568420]
 4  /opt/conda/envs/gdf/lib/libucp.so.0(ucp_mem_type_unpack+0x17) [0x7fc7f0eed7c7]
 5  /opt/conda/envs/gdf/lib/libucp.so.0(ucp_rndv_data_handler+0x65d) [0x7fc7f0f1627d]
 6  /opt/conda/envs/gdf/lib/libuct.so.0(+0x2096f) [0x7fc7f0e2496f]
 7  /opt/conda/envs/gdf/lib/libuct.so.0(+0x23b48) [0x7fc7f0e27b48]
 8  /opt/conda/envs/gdf/lib/libucs.so.0(ucs_event_set_wait+0xb9) [0x7fc7f0e75639]
 9  /opt/conda/envs/gdf/lib/libuct.so.0(uct_tcp_iface_progress+0x7d) [0x7fc7f0e26c5d]
10  /opt/conda/envs/gdf/lib/libucp.so.0(ucp_worker_progress+0x5a) [0x7fc7f0eea6ca]
11  /opt/conda/envs/gdf/lib/python3.9/site-packages/ucp/_libs/ucx_api.cpython-39-x86_64-linux-gnu.so(+0x3203a) [0x7fc7f0fa903a]
12  /opt/conda/envs/gdf/bin/python(_PyEval_EvalFrameDefault+0x45a6) [0x556fe1b9a516]
13  /opt/conda/envs/gdf/bin/python(+0x12e184) [0x556fe1b95184]
14  /opt/conda/envs/gdf/bin/python(_PyFunction_Vectorcall+0xd9) [0x556fe1ba6559]
15  /opt/conda/envs/gdf/bin/python(_PyEval_EvalFrameDefault+0x696) [0x556fe1b96606]
16  /opt/conda/envs/gdf/bin/python(+0x1e28a2) [0x556fe1c498a2]
17  /opt/conda/envs/gdf/lib/python3.9/lib-dynload/_asyncio.cpython-39-x86_64-linux-gnu.so(+0x81e9) [0x7fc818fed1e9]
18  /opt/conda/envs/gdf/bin/python(_PyObject_MakeTpCall+0x2ec) [0x556fe1b9e7ac]
19  /opt/conda/envs/gdf/bin/python(+0xf266c) [0x556fe1b5966c]
20  /opt/conda/envs/gdf/bin/python(+0x136833) [0x556fe1b9d833]
21  /opt/conda/envs/gdf/bin/python(_PyEval_EvalFrameDefault+0x58b4) [0x556fe1b9b824]
22  /opt/conda/envs/gdf/bin/python(+0x13f802) [0x556fe1ba6802]
23  /opt/conda/envs/gdf/bin/python(_PyEval_EvalFrameDefault+0x696) [0x556fe1b96606]
24  /opt/conda/envs/gdf/bin/python(+0x13f802) [0x556fe1ba6802]
25  /opt/conda/envs/gdf/bin/python(_PyEval_EvalFrameDefault+0x696) [0x556fe1b96606]
26  /opt/conda/envs/gdf/bin/python(+0x13f802) [0x556fe1ba6802]
27  /opt/conda/envs/gdf/bin/python(_PyEval_EvalFrameDefault+0x696) [0x556fe1b96606]
28  /opt/conda/envs/gdf/bin/python(+0x13f802) [0x556fe1ba6802]
29  /opt/conda/envs/gdf/bin/python(_PyEval_EvalFrameDefault+0x696) [0x556fe1b96606]
30  /opt/conda/envs/gdf/bin/python(+0x12e184) [0x556fe1b95184]
31  /opt/conda/envs/gdf/bin/python(_PyFunction_Vectorcall+0xd9) [0x556fe1ba6559]
32  /opt/conda/envs/gdf/bin/python(_PyEval_EvalFrameDefault+0x11f2) [0x556fe1b97162]
33  /opt/conda/envs/gdf/bin/python(+0x12e184) [0x556fe1b95184]
34  /opt/conda/envs/gdf/bin/python(+0x14c9fb) [0x556fe1bb39fb]
35  /opt/conda/envs/gdf/bin/python(PyObject_Call+0xbc) [0x556fe1bb417c]
36  /opt/conda/envs/gdf/bin/python(+0x2109ce) [0x556fe1c779ce]
37  /opt/conda/envs/gdf/bin/python(_PyObject_MakeTpCall+0x2ec) [0x556fe1b9e7ac]
38  /opt/conda/envs/gdf/bin/python(_PyEval_EvalFrameDefault+0x45a6) [0x556fe1b9a516]
39  /opt/conda/envs/gdf/bin/python(+0x13f802) [0x556fe1ba6802]
40  /opt/conda/envs/gdf/bin/python(+0x14cadc) [0x556fe1bb3adc]
41  /opt/conda/envs/gdf/bin/python(_PyEval_EvalFrameDefault+0x45a6) [0x556fe1b9a516]
42  /opt/conda/envs/gdf/bin/python(+0x13f802) [0x556fe1ba6802]
43  /opt/conda/envs/gdf/bin/python(_PyEval_EvalFrameDefault+0x696) [0x556fe1b96606]
44  /opt/conda/envs/gdf/bin/python(+0x12e184) [0x556fe1b95184]
45  /opt/conda/envs/gdf/bin/python(_PyFunction_Vectorcall+0xd9) [0x556fe1ba6559]
46  /opt/conda/envs/gdf/bin/python(_PyEval_EvalFrameDefault+0x696) [0x556fe1b96606]
47  /opt/conda/envs/gdf/bin/python(+0x13f802) [0x556fe1ba6802]
48  /opt/conda/envs/gdf/bin/python(_PyEval_EvalFrameDefault+0x3e2) [0x556fe1b96352]
49  /opt/conda/envs/gdf/bin/python(+0x12e184) [0x556fe1b95184]
50  /opt/conda/envs/gdf/bin/python(_PyFunction_Vectorcall+0xd9) [0x556fe1ba6559]
51  /opt/conda/envs/gdf/bin/python(_PyEval_EvalFrameDefault+0x11f2) [0x556fe1b97162]
52  /opt/conda/envs/gdf/bin/python(+0x12e184) [0x556fe1b95184]
53  /opt/conda/envs/gdf/bin/python(_PyEval_EvalCodeWithName+0x48) [0x556fe1b94e58]
54  /opt/conda/envs/gdf/bin/python(PyEval_EvalCodeEx+0x39) [0x556fe1b94e09]
55  /opt/conda/envs/gdf/bin/python(PyEval_EvalCode+0x1b) [0x556fe1c424ab]
56  /opt/conda/envs/gdf/bin/python(+0x20887a) [0x556fe1c6f87a]
57  /opt/conda/envs/gdf/bin/python(+0x204c03) [0x556fe1c6bc03]
58  /opt/conda/envs/gdf/bin/python(PyRun_StringFlags+0x9a) [0x556fe1c63a1a]
59  /opt/conda/envs/gdf/bin/python(PyRun_SimpleStringFlags+0x3c) [0x556fe1c6390c]
60  /opt/conda/envs/gdf/bin/python(Py_RunMain+0x267) [0x556fe1c62b47]
61  /opt/conda/envs/gdf/bin/python(Py_BytesMain+0x37) [0x556fe1c362e7]
=================================
2024-08-06 06:19:22,140 - distributed.worker - ERROR - Worker stream died during communication: ucx://127.0.0.1:37437
Traceback (most recent call last):
  File "/opt/conda/envs/gdf/lib/python3.9/site-packages/distributed/comm/ucx.py", line 350, in read
    await self.ep.recv(msg)
  File "/opt/conda/envs/gdf/lib/python3.9/site-packages/ucp/core.py", line 737, in recv
    ret = await comm.tag_recv(self._ep, buffer, nbytes, tag, name=log)
ucp._libs.exceptions.UCXCanceled: <[Recv #003] ep: 0x7f0e1c888240, tag: 0xb62a2695eb43644e, nbytes: 16, type: <class 'numpy.ndarray'>>: 

During handling of the above exception, another exception occurred:

Traceback (most recent call last):
  File "/opt/conda/envs/gdf/lib/python3.9/site-packages/distributed/worker.py", line 2059, in gather_dep
    response = await get_data_from_worker(
  File "/opt/conda/envs/gdf/lib/python3.9/site-packages/distributed/worker.py", line 2869, in get_data_from_worker
    response = await send_recv(
  File "/opt/conda/envs/gdf/lib/python3.9/site-packages/distributed/core.py", line 1013, in send_recv
    response = await comm.read(deserializers=deserializers)
  File "/opt/conda/envs/gdf/lib/python3.9/site-packages/distributed/utils.py", line 837, in wrapper
    return await func(*args, **kwargs)
  File "/opt/conda/envs/gdf/lib/python3.9/site-packages/distributed/comm/ucx.py", line 368, in read
    raise CommClosedError(
distributed.comm.core.CommClosedError: Connection closed by writer.
Inner exception: UCXCanceled("<[Recv #003] ep: 0x7f0e1c888240, tag: 0xb62a2695eb43644e, nbytes: 16, type: <class 'numpy.ndarray'>>: ")
2024-08-06 06:19:22,141 - distributed.scheduler - WARNING - Removing worker 'ucx://127.0.0.1:37437' caused the cluster to lose already computed task(s), which will be recomputed elsewhere: {('split-taskshuffle-6069670213e233d5016755b29b3e54d4', 5, 0), ('split-taskshuffle-6069670213e233d5016755b29b3e54d4', 0, 0), ('split-taskshuffle-6069670213e233d5016755b29b3e54d4', 6, 0), ('generate_chunk-_to_string_dtype-26fc8ffd6cffe3bf06a052b526402c5c', 3), ('split-taskshuffle-6069670213e233d5016755b29b3e54d4', 1, 0), ('split-taskshuffle-6069670213e233d5016755b29b3e54d4', 2, 0), ('split-taskshuffle-6069670213e233d5016755b29b3e54d4', 4, 0), ('split-taskshuffle-6069670213e233d5016755b29b3e54d4', 7, 0), ('split-taskshuffle-6069670213e233d5016755b29b3e54d4', 3, 0)} (stimulus_id='handle-worker-cleanup-1722925162.1412494')
2024-08-06 06:19:22,156 - distributed.worker - ERROR - Worker stream died during communication: ucx://127.0.0.1:35969
Traceback (most recent call last):
  File "/opt/conda/envs/gdf/lib/python3.9/site-packages/distributed/comm/ucx.py", line 392, in read
    await self.ep.recv(each_frame)
  File "/opt/conda/envs/gdf/lib/python3.9/site-packages/ucp/core.py", line 737, in recv
    ret = await comm.tag_recv(self._ep, buffer, nbytes, tag, name=log)
ucp._libs.exceptions.UCXError: <[Recv #007] ep: 0x7f0e1c8881c0, tag: 0xbdfccb6a723d6068, nbytes: 100000000, type: <class 'rmm._lib.device_buffer.DeviceBuffer'>>: Connection reset by remote peer

During handling of the above exception, another exception occurred:

Traceback (most recent call last):
  File "/opt/conda/envs/gdf/lib/python3.9/site-packages/distributed/worker.py", line 2059, in gather_dep
    response = await get_data_from_worker(
  File "/opt/conda/envs/gdf/lib/python3.9/site-packages/distributed/worker.py", line 2869, in get_data_from_worker
    response = await send_recv(
  File "/opt/conda/envs/gdf/lib/python3.9/site-packages/distributed/core.py", line 1013, in send_recv
    response = await comm.read(deserializers=deserializers)
  File "/opt/conda/envs/gdf/lib/python3.9/site-packages/distributed/utils.py", line 837, in wrapper
    return await func(*args, **kwargs)
  File "/opt/conda/envs/gdf/lib/python3.9/site-packages/distributed/comm/ucx.py", line 398, in read
    raise CommClosedError(
distributed.comm.core.CommClosedError: Connection closed by writer.
Inner exception: UCXError("<[Recv #007] ep: 0x7f0e1c8881c0, tag: 0xbdfccb6a723d6068, nbytes: 100000000, type: <class 'rmm._lib.device_buffer.DeviceBuffer'>>: Connection reset by remote peer")
2024-08-06 06:19:22,156 - distributed.scheduler - WARNING - Removing worker 'ucx://127.0.0.1:35969' caused the cluster to lose already computed task(s), which will be recomputed elsewhere: {('split-taskshuffle-6069670213e233d5016755b29b3e54d4', 3, 3), ('split-taskshuffle-6069670213e233d5016755b29b3e54d4', 5, 3), ('split-taskshuffle-6069670213e233d5016755b29b3e54d4', 0, 3), ('split-taskshuffle-6069670213e233d5016755b29b3e54d4', 6, 3), ('split-taskshuffle-6069670213e233d5016755b29b3e54d4', 1, 3), ('split-taskshuffle-6069670213e233d5016755b29b3e54d4', 4, 3), ('split-taskshuffle-6069670213e233d5016755b29b3e54d4', 2, 3), ('generate_chunk-_to_string_dtype-26fc8ffd6cffe3bf06a052b526402c5c', 5), ('split-taskshuffle-6069670213e233d5016755b29b3e54d4', 7, 3)} (stimulus_id='handle-worker-cleanup-1722925162.15677')
2024-08-06 06:19:22,215 - distributed.nanny - WARNING - Restarting worker
2024-08-06 06:19:22,251 - distributed.nanny - WARNING - Restarting worker
2024-08-06 06:19:22,256 - distributed.worker - ERROR - Worker stream died during communication: ucx://127.0.0.1:33603
Traceback (most recent call last):
  File "/opt/conda/envs/gdf/lib/python3.9/site-packages/distributed/comm/ucx.py", line 350, in read
    await self.ep.recv(msg)
  File "/opt/conda/envs/gdf/lib/python3.9/site-packages/ucp/core.py", line 737, in recv
    ret = await comm.tag_recv(self._ep, buffer, nbytes, tag, name=log)
ucp._libs.exceptions.UCXCanceled: <[Recv #003] ep: 0x7f0e1c888200, tag: 0x60eed7d9bf70ba02, nbytes: 16, type: <class 'numpy.ndarray'>>: 

During handling of the above exception, another exception occurred:

Traceback (most recent call last):
  File "/opt/conda/envs/gdf/lib/python3.9/site-packages/distributed/worker.py", line 2059, in gather_dep
    response = await get_data_from_worker(
  File "/opt/conda/envs/gdf/lib/python3.9/site-packages/distributed/worker.py", line 2869, in get_data_from_worker
    response = await send_recv(
  File "/opt/conda/envs/gdf/lib/python3.9/site-packages/distributed/core.py", line 1013, in send_recv
    response = await comm.read(deserializers=deserializers)
  File "/opt/conda/envs/gdf/lib/python3.9/site-packages/distributed/utils.py", line 837, in wrapper
    return await func(*args, **kwargs)
  File "/opt/conda/envs/gdf/lib/python3.9/site-packages/distributed/comm/ucx.py", line 368, in read
    raise CommClosedError(
distributed.comm.core.CommClosedError: Connection closed by writer.
Inner exception: UCXCanceled("<[Recv #003] ep: 0x7f0e1c888200, tag: 0x60eed7d9bf70ba02, nbytes: 16, type: <class 'numpy.ndarray'>>: ")
2024-08-06 06:19:22,264 - distributed.worker - ERROR - Worker stream died during communication: ucx://127.0.0.1:39769
Traceback (most recent call last):
  File "/opt/conda/envs/gdf/lib/python3.9/site-packages/distributed/comm/ucx.py", line 350, in read
    await self.ep.recv(msg)
  File "/opt/conda/envs/gdf/lib/python3.9/site-packages/ucp/core.py", line 737, in recv
    ret = await comm.tag_recv(self._ep, buffer, nbytes, tag, name=log)
ucp._libs.exceptions.UCXCanceled: <[Recv #000] ep: 0x7f0e1c888280, tag: 0x944427c75a166896, nbytes: 16, type: <class 'numpy.ndarray'>>: 

During handling of the above exception, another exception occurred:

Traceback (most recent call last):
  File "/opt/conda/envs/gdf/lib/python3.9/site-packages/distributed/worker.py", line 2059, in gather_dep
    response = await get_data_from_worker(
  File "/opt/conda/envs/gdf/lib/python3.9/site-packages/distributed/worker.py", line 2866, in get_data_from_worker
    comm = await rpc.connect(worker)
  File "/opt/conda/envs/gdf/lib/python3.9/site-packages/distributed/core.py", line 1533, in connect
    return connect_attempt.result()
  File "/opt/conda/envs/gdf/lib/python3.9/site-packages/distributed/core.py", line 1423, in _connect
    comm = await connect(
  File "/opt/conda/envs/gdf/lib/python3.9/site-packages/distributed/comm/core.py", line 377, in connect
    handshake = await comm.read()
  File "/opt/conda/envs/gdf/lib/python3.9/site-packages/distributed/utils.py", line 837, in wrapper
    return await func(*args, **kwargs)
  File "/opt/conda/envs/gdf/lib/python3.9/site-packages/distributed/comm/ucx.py", line 368, in read
    raise CommClosedError(
distributed.comm.core.CommClosedError: Connection closed by writer.
Inner exception: UCXCanceled("<[Recv #000] ep: 0x7f0e1c888280, tag: 0x944427c75a166896, nbytes: 16, type: <class 'numpy.ndarray'>>: ")
2024-08-06 06:19:22,268 - distributed.scheduler - WARNING - Removing worker 'ucx://127.0.0.1:39769' caused the cluster to lose already computed task(s), which will be recomputed elsewhere: {('split-taskshuffle-6069670213e233d5016755b29b3e54d4', 3, 6), ('split-taskshuffle-6069670213e233d5016755b29b3e54d4', 7, 6), ('split-taskshuffle-6069670213e233d5016755b29b3e54d4', 5, 6), ('split-taskshuffle-6069670213e233d5016755b29b3e54d4', 0, 6), ('split-taskshuffle-6069670213e233d5016755b29b3e54d4', 6, 6), ('split-taskshuffle-6069670213e233d5016755b29b3e54d4', 1, 6), ('split-taskshuffle-6069670213e233d5016755b29b3e54d4', 2, 6), ('generate_chunk-_to_string_dtype-26fc8ffd6cffe3bf06a052b526402c5c', 2), ('split-taskshuffle-6069670213e233d5016755b29b3e54d4', 4, 6)} (stimulus_id='handle-worker-cleanup-1722925162.2683058')
2024-08-06 06:19:22,270 - distributed.scheduler - WARNING - Removing worker 'ucx://127.0.0.1:33603' caused the cluster to lose already computed task(s), which will be recomputed elsewhere: {('split-taskshuffle-6069670213e233d5016755b29b3e54d4', 6, 7), ('split-taskshuffle-6069670213e233d5016755b29b3e54d4', 1, 7), ('split-taskshuffle-6069670213e233d5016755b29b3e54d4', 2, 7), ('split-taskshuffle-6069670213e233d5016755b29b3e54d4', 4, 7), ('split-taskshuffle-6069670213e233d5016755b29b3e54d4', 7, 7), ('split-taskshuffle-6069670213e233d5016755b29b3e54d4', 3, 7), ('generate_chunk-_to_string_dtype-26fc8ffd6cffe3bf06a052b526402c5c', 7), ('split-taskshuffle-6069670213e233d5016755b29b3e54d4', 5, 7), ('split-taskshuffle-6069670213e233d5016755b29b3e54d4', 0, 7)} (stimulus_id='handle-worker-cleanup-1722925162.2703598')
2024-08-06 06:19:22,312 - distributed.worker - ERROR - Worker stream died during communication: ucx://127.0.0.1:33603
Traceback (most recent call last):
  File "/opt/conda/envs/gdf/lib/python3.9/site-packages/distributed/worker.py", line 2059, in gather_dep
    response = await get_data_from_worker(
  File "/opt/conda/envs/gdf/lib/python3.9/site-packages/distributed/worker.py", line 2869, in get_data_from_worker
    response = await send_recv(
  File "/opt/conda/envs/gdf/lib/python3.9/site-packages/distributed/core.py", line 1011, in send_recv
    await comm.write(msg, serializers=serializers, on_error="raise")
  File "/opt/conda/envs/gdf/lib/python3.9/site-packages/distributed/utils.py", line 837, in wrapper
    return await func(*args, **kwargs)
  File "/opt/conda/envs/gdf/lib/python3.9/site-packages/distributed/comm/ucx.py", line 290, in write
    raise CommClosedError("Endpoint is closed -- unable to send message")
distributed.comm.core.CommClosedError: Endpoint is closed -- unable to send message
2024-08-06 06:19:22,313 - distributed.worker - ERROR - failed during get data with ucx://127.0.0.1:37097 -> ucx://127.0.0.1:35969
Traceback (most recent call last):
  File "/opt/conda/envs/gdf/lib/python3.9/site-packages/distributed/comm/ucx.py", line 334, in write
    await self.ep.send(each_frame)
  File "/opt/conda/envs/gdf/lib/python3.9/site-packages/ucp/core.py", line 662, in send
    return await comm.tag_send(self._ep, buffer, nbytes, tag, name=log)
ucp._libs.exceptions.UCXError: <[Send #007] ep: 0x7f4336aa21c0, tag: 0x9455f36cce48a884, nbytes: 100000000, type: <class 'cudf.core.buffer.buffer.Buffer'>>: Connection reset by remote peer

During handling of the above exception, another exception occurred:

Traceback (most recent call last):
  File "/opt/conda/envs/gdf/lib/python3.9/site-packages/distributed/worker.py", line 1782, in get_data
    compressed = await comm.write(msg, serializers=serializers)
  File "/opt/conda/envs/gdf/lib/python3.9/site-packages/distributed/utils.py", line 837, in wrapper
    return await func(*args, **kwargs)
  File "/opt/conda/envs/gdf/lib/python3.9/site-packages/distributed/comm/ucx.py", line 338, in write
    raise CommClosedError("While writing, the connection was closed")
distributed.comm.core.CommClosedError: While writing, the connection was closed
2024-08-06 06:19:22,316 - distributed.worker - ERROR - failed during get data with ucx://127.0.0.1:37097 -> ucx://127.0.0.1:33603
Traceback (most recent call last):
  File "/opt/conda/envs/gdf/lib/python3.9/site-packages/distributed/comm/ucx.py", line 334, in write
    await self.ep.send(each_frame)
  File "/opt/conda/envs/gdf/lib/python3.9/site-packages/ucp/core.py", line 662, in send
    return await comm.tag_send(self._ep, buffer, nbytes, tag, name=log)
ucp._libs.exceptions.UCXError: <[Send #007] ep: 0x7f4336aa2100, tag: 0x75cb96fa9a875a2d, nbytes: 100000000, type: <class 'cudf.core.buffer.buffer.Buffer'>>: Connection reset by remote peer

During handling of the above exception, another exception occurred:

Traceback (most recent call last):
  File "/opt/conda/envs/gdf/lib/python3.9/site-packages/distributed/worker.py", line 1782, in get_data
    compressed = await comm.write(msg, serializers=serializers)
  File "/opt/conda/envs/gdf/lib/python3.9/site-packages/distributed/utils.py", line 837, in wrapper
    return await func(*args, **kwargs)
  File "/opt/conda/envs/gdf/lib/python3.9/site-packages/distributed/comm/ucx.py", line 338, in write
    raise CommClosedError("While writing, the connection was closed")
distributed.comm.core.CommClosedError: While writing, the connection was closed
2024-08-06 06:19:22,317 - distributed.worker - ERROR - Worker stream died during communication: ucx://127.0.0.1:39769
Traceback (most recent call last):
  File "/opt/conda/envs/gdf/lib/python3.9/site-packages/distributed/comm/ucx.py", line 392, in read
    await self.ep.recv(each_frame)
  File "/opt/conda/envs/gdf/lib/python3.9/site-packages/ucp/core.py", line 737, in recv
    ret = await comm.tag_recv(self._ep, buffer, nbytes, tag, name=log)
ucp._libs.exceptions.UCXCanceled: <[Recv #008] ep: 0x7f4336aa22c0, tag: 0x68dd5e7997103e7, nbytes: 100000000, type: <class 'rmm._lib.device_buffer.DeviceBuffer'>>: 

During handling of the above exception, another exception occurred:

Traceback (most recent call last):
  File "/opt/conda/envs/gdf/lib/python3.9/site-packages/distributed/worker.py", line 2059, in gather_dep
    response = await get_data_from_worker(
  File "/opt/conda/envs/gdf/lib/python3.9/site-packages/distributed/worker.py", line 2869, in get_data_from_worker
    response = await send_recv(
  File "/opt/conda/envs/gdf/lib/python3.9/site-packages/distributed/core.py", line 1013, in send_recv
    response = await comm.read(deserializers=deserializers)
  File "/opt/conda/envs/gdf/lib/python3.9/site-packages/distributed/utils.py", line 837, in wrapper
    return await func(*args, **kwargs)
  File "/opt/conda/envs/gdf/lib/python3.9/site-packages/distributed/comm/ucx.py", line 398, in read
    raise CommClosedError(
distributed.comm.core.CommClosedError: Connection closed by writer.
Inner exception: UCXCanceled("<[Recv #008] ep: 0x7f4336aa22c0, tag: 0x68dd5e7997103e7, nbytes: 100000000, type: <class 'rmm._lib.device_buffer.DeviceBuffer'>>: ")
2024-08-06 06:19:22,322 - distributed.scheduler - WARNING - Removing worker 'ucx://127.0.0.1:57059' caused the cluster to lose already computed task(s), which will be recomputed elsewhere: {('generate_chunk-_to_string_dtype-26fc8ffd6cffe3bf06a052b526402c5c', 0), ('split-taskshuffle-6069670213e233d5016755b29b3e54d4', 7, 5), ('split-taskshuffle-6069670213e233d5016755b29b3e54d4', 3, 5), ('split-taskshuffle-6069670213e233d5016755b29b3e54d4', 5, 5), ('split-taskshuffle-6069670213e233d5016755b29b3e54d4', 0, 5), ('split-taskshuffle-6069670213e233d5016755b29b3e54d4', 6, 5), ('split-taskshuffle-6069670213e233d5016755b29b3e54d4', 1, 5), ('split-taskshuffle-6069670213e233d5016755b29b3e54d4', 2, 5), ('split-taskshuffle-6069670213e233d5016755b29b3e54d4', 4, 5)} (stimulus_id='handle-worker-cleanup-1722925162.321897')
2024-08-06 06:19:22,333 - distributed.worker - ERROR - failed during get data with ucx://127.0.0.1:34291 -> ucx://127.0.0.1:57059
Traceback (most recent call last):
  File "/opt/conda/envs/gdf/lib/python3.9/site-packages/distributed/comm/ucx.py", line 334, in write
    await self.ep.send(each_frame)
  File "/opt/conda/envs/gdf/lib/python3.9/site-packages/ucp/core.py", line 662, in send
    return await comm.tag_send(self._ep, buffer, nbytes, tag, name=log)
ucp._libs.exceptions.UCXError: <[Send #007] ep: 0x7faccc7713c0, tag: 0x8ad4469d483b9baf, nbytes: 100000000, type: <class 'cudf.core.buffer.buffer.Buffer'>>: Connection reset by remote peer

During handling of the above exception, another exception occurred:

Traceback (most recent call last):
  File "/opt/conda/envs/gdf/lib/python3.9/site-packages/distributed/worker.py", line 1782, in get_data
    compressed = await comm.write(msg, serializers=serializers)
  File "/opt/conda/envs/gdf/lib/python3.9/site-packages/distributed/utils.py", line 837, in wrapper
    return await func(*args, **kwargs)
  File "/opt/conda/envs/gdf/lib/python3.9/site-packages/distributed/comm/ucx.py", line 338, in write
    raise CommClosedError("While writing, the connection was closed")
distributed.comm.core.CommClosedError: While writing, the connection was closed
2024-08-06 06:19:22,334 - distributed.worker - ERROR - failed during get data with ucx://127.0.0.1:34291 -> ucx://127.0.0.1:33603
Traceback (most recent call last):
  File "/opt/conda/envs/gdf/lib/python3.9/site-packages/distributed/comm/ucx.py", line 334, in write
    await self.ep.send(each_frame)
  File "/opt/conda/envs/gdf/lib/python3.9/site-packages/ucp/core.py", line 662, in send
    return await comm.tag_send(self._ep, buffer, nbytes, tag, name=log)
ucp._libs.exceptions.UCXError: <[Send #007] ep: 0x7faccc771100, tag: 0x57da7ccf5a4df44d, nbytes: 100000000, type: <class 'cudf.core.buffer.buffer.Buffer'>>: Connection reset by remote peer

During handling of the above exception, another exception occurred:

Traceback (most recent call last):
  File "/opt/conda/envs/gdf/lib/python3.9/site-packages/distributed/worker.py", line 1782, in get_data
    compressed = await comm.write(msg, serializers=serializers)
  File "/opt/conda/envs/gdf/lib/python3.9/site-packages/distributed/utils.py", line 837, in wrapper
    return await func(*args, **kwargs)
  File "/opt/conda/envs/gdf/lib/python3.9/site-packages/distributed/comm/ucx.py", line 338, in write
    raise CommClosedError("While writing, the connection was closed")
distributed.comm.core.CommClosedError: While writing, the connection was closed
2024-08-06 06:19:22,334 - distributed.worker - ERROR - Worker stream died during communication: ucx://127.0.0.1:57059
Traceback (most recent call last):
  File "/opt/conda/envs/gdf/lib/python3.9/site-packages/distributed/comm/ucx.py", line 350, in read
    await self.ep.recv(msg)
  File "/opt/conda/envs/gdf/lib/python3.9/site-packages/ucp/core.py", line 737, in recv
    ret = await comm.tag_recv(self._ep, buffer, nbytes, tag, name=log)
ucp._libs.exceptions.UCXCanceled: <[Recv #003] ep: 0x7faccc771300, tag: 0xe769cae9935987c1, nbytes: 16, type: <class 'numpy.ndarray'>>: 

During handling of the above exception, another exception occurred:

Traceback (most recent call last):
  File "/opt/conda/envs/gdf/lib/python3.9/site-packages/distributed/worker.py", line 2059, in gather_dep
    response = await get_data_from_worker(
  File "/opt/conda/envs/gdf/lib/python3.9/site-packages/distributed/worker.py", line 2869, in get_data_from_worker
    response = await send_recv(
  File "/opt/conda/envs/gdf/lib/python3.9/site-packages/distributed/core.py", line 1013, in send_recv
    response = await comm.read(deserializers=deserializers)
  File "/opt/conda/envs/gdf/lib/python3.9/site-packages/distributed/utils.py", line 837, in wrapper
    return await func(*args, **kwargs)
  File "/opt/conda/envs/gdf/lib/python3.9/site-packages/distributed/comm/ucx.py", line 368, in read
    raise CommClosedError(
distributed.comm.core.CommClosedError: Connection closed by writer.
Inner exception: UCXCanceled("<[Recv #003] ep: 0x7faccc771300, tag: 0xe769cae9935987c1, nbytes: 16, type: <class 'numpy.ndarray'>>: ")
2024-08-06 06:19:22,335 - distributed.worker - ERROR - Worker stream died during communication: ucx://127.0.0.1:39769
Traceback (most recent call last):
  File "/opt/conda/envs/gdf/lib/python3.9/site-packages/distributed/comm/ucx.py", line 350, in read
    await self.ep.recv(msg)
  File "/opt/conda/envs/gdf/lib/python3.9/site-packages/ucp/core.py", line 737, in recv
    ret = await comm.tag_recv(self._ep, buffer, nbytes, tag, name=log)
ucp._libs.exceptions.UCXCanceled: <[Recv #003] ep: 0x7faccc7711c0, tag: 0xe80cab667682d299, nbytes: 16, type: <class 'numpy.ndarray'>>: 

During handling of the above exception, another exception occurred:

Traceback (most recent call last):
  File "/opt/conda/envs/gdf/lib/python3.9/site-packages/distributed/worker.py", line 2059, in gather_dep
    response = await get_data_from_worker(
  File "/opt/conda/envs/gdf/lib/python3.9/site-packages/distributed/worker.py", line 2869, in get_data_from_worker
    response = await send_recv(
  File "/opt/conda/envs/gdf/lib/python3.9/site-packages/distributed/core.py", line 1013, in send_recv
    response = await comm.read(deserializers=deserializers)
  File "/opt/conda/envs/gdf/lib/python3.9/site-packages/distributed/utils.py", line 837, in wrapper
    return await func(*args, **kwargs)
  File "/opt/conda/envs/gdf/lib/python3.9/site-packages/distributed/comm/ucx.py", line 368, in read
    raise CommClosedError(
distributed.comm.core.CommClosedError: Connection closed by writer.
Inner exception: UCXCanceled("<[Recv #003] ep: 0x7faccc7711c0, tag: 0xe80cab667682d299, nbytes: 16, type: <class 'numpy.ndarray'>>: ")
2024-08-06 06:19:22,335 - distributed.worker - ERROR - Worker stream died during communication: ucx://127.0.0.1:33603
Traceback (most recent call last):
  File "/opt/conda/envs/gdf/lib/python3.9/site-packages/distributed/comm/ucx.py", line 350, in read
    await self.ep.recv(msg)
  File "/opt/conda/envs/gdf/lib/python3.9/site-packages/ucp/core.py", line 737, in recv
    ret = await comm.tag_recv(self._ep, buffer, nbytes, tag, name=log)
ucp._libs.exceptions.UCXCanceled: <[Recv #003] ep: 0x7faccc771280, tag: 0x3a539341cd0d50a9, nbytes: 16, type: <class 'numpy.ndarray'>>: 

During handling of the above exception, another exception occurred:

Traceback (most recent call last):
  File "/opt/conda/envs/gdf/lib/python3.9/site-packages/distributed/worker.py", line 2059, in gather_dep
    response = await get_data_from_worker(
  File "/opt/conda/envs/gdf/lib/python3.9/site-packages/distributed/worker.py", line 2869, in get_data_from_worker
    response = await send_recv(
  File "/opt/conda/envs/gdf/lib/python3.9/site-packages/distributed/core.py", line 1013, in send_recv
    response = await comm.read(deserializers=deserializers)
  File "/opt/conda/envs/gdf/lib/python3.9/site-packages/distributed/utils.py", line 837, in wrapper
    return await func(*args, **kwargs)
  File "/opt/conda/envs/gdf/lib/python3.9/site-packages/distributed/comm/ucx.py", line 368, in read
    raise CommClosedError(
distributed.comm.core.CommClosedError: Connection closed by writer.
Inner exception: UCXCanceled("<[Recv #003] ep: 0x7faccc771280, tag: 0x3a539341cd0d50a9, nbytes: 16, type: <class 'numpy.ndarray'>>: ")
Task exception was never retrieved
future: <Task finished name='Task-470' coro=<_listener_handler_coroutine() done, defined at /opt/conda/envs/gdf/lib/python3.9/site-packages/ucp/core.py:140> exception=UCXError('<stream_recv>: Connection reset by remote peer')>
Traceback (most recent call last):
  File "/opt/conda/envs/gdf/lib/python3.9/site-packages/ucp/core.py", line 155, in _listener_handler_coroutine
    peer_info = await exchange_peer_info(
  File "/opt/conda/envs/gdf/lib/python3.9/site-packages/ucp/core.py", line 55, in exchange_peer_info
    await asyncio.wait_for(
  File "/opt/conda/envs/gdf/lib/python3.9/asyncio/tasks.py", line 479, in wait_for
    return fut.result()
ucp._libs.exceptions.UCXError: <stream_recv>: Connection reset by remote peer
Task exception was never retrieved
future: <Task finished name='Task-464' coro=<_listener_handler_coroutine() done, defined at /opt/conda/envs/gdf/lib/python3.9/site-packages/ucp/core.py:140> exception=UCXError('<stream_recv>: Connection reset by remote peer')>
Traceback (most recent call last):
  File "/opt/conda/envs/gdf/lib/python3.9/site-packages/ucp/core.py", line 155, in _listener_handler_coroutine
    peer_info = await exchange_peer_info(
  File "/opt/conda/envs/gdf/lib/python3.9/site-packages/ucp/core.py", line 55, in exchange_peer_info
    await asyncio.wait_for(
  File "/opt/conda/envs/gdf/lib/python3.9/asyncio/tasks.py", line 479, in wait_for
    return fut.result()
ucp._libs.exceptions.UCXError: <stream_recv>: Connection reset by remote peer
2024-08-06 06:19:22,362 - distributed.worker - ERROR - Worker stream died during communication: ucx://127.0.0.1:57059
Traceback (most recent call last):
  File "/opt/conda/envs/gdf/lib/python3.9/site-packages/distributed/comm/ucx.py", line 392, in read
    await self.ep.recv(each_frame)
  File "/opt/conda/envs/gdf/lib/python3.9/site-packages/ucp/core.py", line 737, in recv
    ret = await comm.tag_recv(self._ep, buffer, nbytes, tag, name=log)
ucp._libs.exceptions.UCXCanceled: <[Recv #008] ep: 0x7f0e1c888100, tag: 0x3d4083d09d008c31, nbytes: 100000000, type: <class 'rmm._lib.device_buffer.DeviceBuffer'>>: 

During handling of the above exception, another exception occurred:

Traceback (most recent call last):
  File "/opt/conda/envs/gdf/lib/python3.9/site-packages/distributed/worker.py", line 2059, in gather_dep
    response = await get_data_from_worker(
  File "/opt/conda/envs/gdf/lib/python3.9/site-packages/distributed/worker.py", line 2869, in get_data_from_worker
    response = await send_recv(
  File "/opt/conda/envs/gdf/lib/python3.9/site-packages/distributed/core.py", line 1013, in send_recv
    response = await comm.read(deserializers=deserializers)
  File "/opt/conda/envs/gdf/lib/python3.9/site-packages/distributed/utils.py", line 837, in wrapper
    return await func(*args, **kwargs)
  File "/opt/conda/envs/gdf/lib/python3.9/site-packages/distributed/comm/ucx.py", line 398, in read
    raise CommClosedError(
distributed.comm.core.CommClosedError: Connection closed by writer.
Inner exception: UCXCanceled("<[Recv #008] ep: 0x7f0e1c888100, tag: 0x3d4083d09d008c31, nbytes: 100000000, type: <class 'rmm._lib.device_buffer.DeviceBuffer'>>: ")
2024-08-06 06:19:22,347 - distributed.worker - ERROR - failed during get data with ucx://127.0.0.1:37097 -> ucx://127.0.0.1:57059
Traceback (most recent call last):
  File "/opt/conda/envs/gdf/lib/python3.9/site-packages/distributed/comm/ucx.py", line 334, in write
    await self.ep.send(each_frame)
  File "/opt/conda/envs/gdf/lib/python3.9/site-packages/ucp/core.py", line 662, in send
    return await comm.tag_send(self._ep, buffer, nbytes, tag, name=log)
ucp._libs.exceptions.UCXError: <[Send #009] ep: 0x7f4336aa2440, tag: 0xfa29f7b1cba418ff, nbytes: 100000000, type: <class 'cudf.core.buffer.buffer.Buffer'>>: Connection reset by remote peer

During handling of the above exception, another exception occurred:

Traceback (most recent call last):
  File "/opt/conda/envs/gdf/lib/python3.9/site-packages/distributed/worker.py", line 1782, in get_data
    compressed = await comm.write(msg, serializers=serializers)
  File "/opt/conda/envs/gdf/lib/python3.9/site-packages/distributed/utils.py", line 837, in wrapper
    return await func(*args, **kwargs)
  File "/opt/conda/envs/gdf/lib/python3.9/site-packages/distributed/comm/ucx.py", line 338, in write
    raise CommClosedError("While writing, the connection was closed")
distributed.comm.core.CommClosedError: While writing, the connection was closed
2024-08-06 06:19:22,396 - distributed.worker - ERROR - failed during get data with ucx://127.0.0.1:37097 -> ucx://127.0.0.1:37437
Traceback (most recent call last):
  File "/opt/conda/envs/gdf/lib/python3.9/site-packages/distributed/comm/ucx.py", line 334, in write
    await self.ep.send(each_frame)
  File "/opt/conda/envs/gdf/lib/python3.9/site-packages/ucp/core.py", line 662, in send
    return await comm.tag_send(self._ep, buffer, nbytes, tag, name=log)
ucp._libs.exceptions.UCXError: <[Send #007] ep: 0x7f4336aa2200, tag: 0xa4e66f83100bfd47, nbytes: 100000000, type: <class 'cudf.core.buffer.buffer.Buffer'>>: Connection reset by remote peer

During handling of the above exception, another exception occurred:

Traceback (most recent call last):
  File "/opt/conda/envs/gdf/lib/python3.9/site-packages/distributed/worker.py", line 1782, in get_data
    compressed = await comm.write(msg, serializers=serializers)
  File "/opt/conda/envs/gdf/lib/python3.9/site-packages/distributed/utils.py", line 837, in wrapper
    return await func(*args, **kwargs)
  File "/opt/conda/envs/gdf/lib/python3.9/site-packages/distributed/comm/ucx.py", line 338, in write
    raise CommClosedError("While writing, the connection was closed")
distributed.comm.core.CommClosedError: While writing, the connection was closed
2024-08-06 06:19:22,397 - distributed.nanny - WARNING - Restarting worker
2024-08-06 06:19:22,397 - distributed.worker - ERROR - failed during get data with ucx://127.0.0.1:37097 -> ucx://127.0.0.1:39769
Traceback (most recent call last):
  File "/opt/conda/envs/gdf/lib/python3.9/site-packages/distributed/comm/ucx.py", line 334, in write
    await self.ep.send(each_frame)
  File "/opt/conda/envs/gdf/lib/python3.9/site-packages/ucp/core.py", line 662, in send
    return await comm.tag_send(self._ep, buffer, nbytes, tag, name=log)
ucp._libs.exceptions.UCXError: <[Send #010] ep: 0x7f4336aa2180, tag: 0x28325d162f477fe3, nbytes: 50000000, type: <class 'cudf.core.buffer.buffer.Buffer'>>: Connection reset by remote peer

During handling of the above exception, another exception occurred:

Traceback (most recent call last):
  File "/opt/conda/envs/gdf/lib/python3.9/site-packages/distributed/worker.py", line 1782, in get_data
    compressed = await comm.write(msg, serializers=serializers)
  File "/opt/conda/envs/gdf/lib/python3.9/site-packages/distributed/utils.py", line 837, in wrapper
    return await func(*args, **kwargs)
  File "/opt/conda/envs/gdf/lib/python3.9/site-packages/distributed/comm/ucx.py", line 338, in write
    raise CommClosedError("While writing, the connection was closed")
distributed.comm.core.CommClosedError: While writing, the connection was closed
2024-08-06 06:19:22,397 - distributed.worker - ERROR - Worker stream died during communication: ucx://127.0.0.1:57059
Traceback (most recent call last):
  File "/opt/conda/envs/gdf/lib/python3.9/site-packages/distributed/comm/ucx.py", line 392, in read
    await self.ep.recv(each_frame)
  File "/opt/conda/envs/gdf/lib/python3.9/site-packages/ucp/core.py", line 737, in recv
    ret = await comm.tag_recv(self._ep, buffer, nbytes, tag, name=log)
ucp._libs.exceptions.UCXCanceled: <[Recv #008] ep: 0x7f4336aa2280, tag: 0x1d187fcdc737a157, nbytes: 100000000, type: <class 'rmm._lib.device_buffer.DeviceBuffer'>>: 

During handling of the above exception, another exception occurred:

Traceback (most recent call last):
  File "/opt/conda/envs/gdf/lib/python3.9/site-packages/distributed/worker.py", line 2059, in gather_dep
    response = await get_data_from_worker(
  File "/opt/conda/envs/gdf/lib/python3.9/site-packages/distributed/worker.py", line 2869, in get_data_from_worker
    response = await send_recv(
  File "/opt/conda/envs/gdf/lib/python3.9/site-packages/distributed/core.py", line 1013, in send_recv
    response = await comm.read(deserializers=deserializers)
  File "/opt/conda/envs/gdf/lib/python3.9/site-packages/distributed/utils.py", line 837, in wrapper
    return await func(*args, **kwargs)
  File "/opt/conda/envs/gdf/lib/python3.9/site-packages/distributed/comm/ucx.py", line 398, in read
    raise CommClosedError(
distributed.comm.core.CommClosedError: Connection closed by writer.
Inner exception: UCXCanceled("<[Recv #008] ep: 0x7f4336aa2280, tag: 0x1d187fcdc737a157, nbytes: 100000000, type: <class 'rmm._lib.device_buffer.DeviceBuffer'>>: ")
2024-08-06 06:19:22,398 - distributed.worker - ERROR - Worker stream died during communication: ucx://127.0.0.1:37437
Traceback (most recent call last):
  File "/opt/conda/envs/gdf/lib/python3.9/site-packages/distributed/comm/ucx.py", line 350, in read
    await self.ep.recv(msg)
  File "/opt/conda/envs/gdf/lib/python3.9/site-packages/ucp/core.py", line 737, in recv
    ret = await comm.tag_recv(self._ep, buffer, nbytes, tag, name=log)
asyncio.exceptions.CancelledError

During handling of the above exception, another exception occurred:

Traceback (most recent call last):
  File "/opt/conda/envs/gdf/lib/python3.9/site-packages/distributed/worker.py", line 2059, in gather_dep
    response = await get_data_from_worker(
  File "/opt/conda/envs/gdf/lib/python3.9/site-packages/distributed/worker.py", line 2866, in get_data_from_worker
    comm = await rpc.connect(worker)
  File "/opt/conda/envs/gdf/lib/python3.9/site-packages/distributed/core.py", line 1533, in connect
    return connect_attempt.result()
  File "/opt/conda/envs/gdf/lib/python3.9/site-packages/distributed/core.py", line 1423, in _connect
    comm = await connect(
  File "/opt/conda/envs/gdf/lib/python3.9/site-packages/distributed/comm/core.py", line 377, in connect
    handshake = await comm.read()
  File "/opt/conda/envs/gdf/lib/python3.9/site-packages/distributed/utils.py", line 837, in wrapper
    return await func(*args, **kwargs)
  File "/opt/conda/envs/gdf/lib/python3.9/site-packages/distributed/comm/ucx.py", line 368, in read
    raise CommClosedError(
distributed.comm.core.CommClosedError: Connection closed by writer.
Inner exception: CancelledError()
2024-08-06 06:19:22,399 - distributed.worker - ERROR - Worker stream died during communication: ucx://127.0.0.1:35969
Traceback (most recent call last):
  File "/opt/conda/envs/gdf/lib/python3.9/site-packages/distributed/comm/ucx.py", line 350, in read
    await self.ep.recv(msg)
  File "/opt/conda/envs/gdf/lib/python3.9/site-packages/ucp/core.py", line 737, in recv
    ret = await comm.tag_recv(self._ep, buffer, nbytes, tag, name=log)
asyncio.exceptions.CancelledError

During handling of the above exception, another exception occurred:

Traceback (most recent call last):
  File "/opt/conda/envs/gdf/lib/python3.9/site-packages/distributed/worker.py", line 2059, in gather_dep
    response = await get_data_from_worker(
  File "/opt/conda/envs/gdf/lib/python3.9/site-packages/distributed/worker.py", line 2866, in get_data_from_worker
    comm = await rpc.connect(worker)
  File "/opt/conda/envs/gdf/lib/python3.9/site-packages/distributed/core.py", line 1533, in connect
    return connect_attempt.result()
  File "/opt/conda/envs/gdf/lib/python3.9/site-packages/distributed/core.py", line 1423, in _connect
    comm = await connect(
  File "/opt/conda/envs/gdf/lib/python3.9/site-packages/distributed/comm/core.py", line 377, in connect
    handshake = await comm.read()
  File "/opt/conda/envs/gdf/lib/python3.9/site-packages/distributed/utils.py", line 837, in wrapper
    return await func(*args, **kwargs)
  File "/opt/conda/envs/gdf/lib/python3.9/site-packages/distributed/comm/ucx.py", line 368, in read
    raise CommClosedError(
distributed.comm.core.CommClosedError: Connection closed by writer.
Inner exception: CancelledError()
2024-08-06 06:19:22,510 - distributed.nanny - WARNING - Restarting worker
2024-08-06 06:19:22,515 - distributed.nanny - WARNING - Restarting worker
2024-08-06 06:19:22,757 - distributed.worker - ERROR - failed during get data with ucx://127.0.0.1:49137 -> ucx://127.0.0.1:37437
Traceback (most recent call last):
  File "/opt/conda/envs/gdf/lib/python3.9/site-packages/distributed/comm/ucx.py", line 334, in write
    await self.ep.send(each_frame)
  File "/opt/conda/envs/gdf/lib/python3.9/site-packages/ucp/core.py", line 662, in send
    return await comm.tag_send(self._ep, buffer, nbytes, tag, name=log)
ucp._libs.exceptions.UCXError: <[Send #007] ep: 0x7f0e1c888300, tag: 0xb5194b4e199fd745, nbytes: 100000000, type: <class 'cudf.core.buffer.buffer.Buffer'>>: Connection reset by remote peer

During handling of the above exception, another exception occurred:

Traceback (most recent call last):
  File "/opt/conda/envs/gdf/lib/python3.9/site-packages/distributed/worker.py", line 1782, in get_data
    compressed = await comm.write(msg, serializers=serializers)
  File "/opt/conda/envs/gdf/lib/python3.9/site-packages/distributed/utils.py", line 837, in wrapper
    return await func(*args, **kwargs)
  File "/opt/conda/envs/gdf/lib/python3.9/site-packages/distributed/comm/ucx.py", line 338, in write
    raise CommClosedError("While writing, the connection was closed")
distributed.comm.core.CommClosedError: While writing, the connection was closed
2024-08-06 06:19:22,758 - distributed.worker - ERROR - failed during get data with ucx://127.0.0.1:49137 -> ucx://127.0.0.1:35969
Traceback (most recent call last):
  File "/opt/conda/envs/gdf/lib/python3.9/site-packages/distributed/comm/ucx.py", line 334, in write
    await self.ep.send(each_frame)
  File "/opt/conda/envs/gdf/lib/python3.9/site-packages/ucp/core.py", line 662, in send
    return await comm.tag_send(self._ep, buffer, nbytes, tag, name=log)
ucp._libs.exceptions.UCXError: <[Send #007] ep: 0x7f0e1c888400, tag: 0x5a9702f9592924aa, nbytes: 100000000, type: <class 'cudf.core.buffer.buffer.Buffer'>>: Connection reset by remote peer

During handling of the above exception, another exception occurred:

Traceback (most recent call last):
  File "/opt/conda/envs/gdf/lib/python3.9/site-packages/distributed/worker.py", line 1782, in get_data
    compressed = await comm.write(msg, serializers=serializers)
  File "/opt/conda/envs/gdf/lib/python3.9/site-packages/distributed/utils.py", line 837, in wrapper
    return await func(*args, **kwargs)
  File "/opt/conda/envs/gdf/lib/python3.9/site-packages/distributed/comm/ucx.py", line 338, in write
    raise CommClosedError("While writing, the connection was closed")
distributed.comm.core.CommClosedError: While writing, the connection was closed
2024-08-06 06:19:22,759 - distributed.worker - ERROR - failed during get data with ucx://127.0.0.1:49137 -> ucx://127.0.0.1:57059
Traceback (most recent call last):
  File "/opt/conda/envs/gdf/lib/python3.9/site-packages/distributed/comm/ucx.py", line 334, in write
    await self.ep.send(each_frame)
  File "/opt/conda/envs/gdf/lib/python3.9/site-packages/ucp/core.py", line 662, in send
    return await comm.tag_send(self._ep, buffer, nbytes, tag, name=log)
ucp._libs.exceptions.UCXError: <[Send #007] ep: 0x7f0e1c888440, tag: 0xd863a1f861c2d4a2, nbytes: 100000000, type: <class 'cudf.core.buffer.buffer.Buffer'>>: Connection reset by remote peer

During handling of the above exception, another exception occurred:

Traceback (most recent call last):
  File "/opt/conda/envs/gdf/lib/python3.9/site-packages/distributed/worker.py", line 1782, in get_data
    compressed = await comm.write(msg, serializers=serializers)
  File "/opt/conda/envs/gdf/lib/python3.9/site-packages/distributed/utils.py", line 837, in wrapper
    return await func(*args, **kwargs)
  File "/opt/conda/envs/gdf/lib/python3.9/site-packages/distributed/comm/ucx.py", line 338, in write
    raise CommClosedError("While writing, the connection was closed")
distributed.comm.core.CommClosedError: While writing, the connection was closed
2024-08-06 06:19:51,780 - distributed.worker - ERROR - Worker stream died during communication: ucx://127.0.0.1:37437
Traceback (most recent call last):
  File "/opt/conda/envs/gdf/lib/python3.9/site-packages/distributed/comm/ucx.py", line 467, in connect
    ep = await ucp.create_endpoint(ip, port)
  File "/opt/conda/envs/gdf/lib/python3.9/site-packages/ucp/core.py", line 1016, in create_endpoint
    return await _get_ctx().create_endpoint(
  File "/opt/conda/envs/gdf/lib/python3.9/site-packages/ucp/core.py", line 328, in create_endpoint
    peer_info = await exchange_peer_info(
  File "/opt/conda/envs/gdf/lib/python3.9/site-packages/ucp/core.py", line 60, in exchange_peer_info
    await asyncio.wait_for(
  File "/opt/conda/envs/gdf/lib/python3.9/asyncio/tasks.py", line 479, in wait_for
    return fut.result()
ucp._libs.exceptions.UCXNotConnected: <stream_recv>: 

During handling of the above exception, another exception occurred:

Traceback (most recent call last):
  File "/opt/conda/envs/gdf/lib/python3.9/site-packages/distributed/comm/core.py", line 342, in connect
    comm = await wait_for(
  File "/opt/conda/envs/gdf/lib/python3.9/site-packages/distributed/utils.py", line 1957, in wait_for
    return await asyncio.wait_for(fut, timeout)
  File "/opt/conda/envs/gdf/lib/python3.9/asyncio/tasks.py", line 479, in wait_for
    return fut.result()
  File "/opt/conda/envs/gdf/lib/python3.9/site-packages/distributed/comm/ucx.py", line 469, in connect
    raise CommClosedError("Connection closed before handshake completed")
distributed.comm.core.CommClosedError: Connection closed before handshake completed

The above exception was the direct cause of the following exception:

Traceback (most recent call last):
  File "/opt/conda/envs/gdf/lib/python3.9/site-packages/distributed/worker.py", line 2059, in gather_dep
    response = await get_data_from_worker(
  File "/opt/conda/envs/gdf/lib/python3.9/site-packages/distributed/worker.py", line 2866, in get_data_from_worker
    comm = await rpc.connect(worker)
  File "/opt/conda/envs/gdf/lib/python3.9/site-packages/distributed/core.py", line 1533, in connect
    return connect_attempt.result()
  File "/opt/conda/envs/gdf/lib/python3.9/site-packages/distributed/core.py", line 1423, in _connect
    comm = await connect(
  File "/opt/conda/envs/gdf/lib/python3.9/site-packages/distributed/comm/core.py", line 368, in connect
    raise OSError(
OSError: Timed out trying to connect to ucx://127.0.0.1:37437 after 30 s
2024-08-06 06:19:51,782 - distributed.worker - ERROR - Worker stream died during communication: ucx://127.0.0.1:35969
Traceback (most recent call last):
  File "/opt/conda/envs/gdf/lib/python3.9/site-packages/distributed/comm/ucx.py", line 467, in connect
    ep = await ucp.create_endpoint(ip, port)
  File "/opt/conda/envs/gdf/lib/python3.9/site-packages/ucp/core.py", line 1016, in create_endpoint
    return await _get_ctx().create_endpoint(
  File "/opt/conda/envs/gdf/lib/python3.9/site-packages/ucp/core.py", line 328, in create_endpoint
    peer_info = await exchange_peer_info(
  File "/opt/conda/envs/gdf/lib/python3.9/site-packages/ucp/core.py", line 60, in exchange_peer_info
    await asyncio.wait_for(
  File "/opt/conda/envs/gdf/lib/python3.9/asyncio/tasks.py", line 466, in wait_for
    await waiter
asyncio.exceptions.CancelledError

During handling of the above exception, another exception occurred:

Traceback (most recent call last):
  File "/opt/conda/envs/gdf/lib/python3.9/asyncio/tasks.py", line 490, in wait_for
    return fut.result()
asyncio.exceptions.CancelledError

The above exception was the direct cause of the following exception:

Traceback (most recent call last):
  File "/opt/conda/envs/gdf/lib/python3.9/site-packages/distributed/comm/core.py", line 342, in connect
    comm = await wait_for(
  File "/opt/conda/envs/gdf/lib/python3.9/site-packages/distributed/utils.py", line 1957, in wait_for
    return await asyncio.wait_for(fut, timeout)
  File "/opt/conda/envs/gdf/lib/python3.9/asyncio/tasks.py", line 492, in wait_for
    raise exceptions.TimeoutError() from exc
asyncio.exceptions.TimeoutError

The above exception was the direct cause of the following exception:

Traceback (most recent call last):
  File "/opt/conda/envs/gdf/lib/python3.9/site-packages/distributed/worker.py", line 2059, in gather_dep
    response = await get_data_from_worker(
  File "/opt/conda/envs/gdf/lib/python3.9/site-packages/distributed/worker.py", line 2866, in get_data_from_worker
    comm = await rpc.connect(worker)
  File "/opt/conda/envs/gdf/lib/python3.9/site-packages/distributed/core.py", line 1533, in connect
    return connect_attempt.result()
  File "/opt/conda/envs/gdf/lib/python3.9/site-packages/distributed/core.py", line 1423, in _connect
    comm = await connect(
  File "/opt/conda/envs/gdf/lib/python3.9/site-packages/distributed/comm/core.py", line 368, in connect
    raise OSError(
OSError: Timed out trying to connect to ucx://127.0.0.1:35969 after 30 s
/opt/conda/envs/gdf/lib/python3.9/multiprocessing/resource_tracker.py:216: UserWarning: resource_tracker: There appear to be 48 leaked semaphore objects to clean up at shutdown
  warnings.warn('resource_tracker: There appear to be %d '
