[dgx13:83948:0:83948] Caught signal 11 (Segmentation fault: address not mapped to object at address 0x450)
==== backtrace (tid:  83948) ====
 0  /opt/conda/envs/gdf/lib/libucs.so.0(ucs_handle_error+0x2fd) [0x7f78a761eefd]
 1  /opt/conda/envs/gdf/lib/libucs.so.0(+0x2c0f4) [0x7f78a761f0f4]
 2  /opt/conda/envs/gdf/lib/libucs.so.0(+0x2c2ba) [0x7f78a761f2ba]
 3  /usr/lib/x86_64-linux-gnu/libpthread.so.0(+0x14420) [0x7f78f92f2420]
 4  /opt/conda/envs/gdf/lib/libucp.so.0(ucp_mem_type_unpack+0x17) [0x7f78a76a07d7]
 5  /opt/conda/envs/gdf/lib/libucp.so.0(ucp_rndv_data_handler+0x65d) [0x7f78a76c928d]
 6  /opt/conda/envs/gdf/lib/libuct.so.0(+0x208df) [0x7f78a75d78df]
 7  /opt/conda/envs/gdf/lib/libuct.so.0(+0x23ab8) [0x7f78a75daab8]
 8  /opt/conda/envs/gdf/lib/libucs.so.0(ucs_event_set_wait+0xb9) [0x7f78a7628649]
 9  /opt/conda/envs/gdf/lib/libuct.so.0(uct_tcp_iface_progress+0x7d) [0x7f78a75d9bcd]
10  /opt/conda/envs/gdf/lib/libucp.so.0(ucp_worker_progress+0x5a) [0x7f78a769d6da]
11  /opt/conda/envs/gdf/lib/python3.9/site-packages/ucp/_libs/ucx_api.cpython-39-x86_64-linux-gnu.so(+0x3206a) [0x7f78a775c06a]
12  /opt/conda/envs/gdf/bin/python(_PyEval_EvalFrameDefault+0x45a6) [0x563742bec516]
13  /opt/conda/envs/gdf/bin/python(+0x12e184) [0x563742be7184]
14  /opt/conda/envs/gdf/bin/python(_PyFunction_Vectorcall+0xd9) [0x563742bf8559]
15  /opt/conda/envs/gdf/bin/python(_PyEval_EvalFrameDefault+0x696) [0x563742be8606]
16  /opt/conda/envs/gdf/bin/python(+0x13f802) [0x563742bf8802]
17  /opt/conda/envs/gdf/bin/python(+0x14cbb3) [0x563742c05bb3]
18  /opt/conda/envs/gdf/bin/python(+0x25842c) [0x563742d1142c]
19  /opt/conda/envs/gdf/bin/python(+0xf266c) [0x563742bab66c]
20  /opt/conda/envs/gdf/bin/python(+0x136833) [0x563742bef833]
21  /opt/conda/envs/gdf/bin/python(_PyEval_EvalFrameDefault+0x58b4) [0x563742bed824]
22  /opt/conda/envs/gdf/bin/python(+0x13f802) [0x563742bf8802]
23  /opt/conda/envs/gdf/bin/python(_PyEval_EvalFrameDefault+0x696) [0x563742be8606]
24  /opt/conda/envs/gdf/bin/python(+0x13f802) [0x563742bf8802]
25  /opt/conda/envs/gdf/bin/python(_PyEval_EvalFrameDefault+0x696) [0x563742be8606]
26  /opt/conda/envs/gdf/bin/python(+0x13f802) [0x563742bf8802]
27  /opt/conda/envs/gdf/bin/python(_PyEval_EvalFrameDefault+0x696) [0x563742be8606]
28  /opt/conda/envs/gdf/bin/python(+0x13f802) [0x563742bf8802]
29  /opt/conda/envs/gdf/bin/python(_PyEval_EvalFrameDefault+0x696) [0x563742be8606]
30  /opt/conda/envs/gdf/bin/python(+0x12e184) [0x563742be7184]
31  /opt/conda/envs/gdf/bin/python(_PyFunction_Vectorcall+0xd9) [0x563742bf8559]
32  /opt/conda/envs/gdf/bin/python(_PyEval_EvalFrameDefault+0x11f2) [0x563742be9162]
33  /opt/conda/envs/gdf/bin/python(+0x12e184) [0x563742be7184]
34  /opt/conda/envs/gdf/bin/python(+0x14c9fb) [0x563742c059fb]
35  /opt/conda/envs/gdf/bin/python(PyObject_Call+0xbc) [0x563742c0617c]
36  /opt/conda/envs/gdf/bin/python(+0x2109ce) [0x563742cc99ce]
37  /opt/conda/envs/gdf/bin/python(_PyObject_MakeTpCall+0x2ec) [0x563742bf07ac]
38  /opt/conda/envs/gdf/bin/python(_PyEval_EvalFrameDefault+0x45a6) [0x563742bec516]
39  /opt/conda/envs/gdf/bin/python(+0x13f802) [0x563742bf8802]
40  /opt/conda/envs/gdf/bin/python(+0x14cadc) [0x563742c05adc]
41  /opt/conda/envs/gdf/bin/python(_PyEval_EvalFrameDefault+0x45a6) [0x563742bec516]
42  /opt/conda/envs/gdf/bin/python(+0x13f802) [0x563742bf8802]
43  /opt/conda/envs/gdf/bin/python(_PyEval_EvalFrameDefault+0x696) [0x563742be8606]
44  /opt/conda/envs/gdf/bin/python(+0x12e184) [0x563742be7184]
45  /opt/conda/envs/gdf/bin/python(_PyFunction_Vectorcall+0xd9) [0x563742bf8559]
46  /opt/conda/envs/gdf/bin/python(_PyEval_EvalFrameDefault+0x696) [0x563742be8606]
47  /opt/conda/envs/gdf/bin/python(+0x13f802) [0x563742bf8802]
48  /opt/conda/envs/gdf/bin/python(_PyEval_EvalFrameDefault+0x3e2) [0x563742be8352]
49  /opt/conda/envs/gdf/bin/python(+0x12e184) [0x563742be7184]
50  /opt/conda/envs/gdf/bin/python(_PyFunction_Vectorcall+0xd9) [0x563742bf8559]
51  /opt/conda/envs/gdf/bin/python(_PyEval_EvalFrameDefault+0x11f2) [0x563742be9162]
52  /opt/conda/envs/gdf/bin/python(+0x12e184) [0x563742be7184]
53  /opt/conda/envs/gdf/bin/python(_PyEval_EvalCodeWithName+0x48) [0x563742be6e58]
54  /opt/conda/envs/gdf/bin/python(PyEval_EvalCodeEx+0x39) [0x563742be6e09]
55  /opt/conda/envs/gdf/bin/python(PyEval_EvalCode+0x1b) [0x563742c944ab]
56  /opt/conda/envs/gdf/bin/python(+0x20887a) [0x563742cc187a]
57  /opt/conda/envs/gdf/bin/python(+0x204c03) [0x563742cbdc03]
58  /opt/conda/envs/gdf/bin/python(PyRun_StringFlags+0x9a) [0x563742cb5a1a]
59  /opt/conda/envs/gdf/bin/python(PyRun_SimpleStringFlags+0x3c) [0x563742cb590c]
60  /opt/conda/envs/gdf/bin/python(Py_RunMain+0x267) [0x563742cb4b47]
61  /opt/conda/envs/gdf/bin/python(Py_BytesMain+0x37) [0x563742c882e7]
=================================
[dgx13:83928:0:83928] Caught signal 11 (Segmentation fault: address not mapped to object at address 0x450)
==== backtrace (tid:  83928) ====
 0  /opt/conda/envs/gdf/lib/libucs.so.0(ucs_handle_error+0x2fd) [0x7f5b40472efd]
 1  /opt/conda/envs/gdf/lib/libucs.so.0(+0x2c0f4) [0x7f5b404730f4]
 2  /opt/conda/envs/gdf/lib/libucs.so.0(+0x2c2ba) [0x7f5b404732ba]
 3  /usr/lib/x86_64-linux-gnu/libpthread.so.0(+0x14420) [0x7f5b6bff3420]
 4  /opt/conda/envs/gdf/lib/libucp.so.0(ucp_mem_type_unpack+0x17) [0x7f5b404f47d7]
 5  /opt/conda/envs/gdf/lib/libucp.so.0(ucp_rndv_data_handler+0x65d) [0x7f5b4051d28d]
 6  /opt/conda/envs/gdf/lib/libuct.so.0(+0x208df) [0x7f5b4042b8df]
 7  /opt/conda/envs/gdf/lib/libuct.so.0(+0x23ab8) [0x7f5b4042eab8]
 8  /opt/conda/envs/gdf/lib/libucs.so.0(ucs_event_set_wait+0xb9) [0x7f5b4047c649]
 9  /opt/conda/envs/gdf/lib/libuct.so.0(uct_tcp_iface_progress+0x7d) [0x7f5b4042dbcd]
10  /opt/conda/envs/gdf/lib/libucp.so.0(ucp_worker_progress+0x5a) [0x7f5b404f16da]
11  /opt/conda/envs/gdf/lib/python3.9/site-packages/ucp/_libs/ucx_api.cpython-39-x86_64-linux-gnu.so(+0x3206a) [0x7f5b405b006a]
12  /opt/conda/envs/gdf/bin/python(_PyEval_EvalFrameDefault+0x45a6) [0x562f1973c516]
13  /opt/conda/envs/gdf/bin/python(+0x12e184) [0x562f19737184]
14  /opt/conda/envs/gdf/bin/python(_PyFunction_Vectorcall+0xd9) [0x562f19748559]
15  /opt/conda/envs/gdf/bin/python(_PyEval_EvalFrameDefault+0x696) [0x562f19738606]
16  /opt/conda/envs/gdf/bin/python(+0x1e28a2) [0x562f197eb8a2]
17  /opt/conda/envs/gdf/lib/python3.9/lib-dynload/_asyncio.cpython-39-x86_64-linux-gnu.so(+0x81e9) [0x7f5b563f21e9]
18  /opt/conda/envs/gdf/bin/python(_PyObject_MakeTpCall+0x2ec) [0x562f197407ac]
19  /opt/conda/envs/gdf/bin/python(+0xf266c) [0x562f196fb66c]
20  /opt/conda/envs/gdf/bin/python(+0x136833) [0x562f1973f833]
21  /opt/conda/envs/gdf/bin/python(_PyEval_EvalFrameDefault+0x58b4) [0x562f1973d824]
22  /opt/conda/envs/gdf/bin/python(+0x13f802) [0x562f19748802]
23  /opt/conda/envs/gdf/bin/python(_PyEval_EvalFrameDefault+0x696) [0x562f19738606]
24  /opt/conda/envs/gdf/bin/python(+0x13f802) [0x562f19748802]
25  /opt/conda/envs/gdf/bin/python(_PyEval_EvalFrameDefault+0x696) [0x562f19738606]
26  /opt/conda/envs/gdf/bin/python(+0x13f802) [0x562f19748802]
27  /opt/conda/envs/gdf/bin/python(_PyEval_EvalFrameDefault+0x696) [0x562f19738606]
28  /opt/conda/envs/gdf/bin/python(+0x13f802) [0x562f19748802]
29  /opt/conda/envs/gdf/bin/python(_PyEval_EvalFrameDefault+0x696) [0x562f19738606]
30  /opt/conda/envs/gdf/bin/python(+0x12e184) [0x562f19737184]
31  /opt/conda/envs/gdf/bin/python(_PyFunction_Vectorcall+0xd9) [0x562f19748559]
32  /opt/conda/envs/gdf/bin/python(_PyEval_EvalFrameDefault+0x11f2) [0x562f19739162]
33  /opt/conda/envs/gdf/bin/python(+0x12e184) [0x562f19737184]
34  /opt/conda/envs/gdf/bin/python(+0x14c9fb) [0x562f197559fb]
35  /opt/conda/envs/gdf/bin/python(PyObject_Call+0xbc) [0x562f1975617c]
36  /opt/conda/envs/gdf/bin/python(+0x2109ce) [0x562f198199ce]
37  /opt/conda/envs/gdf/bin/python(_PyObject_MakeTpCall+0x2ec) [0x562f197407ac]
38  /opt/conda/envs/gdf/bin/python(_PyEval_EvalFrameDefault+0x45a6) [0x562f1973c516]
39  /opt/conda/envs/gdf/bin/python(+0x13f802) [0x562f19748802]
40  /opt/conda/envs/gdf/bin/python(+0x14cadc) [0x562f19755adc]
41  /opt/conda/envs/gdf/bin/python(_PyEval_EvalFrameDefault+0x45a6) [0x562f1973c516]
42  /opt/conda/envs/gdf/bin/python(+0x13f802) [0x562f19748802]
43  /opt/conda/envs/gdf/bin/python(_PyEval_EvalFrameDefault+0x696) [0x562f19738606]
44  /opt/conda/envs/gdf/bin/python(+0x12e184) [0x562f19737184]
45  /opt/conda/envs/gdf/bin/python(_PyFunction_Vectorcall+0xd9) [0x562f19748559]
46  /opt/conda/envs/gdf/bin/python(_PyEval_EvalFrameDefault+0x696) [0x562f19738606]
47  /opt/conda/envs/gdf/bin/python(+0x13f802) [0x562f19748802]
48  /opt/conda/envs/gdf/bin/python(_PyEval_EvalFrameDefault+0x3e2) [0x562f19738352]
49  /opt/conda/envs/gdf/bin/python(+0x12e184) [0x562f19737184]
50  /opt/conda/envs/gdf/bin/python(_PyFunction_Vectorcall+0xd9) [0x562f19748559]
51  /opt/conda/envs/gdf/bin/python(_PyEval_EvalFrameDefault+0x11f2) [0x562f19739162]
52  /opt/conda/envs/gdf/bin/python(+0x12e184) [0x562f19737184]
53  /opt/conda/envs/gdf/bin/python(_PyEval_EvalCodeWithName+0x48) [0x562f19736e58]
54  /opt/conda/envs/gdf/bin/python(PyEval_EvalCodeEx+0x39) [0x562f19736e09]
55  /opt/conda/envs/gdf/bin/python(PyEval_EvalCode+0x1b) [0x562f197e44ab]
56  /opt/conda/envs/gdf/bin/python(+0x20887a) [0x562f1981187a]
57  /opt/conda/envs/gdf/bin/python(+0x204c03) [0x562f1980dc03]
58  /opt/conda/envs/gdf/bin/python(PyRun_StringFlags+0x9a) [0x562f19805a1a]
59  /opt/conda/envs/gdf/bin/python(PyRun_SimpleStringFlags+0x3c) [0x562f1980590c]
60  /opt/conda/envs/gdf/bin/python(Py_RunMain+0x267) [0x562f19804b47]
61  /opt/conda/envs/gdf/bin/python(Py_BytesMain+0x37) [0x562f197d82e7]
=================================
[dgx13:83940:0:83940] Caught signal 11 (Segmentation fault: address not mapped to object at address 0x450)
==== backtrace (tid:  83940) ====
 0  /opt/conda/envs/gdf/lib/libucs.so.0(ucs_handle_error+0x2fd) [0x7f7560920efd]
 1  /opt/conda/envs/gdf/lib/libucs.so.0(+0x2c0f4) [0x7f75609210f4]
 2  /opt/conda/envs/gdf/lib/libucs.so.0(+0x2c2ba) [0x7f75609212ba]
 3  /usr/lib/x86_64-linux-gnu/libpthread.so.0(+0x14420) [0x7f758c5ef420]
 4  /opt/conda/envs/gdf/lib/libucp.so.0(ucp_mem_type_unpack+0x17) [0x7f75609a27d7]
 5  /opt/conda/envs/gdf/lib/libucp.so.0(ucp_rndv_data_handler+0x65d) [0x7f75609cb28d]
 6  /opt/conda/envs/gdf/lib/libuct.so.0(+0x208df) [0x7f75608d98df]
 7  /opt/conda/envs/gdf/lib/libuct.so.0(+0x23ab8) [0x7f75608dcab8]
 8  /opt/conda/envs/gdf/lib/libucs.so.0(ucs_event_set_wait+0xb9) [0x7f756092a649]
 9  /opt/conda/envs/gdf/lib/libuct.so.0(uct_tcp_iface_progress+0x7d) [0x7f75608dbbcd]
10  /opt/conda/envs/gdf/lib/libucp.so.0(ucp_worker_progress+0x5a) [0x7f756099f6da]
11  /opt/conda/envs/gdf/lib/python3.9/site-packages/ucp/_libs/ucx_api.cpython-39-x86_64-linux-gnu.so(+0x3206a) [0x7f7560a5e06a]
12  /opt/conda/envs/gdf/bin/python(_PyEval_EvalFrameDefault+0x45a6) [0x55d96818e516]
13  /opt/conda/envs/gdf/bin/python(+0x12e184) [0x55d968189184]
14  /opt/conda/envs/gdf/bin/python(_PyFunction_Vectorcall+0xd9) [0x55d96819a559]
15  /opt/conda/envs/gdf/bin/python(_PyEval_EvalFrameDefault+0x696) [0x55d96818a606]
16  /opt/conda/envs/gdf/bin/python(+0x13f802) [0x55d96819a802]
17  /opt/conda/envs/gdf/bin/python(+0x14cbb3) [0x55d9681a7bb3]
18  /opt/conda/envs/gdf/bin/python(+0x25842c) [0x55d9682b342c]
19  /opt/conda/envs/gdf/bin/python(+0xf266c) [0x55d96814d66c]
20  /opt/conda/envs/gdf/bin/python(+0x136833) [0x55d968191833]
21  /opt/conda/envs/gdf/bin/python(_PyEval_EvalFrameDefault+0x58b4) [0x55d96818f824]
22  /opt/conda/envs/gdf/bin/python(+0x13f802) [0x55d96819a802]
23  /opt/conda/envs/gdf/bin/python(_PyEval_EvalFrameDefault+0x696) [0x55d96818a606]
24  /opt/conda/envs/gdf/bin/python(+0x13f802) [0x55d96819a802]
25  /opt/conda/envs/gdf/bin/python(_PyEval_EvalFrameDefault+0x696) [0x55d96818a606]
26  /opt/conda/envs/gdf/bin/python(+0x13f802) [0x55d96819a802]
27  /opt/conda/envs/gdf/bin/python(_PyEval_EvalFrameDefault+0x696) [0x55d96818a606]
28  /opt/conda/envs/gdf/bin/python(+0x13f802) [0x55d96819a802]
29  /opt/conda/envs/gdf/bin/python(_PyEval_EvalFrameDefault+0x696) [0x55d96818a606]
30  /opt/conda/envs/gdf/bin/python(+0x12e184) [0x55d968189184]
31  /opt/conda/envs/gdf/bin/python(_PyFunction_Vectorcall+0xd9) [0x55d96819a559]
32  /opt/conda/envs/gdf/bin/python(_PyEval_EvalFrameDefault+0x11f2) [0x55d96818b162]
33  /opt/conda/envs/gdf/bin/python(+0x12e184) [0x55d968189184]
34  /opt/conda/envs/gdf/bin/python(+0x14c9fb) [0x55d9681a79fb]
35  /opt/conda/envs/gdf/bin/python(PyObject_Call+0xbc) [0x55d9681a817c]
36  /opt/conda/envs/gdf/bin/python(+0x2109ce) [0x55d96826b9ce]
37  /opt/conda/envs/gdf/bin/python(_PyObject_MakeTpCall+0x2ec) [0x55d9681927ac]
38  /opt/conda/envs/gdf/bin/python(_PyEval_EvalFrameDefault+0x45a6) [0x55d96818e516]
39  /opt/conda/envs/gdf/bin/python(+0x13f802) [0x55d96819a802]
40  /opt/conda/envs/gdf/bin/python(+0x14cadc) [0x55d9681a7adc]
41  /opt/conda/envs/gdf/bin/python(_PyEval_EvalFrameDefault+0x45a6) [0x55d96818e516]
42  /opt/conda/envs/gdf/bin/python(+0x13f802) [0x55d96819a802]
43  /opt/conda/envs/gdf/bin/python(_PyEval_EvalFrameDefault+0x696) [0x55d96818a606]
44  /opt/conda/envs/gdf/bin/python(+0x12e184) [0x55d968189184]
45  /opt/conda/envs/gdf/bin/python(_PyFunction_Vectorcall+0xd9) [0x55d96819a559]
46  /opt/conda/envs/gdf/bin/python(_PyEval_EvalFrameDefault+0x696) [0x55d96818a606]
47  /opt/conda/envs/gdf/bin/python(+0x13f802) [0x55d96819a802]
48  /opt/conda/envs/gdf/bin/python(_PyEval_EvalFrameDefault+0x3e2) [0x55d96818a352]
49  /opt/conda/envs/gdf/bin/python(+0x12e184) [0x55d968189184]
50  /opt/conda/envs/gdf/bin/python(_PyFunction_Vectorcall+0xd9) [0x55d96819a559]
51  /opt/conda/envs/gdf/bin/python(_PyEval_EvalFrameDefault+0x11f2) [0x55d96818b162]
52  /opt/conda/envs/gdf/bin/python(+0x12e184) [0x55d968189184]
53  /opt/conda/envs/gdf/bin/python(_PyEval_EvalCodeWithName+0x48) [0x55d968188e58]
54  /opt/conda/envs/gdf/bin/python(PyEval_EvalCodeEx+0x39) [0x55d968188e09]
55  /opt/conda/envs/gdf/bin/python(PyEval_EvalCode+0x1b) [0x55d9682364ab]
56  /opt/conda/envs/gdf/bin/python(+0x20887a) [0x55d96826387a]
57  /opt/conda/envs/gdf/bin/python(+0x204c03) [0x55d96825fc03]
58  /opt/conda/envs/gdf/bin/python(PyRun_StringFlags+0x9a) [0x55d968257a1a]
59  /opt/conda/envs/gdf/bin/python(PyRun_SimpleStringFlags+0x3c) [0x55d96825790c]
60  /opt/conda/envs/gdf/bin/python(Py_RunMain+0x267) [0x55d968256b47]
61  /opt/conda/envs/gdf/bin/python(Py_BytesMain+0x37) [0x55d96822a2e7]
=================================
2024-06-18 06:27:25,168 - distributed.scheduler - WARNING - Removing worker 'ucx://127.0.0.1:35397' caused the cluster to lose already computed task(s), which will be recomputed elsewhere: {('random_sample-3e0ceed1257ed329022abc646c342a7c', 0, 2), ('random_sample-3e0ceed1257ed329022abc646c342a7c', 3, 8), ('random_sample-3e0ceed1257ed329022abc646c342a7c', 9, 8), ('random_sample-3e0ceed1257ed329022abc646c342a7c', 7, 1), ('random_sample-3e0ceed1257ed329022abc646c342a7c', 4, 8), ('random_sample-3e0ceed1257ed329022abc646c342a7c', 2, 7), ('random_sample-3e0ceed1257ed329022abc646c342a7c', 1, 4), ('random_sample-3e0ceed1257ed329022abc646c342a7c', 9, 0), ('random_sample-3e0ceed1257ed329022abc646c342a7c', 2, 3), ('random_sample-3e0ceed1257ed329022abc646c342a7c', 7, 6), ('random_sample-3e0ceed1257ed329022abc646c342a7c', 6, 2), ('random_sample-3e0ceed1257ed329022abc646c342a7c', 5, 2)} (stimulus_id='handle-worker-cleanup-1718692045.1686344')
Task exception was never retrieved
future: <Task finished name='Task-236' coro=<_listener_handler_coroutine() done, defined at /opt/conda/envs/gdf/lib/python3.9/site-packages/ucp/core.py:140> exception=UCXError('<stream_send>: Connection reset by remote peer')>
Traceback (most recent call last):
  File "/opt/conda/envs/gdf/lib/python3.9/site-packages/ucp/core.py", line 155, in _listener_handler_coroutine
    peer_info = await exchange_peer_info(
  File "/opt/conda/envs/gdf/lib/python3.9/site-packages/ucp/core.py", line 51, in exchange_peer_info
    await asyncio.wait_for(
  File "/opt/conda/envs/gdf/lib/python3.9/asyncio/tasks.py", line 479, in wait_for
    return fut.result()
ucp._libs.exceptions.UCXError: <stream_send>: Connection reset by remote peer
2024-06-18 06:27:25,174 - distributed.worker - ERROR - Worker stream died during communication: ucx://127.0.0.1:35397
Traceback (most recent call last):
  File "/opt/conda/envs/gdf/lib/python3.9/site-packages/distributed/comm/ucx.py", line 467, in connect
    ep = await ucp.create_endpoint(ip, port)
  File "/opt/conda/envs/gdf/lib/python3.9/site-packages/ucp/core.py", line 1016, in create_endpoint
    return await _get_ctx().create_endpoint(
  File "/opt/conda/envs/gdf/lib/python3.9/site-packages/ucp/core.py", line 328, in create_endpoint
    peer_info = await exchange_peer_info(
  File "/opt/conda/envs/gdf/lib/python3.9/site-packages/ucp/core.py", line 60, in exchange_peer_info
    await asyncio.wait_for(
  File "/opt/conda/envs/gdf/lib/python3.9/asyncio/tasks.py", line 479, in wait_for
    return fut.result()
ucp._libs.exceptions.UCXError: <stream_recv>: Connection reset by remote peer

During handling of the above exception, another exception occurred:

Traceback (most recent call last):
  File "/opt/conda/envs/gdf/lib/python3.9/site-packages/distributed/comm/core.py", line 342, in connect
    comm = await wait_for(
  File "/opt/conda/envs/gdf/lib/python3.9/site-packages/distributed/utils.py", line 1961, in wait_for
    return await asyncio.wait_for(fut, timeout)
  File "/opt/conda/envs/gdf/lib/python3.9/asyncio/tasks.py", line 479, in wait_for
    return fut.result()
  File "/opt/conda/envs/gdf/lib/python3.9/site-packages/distributed/comm/ucx.py", line 469, in connect
    raise CommClosedError("Connection closed before handshake completed")
distributed.comm.core.CommClosedError: Connection closed before handshake completed

During handling of the above exception, another exception occurred:

Traceback (most recent call last):
  File "/opt/conda/envs/gdf/lib/python3.9/site-packages/distributed/core.py", line 1564, in _connect
    comm = await connect(
  File "/opt/conda/envs/gdf/lib/python3.9/site-packages/distributed/comm/core.py", line 366, in connect
    await asyncio.sleep(backoff)
  File "/opt/conda/envs/gdf/lib/python3.9/asyncio/tasks.py", line 652, in sleep
    return await future
asyncio.exceptions.CancelledError

During handling of the above exception, another exception occurred:

Traceback (most recent call last):
  File "/opt/conda/envs/gdf/lib/python3.9/site-packages/distributed/core.py", line 1674, in connect
    return connect_attempt.result()
asyncio.exceptions.CancelledError

During handling of the above exception, another exception occurred:

Traceback (most recent call last):
  File "/opt/conda/envs/gdf/lib/python3.9/site-packages/distributed/worker.py", line 2059, in gather_dep
    response = await get_data_from_worker(
  File "/opt/conda/envs/gdf/lib/python3.9/site-packages/distributed/worker.py", line 2860, in get_data_from_worker
    comm = await rpc.connect(worker)
  File "/opt/conda/envs/gdf/lib/python3.9/site-packages/distributed/core.py", line 1676, in connect
    raise CommClosedError(reason)
distributed.comm.core.CommClosedError: Address removed.
Task exception was never retrieved
future: <Task finished name='Task-237' coro=<_listener_handler_coroutine() done, defined at /opt/conda/envs/gdf/lib/python3.9/site-packages/ucp/core.py:140> exception=UCXError('<stream_send>: Connection reset by remote peer')>
Traceback (most recent call last):
  File "/opt/conda/envs/gdf/lib/python3.9/site-packages/ucp/core.py", line 155, in _listener_handler_coroutine
    peer_info = await exchange_peer_info(
  File "/opt/conda/envs/gdf/lib/python3.9/site-packages/ucp/core.py", line 51, in exchange_peer_info
    await asyncio.wait_for(
  File "/opt/conda/envs/gdf/lib/python3.9/asyncio/tasks.py", line 479, in wait_for
    return fut.result()
ucp._libs.exceptions.UCXError: <stream_send>: Connection reset by remote peer
2024-06-18 06:27:25,181 - distributed.worker - ERROR - failed during get data with ucx://127.0.0.1:35155 -> ucx://127.0.0.1:35397
Traceback (most recent call last):
  File "/opt/conda/envs/gdf/lib/python3.9/site-packages/distributed/comm/ucx.py", line 334, in write
    await self.ep.send(each_frame)
  File "/opt/conda/envs/gdf/lib/python3.9/site-packages/ucp/core.py", line 662, in send
    return await comm.tag_send(self._ep, buffer, nbytes, tag, name=log)
ucp._libs.exceptions.UCXError: <[Send #007] ep: 0x7f47001d1240, tag: 0x28a81604becbdc3b, nbytes: 50000000, type: <class 'cupy.ndarray'>>: Connection reset by remote peer

During handling of the above exception, another exception occurred:

Traceback (most recent call last):
  File "/opt/conda/envs/gdf/lib/python3.9/site-packages/distributed/worker.py", line 1782, in get_data
    compressed = await comm.write(msg, serializers=serializers)
  File "/opt/conda/envs/gdf/lib/python3.9/site-packages/distributed/utils.py", line 832, in wrapper
    return await func(*args, **kwargs)
  File "/opt/conda/envs/gdf/lib/python3.9/site-packages/distributed/comm/ucx.py", line 338, in write
    raise CommClosedError("While writing, the connection was closed")
distributed.comm.core.CommClosedError: While writing, the connection was closed
Task exception was never retrieved
future: <Task finished name='Task-246' coro=<_listener_handler_coroutine() done, defined at /opt/conda/envs/gdf/lib/python3.9/site-packages/ucp/core.py:140> exception=UCXError('<stream_send>: Connection reset by remote peer')>
Traceback (most recent call last):
  File "/opt/conda/envs/gdf/lib/python3.9/site-packages/ucp/core.py", line 155, in _listener_handler_coroutine
    peer_info = await exchange_peer_info(
  File "/opt/conda/envs/gdf/lib/python3.9/site-packages/ucp/core.py", line 51, in exchange_peer_info
    await asyncio.wait_for(
  File "/opt/conda/envs/gdf/lib/python3.9/asyncio/tasks.py", line 479, in wait_for
    return fut.result()
ucp._libs.exceptions.UCXError: <stream_send>: Connection reset by remote peer
2024-06-18 06:27:25,240 - distributed.worker - ERROR - Worker stream died during communication: ucx://127.0.0.1:35397
Traceback (most recent call last):
  File "/opt/conda/envs/gdf/lib/python3.9/site-packages/distributed/core.py", line 1564, in _connect
    comm = await connect(
  File "/opt/conda/envs/gdf/lib/python3.9/site-packages/distributed/comm/core.py", line 342, in connect
    comm = await wait_for(
  File "/opt/conda/envs/gdf/lib/python3.9/site-packages/distributed/utils.py", line 1961, in wait_for
    return await asyncio.wait_for(fut, timeout)
  File "/opt/conda/envs/gdf/lib/python3.9/asyncio/tasks.py", line 466, in wait_for
    await waiter
asyncio.exceptions.CancelledError

During handling of the above exception, another exception occurred:

Traceback (most recent call last):
  File "/opt/conda/envs/gdf/lib/python3.9/site-packages/distributed/core.py", line 1674, in connect
    return connect_attempt.result()
asyncio.exceptions.CancelledError

During handling of the above exception, another exception occurred:

Traceback (most recent call last):
  File "/opt/conda/envs/gdf/lib/python3.9/site-packages/distributed/worker.py", line 2059, in gather_dep
    response = await get_data_from_worker(
  File "/opt/conda/envs/gdf/lib/python3.9/site-packages/distributed/worker.py", line 2860, in get_data_from_worker
    comm = await rpc.connect(worker)
  File "/opt/conda/envs/gdf/lib/python3.9/site-packages/distributed/core.py", line 1676, in connect
    raise CommClosedError(reason)
distributed.comm.core.CommClosedError: Address removed.
2024-06-18 06:27:25,248 - distributed.nanny - WARNING - Restarting worker
2024-06-18 06:27:25,273 - distributed.worker - ERROR - Worker stream died during communication: ucx://127.0.0.1:39931
Traceback (most recent call last):
  File "/opt/conda/envs/gdf/lib/python3.9/site-packages/distributed/comm/ucx.py", line 350, in read
    await self.ep.recv(msg)
  File "/opt/conda/envs/gdf/lib/python3.9/site-packages/ucp/core.py", line 737, in recv
    ret = await comm.tag_recv(self._ep, buffer, nbytes, tag, name=log)
ucp._libs.exceptions.UCXCanceled: <[Recv #003] ep: 0x7f4b1117e100, tag: 0x5da5904a71f509d0, nbytes: 16, type: <class 'numpy.ndarray'>>: 

During handling of the above exception, another exception occurred:

Traceback (most recent call last):
  File "/opt/conda/envs/gdf/lib/python3.9/site-packages/distributed/worker.py", line 2059, in gather_dep
    response = await get_data_from_worker(
  File "/opt/conda/envs/gdf/lib/python3.9/site-packages/distributed/worker.py", line 2863, in get_data_from_worker
    response = await send_recv(
  File "/opt/conda/envs/gdf/lib/python3.9/site-packages/distributed/core.py", line 1154, in send_recv
    response = await comm.read(deserializers=deserializers)
  File "/opt/conda/envs/gdf/lib/python3.9/site-packages/distributed/utils.py", line 832, in wrapper
    return await func(*args, **kwargs)
  File "/opt/conda/envs/gdf/lib/python3.9/site-packages/distributed/comm/ucx.py", line 368, in read
    raise CommClosedError(
distributed.comm.core.CommClosedError: Connection closed by writer.
Inner exception: UCXCanceled("<[Recv #003] ep: 0x7f4b1117e100, tag: 0x5da5904a71f509d0, nbytes: 16, type: <class 'numpy.ndarray'>>: ")
2024-06-18 06:27:25,277 - distributed.scheduler - WARNING - Removing worker 'ucx://127.0.0.1:39931' caused the cluster to lose already computed task(s), which will be recomputed elsewhere: {('random_sample-3e0ceed1257ed329022abc646c342a7c', 5, 4), ('sum-7c02ac344e9525603ecf6316c4240ece', 6, 6), ('random_sample-3e0ceed1257ed329022abc646c342a7c', 0, 5), ('random_sample-3e0ceed1257ed329022abc646c342a7c', 7, 7), ('random_sample-3e0ceed1257ed329022abc646c342a7c', 3, 1), ('random_sample-3e0ceed1257ed329022abc646c342a7c', 0, 8), ('random_sample-3e0ceed1257ed329022abc646c342a7c', 9, 7), ('random_sample-3e0ceed1257ed329022abc646c342a7c', 8, 0), ('random_sample-3e0ceed1257ed329022abc646c342a7c', 5, 6), ('random_sample-3e0ceed1257ed329022abc646c342a7c', 6, 6), ('random_sample-3e0ceed1257ed329022abc646c342a7c', 8, 9), ('random_sample-3e0ceed1257ed329022abc646c342a7c', 3, 3), ('random_sample-3e0ceed1257ed329022abc646c342a7c', 4, 3), ('random_sample-3e0ceed1257ed329022abc646c342a7c', 1, 9), ('sum-7c02ac344e9525603ecf6316c4240ece', 7, 7)} (stimulus_id='handle-worker-cleanup-1718692045.2766054')
[dgx13:83918:0:83918] Caught signal 11 (Segmentation fault: address not mapped to object at address 0x450)
==== backtrace (tid:  83918) ====
 0  /opt/conda/envs/gdf/lib/libucs.so.0(ucs_handle_error+0x2fd) [0x7f47004deefd]
 1  /opt/conda/envs/gdf/lib/libucs.so.0(+0x2c0f4) [0x7f47004df0f4]
 2  /opt/conda/envs/gdf/lib/libucs.so.0(+0x2c2ba) [0x7f47004df2ba]
 3  /usr/lib/x86_64-linux-gnu/libpthread.so.0(+0x14420) [0x7f472c1b0420]
 4  /opt/conda/envs/gdf/lib/libucp.so.0(ucp_mem_type_unpack+0x17) [0x7f47005607d7]
 5  /opt/conda/envs/gdf/lib/libucp.so.0(ucp_rndv_data_handler+0x65d) [0x7f470058928d]
 6  /opt/conda/envs/gdf/lib/libuct.so.0(+0x208df) [0x7f47004978df]
 7  /opt/conda/envs/gdf/lib/libuct.so.0(+0x23ab8) [0x7f470049aab8]
 8  /opt/conda/envs/gdf/lib/libucs.so.0(ucs_event_set_wait+0xb9) [0x7f47004e8649]
 9  /opt/conda/envs/gdf/lib/libuct.so.0(uct_tcp_iface_progress+0x7d) [0x7f4700499bcd]
10  /opt/conda/envs/gdf/lib/libucp.so.0(ucp_worker_progress+0x5a) [0x7f470055d6da]
11  /opt/conda/envs/gdf/lib/python3.9/site-packages/ucp/_libs/ucx_api.cpython-39-x86_64-linux-gnu.so(+0x3206a) [0x7f470061c06a]
12  /opt/conda/envs/gdf/bin/python(_PyEval_EvalFrameDefault+0x45a6) [0x55d8e492e516]
13  /opt/conda/envs/gdf/bin/python(+0x12e184) [0x55d8e4929184]
14  /opt/conda/envs/gdf/bin/python(_PyFunction_Vectorcall+0xd9) [0x55d8e493a559]
15  /opt/conda/envs/gdf/bin/python(_PyEval_EvalFrameDefault+0x696) [0x55d8e492a606]
16  /opt/conda/envs/gdf/bin/python(+0x13f802) [0x55d8e493a802]
17  /opt/conda/envs/gdf/bin/python(+0x14cbb3) [0x55d8e4947bb3]
18  /opt/conda/envs/gdf/bin/python(+0x25842c) [0x55d8e4a5342c]
19  /opt/conda/envs/gdf/bin/python(+0xf266c) [0x55d8e48ed66c]
20  /opt/conda/envs/gdf/bin/python(+0x136833) [0x55d8e4931833]
21  /opt/conda/envs/gdf/bin/python(_PyEval_EvalFrameDefault+0x58b4) [0x55d8e492f824]
22  /opt/conda/envs/gdf/bin/python(+0x13f802) [0x55d8e493a802]
23  /opt/conda/envs/gdf/bin/python(_PyEval_EvalFrameDefault+0x696) [0x55d8e492a606]
24  /opt/conda/envs/gdf/bin/python(+0x13f802) [0x55d8e493a802]
25  /opt/conda/envs/gdf/bin/python(_PyEval_EvalFrameDefault+0x696) [0x55d8e492a606]
26  /opt/conda/envs/gdf/bin/python(+0x13f802) [0x55d8e493a802]
27  /opt/conda/envs/gdf/bin/python(_PyEval_EvalFrameDefault+0x696) [0x55d8e492a606]
28  /opt/conda/envs/gdf/bin/python(+0x13f802) [0x55d8e493a802]
29  /opt/conda/envs/gdf/bin/python(_PyEval_EvalFrameDefault+0x696) [0x55d8e492a606]
30  /opt/conda/envs/gdf/bin/python(+0x12e184) [0x55d8e4929184]
31  /opt/conda/envs/gdf/bin/python(_PyFunction_Vectorcall+0xd9) [0x55d8e493a559]
32  /opt/conda/envs/gdf/bin/python(_PyEval_EvalFrameDefault+0x11f2) [0x55d8e492b162]
33  /opt/conda/envs/gdf/bin/python(+0x12e184) [0x55d8e4929184]
34  /opt/conda/envs/gdf/bin/python(+0x14c9fb) [0x55d8e49479fb]
35  /opt/conda/envs/gdf/bin/python(PyObject_Call+0xbc) [0x55d8e494817c]
36  /opt/conda/envs/gdf/bin/python(+0x2109ce) [0x55d8e4a0b9ce]
37  /opt/conda/envs/gdf/bin/python(_PyObject_MakeTpCall+0x2ec) [0x55d8e49327ac]
38  /opt/conda/envs/gdf/bin/python(_PyEval_EvalFrameDefault+0x45a6) [0x55d8e492e516]
39  /opt/conda/envs/gdf/bin/python(+0x13f802) [0x55d8e493a802]
40  /opt/conda/envs/gdf/bin/python(+0x14cadc) [0x55d8e4947adc]
41  /opt/conda/envs/gdf/bin/python(_PyEval_EvalFrameDefault+0x45a6) [0x55d8e492e516]
42  /opt/conda/envs/gdf/bin/python(+0x13f802) [0x55d8e493a802]
43  /opt/conda/envs/gdf/bin/python(_PyEval_EvalFrameDefault+0x696) [0x55d8e492a606]
44  /opt/conda/envs/gdf/bin/python(+0x12e184) [0x55d8e4929184]
45  /opt/conda/envs/gdf/bin/python(_PyFunction_Vectorcall+0xd9) [0x55d8e493a559]
46  /opt/conda/envs/gdf/bin/python(_PyEval_EvalFrameDefault+0x696) [0x55d8e492a606]
47  /opt/conda/envs/gdf/bin/python(+0x13f802) [0x55d8e493a802]
48  /opt/conda/envs/gdf/bin/python(_PyEval_EvalFrameDefault+0x3e2) [0x55d8e492a352]
49  /opt/conda/envs/gdf/bin/python(+0x12e184) [0x55d8e4929184]
50  /opt/conda/envs/gdf/bin/python(_PyFunction_Vectorcall+0xd9) [0x55d8e493a559]
51  /opt/conda/envs/gdf/bin/python(_PyEval_EvalFrameDefault+0x11f2) [0x55d8e492b162]
52  /opt/conda/envs/gdf/bin/python(+0x12e184) [0x55d8e4929184]
53  /opt/conda/envs/gdf/bin/python(_PyEval_EvalCodeWithName+0x48) [0x55d8e4928e58]
54  /opt/conda/envs/gdf/bin/python(PyEval_EvalCodeEx+0x39) [0x55d8e4928e09]
55  /opt/conda/envs/gdf/bin/python(PyEval_EvalCode+0x1b) [0x55d8e49d64ab]
56  /opt/conda/envs/gdf/bin/python(+0x20887a) [0x55d8e4a0387a]
57  /opt/conda/envs/gdf/bin/python(+0x204c03) [0x55d8e49ffc03]
58  /opt/conda/envs/gdf/bin/python(PyRun_StringFlags+0x9a) [0x55d8e49f7a1a]
59  /opt/conda/envs/gdf/bin/python(PyRun_SimpleStringFlags+0x3c) [0x55d8e49f790c]
60  /opt/conda/envs/gdf/bin/python(Py_RunMain+0x267) [0x55d8e49f6b47]
61  /opt/conda/envs/gdf/bin/python(Py_BytesMain+0x37) [0x55d8e49ca2e7]
=================================
2024-06-18 06:27:25,341 - distributed.worker - ERROR - failed during get data with ucx://127.0.0.1:52949 -> ucx://127.0.0.1:56165
Traceback (most recent call last):
  File "/opt/conda/envs/gdf/lib/python3.9/site-packages/distributed/comm/ucx.py", line 334, in write
    await self.ep.send(each_frame)
  File "/opt/conda/envs/gdf/lib/python3.9/site-packages/ucp/core.py", line 662, in send
    return await comm.tag_send(self._ep, buffer, nbytes, tag, name=log)
ucp._libs.exceptions.UCXError: <[Send #007] ep: 0x7f4b1117e280, tag: 0x607692848591cd4f, nbytes: 50000000, type: <class 'cupy.ndarray'>>: Connection reset by remote peer

During handling of the above exception, another exception occurred:

Traceback (most recent call last):
  File "/opt/conda/envs/gdf/lib/python3.9/site-packages/distributed/worker.py", line 1782, in get_data
    compressed = await comm.write(msg, serializers=serializers)
  File "/opt/conda/envs/gdf/lib/python3.9/site-packages/distributed/utils.py", line 832, in wrapper
    return await func(*args, **kwargs)
  File "/opt/conda/envs/gdf/lib/python3.9/site-packages/distributed/comm/ucx.py", line 338, in write
    raise CommClosedError("While writing, the connection was closed")
distributed.comm.core.CommClosedError: While writing, the connection was closed
2024-06-18 06:27:25,342 - distributed.worker - ERROR - failed during get data with ucx://127.0.0.1:52949 -> ucx://127.0.0.1:39931
Traceback (most recent call last):
  File "/opt/conda/envs/gdf/lib/python3.9/site-packages/distributed/comm/ucx.py", line 334, in write
    await self.ep.send(each_frame)
  File "/opt/conda/envs/gdf/lib/python3.9/site-packages/ucp/core.py", line 662, in send
    return await comm.tag_send(self._ep, buffer, nbytes, tag, name=log)
ucp._libs.exceptions.UCXError: <[Send #007] ep: 0x7f4b1117e200, tag: 0x1d73cea4ea0b6b62, nbytes: 50000000, type: <class 'cupy.ndarray'>>: Connection reset by remote peer

During handling of the above exception, another exception occurred:

Traceback (most recent call last):
  File "/opt/conda/envs/gdf/lib/python3.9/site-packages/distributed/worker.py", line 1782, in get_data
    compressed = await comm.write(msg, serializers=serializers)
  File "/opt/conda/envs/gdf/lib/python3.9/site-packages/distributed/utils.py", line 832, in wrapper
    return await func(*args, **kwargs)
  File "/opt/conda/envs/gdf/lib/python3.9/site-packages/distributed/comm/ucx.py", line 338, in write
    raise CommClosedError("While writing, the connection was closed")
distributed.comm.core.CommClosedError: While writing, the connection was closed
2024-06-18 06:27:25,343 - distributed.worker - ERROR - Worker stream died during communication: ucx://127.0.0.1:56165
Traceback (most recent call last):
  File "/opt/conda/envs/gdf/lib/python3.9/site-packages/distributed/comm/ucx.py", line 350, in read
    await self.ep.recv(msg)
  File "/opt/conda/envs/gdf/lib/python3.9/site-packages/ucp/core.py", line 737, in recv
    ret = await comm.tag_recv(self._ep, buffer, nbytes, tag, name=log)
ucp._libs.exceptions.UCXCanceled: <[Recv #003] ep: 0x7f4b1117e180, tag: 0xc89cce7afcb18305, nbytes: 16, type: <class 'numpy.ndarray'>>: 

During handling of the above exception, another exception occurred:

Traceback (most recent call last):
  File "/opt/conda/envs/gdf/lib/python3.9/site-packages/distributed/worker.py", line 2059, in gather_dep
    response = await get_data_from_worker(
  File "/opt/conda/envs/gdf/lib/python3.9/site-packages/distributed/worker.py", line 2863, in get_data_from_worker
    response = await send_recv(
  File "/opt/conda/envs/gdf/lib/python3.9/site-packages/distributed/core.py", line 1154, in send_recv
    response = await comm.read(deserializers=deserializers)
  File "/opt/conda/envs/gdf/lib/python3.9/site-packages/distributed/utils.py", line 832, in wrapper
    return await func(*args, **kwargs)
  File "/opt/conda/envs/gdf/lib/python3.9/site-packages/distributed/comm/ucx.py", line 368, in read
    raise CommClosedError(
distributed.comm.core.CommClosedError: Connection closed by writer.
Inner exception: UCXCanceled("<[Recv #003] ep: 0x7f4b1117e180, tag: 0xc89cce7afcb18305, nbytes: 16, type: <class 'numpy.ndarray'>>: ")
2024-06-18 06:27:25,344 - distributed.scheduler - WARNING - Removing worker 'ucx://127.0.0.1:56165' caused the cluster to lose already computed task(s), which will be recomputed elsewhere: {('random_sample-3e0ceed1257ed329022abc646c342a7c', 8, 8), ('sum-7c02ac344e9525603ecf6316c4240ece', 5, 5), ('random_sample-3e0ceed1257ed329022abc646c342a7c', 5, 8), ('sum-7c02ac344e9525603ecf6316c4240ece', 8, 8), ('random_sample-3e0ceed1257ed329022abc646c342a7c', 0, 4), ('random_sample-3e0ceed1257ed329022abc646c342a7c', 3, 0), ('random_sample-3e0ceed1257ed329022abc646c342a7c', 7, 3), ('random_sample-3e0ceed1257ed329022abc646c342a7c', 7, 9), ('random_sample-3e0ceed1257ed329022abc646c342a7c', 8, 2), ('random_sample-3e0ceed1257ed329022abc646c342a7c', 0, 7), ('random_sample-3e0ceed1257ed329022abc646c342a7c', 5, 5), ('random_sample-3e0ceed1257ed329022abc646c342a7c', 9, 6), ('random_sample-3e0ceed1257ed329022abc646c342a7c', 3, 2), ('random_sample-3e0ceed1257ed329022abc646c342a7c', 1, 8), ('random_sample-3e0ceed1257ed329022abc646c342a7c', 4, 2)} (stimulus_id='handle-worker-cleanup-1718692045.3444018')
2024-06-18 06:27:25,352 - distributed.worker - ERROR - Worker stream died during communication: ucx://127.0.0.1:56165
Traceback (most recent call last):
  File "/opt/conda/envs/gdf/lib/python3.9/site-packages/distributed/comm/ucx.py", line 350, in read
    await self.ep.recv(msg)
  File "/opt/conda/envs/gdf/lib/python3.9/site-packages/ucp/core.py", line 737, in recv
    ret = await comm.tag_recv(self._ep, buffer, nbytes, tag, name=log)
ucp._libs.exceptions.UCXCanceled: <[Recv #000] ep: 0x7f0e7d2d2180, tag: 0xe0858f08330b5506, nbytes: 16, type: <class 'numpy.ndarray'>>: 

During handling of the above exception, another exception occurred:

Traceback (most recent call last):
  File "/opt/conda/envs/gdf/lib/python3.9/site-packages/distributed/worker.py", line 2059, in gather_dep
    response = await get_data_from_worker(
  File "/opt/conda/envs/gdf/lib/python3.9/site-packages/distributed/worker.py", line 2860, in get_data_from_worker
    comm = await rpc.connect(worker)
  File "/opt/conda/envs/gdf/lib/python3.9/site-packages/distributed/core.py", line 1674, in connect
    return connect_attempt.result()
  File "/opt/conda/envs/gdf/lib/python3.9/site-packages/distributed/core.py", line 1564, in _connect
    comm = await connect(
  File "/opt/conda/envs/gdf/lib/python3.9/site-packages/distributed/comm/core.py", line 377, in connect
    handshake = await comm.read()
  File "/opt/conda/envs/gdf/lib/python3.9/site-packages/distributed/utils.py", line 832, in wrapper
    return await func(*args, **kwargs)
  File "/opt/conda/envs/gdf/lib/python3.9/site-packages/distributed/comm/ucx.py", line 368, in read
    raise CommClosedError(
distributed.comm.core.CommClosedError: Connection closed by writer.
Inner exception: UCXCanceled("<[Recv #000] ep: 0x7f0e7d2d2180, tag: 0xe0858f08330b5506, nbytes: 16, type: <class 'numpy.ndarray'>>: ")
2024-06-18 06:27:25,355 - distributed.nanny - WARNING - Restarting worker
[dgx13:83932:0:83932] Caught signal 11 (Segmentation fault: address not mapped to object at address 0x450)
==== backtrace (tid:  83932) ====
 0  /opt/conda/envs/gdf/lib/libucs.so.0(ucs_handle_error+0x2fd) [0x7fe768064efd]
 1  /opt/conda/envs/gdf/lib/libucs.so.0(+0x2c0f4) [0x7fe7680650f4]
 2  /opt/conda/envs/gdf/lib/libucs.so.0(+0x2c2ba) [0x7fe7680652ba]
 3  /usr/lib/x86_64-linux-gnu/libpthread.so.0(+0x14420) [0x7fe7a1ba9420]
 4  /opt/conda/envs/gdf/lib/libucp.so.0(ucp_mem_type_unpack+0x17) [0x7fe761eca7d7]
 5  /opt/conda/envs/gdf/lib/libucp.so.0(ucp_rndv_data_handler+0x65d) [0x7fe761ef328d]
 6  /opt/conda/envs/gdf/lib/libuct.so.0(+0x208df) [0x7fe761e638df]
 7  /opt/conda/envs/gdf/lib/libuct.so.0(+0x23ab8) [0x7fe761e66ab8]
 8  /opt/conda/envs/gdf/lib/libucs.so.0(ucs_event_set_wait+0xb9) [0x7fe76806e649]
 9  /opt/conda/envs/gdf/lib/libuct.so.0(uct_tcp_iface_progress+0x7d) [0x7fe761e65bcd]
10  /opt/conda/envs/gdf/lib/libucp.so.0(ucp_worker_progress+0x5a) [0x7fe761ec76da]
11  /opt/conda/envs/gdf/lib/python3.9/site-packages/ucp/_libs/ucx_api.cpython-39-x86_64-linux-gnu.so(+0x3206a) [0x7fe761f8606a]
12  /opt/conda/envs/gdf/bin/python(_PyEval_EvalFrameDefault+0x45a6) [0x55d4f8521516]
13  /opt/conda/envs/gdf/bin/python(+0x12e184) [0x55d4f851c184]
14  /opt/conda/envs/gdf/bin/python(_PyFunction_Vectorcall+0xd9) [0x55d4f852d559]
15  /opt/conda/envs/gdf/bin/python(_PyEval_EvalFrameDefault+0x696) [0x55d4f851d606]
16  /opt/conda/envs/gdf/bin/python(+0x13f802) [0x55d4f852d802]
17  /opt/conda/envs/gdf/bin/python(+0x14cbb3) [0x55d4f853abb3]
18  /opt/conda/envs/gdf/bin/python(+0x25842c) [0x55d4f864642c]
19  /opt/conda/envs/gdf/bin/python(+0xf266c) [0x55d4f84e066c]
20  /opt/conda/envs/gdf/bin/python(+0x136833) [0x55d4f8524833]
21  /opt/conda/envs/gdf/bin/python(_PyEval_EvalFrameDefault+0x58b4) [0x55d4f8522824]
22  /opt/conda/envs/gdf/bin/python(+0x13f802) [0x55d4f852d802]
23  /opt/conda/envs/gdf/bin/python(_PyEval_EvalFrameDefault+0x696) [0x55d4f851d606]
24  /opt/conda/envs/gdf/bin/python(+0x13f802) [0x55d4f852d802]
25  /opt/conda/envs/gdf/bin/python(_PyEval_EvalFrameDefault+0x696) [0x55d4f851d606]
26  /opt/conda/envs/gdf/bin/python(+0x13f802) [0x55d4f852d802]
27  /opt/conda/envs/gdf/bin/python(_PyEval_EvalFrameDefault+0x696) [0x55d4f851d606]
28  /opt/conda/envs/gdf/bin/python(+0x13f802) [0x55d4f852d802]
29  /opt/conda/envs/gdf/bin/python(_PyEval_EvalFrameDefault+0x696) [0x55d4f851d606]
30  /opt/conda/envs/gdf/bin/python(+0x12e184) [0x55d4f851c184]
31  /opt/conda/envs/gdf/bin/python(_PyFunction_Vectorcall+0xd9) [0x55d4f852d559]
32  /opt/conda/envs/gdf/bin/python(_PyEval_EvalFrameDefault+0x11f2) [0x55d4f851e162]
33  /opt/conda/envs/gdf/bin/python(+0x12e184) [0x55d4f851c184]
34  /opt/conda/envs/gdf/bin/python(+0x14c9fb) [0x55d4f853a9fb]
35  /opt/conda/envs/gdf/bin/python(PyObject_Call+0xbc) [0x55d4f853b17c]
36  /opt/conda/envs/gdf/bin/python(+0x2109ce) [0x55d4f85fe9ce]
37  /opt/conda/envs/gdf/bin/python(_PyObject_MakeTpCall+0x2ec) [0x55d4f85257ac]
38  /opt/conda/envs/gdf/bin/python(_PyEval_EvalFrameDefault+0x45a6) [0x55d4f8521516]
39  /opt/conda/envs/gdf/bin/python(+0x13f802) [0x55d4f852d802]
40  /opt/conda/envs/gdf/bin/python(+0x14cadc) [0x55d4f853aadc]
41  /opt/conda/envs/gdf/bin/python(_PyEval_EvalFrameDefault+0x45a6) [0x55d4f8521516]
42  /opt/conda/envs/gdf/bin/python(+0x13f802) [0x55d4f852d802]
43  /opt/conda/envs/gdf/bin/python(_PyEval_EvalFrameDefault+0x696) [0x55d4f851d606]
44  /opt/conda/envs/gdf/bin/python(+0x12e184) [0x55d4f851c184]
45  /opt/conda/envs/gdf/bin/python(_PyFunction_Vectorcall+0xd9) [0x55d4f852d559]
46  /opt/conda/envs/gdf/bin/python(_PyEval_EvalFrameDefault+0x696) [0x55d4f851d606]
47  /opt/conda/envs/gdf/bin/python(+0x13f802) [0x55d4f852d802]
48  /opt/conda/envs/gdf/bin/python(_PyEval_EvalFrameDefault+0x3e2) [0x55d4f851d352]
49  /opt/conda/envs/gdf/bin/python(+0x12e184) [0x55d4f851c184]
50  /opt/conda/envs/gdf/bin/python(_PyFunction_Vectorcall+0xd9) [0x55d4f852d559]
51  /opt/conda/envs/gdf/bin/python(_PyEval_EvalFrameDefault+0x11f2) [0x55d4f851e162]
52  /opt/conda/envs/gdf/bin/python(+0x12e184) [0x55d4f851c184]
53  /opt/conda/envs/gdf/bin/python(_PyEval_EvalCodeWithName+0x48) [0x55d4f851be58]
54  /opt/conda/envs/gdf/bin/python(PyEval_EvalCodeEx+0x39) [0x55d4f851be09]
55  /opt/conda/envs/gdf/bin/python(PyEval_EvalCode+0x1b) [0x55d4f85c94ab]
56  /opt/conda/envs/gdf/bin/python(+0x20887a) [0x55d4f85f687a]
57  /opt/conda/envs/gdf/bin/python(+0x204c03) [0x55d4f85f2c03]
58  /opt/conda/envs/gdf/bin/python(PyRun_StringFlags+0x9a) [0x55d4f85eaa1a]
59  /opt/conda/envs/gdf/bin/python(PyRun_SimpleStringFlags+0x3c) [0x55d4f85ea90c]
60  /opt/conda/envs/gdf/bin/python(Py_RunMain+0x267) [0x55d4f85e9b47]
61  /opt/conda/envs/gdf/bin/python(Py_BytesMain+0x37) [0x55d4f85bd2e7]
=================================
2024-06-18 06:27:25,352 - distributed.worker - ERROR - Worker stream died during communication: ucx://127.0.0.1:56165
Traceback (most recent call last):
  File "/opt/conda/envs/gdf/lib/python3.9/site-packages/distributed/core.py", line 1564, in _connect
    comm = await connect(
  File "/opt/conda/envs/gdf/lib/python3.9/site-packages/distributed/comm/core.py", line 342, in connect
    comm = await wait_for(
  File "/opt/conda/envs/gdf/lib/python3.9/site-packages/distributed/utils.py", line 1961, in wait_for
    return await asyncio.wait_for(fut, timeout)
  File "/opt/conda/envs/gdf/lib/python3.9/asyncio/tasks.py", line 466, in wait_for
    await waiter
asyncio.exceptions.CancelledError

During handling of the above exception, another exception occurred:

Traceback (most recent call last):
  File "/opt/conda/envs/gdf/lib/python3.9/site-packages/distributed/core.py", line 1674, in connect
    return connect_attempt.result()
asyncio.exceptions.CancelledError

During handling of the above exception, another exception occurred:

Traceback (most recent call last):
  File "/opt/conda/envs/gdf/lib/python3.9/site-packages/distributed/worker.py", line 2059, in gather_dep
    response = await get_data_from_worker(
  File "/opt/conda/envs/gdf/lib/python3.9/site-packages/distributed/worker.py", line 2860, in get_data_from_worker
    comm = await rpc.connect(worker)
  File "/opt/conda/envs/gdf/lib/python3.9/site-packages/distributed/core.py", line 1676, in connect
    raise CommClosedError(reason)
distributed.comm.core.CommClosedError: Address removed.
2024-06-18 06:27:25,409 - distributed.worker - ERROR - Worker stream died during communication: ucx://127.0.0.1:56165
Traceback (most recent call last):
  File "/opt/conda/envs/gdf/lib/python3.9/site-packages/distributed/comm/ucx.py", line 350, in read
    await self.ep.recv(msg)
  File "/opt/conda/envs/gdf/lib/python3.9/site-packages/ucp/core.py", line 737, in recv
    ret = await comm.tag_recv(self._ep, buffer, nbytes, tag, name=log)
ucp._libs.exceptions.UCXCanceled: <[Recv #003] ep: 0x7ff4fc9fe180, tag: 0x3bc4284b30edbec0, nbytes: 16, type: <class 'numpy.ndarray'>>: 

During handling of the above exception, another exception occurred:

Traceback (most recent call last):
  File "/opt/conda/envs/gdf/lib/python3.9/site-packages/distributed/worker.py", line 2059, in gather_dep
    response = await get_data_from_worker(
  File "/opt/conda/envs/gdf/lib/python3.9/site-packages/distributed/worker.py", line 2863, in get_data_from_worker
    response = await send_recv(
  File "/opt/conda/envs/gdf/lib/python3.9/site-packages/distributed/core.py", line 1154, in send_recv
    response = await comm.read(deserializers=deserializers)
  File "/opt/conda/envs/gdf/lib/python3.9/site-packages/distributed/utils.py", line 832, in wrapper
    return await func(*args, **kwargs)
  File "/opt/conda/envs/gdf/lib/python3.9/site-packages/distributed/comm/ucx.py", line 368, in read
    raise CommClosedError(
distributed.comm.core.CommClosedError: Connection closed by writer.
Inner exception: UCXCanceled("<[Recv #003] ep: 0x7ff4fc9fe180, tag: 0x3bc4284b30edbec0, nbytes: 16, type: <class 'numpy.ndarray'>>: ")
2024-06-18 06:27:25,465 - distributed.nanny - WARNING - Restarting worker
2024-06-18 06:27:25,518 - distributed.worker - ERROR - Worker stream died during communication: ucx://127.0.0.1:35155
Traceback (most recent call last):
  File "/opt/conda/envs/gdf/lib/python3.9/site-packages/distributed/comm/ucx.py", line 392, in read
    await self.ep.recv(each_frame)
  File "/opt/conda/envs/gdf/lib/python3.9/site-packages/ucp/core.py", line 737, in recv
    ret = await comm.tag_recv(self._ep, buffer, nbytes, tag, name=log)
ucp._libs.exceptions.UCXError: <[Recv #007] ep: 0x7f0e7d2d2100, tag: 0x6f24129f1cd7f961, nbytes: 50000000, type: <class 'rmm._lib.device_buffer.DeviceBuffer'>>: Connection reset by remote peer

During handling of the above exception, another exception occurred:

Traceback (most recent call last):
  File "/opt/conda/envs/gdf/lib/python3.9/site-packages/distributed/worker.py", line 2059, in gather_dep
    response = await get_data_from_worker(
  File "/opt/conda/envs/gdf/lib/python3.9/site-packages/distributed/worker.py", line 2863, in get_data_from_worker
    response = await send_recv(
  File "/opt/conda/envs/gdf/lib/python3.9/site-packages/distributed/core.py", line 1154, in send_recv
    response = await comm.read(deserializers=deserializers)
  File "/opt/conda/envs/gdf/lib/python3.9/site-packages/distributed/utils.py", line 832, in wrapper
    return await func(*args, **kwargs)
  File "/opt/conda/envs/gdf/lib/python3.9/site-packages/distributed/comm/ucx.py", line 398, in read
    raise CommClosedError(
distributed.comm.core.CommClosedError: Connection closed by writer.
Inner exception: UCXError("<[Recv #007] ep: 0x7f0e7d2d2100, tag: 0x6f24129f1cd7f961, nbytes: 50000000, type: <class 'rmm._lib.device_buffer.DeviceBuffer'>>: Connection reset by remote peer")
2024-06-18 06:27:25,519 - distributed.worker - ERROR - failed during get data with ucx://127.0.0.1:53073 -> ucx://127.0.0.1:35155
Traceback (most recent call last):
  File "/opt/conda/envs/gdf/lib/python3.9/site-packages/distributed/comm/ucx.py", line 334, in write
    await self.ep.send(each_frame)
  File "/opt/conda/envs/gdf/lib/python3.9/site-packages/ucp/core.py", line 662, in send
    return await comm.tag_send(self._ep, buffer, nbytes, tag, name=log)
ucp._libs.exceptions.UCXError: <[Send #007] ep: 0x7f0e7d2d2240, tag: 0x34f07bbf362f3b6, nbytes: 50000000, type: <class 'cupy.ndarray'>>: Connection reset by remote peer

During handling of the above exception, another exception occurred:

Traceback (most recent call last):
  File "/opt/conda/envs/gdf/lib/python3.9/site-packages/distributed/worker.py", line 1782, in get_data
    compressed = await comm.write(msg, serializers=serializers)
  File "/opt/conda/envs/gdf/lib/python3.9/site-packages/distributed/utils.py", line 832, in wrapper
    return await func(*args, **kwargs)
  File "/opt/conda/envs/gdf/lib/python3.9/site-packages/distributed/comm/ucx.py", line 338, in write
    raise CommClosedError("While writing, the connection was closed")
distributed.comm.core.CommClosedError: While writing, the connection was closed
Task exception was never retrieved
future: <Task finished name='Task-1497' coro=<_listener_handler_coroutine() done, defined at /opt/conda/envs/gdf/lib/python3.9/site-packages/ucp/core.py:140> exception=UCXError('<stream_send>: Connection reset by remote peer')>
Traceback (most recent call last):
  File "/opt/conda/envs/gdf/lib/python3.9/site-packages/ucp/core.py", line 155, in _listener_handler_coroutine
    peer_info = await exchange_peer_info(
  File "/opt/conda/envs/gdf/lib/python3.9/site-packages/ucp/core.py", line 51, in exchange_peer_info
    await asyncio.wait_for(
  File "/opt/conda/envs/gdf/lib/python3.9/asyncio/tasks.py", line 479, in wait_for
    return fut.result()
ucp._libs.exceptions.UCXError: <stream_send>: Connection reset by remote peer
2024-06-18 06:27:25,524 - distributed.scheduler - WARNING - Removing worker 'ucx://127.0.0.1:35155' caused the cluster to lose already computed task(s), which will be recomputed elsewhere: {('random_sample-3e0ceed1257ed329022abc646c342a7c', 6, 1), ('random_sample-3e0ceed1257ed329022abc646c342a7c', 3, 7), ('random_sample-3e0ceed1257ed329022abc646c342a7c', 2, 4), ('random_sample-3e0ceed1257ed329022abc646c342a7c', 8, 4), ('random_sample-3e0ceed1257ed329022abc646c342a7c', 7, 0), ('random_sample-3e0ceed1257ed329022abc646c342a7c', 5, 7), ('random_sample-3e0ceed1257ed329022abc646c342a7c', 1, 3), ('random_sample-3e0ceed1257ed329022abc646c342a7c', 0, 1), ('random_sample-3e0ceed1257ed329022abc646c342a7c', 7, 5), ('random_sample-3e0ceed1257ed329022abc646c342a7c', 9, 2), ('random_sample-3e0ceed1257ed329022abc646c342a7c', 5, 1), ('random_sample-3e0ceed1257ed329022abc646c342a7c', 2, 8)} (stimulus_id='handle-worker-cleanup-1718692045.5243316')
2024-06-18 06:27:25,525 - distributed.worker - ERROR - failed during get data with ucx://127.0.0.1:52949 -> ucx://127.0.0.1:35155
Traceback (most recent call last):
  File "/opt/conda/envs/gdf/lib/python3.9/site-packages/distributed/comm/ucx.py", line 334, in write
    await self.ep.send(each_frame)
  File "/opt/conda/envs/gdf/lib/python3.9/site-packages/ucp/core.py", line 662, in send
    return await comm.tag_send(self._ep, buffer, nbytes, tag, name=log)
ucp._libs.exceptions.UCXError: <[Send #012] ep: 0x7f4b1117e1c0, tag: 0x61f0c3fbbba61072, nbytes: 50000000, type: <class 'cupy.ndarray'>>: Connection reset by remote peer

During handling of the above exception, another exception occurred:

Traceback (most recent call last):
  File "/opt/conda/envs/gdf/lib/python3.9/site-packages/distributed/worker.py", line 1782, in get_data
    compressed = await comm.write(msg, serializers=serializers)
  File "/opt/conda/envs/gdf/lib/python3.9/site-packages/distributed/utils.py", line 832, in wrapper
    return await func(*args, **kwargs)
  File "/opt/conda/envs/gdf/lib/python3.9/site-packages/distributed/comm/ucx.py", line 338, in write
    raise CommClosedError("While writing, the connection was closed")
distributed.comm.core.CommClosedError: While writing, the connection was closed
2024-06-18 06:27:25,525 - distributed.worker - ERROR - Worker stream died during communication: ucx://127.0.0.1:35155
Traceback (most recent call last):
  File "/opt/conda/envs/gdf/lib/python3.9/site-packages/distributed/comm/ucx.py", line 350, in read
    await self.ep.recv(msg)
  File "/opt/conda/envs/gdf/lib/python3.9/site-packages/ucp/core.py", line 737, in recv
    ret = await comm.tag_recv(self._ep, buffer, nbytes, tag, name=log)
ucp._libs.exceptions.UCXCanceled: <[Recv #008] ep: 0x7f4b1117e140, tag: 0xb23af3f8d4506b7, nbytes: 16, type: <class 'numpy.ndarray'>>: 

During handling of the above exception, another exception occurred:

Traceback (most recent call last):
  File "/opt/conda/envs/gdf/lib/python3.9/site-packages/distributed/worker.py", line 2059, in gather_dep
    response = await get_data_from_worker(
  File "/opt/conda/envs/gdf/lib/python3.9/site-packages/distributed/worker.py", line 2863, in get_data_from_worker
    response = await send_recv(
  File "/opt/conda/envs/gdf/lib/python3.9/site-packages/distributed/core.py", line 1154, in send_recv
    response = await comm.read(deserializers=deserializers)
  File "/opt/conda/envs/gdf/lib/python3.9/site-packages/distributed/utils.py", line 832, in wrapper
    return await func(*args, **kwargs)
  File "/opt/conda/envs/gdf/lib/python3.9/site-packages/distributed/comm/ucx.py", line 368, in read
    raise CommClosedError(
distributed.comm.core.CommClosedError: Connection closed by writer.
Inner exception: UCXCanceled("<[Recv #008] ep: 0x7f4b1117e140, tag: 0xb23af3f8d4506b7, nbytes: 16, type: <class 'numpy.ndarray'>>: ")
2024-06-18 06:27:25,585 - distributed.worker - ERROR - failed during get data with ucx://127.0.0.1:53073 -> ucx://127.0.0.1:59891
Traceback (most recent call last):
  File "/opt/conda/envs/gdf/lib/python3.9/site-packages/distributed/comm/ucx.py", line 334, in write
    await self.ep.send(each_frame)
  File "/opt/conda/envs/gdf/lib/python3.9/site-packages/ucp/core.py", line 662, in send
    return await comm.tag_send(self._ep, buffer, nbytes, tag, name=log)
ucp._libs.exceptions.UCXError: <[Send #007] ep: 0x7f0e7d2d2380, tag: 0xb4a4046132cda67a, nbytes: 50000000, type: <class 'cupy.ndarray'>>: Connection reset by remote peer

During handling of the above exception, another exception occurred:

Traceback (most recent call last):
  File "/opt/conda/envs/gdf/lib/python3.9/site-packages/distributed/worker.py", line 1782, in get_data
    compressed = await comm.write(msg, serializers=serializers)
  File "/opt/conda/envs/gdf/lib/python3.9/site-packages/distributed/utils.py", line 832, in wrapper
    return await func(*args, **kwargs)
  File "/opt/conda/envs/gdf/lib/python3.9/site-packages/distributed/comm/ucx.py", line 338, in write
    raise CommClosedError("While writing, the connection was closed")
distributed.comm.core.CommClosedError: While writing, the connection was closed
2024-06-18 06:27:25,585 - distributed.worker - ERROR - failed during get data with ucx://127.0.0.1:49927 -> ucx://127.0.0.1:59891
Traceback (most recent call last):
  File "/opt/conda/envs/gdf/lib/python3.9/site-packages/distributed/comm/ucx.py", line 334, in write
    await self.ep.send(each_frame)
  File "/opt/conda/envs/gdf/lib/python3.9/site-packages/ucp/core.py", line 662, in send
    return await comm.tag_send(self._ep, buffer, nbytes, tag, name=log)
ucp._libs.exceptions.UCXError: <[Send #007] ep: 0x7ff4fc9fe2c0, tag: 0xea07bbc5fbc35719, nbytes: 50000000, type: <class 'cupy.ndarray'>>: Connection reset by remote peer

During handling of the above exception, another exception occurred:

Traceback (most recent call last):
  File "/opt/conda/envs/gdf/lib/python3.9/site-packages/distributed/worker.py", line 1782, in get_data
    compressed = await comm.write(msg, serializers=serializers)
  File "/opt/conda/envs/gdf/lib/python3.9/site-packages/distributed/utils.py", line 832, in wrapper
    return await func(*args, **kwargs)
  File "/opt/conda/envs/gdf/lib/python3.9/site-packages/distributed/comm/ucx.py", line 338, in write
    raise CommClosedError("While writing, the connection was closed")
distributed.comm.core.CommClosedError: While writing, the connection was closed
2024-06-18 06:27:25,585 - distributed.scheduler - WARNING - Removing worker 'ucx://127.0.0.1:59891' caused the cluster to lose already computed task(s), which will be recomputed elsewhere: {('random_sample-3e0ceed1257ed329022abc646c342a7c', 4, 5), ('random_sample-3e0ceed1257ed329022abc646c342a7c', 1, 1), ('sum-7c02ac344e9525603ecf6316c4240ece', 4, 9), ('random_sample-3e0ceed1257ed329022abc646c342a7c', 2, 1), ('random_sample-3e0ceed1257ed329022abc646c342a7c', 9, 4), ('sum-7c02ac344e9525603ecf6316c4240ece', 1, 1), ('sum-7c02ac344e9525603ecf6316c4240ece', 6, 8), ('random_sample-3e0ceed1257ed329022abc646c342a7c', 5, 9), ('sum-7c02ac344e9525603ecf6316c4240ece', 9, 4), ('random_sample-3e0ceed1257ed329022abc646c342a7c', 2, 5), ('random_sample-3e0ceed1257ed329022abc646c342a7c', 8, 6), ('random_sample-3e0ceed1257ed329022abc646c342a7c', 7, 2), ('random_sample-3e0ceed1257ed329022abc646c342a7c', 4, 9), ('sum-7c02ac344e9525603ecf6316c4240ece', 8, 6), ('random_sample-3e0ceed1257ed329022abc646c342a7c', 6, 8), ('random_sample-3e0ceed1257ed329022abc646c342a7c', 3, 5)} (stimulus_id='handle-worker-cleanup-1718692045.5853446')
2024-06-18 06:27:25,585 - distributed.worker - ERROR - Worker stream died during communication: ucx://127.0.0.1:59891
Traceback (most recent call last):
  File "/opt/conda/envs/gdf/lib/python3.9/site-packages/distributed/comm/ucx.py", line 392, in read
    await self.ep.recv(each_frame)
  File "/opt/conda/envs/gdf/lib/python3.9/site-packages/ucp/core.py", line 737, in recv
    ret = await comm.tag_recv(self._ep, buffer, nbytes, tag, name=log)
ucp._libs.exceptions.UCXError: <[Recv #007] ep: 0x7f0e7d2d2140, tag: 0xf433d96ddca41b7b, nbytes: 50000000, type: <class 'rmm._lib.device_buffer.DeviceBuffer'>>: Connection reset by remote peer

During handling of the above exception, another exception occurred:

Traceback (most recent call last):
  File "/opt/conda/envs/gdf/lib/python3.9/site-packages/distributed/worker.py", line 2059, in gather_dep
    response = await get_data_from_worker(
  File "/opt/conda/envs/gdf/lib/python3.9/site-packages/distributed/worker.py", line 2863, in get_data_from_worker
    response = await send_recv(
  File "/opt/conda/envs/gdf/lib/python3.9/site-packages/distributed/core.py", line 1154, in send_recv
    response = await comm.read(deserializers=deserializers)
  File "/opt/conda/envs/gdf/lib/python3.9/site-packages/distributed/utils.py", line 832, in wrapper
    return await func(*args, **kwargs)
  File "/opt/conda/envs/gdf/lib/python3.9/site-packages/distributed/comm/ucx.py", line 398, in read
    raise CommClosedError(
distributed.comm.core.CommClosedError: Connection closed by writer.
Inner exception: UCXError("<[Recv #007] ep: 0x7f0e7d2d2140, tag: 0xf433d96ddca41b7b, nbytes: 50000000, type: <class 'rmm._lib.device_buffer.DeviceBuffer'>>: Connection reset by remote peer")
2024-06-18 06:27:25,600 - distributed.worker - ERROR - Worker stream died during communication: ucx://127.0.0.1:59891
Traceback (most recent call last):
  File "/opt/conda/envs/gdf/lib/python3.9/site-packages/distributed/core.py", line 1564, in _connect
    comm = await connect(
  File "/opt/conda/envs/gdf/lib/python3.9/site-packages/distributed/comm/core.py", line 342, in connect
    comm = await wait_for(
  File "/opt/conda/envs/gdf/lib/python3.9/site-packages/distributed/utils.py", line 1961, in wait_for
    return await asyncio.wait_for(fut, timeout)
  File "/opt/conda/envs/gdf/lib/python3.9/asyncio/tasks.py", line 466, in wait_for
    await waiter
asyncio.exceptions.CancelledError

During handling of the above exception, another exception occurred:

Traceback (most recent call last):
  File "/opt/conda/envs/gdf/lib/python3.9/site-packages/distributed/core.py", line 1674, in connect
    return connect_attempt.result()
asyncio.exceptions.CancelledError

During handling of the above exception, another exception occurred:

Traceback (most recent call last):
  File "/opt/conda/envs/gdf/lib/python3.9/site-packages/distributed/worker.py", line 2059, in gather_dep
    response = await get_data_from_worker(
  File "/opt/conda/envs/gdf/lib/python3.9/site-packages/distributed/worker.py", line 2860, in get_data_from_worker
    comm = await rpc.connect(worker)
  File "/opt/conda/envs/gdf/lib/python3.9/site-packages/distributed/core.py", line 1676, in connect
    raise CommClosedError(reason)
distributed.comm.core.CommClosedError: Address removed.
2024-06-18 06:27:25,645 - distributed.nanny - WARNING - Restarting worker
2024-06-18 06:27:25,731 - distributed.nanny - WARNING - Restarting worker
2024-06-18 06:27:54,906 - distributed.worker - ERROR - Worker stream died during communication: ucx://127.0.0.1:35397
Traceback (most recent call last):
  File "/opt/conda/envs/gdf/lib/python3.9/site-packages/distributed/comm/ucx.py", line 467, in connect
    ep = await ucp.create_endpoint(ip, port)
  File "/opt/conda/envs/gdf/lib/python3.9/site-packages/ucp/core.py", line 1016, in create_endpoint
    return await _get_ctx().create_endpoint(
  File "/opt/conda/envs/gdf/lib/python3.9/site-packages/ucp/core.py", line 328, in create_endpoint
    peer_info = await exchange_peer_info(
  File "/opt/conda/envs/gdf/lib/python3.9/site-packages/ucp/core.py", line 60, in exchange_peer_info
    await asyncio.wait_for(
  File "/opt/conda/envs/gdf/lib/python3.9/asyncio/tasks.py", line 479, in wait_for
    return fut.result()
ucp._libs.exceptions.UCXNotConnected: <stream_recv>: 

During handling of the above exception, another exception occurred:

Traceback (most recent call last):
  File "/opt/conda/envs/gdf/lib/python3.9/site-packages/distributed/comm/core.py", line 342, in connect
    comm = await wait_for(
  File "/opt/conda/envs/gdf/lib/python3.9/site-packages/distributed/utils.py", line 1961, in wait_for
    return await asyncio.wait_for(fut, timeout)
  File "/opt/conda/envs/gdf/lib/python3.9/asyncio/tasks.py", line 479, in wait_for
    return fut.result()
  File "/opt/conda/envs/gdf/lib/python3.9/site-packages/distributed/comm/ucx.py", line 469, in connect
    raise CommClosedError("Connection closed before handshake completed")
distributed.comm.core.CommClosedError: Connection closed before handshake completed

The above exception was the direct cause of the following exception:

Traceback (most recent call last):
  File "/opt/conda/envs/gdf/lib/python3.9/site-packages/distributed/worker.py", line 2059, in gather_dep
    response = await get_data_from_worker(
  File "/opt/conda/envs/gdf/lib/python3.9/site-packages/distributed/worker.py", line 2860, in get_data_from_worker
    comm = await rpc.connect(worker)
  File "/opt/conda/envs/gdf/lib/python3.9/site-packages/distributed/core.py", line 1674, in connect
    return connect_attempt.result()
  File "/opt/conda/envs/gdf/lib/python3.9/site-packages/distributed/core.py", line 1564, in _connect
    comm = await connect(
  File "/opt/conda/envs/gdf/lib/python3.9/site-packages/distributed/comm/core.py", line 368, in connect
    raise OSError(
OSError: Timed out trying to connect to ucx://127.0.0.1:35397 after 30 s
/opt/conda/envs/gdf/lib/python3.9/multiprocessing/resource_tracker.py:216: UserWarning: resource_tracker: There appear to be 48 leaked semaphore objects to clean up at shutdown
  warnings.warn('resource_tracker: There appear to be %d '
