[dgx13:94142:0:94142] Caught signal 11 (Segmentation fault: address not mapped to object at address 0x450)
==== backtrace (tid:  94142) ====
 0  /opt/conda/envs/gdf/lib/libucs.so.0(ucs_handle_error+0x305) [0x7f34d3716ef5]
 1  /opt/conda/envs/gdf/lib/libucs.so.0(+0x2f0f4) [0x7f34d37170f4]
 2  /opt/conda/envs/gdf/lib/libucs.so.0(+0x2f2ba) [0x7f34d37172ba]
 3  /usr/lib/x86_64-linux-gnu/libpthread.so.0(+0x14420) [0x7f35101b4420]
 4  /opt/conda/envs/gdf/lib/libucp.so.0(ucp_mem_type_unpack+0x1a) [0x7f34d379bcaa]
 5  /opt/conda/envs/gdf/lib/libucp.so.0(ucp_rndv_data_handler+0x66d) [0x7f34d37c6f5d]
 6  /opt/conda/envs/gdf/lib/libuct.so.0(+0x21e9f) [0x7f34d36cbe9f]
 7  /opt/conda/envs/gdf/lib/libuct.so.0(+0x250b8) [0x7f34d36cf0b8]
 8  /opt/conda/envs/gdf/lib/libucs.so.0(ucs_event_set_wait+0xb9) [0x7f34d3720739]
 9  /opt/conda/envs/gdf/lib/libuct.so.0(uct_tcp_iface_progress+0x7d) [0x7f34d36ce1bd]
10  /opt/conda/envs/gdf/lib/libucp.so.0(ucp_worker_progress+0x5a) [0x7f34d37989fa]
11  /opt/conda/envs/gdf/lib/python3.10/site-packages/ucp/_libs/ucx_api.cpython-310-x86_64-linux-gnu.so(+0x31d7a) [0x7f34d385bd7a]
12  /opt/conda/envs/gdf/bin/python(_PyEval_EvalFrameDefault+0x2ba8) [0x55879d49d908]
13  /opt/conda/envs/gdf/bin/python(_PyFunction_Vectorcall+0x6c) [0x55879d4aad1c]
14  /opt/conda/envs/gdf/bin/python(_PyEval_EvalFrameDefault+0x700) [0x55879d49b460]
15  /opt/conda/envs/gdf/bin/python(+0x1473e4) [0x55879d4b63e4]
16  /opt/conda/envs/gdf/bin/python(+0x252eac) [0x55879d5c1eac]
17  /opt/conda/envs/gdf/bin/python(+0xf7766) [0x55879d466766]
18  /opt/conda/envs/gdf/bin/python(+0x133473) [0x55879d4a2473]
19  /opt/conda/envs/gdf/bin/python(_PyEval_EvalFrameDefault+0x5867) [0x55879d4a05c7]
20  /opt/conda/envs/gdf/bin/python(_PyFunction_Vectorcall+0x6c) [0x55879d4aad1c]
21  /opt/conda/envs/gdf/bin/python(_PyEval_EvalFrameDefault+0x700) [0x55879d49b460]
22  /opt/conda/envs/gdf/bin/python(_PyFunction_Vectorcall+0x6c) [0x55879d4aad1c]
23  /opt/conda/envs/gdf/bin/python(_PyEval_EvalFrameDefault+0x700) [0x55879d49b460]
24  /opt/conda/envs/gdf/bin/python(_PyFunction_Vectorcall+0x6c) [0x55879d4aad1c]
25  /opt/conda/envs/gdf/bin/python(_PyEval_EvalFrameDefault+0x700) [0x55879d49b460]
26  /opt/conda/envs/gdf/bin/python(_PyFunction_Vectorcall+0x6c) [0x55879d4aad1c]
27  /opt/conda/envs/gdf/bin/python(_PyEval_EvalFrameDefault+0x700) [0x55879d49b460]
28  /opt/conda/envs/gdf/bin/python(_PyFunction_Vectorcall+0x6c) [0x55879d4aad1c]
29  /opt/conda/envs/gdf/bin/python(_PyEval_EvalFrameDefault+0x1340) [0x55879d49c0a0]
30  /opt/conda/envs/gdf/bin/python(+0x147162) [0x55879d4b6162]
31  /opt/conda/envs/gdf/bin/python(PyObject_Call+0xbc) [0x55879d4b6afc]
32  /opt/conda/envs/gdf/bin/python(+0x1ff86d) [0x55879d56e86d]
33  /opt/conda/envs/gdf/bin/python(_PyObject_MakeTpCall+0x2d3) [0x55879d4a3cc3]
34  /opt/conda/envs/gdf/bin/python(_PyEval_EvalFrameDefault+0x2ba8) [0x55879d49d908]
35  /opt/conda/envs/gdf/bin/python(+0x1472b8) [0x55879d4b62b8]
36  /opt/conda/envs/gdf/bin/python(_PyEval_EvalFrameDefault+0x2ba8) [0x55879d49d908]
37  /opt/conda/envs/gdf/bin/python(_PyFunction_Vectorcall+0x6c) [0x55879d4aad1c]
38  /opt/conda/envs/gdf/bin/python(_PyEval_EvalFrameDefault+0x700) [0x55879d49b460]
39  /opt/conda/envs/gdf/bin/python(_PyFunction_Vectorcall+0x6c) [0x55879d4aad1c]
40  /opt/conda/envs/gdf/bin/python(_PyEval_EvalFrameDefault+0x700) [0x55879d49b460]
41  /opt/conda/envs/gdf/bin/python(_PyFunction_Vectorcall+0x6c) [0x55879d4aad1c]
42  /opt/conda/envs/gdf/bin/python(_PyEval_EvalFrameDefault+0x30c) [0x55879d49b06c]
43  /opt/conda/envs/gdf/bin/python(_PyFunction_Vectorcall+0x6c) [0x55879d4aad1c]
44  /opt/conda/envs/gdf/bin/python(_PyEval_EvalFrameDefault+0x1340) [0x55879d49c0a0]
45  /opt/conda/envs/gdf/bin/python(+0x1ccbac) [0x55879d53bbac]
46  /opt/conda/envs/gdf/bin/python(PyEval_EvalCode+0x87) [0x55879d53baf7]
47  /opt/conda/envs/gdf/bin/python(+0x1fcffa) [0x55879d56bffa]
48  /opt/conda/envs/gdf/bin/python(+0x1f8473) [0x55879d567473]
49  /opt/conda/envs/gdf/bin/python(PyRun_StringFlags+0x7d) [0x55879d55fc0d]
50  /opt/conda/envs/gdf/bin/python(PyRun_SimpleStringFlags+0x3c) [0x55879d55fa4c]
51  /opt/conda/envs/gdf/bin/python(Py_RunMain+0x3ba) [0x55879d55ec4a]
52  /opt/conda/envs/gdf/bin/python(Py_BytesMain+0x37) [0x55879d52f237]
53  /usr/lib/x86_64-linux-gnu/libc.so.6(__libc_start_main+0xf3) [0x7f350fe78083]
54  /opt/conda/envs/gdf/bin/python(+0x1c014e) [0x55879d52f14e]
=================================
[dgx13:94158:0:94158] Caught signal 11 (Segmentation fault: address not mapped to object at address 0x450)
==== backtrace (tid:  94158) ====
 0  /opt/conda/envs/gdf/lib/libucs.so.0(ucs_handle_error+0x305) [0x7fad45c38ef5]
 1  /opt/conda/envs/gdf/lib/libucs.so.0(+0x2f0f4) [0x7fad45c390f4]
 2  /opt/conda/envs/gdf/lib/libucs.so.0(+0x2f2ba) [0x7fad45c392ba]
 3  /usr/lib/x86_64-linux-gnu/libpthread.so.0(+0x14420) [0x7fad9c707420]
 4  /opt/conda/envs/gdf/lib/libucp.so.0(ucp_mem_type_unpack+0x1a) [0x7fad45cbdcaa]
 5  /opt/conda/envs/gdf/lib/libucp.so.0(ucp_rndv_data_handler+0x66d) [0x7fad45ce8f5d]
 6  /opt/conda/envs/gdf/lib/libuct.so.0(+0x21e9f) [0x7fad45bede9f]
 7  /opt/conda/envs/gdf/lib/libuct.so.0(+0x250b8) [0x7fad45bf10b8]
 8  /opt/conda/envs/gdf/lib/libucs.so.0(ucs_event_set_wait+0xb9) [0x7fad45c42739]
 9  /opt/conda/envs/gdf/lib/libuct.so.0(uct_tcp_iface_progress+0x7d) [0x7fad45bf01bd]
10  /opt/conda/envs/gdf/lib/libucp.so.0(ucp_worker_progress+0x5a) [0x7fad45cba9fa]
11  /opt/conda/envs/gdf/lib/python3.10/site-packages/ucp/_libs/ucx_api.cpython-310-x86_64-linux-gnu.so(+0x31d7a) [0x7fad45d7dd7a]
12  /opt/conda/envs/gdf/bin/python(_PyEval_EvalFrameDefault+0x2ba8) [0x5630fd1e5908]
13  /opt/conda/envs/gdf/bin/python(_PyFunction_Vectorcall+0x6c) [0x5630fd1f2d1c]
14  /opt/conda/envs/gdf/bin/python(_PyEval_EvalFrameDefault+0x700) [0x5630fd1e3460]
15  /opt/conda/envs/gdf/bin/python(+0x1d63d9) [0x5630fd28d3d9]
16  /opt/conda/envs/gdf/lib/python3.10/lib-dynload/_asyncio.cpython-310-x86_64-linux-gnu.so(+0x7782) [0x7fad8a254782]
17  /opt/conda/envs/gdf/bin/python(_PyObject_MakeTpCall+0x2d3) [0x5630fd1ebcc3]
18  /opt/conda/envs/gdf/bin/python(+0xf7766) [0x5630fd1ae766]
19  /opt/conda/envs/gdf/bin/python(+0x133473) [0x5630fd1ea473]
20  /opt/conda/envs/gdf/bin/python(_PyEval_EvalFrameDefault+0x5867) [0x5630fd1e85c7]
21  /opt/conda/envs/gdf/bin/python(_PyFunction_Vectorcall+0x6c) [0x5630fd1f2d1c]
22  /opt/conda/envs/gdf/bin/python(_PyEval_EvalFrameDefault+0x700) [0x5630fd1e3460]
23  /opt/conda/envs/gdf/bin/python(_PyFunction_Vectorcall+0x6c) [0x5630fd1f2d1c]
24  /opt/conda/envs/gdf/bin/python(_PyEval_EvalFrameDefault+0x700) [0x5630fd1e3460]
25  /opt/conda/envs/gdf/bin/python(_PyFunction_Vectorcall+0x6c) [0x5630fd1f2d1c]
26  /opt/conda/envs/gdf/bin/python(_PyEval_EvalFrameDefault+0x700) [0x5630fd1e3460]
27  /opt/conda/envs/gdf/bin/python(_PyFunction_Vectorcall+0x6c) [0x5630fd1f2d1c]
28  /opt/conda/envs/gdf/bin/python(_PyEval_EvalFrameDefault+0x700) [0x5630fd1e3460]
29  /opt/conda/envs/gdf/bin/python(_PyFunction_Vectorcall+0x6c) [0x5630fd1f2d1c]
30  /opt/conda/envs/gdf/bin/python(_PyEval_EvalFrameDefault+0x1340) [0x5630fd1e40a0]
31  /opt/conda/envs/gdf/bin/python(+0x147162) [0x5630fd1fe162]
32  /opt/conda/envs/gdf/bin/python(PyObject_Call+0xbc) [0x5630fd1feafc]
33  /opt/conda/envs/gdf/bin/python(+0x1ff86d) [0x5630fd2b686d]
34  /opt/conda/envs/gdf/bin/python(_PyObject_MakeTpCall+0x2d3) [0x5630fd1ebcc3]
35  /opt/conda/envs/gdf/bin/python(_PyEval_EvalFrameDefault+0x2ba8) [0x5630fd1e5908]
36  /opt/conda/envs/gdf/bin/python(+0x1472b8) [0x5630fd1fe2b8]
37  /opt/conda/envs/gdf/bin/python(_PyEval_EvalFrameDefault+0x2ba8) [0x5630fd1e5908]
38  /opt/conda/envs/gdf/bin/python(_PyFunction_Vectorcall+0x6c) [0x5630fd1f2d1c]
39  /opt/conda/envs/gdf/bin/python(_PyEval_EvalFrameDefault+0x700) [0x5630fd1e3460]
40  /opt/conda/envs/gdf/bin/python(_PyFunction_Vectorcall+0x6c) [0x5630fd1f2d1c]
41  /opt/conda/envs/gdf/bin/python(_PyEval_EvalFrameDefault+0x700) [0x5630fd1e3460]
42  /opt/conda/envs/gdf/bin/python(_PyFunction_Vectorcall+0x6c) [0x5630fd1f2d1c]
43  /opt/conda/envs/gdf/bin/python(_PyEval_EvalFrameDefault+0x30c) [0x5630fd1e306c]
44  /opt/conda/envs/gdf/bin/python(_PyFunction_Vectorcall+0x6c) [0x5630fd1f2d1c]
45  /opt/conda/envs/gdf/bin/python(_PyEval_EvalFrameDefault+0x1340) [0x5630fd1e40a0]
46  /opt/conda/envs/gdf/bin/python(+0x1ccbac) [0x5630fd283bac]
47  /opt/conda/envs/gdf/bin/python(PyEval_EvalCode+0x87) [0x5630fd283af7]
48  /opt/conda/envs/gdf/bin/python(+0x1fcffa) [0x5630fd2b3ffa]
49  /opt/conda/envs/gdf/bin/python(+0x1f8473) [0x5630fd2af473]
50  /opt/conda/envs/gdf/bin/python(PyRun_StringFlags+0x7d) [0x5630fd2a7c0d]
51  /opt/conda/envs/gdf/bin/python(PyRun_SimpleStringFlags+0x3c) [0x5630fd2a7a4c]
52  /opt/conda/envs/gdf/bin/python(Py_RunMain+0x3ba) [0x5630fd2a6c4a]
53  /opt/conda/envs/gdf/bin/python(Py_BytesMain+0x37) [0x5630fd277237]
54  /usr/lib/x86_64-linux-gnu/libc.so.6(__libc_start_main+0xf3) [0x7fad9c3cb083]
55  /opt/conda/envs/gdf/bin/python(+0x1c014e) [0x5630fd27714e]
=================================
[dgx13:94147:0:94147] Caught signal 11 (Segmentation fault: address not mapped to object at address 0x450)
==== backtrace (tid:  94147) ====
 0  /opt/conda/envs/gdf/lib/libucs.so.0(ucs_handle_error+0x305) [0x7fd4d5baeef5]
 1  /opt/conda/envs/gdf/lib/libucs.so.0(+0x2f0f4) [0x7fd4d5baf0f4]
 2  /opt/conda/envs/gdf/lib/libucs.so.0(+0x2f2ba) [0x7fd4d5baf2ba]
 3  /usr/lib/x86_64-linux-gnu/libpthread.so.0(+0x14420) [0x7fd51865c420]
 4  /opt/conda/envs/gdf/lib/libucp.so.0(ucp_mem_type_unpack+0x1a) [0x7fd4d5c33caa]
 5  /opt/conda/envs/gdf/lib/libucp.so.0(ucp_rndv_data_handler+0x66d) [0x7fd4d5c5ef5d]
 6  /opt/conda/envs/gdf/lib/libuct.so.0(+0x21e9f) [0x7fd4d5b63e9f]
 7  /opt/conda/envs/gdf/lib/libuct.so.0(+0x250b8) [0x7fd4d5b670b8]
 8  /opt/conda/envs/gdf/lib/libucs.so.0(ucs_event_set_wait+0xb9) [0x7fd4d5bb8739]
 9  /opt/conda/envs/gdf/lib/libuct.so.0(uct_tcp_iface_progress+0x7d) [0x7fd4d5b661bd]
10  /opt/conda/envs/gdf/lib/libucp.so.0(ucp_worker_progress+0x5a) [0x7fd4d5c309fa]
11  /opt/conda/envs/gdf/lib/python3.10/site-packages/ucp/_libs/ucx_api.cpython-310-x86_64-linux-gnu.so(+0x31d7a) [0x7fd4d5cf3d7a]
12  /opt/conda/envs/gdf/bin/python(_PyEval_EvalFrameDefault+0x2ba8) [0x558a480ca908]
13  /opt/conda/envs/gdf/bin/python(_PyFunction_Vectorcall+0x6c) [0x558a480d7d1c]
14  /opt/conda/envs/gdf/bin/python(_PyEval_EvalFrameDefault+0x700) [0x558a480c8460]
15  /opt/conda/envs/gdf/bin/python(+0x1473e4) [0x558a480e33e4]
16  /opt/conda/envs/gdf/bin/python(+0x252eac) [0x558a481eeeac]
17  /opt/conda/envs/gdf/bin/python(+0xf7766) [0x558a48093766]
18  /opt/conda/envs/gdf/bin/python(+0x133473) [0x558a480cf473]
19  /opt/conda/envs/gdf/bin/python(_PyEval_EvalFrameDefault+0x5867) [0x558a480cd5c7]
20  /opt/conda/envs/gdf/bin/python(_PyFunction_Vectorcall+0x6c) [0x558a480d7d1c]
21  /opt/conda/envs/gdf/bin/python(_PyEval_EvalFrameDefault+0x700) [0x558a480c8460]
22  /opt/conda/envs/gdf/bin/python(_PyFunction_Vectorcall+0x6c) [0x558a480d7d1c]
23  /opt/conda/envs/gdf/bin/python(_PyEval_EvalFrameDefault+0x700) [0x558a480c8460]
24  /opt/conda/envs/gdf/bin/python(_PyFunction_Vectorcall+0x6c) [0x558a480d7d1c]
25  /opt/conda/envs/gdf/bin/python(_PyEval_EvalFrameDefault+0x700) [0x558a480c8460]
26  /opt/conda/envs/gdf/bin/python(_PyFunction_Vectorcall+0x6c) [0x558a480d7d1c]
27  /opt/conda/envs/gdf/bin/python(_PyEval_EvalFrameDefault+0x700) [0x558a480c8460]
28  /opt/conda/envs/gdf/bin/python(_PyFunction_Vectorcall+0x6c) [0x558a480d7d1c]
29  /opt/conda/envs/gdf/bin/python(_PyEval_EvalFrameDefault+0x1340) [0x558a480c90a0]
30  /opt/conda/envs/gdf/bin/python(+0x147162) [0x558a480e3162]
31  /opt/conda/envs/gdf/bin/python(PyObject_Call+0xbc) [0x558a480e3afc]
32  /opt/conda/envs/gdf/bin/python(+0x1ff86d) [0x558a4819b86d]
33  /opt/conda/envs/gdf/bin/python(_PyObject_MakeTpCall+0x2d3) [0x558a480d0cc3]
34  /opt/conda/envs/gdf/bin/python(_PyEval_EvalFrameDefault+0x2ba8) [0x558a480ca908]
35  /opt/conda/envs/gdf/bin/python(+0x1472b8) [0x558a480e32b8]
36  /opt/conda/envs/gdf/bin/python(_PyEval_EvalFrameDefault+0x2ba8) [0x558a480ca908]
37  /opt/conda/envs/gdf/bin/python(_PyFunction_Vectorcall+0x6c) [0x558a480d7d1c]
38  /opt/conda/envs/gdf/bin/python(_PyEval_EvalFrameDefault+0x700) [0x558a480c8460]
39  /opt/conda/envs/gdf/bin/python(_PyFunction_Vectorcall+0x6c) [0x558a480d7d1c]
40  /opt/conda/envs/gdf/bin/python(_PyEval_EvalFrameDefault+0x700) [0x558a480c8460]
41  /opt/conda/envs/gdf/bin/python(_PyFunction_Vectorcall+0x6c) [0x558a480d7d1c]
42  /opt/conda/envs/gdf/bin/python(_PyEval_EvalFrameDefault+0x30c) [0x558a480c806c]
43  /opt/conda/envs/gdf/bin/python(_PyFunction_Vectorcall+0x6c) [0x558a480d7d1c]
44  /opt/conda/envs/gdf/bin/python(_PyEval_EvalFrameDefault+0x1340) [0x558a480c90a0]
45  /opt/conda/envs/gdf/bin/python(+0x1ccbac) [0x558a48168bac]
46  /opt/conda/envs/gdf/bin/python(PyEval_EvalCode+0x87) [0x558a48168af7]
47  /opt/conda/envs/gdf/bin/python(+0x1fcffa) [0x558a48198ffa]
48  /opt/conda/envs/gdf/bin/python(+0x1f8473) [0x558a48194473]
49  /opt/conda/envs/gdf/bin/python(PyRun_StringFlags+0x7d) [0x558a4818cc0d]
50  /opt/conda/envs/gdf/bin/python(PyRun_SimpleStringFlags+0x3c) [0x558a4818ca4c]
51  /opt/conda/envs/gdf/bin/python(Py_RunMain+0x3ba) [0x558a4818bc4a]
52  /opt/conda/envs/gdf/bin/python(Py_BytesMain+0x37) [0x558a4815c237]
53  /usr/lib/x86_64-linux-gnu/libc.so.6(__libc_start_main+0xf3) [0x7fd518320083]
54  /opt/conda/envs/gdf/bin/python(+0x1c014e) [0x558a4815c14e]
=================================
[dgx13:94138:0:94138] Caught signal 11 (Segmentation fault: address not mapped to object at address 0x450)
==== backtrace (tid:  94138) ====
 0  /opt/conda/envs/gdf/lib/libucs.so.0(ucs_handle_error+0x305) [0x7f0f01de2ef5]
 1  /opt/conda/envs/gdf/lib/libucs.so.0(+0x2f0f4) [0x7f0f01de30f4]
 2  /opt/conda/envs/gdf/lib/libucs.so.0(+0x2f2ba) [0x7f0f01de32ba]
 3  /usr/lib/x86_64-linux-gnu/libpthread.so.0(+0x14420) [0x7f0f4489b420]
 4  /opt/conda/envs/gdf/lib/libucp.so.0(ucp_mem_type_unpack+0x1a) [0x7f0f01e67caa]
 5  /opt/conda/envs/gdf/lib/libucp.so.0(ucp_rndv_data_handler+0x66d) [0x7f0f01e92f5d]
 6  /opt/conda/envs/gdf/lib/libuct.so.0(+0x21e9f) [0x7f0f01d97e9f]
 7  /opt/conda/envs/gdf/lib/libuct.so.0(+0x250b8) [0x7f0f01d9b0b8]
 8  /opt/conda/envs/gdf/lib/libucs.so.0(ucs_event_set_wait+0xb9) [0x7f0f01dec739]
 9  /opt/conda/envs/gdf/lib/libuct.so.0(uct_tcp_iface_progress+0x7d) [0x7f0f01d9a1bd]
10  /opt/conda/envs/gdf/lib/libucp.so.0(ucp_worker_progress+0x5a) [0x7f0f01e649fa]
11  /opt/conda/envs/gdf/lib/python3.10/site-packages/ucp/_libs/ucx_api.cpython-310-x86_64-linux-gnu.so(+0x31d7a) [0x7f0f01f27d7a]
12  /opt/conda/envs/gdf/bin/python(_PyEval_EvalFrameDefault+0x2ba8) [0x55c93f113908]
13  /opt/conda/envs/gdf/bin/python(_PyFunction_Vectorcall+0x6c) [0x55c93f120d1c]
14  /opt/conda/envs/gdf/bin/python(_PyEval_EvalFrameDefault+0x700) [0x55c93f111460]
15  /opt/conda/envs/gdf/bin/python(+0x1473e4) [0x55c93f12c3e4]
16  /opt/conda/envs/gdf/bin/python(+0x252eac) [0x55c93f237eac]
17  /opt/conda/envs/gdf/bin/python(+0xf7766) [0x55c93f0dc766]
18  /opt/conda/envs/gdf/bin/python(+0x133473) [0x55c93f118473]
19  /opt/conda/envs/gdf/bin/python(_PyEval_EvalFrameDefault+0x5867) [0x55c93f1165c7]
20  /opt/conda/envs/gdf/bin/python(_PyFunction_Vectorcall+0x6c) [0x55c93f120d1c]
21  /opt/conda/envs/gdf/bin/python(_PyEval_EvalFrameDefault+0x700) [0x55c93f111460]
22  /opt/conda/envs/gdf/bin/python(_PyFunction_Vectorcall+0x6c) [0x55c93f120d1c]
23  /opt/conda/envs/gdf/bin/python(_PyEval_EvalFrameDefault+0x700) [0x55c93f111460]
24  /opt/conda/envs/gdf/bin/python(_PyFunction_Vectorcall+0x6c) [0x55c93f120d1c]
25  /opt/conda/envs/gdf/bin/python(_PyEval_EvalFrameDefault+0x700) [0x55c93f111460]
26  /opt/conda/envs/gdf/bin/python(_PyFunction_Vectorcall+0x6c) [0x55c93f120d1c]
27  /opt/conda/envs/gdf/bin/python(_PyEval_EvalFrameDefault+0x700) [0x55c93f111460]
28  /opt/conda/envs/gdf/bin/python(_PyFunction_Vectorcall+0x6c) [0x55c93f120d1c]
29  /opt/conda/envs/gdf/bin/python(_PyEval_EvalFrameDefault+0x1340) [0x55c93f1120a0]
30  /opt/conda/envs/gdf/bin/python(+0x147162) [0x55c93f12c162]
31  /opt/conda/envs/gdf/bin/python(PyObject_Call+0xbc) [0x55c93f12cafc]
32  /opt/conda/envs/gdf/bin/python(+0x1ff86d) [0x55c93f1e486d]
33  /opt/conda/envs/gdf/bin/python(_PyObject_MakeTpCall+0x2d3) [0x55c93f119cc3]
34  /opt/conda/envs/gdf/bin/python(_PyEval_EvalFrameDefault+0x2ba8) [0x55c93f113908]
35  /opt/conda/envs/gdf/bin/python(+0x1472b8) [0x55c93f12c2b8]
36  /opt/conda/envs/gdf/bin/python(_PyEval_EvalFrameDefault+0x2ba8) [0x55c93f113908]
37  /opt/conda/envs/gdf/bin/python(_PyFunction_Vectorcall+0x6c) [0x55c93f120d1c]
38  /opt/conda/envs/gdf/bin/python(_PyEval_EvalFrameDefault+0x700) [0x55c93f111460]
39  /opt/conda/envs/gdf/bin/python(_PyFunction_Vectorcall+0x6c) [0x55c93f120d1c]
40  /opt/conda/envs/gdf/bin/python(_PyEval_EvalFrameDefault+0x700) [0x55c93f111460]
41  /opt/conda/envs/gdf/bin/python(_PyFunction_Vectorcall+0x6c) [0x55c93f120d1c]
42  /opt/conda/envs/gdf/bin/python(_PyEval_EvalFrameDefault+0x30c) [0x55c93f11106c]
43  /opt/conda/envs/gdf/bin/python(_PyFunction_Vectorcall+0x6c) [0x55c93f120d1c]
44  /opt/conda/envs/gdf/bin/python(_PyEval_EvalFrameDefault+0x1340) [0x55c93f1120a0]
45  /opt/conda/envs/gdf/bin/python(+0x1ccbac) [0x55c93f1b1bac]
46  /opt/conda/envs/gdf/bin/python(PyEval_EvalCode+0x87) [0x55c93f1b1af7]
47  /opt/conda/envs/gdf/bin/python(+0x1fcffa) [0x55c93f1e1ffa]
48  /opt/conda/envs/gdf/bin/python(+0x1f8473) [0x55c93f1dd473]
49  /opt/conda/envs/gdf/bin/python(PyRun_StringFlags+0x7d) [0x55c93f1d5c0d]
50  /opt/conda/envs/gdf/bin/python(PyRun_SimpleStringFlags+0x3c) [0x55c93f1d5a4c]
51  /opt/conda/envs/gdf/bin/python(Py_RunMain+0x3ba) [0x55c93f1d4c4a]
52  /opt/conda/envs/gdf/bin/python(Py_BytesMain+0x37) [0x55c93f1a5237]
53  /usr/lib/x86_64-linux-gnu/libc.so.6(__libc_start_main+0xf3) [0x7f0f4455f083]
54  /opt/conda/envs/gdf/bin/python(+0x1c014e) [0x55c93f1a514e]
=================================
2024-09-24 07:08:07,672 - distributed.scheduler - WARNING - Removing worker 'ucx://127.0.0.1:39353' caused the cluster to lose already computed task(s), which will be recomputed elsewhere: {('random_sample-313ec337614dfdd374eefaa76f672b15', 5, 5), ('random_sample-313ec337614dfdd374eefaa76f672b15', 6, 0), ('random_sample-313ec337614dfdd374eefaa76f672b15', 4, 9), ('sum-ce567ef2a1bfb9289806900aa38c728e', 2, 0), ('random_sample-313ec337614dfdd374eefaa76f672b15', 3, 4), ('sum-ce567ef2a1bfb9289806900aa38c728e', 6, 0), ('sum-ce567ef2a1bfb9289806900aa38c728e', 0, 2), ('random_sample-313ec337614dfdd374eefaa76f672b15', 0, 2), ('random_sample-313ec337614dfdd374eefaa76f672b15', 7, 7), ('random_sample-313ec337614dfdd374eefaa76f672b15', 9, 1), ('random_sample-313ec337614dfdd374eefaa76f672b15', 2, 1), ('random_sample-313ec337614dfdd374eefaa76f672b15', 3, 6), ('sum-ce567ef2a1bfb9289806900aa38c728e', 7, 7), ('random_sample-313ec337614dfdd374eefaa76f672b15', 7, 3), ('random_sample-313ec337614dfdd374eefaa76f672b15', 9, 9), ('random_sample-313ec337614dfdd374eefaa76f672b15', 2, 0), ('random_sample-313ec337614dfdd374eefaa76f672b15', 8, 1), ('sum-ce567ef2a1bfb9289806900aa38c728e', 9, 9), ('sum-ce567ef2a1bfb9289806900aa38c728e', 0, 6), ('random_sample-313ec337614dfdd374eefaa76f672b15', 0, 6), ('sum-ce567ef2a1bfb9289806900aa38c728e', 5, 5)} (stimulus_id='handle-worker-cleanup-1727161687.671994')
2024-09-24 07:08:07,686 - distributed.worker - ERROR - Worker stream died during communication: ucx://127.0.0.1:39353
Traceback (most recent call last):
  File "/opt/conda/envs/gdf/lib/python3.10/site-packages/distributed/comm/ucx.py", line 351, in read
    await self.ep.recv(msg)
  File "/opt/conda/envs/gdf/lib/python3.10/site-packages/ucp/core.py", line 737, in recv
    ret = await comm.tag_recv(self._ep, buffer, nbytes, tag, name=log)
asyncio.exceptions.CancelledError

During handling of the above exception, another exception occurred:

Traceback (most recent call last):
  File "/opt/conda/envs/gdf/lib/python3.10/site-packages/distributed/worker.py", line 2056, in gather_dep
    response = await get_data_from_worker(
  File "/opt/conda/envs/gdf/lib/python3.10/site-packages/distributed/worker.py", line 2871, in get_data_from_worker
    comm = await rpc.connect(worker)
  File "/opt/conda/envs/gdf/lib/python3.10/site-packages/distributed/core.py", line 1535, in connect
    return connect_attempt.result()
  File "/opt/conda/envs/gdf/lib/python3.10/site-packages/distributed/core.py", line 1425, in _connect
    comm = await connect(
  File "/opt/conda/envs/gdf/lib/python3.10/site-packages/distributed/comm/core.py", line 377, in connect
    handshake = await comm.read()
  File "/opt/conda/envs/gdf/lib/python3.10/site-packages/distributed/utils.py", line 806, in wrapper
    return await func(*args, **kwargs)
  File "/opt/conda/envs/gdf/lib/python3.10/site-packages/distributed/comm/ucx.py", line 369, in read
    raise CommClosedError(
distributed.comm.core.CommClosedError: Connection closed by writer.
Inner exception: CancelledError()
[dgx13:94135:0:94135] Caught signal 11 (Segmentation fault: address not mapped to object at address 0x450)
==== backtrace (tid:  94135) ====
 0  /opt/conda/envs/gdf/lib/libucs.so.0(ucs_handle_error+0x305) [0x7faad43d6ef5]
 1  /opt/conda/envs/gdf/lib/libucs.so.0(+0x2f0f4) [0x7faad43d70f4]
 2  /opt/conda/envs/gdf/lib/libucs.so.0(+0x2f2ba) [0x7faad43d72ba]
 3  /usr/lib/x86_64-linux-gnu/libpthread.so.0(+0x14420) [0x7fab02e84420]
 4  /opt/conda/envs/gdf/lib/libucp.so.0(ucp_mem_type_unpack+0x1a) [0x7faad445bcaa]
 5  /opt/conda/envs/gdf/lib/libucp.so.0(ucp_rndv_data_handler+0x66d) [0x7faad4486f5d]
 6  /opt/conda/envs/gdf/lib/libuct.so.0(+0x21e9f) [0x7faad438be9f]
 7  /opt/conda/envs/gdf/lib/libuct.so.0(+0x250b8) [0x7faad438f0b8]
 8  /opt/conda/envs/gdf/lib/libucs.so.0(ucs_event_set_wait+0xb9) [0x7faad43e0739]
 9  /opt/conda/envs/gdf/lib/libuct.so.0(uct_tcp_iface_progress+0x7d) [0x7faad438e1bd]
10  /opt/conda/envs/gdf/lib/libucp.so.0(ucp_worker_progress+0x5a) [0x7faad44589fa]
11  /opt/conda/envs/gdf/lib/python3.10/site-packages/ucp/_libs/ucx_api.cpython-310-x86_64-linux-gnu.so(+0x31d7a) [0x7faad451bd7a]
12  /opt/conda/envs/gdf/bin/python(_PyEval_EvalFrameDefault+0x2ba8) [0x5639d4765908]
13  /opt/conda/envs/gdf/bin/python(_PyFunction_Vectorcall+0x6c) [0x5639d4772d1c]
14  /opt/conda/envs/gdf/bin/python(_PyEval_EvalFrameDefault+0x700) [0x5639d4763460]
15  /opt/conda/envs/gdf/bin/python(+0x1473e4) [0x5639d477e3e4]
16  /opt/conda/envs/gdf/bin/python(+0x252eac) [0x5639d4889eac]
17  /opt/conda/envs/gdf/bin/python(+0xf7766) [0x5639d472e766]
18  /opt/conda/envs/gdf/bin/python(+0x133473) [0x5639d476a473]
19  /opt/conda/envs/gdf/bin/python(_PyEval_EvalFrameDefault+0x5867) [0x5639d47685c7]
20  /opt/conda/envs/gdf/bin/python(_PyFunction_Vectorcall+0x6c) [0x5639d4772d1c]
21  /opt/conda/envs/gdf/bin/python(_PyEval_EvalFrameDefault+0x700) [0x5639d4763460]
22  /opt/conda/envs/gdf/bin/python(_PyFunction_Vectorcall+0x6c) [0x5639d4772d1c]
23  /opt/conda/envs/gdf/bin/python(_PyEval_EvalFrameDefault+0x700) [0x5639d4763460]
24  /opt/conda/envs/gdf/bin/python(_PyFunction_Vectorcall+0x6c) [0x5639d4772d1c]
25  /opt/conda/envs/gdf/bin/python(_PyEval_EvalFrameDefault+0x700) [0x5639d4763460]
26  /opt/conda/envs/gdf/bin/python(_PyFunction_Vectorcall+0x6c) [0x5639d4772d1c]
27  /opt/conda/envs/gdf/bin/python(_PyEval_EvalFrameDefault+0x700) [0x5639d4763460]
28  /opt/conda/envs/gdf/bin/python(_PyFunction_Vectorcall+0x6c) [0x5639d4772d1c]
29  /opt/conda/envs/gdf/bin/python(_PyEval_EvalFrameDefault+0x1340) [0x5639d47640a0]
30  /opt/conda/envs/gdf/bin/python(+0x147162) [0x5639d477e162]
31  /opt/conda/envs/gdf/bin/python(PyObject_Call+0xbc) [0x5639d477eafc]
32  /opt/conda/envs/gdf/bin/python(+0x1ff86d) [0x5639d483686d]
33  /opt/conda/envs/gdf/bin/python(_PyObject_MakeTpCall+0x2d3) [0x5639d476bcc3]
34  /opt/conda/envs/gdf/bin/python(_PyEval_EvalFrameDefault+0x2ba8) [0x5639d4765908]
35  /opt/conda/envs/gdf/bin/python(+0x1472b8) [0x5639d477e2b8]
36  /opt/conda/envs/gdf/bin/python(_PyEval_EvalFrameDefault+0x2ba8) [0x5639d4765908]
37  /opt/conda/envs/gdf/bin/python(_PyFunction_Vectorcall+0x6c) [0x5639d4772d1c]
38  /opt/conda/envs/gdf/bin/python(_PyEval_EvalFrameDefault+0x700) [0x5639d4763460]
39  /opt/conda/envs/gdf/bin/python(_PyFunction_Vectorcall+0x6c) [0x5639d4772d1c]
40  /opt/conda/envs/gdf/bin/python(_PyEval_EvalFrameDefault+0x700) [0x5639d4763460]
41  /opt/conda/envs/gdf/bin/python(_PyFunction_Vectorcall+0x6c) [0x5639d4772d1c]
42  /opt/conda/envs/gdf/bin/python(_PyEval_EvalFrameDefault+0x30c) [0x5639d476306c]
43  /opt/conda/envs/gdf/bin/python(_PyFunction_Vectorcall+0x6c) [0x5639d4772d1c]
44  /opt/conda/envs/gdf/bin/python(_PyEval_EvalFrameDefault+0x1340) [0x5639d47640a0]
45  /opt/conda/envs/gdf/bin/python(+0x1ccbac) [0x5639d4803bac]
46  /opt/conda/envs/gdf/bin/python(PyEval_EvalCode+0x87) [0x5639d4803af7]
47  /opt/conda/envs/gdf/bin/python(+0x1fcffa) [0x5639d4833ffa]
48  /opt/conda/envs/gdf/bin/python(+0x1f8473) [0x5639d482f473]
49  /opt/conda/envs/gdf/bin/python(PyRun_StringFlags+0x7d) [0x5639d4827c0d]
50  /opt/conda/envs/gdf/bin/python(PyRun_SimpleStringFlags+0x3c) [0x5639d4827a4c]
51  /opt/conda/envs/gdf/bin/python(Py_RunMain+0x3ba) [0x5639d4826c4a]
52  /opt/conda/envs/gdf/bin/python(Py_BytesMain+0x37) [0x5639d47f7237]
53  /usr/lib/x86_64-linux-gnu/libc.so.6(__libc_start_main+0xf3) [0x7fab02b48083]
54  /opt/conda/envs/gdf/bin/python(+0x1c014e) [0x5639d47f714e]
=================================
Task exception was never retrieved
future: <Task finished name='Task-1643' coro=<_listener_handler_coroutine() done, defined at /opt/conda/envs/gdf/lib/python3.10/site-packages/ucp/core.py:140> exception=UCXError('<stream_send>: Connection reset by remote peer')>
Traceback (most recent call last):
  File "/opt/conda/envs/gdf/lib/python3.10/site-packages/ucp/core.py", line 155, in _listener_handler_coroutine
    peer_info = await exchange_peer_info(
  File "/opt/conda/envs/gdf/lib/python3.10/site-packages/ucp/core.py", line 51, in exchange_peer_info
    await asyncio.wait_for(
  File "/opt/conda/envs/gdf/lib/python3.10/asyncio/tasks.py", line 445, in wait_for
    return fut.result()
ucp._libs.exceptions.UCXError: <stream_send>: Connection reset by remote peer
2024-09-24 07:08:07,717 - distributed.scheduler - WARNING - Removing worker 'ucx://127.0.0.1:43867' caused the cluster to lose already computed task(s), which will be recomputed elsewhere: {('random_sample-313ec337614dfdd374eefaa76f672b15', 9, 3), ('random_sample-313ec337614dfdd374eefaa76f672b15', 2, 7), ('random_sample-313ec337614dfdd374eefaa76f672b15', 1, 2), ('random_sample-313ec337614dfdd374eefaa76f672b15', 7, 0), ('random_sample-313ec337614dfdd374eefaa76f672b15', 8, 5), ('random_sample-313ec337614dfdd374eefaa76f672b15', 4, 5), ('random_sample-313ec337614dfdd374eefaa76f672b15', 3, 1), ('random_sample-313ec337614dfdd374eefaa76f672b15', 4, 1), ('random_sample-313ec337614dfdd374eefaa76f672b15', 1, 7), ('sum-ce567ef2a1bfb9289806900aa38c728e', 0, 0), ('random_sample-313ec337614dfdd374eefaa76f672b15', 5, 6), ('random_sample-313ec337614dfdd374eefaa76f672b15', 0, 0), ('random_sample-313ec337614dfdd374eefaa76f672b15', 6, 3)} (stimulus_id='handle-worker-cleanup-1727161687.7176347')
2024-09-24 07:08:07,792 - distributed.nanny - WARNING - Restarting worker
Task exception was never retrieved
future: <Task finished name='Task-319' coro=<_listener_handler_coroutine() done, defined at /opt/conda/envs/gdf/lib/python3.10/site-packages/ucp/core.py:140> exception=UCXError('<stream_send>: Connection reset by remote peer')>
Traceback (most recent call last):
  File "/opt/conda/envs/gdf/lib/python3.10/site-packages/ucp/core.py", line 155, in _listener_handler_coroutine
    peer_info = await exchange_peer_info(
  File "/opt/conda/envs/gdf/lib/python3.10/site-packages/ucp/core.py", line 51, in exchange_peer_info
    await asyncio.wait_for(
  File "/opt/conda/envs/gdf/lib/python3.10/asyncio/tasks.py", line 445, in wait_for
    return fut.result()
ucp._libs.exceptions.UCXError: <stream_send>: Connection reset by remote peer
Task exception was never retrieved
future: <Task finished name='Task-329' coro=<_listener_handler_coroutine() done, defined at /opt/conda/envs/gdf/lib/python3.10/site-packages/ucp/core.py:140> exception=UCXError('<stream_send>: Connection reset by remote peer')>
Traceback (most recent call last):
  File "/opt/conda/envs/gdf/lib/python3.10/site-packages/ucp/core.py", line 155, in _listener_handler_coroutine
    peer_info = await exchange_peer_info(
  File "/opt/conda/envs/gdf/lib/python3.10/site-packages/ucp/core.py", line 51, in exchange_peer_info
    await asyncio.wait_for(
  File "/opt/conda/envs/gdf/lib/python3.10/asyncio/tasks.py", line 445, in wait_for
    return fut.result()
ucp._libs.exceptions.UCXError: <stream_send>: Connection reset by remote peer
2024-09-24 07:08:07,846 - distributed.nanny - WARNING - Restarting worker
2024-09-24 07:08:07,853 - distributed.scheduler - WARNING - Removing worker 'ucx://127.0.0.1:36731' caused the cluster to lose already computed task(s), which will be recomputed elsewhere: {('sum-ce567ef2a1bfb9289806900aa38c728e', 1, 1), ('random_sample-313ec337614dfdd374eefaa76f672b15', 3, 8), ('random_sample-313ec337614dfdd374eefaa76f672b15', 1, 1), ('random_sample-313ec337614dfdd374eefaa76f672b15', 9, 5), ('random_sample-313ec337614dfdd374eefaa76f672b15', 8, 7), ('random_sample-313ec337614dfdd374eefaa76f672b15', 5, 3), ('random_sample-313ec337614dfdd374eefaa76f672b15', 2, 5), ('random_sample-313ec337614dfdd374eefaa76f672b15', 0, 9), ('random_sample-313ec337614dfdd374eefaa76f672b15', 6, 4), ('random_sample-313ec337614dfdd374eefaa76f672b15', 6, 7)} (stimulus_id='handle-worker-cleanup-1727161687.8528395')
2024-09-24 07:08:07,859 - distributed.worker - ERROR - failed during get data with ucx://127.0.0.1:50717 -> ucx://127.0.0.1:36731
Traceback (most recent call last):
  File "/opt/conda/envs/gdf/lib/python3.10/site-packages/distributed/comm/ucx.py", line 335, in write
    await self.ep.send(each_frame)
  File "/opt/conda/envs/gdf/lib/python3.10/site-packages/ucp/core.py", line 662, in send
    return await comm.tag_send(self._ep, buffer, nbytes, tag, name=log)
ucp._libs.exceptions.UCXError: <[Send #007] ep: 0x7faca0a74100, tag: 0x4848b598f402c24d, nbytes: 50000000, type: <class 'cupy.ndarray'>>: Connection reset by remote peer

During handling of the above exception, another exception occurred:

Traceback (most recent call last):
  File "/opt/conda/envs/gdf/lib/python3.10/site-packages/distributed/worker.py", line 1777, in get_data
    compressed = await comm.write(msg, serializers=serializers)
  File "/opt/conda/envs/gdf/lib/python3.10/site-packages/distributed/utils.py", line 806, in wrapper
    return await func(*args, **kwargs)
  File "/opt/conda/envs/gdf/lib/python3.10/site-packages/distributed/comm/ucx.py", line 339, in write
    raise CommClosedError("While writing, the connection was closed")
distributed.comm.core.CommClosedError: While writing, the connection was closed
2024-09-24 07:08:07,860 - distributed.worker - ERROR - Worker stream died during communication: ucx://127.0.0.1:36731
Traceback (most recent call last):
  File "/opt/conda/envs/gdf/lib/python3.10/site-packages/distributed/comm/ucx.py", line 393, in read
    await self.ep.recv(each_frame)
  File "/opt/conda/envs/gdf/lib/python3.10/site-packages/ucp/core.py", line 737, in recv
    ret = await comm.tag_recv(self._ep, buffer, nbytes, tag, name=log)
ucp._libs.exceptions.UCXError: <[Recv #007] ep: 0x7faca0a74140, tag: 0x34067b49724c7928, nbytes: 50000000, type: <class 'rmm._lib.device_buffer.DeviceBuffer'>>: Connection reset by remote peer

During handling of the above exception, another exception occurred:

Traceback (most recent call last):
  File "/opt/conda/envs/gdf/lib/python3.10/site-packages/distributed/worker.py", line 2056, in gather_dep
    response = await get_data_from_worker(
  File "/opt/conda/envs/gdf/lib/python3.10/site-packages/distributed/worker.py", line 2874, in get_data_from_worker
    response = await send_recv(
  File "/opt/conda/envs/gdf/lib/python3.10/site-packages/distributed/core.py", line 1015, in send_recv
    response = await comm.read(deserializers=deserializers)
  File "/opt/conda/envs/gdf/lib/python3.10/site-packages/distributed/utils.py", line 806, in wrapper
    return await func(*args, **kwargs)
  File "/opt/conda/envs/gdf/lib/python3.10/site-packages/distributed/comm/ucx.py", line 399, in read
    raise CommClosedError(
distributed.comm.core.CommClosedError: Connection closed by writer.
Inner exception: UCXError("<[Recv #007] ep: 0x7faca0a74140, tag: 0x34067b49724c7928, nbytes: 50000000, type: <class 'rmm._lib.device_buffer.DeviceBuffer'>>: Connection reset by remote peer")
2024-09-24 07:08:07,909 - distributed.nanny - WARNING - Restarting worker
2024-09-24 07:08:07,910 - distributed.worker - ERROR - Worker stream died during communication: ucx://127.0.0.1:49681
Traceback (most recent call last):
  File "/opt/conda/envs/gdf/lib/python3.10/site-packages/distributed/comm/ucx.py", line 393, in read
    await self.ep.recv(each_frame)
  File "/opt/conda/envs/gdf/lib/python3.10/site-packages/ucp/core.py", line 737, in recv
    ret = await comm.tag_recv(self._ep, buffer, nbytes, tag, name=log)
ucp._libs.exceptions.UCXError: <[Recv #007] ep: 0x7f6d967f71c0, tag: 0xd6c30524b9638362, nbytes: 50000000, type: <class 'rmm._lib.device_buffer.DeviceBuffer'>>: Connection reset by remote peer

During handling of the above exception, another exception occurred:

Traceback (most recent call last):
  File "/opt/conda/envs/gdf/lib/python3.10/site-packages/distributed/worker.py", line 2056, in gather_dep
    response = await get_data_from_worker(
  File "/opt/conda/envs/gdf/lib/python3.10/site-packages/distributed/worker.py", line 2874, in get_data_from_worker
    response = await send_recv(
  File "/opt/conda/envs/gdf/lib/python3.10/site-packages/distributed/core.py", line 1015, in send_recv
    response = await comm.read(deserializers=deserializers)
  File "/opt/conda/envs/gdf/lib/python3.10/site-packages/distributed/utils.py", line 806, in wrapper
    return await func(*args, **kwargs)
  File "/opt/conda/envs/gdf/lib/python3.10/site-packages/distributed/comm/ucx.py", line 399, in read
    raise CommClosedError(
distributed.comm.core.CommClosedError: Connection closed by writer.
Inner exception: UCXError("<[Recv #007] ep: 0x7f6d967f71c0, tag: 0xd6c30524b9638362, nbytes: 50000000, type: <class 'rmm._lib.device_buffer.DeviceBuffer'>>: Connection reset by remote peer")
2024-09-24 07:08:07,910 - distributed.worker - ERROR - failed during get data with ucx://127.0.0.1:54509 -> ucx://127.0.0.1:49681
Traceback (most recent call last):
  File "/opt/conda/envs/gdf/lib/python3.10/site-packages/distributed/comm/ucx.py", line 335, in write
    await self.ep.send(each_frame)
  File "/opt/conda/envs/gdf/lib/python3.10/site-packages/ucp/core.py", line 662, in send
    return await comm.tag_send(self._ep, buffer, nbytes, tag, name=log)
ucp._libs.exceptions.UCXError: <[Send #007] ep: 0x7f6d967f7200, tag: 0xb91669c5733de589, nbytes: 50000000, type: <class 'cupy.ndarray'>>: Connection reset by remote peer

During handling of the above exception, another exception occurred:

Traceback (most recent call last):
  File "/opt/conda/envs/gdf/lib/python3.10/site-packages/distributed/worker.py", line 1777, in get_data
    compressed = await comm.write(msg, serializers=serializers)
  File "/opt/conda/envs/gdf/lib/python3.10/site-packages/distributed/utils.py", line 806, in wrapper
    return await func(*args, **kwargs)
  File "/opt/conda/envs/gdf/lib/python3.10/site-packages/distributed/comm/ucx.py", line 339, in write
    raise CommClosedError("While writing, the connection was closed")
distributed.comm.core.CommClosedError: While writing, the connection was closed
2024-09-24 07:08:07,914 - distributed.scheduler - WARNING - Removing worker 'ucx://127.0.0.1:49681' caused the cluster to lose already computed task(s), which will be recomputed elsewhere: {('random_sample-313ec337614dfdd374eefaa76f672b15', 8, 2), ('random_sample-313ec337614dfdd374eefaa76f672b15', 2, 6), ('random_sample-313ec337614dfdd374eefaa76f672b15', 3, 5), ('random_sample-313ec337614dfdd374eefaa76f672b15', 7, 9), ('random_sample-313ec337614dfdd374eefaa76f672b15', 5, 1), ('random_sample-313ec337614dfdd374eefaa76f672b15', 0, 7), ('random_sample-313ec337614dfdd374eefaa76f672b15', 6, 2), ('sum-ce567ef2a1bfb9289806900aa38c728e', 7, 9), ('random_sample-313ec337614dfdd374eefaa76f672b15', 2, 2), ('random_sample-313ec337614dfdd374eefaa76f672b15', 9, 4), ('sum-ce567ef2a1bfb9289806900aa38c728e', 2, 2), ('random_sample-313ec337614dfdd374eefaa76f672b15', 3, 7), ('random_sample-313ec337614dfdd374eefaa76f672b15', 5, 9), ('random_sample-313ec337614dfdd374eefaa76f672b15', 8, 6), ('random_sample-313ec337614dfdd374eefaa76f672b15', 7, 4)} (stimulus_id='handle-worker-cleanup-1727161687.9139931')
2024-09-24 07:08:07,945 - distributed.worker - ERROR - Worker stream died during communication: ucx://127.0.0.1:35365
Traceback (most recent call last):
  File "/opt/conda/envs/gdf/lib/python3.10/site-packages/distributed/comm/ucx.py", line 393, in read
    await self.ep.recv(each_frame)
  File "/opt/conda/envs/gdf/lib/python3.10/site-packages/ucp/core.py", line 737, in recv
    ret = await comm.tag_recv(self._ep, buffer, nbytes, tag, name=log)
ucp._libs.exceptions.UCXError: <[Recv #007] ep: 0x7fe6c01b4200, tag: 0x27618c1fc6201a89, nbytes: 50000000, type: <class 'rmm._lib.device_buffer.DeviceBuffer'>>: Connection reset by remote peer

During handling of the above exception, another exception occurred:

Traceback (most recent call last):
  File "/opt/conda/envs/gdf/lib/python3.10/site-packages/distributed/worker.py", line 2056, in gather_dep
    response = await get_data_from_worker(
  File "/opt/conda/envs/gdf/lib/python3.10/site-packages/distributed/worker.py", line 2874, in get_data_from_worker
    response = await send_recv(
  File "/opt/conda/envs/gdf/lib/python3.10/site-packages/distributed/core.py", line 1015, in send_recv
    response = await comm.read(deserializers=deserializers)
  File "/opt/conda/envs/gdf/lib/python3.10/site-packages/distributed/utils.py", line 806, in wrapper
    return await func(*args, **kwargs)
  File "/opt/conda/envs/gdf/lib/python3.10/site-packages/distributed/comm/ucx.py", line 399, in read
    raise CommClosedError(
distributed.comm.core.CommClosedError: Connection closed by writer.
Inner exception: UCXError("<[Recv #007] ep: 0x7fe6c01b4200, tag: 0x27618c1fc6201a89, nbytes: 50000000, type: <class 'rmm._lib.device_buffer.DeviceBuffer'>>: Connection reset by remote peer")
2024-09-24 07:08:07,945 - distributed.worker - ERROR - failed during get data with ucx://127.0.0.1:54509 -> ucx://127.0.0.1:35365
Traceback (most recent call last):
  File "/opt/conda/envs/gdf/lib/python3.10/site-packages/distributed/comm/ucx.py", line 335, in write
    await self.ep.send(each_frame)
  File "/opt/conda/envs/gdf/lib/python3.10/site-packages/ucp/core.py", line 662, in send
    return await comm.tag_send(self._ep, buffer, nbytes, tag, name=log)
ucp._libs.exceptions.UCXError: <[Send #007] ep: 0x7f6d967f72c0, tag: 0xee3acc7d260c4501, nbytes: 50000000, type: <class 'cupy.ndarray'>>: Connection reset by remote peer

During handling of the above exception, another exception occurred:

Traceback (most recent call last):
  File "/opt/conda/envs/gdf/lib/python3.10/site-packages/distributed/worker.py", line 1777, in get_data
    compressed = await comm.write(msg, serializers=serializers)
  File "/opt/conda/envs/gdf/lib/python3.10/site-packages/distributed/utils.py", line 806, in wrapper
    return await func(*args, **kwargs)
  File "/opt/conda/envs/gdf/lib/python3.10/site-packages/distributed/comm/ucx.py", line 339, in write
    raise CommClosedError("While writing, the connection was closed")
distributed.comm.core.CommClosedError: While writing, the connection was closed
2024-09-24 07:08:07,945 - distributed.worker - ERROR - Worker stream died during communication: ucx://127.0.0.1:35365
Traceback (most recent call last):
  File "/opt/conda/envs/gdf/lib/python3.10/site-packages/distributed/comm/ucx.py", line 393, in read
    await self.ep.recv(each_frame)
  File "/opt/conda/envs/gdf/lib/python3.10/site-packages/ucp/core.py", line 737, in recv
    ret = await comm.tag_recv(self._ep, buffer, nbytes, tag, name=log)
ucp._libs.exceptions.UCXError: <[Recv #007] ep: 0x7f6d967f70c0, tag: 0xcbc444d6321f33de, nbytes: 50000000, type: <class 'rmm._lib.device_buffer.DeviceBuffer'>>: Connection reset by remote peer

During handling of the above exception, another exception occurred:

Traceback (most recent call last):
  File "/opt/conda/envs/gdf/lib/python3.10/site-packages/distributed/worker.py", line 2056, in gather_dep
    response = await get_data_from_worker(
  File "/opt/conda/envs/gdf/lib/python3.10/site-packages/distributed/worker.py", line 2874, in get_data_from_worker
    response = await send_recv(
  File "/opt/conda/envs/gdf/lib/python3.10/site-packages/distributed/core.py", line 1015, in send_recv
    response = await comm.read(deserializers=deserializers)
  File "/opt/conda/envs/gdf/lib/python3.10/site-packages/distributed/utils.py", line 806, in wrapper
    return await func(*args, **kwargs)
  File "/opt/conda/envs/gdf/lib/python3.10/site-packages/distributed/comm/ucx.py", line 399, in read
    raise CommClosedError(
distributed.comm.core.CommClosedError: Connection closed by writer.
Inner exception: UCXError("<[Recv #007] ep: 0x7f6d967f70c0, tag: 0xcbc444d6321f33de, nbytes: 50000000, type: <class 'rmm._lib.device_buffer.DeviceBuffer'>>: Connection reset by remote peer")
2024-09-24 07:08:07,946 - distributed.scheduler - WARNING - Removing worker 'ucx://127.0.0.1:35365' caused the cluster to lose already computed task(s), which will be recomputed elsewhere: {('random_sample-313ec337614dfdd374eefaa76f672b15', 0, 5), ('random_sample-313ec337614dfdd374eefaa76f672b15', 6, 6), ('random_sample-313ec337614dfdd374eefaa76f672b15', 2, 3), ('random_sample-313ec337614dfdd374eefaa76f672b15', 0, 8), ('random_sample-313ec337614dfdd374eefaa76f672b15', 7, 6), ('random_sample-313ec337614dfdd374eefaa76f672b15', 9, 2), ('random_sample-313ec337614dfdd374eefaa76f672b15', 8, 4), ('sum-ce567ef2a1bfb9289806900aa38c728e', 5, 0), ('random_sample-313ec337614dfdd374eefaa76f672b15', 5, 0), ('sum-ce567ef2a1bfb9289806900aa38c728e', 6, 6), ('random_sample-313ec337614dfdd374eefaa76f672b15', 7, 5), ('random_sample-313ec337614dfdd374eefaa76f672b15', 1, 0), ('sum-ce567ef2a1bfb9289806900aa38c728e', 0, 5), ('random_sample-313ec337614dfdd374eefaa76f672b15', 2, 4), ('random_sample-313ec337614dfdd374eefaa76f672b15', 5, 2), ('random_sample-313ec337614dfdd374eefaa76f672b15', 3, 9)} (stimulus_id='handle-worker-cleanup-1727161687.9461436')
2024-09-24 07:08:07,946 - distributed.worker - ERROR - failed during get data with ucx://127.0.0.1:47873 -> ucx://127.0.0.1:35365
Traceback (most recent call last):
  File "/opt/conda/envs/gdf/lib/python3.10/site-packages/distributed/comm/ucx.py", line 335, in write
    await self.ep.send(each_frame)
  File "/opt/conda/envs/gdf/lib/python3.10/site-packages/ucp/core.py", line 662, in send
    return await comm.tag_send(self._ep, buffer, nbytes, tag, name=log)
ucp._libs.exceptions.UCXError: <[Send #007] ep: 0x7fe6c01b4300, tag: 0x6671d842acc76802, nbytes: 50000000, type: <class 'cupy.ndarray'>>: Connection reset by remote peer

During handling of the above exception, another exception occurred:

Traceback (most recent call last):
  File "/opt/conda/envs/gdf/lib/python3.10/site-packages/distributed/worker.py", line 1777, in get_data
    compressed = await comm.write(msg, serializers=serializers)
  File "/opt/conda/envs/gdf/lib/python3.10/site-packages/distributed/utils.py", line 806, in wrapper
    return await func(*args, **kwargs)
  File "/opt/conda/envs/gdf/lib/python3.10/site-packages/distributed/comm/ucx.py", line 339, in write
    raise CommClosedError("While writing, the connection was closed")
distributed.comm.core.CommClosedError: While writing, the connection was closed
2024-09-24 07:08:08,074 - distributed.worker - ERROR - failed during get data with ucx://127.0.0.1:50717 -> ucx://127.0.0.1:49681
Traceback (most recent call last):
  File "/opt/conda/envs/gdf/lib/python3.10/site-packages/distributed/comm/ucx.py", line 335, in write
    await self.ep.send(each_frame)
  File "/opt/conda/envs/gdf/lib/python3.10/site-packages/ucp/core.py", line 662, in send
    return await comm.tag_send(self._ep, buffer, nbytes, tag, name=log)
ucp._libs.exceptions.UCXError: <[Send #012] ep: 0x7faca0a74300, tag: 0xb38b7dd9b936d7f4, nbytes: 50000000, type: <class 'cupy.ndarray'>>: Connection reset by remote peer

During handling of the above exception, another exception occurred:

Traceback (most recent call last):
  File "/opt/conda/envs/gdf/lib/python3.10/site-packages/distributed/worker.py", line 1777, in get_data
    compressed = await comm.write(msg, serializers=serializers)
  File "/opt/conda/envs/gdf/lib/python3.10/site-packages/distributed/utils.py", line 806, in wrapper
    return await func(*args, **kwargs)
  File "/opt/conda/envs/gdf/lib/python3.10/site-packages/distributed/comm/ucx.py", line 339, in write
    raise CommClosedError("While writing, the connection was closed")
distributed.comm.core.CommClosedError: While writing, the connection was closed
2024-09-24 07:08:08,075 - distributed.worker - ERROR - failed during get data with ucx://127.0.0.1:50717 -> ucx://127.0.0.1:35365
Traceback (most recent call last):
  File "/opt/conda/envs/gdf/lib/python3.10/site-packages/distributed/comm/ucx.py", line 335, in write
    await self.ep.send(each_frame)
  File "/opt/conda/envs/gdf/lib/python3.10/site-packages/ucp/core.py", line 662, in send
    return await comm.tag_send(self._ep, buffer, nbytes, tag, name=log)
ucp._libs.exceptions.UCXError: <[Send #007] ep: 0x7faca0a742c0, tag: 0x8bd13df9aead912, nbytes: 50000000, type: <class 'cupy.ndarray'>>: Connection reset by remote peer

During handling of the above exception, another exception occurred:

Traceback (most recent call last):
  File "/opt/conda/envs/gdf/lib/python3.10/site-packages/distributed/worker.py", line 1777, in get_data
    compressed = await comm.write(msg, serializers=serializers)
  File "/opt/conda/envs/gdf/lib/python3.10/site-packages/distributed/utils.py", line 806, in wrapper
    return await func(*args, **kwargs)
  File "/opt/conda/envs/gdf/lib/python3.10/site-packages/distributed/comm/ucx.py", line 339, in write
    raise CommClosedError("While writing, the connection was closed")
distributed.comm.core.CommClosedError: While writing, the connection was closed
2024-09-24 07:08:08,076 - distributed.worker - ERROR - Worker stream died during communication: ucx://127.0.0.1:35365
Traceback (most recent call last):
  File "/opt/conda/envs/gdf/lib/python3.10/site-packages/distributed/comm/ucx.py", line 351, in read
    await self.ep.recv(msg)
  File "/opt/conda/envs/gdf/lib/python3.10/site-packages/ucp/core.py", line 737, in recv
    ret = await comm.tag_recv(self._ep, buffer, nbytes, tag, name=log)
ucp._libs.exceptions.UCXCanceled: <[Recv #008] ep: 0x7faca0a741c0, tag: 0x921d83d399a5b1ca, nbytes: 16, type: <class 'numpy.ndarray'>>: 

During handling of the above exception, another exception occurred:

Traceback (most recent call last):
  File "/opt/conda/envs/gdf/lib/python3.10/site-packages/distributed/worker.py", line 2056, in gather_dep
    response = await get_data_from_worker(
  File "/opt/conda/envs/gdf/lib/python3.10/site-packages/distributed/worker.py", line 2874, in get_data_from_worker
    response = await send_recv(
  File "/opt/conda/envs/gdf/lib/python3.10/site-packages/distributed/core.py", line 1015, in send_recv
    response = await comm.read(deserializers=deserializers)
  File "/opt/conda/envs/gdf/lib/python3.10/site-packages/distributed/utils.py", line 806, in wrapper
    return await func(*args, **kwargs)
  File "/opt/conda/envs/gdf/lib/python3.10/site-packages/distributed/comm/ucx.py", line 369, in read
    raise CommClosedError(
distributed.comm.core.CommClosedError: Connection closed by writer.
Inner exception: UCXCanceled("<[Recv #008] ep: 0x7faca0a741c0, tag: 0x921d83d399a5b1ca, nbytes: 16, type: <class 'numpy.ndarray'>>: ")
2024-09-24 07:08:08,099 - distributed.nanny - WARNING - Restarting worker
2024-09-24 07:08:08,131 - distributed.nanny - WARNING - Restarting worker
2024-09-24 07:08:37,203 - distributed.worker - ERROR - Worker stream died during communication: ucx://127.0.0.1:43867
Traceback (most recent call last):
  File "/opt/conda/envs/gdf/lib/python3.10/site-packages/distributed/comm/ucx.py", line 468, in connect
    ep = await ucp.create_endpoint(ip, port)
  File "/opt/conda/envs/gdf/lib/python3.10/site-packages/ucp/core.py", line 1016, in create_endpoint
    return await _get_ctx().create_endpoint(
  File "/opt/conda/envs/gdf/lib/python3.10/site-packages/ucp/core.py", line 328, in create_endpoint
    peer_info = await exchange_peer_info(
  File "/opt/conda/envs/gdf/lib/python3.10/site-packages/ucp/core.py", line 60, in exchange_peer_info
    await asyncio.wait_for(
  File "/opt/conda/envs/gdf/lib/python3.10/asyncio/tasks.py", line 432, in wait_for
    await waiter
asyncio.exceptions.CancelledError

During handling of the above exception, another exception occurred:

Traceback (most recent call last):
  File "/opt/conda/envs/gdf/lib/python3.10/asyncio/tasks.py", line 456, in wait_for
    return fut.result()
asyncio.exceptions.CancelledError

The above exception was the direct cause of the following exception:

Traceback (most recent call last):
  File "/opt/conda/envs/gdf/lib/python3.10/site-packages/distributed/comm/core.py", line 342, in connect
    comm = await wait_for(
  File "/opt/conda/envs/gdf/lib/python3.10/site-packages/distributed/utils.py", line 1926, in wait_for
    return await asyncio.wait_for(fut, timeout)
  File "/opt/conda/envs/gdf/lib/python3.10/asyncio/tasks.py", line 458, in wait_for
    raise exceptions.TimeoutError() from exc
asyncio.exceptions.TimeoutError

The above exception was the direct cause of the following exception:

Traceback (most recent call last):
  File "/opt/conda/envs/gdf/lib/python3.10/site-packages/distributed/worker.py", line 2056, in gather_dep
    response = await get_data_from_worker(
  File "/opt/conda/envs/gdf/lib/python3.10/site-packages/distributed/worker.py", line 2871, in get_data_from_worker
    comm = await rpc.connect(worker)
  File "/opt/conda/envs/gdf/lib/python3.10/site-packages/distributed/core.py", line 1535, in connect
    return connect_attempt.result()
  File "/opt/conda/envs/gdf/lib/python3.10/site-packages/distributed/core.py", line 1425, in _connect
    comm = await connect(
  File "/opt/conda/envs/gdf/lib/python3.10/site-packages/distributed/comm/core.py", line 368, in connect
    raise OSError(
OSError: Timed out trying to connect to ucx://127.0.0.1:43867 after 30 s
2024-09-24 07:08:37,205 - distributed.worker - ERROR - Worker stream died during communication: ucx://127.0.0.1:43867
Traceback (most recent call last):
  File "/opt/conda/envs/gdf/lib/python3.10/site-packages/distributed/comm/ucx.py", line 468, in connect
    ep = await ucp.create_endpoint(ip, port)
  File "/opt/conda/envs/gdf/lib/python3.10/site-packages/ucp/core.py", line 1016, in create_endpoint
    return await _get_ctx().create_endpoint(
  File "/opt/conda/envs/gdf/lib/python3.10/site-packages/ucp/core.py", line 328, in create_endpoint
    peer_info = await exchange_peer_info(
  File "/opt/conda/envs/gdf/lib/python3.10/site-packages/ucp/core.py", line 60, in exchange_peer_info
    await asyncio.wait_for(
  File "/opt/conda/envs/gdf/lib/python3.10/asyncio/tasks.py", line 432, in wait_for
    await waiter
asyncio.exceptions.CancelledError

During handling of the above exception, another exception occurred:

Traceback (most recent call last):
  File "/opt/conda/envs/gdf/lib/python3.10/asyncio/tasks.py", line 456, in wait_for
    return fut.result()
asyncio.exceptions.CancelledError

The above exception was the direct cause of the following exception:

Traceback (most recent call last):
  File "/opt/conda/envs/gdf/lib/python3.10/site-packages/distributed/comm/core.py", line 342, in connect
    comm = await wait_for(
  File "/opt/conda/envs/gdf/lib/python3.10/site-packages/distributed/utils.py", line 1926, in wait_for
    return await asyncio.wait_for(fut, timeout)
  File "/opt/conda/envs/gdf/lib/python3.10/asyncio/tasks.py", line 458, in wait_for
    raise exceptions.TimeoutError() from exc
asyncio.exceptions.TimeoutError

The above exception was the direct cause of the following exception:

Traceback (most recent call last):
  File "/opt/conda/envs/gdf/lib/python3.10/site-packages/distributed/worker.py", line 2056, in gather_dep
    response = await get_data_from_worker(
  File "/opt/conda/envs/gdf/lib/python3.10/site-packages/distributed/worker.py", line 2871, in get_data_from_worker
    comm = await rpc.connect(worker)
  File "/opt/conda/envs/gdf/lib/python3.10/site-packages/distributed/core.py", line 1535, in connect
    return connect_attempt.result()
  File "/opt/conda/envs/gdf/lib/python3.10/site-packages/distributed/core.py", line 1425, in _connect
    comm = await connect(
  File "/opt/conda/envs/gdf/lib/python3.10/site-packages/distributed/comm/core.py", line 368, in connect
    raise OSError(
OSError: Timed out trying to connect to ucx://127.0.0.1:43867 after 30 s
2024-09-24 07:08:37,209 - distributed.worker - ERROR - Worker stream died during communication: ucx://127.0.0.1:43867
Traceback (most recent call last):
  File "/opt/conda/envs/gdf/lib/python3.10/site-packages/distributed/comm/ucx.py", line 468, in connect
    ep = await ucp.create_endpoint(ip, port)
  File "/opt/conda/envs/gdf/lib/python3.10/site-packages/ucp/core.py", line 1016, in create_endpoint
    return await _get_ctx().create_endpoint(
  File "/opt/conda/envs/gdf/lib/python3.10/site-packages/ucp/core.py", line 328, in create_endpoint
    peer_info = await exchange_peer_info(
  File "/opt/conda/envs/gdf/lib/python3.10/site-packages/ucp/core.py", line 60, in exchange_peer_info
    await asyncio.wait_for(
  File "/opt/conda/envs/gdf/lib/python3.10/asyncio/tasks.py", line 432, in wait_for
    await waiter
asyncio.exceptions.CancelledError

During handling of the above exception, another exception occurred:

Traceback (most recent call last):
  File "/opt/conda/envs/gdf/lib/python3.10/asyncio/tasks.py", line 456, in wait_for
    return fut.result()
asyncio.exceptions.CancelledError

The above exception was the direct cause of the following exception:

Traceback (most recent call last):
  File "/opt/conda/envs/gdf/lib/python3.10/site-packages/distributed/comm/core.py", line 342, in connect
    comm = await wait_for(
  File "/opt/conda/envs/gdf/lib/python3.10/site-packages/distributed/utils.py", line 1926, in wait_for
    return await asyncio.wait_for(fut, timeout)
  File "/opt/conda/envs/gdf/lib/python3.10/asyncio/tasks.py", line 458, in wait_for
    raise exceptions.TimeoutError() from exc
asyncio.exceptions.TimeoutError

The above exception was the direct cause of the following exception:

Traceback (most recent call last):
  File "/opt/conda/envs/gdf/lib/python3.10/site-packages/distributed/worker.py", line 2056, in gather_dep
    response = await get_data_from_worker(
  File "/opt/conda/envs/gdf/lib/python3.10/site-packages/distributed/worker.py", line 2871, in get_data_from_worker
    comm = await rpc.connect(worker)
  File "/opt/conda/envs/gdf/lib/python3.10/site-packages/distributed/core.py", line 1535, in connect
    return connect_attempt.result()
  File "/opt/conda/envs/gdf/lib/python3.10/site-packages/distributed/core.py", line 1425, in _connect
    comm = await connect(
  File "/opt/conda/envs/gdf/lib/python3.10/site-packages/distributed/comm/core.py", line 368, in connect
    raise OSError(
OSError: Timed out trying to connect to ucx://127.0.0.1:43867 after 30 s
/opt/conda/envs/gdf/lib/python3.10/multiprocessing/resource_tracker.py:224: UserWarning: resource_tracker: There appear to be 48 leaked semaphore objects to clean up at shutdown
  warnings.warn('resource_tracker: There appear to be %d '
