/opt/conda/envs/gdf/lib/python3.10/site-packages/distributed/node.py:187: UserWarning: Port 8787 is already in use.
Perhaps you already have a cluster running?
Hosting the HTTP server on port 42317 instead
  warnings.warn(
[dgx13:92101:0:92101] Caught signal 11 (Segmentation fault: address not mapped to object at address 0x450)
==== backtrace (tid:  92101) ====
 0  /opt/conda/envs/gdf/lib/libucs.so.0(ucs_handle_error+0x2fd) [0x7f4fa803ceed]
 1  /opt/conda/envs/gdf/lib/libucs.so.0(+0x2c0e4) [0x7f4fa803d0e4]
 2  /opt/conda/envs/gdf/lib/libucs.so.0(+0x2c2aa) [0x7f4fa803d2aa]
 3  /usr/lib/x86_64-linux-gnu/libpthread.so.0(+0x14420) [0x7f4fd6b09420]
 4  /opt/conda/envs/gdf/lib/libucp.so.0(ucp_mem_type_unpack+0x17) [0x7f4fa80be7c7]
 5  /opt/conda/envs/gdf/lib/libucp.so.0(ucp_rndv_data_handler+0x65d) [0x7f4fa80e727d]
 6  /opt/conda/envs/gdf/lib/libuct.so.0(+0x2096f) [0x7f4f91fe496f]
 7  /opt/conda/envs/gdf/lib/libuct.so.0(+0x23b48) [0x7f4f91fe7b48]
 8  /opt/conda/envs/gdf/lib/libucs.so.0(ucs_event_set_wait+0xb9) [0x7f4fa8046639]
 9  /opt/conda/envs/gdf/lib/libuct.so.0(uct_tcp_iface_progress+0x7d) [0x7f4f91fe6c5d]
10  /opt/conda/envs/gdf/lib/libucp.so.0(ucp_worker_progress+0x5a) [0x7f4fa80bb6ca]
11  /opt/conda/envs/gdf/lib/python3.10/site-packages/ucp/_libs/ucx_api.cpython-310-x86_64-linux-gnu.so(+0x31d7a) [0x7f4fa8179d7a]
12  /opt/conda/envs/gdf/bin/python(_PyEval_EvalFrameDefault+0x2ba8) [0x5604168c1908]
13  /opt/conda/envs/gdf/bin/python(_PyFunction_Vectorcall+0x6c) [0x5604168ced1c]
14  /opt/conda/envs/gdf/bin/python(_PyEval_EvalFrameDefault+0x700) [0x5604168bf460]
15  /opt/conda/envs/gdf/bin/python(+0x1d63d9) [0x5604169693d9]
16  /opt/conda/envs/gdf/lib/python3.10/lib-dynload/_asyncio.cpython-310-x86_64-linux-gnu.so(+0x7782) [0x7f4fc863d782]
17  /opt/conda/envs/gdf/bin/python(_PyObject_MakeTpCall+0x2d3) [0x5604168c7cc3]
18  /opt/conda/envs/gdf/bin/python(+0xf7766) [0x56041688a766]
19  /opt/conda/envs/gdf/bin/python(+0x133473) [0x5604168c6473]
20  /opt/conda/envs/gdf/bin/python(_PyEval_EvalFrameDefault+0x5867) [0x5604168c45c7]
21  /opt/conda/envs/gdf/bin/python(_PyFunction_Vectorcall+0x6c) [0x5604168ced1c]
22  /opt/conda/envs/gdf/bin/python(_PyEval_EvalFrameDefault+0x700) [0x5604168bf460]
23  /opt/conda/envs/gdf/bin/python(_PyFunction_Vectorcall+0x6c) [0x5604168ced1c]
24  /opt/conda/envs/gdf/bin/python(_PyEval_EvalFrameDefault+0x700) [0x5604168bf460]
25  /opt/conda/envs/gdf/bin/python(_PyFunction_Vectorcall+0x6c) [0x5604168ced1c]
26  /opt/conda/envs/gdf/bin/python(_PyEval_EvalFrameDefault+0x700) [0x5604168bf460]
27  /opt/conda/envs/gdf/bin/python(_PyFunction_Vectorcall+0x6c) [0x5604168ced1c]
28  /opt/conda/envs/gdf/bin/python(_PyEval_EvalFrameDefault+0x700) [0x5604168bf460]
29  /opt/conda/envs/gdf/bin/python(_PyFunction_Vectorcall+0x6c) [0x5604168ced1c]
30  /opt/conda/envs/gdf/bin/python(_PyEval_EvalFrameDefault+0x1340) [0x5604168c00a0]
31  /opt/conda/envs/gdf/bin/python(+0x147162) [0x5604168da162]
32  /opt/conda/envs/gdf/bin/python(PyObject_Call+0xbc) [0x5604168daafc]
33  /opt/conda/envs/gdf/bin/python(+0x1ff86d) [0x56041699286d]
34  /opt/conda/envs/gdf/bin/python(_PyObject_MakeTpCall+0x2d3) [0x5604168c7cc3]
35  /opt/conda/envs/gdf/bin/python(_PyEval_EvalFrameDefault+0x2ba8) [0x5604168c1908]
36  /opt/conda/envs/gdf/bin/python(+0x1472b8) [0x5604168da2b8]
37  /opt/conda/envs/gdf/bin/python(_PyEval_EvalFrameDefault+0x2ba8) [0x5604168c1908]
38  /opt/conda/envs/gdf/bin/python(_PyFunction_Vectorcall+0x6c) [0x5604168ced1c]
39  /opt/conda/envs/gdf/bin/python(_PyEval_EvalFrameDefault+0x700) [0x5604168bf460]
40  /opt/conda/envs/gdf/bin/python(_PyFunction_Vectorcall+0x6c) [0x5604168ced1c]
41  /opt/conda/envs/gdf/bin/python(_PyEval_EvalFrameDefault+0x700) [0x5604168bf460]
42  /opt/conda/envs/gdf/bin/python(_PyFunction_Vectorcall+0x6c) [0x5604168ced1c]
43  /opt/conda/envs/gdf/bin/python(_PyEval_EvalFrameDefault+0x30c) [0x5604168bf06c]
44  /opt/conda/envs/gdf/bin/python(_PyFunction_Vectorcall+0x6c) [0x5604168ced1c]
45  /opt/conda/envs/gdf/bin/python(_PyEval_EvalFrameDefault+0x1340) [0x5604168c00a0]
46  /opt/conda/envs/gdf/bin/python(+0x1ccbac) [0x56041695fbac]
47  /opt/conda/envs/gdf/bin/python(PyEval_EvalCode+0x87) [0x56041695faf7]
48  /opt/conda/envs/gdf/bin/python(+0x1fcffa) [0x56041698fffa]
49  /opt/conda/envs/gdf/bin/python(+0x1f8473) [0x56041698b473]
50  /opt/conda/envs/gdf/bin/python(PyRun_StringFlags+0x7d) [0x560416983c0d]
51  /opt/conda/envs/gdf/bin/python(PyRun_SimpleStringFlags+0x3c) [0x560416983a4c]
52  /opt/conda/envs/gdf/bin/python(Py_RunMain+0x3ba) [0x560416982c4a]
53  /opt/conda/envs/gdf/bin/python(Py_BytesMain+0x37) [0x560416953237]
54  /usr/lib/x86_64-linux-gnu/libc.so.6(__libc_start_main+0xf3) [0x7f4fd67cd083]
55  /opt/conda/envs/gdf/bin/python(+0x1c014e) [0x56041695314e]
=================================
[dgx13:92089:0:92089] Caught signal 11 (Segmentation fault: address not mapped to object at address 0x450)
==== backtrace (tid:  92089) ====
 0  /opt/conda/envs/gdf/lib/libucs.so.0(ucs_handle_error+0x2fd) [0x7f1ff75a6eed]
 1  /opt/conda/envs/gdf/lib/libucs.so.0(+0x2c0e4) [0x7f1ff75a70e4]
 2  /opt/conda/envs/gdf/lib/libucs.so.0(+0x2c2aa) [0x7f1ff75a72aa]
 3  /usr/lib/x86_64-linux-gnu/libpthread.so.0(+0x14420) [0x7f203806b420]
 4  /opt/conda/envs/gdf/lib/libucp.so.0(ucp_mem_type_unpack+0x17) [0x7f1ff76287c7]
 5  /opt/conda/envs/gdf/lib/libucp.so.0(ucp_rndv_data_handler+0x65d) [0x7f1ff765127d]
 6  /opt/conda/envs/gdf/lib/libuct.so.0(+0x2096f) [0x7f1ff755f96f]
 7  /opt/conda/envs/gdf/lib/libuct.so.0(+0x23b48) [0x7f1ff7562b48]
 8  /opt/conda/envs/gdf/lib/libucs.so.0(ucs_event_set_wait+0xb9) [0x7f1ff75b0639]
 9  /opt/conda/envs/gdf/lib/libuct.so.0(uct_tcp_iface_progress+0x7d) [0x7f1ff7561c5d]
10  /opt/conda/envs/gdf/lib/libucp.so.0(ucp_worker_progress+0x5a) [0x7f1ff76256ca]
11  /opt/conda/envs/gdf/lib/python3.10/site-packages/ucp/_libs/ucx_api.cpython-310-x86_64-linux-gnu.so(+0x31d7a) [0x7f1ffc049d7a]
12  /opt/conda/envs/gdf/bin/python(_PyEval_EvalFrameDefault+0x2ba8) [0x5643c9239908]
13  /opt/conda/envs/gdf/bin/python(_PyFunction_Vectorcall+0x6c) [0x5643c9246d1c]
14  /opt/conda/envs/gdf/bin/python(_PyEval_EvalFrameDefault+0x700) [0x5643c9237460]
15  /opt/conda/envs/gdf/bin/python(+0x1d63d9) [0x5643c92e13d9]
16  /opt/conda/envs/gdf/lib/python3.10/lib-dynload/_asyncio.cpython-310-x86_64-linux-gnu.so(+0x7782) [0x7f2025b9e782]
17  /opt/conda/envs/gdf/bin/python(_PyObject_MakeTpCall+0x2d3) [0x5643c923fcc3]
18  /opt/conda/envs/gdf/bin/python(+0xf7766) [0x5643c9202766]
19  /opt/conda/envs/gdf/bin/python(+0x133473) [0x5643c923e473]
20  /opt/conda/envs/gdf/bin/python(_PyEval_EvalFrameDefault+0x5867) [0x5643c923c5c7]
21  /opt/conda/envs/gdf/bin/python(_PyFunction_Vectorcall+0x6c) [0x5643c9246d1c]
22  /opt/conda/envs/gdf/bin/python(_PyEval_EvalFrameDefault+0x700) [0x5643c9237460]
23  /opt/conda/envs/gdf/bin/python(_PyFunction_Vectorcall+0x6c) [0x5643c9246d1c]
24  /opt/conda/envs/gdf/bin/python(_PyEval_EvalFrameDefault+0x700) [0x5643c9237460]
25  /opt/conda/envs/gdf/bin/python(_PyFunction_Vectorcall+0x6c) [0x5643c9246d1c]
26  /opt/conda/envs/gdf/bin/python(_PyEval_EvalFrameDefault+0x700) [0x5643c9237460]
27  /opt/conda/envs/gdf/bin/python(_PyFunction_Vectorcall+0x6c) [0x5643c9246d1c]
28  /opt/conda/envs/gdf/bin/python(_PyEval_EvalFrameDefault+0x700) [0x5643c9237460]
29  /opt/conda/envs/gdf/bin/python(_PyFunction_Vectorcall+0x6c) [0x5643c9246d1c]
30  /opt/conda/envs/gdf/bin/python(_PyEval_EvalFrameDefault+0x1340) [0x5643c92380a0]
31  /opt/conda/envs/gdf/bin/python(+0x147162) [0x5643c9252162]
32  /opt/conda/envs/gdf/bin/python(PyObject_Call+0xbc) [0x5643c9252afc]
33  /opt/conda/envs/gdf/bin/python(+0x1ff86d) [0x5643c930a86d]
34  /opt/conda/envs/gdf/bin/python(_PyObject_MakeTpCall+0x2d3) [0x5643c923fcc3]
35  /opt/conda/envs/gdf/bin/python(_PyEval_EvalFrameDefault+0x2ba8) [0x5643c9239908]
36  /opt/conda/envs/gdf/bin/python(+0x1472b8) [0x5643c92522b8]
37  /opt/conda/envs/gdf/bin/python(_PyEval_EvalFrameDefault+0x2ba8) [0x5643c9239908]
38  /opt/conda/envs/gdf/bin/python(_PyFunction_Vectorcall+0x6c) [0x5643c9246d1c]
39  /opt/conda/envs/gdf/bin/python(_PyEval_EvalFrameDefault+0x700) [0x5643c9237460]
40  /opt/conda/envs/gdf/bin/python(_PyFunction_Vectorcall+0x6c) [0x5643c9246d1c]
41  /opt/conda/envs/gdf/bin/python(_PyEval_EvalFrameDefault+0x700) [0x5643c9237460]
42  /opt/conda/envs/gdf/bin/python(_PyFunction_Vectorcall+0x6c) [0x5643c9246d1c]
43  /opt/conda/envs/gdf/bin/python(_PyEval_EvalFrameDefault+0x30c) [0x5643c923706c]
44  /opt/conda/envs/gdf/bin/python(_PyFunction_Vectorcall+0x6c) [0x5643c9246d1c]
45  /opt/conda/envs/gdf/bin/python(_PyEval_EvalFrameDefault+0x1340) [0x5643c92380a0]
46  /opt/conda/envs/gdf/bin/python(+0x1ccbac) [0x5643c92d7bac]
47  /opt/conda/envs/gdf/bin/python(PyEval_EvalCode+0x87) [0x5643c92d7af7]
48  /opt/conda/envs/gdf/bin/python(+0x1fcffa) [0x5643c9307ffa]
49  /opt/conda/envs/gdf/bin/python(+0x1f8473) [0x5643c9303473]
50  /opt/conda/envs/gdf/bin/python(PyRun_StringFlags+0x7d) [0x5643c92fbc0d]
51  /opt/conda/envs/gdf/bin/python(PyRun_SimpleStringFlags+0x3c) [0x5643c92fba4c]
52  /opt/conda/envs/gdf/bin/python(Py_RunMain+0x3ba) [0x5643c92fac4a]
53  /opt/conda/envs/gdf/bin/python(Py_BytesMain+0x37) [0x5643c92cb237]
54  /usr/lib/x86_64-linux-gnu/libc.so.6(__libc_start_main+0xf3) [0x7f2037d2f083]
55  /opt/conda/envs/gdf/bin/python(+0x1c014e) [0x5643c92cb14e]
=================================
[dgx13:92093:0:92093] Caught signal 11 (Segmentation fault: address not mapped to object at address 0x450)
==== backtrace (tid:  92093) ====
 0  /opt/conda/envs/gdf/lib/libucs.so.0(ucs_handle_error+0x2fd) [0x7f9191fc9eed]
 1  /opt/conda/envs/gdf/lib/libucs.so.0(+0x2c0e4) [0x7f9191fca0e4]
 2  /opt/conda/envs/gdf/lib/libucs.so.0(+0x2c2aa) [0x7f9191fca2aa]
 3  /usr/lib/x86_64-linux-gnu/libpthread.so.0(+0x14420) [0x7f91d6ad8420]
 4  /opt/conda/envs/gdf/lib/libucp.so.0(ucp_mem_type_unpack+0x17) [0x7f91a80a67c7]
 5  /opt/conda/envs/gdf/lib/libucp.so.0(ucp_rndv_data_handler+0x65d) [0x7f91a80cf27d]
 6  /opt/conda/envs/gdf/lib/libuct.so.0(+0x2096f) [0x7f91a803f96f]
 7  /opt/conda/envs/gdf/lib/libuct.so.0(+0x23b48) [0x7f91a8042b48]
 8  /opt/conda/envs/gdf/lib/libucs.so.0(ucs_event_set_wait+0xb9) [0x7f9191fd3639]
 9  /opt/conda/envs/gdf/lib/libuct.so.0(uct_tcp_iface_progress+0x7d) [0x7f91a8041c5d]
10  /opt/conda/envs/gdf/lib/libucp.so.0(ucp_worker_progress+0x5a) [0x7f91a80a36ca]
11  /opt/conda/envs/gdf/lib/python3.10/site-packages/ucp/_libs/ucx_api.cpython-310-x86_64-linux-gnu.so(+0x31d7a) [0x7f91a8161d7a]
12  /opt/conda/envs/gdf/bin/python(_PyEval_EvalFrameDefault+0x2ba8) [0x563aae046908]
13  /opt/conda/envs/gdf/bin/python(_PyFunction_Vectorcall+0x6c) [0x563aae053d1c]
14  /opt/conda/envs/gdf/bin/python(_PyEval_EvalFrameDefault+0x700) [0x563aae044460]
15  /opt/conda/envs/gdf/bin/python(+0x1473e4) [0x563aae05f3e4]
16  /opt/conda/envs/gdf/bin/python(+0x252eac) [0x563aae16aeac]
17  /opt/conda/envs/gdf/bin/python(+0xf7766) [0x563aae00f766]
18  /opt/conda/envs/gdf/bin/python(+0x133473) [0x563aae04b473]
19  /opt/conda/envs/gdf/bin/python(_PyEval_EvalFrameDefault+0x5867) [0x563aae0495c7]
20  /opt/conda/envs/gdf/bin/python(_PyFunction_Vectorcall+0x6c) [0x563aae053d1c]
21  /opt/conda/envs/gdf/bin/python(_PyEval_EvalFrameDefault+0x700) [0x563aae044460]
22  /opt/conda/envs/gdf/bin/python(_PyFunction_Vectorcall+0x6c) [0x563aae053d1c]
23  /opt/conda/envs/gdf/bin/python(_PyEval_EvalFrameDefault+0x700) [0x563aae044460]
24  /opt/conda/envs/gdf/bin/python(_PyFunction_Vectorcall+0x6c) [0x563aae053d1c]
25  /opt/conda/envs/gdf/bin/python(_PyEval_EvalFrameDefault+0x700) [0x563aae044460]
26  /opt/conda/envs/gdf/bin/python(_PyFunction_Vectorcall+0x6c) [0x563aae053d1c]
27  /opt/conda/envs/gdf/bin/python(_PyEval_EvalFrameDefault+0x700) [0x563aae044460]
28  /opt/conda/envs/gdf/bin/python(_PyFunction_Vectorcall+0x6c) [0x563aae053d1c]
29  /opt/conda/envs/gdf/bin/python(_PyEval_EvalFrameDefault+0x1340) [0x563aae0450a0]
30  /opt/conda/envs/gdf/bin/python(+0x147162) [0x563aae05f162]
31  /opt/conda/envs/gdf/bin/python(PyObject_Call+0xbc) [0x563aae05fafc]
32  /opt/conda/envs/gdf/bin/python(+0x1ff86d) [0x563aae11786d]
33  /opt/conda/envs/gdf/bin/python(_PyObject_MakeTpCall+0x2d3) [0x563aae04ccc3]
34  /opt/conda/envs/gdf/bin/python(_PyEval_EvalFrameDefault+0x2ba8) [0x563aae046908]
35  /opt/conda/envs/gdf/bin/python(+0x1472b8) [0x563aae05f2b8]
36  /opt/conda/envs/gdf/bin/python(_PyEval_EvalFrameDefault+0x2ba8) [0x563aae046908]
37  /opt/conda/envs/gdf/bin/python(_PyFunction_Vectorcall+0x6c) [0x563aae053d1c]
38  /opt/conda/envs/gdf/bin/python(_PyEval_EvalFrameDefault+0x700) [0x563aae044460]
39  /opt/conda/envs/gdf/bin/python(_PyFunction_Vectorcall+0x6c) [0x563aae053d1c]
40  /opt/conda/envs/gdf/bin/python(_PyEval_EvalFrameDefault+0x700) [0x563aae044460]
41  /opt/conda/envs/gdf/bin/python(_PyFunction_Vectorcall+0x6c) [0x563aae053d1c]
42  /opt/conda/envs/gdf/bin/python(_PyEval_EvalFrameDefault+0x30c) [0x563aae04406c]
43  /opt/conda/envs/gdf/bin/python(_PyFunction_Vectorcall+0x6c) [0x563aae053d1c]
44  /opt/conda/envs/gdf/bin/python(_PyEval_EvalFrameDefault+0x1340) [0x563aae0450a0]
45  /opt/conda/envs/gdf/bin/python(+0x1ccbac) [0x563aae0e4bac]
46  /opt/conda/envs/gdf/bin/python(PyEval_EvalCode+0x87) [0x563aae0e4af7]
47  /opt/conda/envs/gdf/bin/python(+0x1fcffa) [0x563aae114ffa]
48  /opt/conda/envs/gdf/bin/python(+0x1f8473) [0x563aae110473]
49  /opt/conda/envs/gdf/bin/python(PyRun_StringFlags+0x7d) [0x563aae108c0d]
50  /opt/conda/envs/gdf/bin/python(PyRun_SimpleStringFlags+0x3c) [0x563aae108a4c]
51  /opt/conda/envs/gdf/bin/python(Py_RunMain+0x3ba) [0x563aae107c4a]
52  /opt/conda/envs/gdf/bin/python(Py_BytesMain+0x37) [0x563aae0d8237]
53  /usr/lib/x86_64-linux-gnu/libc.so.6(__libc_start_main+0xf3) [0x7f91d679c083]
54  /opt/conda/envs/gdf/bin/python(+0x1c014e) [0x563aae0d814e]
=================================
[dgx13:92080:0:92080] Caught signal 11 (Segmentation fault: address not mapped to object at address 0x450)
==== backtrace (tid:  92080) ====
 0  /opt/conda/envs/gdf/lib/libucs.so.0(ucs_handle_error+0x2fd) [0x7fd721beaeed]
 1  /opt/conda/envs/gdf/lib/libucs.so.0(+0x2c0e4) [0x7fd721beb0e4]
 2  /opt/conda/envs/gdf/lib/libucs.so.0(+0x2c2aa) [0x7fd721beb2aa]
 3  /usr/lib/x86_64-linux-gnu/libpthread.so.0(+0x14420) [0x7fd7626b7420]
 4  /opt/conda/envs/gdf/lib/libucp.so.0(ucp_mem_type_unpack+0x17) [0x7fd721c6c7c7]
 5  /opt/conda/envs/gdf/lib/libucp.so.0(ucp_rndv_data_handler+0x65d) [0x7fd721c9527d]
 6  /opt/conda/envs/gdf/lib/libuct.so.0(+0x2096f) [0x7fd721ba396f]
 7  /opt/conda/envs/gdf/lib/libuct.so.0(+0x23b48) [0x7fd721ba6b48]
 8  /opt/conda/envs/gdf/lib/libucs.so.0(ucs_event_set_wait+0xb9) [0x7fd721bf4639]
 9  /opt/conda/envs/gdf/lib/libuct.so.0(uct_tcp_iface_progress+0x7d) [0x7fd721ba5c5d]
10  /opt/conda/envs/gdf/lib/libucp.so.0(ucp_worker_progress+0x5a) [0x7fd721c696ca]
11  /opt/conda/envs/gdf/lib/python3.10/site-packages/ucp/_libs/ucx_api.cpython-310-x86_64-linux-gnu.so(+0x31d7a) [0x7fd721d27d7a]
12  /opt/conda/envs/gdf/bin/python(_PyEval_EvalFrameDefault+0x2ba8) [0x55af6649e908]
13  /opt/conda/envs/gdf/bin/python(_PyFunction_Vectorcall+0x6c) [0x55af664abd1c]
14  /opt/conda/envs/gdf/bin/python(_PyEval_EvalFrameDefault+0x700) [0x55af6649c460]
15  /opt/conda/envs/gdf/bin/python(+0x1473e4) [0x55af664b73e4]
16  /opt/conda/envs/gdf/bin/python(+0x252eac) [0x55af665c2eac]
17  /opt/conda/envs/gdf/bin/python(+0xf7766) [0x55af66467766]
18  /opt/conda/envs/gdf/bin/python(+0x133473) [0x55af664a3473]
19  /opt/conda/envs/gdf/bin/python(_PyEval_EvalFrameDefault+0x5867) [0x55af664a15c7]
20  /opt/conda/envs/gdf/bin/python(_PyFunction_Vectorcall+0x6c) [0x55af664abd1c]
21  /opt/conda/envs/gdf/bin/python(_PyEval_EvalFrameDefault+0x700) [0x55af6649c460]
22  /opt/conda/envs/gdf/bin/python(_PyFunction_Vectorcall+0x6c) [0x55af664abd1c]
23  /opt/conda/envs/gdf/bin/python(_PyEval_EvalFrameDefault+0x700) [0x55af6649c460]
24  /opt/conda/envs/gdf/bin/python(_PyFunction_Vectorcall+0x6c) [0x55af664abd1c]
25  /opt/conda/envs/gdf/bin/python(_PyEval_EvalFrameDefault+0x700) [0x55af6649c460]
26  /opt/conda/envs/gdf/bin/python(_PyFunction_Vectorcall+0x6c) [0x55af664abd1c]
27  /opt/conda/envs/gdf/bin/python(_PyEval_EvalFrameDefault+0x700) [0x55af6649c460]
28  /opt/conda/envs/gdf/bin/python(_PyFunction_Vectorcall+0x6c) [0x55af664abd1c]
29  /opt/conda/envs/gdf/bin/python(_PyEval_EvalFrameDefault+0x1340) [0x55af6649d0a0]
30  /opt/conda/envs/gdf/bin/python(+0x147162) [0x55af664b7162]
31  /opt/conda/envs/gdf/bin/python(PyObject_Call+0xbc) [0x55af664b7afc]
32  /opt/conda/envs/gdf/bin/python(+0x1ff86d) [0x55af6656f86d]
33  /opt/conda/envs/gdf/bin/python(_PyObject_MakeTpCall+0x2d3) [0x55af664a4cc3]
34  /opt/conda/envs/gdf/bin/python(_PyEval_EvalFrameDefault+0x2ba8) [0x55af6649e908]
35  /opt/conda/envs/gdf/bin/python(+0x1472b8) [0x55af664b72b8]
36  /opt/conda/envs/gdf/bin/python(_PyEval_EvalFrameDefault+0x2ba8) [0x55af6649e908]
37  /opt/conda/envs/gdf/bin/python(_PyFunction_Vectorcall+0x6c) [0x55af664abd1c]
38  /opt/conda/envs/gdf/bin/python(_PyEval_EvalFrameDefault+0x700) [0x55af6649c460]
39  /opt/conda/envs/gdf/bin/python(_PyFunction_Vectorcall+0x6c) [0x55af664abd1c]
40  /opt/conda/envs/gdf/bin/python(_PyEval_EvalFrameDefault+0x700) [0x55af6649c460]
41  /opt/conda/envs/gdf/bin/python(_PyFunction_Vectorcall+0x6c) [0x55af664abd1c]
42  /opt/conda/envs/gdf/bin/python(_PyEval_EvalFrameDefault+0x30c) [0x55af6649c06c]
43  /opt/conda/envs/gdf/bin/python(_PyFunction_Vectorcall+0x6c) [0x55af664abd1c]
44  /opt/conda/envs/gdf/bin/python(_PyEval_EvalFrameDefault+0x1340) [0x55af6649d0a0]
45  /opt/conda/envs/gdf/bin/python(+0x1ccbac) [0x55af6653cbac]
46  /opt/conda/envs/gdf/bin/python(PyEval_EvalCode+0x87) [0x55af6653caf7]
47  /opt/conda/envs/gdf/bin/python(+0x1fcffa) [0x55af6656cffa]
48  /opt/conda/envs/gdf/bin/python(+0x1f8473) [0x55af66568473]
49  /opt/conda/envs/gdf/bin/python(PyRun_StringFlags+0x7d) [0x55af66560c0d]
50  /opt/conda/envs/gdf/bin/python(PyRun_SimpleStringFlags+0x3c) [0x55af66560a4c]
51  /opt/conda/envs/gdf/bin/python(Py_RunMain+0x3ba) [0x55af6655fc4a]
52  /opt/conda/envs/gdf/bin/python(Py_BytesMain+0x37) [0x55af66530237]
53  /usr/lib/x86_64-linux-gnu/libc.so.6(__libc_start_main+0xf3) [0x7fd76237b083]
54  /opt/conda/envs/gdf/bin/python(+0x1c014e) [0x55af6653014e]
=================================
[dgx13:92108:0:92108] Caught signal 11 (Segmentation fault: address not mapped to object at address 0x450)
==== backtrace (tid:  92108) ====
 0  /opt/conda/envs/gdf/lib/libucs.so.0(ucs_handle_error+0x2fd) [0x7f2382e9ceed]
 1  /opt/conda/envs/gdf/lib/libucs.so.0(+0x2c0e4) [0x7f2382e9d0e4]
 2  /opt/conda/envs/gdf/lib/libucs.so.0(+0x2c2aa) [0x7f2382e9d2aa]
 3  /usr/lib/x86_64-linux-gnu/libpthread.so.0(+0x14420) [0x7f23c3961420]
 4  /opt/conda/envs/gdf/lib/libucp.so.0(ucp_mem_type_unpack+0x17) [0x7f2382f1e7c7]
 5  /opt/conda/envs/gdf/lib/libucp.so.0(ucp_rndv_data_handler+0x65d) [0x7f2382f4727d]
 6  /opt/conda/envs/gdf/lib/libuct.so.0(+0x2096f) [0x7f2382e5596f]
 7  /opt/conda/envs/gdf/lib/libuct.so.0(+0x23b48) [0x7f2382e58b48]
 8  /opt/conda/envs/gdf/lib/libucs.so.0(ucs_event_set_wait+0xb9) [0x7f2382ea6639]
 9  /opt/conda/envs/gdf/lib/libuct.so.0(uct_tcp_iface_progress+0x7d) [0x7f2382e57c5d]
10  /opt/conda/envs/gdf/lib/libucp.so.0(ucp_worker_progress+0x5a) [0x7f2382f1b6ca]
11  /opt/conda/envs/gdf/lib/python3.10/site-packages/ucp/_libs/ucx_api.cpython-310-x86_64-linux-gnu.so(+0x31d7a) [0x7f2382fd9d7a]
12  /opt/conda/envs/gdf/bin/python(_PyEval_EvalFrameDefault+0x2ba8) [0x55963f4cb908]
13  /opt/conda/envs/gdf/bin/python(_PyFunction_Vectorcall+0x6c) [0x55963f4d8d1c]
14  /opt/conda/envs/gdf/bin/python(_PyEval_EvalFrameDefault+0x700) [0x55963f4c9460]
15  /opt/conda/envs/gdf/bin/python(+0x1473e4) [0x55963f4e43e4]
16  /opt/conda/envs/gdf/bin/python(+0x252eac) [0x55963f5efeac]
17  /opt/conda/envs/gdf/bin/python(+0xf7766) [0x55963f494766]
18  /opt/conda/envs/gdf/bin/python(+0x133473) [0x55963f4d0473]
19  /opt/conda/envs/gdf/bin/python(_PyEval_EvalFrameDefault+0x5867) [0x55963f4ce5c7]
20  /opt/conda/envs/gdf/bin/python(_PyFunction_Vectorcall+0x6c) [0x55963f4d8d1c]
21  /opt/conda/envs/gdf/bin/python(_PyEval_EvalFrameDefault+0x700) [0x55963f4c9460]
22  /opt/conda/envs/gdf/bin/python(_PyFunction_Vectorcall+0x6c) [0x55963f4d8d1c]
23  /opt/conda/envs/gdf/bin/python(_PyEval_EvalFrameDefault+0x700) [0x55963f4c9460]
24  /opt/conda/envs/gdf/bin/python(_PyFunction_Vectorcall+0x6c) [0x55963f4d8d1c]
25  /opt/conda/envs/gdf/bin/python(_PyEval_EvalFrameDefault+0x700) [0x55963f4c9460]
26  /opt/conda/envs/gdf/bin/python(_PyFunction_Vectorcall+0x6c) [0x55963f4d8d1c]
27  /opt/conda/envs/gdf/bin/python(_PyEval_EvalFrameDefault+0x700) [0x55963f4c9460]
28  /opt/conda/envs/gdf/bin/python(_PyFunction_Vectorcall+0x6c) [0x55963f4d8d1c]
29  /opt/conda/envs/gdf/bin/python(_PyEval_EvalFrameDefault+0x1340) [0x55963f4ca0a0]
30  /opt/conda/envs/gdf/bin/python(+0x147162) [0x55963f4e4162]
31  /opt/conda/envs/gdf/bin/python(PyObject_Call+0xbc) [0x55963f4e4afc]
32  /opt/conda/envs/gdf/bin/python(+0x1ff86d) [0x55963f59c86d]
33  /opt/conda/envs/gdf/bin/python(_PyObject_MakeTpCall+0x2d3) [0x55963f4d1cc3]
34  /opt/conda/envs/gdf/bin/python(_PyEval_EvalFrameDefault+0x2ba8) [0x55963f4cb908]
35  /opt/conda/envs/gdf/bin/python(+0x1472b8) [0x55963f4e42b8]
36  /opt/conda/envs/gdf/bin/python(_PyEval_EvalFrameDefault+0x2ba8) [0x55963f4cb908]
37  /opt/conda/envs/gdf/bin/python(_PyFunction_Vectorcall+0x6c) [0x55963f4d8d1c]
38  /opt/conda/envs/gdf/bin/python(_PyEval_EvalFrameDefault+0x700) [0x55963f4c9460]
39  /opt/conda/envs/gdf/bin/python(_PyFunction_Vectorcall+0x6c) [0x55963f4d8d1c]
40  /opt/conda/envs/gdf/bin/python(_PyEval_EvalFrameDefault+0x700) [0x55963f4c9460]
41  /opt/conda/envs/gdf/bin/python(_PyFunction_Vectorcall+0x6c) [0x55963f4d8d1c]
42  /opt/conda/envs/gdf/bin/python(_PyEval_EvalFrameDefault+0x30c) [0x55963f4c906c]
43  /opt/conda/envs/gdf/bin/python(_PyFunction_Vectorcall+0x6c) [0x55963f4d8d1c]
44  /opt/conda/envs/gdf/bin/python(_PyEval_EvalFrameDefault+0x1340) [0x55963f4ca0a0]
45  /opt/conda/envs/gdf/bin/python(+0x1ccbac) [0x55963f569bac]
46  /opt/conda/envs/gdf/bin/python(PyEval_EvalCode+0x87) [0x55963f569af7]
47  /opt/conda/envs/gdf/bin/python(+0x1fcffa) [0x55963f599ffa]
48  /opt/conda/envs/gdf/bin/python(+0x1f8473) [0x55963f595473]
49  /opt/conda/envs/gdf/bin/python(PyRun_StringFlags+0x7d) [0x55963f58dc0d]
50  /opt/conda/envs/gdf/bin/python(PyRun_SimpleStringFlags+0x3c) [0x55963f58da4c]
51  /opt/conda/envs/gdf/bin/python(Py_RunMain+0x3ba) [0x55963f58cc4a]
52  /opt/conda/envs/gdf/bin/python(Py_BytesMain+0x37) [0x55963f55d237]
53  /usr/lib/x86_64-linux-gnu/libc.so.6(__libc_start_main+0xf3) [0x7f23c3625083]
54  /opt/conda/envs/gdf/bin/python(+0x1c014e) [0x55963f55d14e]
=================================
2024-09-25 06:12:32,815 - distributed.scheduler - WARNING - Removing worker 'ucx://127.0.0.1:38127' caused the cluster to lose already computed task(s), which will be recomputed elsewhere: {('sum-a22599476e8dfe5d89ade61c49ae9186', 7, 8), ('random_sample-90a3a17276815b0aa07af98078f8a601', 3, 4), ('sum-a22599476e8dfe5d89ade61c49ae9186', 9, 5), ('sum-a22599476e8dfe5d89ade61c49ae9186', 5, 9), ('sum-a22599476e8dfe5d89ade61c49ae9186', 5, 5), ('random_sample-90a3a17276815b0aa07af98078f8a601', 2, 3), ('sum-a22599476e8dfe5d89ade61c49ae9186', 0, 7), ('random_sample-90a3a17276815b0aa07af98078f8a601', 0, 7), ('random_sample-90a3a17276815b0aa07af98078f8a601', 7, 0), ('sum-a22599476e8dfe5d89ade61c49ae9186', 0, 0), ('random_sample-90a3a17276815b0aa07af98078f8a601', 0, 0), ('random_sample-90a3a17276815b0aa07af98078f8a601', 7, 3), ('sum-a22599476e8dfe5d89ade61c49ae9186', 7, 0), ('random_sample-90a3a17276815b0aa07af98078f8a601', 9, 5), ('random_sample-90a3a17276815b0aa07af98078f8a601', 5, 9), ('random_sample-90a3a17276815b0aa07af98078f8a601', 4, 2), ('random_sample-90a3a17276815b0aa07af98078f8a601', 5, 5), ('random_sample-90a3a17276815b0aa07af98078f8a601', 2, 1)} (stimulus_id='handle-worker-cleanup-1727244752.8147464')
2024-09-25 06:12:32,833 - distributed.worker - ERROR - failed during get data with ucx://127.0.0.1:44629 -> ucx://127.0.0.1:38127
Traceback (most recent call last):
  File "/opt/conda/envs/gdf/lib/python3.10/site-packages/distributed/comm/ucx.py", line 335, in write
    await self.ep.send(each_frame)
  File "/opt/conda/envs/gdf/lib/python3.10/site-packages/ucp/core.py", line 662, in send
    return await comm.tag_send(self._ep, buffer, nbytes, tag, name=log)
ucp._libs.exceptions.UCXError: <[Send #007] ep: 0x7ff1e8651240, tag: 0x2dd9bcb9b3c68e8a, nbytes: 50000000, type: <class 'cupy.ndarray'>>: Connection reset by remote peer

During handling of the above exception, another exception occurred:

Traceback (most recent call last):
  File "/opt/conda/envs/gdf/lib/python3.10/site-packages/distributed/worker.py", line 1777, in get_data
    compressed = await comm.write(msg, serializers=serializers)
  File "/opt/conda/envs/gdf/lib/python3.10/site-packages/distributed/utils.py", line 806, in wrapper
    return await func(*args, **kwargs)
  File "/opt/conda/envs/gdf/lib/python3.10/site-packages/distributed/comm/ucx.py", line 339, in write
    raise CommClosedError("While writing, the connection was closed")
distributed.comm.core.CommClosedError: While writing, the connection was closed
2024-09-25 06:12:32,838 - distributed.worker - ERROR - Worker stream died during communication: ucx://127.0.0.1:38127
Traceback (most recent call last):
  File "/opt/conda/envs/gdf/lib/python3.10/site-packages/distributed/comm/ucx.py", line 393, in read
    await self.ep.recv(each_frame)
  File "/opt/conda/envs/gdf/lib/python3.10/site-packages/ucp/core.py", line 737, in recv
    ret = await comm.tag_recv(self._ep, buffer, nbytes, tag, name=log)
ucp._libs.exceptions.UCXError: <[Recv #007] ep: 0x7ff1e8651180, tag: 0x488aadf2008a0d83, nbytes: 50000000, type: <class 'rmm._lib.device_buffer.DeviceBuffer'>>: Connection reset by remote peer

During handling of the above exception, another exception occurred:

Traceback (most recent call last):
  File "/opt/conda/envs/gdf/lib/python3.10/site-packages/distributed/worker.py", line 2056, in gather_dep
    response = await get_data_from_worker(
  File "/opt/conda/envs/gdf/lib/python3.10/site-packages/distributed/worker.py", line 2874, in get_data_from_worker
    response = await send_recv(
  File "/opt/conda/envs/gdf/lib/python3.10/site-packages/distributed/core.py", line 1015, in send_recv
    response = await comm.read(deserializers=deserializers)
  File "/opt/conda/envs/gdf/lib/python3.10/site-packages/distributed/utils.py", line 806, in wrapper
    return await func(*args, **kwargs)
  File "/opt/conda/envs/gdf/lib/python3.10/site-packages/distributed/comm/ucx.py", line 399, in read
    raise CommClosedError(
distributed.comm.core.CommClosedError: Connection closed by writer.
Inner exception: UCXError("<[Recv #007] ep: 0x7ff1e8651180, tag: 0x488aadf2008a0d83, nbytes: 50000000, type: <class 'rmm._lib.device_buffer.DeviceBuffer'>>: Connection reset by remote peer")
2024-09-25 06:12:32,853 - distributed.worker - ERROR - failed during get data with ucx://127.0.0.1:44629 -> ucx://127.0.0.1:55471
Traceback (most recent call last):
  File "/opt/conda/envs/gdf/lib/python3.10/site-packages/distributed/comm/ucx.py", line 335, in write
    await self.ep.send(each_frame)
  File "/opt/conda/envs/gdf/lib/python3.10/site-packages/ucp/core.py", line 662, in send
    return await comm.tag_send(self._ep, buffer, nbytes, tag, name=log)
ucp._libs.exceptions.UCXError: <[Send #007] ep: 0x7ff1e86511c0, tag: 0x3bc9bb732e5c2467, nbytes: 50000000, type: <class 'cupy.ndarray'>>: Connection reset by remote peer

During handling of the above exception, another exception occurred:

Traceback (most recent call last):
  File "/opt/conda/envs/gdf/lib/python3.10/site-packages/distributed/worker.py", line 1777, in get_data
    compressed = await comm.write(msg, serializers=serializers)
  File "/opt/conda/envs/gdf/lib/python3.10/site-packages/distributed/utils.py", line 806, in wrapper
    return await func(*args, **kwargs)
  File "/opt/conda/envs/gdf/lib/python3.10/site-packages/distributed/comm/ucx.py", line 339, in write
    raise CommClosedError("While writing, the connection was closed")
distributed.comm.core.CommClosedError: While writing, the connection was closed
2024-09-25 06:12:32,854 - distributed.scheduler - WARNING - Removing worker 'ucx://127.0.0.1:55471' caused the cluster to lose already computed task(s), which will be recomputed elsewhere: {('random_sample-90a3a17276815b0aa07af98078f8a601', 2, 4), ('random_sample-90a3a17276815b0aa07af98078f8a601', 7, 2), ('sum-a22599476e8dfe5d89ade61c49ae9186', 0, 4), ('random_sample-90a3a17276815b0aa07af98078f8a601', 2, 0), ('random_sample-90a3a17276815b0aa07af98078f8a601', 9, 3), ('random_sample-90a3a17276815b0aa07af98078f8a601', 6, 9), ('random_sample-90a3a17276815b0aa07af98078f8a601', 3, 0), ('sum-a22599476e8dfe5d89ade61c49ae9186', 6, 2), ('random_sample-90a3a17276815b0aa07af98078f8a601', 5, 6), ('random_sample-90a3a17276815b0aa07af98078f8a601', 0, 9), ('random_sample-90a3a17276815b0aa07af98078f8a601', 8, 5)} (stimulus_id='handle-worker-cleanup-1727244752.853917')
2024-09-25 06:12:32,852 - distributed.worker - ERROR - Worker stream died during communication: ucx://127.0.0.1:55471
Traceback (most recent call last):
  File "/opt/conda/envs/gdf/lib/python3.10/site-packages/distributed/comm/ucx.py", line 351, in read
    await self.ep.recv(msg)
  File "/opt/conda/envs/gdf/lib/python3.10/site-packages/ucp/core.py", line 737, in recv
    ret = await comm.tag_recv(self._ep, buffer, nbytes, tag, name=log)
ucp._libs.exceptions.UCXCanceled: <[Recv #003] ep: 0x7f247cfa6140, tag: 0x78831440c4fc0193, nbytes: 16, type: <class 'numpy.ndarray'>>: 

During handling of the above exception, another exception occurred:

Traceback (most recent call last):
  File "/opt/conda/envs/gdf/lib/python3.10/site-packages/distributed/worker.py", line 2056, in gather_dep
    response = await get_data_from_worker(
  File "/opt/conda/envs/gdf/lib/python3.10/site-packages/distributed/worker.py", line 2874, in get_data_from_worker
    response = await send_recv(
  File "/opt/conda/envs/gdf/lib/python3.10/site-packages/distributed/core.py", line 1015, in send_recv
    response = await comm.read(deserializers=deserializers)
  File "/opt/conda/envs/gdf/lib/python3.10/site-packages/distributed/utils.py", line 806, in wrapper
    return await func(*args, **kwargs)
  File "/opt/conda/envs/gdf/lib/python3.10/site-packages/distributed/comm/ucx.py", line 369, in read
    raise CommClosedError(
distributed.comm.core.CommClosedError: Connection closed by writer.
Inner exception: UCXCanceled("<[Recv #003] ep: 0x7f247cfa6140, tag: 0x78831440c4fc0193, nbytes: 16, type: <class 'numpy.ndarray'>>: ")
2024-09-25 06:12:32,856 - distributed.worker - ERROR - failed during get data with ucx://127.0.0.1:54649 -> ucx://127.0.0.1:55471
Traceback (most recent call last):
  File "/opt/conda/envs/gdf/lib/python3.10/site-packages/distributed/comm/ucx.py", line 335, in write
    await self.ep.send(each_frame)
  File "/opt/conda/envs/gdf/lib/python3.10/site-packages/ucp/core.py", line 662, in send
    return await comm.tag_send(self._ep, buffer, nbytes, tag, name=log)
ucp._libs.exceptions.UCXError: <[Send #007] ep: 0x7f247cfa6240, tag: 0xa97134a5f058f8f8, nbytes: 50000000, type: <class 'cupy.ndarray'>>: Connection reset by remote peer

During handling of the above exception, another exception occurred:

Traceback (most recent call last):
  File "/opt/conda/envs/gdf/lib/python3.10/site-packages/distributed/worker.py", line 1777, in get_data
    compressed = await comm.write(msg, serializers=serializers)
  File "/opt/conda/envs/gdf/lib/python3.10/site-packages/distributed/utils.py", line 806, in wrapper
    return await func(*args, **kwargs)
  File "/opt/conda/envs/gdf/lib/python3.10/site-packages/distributed/comm/ucx.py", line 339, in write
    raise CommClosedError("While writing, the connection was closed")
distributed.comm.core.CommClosedError: While writing, the connection was closed
2024-09-25 06:12:32,857 - distributed.worker - ERROR - Worker stream died during communication: ucx://127.0.0.1:49571
Traceback (most recent call last):
  File "/opt/conda/envs/gdf/lib/python3.10/site-packages/distributed/comm/ucx.py", line 393, in read
    await self.ep.recv(each_frame)
  File "/opt/conda/envs/gdf/lib/python3.10/site-packages/ucp/core.py", line 737, in recv
    ret = await comm.tag_recv(self._ep, buffer, nbytes, tag, name=log)
ucp._libs.exceptions.UCXError: <[Recv #007] ep: 0x7f3a230f3100, tag: 0xce67335474f6bdfd, nbytes: 50000000, type: <class 'rmm._lib.device_buffer.DeviceBuffer'>>: Connection reset by remote peer

During handling of the above exception, another exception occurred:

Traceback (most recent call last):
  File "/opt/conda/envs/gdf/lib/python3.10/site-packages/distributed/worker.py", line 2056, in gather_dep
    response = await get_data_from_worker(
  File "/opt/conda/envs/gdf/lib/python3.10/site-packages/distributed/worker.py", line 2874, in get_data_from_worker
    response = await send_recv(
  File "/opt/conda/envs/gdf/lib/python3.10/site-packages/distributed/core.py", line 1015, in send_recv
    response = await comm.read(deserializers=deserializers)
  File "/opt/conda/envs/gdf/lib/python3.10/site-packages/distributed/utils.py", line 806, in wrapper
    return await func(*args, **kwargs)
  File "/opt/conda/envs/gdf/lib/python3.10/site-packages/distributed/comm/ucx.py", line 399, in read
    raise CommClosedError(
distributed.comm.core.CommClosedError: Connection closed by writer.
Inner exception: UCXError("<[Recv #007] ep: 0x7f3a230f3100, tag: 0xce67335474f6bdfd, nbytes: 50000000, type: <class 'rmm._lib.device_buffer.DeviceBuffer'>>: Connection reset by remote peer")
2024-09-25 06:12:32,858 - distributed.worker - ERROR - Worker stream died during communication: ucx://127.0.0.1:55471
Traceback (most recent call last):
  File "/opt/conda/envs/gdf/lib/python3.10/site-packages/distributed/comm/ucx.py", line 468, in connect
    ep = await ucp.create_endpoint(ip, port)
  File "/opt/conda/envs/gdf/lib/python3.10/site-packages/ucp/core.py", line 1016, in create_endpoint
    return await _get_ctx().create_endpoint(
  File "/opt/conda/envs/gdf/lib/python3.10/site-packages/ucp/core.py", line 328, in create_endpoint
    peer_info = await exchange_peer_info(
  File "/opt/conda/envs/gdf/lib/python3.10/site-packages/ucp/core.py", line 60, in exchange_peer_info
    await asyncio.wait_for(
  File "/opt/conda/envs/gdf/lib/python3.10/asyncio/tasks.py", line 445, in wait_for
    return fut.result()
ucp._libs.exceptions.UCXError: <stream_recv>: Connection reset by remote peer

During handling of the above exception, another exception occurred:

Traceback (most recent call last):
  File "/opt/conda/envs/gdf/lib/python3.10/site-packages/distributed/comm/core.py", line 342, in connect
    comm = await wait_for(
  File "/opt/conda/envs/gdf/lib/python3.10/site-packages/distributed/utils.py", line 1926, in wait_for
    return await asyncio.wait_for(fut, timeout)
  File "/opt/conda/envs/gdf/lib/python3.10/asyncio/tasks.py", line 445, in wait_for
    return fut.result()
  File "/opt/conda/envs/gdf/lib/python3.10/site-packages/distributed/comm/ucx.py", line 470, in connect
    raise CommClosedError("Connection closed before handshake completed")
distributed.comm.core.CommClosedError: Connection closed before handshake completed

During handling of the above exception, another exception occurred:

Traceback (most recent call last):
  File "/opt/conda/envs/gdf/lib/python3.10/site-packages/distributed/core.py", line 1425, in _connect
    comm = await connect(
  File "/opt/conda/envs/gdf/lib/python3.10/site-packages/distributed/comm/core.py", line 366, in connect
    await asyncio.sleep(backoff)
  File "/opt/conda/envs/gdf/lib/python3.10/asyncio/tasks.py", line 605, in sleep
    return await future
asyncio.exceptions.CancelledError

During handling of the above exception, another exception occurred:

Traceback (most recent call last):
  File "/opt/conda/envs/gdf/lib/python3.10/site-packages/distributed/core.py", line 1535, in connect
    return connect_attempt.result()
asyncio.exceptions.CancelledError

During handling of the above exception, another exception occurred:

Traceback (most recent call last):
  File "/opt/conda/envs/gdf/lib/python3.10/site-packages/distributed/worker.py", line 2056, in gather_dep
    response = await get_data_from_worker(
  File "/opt/conda/envs/gdf/lib/python3.10/site-packages/distributed/worker.py", line 2871, in get_data_from_worker
    comm = await rpc.connect(worker)
  File "/opt/conda/envs/gdf/lib/python3.10/site-packages/distributed/core.py", line 1537, in connect
    raise CommClosedError(reason)
distributed.comm.core.CommClosedError: Address removed.
2024-09-25 06:12:32,863 - distributed.scheduler - WARNING - Removing worker 'ucx://127.0.0.1:49571' caused the cluster to lose already computed task(s), which will be recomputed elsewhere: {('random_sample-90a3a17276815b0aa07af98078f8a601', 0, 8), ('sum-a22599476e8dfe5d89ade61c49ae9186', 1, 6), ('sum-a22599476e8dfe5d89ade61c49ae9186', 8, 8), ('random_sample-90a3a17276815b0aa07af98078f8a601', 6, 6), ('random_sample-90a3a17276815b0aa07af98078f8a601', 1, 6), ('sum-a22599476e8dfe5d89ade61c49ae9186', 5, 2), ('random_sample-90a3a17276815b0aa07af98078f8a601', 9, 6), ('random_sample-90a3a17276815b0aa07af98078f8a601', 4, 6), ('random_sample-90a3a17276815b0aa07af98078f8a601', 0, 2), ('sum-a22599476e8dfe5d89ade61c49ae9186', 6, 1), ('random_sample-90a3a17276815b0aa07af98078f8a601', 4, 9), ('random_sample-90a3a17276815b0aa07af98078f8a601', 8, 8), ('random_sample-90a3a17276815b0aa07af98078f8a601', 8, 1), ('random_sample-90a3a17276815b0aa07af98078f8a601', 5, 8)} (stimulus_id='handle-worker-cleanup-1727244752.862944')
2024-09-25 06:12:32,888 - distributed.worker - ERROR - Worker stream died during communication: ucx://127.0.0.1:56995
Traceback (most recent call last):
  File "/opt/conda/envs/gdf/lib/python3.10/site-packages/distributed/comm/ucx.py", line 393, in read
    await self.ep.recv(each_frame)
  File "/opt/conda/envs/gdf/lib/python3.10/site-packages/ucp/core.py", line 737, in recv
    ret = await comm.tag_recv(self._ep, buffer, nbytes, tag, name=log)
ucp._libs.exceptions.UCXError: <[Recv #007] ep: 0x7f247cfa6180, tag: 0xfe2430f3d19bd637, nbytes: 50000000, type: <class 'rmm._lib.device_buffer.DeviceBuffer'>>: Connection reset by remote peer

During handling of the above exception, another exception occurred:

Traceback (most recent call last):
  File "/opt/conda/envs/gdf/lib/python3.10/site-packages/distributed/worker.py", line 2056, in gather_dep
    response = await get_data_from_worker(
  File "/opt/conda/envs/gdf/lib/python3.10/site-packages/distributed/worker.py", line 2874, in get_data_from_worker
    response = await send_recv(
  File "/opt/conda/envs/gdf/lib/python3.10/site-packages/distributed/core.py", line 1015, in send_recv
    response = await comm.read(deserializers=deserializers)
  File "/opt/conda/envs/gdf/lib/python3.10/site-packages/distributed/utils.py", line 806, in wrapper
    return await func(*args, **kwargs)
  File "/opt/conda/envs/gdf/lib/python3.10/site-packages/distributed/comm/ucx.py", line 399, in read
    raise CommClosedError(
distributed.comm.core.CommClosedError: Connection closed by writer.
Inner exception: UCXError("<[Recv #007] ep: 0x7f247cfa6180, tag: 0xfe2430f3d19bd637, nbytes: 50000000, type: <class 'rmm._lib.device_buffer.DeviceBuffer'>>: Connection reset by remote peer")
2024-09-25 06:12:32,890 - distributed.scheduler - WARNING - Removing worker 'ucx://127.0.0.1:56995' caused the cluster to lose already computed task(s), which will be recomputed elsewhere: {('random_sample-90a3a17276815b0aa07af98078f8a601', 7, 5), ('sum-a22599476e8dfe5d89ade61c49ae9186', 0, 5), ('random_sample-90a3a17276815b0aa07af98078f8a601', 1, 7), ('sum-a22599476e8dfe5d89ade61c49ae9186', 4, 4), ('random_sample-90a3a17276815b0aa07af98078f8a601', 9, 4), ('random_sample-90a3a17276815b0aa07af98078f8a601', 4, 4), ('random_sample-90a3a17276815b0aa07af98078f8a601', 1, 3), ('random_sample-90a3a17276815b0aa07af98078f8a601', 3, 3), ('sum-a22599476e8dfe5d89ade61c49ae9186', 5, 0), ('random_sample-90a3a17276815b0aa07af98078f8a601', 8, 0), ('random_sample-90a3a17276815b0aa07af98078f8a601', 8, 6), ('random_sample-90a3a17276815b0aa07af98078f8a601', 2, 9), ('random_sample-90a3a17276815b0aa07af98078f8a601', 5, 0), ('random_sample-90a3a17276815b0aa07af98078f8a601', 6, 5), ('sum-a22599476e8dfe5d89ade61c49ae9186', 3, 3), ('random_sample-90a3a17276815b0aa07af98078f8a601', 3, 2), ('random_sample-90a3a17276815b0aa07af98078f8a601', 0, 5)} (stimulus_id='handle-worker-cleanup-1727244752.889722')
2024-09-25 06:12:32,891 - distributed.worker - ERROR - Worker stream died during communication: ucx://127.0.0.1:56995
Traceback (most recent call last):
  File "/opt/conda/envs/gdf/lib/python3.10/site-packages/distributed/comm/ucx.py", line 351, in read
    await self.ep.recv(msg)
  File "/opt/conda/envs/gdf/lib/python3.10/site-packages/ucp/core.py", line 737, in recv
    ret = await comm.tag_recv(self._ep, buffer, nbytes, tag, name=log)
ucp._libs.exceptions.UCXCanceled: <[Recv #008] ep: 0x7f3a230f3140, tag: 0x2ae0d260c89f2a96, nbytes: 16, type: <class 'numpy.ndarray'>>: 

During handling of the above exception, another exception occurred:

Traceback (most recent call last):
  File "/opt/conda/envs/gdf/lib/python3.10/site-packages/distributed/worker.py", line 2056, in gather_dep
    response = await get_data_from_worker(
  File "/opt/conda/envs/gdf/lib/python3.10/site-packages/distributed/worker.py", line 2874, in get_data_from_worker
    response = await send_recv(
  File "/opt/conda/envs/gdf/lib/python3.10/site-packages/distributed/core.py", line 1015, in send_recv
    response = await comm.read(deserializers=deserializers)
  File "/opt/conda/envs/gdf/lib/python3.10/site-packages/distributed/utils.py", line 806, in wrapper
    return await func(*args, **kwargs)
  File "/opt/conda/envs/gdf/lib/python3.10/site-packages/distributed/comm/ucx.py", line 369, in read
    raise CommClosedError(
distributed.comm.core.CommClosedError: Connection closed by writer.
Inner exception: UCXCanceled("<[Recv #008] ep: 0x7f3a230f3140, tag: 0x2ae0d260c89f2a96, nbytes: 16, type: <class 'numpy.ndarray'>>: ")
2024-09-25 06:12:32,896 - distributed.worker - ERROR - Worker stream died during communication: ucx://127.0.0.1:56995
Traceback (most recent call last):
  File "/opt/conda/envs/gdf/lib/python3.10/site-packages/distributed/comm/ucx.py", line 468, in connect
    ep = await ucp.create_endpoint(ip, port)
  File "/opt/conda/envs/gdf/lib/python3.10/site-packages/ucp/core.py", line 1016, in create_endpoint
    return await _get_ctx().create_endpoint(
  File "/opt/conda/envs/gdf/lib/python3.10/site-packages/ucp/core.py", line 328, in create_endpoint
    peer_info = await exchange_peer_info(
  File "/opt/conda/envs/gdf/lib/python3.10/site-packages/ucp/core.py", line 60, in exchange_peer_info
    await asyncio.wait_for(
  File "/opt/conda/envs/gdf/lib/python3.10/asyncio/tasks.py", line 445, in wait_for
    return fut.result()
ucp._libs.exceptions.UCXError: <stream_recv>: Connection reset by remote peer

During handling of the above exception, another exception occurred:

Traceback (most recent call last):
  File "/opt/conda/envs/gdf/lib/python3.10/site-packages/distributed/comm/core.py", line 342, in connect
    comm = await wait_for(
  File "/opt/conda/envs/gdf/lib/python3.10/site-packages/distributed/utils.py", line 1926, in wait_for
    return await asyncio.wait_for(fut, timeout)
  File "/opt/conda/envs/gdf/lib/python3.10/asyncio/tasks.py", line 445, in wait_for
    return fut.result()
  File "/opt/conda/envs/gdf/lib/python3.10/site-packages/distributed/comm/ucx.py", line 470, in connect
    raise CommClosedError("Connection closed before handshake completed")
distributed.comm.core.CommClosedError: Connection closed before handshake completed

During handling of the above exception, another exception occurred:

Traceback (most recent call last):
  File "/opt/conda/envs/gdf/lib/python3.10/site-packages/distributed/core.py", line 1425, in _connect
    comm = await connect(
  File "/opt/conda/envs/gdf/lib/python3.10/site-packages/distributed/comm/core.py", line 366, in connect
    await asyncio.sleep(backoff)
  File "/opt/conda/envs/gdf/lib/python3.10/asyncio/tasks.py", line 605, in sleep
    return await future
asyncio.exceptions.CancelledError

During handling of the above exception, another exception occurred:

Traceback (most recent call last):
  File "/opt/conda/envs/gdf/lib/python3.10/site-packages/distributed/core.py", line 1535, in connect
    return connect_attempt.result()
asyncio.exceptions.CancelledError

During handling of the above exception, another exception occurred:

Traceback (most recent call last):
  File "/opt/conda/envs/gdf/lib/python3.10/site-packages/distributed/worker.py", line 2056, in gather_dep
    response = await get_data_from_worker(
  File "/opt/conda/envs/gdf/lib/python3.10/site-packages/distributed/worker.py", line 2871, in get_data_from_worker
    comm = await rpc.connect(worker)
  File "/opt/conda/envs/gdf/lib/python3.10/site-packages/distributed/core.py", line 1537, in connect
    raise CommClosedError(reason)
distributed.comm.core.CommClosedError: Address removed.
2024-09-25 06:12:32,984 - distributed.nanny - WARNING - Restarting worker
2024-09-25 06:12:32,985 - distributed.worker - ERROR - failed during get data with ucx://127.0.0.1:37277 -> ucx://127.0.0.1:42517
Traceback (most recent call last):
  File "/opt/conda/envs/gdf/lib/python3.10/site-packages/distributed/comm/ucx.py", line 335, in write
    await self.ep.send(each_frame)
  File "/opt/conda/envs/gdf/lib/python3.10/site-packages/ucp/core.py", line 662, in send
    return await comm.tag_send(self._ep, buffer, nbytes, tag, name=log)
ucp._libs.exceptions.UCXError: <[Send #007] ep: 0x7f3a230f32c0, tag: 0x5655fdfe13dc98a7, nbytes: 50000000, type: <class 'cupy.ndarray'>>: Connection reset by remote peer

During handling of the above exception, another exception occurred:

Traceback (most recent call last):
  File "/opt/conda/envs/gdf/lib/python3.10/site-packages/distributed/worker.py", line 1777, in get_data
    compressed = await comm.write(msg, serializers=serializers)
  File "/opt/conda/envs/gdf/lib/python3.10/site-packages/distributed/utils.py", line 806, in wrapper
    return await func(*args, **kwargs)
  File "/opt/conda/envs/gdf/lib/python3.10/site-packages/distributed/comm/ucx.py", line 339, in write
    raise CommClosedError("While writing, the connection was closed")
distributed.comm.core.CommClosedError: While writing, the connection was closed
2024-09-25 06:12:32,986 - distributed.worker - ERROR - failed during get data with ucx://127.0.0.1:37277 -> ucx://127.0.0.1:49571
Traceback (most recent call last):
  File "/opt/conda/envs/gdf/lib/python3.10/site-packages/distributed/comm/ucx.py", line 335, in write
    await self.ep.send(each_frame)
  File "/opt/conda/envs/gdf/lib/python3.10/site-packages/ucp/core.py", line 662, in send
    return await comm.tag_send(self._ep, buffer, nbytes, tag, name=log)
ucp._libs.exceptions.UCXError: <[Send #007] ep: 0x7f3a230f3280, tag: 0xca194b84d867bfbe, nbytes: 50000000, type: <class 'cupy.ndarray'>>: Connection reset by remote peer

During handling of the above exception, another exception occurred:

Traceback (most recent call last):
  File "/opt/conda/envs/gdf/lib/python3.10/site-packages/distributed/worker.py", line 1777, in get_data
    compressed = await comm.write(msg, serializers=serializers)
  File "/opt/conda/envs/gdf/lib/python3.10/site-packages/distributed/utils.py", line 806, in wrapper
    return await func(*args, **kwargs)
  File "/opt/conda/envs/gdf/lib/python3.10/site-packages/distributed/comm/ucx.py", line 339, in write
    raise CommClosedError("While writing, the connection was closed")
distributed.comm.core.CommClosedError: While writing, the connection was closed
2024-09-25 06:12:32,986 - distributed.worker - ERROR - failed during get data with ucx://127.0.0.1:37277 -> ucx://127.0.0.1:56995
Traceback (most recent call last):
  File "/opt/conda/envs/gdf/lib/python3.10/site-packages/distributed/comm/ucx.py", line 335, in write
    await self.ep.send(each_frame)
  File "/opt/conda/envs/gdf/lib/python3.10/site-packages/ucp/core.py", line 662, in send
    return await comm.tag_send(self._ep, buffer, nbytes, tag, name=log)
ucp._libs.exceptions.UCXError: <[Send #012] ep: 0x7f3a230f3300, tag: 0xbb5849cc0218ad6, nbytes: 50000000, type: <class 'cupy.ndarray'>>: Connection reset by remote peer

During handling of the above exception, another exception occurred:

Traceback (most recent call last):
  File "/opt/conda/envs/gdf/lib/python3.10/site-packages/distributed/worker.py", line 1777, in get_data
    compressed = await comm.write(msg, serializers=serializers)
  File "/opt/conda/envs/gdf/lib/python3.10/site-packages/distributed/utils.py", line 806, in wrapper
    return await func(*args, **kwargs)
  File "/opt/conda/envs/gdf/lib/python3.10/site-packages/distributed/comm/ucx.py", line 339, in write
    raise CommClosedError("While writing, the connection was closed")
distributed.comm.core.CommClosedError: While writing, the connection was closed
2024-09-25 06:12:32,988 - distributed.scheduler - WARNING - Removing worker 'ucx://127.0.0.1:42517' caused the cluster to lose already computed task(s), which will be recomputed elsewhere: {('random_sample-90a3a17276815b0aa07af98078f8a601', 4, 1), ('sum-a22599476e8dfe5d89ade61c49ae9186', 2, 2), ('random_sample-90a3a17276815b0aa07af98078f8a601', 6, 3), ('random_sample-90a3a17276815b0aa07af98078f8a601', 7, 8), ('random_sample-90a3a17276815b0aa07af98078f8a601', 8, 7), ('random_sample-90a3a17276815b0aa07af98078f8a601', 8, 3), ('random_sample-90a3a17276815b0aa07af98078f8a601', 5, 7), ('random_sample-90a3a17276815b0aa07af98078f8a601', 3, 6), ('random_sample-90a3a17276815b0aa07af98078f8a601', 9, 0), ('sum-a22599476e8dfe5d89ade61c49ae9186', 8, 7), ('random_sample-90a3a17276815b0aa07af98078f8a601', 2, 2), ('random_sample-90a3a17276815b0aa07af98078f8a601', 3, 5), ('sum-a22599476e8dfe5d89ade61c49ae9186', 6, 3)} (stimulus_id='handle-worker-cleanup-1727244752.9877837')
2024-09-25 06:12:32,989 - distributed.worker - ERROR - failed during get data with ucx://127.0.0.1:54649 -> ucx://127.0.0.1:42517
Traceback (most recent call last):
  File "/opt/conda/envs/gdf/lib/python3.10/site-packages/distributed/comm/ucx.py", line 335, in write
    await self.ep.send(each_frame)
  File "/opt/conda/envs/gdf/lib/python3.10/site-packages/ucp/core.py", line 662, in send
    return await comm.tag_send(self._ep, buffer, nbytes, tag, name=log)
ucp._libs.exceptions.UCXError: <[Send #012] ep: 0x7f247cfa6300, tag: 0xc7bf712c24046151, nbytes: 50000000, type: <class 'cupy.ndarray'>>: Connection reset by remote peer

During handling of the above exception, another exception occurred:

Traceback (most recent call last):
  File "/opt/conda/envs/gdf/lib/python3.10/site-packages/distributed/worker.py", line 1777, in get_data
    compressed = await comm.write(msg, serializers=serializers)
  File "/opt/conda/envs/gdf/lib/python3.10/site-packages/distributed/utils.py", line 806, in wrapper
    return await func(*args, **kwargs)
  File "/opt/conda/envs/gdf/lib/python3.10/site-packages/distributed/comm/ucx.py", line 339, in write
    raise CommClosedError("While writing, the connection was closed")
distributed.comm.core.CommClosedError: While writing, the connection was closed
2024-09-25 06:12:33,074 - distributed.nanny - WARNING - Restarting worker
2024-09-25 06:12:33,187 - distributed.nanny - WARNING - Restarting worker
2024-09-25 06:12:33,189 - distributed.nanny - WARNING - Restarting worker
2024-09-25 06:12:33,291 - distributed.nanny - WARNING - Restarting worker
/opt/conda/envs/gdf/lib/python3.10/multiprocessing/resource_tracker.py:224: UserWarning: resource_tracker: There appear to be 48 leaked semaphore objects to clean up at shutdown
  warnings.warn('resource_tracker: There appear to be %d '
