[dgx13:71806:0:71806] Caught signal 11 (Segmentation fault: address not mapped to object at address 0x450)
==== backtrace (tid:  71806) ====
 0  /opt/conda/envs/gdf/lib/libucs.so.0(ucs_handle_error+0x2fd) [0x7ff49751bc1d]
 1  /opt/conda/envs/gdf/lib/libucs.so.0(+0x2de11) [0x7ff49751be11]
 2  /opt/conda/envs/gdf/lib/libucs.so.0(+0x2dfda) [0x7ff49751bfda]
 3  /usr/lib/x86_64-linux-gnu/libpthread.so.0(+0x14420) [0x7ff4dfc82420]
 4  /opt/conda/envs/gdf/lib/libucp.so.0(ucp_mem_type_unpack+0x14) [0x7ff49759f2d4]
 5  /opt/conda/envs/gdf/lib/libucp.so.0(ucp_rndv_data_handler+0x605) [0x7ff4975c9495]
 6  /opt/conda/envs/gdf/lib/./libuct.so.0(+0x21a06) [0x7ff4974d2a06]
 7  /opt/conda/envs/gdf/lib/./libuct.so.0(+0x24ae8) [0x7ff4974d5ae8]
 8  /opt/conda/envs/gdf/lib/libucs.so.0(ucs_event_set_wait+0xb1) [0x7ff497525411]
 9  /opt/conda/envs/gdf/lib/./libuct.so.0(uct_tcp_iface_progress+0x7d) [0x7ff4974d4bbd]
10  /opt/conda/envs/gdf/lib/libucp.so.0(ucp_worker_progress+0x5a) [0x7ff49759bf1a]
11  /opt/conda/envs/gdf/lib/python3.10/site-packages/ucp/_libs/ucx_api.cpython-310-x86_64-linux-gnu.so(+0x31d7a) [0x7ff49765bd7a]
12  /opt/conda/envs/gdf/bin/python(_PyEval_EvalFrameDefault+0x2c3e) [0x5634073586de]
13  /opt/conda/envs/gdf/bin/python(_PyFunction_Vectorcall+0x6c) [0x563407365b7c]
14  /opt/conda/envs/gdf/bin/python(_PyEval_EvalFrameDefault+0x6fd) [0x56340735619d]
15  /opt/conda/envs/gdf/bin/python(+0x1d62c9) [0x5634074002c9]
16  /opt/conda/envs/gdf/lib/python3.10/lib-dynload/_asyncio.cpython-310-x86_64-linux-gnu.so(+0x7782) [0x7ff4bfca9782]
17  /opt/conda/envs/gdf/bin/python(_PyObject_MakeTpCall+0x2d3) [0x56340735ea03]
18  /opt/conda/envs/gdf/bin/python(+0xf745f) [0x56340732145f]
19  /opt/conda/envs/gdf/bin/python(+0x1331b3) [0x56340735d1b3]
20  /opt/conda/envs/gdf/bin/python(_PyEval_EvalFrameDefault+0x593b) [0x56340735b3db]
21  /opt/conda/envs/gdf/bin/python(_PyFunction_Vectorcall+0x6c) [0x563407365b7c]
22  /opt/conda/envs/gdf/bin/python(_PyEval_EvalFrameDefault+0x6fd) [0x56340735619d]
23  /opt/conda/envs/gdf/bin/python(_PyFunction_Vectorcall+0x6c) [0x563407365b7c]
24  /opt/conda/envs/gdf/bin/python(_PyEval_EvalFrameDefault+0x6fd) [0x56340735619d]
25  /opt/conda/envs/gdf/bin/python(_PyFunction_Vectorcall+0x6c) [0x563407365b7c]
26  /opt/conda/envs/gdf/bin/python(_PyEval_EvalFrameDefault+0x6fd) [0x56340735619d]
27  /opt/conda/envs/gdf/bin/python(_PyFunction_Vectorcall+0x6c) [0x563407365b7c]
28  /opt/conda/envs/gdf/bin/python(_PyEval_EvalFrameDefault+0x6fd) [0x56340735619d]
29  /opt/conda/envs/gdf/bin/python(_PyFunction_Vectorcall+0x6c) [0x563407365b7c]
30  /opt/conda/envs/gdf/bin/python(_PyEval_EvalFrameDefault+0x1341) [0x563407356de1]
31  /opt/conda/envs/gdf/bin/python(+0x146fb2) [0x563407370fb2]
32  /opt/conda/envs/gdf/bin/python(PyObject_Call+0xbc) [0x56340737194c]
33  /opt/conda/envs/gdf/bin/python(+0x1ff72d) [0x56340742972d]
34  /opt/conda/envs/gdf/bin/python(_PyObject_MakeTpCall+0x2d3) [0x56340735ea03]
35  /opt/conda/envs/gdf/bin/python(_PyEval_EvalFrameDefault+0x2c3e) [0x5634073586de]
36  /opt/conda/envs/gdf/bin/python(+0x147108) [0x563407371108]
37  /opt/conda/envs/gdf/bin/python(_PyEval_EvalFrameDefault+0x2c3e) [0x5634073586de]
38  /opt/conda/envs/gdf/bin/python(_PyFunction_Vectorcall+0x6c) [0x563407365b7c]
39  /opt/conda/envs/gdf/bin/python(_PyEval_EvalFrameDefault+0x6fd) [0x56340735619d]
40  /opt/conda/envs/gdf/bin/python(_PyFunction_Vectorcall+0x6c) [0x563407365b7c]
41  /opt/conda/envs/gdf/bin/python(_PyEval_EvalFrameDefault+0x6fd) [0x56340735619d]
42  /opt/conda/envs/gdf/bin/python(_PyFunction_Vectorcall+0x6c) [0x563407365b7c]
43  /opt/conda/envs/gdf/bin/python(_PyEval_EvalFrameDefault+0x309) [0x563407355da9]
44  /opt/conda/envs/gdf/bin/python(_PyFunction_Vectorcall+0x6c) [0x563407365b7c]
45  /opt/conda/envs/gdf/bin/python(_PyEval_EvalFrameDefault+0x1341) [0x563407356de1]
46  /opt/conda/envs/gdf/bin/python(+0x1cca8c) [0x5634073f6a8c]
47  /opt/conda/envs/gdf/bin/python(PyEval_EvalCode+0x87) [0x5634073f69d7]
48  /opt/conda/envs/gdf/bin/python(+0x1fceba) [0x563407426eba]
49  /opt/conda/envs/gdf/bin/python(+0x1f8343) [0x563407422343]
50  /opt/conda/envs/gdf/bin/python(PyRun_StringFlags+0x7d) [0x56340741aadd]
51  /opt/conda/envs/gdf/bin/python(PyRun_SimpleStringFlags+0x3c) [0x56340741a91c]
52  /opt/conda/envs/gdf/bin/python(Py_RunMain+0x3ba) [0x563407419b1a]
53  /opt/conda/envs/gdf/bin/python(Py_BytesMain+0x37) [0x5634073ea117]
54  /usr/lib/x86_64-linux-gnu/libc.so.6(__libc_start_main+0xf3) [0x7ff4df946083]
55  /opt/conda/envs/gdf/bin/python(+0x1c002e) [0x5634073ea02e]
=================================
[dgx13:71810:0:71810] Caught signal 11 (Segmentation fault: address not mapped to object at address 0x450)
==== backtrace (tid:  71810) ====
 0  /opt/conda/envs/gdf/lib/libucs.so.0(ucs_handle_error+0x2fd) [0x7f2fb41aec1d]
 1  /opt/conda/envs/gdf/lib/libucs.so.0(+0x2de11) [0x7f2fb41aee11]
 2  /opt/conda/envs/gdf/lib/libucs.so.0(+0x2dfda) [0x7f2fb41aefda]
 3  /usr/lib/x86_64-linux-gnu/libpthread.so.0(+0x14420) [0x7f2fea905420]
 4  /opt/conda/envs/gdf/lib/libucp.so.0(ucp_mem_type_unpack+0x14) [0x7f2fb42322d4]
 5  /opt/conda/envs/gdf/lib/libucp.so.0(ucp_rndv_data_handler+0x605) [0x7f2fb425c495]
 6  /opt/conda/envs/gdf/lib/./libuct.so.0(+0x21a06) [0x7f2fb4165a06]
 7  /opt/conda/envs/gdf/lib/./libuct.so.0(+0x24ae8) [0x7f2fb4168ae8]
 8  /opt/conda/envs/gdf/lib/libucs.so.0(ucs_event_set_wait+0xb1) [0x7f2fb41b8411]
 9  /opt/conda/envs/gdf/lib/./libuct.so.0(uct_tcp_iface_progress+0x7d) [0x7f2fb4167bbd]
10  /opt/conda/envs/gdf/lib/libucp.so.0(ucp_worker_progress+0x5a) [0x7f2fb422ef1a]
11  /opt/conda/envs/gdf/lib/python3.10/site-packages/ucp/_libs/ucx_api.cpython-310-x86_64-linux-gnu.so(+0x31d7a) [0x7f2fb42eed7a]
12  /opt/conda/envs/gdf/bin/python(_PyEval_EvalFrameDefault+0x2c3e) [0x559d2601a6de]
13  /opt/conda/envs/gdf/bin/python(_PyFunction_Vectorcall+0x6c) [0x559d26027b7c]
14  /opt/conda/envs/gdf/bin/python(_PyEval_EvalFrameDefault+0x6fd) [0x559d2601819d]
15  /opt/conda/envs/gdf/bin/python(+0x147234) [0x559d26033234]
16  /opt/conda/envs/gdf/bin/python(+0x252f7c) [0x559d2613ef7c]
17  /opt/conda/envs/gdf/bin/python(+0xf745f) [0x559d25fe345f]
18  /opt/conda/envs/gdf/bin/python(+0x1331b3) [0x559d2601f1b3]
19  /opt/conda/envs/gdf/bin/python(_PyEval_EvalFrameDefault+0x593b) [0x559d2601d3db]
20  /opt/conda/envs/gdf/bin/python(_PyFunction_Vectorcall+0x6c) [0x559d26027b7c]
21  /opt/conda/envs/gdf/bin/python(_PyEval_EvalFrameDefault+0x6fd) [0x559d2601819d]
22  /opt/conda/envs/gdf/bin/python(_PyFunction_Vectorcall+0x6c) [0x559d26027b7c]
23  /opt/conda/envs/gdf/bin/python(_PyEval_EvalFrameDefault+0x6fd) [0x559d2601819d]
24  /opt/conda/envs/gdf/bin/python(_PyFunction_Vectorcall+0x6c) [0x559d26027b7c]
25  /opt/conda/envs/gdf/bin/python(_PyEval_EvalFrameDefault+0x6fd) [0x559d2601819d]
26  /opt/conda/envs/gdf/bin/python(_PyFunction_Vectorcall+0x6c) [0x559d26027b7c]
27  /opt/conda/envs/gdf/bin/python(_PyEval_EvalFrameDefault+0x6fd) [0x559d2601819d]
28  /opt/conda/envs/gdf/bin/python(_PyFunction_Vectorcall+0x6c) [0x559d26027b7c]
29  /opt/conda/envs/gdf/bin/python(_PyEval_EvalFrameDefault+0x1341) [0x559d26018de1]
30  /opt/conda/envs/gdf/bin/python(+0x146fb2) [0x559d26032fb2]
31  /opt/conda/envs/gdf/bin/python(PyObject_Call+0xbc) [0x559d2603394c]
32  /opt/conda/envs/gdf/bin/python(+0x1ff72d) [0x559d260eb72d]
33  /opt/conda/envs/gdf/bin/python(_PyObject_MakeTpCall+0x2d3) [0x559d26020a03]
34  /opt/conda/envs/gdf/bin/python(_PyEval_EvalFrameDefault+0x2c3e) [0x559d2601a6de]
35  /opt/conda/envs/gdf/bin/python(+0x147108) [0x559d26033108]
36  /opt/conda/envs/gdf/bin/python(_PyEval_EvalFrameDefault+0x2c3e) [0x559d2601a6de]
37  /opt/conda/envs/gdf/bin/python(_PyFunction_Vectorcall+0x6c) [0x559d26027b7c]
38  /opt/conda/envs/gdf/bin/python(_PyEval_EvalFrameDefault+0x6fd) [0x559d2601819d]
39  /opt/conda/envs/gdf/bin/python(_PyFunction_Vectorcall+0x6c) [0x559d26027b7c]
40  /opt/conda/envs/gdf/bin/python(_PyEval_EvalFrameDefault+0x6fd) [0x559d2601819d]
41  /opt/conda/envs/gdf/bin/python(_PyFunction_Vectorcall+0x6c) [0x559d26027b7c]
42  /opt/conda/envs/gdf/bin/python(_PyEval_EvalFrameDefault+0x309) [0x559d26017da9]
43  /opt/conda/envs/gdf/bin/python(_PyFunction_Vectorcall+0x6c) [0x559d26027b7c]
44  /opt/conda/envs/gdf/bin/python(_PyEval_EvalFrameDefault+0x1341) [0x559d26018de1]
45  /opt/conda/envs/gdf/bin/python(+0x1cca8c) [0x559d260b8a8c]
46  /opt/conda/envs/gdf/bin/python(PyEval_EvalCode+0x87) [0x559d260b89d7]
47  /opt/conda/envs/gdf/bin/python(+0x1fceba) [0x559d260e8eba]
48  /opt/conda/envs/gdf/bin/python(+0x1f8343) [0x559d260e4343]
49  /opt/conda/envs/gdf/bin/python(PyRun_StringFlags+0x7d) [0x559d260dcadd]
50  /opt/conda/envs/gdf/bin/python(PyRun_SimpleStringFlags+0x3c) [0x559d260dc91c]
51  /opt/conda/envs/gdf/bin/python(Py_RunMain+0x3ba) [0x559d260dbb1a]
52  /opt/conda/envs/gdf/bin/python(Py_BytesMain+0x37) [0x559d260ac117]
53  /usr/lib/x86_64-linux-gnu/libc.so.6(__libc_start_main+0xf3) [0x7f2fea5c9083]
54  /opt/conda/envs/gdf/bin/python(+0x1c002e) [0x559d260ac02e]
=================================
[dgx13:71819:0:71819] Caught signal 11 (Segmentation fault: address not mapped to object at address 0x450)
==== backtrace (tid:  71819) ====
 0  /opt/conda/envs/gdf/lib/libucs.so.0(ucs_handle_error+0x2fd) [0x7f90c8af7c1d]
 1  /opt/conda/envs/gdf/lib/libucs.so.0(+0x2de11) [0x7f90c8af7e11]
 2  /opt/conda/envs/gdf/lib/libucs.so.0(+0x2dfda) [0x7f90c8af7fda]
 3  /usr/lib/x86_64-linux-gnu/libpthread.so.0(+0x14420) [0x7f910d265420]
 4  /opt/conda/envs/gdf/lib/libucp.so.0(ucp_mem_type_unpack+0x14) [0x7f90c8b7b2d4]
 5  /opt/conda/envs/gdf/lib/libucp.so.0(ucp_rndv_data_handler+0x605) [0x7f90c8ba5495]
 6  /opt/conda/envs/gdf/lib/./libuct.so.0(+0x21a06) [0x7f90c8aaea06]
 7  /opt/conda/envs/gdf/lib/./libuct.so.0(+0x24ae8) [0x7f90c8ab1ae8]
 8  /opt/conda/envs/gdf/lib/libucs.so.0(ucs_event_set_wait+0xb1) [0x7f90c8b01411]
 9  /opt/conda/envs/gdf/lib/./libuct.so.0(uct_tcp_iface_progress+0x7d) [0x7f90c8ab0bbd]
10  /opt/conda/envs/gdf/lib/libucp.so.0(ucp_worker_progress+0x5a) [0x7f90c8b77f1a]
11  /opt/conda/envs/gdf/lib/python3.10/site-packages/ucp/_libs/ucx_api.cpython-310-x86_64-linux-gnu.so(+0x31d7a) [0x7f90c8c37d7a]
12  /opt/conda/envs/gdf/bin/python(_PyEval_EvalFrameDefault+0x2c3e) [0x56357b5366de]
13  /opt/conda/envs/gdf/bin/python(_PyFunction_Vectorcall+0x6c) [0x56357b543b7c]
14  /opt/conda/envs/gdf/bin/python(_PyEval_EvalFrameDefault+0x6fd) [0x56357b53419d]
15  /opt/conda/envs/gdf/bin/python(+0x147234) [0x56357b54f234]
16  /opt/conda/envs/gdf/bin/python(+0x252f7c) [0x56357b65af7c]
17  /opt/conda/envs/gdf/bin/python(+0xf745f) [0x56357b4ff45f]
18  /opt/conda/envs/gdf/bin/python(+0x1331b3) [0x56357b53b1b3]
19  /opt/conda/envs/gdf/bin/python(_PyEval_EvalFrameDefault+0x593b) [0x56357b5393db]
20  /opt/conda/envs/gdf/bin/python(_PyFunction_Vectorcall+0x6c) [0x56357b543b7c]
21  /opt/conda/envs/gdf/bin/python(_PyEval_EvalFrameDefault+0x6fd) [0x56357b53419d]
22  /opt/conda/envs/gdf/bin/python(_PyFunction_Vectorcall+0x6c) [0x56357b543b7c]
23  /opt/conda/envs/gdf/bin/python(_PyEval_EvalFrameDefault+0x6fd) [0x56357b53419d]
24  /opt/conda/envs/gdf/bin/python(_PyFunction_Vectorcall+0x6c) [0x56357b543b7c]
25  /opt/conda/envs/gdf/bin/python(_PyEval_EvalFrameDefault+0x6fd) [0x56357b53419d]
26  /opt/conda/envs/gdf/bin/python(_PyFunction_Vectorcall+0x6c) [0x56357b543b7c]
27  /opt/conda/envs/gdf/bin/python(_PyEval_EvalFrameDefault+0x6fd) [0x56357b53419d]
28  /opt/conda/envs/gdf/bin/python(_PyFunction_Vectorcall+0x6c) [0x56357b543b7c]
29  /opt/conda/envs/gdf/bin/python(_PyEval_EvalFrameDefault+0x1341) [0x56357b534de1]
30  /opt/conda/envs/gdf/bin/python(+0x146fb2) [0x56357b54efb2]
31  /opt/conda/envs/gdf/bin/python(PyObject_Call+0xbc) [0x56357b54f94c]
32  /opt/conda/envs/gdf/bin/python(+0x1ff72d) [0x56357b60772d]
33  /opt/conda/envs/gdf/bin/python(_PyObject_MakeTpCall+0x2d3) [0x56357b53ca03]
34  /opt/conda/envs/gdf/bin/python(_PyEval_EvalFrameDefault+0x2c3e) [0x56357b5366de]
35  /opt/conda/envs/gdf/bin/python(+0x147108) [0x56357b54f108]
36  /opt/conda/envs/gdf/bin/python(_PyEval_EvalFrameDefault+0x2c3e) [0x56357b5366de]
37  /opt/conda/envs/gdf/bin/python(_PyFunction_Vectorcall+0x6c) [0x56357b543b7c]
38  /opt/conda/envs/gdf/bin/python(_PyEval_EvalFrameDefault+0x6fd) [0x56357b53419d]
39  /opt/conda/envs/gdf/bin/python(_PyFunction_Vectorcall+0x6c) [0x56357b543b7c]
40  /opt/conda/envs/gdf/bin/python(_PyEval_EvalFrameDefault+0x6fd) [0x56357b53419d]
41  /opt/conda/envs/gdf/bin/python(_PyFunction_Vectorcall+0x6c) [0x56357b543b7c]
42  /opt/conda/envs/gdf/bin/python(_PyEval_EvalFrameDefault+0x309) [0x56357b533da9]
43  /opt/conda/envs/gdf/bin/python(_PyFunction_Vectorcall+0x6c) [0x56357b543b7c]
44  /opt/conda/envs/gdf/bin/python(_PyEval_EvalFrameDefault+0x1341) [0x56357b534de1]
45  /opt/conda/envs/gdf/bin/python(+0x1cca8c) [0x56357b5d4a8c]
46  /opt/conda/envs/gdf/bin/python(PyEval_EvalCode+0x87) [0x56357b5d49d7]
47  /opt/conda/envs/gdf/bin/python(+0x1fceba) [0x56357b604eba]
48  /opt/conda/envs/gdf/bin/python(+0x1f8343) [0x56357b600343]
49  /opt/conda/envs/gdf/bin/python(PyRun_StringFlags+0x7d) [0x56357b5f8add]
50  /opt/conda/envs/gdf/bin/python(PyRun_SimpleStringFlags+0x3c) [0x56357b5f891c]
51  /opt/conda/envs/gdf/bin/python(Py_RunMain+0x3ba) [0x56357b5f7b1a]
52  /opt/conda/envs/gdf/bin/python(Py_BytesMain+0x37) [0x56357b5c8117]
53  /usr/lib/x86_64-linux-gnu/libc.so.6(__libc_start_main+0xf3) [0x7f910cf29083]
54  /opt/conda/envs/gdf/bin/python(+0x1c002e) [0x56357b5c802e]
=================================
2024-12-24 07:53:06,909 - distributed.scheduler - WARNING - Removing worker 'ucx://127.0.0.1:43117' caused the cluster to lose already computed task(s), which will be recomputed elsewhere: {('random_sample-2dfef981314de18413f27e90a939d804', 7, 0), ('random_sample-2dfef981314de18413f27e90a939d804', 6, 7), ('random_sample-2dfef981314de18413f27e90a939d804', 3, 5), ('random_sample-2dfef981314de18413f27e90a939d804', 8, 3), ('random_sample-2dfef981314de18413f27e90a939d804', 4, 6), ('random_sample-2dfef981314de18413f27e90a939d804', 6, 2), ('random_sample-2dfef981314de18413f27e90a939d804', 2, 4), ('random_sample-2dfef981314de18413f27e90a939d804', 9, 9), ('random_sample-2dfef981314de18413f27e90a939d804', 1, 1), ('random_sample-2dfef981314de18413f27e90a939d804', 8, 2), ('random_sample-2dfef981314de18413f27e90a939d804', 8, 1), ('random_sample-2dfef981314de18413f27e90a939d804', 4, 5), ('random_sample-2dfef981314de18413f27e90a939d804', 3, 0), ('random_sample-2dfef981314de18413f27e90a939d804', 9, 1), ('random_sample-2dfef981314de18413f27e90a939d804', 0, 7), ('sum-b1be8cb35fb10283198fb0f1d986b8c6', 1, 1), ('random_sample-2dfef981314de18413f27e90a939d804', 0, 0)} (stimulus_id='handle-worker-cleanup-1735026786.9093993')
Task exception was never retrieved
future: <Task finished name='Task-215' coro=<_listener_handler_coroutine() done, defined at /opt/conda/envs/gdf/lib/python3.10/site-packages/ucp/core.py:140> exception=UCXError('<stream_send>: Connection reset by remote peer')>
Traceback (most recent call last):
  File "/opt/conda/envs/gdf/lib/python3.10/site-packages/ucp/core.py", line 155, in _listener_handler_coroutine
    peer_info = await exchange_peer_info(
  File "/opt/conda/envs/gdf/lib/python3.10/site-packages/ucp/core.py", line 51, in exchange_peer_info
    await asyncio.wait_for(
  File "/opt/conda/envs/gdf/lib/python3.10/asyncio/tasks.py", line 445, in wait_for
    return fut.result()
ucp._libs.exceptions.UCXError: <stream_send>: Connection reset by remote peer
2024-12-24 07:53:06,919 - distributed.worker - ERROR - Worker stream died during communication: ucx://127.0.0.1:43117
Traceback (most recent call last):
  File "/opt/conda/envs/gdf/lib/python3.10/site-packages/distributed/comm/ucx.py", line 468, in connect
    ep = await ucp.create_endpoint(ip, port)
  File "/opt/conda/envs/gdf/lib/python3.10/site-packages/ucp/core.py", line 1016, in create_endpoint
    return await _get_ctx().create_endpoint(
  File "/opt/conda/envs/gdf/lib/python3.10/site-packages/ucp/core.py", line 328, in create_endpoint
    peer_info = await exchange_peer_info(
  File "/opt/conda/envs/gdf/lib/python3.10/site-packages/ucp/core.py", line 60, in exchange_peer_info
    await asyncio.wait_for(
  File "/opt/conda/envs/gdf/lib/python3.10/asyncio/tasks.py", line 445, in wait_for
    return fut.result()
ucp._libs.exceptions.UCXError: <stream_recv>: Connection reset by remote peer

During handling of the above exception, another exception occurred:

Traceback (most recent call last):
  File "/opt/conda/envs/gdf/lib/python3.10/site-packages/distributed/comm/core.py", line 342, in connect
    comm = await wait_for(
  File "/opt/conda/envs/gdf/lib/python3.10/site-packages/distributed/utils.py", line 1915, in wait_for
    return await asyncio.wait_for(fut, timeout)
  File "/opt/conda/envs/gdf/lib/python3.10/asyncio/tasks.py", line 445, in wait_for
    return fut.result()
  File "/opt/conda/envs/gdf/lib/python3.10/site-packages/distributed/comm/ucx.py", line 470, in connect
    raise CommClosedError("Connection closed before handshake completed")
distributed.comm.core.CommClosedError: Connection closed before handshake completed

During handling of the above exception, another exception occurred:

Traceback (most recent call last):
  File "/opt/conda/envs/gdf/lib/python3.10/site-packages/distributed/core.py", line 1429, in _connect
    comm = await connect(
  File "/opt/conda/envs/gdf/lib/python3.10/site-packages/distributed/comm/core.py", line 366, in connect
    await asyncio.sleep(backoff)
  File "/opt/conda/envs/gdf/lib/python3.10/asyncio/tasks.py", line 605, in sleep
    return await future
asyncio.exceptions.CancelledError

During handling of the above exception, another exception occurred:

Traceback (most recent call last):
  File "/opt/conda/envs/gdf/lib/python3.10/site-packages/distributed/core.py", line 1539, in connect
    return connect_attempt.result()
asyncio.exceptions.CancelledError

During handling of the above exception, another exception occurred:

Traceback (most recent call last):
  File "/opt/conda/envs/gdf/lib/python3.10/site-packages/distributed/worker.py", line 2075, in gather_dep
    response = await get_data_from_worker(
  File "/opt/conda/envs/gdf/lib/python3.10/site-packages/distributed/worker.py", line 2878, in get_data_from_worker
    comm = await rpc.connect(worker)
  File "/opt/conda/envs/gdf/lib/python3.10/site-packages/distributed/core.py", line 1542, in connect
    raise CommClosedError(reason)
distributed.comm.core.CommClosedError: Address removed.
2024-12-24 07:53:06,920 - distributed.worker - ERROR - failed during get data with ucx://127.0.0.1:43295 -> ucx://127.0.0.1:43117
Traceback (most recent call last):
  File "/opt/conda/envs/gdf/lib/python3.10/site-packages/distributed/comm/ucx.py", line 335, in write
    await self.ep.send(each_frame)
  File "/opt/conda/envs/gdf/lib/python3.10/site-packages/ucp/core.py", line 662, in send
    return await comm.tag_send(self._ep, buffer, nbytes, tag, name=log)
ucp._libs.exceptions.UCXError: <[Send #007] ep: 0x7f70a0a24180, tag: 0x3fd976e96dd82e61, nbytes: 50000000, type: <class 'cupy.ndarray'>>: Connection reset by remote peer

During handling of the above exception, another exception occurred:

Traceback (most recent call last):
  File "/opt/conda/envs/gdf/lib/python3.10/site-packages/distributed/worker.py", line 1796, in get_data
    compressed = await comm.write(msg, serializers=serializers)
  File "/opt/conda/envs/gdf/lib/python3.10/site-packages/distributed/utils.py", line 805, in wrapper
    return await func(*args, **kwargs)
  File "/opt/conda/envs/gdf/lib/python3.10/site-packages/distributed/comm/ucx.py", line 339, in write
    raise CommClosedError("While writing, the connection was closed")
distributed.comm.core.CommClosedError: While writing, the connection was closed
2024-12-24 07:53:06,923 - distributed.worker - ERROR - Worker stream died during communication: ucx://127.0.0.1:43117
Traceback (most recent call last):
  File "/opt/conda/envs/gdf/lib/python3.10/site-packages/distributed/comm/ucx.py", line 351, in read
    await self.ep.recv(msg)
  File "/opt/conda/envs/gdf/lib/python3.10/site-packages/ucp/core.py", line 737, in recv
    ret = await comm.tag_recv(self._ep, buffer, nbytes, tag, name=log)
ucp._libs.exceptions.UCXCanceled: <[Recv #003] ep: 0x7f70a0a240c0, tag: 0xb3191b00fbe29e2a, nbytes: 16, type: <class 'numpy.ndarray'>>: 

During handling of the above exception, another exception occurred:

Traceback (most recent call last):
  File "/opt/conda/envs/gdf/lib/python3.10/site-packages/distributed/worker.py", line 2075, in gather_dep
    response = await get_data_from_worker(
  File "/opt/conda/envs/gdf/lib/python3.10/site-packages/distributed/worker.py", line 2881, in get_data_from_worker
    response = await send_recv(
  File "/opt/conda/envs/gdf/lib/python3.10/site-packages/distributed/core.py", line 1018, in send_recv
    response = await comm.read(deserializers=deserializers)
  File "/opt/conda/envs/gdf/lib/python3.10/site-packages/distributed/utils.py", line 805, in wrapper
    return await func(*args, **kwargs)
  File "/opt/conda/envs/gdf/lib/python3.10/site-packages/distributed/comm/ucx.py", line 369, in read
    raise CommClosedError(
distributed.comm.core.CommClosedError: Connection closed by writer.
Inner exception: UCXCanceled("<[Recv #003] ep: 0x7f70a0a240c0, tag: 0xb3191b00fbe29e2a, nbytes: 16, type: <class 'numpy.ndarray'>>: ")
2024-12-24 07:53:06,923 - distributed.worker - ERROR - Worker stream died during communication: ucx://127.0.0.1:43117
Traceback (most recent call last):
  File "/opt/conda/envs/gdf/lib/python3.10/site-packages/distributed/comm/ucx.py", line 468, in connect
    ep = await ucp.create_endpoint(ip, port)
  File "/opt/conda/envs/gdf/lib/python3.10/site-packages/ucp/core.py", line 1016, in create_endpoint
    return await _get_ctx().create_endpoint(
  File "/opt/conda/envs/gdf/lib/python3.10/site-packages/ucp/core.py", line 328, in create_endpoint
    peer_info = await exchange_peer_info(
  File "/opt/conda/envs/gdf/lib/python3.10/site-packages/ucp/core.py", line 60, in exchange_peer_info
    await asyncio.wait_for(
  File "/opt/conda/envs/gdf/lib/python3.10/asyncio/tasks.py", line 445, in wait_for
    return fut.result()
ucp._libs.exceptions.UCXError: <stream_recv>: Connection reset by remote peer

During handling of the above exception, another exception occurred:

Traceback (most recent call last):
  File "/opt/conda/envs/gdf/lib/python3.10/site-packages/distributed/comm/core.py", line 342, in connect
    comm = await wait_for(
  File "/opt/conda/envs/gdf/lib/python3.10/site-packages/distributed/utils.py", line 1915, in wait_for
    return await asyncio.wait_for(fut, timeout)
  File "/opt/conda/envs/gdf/lib/python3.10/asyncio/tasks.py", line 445, in wait_for
    return fut.result()
  File "/opt/conda/envs/gdf/lib/python3.10/site-packages/distributed/comm/ucx.py", line 470, in connect
    raise CommClosedError("Connection closed before handshake completed")
distributed.comm.core.CommClosedError: Connection closed before handshake completed

During handling of the above exception, another exception occurred:

Traceback (most recent call last):
  File "/opt/conda/envs/gdf/lib/python3.10/site-packages/distributed/core.py", line 1429, in _connect
    comm = await connect(
  File "/opt/conda/envs/gdf/lib/python3.10/site-packages/distributed/comm/core.py", line 366, in connect
    await asyncio.sleep(backoff)
  File "/opt/conda/envs/gdf/lib/python3.10/asyncio/tasks.py", line 605, in sleep
    return await future
asyncio.exceptions.CancelledError

During handling of the above exception, another exception occurred:

Traceback (most recent call last):
  File "/opt/conda/envs/gdf/lib/python3.10/site-packages/distributed/core.py", line 1539, in connect
    return connect_attempt.result()
asyncio.exceptions.CancelledError

During handling of the above exception, another exception occurred:

Traceback (most recent call last):
  File "/opt/conda/envs/gdf/lib/python3.10/site-packages/distributed/worker.py", line 2075, in gather_dep
    response = await get_data_from_worker(
  File "/opt/conda/envs/gdf/lib/python3.10/site-packages/distributed/worker.py", line 2878, in get_data_from_worker
    comm = await rpc.connect(worker)
  File "/opt/conda/envs/gdf/lib/python3.10/site-packages/distributed/core.py", line 1542, in connect
    raise CommClosedError(reason)
distributed.comm.core.CommClosedError: Address removed.
2024-12-24 07:53:07,015 - distributed.nanny - WARNING - Restarting worker
2024-12-24 07:53:07,016 - distributed.worker - ERROR - Worker stream died during communication: ucx://127.0.0.1:43117
Traceback (most recent call last):
  File "/opt/conda/envs/gdf/lib/python3.10/site-packages/distributed/core.py", line 1429, in _connect
    comm = await connect(
  File "/opt/conda/envs/gdf/lib/python3.10/site-packages/distributed/comm/core.py", line 342, in connect
    comm = await wait_for(
  File "/opt/conda/envs/gdf/lib/python3.10/site-packages/distributed/utils.py", line 1915, in wait_for
    return await asyncio.wait_for(fut, timeout)
  File "/opt/conda/envs/gdf/lib/python3.10/asyncio/tasks.py", line 432, in wait_for
    await waiter
asyncio.exceptions.CancelledError

During handling of the above exception, another exception occurred:

Traceback (most recent call last):
  File "/opt/conda/envs/gdf/lib/python3.10/site-packages/distributed/core.py", line 1539, in connect
    return connect_attempt.result()
asyncio.exceptions.CancelledError

During handling of the above exception, another exception occurred:

Traceback (most recent call last):
  File "/opt/conda/envs/gdf/lib/python3.10/site-packages/distributed/worker.py", line 2075, in gather_dep
    response = await get_data_from_worker(
  File "/opt/conda/envs/gdf/lib/python3.10/site-packages/distributed/worker.py", line 2878, in get_data_from_worker
    comm = await rpc.connect(worker)
  File "/opt/conda/envs/gdf/lib/python3.10/site-packages/distributed/core.py", line 1542, in connect
    raise CommClosedError(reason)
distributed.comm.core.CommClosedError: Address removed.
2024-12-24 07:53:07,071 - distributed.worker - ERROR - failed during get data with ucx://127.0.0.1:59517 -> ucx://127.0.0.1:41863
Traceback (most recent call last):
  File "/opt/conda/envs/gdf/lib/python3.10/site-packages/distributed/comm/ucx.py", line 335, in write
    await self.ep.send(each_frame)
  File "/opt/conda/envs/gdf/lib/python3.10/site-packages/ucp/core.py", line 662, in send
    return await comm.tag_send(self._ep, buffer, nbytes, tag, name=log)
ucp._libs.exceptions.UCXError: <[Send #007] ep: 0x7f32ce911240, tag: 0xc1edb883aa55a48a, nbytes: 50000000, type: <class 'cupy.ndarray'>>: Connection reset by remote peer

During handling of the above exception, another exception occurred:

Traceback (most recent call last):
  File "/opt/conda/envs/gdf/lib/python3.10/site-packages/distributed/worker.py", line 1796, in get_data
    compressed = await comm.write(msg, serializers=serializers)
  File "/opt/conda/envs/gdf/lib/python3.10/site-packages/distributed/utils.py", line 805, in wrapper
    return await func(*args, **kwargs)
  File "/opt/conda/envs/gdf/lib/python3.10/site-packages/distributed/comm/ucx.py", line 339, in write
    raise CommClosedError("While writing, the connection was closed")
distributed.comm.core.CommClosedError: While writing, the connection was closed
2024-12-24 07:53:07,072 - distributed.scheduler - WARNING - Removing worker 'ucx://127.0.0.1:41863' caused the cluster to lose already computed task(s), which will be recomputed elsewhere: {('random_sample-2dfef981314de18413f27e90a939d804', 1, 6), ('sum-b1be8cb35fb10283198fb0f1d986b8c6', 0, 6), ('random_sample-2dfef981314de18413f27e90a939d804', 6, 9), ('random_sample-2dfef981314de18413f27e90a939d804', 2, 6), ('random_sample-2dfef981314de18413f27e90a939d804', 5, 2), ('random_sample-2dfef981314de18413f27e90a939d804', 4, 0), ('random_sample-2dfef981314de18413f27e90a939d804', 3, 8), ('sum-b1be8cb35fb10283198fb0f1d986b8c6', 2, 2), ('random_sample-2dfef981314de18413f27e90a939d804', 2, 2), ('random_sample-2dfef981314de18413f27e90a939d804', 9, 2), ('random_sample-2dfef981314de18413f27e90a939d804', 0, 1), ('random_sample-2dfef981314de18413f27e90a939d804', 7, 4), ('random_sample-2dfef981314de18413f27e90a939d804', 8, 4)} (stimulus_id='handle-worker-cleanup-1735026787.0719845')
2024-12-24 07:53:07,072 - distributed.worker - ERROR - Worker stream died during communication: ucx://127.0.0.1:41863
Traceback (most recent call last):
  File "/opt/conda/envs/gdf/lib/python3.10/site-packages/distributed/comm/ucx.py", line 393, in read
    await self.ep.recv(each_frame)
  File "/opt/conda/envs/gdf/lib/python3.10/site-packages/ucp/core.py", line 737, in recv
    ret = await comm.tag_recv(self._ep, buffer, nbytes, tag, name=log)
ucp._libs.exceptions.UCXError: <[Recv #007] ep: 0x7f32ce911200, tag: 0x9099b77c3dcdddb0, nbytes: 50000000, type: <class 'rmm.pylibrmm.device_buffer.DeviceBuffer'>>: Connection reset by remote peer

During handling of the above exception, another exception occurred:

Traceback (most recent call last):
  File "/opt/conda/envs/gdf/lib/python3.10/site-packages/distributed/worker.py", line 2075, in gather_dep
    response = await get_data_from_worker(
  File "/opt/conda/envs/gdf/lib/python3.10/site-packages/distributed/worker.py", line 2881, in get_data_from_worker
    response = await send_recv(
  File "/opt/conda/envs/gdf/lib/python3.10/site-packages/distributed/core.py", line 1018, in send_recv
    response = await comm.read(deserializers=deserializers)
  File "/opt/conda/envs/gdf/lib/python3.10/site-packages/distributed/utils.py", line 805, in wrapper
    return await func(*args, **kwargs)
  File "/opt/conda/envs/gdf/lib/python3.10/site-packages/distributed/comm/ucx.py", line 399, in read
    raise CommClosedError(
distributed.comm.core.CommClosedError: Connection closed by writer.
Inner exception: UCXError("<[Recv #007] ep: 0x7f32ce911200, tag: 0x9099b77c3dcdddb0, nbytes: 50000000, type: <class 'rmm.pylibrmm.device_buffer.DeviceBuffer'>>: Connection reset by remote peer")
Task exception was never retrieved
future: <Task finished name='Task-1427' coro=<_listener_handler_coroutine() done, defined at /opt/conda/envs/gdf/lib/python3.10/site-packages/ucp/core.py:140> exception=UCXError('<stream_recv>: Connection reset by remote peer')>
Traceback (most recent call last):
  File "/opt/conda/envs/gdf/lib/python3.10/site-packages/ucp/core.py", line 155, in _listener_handler_coroutine
    peer_info = await exchange_peer_info(
  File "/opt/conda/envs/gdf/lib/python3.10/site-packages/ucp/core.py", line 55, in exchange_peer_info
    await asyncio.wait_for(
  File "/opt/conda/envs/gdf/lib/python3.10/asyncio/tasks.py", line 445, in wait_for
    return fut.result()
ucp._libs.exceptions.UCXError: <stream_recv>: Connection reset by remote peer
2024-12-24 07:53:07,105 - distributed.worker - ERROR - failed during get data with ucx://127.0.0.1:36053 -> ucx://127.0.0.1:60357
Traceback (most recent call last):
  File "/opt/conda/envs/gdf/lib/python3.10/site-packages/distributed/comm/ucx.py", line 335, in write
    await self.ep.send(each_frame)
  File "/opt/conda/envs/gdf/lib/python3.10/site-packages/ucp/core.py", line 662, in send
    return await comm.tag_send(self._ep, buffer, nbytes, tag, name=log)
ucp._libs.exceptions.UCXError: <[Send #007] ep: 0x7fcabd0fd240, tag: 0x37156b8bc8413994, nbytes: 50000000, type: <class 'cupy.ndarray'>>: Connection reset by remote peer

During handling of the above exception, another exception occurred:

Traceback (most recent call last):
  File "/opt/conda/envs/gdf/lib/python3.10/site-packages/distributed/worker.py", line 1796, in get_data
    compressed = await comm.write(msg, serializers=serializers)
  File "/opt/conda/envs/gdf/lib/python3.10/site-packages/distributed/utils.py", line 805, in wrapper
    return await func(*args, **kwargs)
  File "/opt/conda/envs/gdf/lib/python3.10/site-packages/distributed/comm/ucx.py", line 339, in write
    raise CommClosedError("While writing, the connection was closed")
distributed.comm.core.CommClosedError: While writing, the connection was closed
2024-12-24 07:53:07,106 - distributed.scheduler - WARNING - Removing worker 'ucx://127.0.0.1:60357' caused the cluster to lose already computed task(s), which will be recomputed elsewhere: {('random_sample-2dfef981314de18413f27e90a939d804', 5, 9), ('random_sample-2dfef981314de18413f27e90a939d804', 9, 4), ('random_sample-2dfef981314de18413f27e90a939d804', 4, 7), ('random_sample-2dfef981314de18413f27e90a939d804', 8, 6), ('random_sample-2dfef981314de18413f27e90a939d804', 2, 3), ('random_sample-2dfef981314de18413f27e90a939d804', 3, 4), ('random_sample-2dfef981314de18413f27e90a939d804', 0, 4), ('random_sample-2dfef981314de18413f27e90a939d804', 2, 8), ('sum-b1be8cb35fb10283198fb0f1d986b8c6', 3, 4), ('random_sample-2dfef981314de18413f27e90a939d804', 5, 6), ('random_sample-2dfef981314de18413f27e90a939d804', 1, 0)} (stimulus_id='handle-worker-cleanup-1735026787.1065614')
2024-12-24 07:53:07,106 - distributed.worker - ERROR - Worker stream died during communication: ucx://127.0.0.1:60357
Traceback (most recent call last):
  File "/opt/conda/envs/gdf/lib/python3.10/site-packages/distributed/comm/ucx.py", line 351, in read
    await self.ep.recv(msg)
  File "/opt/conda/envs/gdf/lib/python3.10/site-packages/ucp/core.py", line 737, in recv
    ret = await comm.tag_recv(self._ep, buffer, nbytes, tag, name=log)
ucp._libs.exceptions.UCXCanceled: <[Recv #000] ep: 0x7fd5a097d100, tag: 0x956238bfe2d2fb70, nbytes: 16, type: <class 'numpy.ndarray'>>: 

During handling of the above exception, another exception occurred:

Traceback (most recent call last):
  File "/opt/conda/envs/gdf/lib/python3.10/site-packages/distributed/worker.py", line 2075, in gather_dep
    response = await get_data_from_worker(
  File "/opt/conda/envs/gdf/lib/python3.10/site-packages/distributed/worker.py", line 2878, in get_data_from_worker
    comm = await rpc.connect(worker)
  File "/opt/conda/envs/gdf/lib/python3.10/site-packages/distributed/core.py", line 1539, in connect
    return connect_attempt.result()
  File "/opt/conda/envs/gdf/lib/python3.10/site-packages/distributed/core.py", line 1429, in _connect
    comm = await connect(
  File "/opt/conda/envs/gdf/lib/python3.10/site-packages/distributed/comm/core.py", line 377, in connect
    handshake = await comm.read()
  File "/opt/conda/envs/gdf/lib/python3.10/site-packages/distributed/utils.py", line 805, in wrapper
    return await func(*args, **kwargs)
  File "/opt/conda/envs/gdf/lib/python3.10/site-packages/distributed/comm/ucx.py", line 369, in read
    raise CommClosedError(
distributed.comm.core.CommClosedError: Connection closed by writer.
Inner exception: UCXCanceled("<[Recv #000] ep: 0x7fd5a097d100, tag: 0x956238bfe2d2fb70, nbytes: 16, type: <class 'numpy.ndarray'>>: ")
2024-12-24 07:53:07,131 - distributed.worker - ERROR - failed during get data with ucx://127.0.0.1:50729 -> ucx://127.0.0.1:60357
Traceback (most recent call last):
  File "/opt/conda/envs/gdf/lib/python3.10/site-packages/distributed/comm/ucx.py", line 335, in write
    await self.ep.send(each_frame)
  File "/opt/conda/envs/gdf/lib/python3.10/site-packages/ucp/core.py", line 662, in send
    return await comm.tag_send(self._ep, buffer, nbytes, tag, name=log)
ucp._libs.exceptions.UCXError: <[Send #007] ep: 0x7f5c8732e200, tag: 0xd48aea1e5a6d99b5, nbytes: 50000000, type: <class 'cupy.ndarray'>>: Connection reset by remote peer

During handling of the above exception, another exception occurred:

Traceback (most recent call last):
  File "/opt/conda/envs/gdf/lib/python3.10/site-packages/distributed/worker.py", line 1796, in get_data
    compressed = await comm.write(msg, serializers=serializers)
  File "/opt/conda/envs/gdf/lib/python3.10/site-packages/distributed/utils.py", line 805, in wrapper
    return await func(*args, **kwargs)
  File "/opt/conda/envs/gdf/lib/python3.10/site-packages/distributed/comm/ucx.py", line 339, in write
    raise CommClosedError("While writing, the connection was closed")
distributed.comm.core.CommClosedError: While writing, the connection was closed
[dgx13:71815:0:71815] Caught signal 11 (Segmentation fault: address not mapped to object at address 0x3ec4e0)
==== backtrace (tid:  71815) ====
 0  /opt/conda/envs/gdf/lib/libucs.so.0(ucs_handle_error+0x2fd) [0x7fcabd3e6c1d]
 1  /opt/conda/envs/gdf/lib/libucs.so.0(+0x2de11) [0x7fcabd3e6e11]
 2  /opt/conda/envs/gdf/lib/libucs.so.0(+0x2dfda) [0x7fcabd3e6fda]
 3  /usr/lib/x86_64-linux-gnu/libpthread.so.0(+0x14420) [0x7fcb05b49420]
 4  /opt/conda/envs/gdf/lib/libucp.so.0(ucp_mem_type_unpack+0x14) [0x7fcabd46a2d4]
 5  /opt/conda/envs/gdf/lib/libucp.so.0(ucp_rndv_data_handler+0x605) [0x7fcabd494495]
 6  /opt/conda/envs/gdf/lib/./libuct.so.0(+0x21a06) [0x7fcabd39da06]
 7  /opt/conda/envs/gdf/lib/./libuct.so.0(+0x24ae8) [0x7fcabd3a0ae8]
 8  /opt/conda/envs/gdf/lib/libucs.so.0(ucs_event_set_wait+0xb1) [0x7fcabd3f0411]
 9  /opt/conda/envs/gdf/lib/./libuct.so.0(uct_tcp_iface_progress+0x7d) [0x7fcabd39fbbd]
10  /opt/conda/envs/gdf/lib/libucp.so.0(ucp_worker_progress+0x5a) [0x7fcabd466f1a]
11  /opt/conda/envs/gdf/lib/python3.10/site-packages/ucp/_libs/ucx_api.cpython-310-x86_64-linux-gnu.so(+0x31d7a) [0x7fcabd526d7a]
12  /opt/conda/envs/gdf/bin/python(_PyEval_EvalFrameDefault+0x2c3e) [0x562f7ccd96de]
13  /opt/conda/envs/gdf/bin/python(_PyFunction_Vectorcall+0x6c) [0x562f7cce6b7c]
14  /opt/conda/envs/gdf/bin/python(_PyEval_EvalFrameDefault+0x6fd) [0x562f7ccd719d]
15  /opt/conda/envs/gdf/bin/python(+0x147234) [0x562f7ccf2234]
16  /opt/conda/envs/gdf/bin/python(+0x252f7c) [0x562f7cdfdf7c]
17  /opt/conda/envs/gdf/bin/python(+0xf745f) [0x562f7cca245f]
18  /opt/conda/envs/gdf/bin/python(+0x1331b3) [0x562f7ccde1b3]
19  /opt/conda/envs/gdf/bin/python(_PyEval_EvalFrameDefault+0x593b) [0x562f7ccdc3db]
20  /opt/conda/envs/gdf/bin/python(_PyFunction_Vectorcall+0x6c) [0x562f7cce6b7c]
21  /opt/conda/envs/gdf/bin/python(_PyEval_EvalFrameDefault+0x6fd) [0x562f7ccd719d]
22  /opt/conda/envs/gdf/bin/python(_PyFunction_Vectorcall+0x6c) [0x562f7cce6b7c]
23  /opt/conda/envs/gdf/bin/python(_PyEval_EvalFrameDefault+0x6fd) [0x562f7ccd719d]
24  /opt/conda/envs/gdf/bin/python(_PyFunction_Vectorcall+0x6c) [0x562f7cce6b7c]
25  /opt/conda/envs/gdf/bin/python(_PyEval_EvalFrameDefault+0x6fd) [0x562f7ccd719d]
26  /opt/conda/envs/gdf/bin/python(_PyFunction_Vectorcall+0x6c) [0x562f7cce6b7c]
27  /opt/conda/envs/gdf/bin/python(_PyEval_EvalFrameDefault+0x6fd) [0x562f7ccd719d]
28  /opt/conda/envs/gdf/bin/python(_PyFunction_Vectorcall+0x6c) [0x562f7cce6b7c]
29  /opt/conda/envs/gdf/bin/python(_PyEval_EvalFrameDefault+0x1341) [0x562f7ccd7de1]
30  /opt/conda/envs/gdf/bin/python(+0x146fb2) [0x562f7ccf1fb2]
31  /opt/conda/envs/gdf/bin/python(PyObject_Call+0xbc) [0x562f7ccf294c]
32  /opt/conda/envs/gdf/bin/python(+0x1ff72d) [0x562f7cdaa72d]
33  /opt/conda/envs/gdf/bin/python(_PyObject_MakeTpCall+0x2d3) [0x562f7ccdfa03]
34  /opt/conda/envs/gdf/bin/python(_PyEval_EvalFrameDefault+0x2c3e) [0x562f7ccd96de]
35  /opt/conda/envs/gdf/bin/python(+0x147108) [0x562f7ccf2108]
36  /opt/conda/envs/gdf/bin/python(_PyEval_EvalFrameDefault+0x2c3e) [0x562f7ccd96de]
37  /opt/conda/envs/gdf/bin/python(_PyFunction_Vectorcall+0x6c) [0x562f7cce6b7c]
38  /opt/conda/envs/gdf/bin/python(_PyEval_EvalFrameDefault+0x6fd) [0x562f7ccd719d]
39  /opt/conda/envs/gdf/bin/python(_PyFunction_Vectorcall+0x6c) [0x562f7cce6b7c]
40  /opt/conda/envs/gdf/bin/python(_PyEval_EvalFrameDefault+0x6fd) [0x562f7ccd719d]
41  /opt/conda/envs/gdf/bin/python(_PyFunction_Vectorcall+0x6c) [0x562f7cce6b7c]
42  /opt/conda/envs/gdf/bin/python(_PyEval_EvalFrameDefault+0x309) [0x562f7ccd6da9]
43  /opt/conda/envs/gdf/bin/python(_PyFunction_Vectorcall+0x6c) [0x562f7cce6b7c]
44  /opt/conda/envs/gdf/bin/python(_PyEval_EvalFrameDefault+0x1341) [0x562f7ccd7de1]
45  /opt/conda/envs/gdf/bin/python(+0x1cca8c) [0x562f7cd77a8c]
46  /opt/conda/envs/gdf/bin/python(PyEval_EvalCode+0x87) [0x562f7cd779d7]
47  /opt/conda/envs/gdf/bin/python(+0x1fceba) [0x562f7cda7eba]
48  /opt/conda/envs/gdf/bin/python(+0x1f8343) [0x562f7cda3343]
49  /opt/conda/envs/gdf/bin/python(PyRun_StringFlags+0x7d) [0x562f7cd9badd]
50  /opt/conda/envs/gdf/bin/python(PyRun_SimpleStringFlags+0x3c) [0x562f7cd9b91c]
51  /opt/conda/envs/gdf/bin/python(Py_RunMain+0x3ba) [0x562f7cd9ab1a]
52  /opt/conda/envs/gdf/bin/python(Py_BytesMain+0x37) [0x562f7cd6b117]
53  /usr/lib/x86_64-linux-gnu/libc.so.6(__libc_start_main+0xf3) [0x7fcb0580d083]
54  /opt/conda/envs/gdf/bin/python(+0x1c002e) [0x562f7cd6b02e]
=================================
2024-12-24 07:53:07,196 - distributed.nanny - WARNING - Restarting worker
2024-12-24 07:53:07,265 - distributed.nanny - WARNING - Restarting worker
2024-12-24 07:53:07,398 - distributed.worker - ERROR - failed during get data with ucx://127.0.0.1:50729 -> ucx://127.0.0.1:36053
Traceback (most recent call last):
  File "/opt/conda/envs/gdf/lib/python3.10/site-packages/distributed/comm/ucx.py", line 335, in write
    await self.ep.send(each_frame)
  File "/opt/conda/envs/gdf/lib/python3.10/site-packages/ucp/core.py", line 662, in send
    return await comm.tag_send(self._ep, buffer, nbytes, tag, name=log)
ucp._libs.exceptions.UCXError: <[Send #007] ep: 0x7f5c8732e200, tag: 0x6238b26a23cb254f, nbytes: 50000000, type: <class 'cupy.ndarray'>>: Connection reset by remote peer

During handling of the above exception, another exception occurred:

Traceback (most recent call last):
  File "/opt/conda/envs/gdf/lib/python3.10/site-packages/distributed/worker.py", line 1796, in get_data
    compressed = await comm.write(msg, serializers=serializers)
  File "/opt/conda/envs/gdf/lib/python3.10/site-packages/distributed/utils.py", line 805, in wrapper
    return await func(*args, **kwargs)
  File "/opt/conda/envs/gdf/lib/python3.10/site-packages/distributed/comm/ucx.py", line 339, in write
    raise CommClosedError("While writing, the connection was closed")
distributed.comm.core.CommClosedError: While writing, the connection was closed
2024-12-24 07:53:07,429 - distributed.scheduler - WARNING - Removing worker 'ucx://127.0.0.1:36053' caused the cluster to lose already computed task(s), which will be recomputed elsewhere: {('random_sample-2dfef981314de18413f27e90a939d804', 9, 1), ('sum-b1be8cb35fb10283198fb0f1d986b8c6', 9, 1), ('sum-b1be8cb35fb10283198fb0f1d986b8c6', 9, 7), ('sum-b1be8cb35fb10283198fb0f1d986b8c6', 6, 8), ('sum-b1be8cb35fb10283198fb0f1d986b8c6', 1, 9), ('sum-b1be8cb35fb10283198fb0f1d986b8c6', 3, 3), ('sum-b1be8cb35fb10283198fb0f1d986b8c6', 2, 1), ('sum-b1be8cb35fb10283198fb0f1d986b8c6', 4, 4), ('random_sample-2dfef981314de18413f27e90a939d804', 3, 3), ('sum-b1be8cb35fb10283198fb0f1d986b8c6', 4, 1), ('random_sample-2dfef981314de18413f27e90a939d804', 4, 4), ('random_sample-2dfef981314de18413f27e90a939d804', 5, 3), ('random_sample-2dfef981314de18413f27e90a939d804', 7, 0), ('random_sample-2dfef981314de18413f27e90a939d804', 7, 6), ('sum-b1be8cb35fb10283198fb0f1d986b8c6', 9, 0), ('random_sample-2dfef981314de18413f27e90a939d804', 9, 0), ('random_sample-2dfef981314de18413f27e90a939d804', 8, 1), ('sum-b1be8cb35fb10283198fb0f1d986b8c6', 0, 9), ('random_sample-2dfef981314de18413f27e90a939d804', 0, 9), ('sum-b1be8cb35fb10283198fb0f1d986b8c6', 5, 8), ('sum-b1be8cb35fb10283198fb0f1d986b8c6', 1, 7)} (stimulus_id='handle-worker-cleanup-1735026787.4291525')
2024-12-24 07:53:07,429 - distributed.worker - ERROR - Worker stream died during communication: ucx://127.0.0.1:36053
Traceback (most recent call last):
  File "/opt/conda/envs/gdf/lib/python3.10/site-packages/distributed/comm/ucx.py", line 351, in read
    await self.ep.recv(msg)
  File "/opt/conda/envs/gdf/lib/python3.10/site-packages/ucp/core.py", line 737, in recv
    ret = await comm.tag_recv(self._ep, buffer, nbytes, tag, name=log)
ucp._libs.exceptions.UCXCanceled: <[Recv #023] ep: 0x7fd5a097d180, tag: 0x9e6dd55138c4eb03, nbytes: 16, type: <class 'numpy.ndarray'>>: 

During handling of the above exception, another exception occurred:

Traceback (most recent call last):
  File "/opt/conda/envs/gdf/lib/python3.10/site-packages/distributed/worker.py", line 2075, in gather_dep
    response = await get_data_from_worker(
  File "/opt/conda/envs/gdf/lib/python3.10/site-packages/distributed/worker.py", line 2881, in get_data_from_worker
    response = await send_recv(
  File "/opt/conda/envs/gdf/lib/python3.10/site-packages/distributed/core.py", line 1018, in send_recv
    response = await comm.read(deserializers=deserializers)
  File "/opt/conda/envs/gdf/lib/python3.10/site-packages/distributed/utils.py", line 805, in wrapper
    return await func(*args, **kwargs)
  File "/opt/conda/envs/gdf/lib/python3.10/site-packages/distributed/comm/ucx.py", line 369, in read
    raise CommClosedError(
distributed.comm.core.CommClosedError: Connection closed by writer.
Inner exception: UCXCanceled("<[Recv #023] ep: 0x7fd5a097d180, tag: 0x9e6dd55138c4eb03, nbytes: 16, type: <class 'numpy.ndarray'>>: ")
2024-12-24 07:53:07,434 - distributed.worker - ERROR - Worker stream died during communication: ucx://127.0.0.1:36053
Traceback (most recent call last):
  File "/opt/conda/envs/gdf/lib/python3.10/site-packages/distributed/core.py", line 1429, in _connect
    comm = await connect(
  File "/opt/conda/envs/gdf/lib/python3.10/site-packages/distributed/comm/core.py", line 342, in connect
    comm = await wait_for(
  File "/opt/conda/envs/gdf/lib/python3.10/site-packages/distributed/utils.py", line 1915, in wait_for
    return await asyncio.wait_for(fut, timeout)
  File "/opt/conda/envs/gdf/lib/python3.10/asyncio/tasks.py", line 432, in wait_for
    await waiter
asyncio.exceptions.CancelledError

During handling of the above exception, another exception occurred:

Traceback (most recent call last):
  File "/opt/conda/envs/gdf/lib/python3.10/site-packages/distributed/core.py", line 1539, in connect
    return connect_attempt.result()
asyncio.exceptions.CancelledError

During handling of the above exception, another exception occurred:

Traceback (most recent call last):
  File "/opt/conda/envs/gdf/lib/python3.10/site-packages/distributed/worker.py", line 2075, in gather_dep
    response = await get_data_from_worker(
  File "/opt/conda/envs/gdf/lib/python3.10/site-packages/distributed/worker.py", line 2878, in get_data_from_worker
    comm = await rpc.connect(worker)
  File "/opt/conda/envs/gdf/lib/python3.10/site-packages/distributed/core.py", line 1542, in connect
    raise CommClosedError(reason)
distributed.comm.core.CommClosedError: Address removed.
2024-12-24 07:53:07,614 - distributed.nanny - WARNING - Restarting worker
[dgx13:72012:0:72012] Caught signal 11 (Segmentation fault: address not mapped to object at address 0x450)
==== backtrace (tid:  72012) ====
 0  /opt/conda/envs/gdf/lib/libucs.so.0(ucs_handle_error+0x2fd) [0x7f06a2fc0c1d]
 1  /opt/conda/envs/gdf/lib/libucs.so.0(+0x2de11) [0x7f06a2fc0e11]
 2  /opt/conda/envs/gdf/lib/libucs.so.0(+0x2dfda) [0x7f06a2fc0fda]
 3  /usr/lib/x86_64-linux-gnu/libpthread.so.0(+0x14420) [0x7f06e7503420]
 4  /opt/conda/envs/gdf/lib/libucp.so.0(ucp_mem_type_unpack+0x14) [0x7f06a30442d4]
 5  /opt/conda/envs/gdf/lib/libucp.so.0(ucp_rndv_data_handler+0x605) [0x7f06a306e495]
 6  /opt/conda/envs/gdf/lib/./libuct.so.0(+0x21a06) [0x7f06a2f77a06]
 7  /opt/conda/envs/gdf/lib/./libuct.so.0(+0x24ae8) [0x7f06a2f7aae8]
 8  /opt/conda/envs/gdf/lib/libucs.so.0(ucs_event_set_wait+0xb1) [0x7f06a2fca411]
 9  /opt/conda/envs/gdf/lib/./libuct.so.0(uct_tcp_iface_progress+0x7d) [0x7f06a2f79bbd]
10  /opt/conda/envs/gdf/lib/libucp.so.0(ucp_worker_progress+0x5a) [0x7f06a3040f1a]
11  /opt/conda/envs/gdf/lib/python3.10/site-packages/ucp/_libs/ucx_api.cpython-310-x86_64-linux-gnu.so(+0x31d7a) [0x7f06a3100d7a]
12  /opt/conda/envs/gdf/bin/python(_PyEval_EvalFrameDefault+0x2c3e) [0x562f0b94a6de]
13  /opt/conda/envs/gdf/bin/python(_PyFunction_Vectorcall+0x6c) [0x562f0b957b7c]
14  /opt/conda/envs/gdf/bin/python(_PyEval_EvalFrameDefault+0x6fd) [0x562f0b94819d]
15  /opt/conda/envs/gdf/bin/python(+0x147234) [0x562f0b963234]
16  /opt/conda/envs/gdf/bin/python(+0x252f7c) [0x562f0ba6ef7c]
17  /opt/conda/envs/gdf/bin/python(+0xf745f) [0x562f0b91345f]
18  /opt/conda/envs/gdf/bin/python(+0x1331b3) [0x562f0b94f1b3]
19  /opt/conda/envs/gdf/bin/python(_PyEval_EvalFrameDefault+0x593b) [0x562f0b94d3db]
20  /opt/conda/envs/gdf/bin/python(_PyFunction_Vectorcall+0x6c) [0x562f0b957b7c]
21  /opt/conda/envs/gdf/bin/python(_PyEval_EvalFrameDefault+0x6fd) [0x562f0b94819d]
22  /opt/conda/envs/gdf/bin/python(_PyFunction_Vectorcall+0x6c) [0x562f0b957b7c]
23  /opt/conda/envs/gdf/bin/python(_PyEval_EvalFrameDefault+0x6fd) [0x562f0b94819d]
24  /opt/conda/envs/gdf/bin/python(_PyFunction_Vectorcall+0x6c) [0x562f0b957b7c]
25  /opt/conda/envs/gdf/bin/python(_PyEval_EvalFrameDefault+0x6fd) [0x562f0b94819d]
26  /opt/conda/envs/gdf/bin/python(_PyFunction_Vectorcall+0x6c) [0x562f0b957b7c]
27  /opt/conda/envs/gdf/bin/python(_PyEval_EvalFrameDefault+0x6fd) [0x562f0b94819d]
28  /opt/conda/envs/gdf/bin/python(_PyFunction_Vectorcall+0x6c) [0x562f0b957b7c]
29  /opt/conda/envs/gdf/bin/python(_PyEval_EvalFrameDefault+0x1341) [0x562f0b948de1]
30  /opt/conda/envs/gdf/bin/python(+0x146fb2) [0x562f0b962fb2]
31  /opt/conda/envs/gdf/bin/python(PyObject_Call+0xbc) [0x562f0b96394c]
32  /opt/conda/envs/gdf/bin/python(+0x1ff72d) [0x562f0ba1b72d]
33  /opt/conda/envs/gdf/bin/python(_PyObject_MakeTpCall+0x2d3) [0x562f0b950a03]
34  /opt/conda/envs/gdf/bin/python(_PyEval_EvalFrameDefault+0x2c3e) [0x562f0b94a6de]
35  /opt/conda/envs/gdf/bin/python(+0x147108) [0x562f0b963108]
36  /opt/conda/envs/gdf/bin/python(_PyEval_EvalFrameDefault+0x2c3e) [0x562f0b94a6de]
37  /opt/conda/envs/gdf/bin/python(_PyFunction_Vectorcall+0x6c) [0x562f0b957b7c]
38  /opt/conda/envs/gdf/bin/python(_PyEval_EvalFrameDefault+0x6fd) [0x562f0b94819d]
39  /opt/conda/envs/gdf/bin/python(_PyFunction_Vectorcall+0x6c) [0x562f0b957b7c]
40  /opt/conda/envs/gdf/bin/python(_PyEval_EvalFrameDefault+0x6fd) [0x562f0b94819d]
41  /opt/conda/envs/gdf/bin/python(_PyFunction_Vectorcall+0x6c) [0x562f0b957b7c]
42  /opt/conda/envs/gdf/bin/python(_PyEval_EvalFrameDefault+0x309) [0x562f0b947da9]
43  /opt/conda/envs/gdf/bin/python(_PyFunction_Vectorcall+0x6c) [0x562f0b957b7c]
44  /opt/conda/envs/gdf/bin/python(_PyEval_EvalFrameDefault+0x1341) [0x562f0b948de1]
45  /opt/conda/envs/gdf/bin/python(+0x1cca8c) [0x562f0b9e8a8c]
46  /opt/conda/envs/gdf/bin/python(PyEval_EvalCode+0x87) [0x562f0b9e89d7]
47  /opt/conda/envs/gdf/bin/python(+0x1fceba) [0x562f0ba18eba]
48  /opt/conda/envs/gdf/bin/python(+0x1f8343) [0x562f0ba14343]
49  /opt/conda/envs/gdf/bin/python(PyRun_StringFlags+0x7d) [0x562f0ba0cadd]
50  /opt/conda/envs/gdf/bin/python(PyRun_SimpleStringFlags+0x3c) [0x562f0ba0c91c]
51  /opt/conda/envs/gdf/bin/python(Py_RunMain+0x3ba) [0x562f0ba0bb1a]
52  /opt/conda/envs/gdf/bin/python(Py_BytesMain+0x37) [0x562f0b9dc117]
53  /usr/lib/x86_64-linux-gnu/libc.so.6(__libc_start_main+0xf3) [0x7f06e71c7083]
54  /opt/conda/envs/gdf/bin/python(+0x1c002e) [0x562f0b9dc02e]
=================================
2024-12-24 07:53:10,901 - distributed.worker - ERROR - failed during get data with ucx://127.0.0.1:43295 -> ucx://127.0.0.1:47657
Traceback (most recent call last):
  File "/opt/conda/envs/gdf/lib/python3.10/site-packages/distributed/comm/ucx.py", line 335, in write
    await self.ep.send(each_frame)
  File "/opt/conda/envs/gdf/lib/python3.10/site-packages/ucp/core.py", line 662, in send
    return await comm.tag_send(self._ep, buffer, nbytes, tag, name=log)
ucp._libs.exceptions.UCXError: <[Send #007] ep: 0x7f70a0a24140, tag: 0x15d38d5006bbeeca, nbytes: 50000000, type: <class 'cupy.ndarray'>>: Connection reset by remote peer

During handling of the above exception, another exception occurred:

Traceback (most recent call last):
  File "/opt/conda/envs/gdf/lib/python3.10/site-packages/distributed/worker.py", line 1796, in get_data
    compressed = await comm.write(msg, serializers=serializers)
  File "/opt/conda/envs/gdf/lib/python3.10/site-packages/distributed/utils.py", line 805, in wrapper
    return await func(*args, **kwargs)
  File "/opt/conda/envs/gdf/lib/python3.10/site-packages/distributed/comm/ucx.py", line 339, in write
    raise CommClosedError("While writing, the connection was closed")
distributed.comm.core.CommClosedError: While writing, the connection was closed
2024-12-24 07:53:10,944 - distributed.scheduler - WARNING - Removing worker 'ucx://127.0.0.1:47657' caused the cluster to lose already computed task(s), which will be recomputed elsewhere: {('random_sample-2dfef981314de18413f27e90a939d804', 3, 3), ('random_sample-2dfef981314de18413f27e90a939d804', 3, 4), ('sum-b1be8cb35fb10283198fb0f1d986b8c6', 3, 3)} (stimulus_id='handle-worker-cleanup-1735026790.9448104')
2024-12-24 07:53:10,953 - distributed.nanny - WARNING - Restarting worker
[dgx13:72018:0:72018] Caught signal 11 (Segmentation fault: address not mapped to object at address 0x450)
==== backtrace (tid:  72018) ====
 0  /opt/conda/envs/gdf/lib/libucs.so.0(ucs_handle_error+0x2fd) [0x7f1858063c1d]
 1  /opt/conda/envs/gdf/lib/libucs.so.0(+0x2de11) [0x7f1858063e11]
 2  /opt/conda/envs/gdf/lib/libucs.so.0(+0x2dfda) [0x7f1858063fda]
 3  /usr/lib/x86_64-linux-gnu/libpthread.so.0(+0x14420) [0x7f189c531420]
 4  /opt/conda/envs/gdf/lib/libucp.so.0(ucp_mem_type_unpack+0x14) [0x7f1851eca2d4]
 5  /opt/conda/envs/gdf/lib/libucp.so.0(ucp_rndv_data_handler+0x605) [0x7f1851ef4495]
 6  /opt/conda/envs/gdf/lib/./libuct.so.0(+0x21a06) [0x7f1851e61a06]
 7  /opt/conda/envs/gdf/lib/./libuct.so.0(+0x24ae8) [0x7f1851e64ae8]
 8  /opt/conda/envs/gdf/lib/libucs.so.0(ucs_event_set_wait+0xb1) [0x7f185806d411]
 9  /opt/conda/envs/gdf/lib/./libuct.so.0(uct_tcp_iface_progress+0x7d) [0x7f1851e63bbd]
10  /opt/conda/envs/gdf/lib/libucp.so.0(ucp_worker_progress+0x5a) [0x7f1851ec6f1a]
11  /opt/conda/envs/gdf/lib/python3.10/site-packages/ucp/_libs/ucx_api.cpython-310-x86_64-linux-gnu.so(+0x31d7a) [0x7f1851f86d7a]
12  /opt/conda/envs/gdf/bin/python(_PyEval_EvalFrameDefault+0x2c3e) [0x5586bfd7d6de]
13  /opt/conda/envs/gdf/bin/python(_PyFunction_Vectorcall+0x6c) [0x5586bfd8ab7c]
14  /opt/conda/envs/gdf/bin/python(_PyEval_EvalFrameDefault+0x6fd) [0x5586bfd7b19d]
15  /opt/conda/envs/gdf/bin/python(+0x147234) [0x5586bfd96234]
16  /opt/conda/envs/gdf/bin/python(+0x252f7c) [0x5586bfea1f7c]
17  /opt/conda/envs/gdf/bin/python(+0xf745f) [0x5586bfd4645f]
18  /opt/conda/envs/gdf/bin/python(+0x1331b3) [0x5586bfd821b3]
19  /opt/conda/envs/gdf/bin/python(_PyEval_EvalFrameDefault+0x593b) [0x5586bfd803db]
20  /opt/conda/envs/gdf/bin/python(_PyFunction_Vectorcall+0x6c) [0x5586bfd8ab7c]
21  /opt/conda/envs/gdf/bin/python(_PyEval_EvalFrameDefault+0x6fd) [0x5586bfd7b19d]
22  /opt/conda/envs/gdf/bin/python(_PyFunction_Vectorcall+0x6c) [0x5586bfd8ab7c]
23  /opt/conda/envs/gdf/bin/python(_PyEval_EvalFrameDefault+0x6fd) [0x5586bfd7b19d]
24  /opt/conda/envs/gdf/bin/python(_PyFunction_Vectorcall+0x6c) [0x5586bfd8ab7c]
25  /opt/conda/envs/gdf/bin/python(_PyEval_EvalFrameDefault+0x6fd) [0x5586bfd7b19d]
26  /opt/conda/envs/gdf/bin/python(_PyFunction_Vectorcall+0x6c) [0x5586bfd8ab7c]
27  /opt/conda/envs/gdf/bin/python(_PyEval_EvalFrameDefault+0x6fd) [0x5586bfd7b19d]
28  /opt/conda/envs/gdf/bin/python(_PyFunction_Vectorcall+0x6c) [0x5586bfd8ab7c]
29  /opt/conda/envs/gdf/bin/python(_PyEval_EvalFrameDefault+0x1341) [0x5586bfd7bde1]
30  /opt/conda/envs/gdf/bin/python(+0x146fb2) [0x5586bfd95fb2]
31  /opt/conda/envs/gdf/bin/python(PyObject_Call+0xbc) [0x5586bfd9694c]
32  /opt/conda/envs/gdf/bin/python(+0x1ff72d) [0x5586bfe4e72d]
33  /opt/conda/envs/gdf/bin/python(_PyObject_MakeTpCall+0x2d3) [0x5586bfd83a03]
34  /opt/conda/envs/gdf/bin/python(_PyEval_EvalFrameDefault+0x2c3e) [0x5586bfd7d6de]
35  /opt/conda/envs/gdf/bin/python(+0x147108) [0x5586bfd96108]
36  /opt/conda/envs/gdf/bin/python(_PyEval_EvalFrameDefault+0x2c3e) [0x5586bfd7d6de]
37  /opt/conda/envs/gdf/bin/python(_PyFunction_Vectorcall+0x6c) [0x5586bfd8ab7c]
38  /opt/conda/envs/gdf/bin/python(_PyEval_EvalFrameDefault+0x6fd) [0x5586bfd7b19d]
39  /opt/conda/envs/gdf/bin/python(_PyFunction_Vectorcall+0x6c) [0x5586bfd8ab7c]
40  /opt/conda/envs/gdf/bin/python(_PyEval_EvalFrameDefault+0x6fd) [0x5586bfd7b19d]
41  /opt/conda/envs/gdf/bin/python(_PyFunction_Vectorcall+0x6c) [0x5586bfd8ab7c]
42  /opt/conda/envs/gdf/bin/python(_PyEval_EvalFrameDefault+0x309) [0x5586bfd7ada9]
43  /opt/conda/envs/gdf/bin/python(_PyFunction_Vectorcall+0x6c) [0x5586bfd8ab7c]
44  /opt/conda/envs/gdf/bin/python(_PyEval_EvalFrameDefault+0x1341) [0x5586bfd7bde1]
45  /opt/conda/envs/gdf/bin/python(+0x1cca8c) [0x5586bfe1ba8c]
46  /opt/conda/envs/gdf/bin/python(PyEval_EvalCode+0x87) [0x5586bfe1b9d7]
47  /opt/conda/envs/gdf/bin/python(+0x1fceba) [0x5586bfe4beba]
48  /opt/conda/envs/gdf/bin/python(+0x1f8343) [0x5586bfe47343]
49  /opt/conda/envs/gdf/bin/python(PyRun_StringFlags+0x7d) [0x5586bfe3fadd]
50  /opt/conda/envs/gdf/bin/python(PyRun_SimpleStringFlags+0x3c) [0x5586bfe3f91c]
51  /opt/conda/envs/gdf/bin/python(Py_RunMain+0x3ba) [0x5586bfe3eb1a]
52  /opt/conda/envs/gdf/bin/python(Py_BytesMain+0x37) [0x5586bfe0f117]
53  /usr/lib/x86_64-linux-gnu/libc.so.6(__libc_start_main+0xf3) [0x7f189c1f5083]
54  /opt/conda/envs/gdf/bin/python(+0x1c002e) [0x5586bfe0f02e]
=================================
2024-12-24 07:53:11,171 - distributed.scheduler - WARNING - Removing worker 'ucx://127.0.0.1:46117' caused the cluster to lose already computed task(s), which will be recomputed elsewhere: {('random_sample-2dfef981314de18413f27e90a939d804', 2, 8), ('random_sample-2dfef981314de18413f27e90a939d804', 3, 0)} (stimulus_id='handle-worker-cleanup-1735026791.1715715')
2024-12-24 07:53:11,171 - distributed.worker - ERROR - failed during get data with ucx://127.0.0.1:59517 -> ucx://127.0.0.1:46117
Traceback (most recent call last):
  File "/opt/conda/envs/gdf/lib/python3.10/site-packages/distributed/comm/ucx.py", line 335, in write
    await self.ep.send(each_frame)
  File "/opt/conda/envs/gdf/lib/python3.10/site-packages/ucp/core.py", line 662, in send
    return await comm.tag_send(self._ep, buffer, nbytes, tag, name=log)
ucp._libs.exceptions.UCXError: <[Send #007] ep: 0x7f32ce911180, tag: 0xcf91d7d50610fd7a, nbytes: 50000000, type: <class 'cupy.ndarray'>>: Connection reset by remote peer

During handling of the above exception, another exception occurred:

Traceback (most recent call last):
  File "/opt/conda/envs/gdf/lib/python3.10/site-packages/distributed/worker.py", line 1796, in get_data
    compressed = await comm.write(msg, serializers=serializers)
  File "/opt/conda/envs/gdf/lib/python3.10/site-packages/distributed/utils.py", line 805, in wrapper
    return await func(*args, **kwargs)
  File "/opt/conda/envs/gdf/lib/python3.10/site-packages/distributed/comm/ucx.py", line 339, in write
    raise CommClosedError("While writing, the connection was closed")
distributed.comm.core.CommClosedError: While writing, the connection was closed
2024-12-24 07:53:11,215 - distributed.nanny - WARNING - Restarting worker
[dgx13:72022:0:72022] Caught signal 11 (Segmentation fault: address not mapped to object at address 0x450)
==== backtrace (tid:  72022) ====
 0  /opt/conda/envs/gdf/lib/libucs.so.0(ucs_handle_error+0x2fd) [0x7f372414cc1d]
 1  /opt/conda/envs/gdf/lib/libucs.so.0(+0x2de11) [0x7f372414ce11]
 2  /opt/conda/envs/gdf/lib/libucs.so.0(+0x2dfda) [0x7f372414cfda]
 3  /usr/lib/x86_64-linux-gnu/libpthread.so.0(+0x14420) [0x7f376868f420]
 4  /opt/conda/envs/gdf/lib/libucp.so.0(ucp_mem_type_unpack+0x14) [0x7f37241d02d4]
 5  /opt/conda/envs/gdf/lib/libucp.so.0(ucp_rndv_data_handler+0x605) [0x7f37241fa495]
 6  /opt/conda/envs/gdf/lib/./libuct.so.0(+0x21a06) [0x7f3724103a06]
 7  /opt/conda/envs/gdf/lib/./libuct.so.0(+0x24ae8) [0x7f3724106ae8]
 8  /opt/conda/envs/gdf/lib/libucs.so.0(ucs_event_set_wait+0xb1) [0x7f3724156411]
 9  /opt/conda/envs/gdf/lib/./libuct.so.0(uct_tcp_iface_progress+0x7d) [0x7f3724105bbd]
10  /opt/conda/envs/gdf/lib/libucp.so.0(ucp_worker_progress+0x5a) [0x7f37241ccf1a]
11  /opt/conda/envs/gdf/lib/python3.10/site-packages/ucp/_libs/ucx_api.cpython-310-x86_64-linux-gnu.so(+0x31d7a) [0x7f372428cd7a]
12  /opt/conda/envs/gdf/bin/python(_PyEval_EvalFrameDefault+0x2c3e) [0x55d24ab816de]
13  /opt/conda/envs/gdf/bin/python(_PyFunction_Vectorcall+0x6c) [0x55d24ab8eb7c]
14  /opt/conda/envs/gdf/bin/python(_PyEval_EvalFrameDefault+0x6fd) [0x55d24ab7f19d]
15  /opt/conda/envs/gdf/bin/python(+0x147234) [0x55d24ab9a234]
16  /opt/conda/envs/gdf/bin/python(+0x252f7c) [0x55d24aca5f7c]
17  /opt/conda/envs/gdf/bin/python(+0xf745f) [0x55d24ab4a45f]
18  /opt/conda/envs/gdf/bin/python(+0x1331b3) [0x55d24ab861b3]
19  /opt/conda/envs/gdf/bin/python(_PyEval_EvalFrameDefault+0x593b) [0x55d24ab843db]
20  /opt/conda/envs/gdf/bin/python(_PyFunction_Vectorcall+0x6c) [0x55d24ab8eb7c]
21  /opt/conda/envs/gdf/bin/python(_PyEval_EvalFrameDefault+0x6fd) [0x55d24ab7f19d]
22  /opt/conda/envs/gdf/bin/python(_PyFunction_Vectorcall+0x6c) [0x55d24ab8eb7c]
23  /opt/conda/envs/gdf/bin/python(_PyEval_EvalFrameDefault+0x6fd) [0x55d24ab7f19d]
24  /opt/conda/envs/gdf/bin/python(_PyFunction_Vectorcall+0x6c) [0x55d24ab8eb7c]
25  /opt/conda/envs/gdf/bin/python(_PyEval_EvalFrameDefault+0x6fd) [0x55d24ab7f19d]
26  /opt/conda/envs/gdf/bin/python(_PyFunction_Vectorcall+0x6c) [0x55d24ab8eb7c]
27  /opt/conda/envs/gdf/bin/python(_PyEval_EvalFrameDefault+0x6fd) [0x55d24ab7f19d]
28  /opt/conda/envs/gdf/bin/python(_PyFunction_Vectorcall+0x6c) [0x55d24ab8eb7c]
29  /opt/conda/envs/gdf/bin/python(_PyEval_EvalFrameDefault+0x1341) [0x55d24ab7fde1]
30  /opt/conda/envs/gdf/bin/python(+0x146fb2) [0x55d24ab99fb2]
31  /opt/conda/envs/gdf/bin/python(PyObject_Call+0xbc) [0x55d24ab9a94c]
32  /opt/conda/envs/gdf/bin/python(+0x1ff72d) [0x55d24ac5272d]
33  /opt/conda/envs/gdf/bin/python(_PyObject_MakeTpCall+0x2d3) [0x55d24ab87a03]
34  /opt/conda/envs/gdf/bin/python(_PyEval_EvalFrameDefault+0x2c3e) [0x55d24ab816de]
35  /opt/conda/envs/gdf/bin/python(+0x147108) [0x55d24ab9a108]
36  /opt/conda/envs/gdf/bin/python(_PyEval_EvalFrameDefault+0x2c3e) [0x55d24ab816de]
37  /opt/conda/envs/gdf/bin/python(_PyFunction_Vectorcall+0x6c) [0x55d24ab8eb7c]
38  /opt/conda/envs/gdf/bin/python(_PyEval_EvalFrameDefault+0x6fd) [0x55d24ab7f19d]
39  /opt/conda/envs/gdf/bin/python(_PyFunction_Vectorcall+0x6c) [0x55d24ab8eb7c]
40  /opt/conda/envs/gdf/bin/python(_PyEval_EvalFrameDefault+0x6fd) [0x55d24ab7f19d]
41  /opt/conda/envs/gdf/bin/python(_PyFunction_Vectorcall+0x6c) [0x55d24ab8eb7c]
42  /opt/conda/envs/gdf/bin/python(_PyEval_EvalFrameDefault+0x309) [0x55d24ab7eda9]
43  /opt/conda/envs/gdf/bin/python(_PyFunction_Vectorcall+0x6c) [0x55d24ab8eb7c]
44  /opt/conda/envs/gdf/bin/python(_PyEval_EvalFrameDefault+0x1341) [0x55d24ab7fde1]
45  /opt/conda/envs/gdf/bin/python(+0x1cca8c) [0x55d24ac1fa8c]
46  /opt/conda/envs/gdf/bin/python(PyEval_EvalCode+0x87) [0x55d24ac1f9d7]
47  /opt/conda/envs/gdf/bin/python(+0x1fceba) [0x55d24ac4feba]
48  /opt/conda/envs/gdf/bin/python(+0x1f8343) [0x55d24ac4b343]
49  /opt/conda/envs/gdf/bin/python(PyRun_StringFlags+0x7d) [0x55d24ac43add]
50  /opt/conda/envs/gdf/bin/python(PyRun_SimpleStringFlags+0x3c) [0x55d24ac4391c]
51  /opt/conda/envs/gdf/bin/python(Py_RunMain+0x3ba) [0x55d24ac42b1a]
52  /opt/conda/envs/gdf/bin/python(Py_BytesMain+0x37) [0x55d24ac13117]
53  /usr/lib/x86_64-linux-gnu/libc.so.6(__libc_start_main+0xf3) [0x7f3768353083]
54  /opt/conda/envs/gdf/bin/python(+0x1c002e) [0x55d24ac1302e]
=================================
2024-12-24 07:53:12,078 - distributed.worker - ERROR - failed during get data with ucx://127.0.0.1:53731 -> ucx://127.0.0.1:46631
Traceback (most recent call last):
  File "/opt/conda/envs/gdf/lib/python3.10/site-packages/distributed/comm/ucx.py", line 335, in write
    await self.ep.send(each_frame)
  File "/opt/conda/envs/gdf/lib/python3.10/site-packages/ucp/core.py", line 662, in send
    return await comm.tag_send(self._ep, buffer, nbytes, tag, name=log)
ucp._libs.exceptions.UCXError: <[Send #007] ep: 0x7fd5a097d1c0, tag: 0x78a064ff82825f73, nbytes: 50000000, type: <class 'cupy.ndarray'>>: Connection reset by remote peer

During handling of the above exception, another exception occurred:

Traceback (most recent call last):
  File "/opt/conda/envs/gdf/lib/python3.10/site-packages/distributed/worker.py", line 1796, in get_data
    compressed = await comm.write(msg, serializers=serializers)
  File "/opt/conda/envs/gdf/lib/python3.10/site-packages/distributed/utils.py", line 805, in wrapper
    return await func(*args, **kwargs)
  File "/opt/conda/envs/gdf/lib/python3.10/site-packages/distributed/comm/ucx.py", line 339, in write
    raise CommClosedError("While writing, the connection was closed")
distributed.comm.core.CommClosedError: While writing, the connection was closed
2024-12-24 07:53:12,078 - distributed.scheduler - WARNING - Removing worker 'ucx://127.0.0.1:46631' caused the cluster to lose already computed task(s), which will be recomputed elsewhere: {('random_sample-2dfef981314de18413f27e90a939d804', 0, 3), ('sum-b1be8cb35fb10283198fb0f1d986b8c6', 3, 0), ('sum-b1be8cb35fb10283198fb0f1d986b8c6', 3, 3), ('random_sample-2dfef981314de18413f27e90a939d804', 2, 3), ('sum-b1be8cb35fb10283198fb0f1d986b8c6', 4, 3), ('sum-b1be8cb35fb10283198fb0f1d986b8c6', 2, 2), ('random_sample-2dfef981314de18413f27e90a939d804', 4, 3), ('random_sample-2dfef981314de18413f27e90a939d804', 3, 4), ('sum-b1be8cb35fb10283198fb0f1d986b8c6', 8, 2), ('random_sample-2dfef981314de18413f27e90a939d804', 8, 2), ('random_sample-2dfef981314de18413f27e90a939d804', 2, 2), ('sum-b1be8cb35fb10283198fb0f1d986b8c6', 2, 8), ('random_sample-2dfef981314de18413f27e90a939d804', 2, 8), ('random_sample-2dfef981314de18413f27e90a939d804', 3, 0), ('random_sample-2dfef981314de18413f27e90a939d804', 3, 3)} (stimulus_id='handle-worker-cleanup-1735026792.0785892')
2024-12-24 07:53:12,082 - distributed.worker - ERROR - Worker stream died during communication: ucx://127.0.0.1:46631
Traceback (most recent call last):
  File "/opt/conda/envs/gdf/lib/python3.10/site-packages/distributed/comm/ucx.py", line 468, in connect
    ep = await ucp.create_endpoint(ip, port)
  File "/opt/conda/envs/gdf/lib/python3.10/site-packages/ucp/core.py", line 1016, in create_endpoint
    return await _get_ctx().create_endpoint(
  File "/opt/conda/envs/gdf/lib/python3.10/site-packages/ucp/core.py", line 328, in create_endpoint
    peer_info = await exchange_peer_info(
  File "/opt/conda/envs/gdf/lib/python3.10/site-packages/ucp/core.py", line 60, in exchange_peer_info
    await asyncio.wait_for(
  File "/opt/conda/envs/gdf/lib/python3.10/asyncio/tasks.py", line 445, in wait_for
    return fut.result()
ucp._libs.exceptions.UCXError: <stream_recv>: Connection reset by remote peer

During handling of the above exception, another exception occurred:

Traceback (most recent call last):
  File "/opt/conda/envs/gdf/lib/python3.10/site-packages/distributed/comm/core.py", line 342, in connect
    comm = await wait_for(
  File "/opt/conda/envs/gdf/lib/python3.10/site-packages/distributed/utils.py", line 1915, in wait_for
    return await asyncio.wait_for(fut, timeout)
  File "/opt/conda/envs/gdf/lib/python3.10/asyncio/tasks.py", line 445, in wait_for
    return fut.result()
  File "/opt/conda/envs/gdf/lib/python3.10/site-packages/distributed/comm/ucx.py", line 470, in connect
    raise CommClosedError("Connection closed before handshake completed")
distributed.comm.core.CommClosedError: Connection closed before handshake completed

During handling of the above exception, another exception occurred:

Traceback (most recent call last):
  File "/opt/conda/envs/gdf/lib/python3.10/site-packages/distributed/core.py", line 1429, in _connect
    comm = await connect(
  File "/opt/conda/envs/gdf/lib/python3.10/site-packages/distributed/comm/core.py", line 366, in connect
    await asyncio.sleep(backoff)
  File "/opt/conda/envs/gdf/lib/python3.10/asyncio/tasks.py", line 605, in sleep
    return await future
asyncio.exceptions.CancelledError

During handling of the above exception, another exception occurred:

Traceback (most recent call last):
  File "/opt/conda/envs/gdf/lib/python3.10/site-packages/distributed/core.py", line 1539, in connect
    return connect_attempt.result()
asyncio.exceptions.CancelledError

During handling of the above exception, another exception occurred:

Traceback (most recent call last):
  File "/opt/conda/envs/gdf/lib/python3.10/site-packages/distributed/worker.py", line 2075, in gather_dep
    response = await get_data_from_worker(
  File "/opt/conda/envs/gdf/lib/python3.10/site-packages/distributed/worker.py", line 2878, in get_data_from_worker
    comm = await rpc.connect(worker)
  File "/opt/conda/envs/gdf/lib/python3.10/site-packages/distributed/core.py", line 1542, in connect
    raise CommClosedError(reason)
distributed.comm.core.CommClosedError: Address removed.
2024-12-24 07:53:12,240 - distributed.nanny - WARNING - Restarting worker
2024-12-24 07:53:36,559 - distributed.worker - ERROR - Worker stream died during communication: ucx://127.0.0.1:43117
Traceback (most recent call last):
  File "/opt/conda/envs/gdf/lib/python3.10/site-packages/distributed/comm/ucx.py", line 468, in connect
    ep = await ucp.create_endpoint(ip, port)
  File "/opt/conda/envs/gdf/lib/python3.10/site-packages/ucp/core.py", line 1016, in create_endpoint
    return await _get_ctx().create_endpoint(
  File "/opt/conda/envs/gdf/lib/python3.10/site-packages/ucp/core.py", line 328, in create_endpoint
    peer_info = await exchange_peer_info(
  File "/opt/conda/envs/gdf/lib/python3.10/site-packages/ucp/core.py", line 60, in exchange_peer_info
    await asyncio.wait_for(
  File "/opt/conda/envs/gdf/lib/python3.10/asyncio/tasks.py", line 432, in wait_for
    await waiter
asyncio.exceptions.CancelledError

During handling of the above exception, another exception occurred:

Traceback (most recent call last):
  File "/opt/conda/envs/gdf/lib/python3.10/asyncio/tasks.py", line 456, in wait_for
    return fut.result()
asyncio.exceptions.CancelledError

The above exception was the direct cause of the following exception:

Traceback (most recent call last):
  File "/opt/conda/envs/gdf/lib/python3.10/site-packages/distributed/comm/core.py", line 342, in connect
    comm = await wait_for(
  File "/opt/conda/envs/gdf/lib/python3.10/site-packages/distributed/utils.py", line 1915, in wait_for
    return await asyncio.wait_for(fut, timeout)
  File "/opt/conda/envs/gdf/lib/python3.10/asyncio/tasks.py", line 458, in wait_for
    raise exceptions.TimeoutError() from exc
asyncio.exceptions.TimeoutError

The above exception was the direct cause of the following exception:

Traceback (most recent call last):
  File "/opt/conda/envs/gdf/lib/python3.10/site-packages/distributed/worker.py", line 2075, in gather_dep
    response = await get_data_from_worker(
  File "/opt/conda/envs/gdf/lib/python3.10/site-packages/distributed/worker.py", line 2878, in get_data_from_worker
    comm = await rpc.connect(worker)
  File "/opt/conda/envs/gdf/lib/python3.10/site-packages/distributed/core.py", line 1539, in connect
    return connect_attempt.result()
  File "/opt/conda/envs/gdf/lib/python3.10/site-packages/distributed/core.py", line 1429, in _connect
    comm = await connect(
  File "/opt/conda/envs/gdf/lib/python3.10/site-packages/distributed/comm/core.py", line 368, in connect
    raise OSError(
OSError: Timed out trying to connect to ucx://127.0.0.1:43117 after 30 s
/opt/conda/envs/gdf/lib/python3.10/multiprocessing/resource_tracker.py:224: UserWarning: resource_tracker: There appear to be 48 leaked semaphore objects to clean up at shutdown
  warnings.warn('resource_tracker: There appear to be %d '
