/opt/conda/envs/gdf/lib/python3.9/site-packages/distributed/node.py:182: UserWarning: Port 8787 is already in use.
Perhaps you already have a cluster running?
Hosting the HTTP server on port 37883 instead
  warnings.warn(
[dgx13:80442:0:80442] Caught signal 11 (Segmentation fault: address not mapped to object at address 0x448)
==== backtrace (tid:  80442) ====
 0  /opt/conda/envs/gdf/lib/libucs.so.0(ucs_handle_error+0x2fd) [0x7f9129e1d07d]
 1  /opt/conda/envs/gdf/lib/libucs.so.0(+0x2a274) [0x7f9129e1d274]
 2  /opt/conda/envs/gdf/lib/libucs.so.0(+0x2a43a) [0x7f9129e1d43a]
 3  /usr/lib/x86_64-linux-gnu/libpthread.so.0(+0x14420) [0x7f9167789420]
 4  /opt/conda/envs/gdf/lib/libucp.so.0(ucp_mem_type_unpack+0x14) [0x7f9129e9c6b4]
 5  /opt/conda/envs/gdf/lib/libucp.so.0(ucp_rndv_data_handler+0x4e9) [0x7f9129ec5839]
 6  /opt/conda/envs/gdf/lib/libuct.so.0(+0x203df) [0x7f9129dd73df]
 7  /opt/conda/envs/gdf/lib/libuct.so.0(+0x23838) [0x7f9129dda838]
 8  /opt/conda/envs/gdf/lib/libucs.so.0(ucs_event_set_wait+0xb9) [0x7f9129e264a9]
 9  /opt/conda/envs/gdf/lib/libuct.so.0(uct_tcp_iface_progress+0x7d) [0x7f9129dd95dd]
10  /opt/conda/envs/gdf/lib/libucp.so.0(ucp_worker_progress+0x5a) [0x7f9129e998da]
11  /opt/conda/envs/gdf/lib/python3.9/site-packages/ucp/_libs/ucx_api.cpython-39-x86_64-linux-gnu.so(+0x3206a) [0x7f9129f5206a]
12  /opt/conda/envs/gdf/bin/python(_PyEval_EvalFrameDefault+0x45a6) [0x5632a3d2a516]
13  /opt/conda/envs/gdf/bin/python(+0x12e184) [0x5632a3d25184]
14  /opt/conda/envs/gdf/bin/python(_PyFunction_Vectorcall+0xd9) [0x5632a3d36559]
15  /opt/conda/envs/gdf/bin/python(_PyEval_EvalFrameDefault+0x696) [0x5632a3d26606]
16  /opt/conda/envs/gdf/bin/python(+0x1e28a2) [0x5632a3dd98a2]
17  /opt/conda/envs/gdf/lib/python3.9/lib-dynload/_asyncio.cpython-39-x86_64-linux-gnu.so(+0x81e9) [0x7f91518db1e9]
18  /opt/conda/envs/gdf/bin/python(_PyObject_MakeTpCall+0x2ec) [0x5632a3d2e7ac]
19  /opt/conda/envs/gdf/bin/python(+0xf266c) [0x5632a3ce966c]
20  /opt/conda/envs/gdf/bin/python(+0x136833) [0x5632a3d2d833]
21  /opt/conda/envs/gdf/bin/python(_PyEval_EvalFrameDefault+0x58b4) [0x5632a3d2b824]
22  /opt/conda/envs/gdf/bin/python(+0x13f802) [0x5632a3d36802]
23  /opt/conda/envs/gdf/bin/python(_PyEval_EvalFrameDefault+0x696) [0x5632a3d26606]
24  /opt/conda/envs/gdf/bin/python(+0x13f802) [0x5632a3d36802]
25  /opt/conda/envs/gdf/bin/python(_PyEval_EvalFrameDefault+0x696) [0x5632a3d26606]
26  /opt/conda/envs/gdf/bin/python(+0x13f802) [0x5632a3d36802]
27  /opt/conda/envs/gdf/bin/python(_PyEval_EvalFrameDefault+0x696) [0x5632a3d26606]
28  /opt/conda/envs/gdf/bin/python(+0x13f802) [0x5632a3d36802]
29  /opt/conda/envs/gdf/bin/python(_PyEval_EvalFrameDefault+0x696) [0x5632a3d26606]
30  /opt/conda/envs/gdf/bin/python(+0x12e184) [0x5632a3d25184]
31  /opt/conda/envs/gdf/bin/python(_PyFunction_Vectorcall+0xd9) [0x5632a3d36559]
32  /opt/conda/envs/gdf/bin/python(_PyEval_EvalFrameDefault+0x11f2) [0x5632a3d27162]
33  /opt/conda/envs/gdf/bin/python(+0x12e184) [0x5632a3d25184]
34  /opt/conda/envs/gdf/bin/python(+0x14c9fb) [0x5632a3d439fb]
35  /opt/conda/envs/gdf/bin/python(PyObject_Call+0xbc) [0x5632a3d4417c]
36  /opt/conda/envs/gdf/bin/python(+0x2109ce) [0x5632a3e079ce]
37  /opt/conda/envs/gdf/bin/python(_PyObject_MakeTpCall+0x2ec) [0x5632a3d2e7ac]
38  /opt/conda/envs/gdf/bin/python(_PyEval_EvalFrameDefault+0x45a6) [0x5632a3d2a516]
39  /opt/conda/envs/gdf/bin/python(+0x13f802) [0x5632a3d36802]
40  /opt/conda/envs/gdf/bin/python(+0x14cadc) [0x5632a3d43adc]
41  /opt/conda/envs/gdf/bin/python(_PyEval_EvalFrameDefault+0x45a6) [0x5632a3d2a516]
42  /opt/conda/envs/gdf/bin/python(+0x13f802) [0x5632a3d36802]
43  /opt/conda/envs/gdf/bin/python(_PyEval_EvalFrameDefault+0x696) [0x5632a3d26606]
44  /opt/conda/envs/gdf/bin/python(+0x12e184) [0x5632a3d25184]
45  /opt/conda/envs/gdf/bin/python(_PyFunction_Vectorcall+0xd9) [0x5632a3d36559]
46  /opt/conda/envs/gdf/bin/python(_PyEval_EvalFrameDefault+0x696) [0x5632a3d26606]
47  /opt/conda/envs/gdf/bin/python(+0x13f802) [0x5632a3d36802]
48  /opt/conda/envs/gdf/bin/python(_PyEval_EvalFrameDefault+0x3e2) [0x5632a3d26352]
49  /opt/conda/envs/gdf/bin/python(+0x12e184) [0x5632a3d25184]
50  /opt/conda/envs/gdf/bin/python(_PyFunction_Vectorcall+0xd9) [0x5632a3d36559]
51  /opt/conda/envs/gdf/bin/python(_PyEval_EvalFrameDefault+0x11f2) [0x5632a3d27162]
52  /opt/conda/envs/gdf/bin/python(+0x12e184) [0x5632a3d25184]
53  /opt/conda/envs/gdf/bin/python(_PyEval_EvalCodeWithName+0x48) [0x5632a3d24e58]
54  /opt/conda/envs/gdf/bin/python(PyEval_EvalCodeEx+0x39) [0x5632a3d24e09]
55  /opt/conda/envs/gdf/bin/python(PyEval_EvalCode+0x1b) [0x5632a3dd24ab]
56  /opt/conda/envs/gdf/bin/python(+0x20887a) [0x5632a3dff87a]
57  /opt/conda/envs/gdf/bin/python(+0x204c03) [0x5632a3dfbc03]
58  /opt/conda/envs/gdf/bin/python(PyRun_StringFlags+0x9a) [0x5632a3df3a1a]
59  /opt/conda/envs/gdf/bin/python(PyRun_SimpleStringFlags+0x3c) [0x5632a3df390c]
[dgx13:80428:0:80428] Caught signal 11 (Segmentation fault: address not mapped to object at address 0x448)
60  /opt/conda/envs/gdf/bin/python(Py_RunMain+0x267) [0x5632a3df2b47]
61  /opt/conda/envs/gdf/bin/python(Py_BytesMain+0x37) [0x5632a3dc62e7]
=================================
==== backtrace (tid:  80428) ====
 0  /opt/conda/envs/gdf/lib/libucs.so.0(ucs_handle_error+0x2fd) [0x7f81d9ab007d]
 1  /opt/conda/envs/gdf/lib/libucs.so.0(+0x2a274) [0x7f81d9ab0274]
 2  /opt/conda/envs/gdf/lib/libucs.so.0(+0x2a43a) [0x7f81d9ab043a]
 3  /usr/lib/x86_64-linux-gnu/libpthread.so.0(+0x14420) [0x7f8217442420]
 4  /opt/conda/envs/gdf/lib/libucp.so.0(ucp_mem_type_unpack+0x14) [0x7f81d9b2f6b4]
 5  /opt/conda/envs/gdf/lib/libucp.so.0(ucp_rndv_data_handler+0x4e9) [0x7f81d9b58839]
 6  /opt/conda/envs/gdf/lib/libuct.so.0(+0x203df) [0x7f81d9a6a3df]
 7  /opt/conda/envs/gdf/lib/libuct.so.0(+0x23838) [0x7f81d9a6d838]
 8  /opt/conda/envs/gdf/lib/libucs.so.0(ucs_event_set_wait+0xb9) [0x7f81d9ab94a9]
 9  /opt/conda/envs/gdf/lib/libuct.so.0(uct_tcp_iface_progress+0x7d) [0x7f81d9a6c5dd]
10  /opt/conda/envs/gdf/lib/libucp.so.0(ucp_worker_progress+0x5a) [0x7f81d9b2c8da]
11  /opt/conda/envs/gdf/lib/python3.9/site-packages/ucp/_libs/ucx_api.cpython-39-x86_64-linux-gnu.so(+0x3206a) [0x7f81d9be506a]
12  /opt/conda/envs/gdf/bin/python(_PyEval_EvalFrameDefault+0x45a6) [0x5628be1fc516]
13  /opt/conda/envs/gdf/bin/python(+0x12e184) [0x5628be1f7184]
14  /opt/conda/envs/gdf/bin/python(_PyFunction_Vectorcall+0xd9) [0x5628be208559]
15  /opt/conda/envs/gdf/bin/python(_PyEval_EvalFrameDefault+0x696) [0x5628be1f8606]
16  /opt/conda/envs/gdf/bin/python(+0x1e28a2) [0x5628be2ab8a2]
17  /opt/conda/envs/gdf/lib/python3.9/lib-dynload/_asyncio.cpython-39-x86_64-linux-gnu.so(+0x81e9) [0x7f82015961e9]
18  /opt/conda/envs/gdf/bin/python(_PyObject_MakeTpCall+0x2ec) [0x5628be2007ac]
19  /opt/conda/envs/gdf/bin/python(+0xf266c) [0x5628be1bb66c]
20  /opt/conda/envs/gdf/bin/python(+0x136833) [0x5628be1ff833]
21  /opt/conda/envs/gdf/bin/python(_PyEval_EvalFrameDefault+0x58b4) [0x5628be1fd824]
22  /opt/conda/envs/gdf/bin/python(+0x13f802) [0x5628be208802]
23  /opt/conda/envs/gdf/bin/python(_PyEval_EvalFrameDefault+0x696) [0x5628be1f8606]
24  /opt/conda/envs/gdf/bin/python(+0x13f802) [0x5628be208802]
25  /opt/conda/envs/gdf/bin/python(_PyEval_EvalFrameDefault+0x696) [0x5628be1f8606]
26  /opt/conda/envs/gdf/bin/python(+0x13f802) [0x5628be208802]
27  /opt/conda/envs/gdf/bin/python(_PyEval_EvalFrameDefault+0x696) [0x5628be1f8606]
28  /opt/conda/envs/gdf/bin/python(+0x13f802) [0x5628be208802]
29  /opt/conda/envs/gdf/bin/python(_PyEval_EvalFrameDefault+0x696) [0x5628be1f8606]
30  /opt/conda/envs/gdf/bin/python(+0x12e184) [0x5628be1f7184]
31  /opt/conda/envs/gdf/bin/python(_PyFunction_Vectorcall+0xd9) [0x5628be208559]
32  /opt/conda/envs/gdf/bin/python(_PyEval_EvalFrameDefault+0x11f2) [0x5628be1f9162]
33  /opt/conda/envs/gdf/bin/python(+0x12e184) [0x5628be1f7184]
34  /opt/conda/envs/gdf/bin/python(+0x14c9fb) [0x5628be2159fb]
35  /opt/conda/envs/gdf/bin/python(PyObject_Call+0xbc) [0x5628be21617c]
36  /opt/conda/envs/gdf/bin/python(+0x2109ce) [0x5628be2d99ce]
37  /opt/conda/envs/gdf/bin/python(_PyObject_MakeTpCall+0x2ec) [0x5628be2007ac]
38  /opt/conda/envs/gdf/bin/python(_PyEval_EvalFrameDefault+0x45a6) [0x5628be1fc516]
39  /opt/conda/envs/gdf/bin/python(+0x13f802) [0x5628be208802]
40  /opt/conda/envs/gdf/bin/python(+0x14cadc) [0x5628be215adc]
41  /opt/conda/envs/gdf/bin/python(_PyEval_EvalFrameDefault+0x45a6) [0x5628be1fc516]
42  /opt/conda/envs/gdf/bin/python(+0x13f802) [0x5628be208802]
43  /opt/conda/envs/gdf/bin/python(_PyEval_EvalFrameDefault+0x696) [0x5628be1f8606]
44  /opt/conda/envs/gdf/bin/python(+0x12e184) [0x5628be1f7184]
45  /opt/conda/envs/gdf/bin/python(_PyFunction_Vectorcall+0xd9) [0x5628be208559]
46  /opt/conda/envs/gdf/bin/python(_PyEval_EvalFrameDefault+0x696) [0x5628be1f8606]
47  /opt/conda/envs/gdf/bin/python(+0x13f802) [0x5628be208802]
48  /opt/conda/envs/gdf/bin/python(_PyEval_EvalFrameDefault+0x3e2) [0x5628be1f8352]
49  /opt/conda/envs/gdf/bin/python(+0x12e184) [0x5628be1f7184]
50  /opt/conda/envs/gdf/bin/python(_PyFunction_Vectorcall+0xd9) [0x5628be208559]
51  /opt/conda/envs/gdf/bin/python(_PyEval_EvalFrameDefault+0x11f2) [0x5628be1f9162]
52  /opt/conda/envs/gdf/bin/python(+0x12e184) [0x5628be1f7184]
53  /opt/conda/envs/gdf/bin/python(_PyEval_EvalCodeWithName+0x48) [0x5628be1f6e58]
54  /opt/conda/envs/gdf/bin/python(PyEval_EvalCodeEx+0x39) [0x5628be1f6e09]
55  /opt/conda/envs/gdf/bin/python(PyEval_EvalCode+0x1b) [0x5628be2a44ab]
56  /opt/conda/envs/gdf/bin/python(+0x20887a) [0x5628be2d187a]
57  /opt/conda/envs/gdf/bin/python(+0x204c03) [0x5628be2cdc03]
58  /opt/conda/envs/gdf/bin/python(PyRun_StringFlags+0x9a) [0x5628be2c5a1a]
59  /opt/conda/envs/gdf/bin/python(PyRun_SimpleStringFlags+0x3c) [0x5628be2c590c]
60  /opt/conda/envs/gdf/bin/python(Py_RunMain+0x267) [0x5628be2c4b47]
61  /opt/conda/envs/gdf/bin/python(Py_BytesMain+0x37) [0x5628be2982e7]
=================================
[dgx13:80433:0:80433] Caught signal 11 (Segmentation fault: address not mapped to object at address 0x448)
==== backtrace (tid:  80433) ====
 0  /opt/conda/envs/gdf/lib/libucs.so.0(ucs_handle_error+0x2fd) [0x7ffb85a8707d]
 1  /opt/conda/envs/gdf/lib/libucs.so.0(+0x2a274) [0x7ffb85a87274]
 2  /opt/conda/envs/gdf/lib/libucs.so.0(+0x2a43a) [0x7ffb85a8743a]
 3  /usr/lib/x86_64-linux-gnu/libpthread.so.0(+0x14420) [0x7ffbd940c420]
 4  /opt/conda/envs/gdf/lib/libucp.so.0(ucp_mem_type_unpack+0x14) [0x7ffb85b066b4]
 5  /opt/conda/envs/gdf/lib/libucp.so.0(ucp_rndv_data_handler+0x4e9) [0x7ffb85b2f839]
 6  /opt/conda/envs/gdf/lib/libuct.so.0(+0x203df) [0x7ffb85a413df]
 7  /opt/conda/envs/gdf/lib/libuct.so.0(+0x23838) [0x7ffb85a44838]
 8  /opt/conda/envs/gdf/lib/libucs.so.0(ucs_event_set_wait+0xb9) [0x7ffb85a904a9]
 9  /opt/conda/envs/gdf/lib/libuct.so.0(uct_tcp_iface_progress+0x7d) [0x7ffb85a435dd]
10  /opt/conda/envs/gdf/lib/libucp.so.0(ucp_worker_progress+0x5a) [0x7ffb85b038da]
11  /opt/conda/envs/gdf/lib/python3.9/site-packages/ucp/_libs/ucx_api.cpython-39-x86_64-linux-gnu.so(+0x3206a) [0x7ffb85bbc06a]
12  /opt/conda/envs/gdf/bin/python(_PyEval_EvalFrameDefault+0x45a6) [0x55b964731516]
13  /opt/conda/envs/gdf/bin/python(+0x12e184) [0x55b96472c184]
14  /opt/conda/envs/gdf/bin/python(_PyFunction_Vectorcall+0xd9) [0x55b96473d559]
15  /opt/conda/envs/gdf/bin/python(_PyEval_EvalFrameDefault+0x696) [0x55b96472d606]
16  /opt/conda/envs/gdf/bin/python(+0x1e28a2) [0x55b9647e08a2]
17  /opt/conda/envs/gdf/lib/python3.9/lib-dynload/_asyncio.cpython-39-x86_64-linux-gnu.so(+0x81e9) [0x7ffbc355f1e9]
18  /opt/conda/envs/gdf/bin/python(_PyObject_MakeTpCall+0x2ec) [0x55b9647357ac]
19  /opt/conda/envs/gdf/bin/python(+0xf266c) [0x55b9646f066c]
20  /opt/conda/envs/gdf/bin/python(+0x136833) [0x55b964734833]
21  /opt/conda/envs/gdf/bin/python(_PyEval_EvalFrameDefault+0x58b4) [0x55b964732824]
22  /opt/conda/envs/gdf/bin/python(+0x13f802) [0x55b96473d802]
23  /opt/conda/envs/gdf/bin/python(_PyEval_EvalFrameDefault+0x696) [0x55b96472d606]
24  /opt/conda/envs/gdf/bin/python(+0x13f802) [0x55b96473d802]
25  /opt/conda/envs/gdf/bin/python(_PyEval_EvalFrameDefault+0x696) [0x55b96472d606]
26  /opt/conda/envs/gdf/bin/python(+0x13f802) [0x55b96473d802]
27  /opt/conda/envs/gdf/bin/python(_PyEval_EvalFrameDefault+0x696) [0x55b96472d606]
28  /opt/conda/envs/gdf/bin/python(+0x13f802) [0x55b96473d802]
29  /opt/conda/envs/gdf/bin/python(_PyEval_EvalFrameDefault+0x696) [0x55b96472d606]
30  /opt/conda/envs/gdf/bin/python(+0x12e184) [0x55b96472c184]
31  /opt/conda/envs/gdf/bin/python(_PyFunction_Vectorcall+0xd9) [0x55b96473d559]
32  /opt/conda/envs/gdf/bin/python(_PyEval_EvalFrameDefault+0x11f2) [0x55b96472e162]
33  /opt/conda/envs/gdf/bin/python(+0x12e184) [0x55b96472c184]
34  /opt/conda/envs/gdf/bin/python(+0x14c9fb) [0x55b96474a9fb]
35  /opt/conda/envs/gdf/bin/python(PyObject_Call+0xbc) [0x55b96474b17c]
36  /opt/conda/envs/gdf/bin/python(+0x2109ce) [0x55b96480e9ce]
37  /opt/conda/envs/gdf/bin/python(_PyObject_MakeTpCall+0x2ec) [0x55b9647357ac]
38  /opt/conda/envs/gdf/bin/python(_PyEval_EvalFrameDefault+0x45a6) [0x55b964731516]
39  /opt/conda/envs/gdf/bin/python(+0x13f802) [0x55b96473d802]
40  /opt/conda/envs/gdf/bin/python(+0x14cadc) [0x55b96474aadc]
41  /opt/conda/envs/gdf/bin/python(_PyEval_EvalFrameDefault+0x45a6) [0x55b964731516]
42  /opt/conda/envs/gdf/bin/python(+0x13f802) [0x55b96473d802]
43  /opt/conda/envs/gdf/bin/python(_PyEval_EvalFrameDefault+0x696) [0x55b96472d606]
44  /opt/conda/envs/gdf/bin/python(+0x12e184) [0x55b96472c184]
45  /opt/conda/envs/gdf/bin/python(_PyFunction_Vectorcall+0xd9) [0x55b96473d559]
46  /opt/conda/envs/gdf/bin/python(_PyEval_EvalFrameDefault+0x696) [0x55b96472d606]
47  /opt/conda/envs/gdf/bin/python(+0x13f802) [0x55b96473d802]
48  /opt/conda/envs/gdf/bin/python(_PyEval_EvalFrameDefault+0x3e2) [0x55b96472d352]
49  /opt/conda/envs/gdf/bin/python(+0x12e184) [0x55b96472c184]
50  /opt/conda/envs/gdf/bin/python(_PyFunction_Vectorcall+0xd9) [0x55b96473d559]
51  /opt/conda/envs/gdf/bin/python(_PyEval_EvalFrameDefault+0x11f2) [0x55b96472e162]
52  /opt/conda/envs/gdf/bin/python(+0x12e184) [0x55b96472c184]
53  /opt/conda/envs/gdf/bin/python(_PyEval_EvalCodeWithName+0x48) [0x55b96472be58]
54  /opt/conda/envs/gdf/bin/python(PyEval_EvalCodeEx+0x39) [0x55b96472be09]
55  /opt/conda/envs/gdf/bin/python(PyEval_EvalCode+0x1b) [0x55b9647d94ab]
56  /opt/conda/envs/gdf/bin/python(+0x20887a) [0x55b96480687a]
57  /opt/conda/envs/gdf/bin/python(+0x204c03) [0x55b964802c03]
58  /opt/conda/envs/gdf/bin/python(PyRun_StringFlags+0x9a) [0x55b9647faa1a]
59  /opt/conda/envs/gdf/bin/python(PyRun_SimpleStringFlags+0x3c) [0x55b9647fa90c]
60  /opt/conda/envs/gdf/bin/python(Py_RunMain+0x267) [0x55b9647f9b47]
61  /opt/conda/envs/gdf/bin/python(Py_BytesMain+0x37) [0x55b9647cd2e7]
=================================
[dgx13:80446:0:80446] Caught signal 11 (Segmentation fault: address not mapped to object at address 0x448)
==== backtrace (tid:  80446) ====
 0  /opt/conda/envs/gdf/lib/libucs.so.0(ucs_handle_error+0x2fd) [0x7f34305e607d]
 1  /opt/conda/envs/gdf/lib/libucs.so.0(+0x2a274) [0x7f34305e6274]
 2  /opt/conda/envs/gdf/lib/libucs.so.0(+0x2a43a) [0x7f34305e643a]
 3  /usr/lib/x86_64-linux-gnu/libpthread.so.0(+0x14420) [0x7f345bdd0420]
 4  /opt/conda/envs/gdf/lib/libucp.so.0(ucp_mem_type_unpack+0x14) [0x7f34306656b4]
 5  /opt/conda/envs/gdf/lib/libucp.so.0(ucp_rndv_data_handler+0x4e9) [0x7f343068e839]
 6  /opt/conda/envs/gdf/lib/libuct.so.0(+0x203df) [0x7f34305a03df]
 7  /opt/conda/envs/gdf/lib/libuct.so.0(+0x23838) [0x7f34305a3838]
 8  /opt/conda/envs/gdf/lib/libucs.so.0(ucs_event_set_wait+0xb9) [0x7f34305ef4a9]
 9  /opt/conda/envs/gdf/lib/libuct.so.0(uct_tcp_iface_progress+0x7d) [0x7f34305a25dd]
10  /opt/conda/envs/gdf/lib/libucp.so.0(ucp_worker_progress+0x5a) [0x7f34306628da]
11  /opt/conda/envs/gdf/lib/python3.9/site-packages/ucp/_libs/ucx_api.cpython-39-x86_64-linux-gnu.so(+0x3206a) [0x7f343071b06a]
12  /opt/conda/envs/gdf/bin/python(_PyEval_EvalFrameDefault+0x45a6) [0x562822c15516]
13  /opt/conda/envs/gdf/bin/python(+0x12e184) [0x562822c10184]
14  /opt/conda/envs/gdf/bin/python(_PyFunction_Vectorcall+0xd9) [0x562822c21559]
15  /opt/conda/envs/gdf/bin/python(_PyEval_EvalFrameDefault+0x696) [0x562822c11606]
16  /opt/conda/envs/gdf/bin/python(+0x13f802) [0x562822c21802]
17  /opt/conda/envs/gdf/bin/python(+0x14cbb3) [0x562822c2ebb3]
18  /opt/conda/envs/gdf/bin/python(+0x25842c) [0x562822d3a42c]
19  /opt/conda/envs/gdf/bin/python(+0xf266c) [0x562822bd466c]
20  /opt/conda/envs/gdf/bin/python(+0x136833) [0x562822c18833]
21  /opt/conda/envs/gdf/bin/python(_PyEval_EvalFrameDefault+0x58b4) [0x562822c16824]
22  /opt/conda/envs/gdf/bin/python(+0x13f802) [0x562822c21802]
23  /opt/conda/envs/gdf/bin/python(_PyEval_EvalFrameDefault+0x696) [0x562822c11606]
24  /opt/conda/envs/gdf/bin/python(+0x13f802) [0x562822c21802]
25  /opt/conda/envs/gdf/bin/python(_PyEval_EvalFrameDefault+0x696) [0x562822c11606]
26  /opt/conda/envs/gdf/bin/python(+0x13f802) [0x562822c21802]
27  /opt/conda/envs/gdf/bin/python(_PyEval_EvalFrameDefault+0x696) [0x562822c11606]
28  /opt/conda/envs/gdf/bin/python(+0x13f802) [0x562822c21802]
29  /opt/conda/envs/gdf/bin/python(_PyEval_EvalFrameDefault+0x696) [0x562822c11606]
30  /opt/conda/envs/gdf/bin/python(+0x12e184) [0x562822c10184]
31  /opt/conda/envs/gdf/bin/python(_PyFunction_Vectorcall+0xd9) [0x562822c21559]
32  /opt/conda/envs/gdf/bin/python(_PyEval_EvalFrameDefault+0x11f2) [0x562822c12162]
33  /opt/conda/envs/gdf/bin/python(+0x12e184) [0x562822c10184]
34  /opt/conda/envs/gdf/bin/python(+0x14c9fb) [0x562822c2e9fb]
35  /opt/conda/envs/gdf/bin/python(PyObject_Call+0xbc) [0x562822c2f17c]
36  /opt/conda/envs/gdf/bin/python(+0x2109ce) [0x562822cf29ce]
37  /opt/conda/envs/gdf/bin/python(_PyObject_MakeTpCall+0x2ec) [0x562822c197ac]
38  /opt/conda/envs/gdf/bin/python(_PyEval_EvalFrameDefault+0x45a6) [0x562822c15516]
39  /opt/conda/envs/gdf/bin/python(+0x13f802) [0x562822c21802]
40  /opt/conda/envs/gdf/bin/python(+0x14cadc) [0x562822c2eadc]
41  /opt/conda/envs/gdf/bin/python(_PyEval_EvalFrameDefault+0x45a6) [0x562822c15516]
42  /opt/conda/envs/gdf/bin/python(+0x13f802) [0x562822c21802]
43  /opt/conda/envs/gdf/bin/python(_PyEval_EvalFrameDefault+0x696) [0x562822c11606]
44  /opt/conda/envs/gdf/bin/python(+0x12e184) [0x562822c10184]
45  /opt/conda/envs/gdf/bin/python(_PyFunction_Vectorcall+0xd9) [0x562822c21559]
46  /opt/conda/envs/gdf/bin/python(_PyEval_EvalFrameDefault+0x696) [0x562822c11606]
47  /opt/conda/envs/gdf/bin/python(+0x13f802) [0x562822c21802]
48  /opt/conda/envs/gdf/bin/python(_PyEval_EvalFrameDefault+0x3e2) [0x562822c11352]
49  /opt/conda/envs/gdf/bin/python(+0x12e184) [0x562822c10184]
50  /opt/conda/envs/gdf/bin/python(_PyFunction_Vectorcall+0xd9) [0x562822c21559]
51  /opt/conda/envs/gdf/bin/python(_PyEval_EvalFrameDefault+0x11f2) [0x562822c12162]
52  /opt/conda/envs/gdf/bin/python(+0x12e184) [0x562822c10184]
53  /opt/conda/envs/gdf/bin/python(_PyEval_EvalCodeWithName+0x48) [0x562822c0fe58]
54  /opt/conda/envs/gdf/bin/python(PyEval_EvalCodeEx+0x39) [0x562822c0fe09]
55  /opt/conda/envs/gdf/bin/python(PyEval_EvalCode+0x1b) [0x562822cbd4ab]
56  /opt/conda/envs/gdf/bin/python(+0x20887a) [0x562822cea87a]
57  /opt/conda/envs/gdf/bin/python(+0x204c03) [0x562822ce6c03]
58  /opt/conda/envs/gdf/bin/python(PyRun_StringFlags+0x9a) [0x562822cdea1a]
59  /opt/conda/envs/gdf/bin/python(PyRun_SimpleStringFlags+0x3c) [0x562822cde90c]
60  /opt/conda/envs/gdf/bin/python(Py_RunMain+0x267) [0x562822cddb47]
61  /opt/conda/envs/gdf/bin/python(Py_BytesMain+0x37) [0x562822cb12e7]
=================================
2024-04-18 06:47:25,735 - distributed.worker - ERROR - Worker stream died during communication: ucx://127.0.0.1:39307
Traceback (most recent call last):
  File "/opt/conda/envs/gdf/lib/python3.9/site-packages/distributed/comm/ucx.py", line 350, in read
    await self.ep.recv(msg)
  File "/opt/conda/envs/gdf/lib/python3.9/site-packages/ucp/core.py", line 737, in recv
    ret = await comm.tag_recv(self._ep, buffer, nbytes, tag, name=log)
ucp._libs.exceptions.UCXCanceled: <[Recv #003] ep: 0x7f864543b1c0, tag: 0x5d7fefbff15fb17, nbytes: 16, type: <class 'numpy.ndarray'>>: 

During handling of the above exception, another exception occurred:

Traceback (most recent call last):
  File "/opt/conda/envs/gdf/lib/python3.9/site-packages/distributed/worker.py", line 2059, in gather_dep
    response = await get_data_from_worker(
  File "/opt/conda/envs/gdf/lib/python3.9/site-packages/distributed/worker.py", line 2863, in get_data_from_worker
    response = await send_recv(
  File "/opt/conda/envs/gdf/lib/python3.9/site-packages/distributed/core.py", line 1154, in send_recv
    response = await comm.read(deserializers=deserializers)
  File "/opt/conda/envs/gdf/lib/python3.9/site-packages/distributed/utils.py", line 832, in wrapper
    return await func(*args, **kwargs)
  File "/opt/conda/envs/gdf/lib/python3.9/site-packages/distributed/comm/ucx.py", line 368, in read
    raise CommClosedError(
distributed.comm.core.CommClosedError: Connection closed by writer.
Inner exception: UCXCanceled("<[Recv #003] ep: 0x7f864543b1c0, tag: 0x5d7fefbff15fb17, nbytes: 16, type: <class 'numpy.ndarray'>>: ")
2024-04-18 06:47:25,736 - distributed.worker - ERROR - failed during get data with ucx://127.0.0.1:41623 -> ucx://127.0.0.1:39307
Traceback (most recent call last):
  File "/opt/conda/envs/gdf/lib/python3.9/site-packages/distributed/comm/ucx.py", line 334, in write
    await self.ep.send(each_frame)
  File "/opt/conda/envs/gdf/lib/python3.9/site-packages/ucp/core.py", line 662, in send
    return await comm.tag_send(self._ep, buffer, nbytes, tag, name=log)
ucp._libs.exceptions.UCXError: <[Send #007] ep: 0x7fcf30de0140, tag: 0xa192e292bdf00359, nbytes: 100000000, type: <class 'cudf.core.buffer.buffer.Buffer'>>: Connection reset by remote peer

During handling of the above exception, another exception occurred:

Traceback (most recent call last):
  File "/opt/conda/envs/gdf/lib/python3.9/site-packages/distributed/worker.py", line 1782, in get_data
    compressed = await comm.write(msg, serializers=serializers)
  File "/opt/conda/envs/gdf/lib/python3.9/site-packages/distributed/utils.py", line 832, in wrapper
    return await func(*args, **kwargs)
  File "/opt/conda/envs/gdf/lib/python3.9/site-packages/distributed/comm/ucx.py", line 338, in write
    raise CommClosedError("While writing, the connection was closed")
distributed.comm.core.CommClosedError: While writing, the connection was closed
2024-04-18 06:47:25,737 - distributed.scheduler - WARNING - Removing worker 'ucx://127.0.0.1:52655' caused the cluster to lose already computed task(s), which will be recomputed elsewhere: {('split-taskshuffle-43ee612bf48a99a662acd5b84abf10c7', 1, 1), ('generate_chunk-_to_string_dtype-670bfcc720cd19d27a505e80b94bce50', 4), ('split-taskshuffle-43ee612bf48a99a662acd5b84abf10c7', 4, 1), ('split-taskshuffle-43ee612bf48a99a662acd5b84abf10c7', 0, 1), ('split-taskshuffle-43ee612bf48a99a662acd5b84abf10c7', 7, 1), ('split-taskshuffle-43ee612bf48a99a662acd5b84abf10c7', 2, 1), ('split-taskshuffle-43ee612bf48a99a662acd5b84abf10c7', 3, 1), ('split-taskshuffle-43ee612bf48a99a662acd5b84abf10c7', 5, 1), ('split-taskshuffle-43ee612bf48a99a662acd5b84abf10c7', 6, 1)} (stimulus_id='handle-worker-cleanup-1713422845.736921')
2024-04-18 06:47:25,737 - distributed.worker - ERROR - Worker stream died during communication: ucx://127.0.0.1:52655
Traceback (most recent call last):
  File "/opt/conda/envs/gdf/lib/python3.9/site-packages/distributed/comm/ucx.py", line 350, in read
    await self.ep.recv(msg)
  File "/opt/conda/envs/gdf/lib/python3.9/site-packages/ucp/core.py", line 737, in recv
    ret = await comm.tag_recv(self._ep, buffer, nbytes, tag, name=log)
ucp._libs.exceptions.UCXCanceled: <[Recv #000] ep: 0x7f864543b140, tag: 0x288bdb44bbd1e08f, nbytes: 16, type: <class 'numpy.ndarray'>>: 

During handling of the above exception, another exception occurred:

Traceback (most recent call last):
  File "/opt/conda/envs/gdf/lib/python3.9/site-packages/distributed/worker.py", line 2059, in gather_dep
    response = await get_data_from_worker(
  File "/opt/conda/envs/gdf/lib/python3.9/site-packages/distributed/worker.py", line 2860, in get_data_from_worker
    comm = await rpc.connect(worker)
  File "/opt/conda/envs/gdf/lib/python3.9/site-packages/distributed/core.py", line 1674, in connect
    return connect_attempt.result()
  File "/opt/conda/envs/gdf/lib/python3.9/site-packages/distributed/core.py", line 1564, in _connect
    comm = await connect(
  File "/opt/conda/envs/gdf/lib/python3.9/site-packages/distributed/comm/core.py", line 377, in connect
    handshake = await comm.read()
  File "/opt/conda/envs/gdf/lib/python3.9/site-packages/distributed/utils.py", line 832, in wrapper
    return await func(*args, **kwargs)
  File "/opt/conda/envs/gdf/lib/python3.9/site-packages/distributed/comm/ucx.py", line 368, in read
    raise CommClosedError(
distributed.comm.core.CommClosedError: Connection closed by writer.
Inner exception: UCXCanceled("<[Recv #000] ep: 0x7f864543b140, tag: 0x288bdb44bbd1e08f, nbytes: 16, type: <class 'numpy.ndarray'>>: ")
2024-04-18 06:47:25,736 - distributed.worker - ERROR - Worker stream died during communication: ucx://127.0.0.1:39307
Traceback (most recent call last):
  File "/opt/conda/envs/gdf/lib/python3.9/site-packages/distributed/comm/ucx.py", line 350, in read
    await self.ep.recv(msg)
  File "/opt/conda/envs/gdf/lib/python3.9/site-packages/ucp/core.py", line 737, in recv
    ret = await comm.tag_recv(self._ep, buffer, nbytes, tag, name=log)
ucp._libs.exceptions.UCXCanceled: <[Recv #000] ep: 0x7f58d16e2180, tag: 0x3ca6f1ead0c19999, nbytes: 16, type: <class 'numpy.ndarray'>>: 

During handling of the above exception, another exception occurred:

Traceback (most recent call last):
  File "/opt/conda/envs/gdf/lib/python3.9/site-packages/distributed/worker.py", line 2059, in gather_dep
    response = await get_data_from_worker(
  File "/opt/conda/envs/gdf/lib/python3.9/site-packages/distributed/worker.py", line 2860, in get_data_from_worker
    comm = await rpc.connect(worker)
  File "/opt/conda/envs/gdf/lib/python3.9/site-packages/distributed/core.py", line 1674, in connect
    return connect_attempt.result()
  File "/opt/conda/envs/gdf/lib/python3.9/site-packages/distributed/core.py", line 1564, in _connect
    comm = await connect(
  File "/opt/conda/envs/gdf/lib/python3.9/site-packages/distributed/comm/core.py", line 377, in connect
    handshake = await comm.read()
  File "/opt/conda/envs/gdf/lib/python3.9/site-packages/distributed/utils.py", line 832, in wrapper
    return await func(*args, **kwargs)
  File "/opt/conda/envs/gdf/lib/python3.9/site-packages/distributed/comm/ucx.py", line 368, in read
    raise CommClosedError(
distributed.comm.core.CommClosedError: Connection closed by writer.
Inner exception: UCXCanceled("<[Recv #000] ep: 0x7f58d16e2180, tag: 0x3ca6f1ead0c19999, nbytes: 16, type: <class 'numpy.ndarray'>>: ")
2024-04-18 06:47:25,737 - distributed.worker - ERROR - Worker stream died during communication: ucx://127.0.0.1:52655
Traceback (most recent call last):
  File "/opt/conda/envs/gdf/lib/python3.9/site-packages/distributed/comm/ucx.py", line 350, in read
    await self.ep.recv(msg)
  File "/opt/conda/envs/gdf/lib/python3.9/site-packages/ucp/core.py", line 737, in recv
    ret = await comm.tag_recv(self._ep, buffer, nbytes, tag, name=log)
ucp._libs.exceptions.UCXCanceled: <[Recv #000] ep: 0x7f58d16e2240, tag: 0x1699ba6e90ca266e, nbytes: 16, type: <class 'numpy.ndarray'>>: 

During handling of the above exception, another exception occurred:

Traceback (most recent call last):
  File "/opt/conda/envs/gdf/lib/python3.9/site-packages/distributed/worker.py", line 2059, in gather_dep
    response = await get_data_from_worker(
  File "/opt/conda/envs/gdf/lib/python3.9/site-packages/distributed/worker.py", line 2860, in get_data_from_worker
    comm = await rpc.connect(worker)
  File "/opt/conda/envs/gdf/lib/python3.9/site-packages/distributed/core.py", line 1674, in connect
    return connect_attempt.result()
  File "/opt/conda/envs/gdf/lib/python3.9/site-packages/distributed/core.py", line 1564, in _connect
    comm = await connect(
  File "/opt/conda/envs/gdf/lib/python3.9/site-packages/distributed/comm/core.py", line 377, in connect
    handshake = await comm.read()
  File "/opt/conda/envs/gdf/lib/python3.9/site-packages/distributed/utils.py", line 832, in wrapper
    return await func(*args, **kwargs)
  File "/opt/conda/envs/gdf/lib/python3.9/site-packages/distributed/comm/ucx.py", line 368, in read
    raise CommClosedError(
distributed.comm.core.CommClosedError: Connection closed by writer.
Inner exception: UCXCanceled("<[Recv #000] ep: 0x7f58d16e2240, tag: 0x1699ba6e90ca266e, nbytes: 16, type: <class 'numpy.ndarray'>>: ")
2024-04-18 06:47:25,738 - distributed.worker - ERROR - Worker stream died during communication: ucx://127.0.0.1:39307
Traceback (most recent call last):
  File "/opt/conda/envs/gdf/lib/python3.9/site-packages/distributed/comm/ucx.py", line 350, in read
    await self.ep.recv(msg)
  File "/opt/conda/envs/gdf/lib/python3.9/site-packages/ucp/core.py", line 737, in recv
    ret = await comm.tag_recv(self._ep, buffer, nbytes, tag, name=log)
ucp._libs.exceptions.UCXCanceled: <[Recv #003] ep: 0x7fcf30de0180, tag: 0xe512c580752114ee, nbytes: 16, type: <class 'numpy.ndarray'>>: 

During handling of the above exception, another exception occurred:

Traceback (most recent call last):
  File "/opt/conda/envs/gdf/lib/python3.9/site-packages/distributed/worker.py", line 2059, in gather_dep
    response = await get_data_from_worker(
  File "/opt/conda/envs/gdf/lib/python3.9/site-packages/distributed/worker.py", line 2863, in get_data_from_worker
    response = await send_recv(
  File "/opt/conda/envs/gdf/lib/python3.9/site-packages/distributed/core.py", line 1154, in send_recv
    response = await comm.read(deserializers=deserializers)
  File "/opt/conda/envs/gdf/lib/python3.9/site-packages/distributed/utils.py", line 832, in wrapper
    return await func(*args, **kwargs)
  File "/opt/conda/envs/gdf/lib/python3.9/site-packages/distributed/comm/ucx.py", line 368, in read
    raise CommClosedError(
distributed.comm.core.CommClosedError: Connection closed by writer.
Inner exception: UCXCanceled("<[Recv #003] ep: 0x7fcf30de0180, tag: 0xe512c580752114ee, nbytes: 16, type: <class 'numpy.ndarray'>>: ")
2024-04-18 06:47:25,738 - distributed.worker - ERROR - Worker stream died during communication: ucx://127.0.0.1:52655
Traceback (most recent call last):
  File "/opt/conda/envs/gdf/lib/python3.9/site-packages/distributed/comm/ucx.py", line 350, in read
    await self.ep.recv(msg)
  File "/opt/conda/envs/gdf/lib/python3.9/site-packages/ucp/core.py", line 737, in recv
    ret = await comm.tag_recv(self._ep, buffer, nbytes, tag, name=log)
ucp._libs.exceptions.UCXCanceled: <[Recv #000] ep: 0x7fcf30de01c0, tag: 0xdb01fd787c4f792a, nbytes: 16, type: <class 'numpy.ndarray'>>: 

During handling of the above exception, another exception occurred:

Traceback (most recent call last):
  File "/opt/conda/envs/gdf/lib/python3.9/site-packages/distributed/worker.py", line 2059, in gather_dep
    response = await get_data_from_worker(
  File "/opt/conda/envs/gdf/lib/python3.9/site-packages/distributed/worker.py", line 2860, in get_data_from_worker
    comm = await rpc.connect(worker)
  File "/opt/conda/envs/gdf/lib/python3.9/site-packages/distributed/core.py", line 1674, in connect
    return connect_attempt.result()
  File "/opt/conda/envs/gdf/lib/python3.9/site-packages/distributed/core.py", line 1564, in _connect
    comm = await connect(
  File "/opt/conda/envs/gdf/lib/python3.9/site-packages/distributed/comm/core.py", line 377, in connect
    handshake = await comm.read()
  File "/opt/conda/envs/gdf/lib/python3.9/site-packages/distributed/utils.py", line 832, in wrapper
    return await func(*args, **kwargs)
  File "/opt/conda/envs/gdf/lib/python3.9/site-packages/distributed/comm/ucx.py", line 368, in read
    raise CommClosedError(
distributed.comm.core.CommClosedError: Connection closed by writer.
Inner exception: UCXCanceled("<[Recv #000] ep: 0x7fcf30de01c0, tag: 0xdb01fd787c4f792a, nbytes: 16, type: <class 'numpy.ndarray'>>: ")
2024-04-18 06:47:25,739 - distributed.scheduler - WARNING - Removing worker 'ucx://127.0.0.1:39307' caused the cluster to lose already computed task(s), which will be recomputed elsewhere: {('split-taskshuffle-43ee612bf48a99a662acd5b84abf10c7', 0, 3), ('split-taskshuffle-43ee612bf48a99a662acd5b84abf10c7', 3, 3), ('split-taskshuffle-43ee612bf48a99a662acd5b84abf10c7', 5, 3), ('split-taskshuffle-43ee612bf48a99a662acd5b84abf10c7', 6, 3), ('split-taskshuffle-43ee612bf48a99a662acd5b84abf10c7', 1, 3), ('split-taskshuffle-43ee612bf48a99a662acd5b84abf10c7', 4, 3), ('split-taskshuffle-43ee612bf48a99a662acd5b84abf10c7', 7, 3), ('split-taskshuffle-43ee612bf48a99a662acd5b84abf10c7', 2, 3)} (stimulus_id='handle-worker-cleanup-1713422845.7394805')
Task exception was never retrieved
future: <Task finished name='Task-900' coro=<_listener_handler_coroutine() done, defined at /opt/conda/envs/gdf/lib/python3.9/site-packages/ucp/core.py:140> exception=UCXError('<stream_recv>: Connection reset by remote peer')>
Traceback (most recent call last):
  File "/opt/conda/envs/gdf/lib/python3.9/site-packages/ucp/core.py", line 155, in _listener_handler_coroutine
    peer_info = await exchange_peer_info(
  File "/opt/conda/envs/gdf/lib/python3.9/site-packages/ucp/core.py", line 55, in exchange_peer_info
    await asyncio.wait_for(
  File "/opt/conda/envs/gdf/lib/python3.9/asyncio/tasks.py", line 479, in wait_for
    return fut.result()
ucp._libs.exceptions.UCXError: <stream_recv>: Connection reset by remote peer
2024-04-18 06:47:25,741 - distributed.worker - ERROR - Worker stream died during communication: ucx://127.0.0.1:39307
Traceback (most recent call last):
  File "/opt/conda/envs/gdf/lib/python3.9/site-packages/distributed/comm/ucx.py", line 350, in read
    await self.ep.recv(msg)
  File "/opt/conda/envs/gdf/lib/python3.9/site-packages/ucp/core.py", line 737, in recv
    ret = await comm.tag_recv(self._ep, buffer, nbytes, tag, name=log)
ucp._libs.exceptions.UCXCanceled: <[Recv #000] ep: 0x7f3ba0b8e140, tag: 0xec18fa468b4a4003, nbytes: 16, type: <class 'numpy.ndarray'>>: 

During handling of the above exception, another exception occurred:

Traceback (most recent call last):
  File "/opt/conda/envs/gdf/lib/python3.9/site-packages/distributed/worker.py", line 2059, in gather_dep
    response = await get_data_from_worker(
  File "/opt/conda/envs/gdf/lib/python3.9/site-packages/distributed/worker.py", line 2860, in get_data_from_worker
    comm = await rpc.connect(worker)
  File "/opt/conda/envs/gdf/lib/python3.9/site-packages/distributed/core.py", line 1674, in connect
    return connect_attempt.result()
  File "/opt/conda/envs/gdf/lib/python3.9/site-packages/distributed/core.py", line 1564, in _connect
    comm = await connect(
  File "/opt/conda/envs/gdf/lib/python3.9/site-packages/distributed/comm/core.py", line 377, in connect
    handshake = await comm.read()
  File "/opt/conda/envs/gdf/lib/python3.9/site-packages/distributed/utils.py", line 832, in wrapper
    return await func(*args, **kwargs)
  File "/opt/conda/envs/gdf/lib/python3.9/site-packages/distributed/comm/ucx.py", line 368, in read
    raise CommClosedError(
distributed.comm.core.CommClosedError: Connection closed by writer.
Inner exception: UCXCanceled("<[Recv #000] ep: 0x7f3ba0b8e140, tag: 0xec18fa468b4a4003, nbytes: 16, type: <class 'numpy.ndarray'>>: ")
2024-04-18 06:47:25,747 - distributed.worker - ERROR - Worker stream died during communication: ucx://127.0.0.1:52655
Traceback (most recent call last):
  File "/opt/conda/envs/gdf/lib/python3.9/site-packages/distributed/comm/ucx.py", line 467, in connect
    ep = await ucp.create_endpoint(ip, port)
  File "/opt/conda/envs/gdf/lib/python3.9/site-packages/ucp/core.py", line 1016, in create_endpoint
    return await _get_ctx().create_endpoint(
  File "/opt/conda/envs/gdf/lib/python3.9/site-packages/ucp/core.py", line 328, in create_endpoint
    peer_info = await exchange_peer_info(
  File "/opt/conda/envs/gdf/lib/python3.9/site-packages/ucp/core.py", line 60, in exchange_peer_info
    await asyncio.wait_for(
  File "/opt/conda/envs/gdf/lib/python3.9/asyncio/tasks.py", line 479, in wait_for
    return fut.result()
ucp._libs.exceptions.UCXError: <stream_recv>: Connection reset by remote peer

During handling of the above exception, another exception occurred:

Traceback (most recent call last):
  File "/opt/conda/envs/gdf/lib/python3.9/site-packages/distributed/comm/core.py", line 342, in connect
    comm = await wait_for(
  File "/opt/conda/envs/gdf/lib/python3.9/site-packages/distributed/utils.py", line 1961, in wait_for
    return await asyncio.wait_for(fut, timeout)
  File "/opt/conda/envs/gdf/lib/python3.9/asyncio/tasks.py", line 479, in wait_for
    return fut.result()
  File "/opt/conda/envs/gdf/lib/python3.9/site-packages/distributed/comm/ucx.py", line 469, in connect
    raise CommClosedError("Connection closed before handshake completed")
distributed.comm.core.CommClosedError: Connection closed before handshake completed

During handling of the above exception, another exception occurred:

Traceback (most recent call last):
  File "/opt/conda/envs/gdf/lib/python3.9/site-packages/distributed/core.py", line 1564, in _connect
    comm = await connect(
  File "/opt/conda/envs/gdf/lib/python3.9/site-packages/distributed/comm/core.py", line 366, in connect
    await asyncio.sleep(backoff)
  File "/opt/conda/envs/gdf/lib/python3.9/asyncio/tasks.py", line 652, in sleep
    return await future
asyncio.exceptions.CancelledError

During handling of the above exception, another exception occurred:

Traceback (most recent call last):
  File "/opt/conda/envs/gdf/lib/python3.9/site-packages/distributed/core.py", line 1674, in connect
    return connect_attempt.result()
asyncio.exceptions.CancelledError

During handling of the above exception, another exception occurred:

Traceback (most recent call last):
  File "/opt/conda/envs/gdf/lib/python3.9/site-packages/distributed/worker.py", line 2059, in gather_dep
    response = await get_data_from_worker(
  File "/opt/conda/envs/gdf/lib/python3.9/site-packages/distributed/worker.py", line 2860, in get_data_from_worker
    comm = await rpc.connect(worker)
  File "/opt/conda/envs/gdf/lib/python3.9/site-packages/distributed/core.py", line 1676, in connect
    raise CommClosedError(reason)
distributed.comm.core.CommClosedError: Address removed.
Task exception was never retrieved
future: <Task finished name='Task-898' coro=<_listener_handler_coroutine() done, defined at /opt/conda/envs/gdf/lib/python3.9/site-packages/ucp/core.py:140> exception=UCXError('<stream_recv>: Connection reset by remote peer')>
Traceback (most recent call last):
  File "/opt/conda/envs/gdf/lib/python3.9/site-packages/ucp/core.py", line 155, in _listener_handler_coroutine
    peer_info = await exchange_peer_info(
  File "/opt/conda/envs/gdf/lib/python3.9/site-packages/ucp/core.py", line 55, in exchange_peer_info
    await asyncio.wait_for(
  File "/opt/conda/envs/gdf/lib/python3.9/asyncio/tasks.py", line 479, in wait_for
    return fut.result()
ucp._libs.exceptions.UCXError: <stream_recv>: Connection reset by remote peer
2024-04-18 06:47:26,078 - distributed.worker - ERROR - Worker stream died during communication: ucx://127.0.0.1:34995
Traceback (most recent call last):
  File "/opt/conda/envs/gdf/lib/python3.9/site-packages/distributed/comm/ucx.py", line 392, in read
    await self.ep.recv(each_frame)
  File "/opt/conda/envs/gdf/lib/python3.9/site-packages/ucp/core.py", line 737, in recv
    ret = await comm.tag_recv(self._ep, buffer, nbytes, tag, name=log)
ucp._libs.exceptions.UCXError: <[Recv #007] ep: 0x7fcf30de0240, tag: 0x6d9e0a072656c487, nbytes: 100000000, type: <class 'rmm._lib.device_buffer.DeviceBuffer'>>: Connection reset by remote peer

During handling of the above exception, another exception occurred:

Traceback (most recent call last):
  File "/opt/conda/envs/gdf/lib/python3.9/site-packages/distributed/worker.py", line 2059, in gather_dep
    response = await get_data_from_worker(
  File "/opt/conda/envs/gdf/lib/python3.9/site-packages/distributed/worker.py", line 2863, in get_data_from_worker
    response = await send_recv(
  File "/opt/conda/envs/gdf/lib/python3.9/site-packages/distributed/core.py", line 1154, in send_recv
    response = await comm.read(deserializers=deserializers)
  File "/opt/conda/envs/gdf/lib/python3.9/site-packages/distributed/utils.py", line 832, in wrapper
    return await func(*args, **kwargs)
  File "/opt/conda/envs/gdf/lib/python3.9/site-packages/distributed/comm/ucx.py", line 398, in read
    raise CommClosedError(
distributed.comm.core.CommClosedError: Connection closed by writer.
Inner exception: UCXError("<[Recv #007] ep: 0x7fcf30de0240, tag: 0x6d9e0a072656c487, nbytes: 100000000, type: <class 'rmm._lib.device_buffer.DeviceBuffer'>>: Connection reset by remote peer")
2024-04-18 06:47:26,079 - distributed.worker - ERROR - Worker stream died during communication: ucx://127.0.0.1:34995
Traceback (most recent call last):
  File "/opt/conda/envs/gdf/lib/python3.9/site-packages/distributed/comm/ucx.py", line 350, in read
    await self.ep.recv(msg)
  File "/opt/conda/envs/gdf/lib/python3.9/site-packages/ucp/core.py", line 737, in recv
    ret = await comm.tag_recv(self._ep, buffer, nbytes, tag, name=log)
ucp._libs.exceptions.UCXCanceled: <[Recv #000] ep: 0x7f864543b280, tag: 0x8f7d1d3943848f6f, nbytes: 16, type: <class 'numpy.ndarray'>>: 

During handling of the above exception, another exception occurred:

Traceback (most recent call last):
  File "/opt/conda/envs/gdf/lib/python3.9/site-packages/distributed/worker.py", line 2059, in gather_dep
    response = await get_data_from_worker(
  File "/opt/conda/envs/gdf/lib/python3.9/site-packages/distributed/worker.py", line 2860, in get_data_from_worker
    comm = await rpc.connect(worker)
  File "/opt/conda/envs/gdf/lib/python3.9/site-packages/distributed/core.py", line 1674, in connect
    return connect_attempt.result()
  File "/opt/conda/envs/gdf/lib/python3.9/site-packages/distributed/core.py", line 1564, in _connect
    comm = await connect(
  File "/opt/conda/envs/gdf/lib/python3.9/site-packages/distributed/comm/core.py", line 377, in connect
    handshake = await comm.read()
  File "/opt/conda/envs/gdf/lib/python3.9/site-packages/distributed/utils.py", line 832, in wrapper
    return await func(*args, **kwargs)
  File "/opt/conda/envs/gdf/lib/python3.9/site-packages/distributed/comm/ucx.py", line 368, in read
    raise CommClosedError(
distributed.comm.core.CommClosedError: Connection closed by writer.
Inner exception: UCXCanceled("<[Recv #000] ep: 0x7f864543b280, tag: 0x8f7d1d3943848f6f, nbytes: 16, type: <class 'numpy.ndarray'>>: ")
2024-04-18 06:47:26,079 - distributed.worker - ERROR - failed during get data with ucx://127.0.0.1:41623 -> ucx://127.0.0.1:34995
Traceback (most recent call last):
  File "/opt/conda/envs/gdf/lib/python3.9/site-packages/distributed/comm/ucx.py", line 334, in write
    await self.ep.send(each_frame)
  File "/opt/conda/envs/gdf/lib/python3.9/site-packages/ucp/core.py", line 662, in send
    return await comm.tag_send(self._ep, buffer, nbytes, tag, name=log)
ucp._libs.exceptions.UCXError: <[Send #007] ep: 0x7fcf30de0100, tag: 0xd8fb8cde08684a50, nbytes: 100000000, type: <class 'cudf.core.buffer.buffer.Buffer'>>: Connection reset by remote peer

During handling of the above exception, another exception occurred:

Traceback (most recent call last):
  File "/opt/conda/envs/gdf/lib/python3.9/site-packages/distributed/worker.py", line 1782, in get_data
    compressed = await comm.write(msg, serializers=serializers)
  File "/opt/conda/envs/gdf/lib/python3.9/site-packages/distributed/utils.py", line 832, in wrapper
    return await func(*args, **kwargs)
  File "/opt/conda/envs/gdf/lib/python3.9/site-packages/distributed/comm/ucx.py", line 338, in write
    raise CommClosedError("While writing, the connection was closed")
distributed.comm.core.CommClosedError: While writing, the connection was closed
2024-04-18 06:47:26,079 - distributed.worker - ERROR - Worker stream died during communication: ucx://127.0.0.1:34995
Traceback (most recent call last):
  File "/opt/conda/envs/gdf/lib/python3.9/site-packages/distributed/comm/ucx.py", line 350, in read
    await self.ep.recv(msg)
  File "/opt/conda/envs/gdf/lib/python3.9/site-packages/ucp/core.py", line 737, in recv
    ret = await comm.tag_recv(self._ep, buffer, nbytes, tag, name=log)
ucp._libs.exceptions.UCXCanceled: <[Recv #000] ep: 0x7f58d16e2140, tag: 0xa5a06b2c6486f813, nbytes: 16, type: <class 'numpy.ndarray'>>: 

During handling of the above exception, another exception occurred:

Traceback (most recent call last):
  File "/opt/conda/envs/gdf/lib/python3.9/site-packages/distributed/worker.py", line 2059, in gather_dep
    response = await get_data_from_worker(
  File "/opt/conda/envs/gdf/lib/python3.9/site-packages/distributed/worker.py", line 2860, in get_data_from_worker
    comm = await rpc.connect(worker)
  File "/opt/conda/envs/gdf/lib/python3.9/site-packages/distributed/core.py", line 1674, in connect
    return connect_attempt.result()
  File "/opt/conda/envs/gdf/lib/python3.9/site-packages/distributed/core.py", line 1564, in _connect
    comm = await connect(
  File "/opt/conda/envs/gdf/lib/python3.9/site-packages/distributed/comm/core.py", line 377, in connect
    handshake = await comm.read()
  File "/opt/conda/envs/gdf/lib/python3.9/site-packages/distributed/utils.py", line 832, in wrapper
    return await func(*args, **kwargs)
  File "/opt/conda/envs/gdf/lib/python3.9/site-packages/distributed/comm/ucx.py", line 368, in read
    raise CommClosedError(
distributed.comm.core.CommClosedError: Connection closed by writer.
Inner exception: UCXCanceled("<[Recv #000] ep: 0x7f58d16e2140, tag: 0xa5a06b2c6486f813, nbytes: 16, type: <class 'numpy.ndarray'>>: ")
2024-04-18 06:47:26,079 - distributed.worker - ERROR - Worker stream died during communication: ucx://127.0.0.1:34995
Traceback (most recent call last):
  File "/opt/conda/envs/gdf/lib/python3.9/site-packages/distributed/comm/ucx.py", line 350, in read
    await self.ep.recv(msg)
  File "/opt/conda/envs/gdf/lib/python3.9/site-packages/ucp/core.py", line 737, in recv
    ret = await comm.tag_recv(self._ep, buffer, nbytes, tag, name=log)
ucp._libs.exceptions.UCXCanceled: <[Recv #000] ep: 0x7f3ba0b8e200, tag: 0x9aa1df43def4c90, nbytes: 16, type: <class 'numpy.ndarray'>>: 

During handling of the above exception, another exception occurred:

Traceback (most recent call last):
  File "/opt/conda/envs/gdf/lib/python3.9/site-packages/distributed/worker.py", line 2059, in gather_dep
    response = await get_data_from_worker(
  File "/opt/conda/envs/gdf/lib/python3.9/site-packages/distributed/worker.py", line 2860, in get_data_from_worker
    comm = await rpc.connect(worker)
  File "/opt/conda/envs/gdf/lib/python3.9/site-packages/distributed/core.py", line 1674, in connect
    return connect_attempt.result()
  File "/opt/conda/envs/gdf/lib/python3.9/site-packages/distributed/core.py", line 1564, in _connect
    comm = await connect(
  File "/opt/conda/envs/gdf/lib/python3.9/site-packages/distributed/comm/core.py", line 377, in connect
    handshake = await comm.read()
  File "/opt/conda/envs/gdf/lib/python3.9/site-packages/distributed/utils.py", line 832, in wrapper
    return await func(*args, **kwargs)
  File "/opt/conda/envs/gdf/lib/python3.9/site-packages/distributed/comm/ucx.py", line 368, in read
    raise CommClosedError(
distributed.comm.core.CommClosedError: Connection closed by writer.
Inner exception: UCXCanceled("<[Recv #000] ep: 0x7f3ba0b8e200, tag: 0x9aa1df43def4c90, nbytes: 16, type: <class 'numpy.ndarray'>>: ")
2024-04-18 06:47:26,080 - distributed.scheduler - WARNING - Removing worker 'ucx://127.0.0.1:34995' caused the cluster to lose already computed task(s), which will be recomputed elsewhere: {('split-taskshuffle-43ee612bf48a99a662acd5b84abf10c7', 5, 7), ('split-taskshuffle-43ee612bf48a99a662acd5b84abf10c7', 6, 7), ('split-taskshuffle-43ee612bf48a99a662acd5b84abf10c7', 1, 7), ('split-taskshuffle-43ee612bf48a99a662acd5b84abf10c7', 4, 7), ('split-taskshuffle-43ee612bf48a99a662acd5b84abf10c7', 0, 7), ('split-taskshuffle-43ee612bf48a99a662acd5b84abf10c7', 7, 7), ('split-taskshuffle-43ee612bf48a99a662acd5b84abf10c7', 2, 7), ('split-taskshuffle-43ee612bf48a99a662acd5b84abf10c7', 3, 7)} (stimulus_id='handle-worker-cleanup-1713422846.0798035')
2024-04-18 06:47:26,103 - distributed.worker - ERROR - failed during get data with ucx://127.0.0.1:58083 -> ucx://127.0.0.1:39299
Traceback (most recent call last):
  File "/opt/conda/envs/gdf/lib/python3.9/site-packages/distributed/comm/ucx.py", line 334, in write
    await self.ep.send(each_frame)
  File "/opt/conda/envs/gdf/lib/python3.9/site-packages/ucp/core.py", line 662, in send
    return await comm.tag_send(self._ep, buffer, nbytes, tag, name=log)
ucp._libs.exceptions.UCXError: <[Send #007] ep: 0x7f58d16e2440, tag: 0x792ee9edd02842f7, nbytes: 100000000, type: <class 'cudf.core.buffer.buffer.Buffer'>>: Connection reset by remote peer

During handling of the above exception, another exception occurred:

Traceback (most recent call last):
  File "/opt/conda/envs/gdf/lib/python3.9/site-packages/distributed/worker.py", line 1782, in get_data
    compressed = await comm.write(msg, serializers=serializers)
  File "/opt/conda/envs/gdf/lib/python3.9/site-packages/distributed/utils.py", line 832, in wrapper
    return await func(*args, **kwargs)
  File "/opt/conda/envs/gdf/lib/python3.9/site-packages/distributed/comm/ucx.py", line 338, in write
    raise CommClosedError("While writing, the connection was closed")
distributed.comm.core.CommClosedError: While writing, the connection was closed
2024-04-18 06:47:26,103 - distributed.scheduler - WARNING - Removing worker 'ucx://127.0.0.1:39299' caused the cluster to lose already computed task(s), which will be recomputed elsewhere: {('split-taskshuffle-43ee612bf48a99a662acd5b84abf10c7', 5, 4), ('generate_chunk-_to_string_dtype-670bfcc720cd19d27a505e80b94bce50', 7), ('split-taskshuffle-43ee612bf48a99a662acd5b84abf10c7', 4, 5), ('split-taskshuffle-43ee612bf48a99a662acd5b84abf10c7', 5, 0), ('split-taskshuffle-43ee612bf48a99a662acd5b84abf10c7', 5, 6), ('split-taskshuffle-43ee612bf48a99a662acd5b84abf10c7', 0, 5), ('generate_chunk-_to_string_dtype-670bfcc720cd19d27a505e80b94bce50', 6), ('split-taskshuffle-43ee612bf48a99a662acd5b84abf10c7', 7, 5), ('split-taskshuffle-43ee612bf48a99a662acd5b84abf10c7', 5, 5), ('split-taskshuffle-43ee612bf48a99a662acd5b84abf10c7', 3, 5), ('generate_chunk-_to_string_dtype-670bfcc720cd19d27a505e80b94bce50', 1)} (stimulus_id='handle-worker-cleanup-1713422846.1034842')
2024-04-18 06:47:26,103 - distributed.worker - ERROR - Worker stream died during communication: ucx://127.0.0.1:39299
Traceback (most recent call last):
  File "/opt/conda/envs/gdf/lib/python3.9/site-packages/distributed/comm/ucx.py", line 392, in read
    await self.ep.recv(each_frame)
  File "/opt/conda/envs/gdf/lib/python3.9/site-packages/ucp/core.py", line 737, in recv
    ret = await comm.tag_recv(self._ep, buffer, nbytes, tag, name=log)
ucp._libs.exceptions.UCXError: <[Recv #007] ep: 0x7f58d16e2280, tag: 0x73595d03570efa4, nbytes: 100000000, type: <class 'rmm._lib.device_buffer.DeviceBuffer'>>: Connection reset by remote peer

During handling of the above exception, another exception occurred:

Traceback (most recent call last):
  File "/opt/conda/envs/gdf/lib/python3.9/site-packages/distributed/worker.py", line 2059, in gather_dep
    response = await get_data_from_worker(
  File "/opt/conda/envs/gdf/lib/python3.9/site-packages/distributed/worker.py", line 2863, in get_data_from_worker
    response = await send_recv(
  File "/opt/conda/envs/gdf/lib/python3.9/site-packages/distributed/core.py", line 1154, in send_recv
    response = await comm.read(deserializers=deserializers)
  File "/opt/conda/envs/gdf/lib/python3.9/site-packages/distributed/utils.py", line 832, in wrapper
    return await func(*args, **kwargs)
  File "/opt/conda/envs/gdf/lib/python3.9/site-packages/distributed/comm/ucx.py", line 398, in read
    raise CommClosedError(
distributed.comm.core.CommClosedError: Connection closed by writer.
Inner exception: UCXError("<[Recv #007] ep: 0x7f58d16e2280, tag: 0x73595d03570efa4, nbytes: 100000000, type: <class 'rmm._lib.device_buffer.DeviceBuffer'>>: Connection reset by remote peer")
2024-04-18 06:47:38,843 - distributed.nanny - WARNING - Restarting worker
2024-04-18 06:47:39,023 - distributed.nanny - WARNING - Restarting worker
2024-04-18 06:47:39,793 - distributed.nanny - WARNING - Restarting worker
2024-04-18 06:47:39,882 - distributed.nanny - WARNING - Restarting worker
/opt/conda/envs/gdf/lib/python3.9/multiprocessing/resource_tracker.py:216: UserWarning: resource_tracker: There appear to be 24 leaked semaphore objects to clean up at shutdown
  warnings.warn('resource_tracker: There appear to be %d '
