[dgx13:84924:0:84924] Caught signal 11 (Segmentation fault: address not mapped to object at address 0x448)
==== backtrace (tid:  84924) ====
 0  /opt/conda/envs/gdf/lib/libucs.so.0(ucs_handle_error+0x2fd) [0x7f576defd07d]
 1  /opt/conda/envs/gdf/lib/libucs.so.0(+0x2a274) [0x7f576defd274]
 2  /opt/conda/envs/gdf/lib/libucs.so.0(+0x2a43a) [0x7f576defd43a]
 3  /usr/lib/x86_64-linux-gnu/libpthread.so.0(+0x14420) [0x7f57ab7c0420]
 4  /opt/conda/envs/gdf/lib/libucp.so.0(ucp_mem_type_unpack+0x14) [0x7f576df7c6b4]
 5  /opt/conda/envs/gdf/lib/libucp.so.0(ucp_rndv_data_handler+0x4e9) [0x7f576dfa5839]
 6  /opt/conda/envs/gdf/lib/libuct.so.0(+0x203df) [0x7f57800363df]
 7  /opt/conda/envs/gdf/lib/libuct.so.0(+0x23838) [0x7f5780039838]
 8  /opt/conda/envs/gdf/lib/libucs.so.0(ucs_event_set_wait+0xb9) [0x7f576df064a9]
 9  /opt/conda/envs/gdf/lib/libuct.so.0(uct_tcp_iface_progress+0x7d) [0x7f57800385dd]
10  /opt/conda/envs/gdf/lib/libucp.so.0(ucp_worker_progress+0x5a) [0x7f576df798da]
11  /opt/conda/envs/gdf/lib/python3.9/site-packages/ucp/_libs/ucx_api.cpython-39-x86_64-linux-gnu.so(+0x3206a) [0x7f578008406a]
12  /opt/conda/envs/gdf/bin/python(_PyEval_EvalFrameDefault+0x45a6) [0x560a464c9516]
13  /opt/conda/envs/gdf/bin/python(+0x12e184) [0x560a464c4184]
14  /opt/conda/envs/gdf/bin/python(_PyFunction_Vectorcall+0xd9) [0x560a464d5559]
15  /opt/conda/envs/gdf/bin/python(_PyEval_EvalFrameDefault+0x696) [0x560a464c5606]
16  /opt/conda/envs/gdf/bin/python(+0x1e28a2) [0x560a465788a2]
17  /opt/conda/envs/gdf/lib/python3.9/lib-dynload/_asyncio.cpython-39-x86_64-linux-gnu.so(+0x81e9) [0x7f57958ab1e9]
18  /opt/conda/envs/gdf/bin/python(_PyObject_MakeTpCall+0x2ec) [0x560a464cd7ac]
19  /opt/conda/envs/gdf/bin/python(+0xf266c) [0x560a4648866c]
20  /opt/conda/envs/gdf/bin/python(+0x136833) [0x560a464cc833]
21  /opt/conda/envs/gdf/bin/python(_PyEval_EvalFrameDefault+0x58b4) [0x560a464ca824]
22  /opt/conda/envs/gdf/bin/python(+0x13f802) [0x560a464d5802]
23  /opt/conda/envs/gdf/bin/python(_PyEval_EvalFrameDefault+0x696) [0x560a464c5606]
24  /opt/conda/envs/gdf/bin/python(+0x13f802) [0x560a464d5802]
25  /opt/conda/envs/gdf/bin/python(_PyEval_EvalFrameDefault+0x696) [0x560a464c5606]
26  /opt/conda/envs/gdf/bin/python(+0x13f802) [0x560a464d5802]
27  /opt/conda/envs/gdf/bin/python(_PyEval_EvalFrameDefault+0x696) [0x560a464c5606]
28  /opt/conda/envs/gdf/bin/python(+0x13f802) [0x560a464d5802]
29  /opt/conda/envs/gdf/bin/python(_PyEval_EvalFrameDefault+0x696) [0x560a464c5606]
30  /opt/conda/envs/gdf/bin/python(+0x12e184) [0x560a464c4184]
31  /opt/conda/envs/gdf/bin/python(_PyFunction_Vectorcall+0xd9) [0x560a464d5559]
32  /opt/conda/envs/gdf/bin/python(_PyEval_EvalFrameDefault+0x11f2) [0x560a464c6162]
33  /opt/conda/envs/gdf/bin/python(+0x12e184) [0x560a464c4184]
34  /opt/conda/envs/gdf/bin/python(+0x14c9fb) [0x560a464e29fb]
35  /opt/conda/envs/gdf/bin/python(PyObject_Call+0xbc) [0x560a464e317c]
36  /opt/conda/envs/gdf/bin/python(+0x2109ce) [0x560a465a69ce]
37  /opt/conda/envs/gdf/bin/python(_PyObject_MakeTpCall+0x2ec) [0x560a464cd7ac]
38  /opt/conda/envs/gdf/bin/python(_PyEval_EvalFrameDefault+0x45a6) [0x560a464c9516]
39  /opt/conda/envs/gdf/bin/python(+0x13f802) [0x560a464d5802]
40  /opt/conda/envs/gdf/bin/python(+0x14cadc) [0x560a464e2adc]
41  /opt/conda/envs/gdf/bin/python(_PyEval_EvalFrameDefault+0x45a6) [0x560a464c9516]
42  /opt/conda/envs/gdf/bin/python(+0x13f802) [0x560a464d5802]
43  /opt/conda/envs/gdf/bin/python(_PyEval_EvalFrameDefault+0x696) [0x560a464c5606]
44  /opt/conda/envs/gdf/bin/python(+0x12e184) [0x560a464c4184]
45  /opt/conda/envs/gdf/bin/python(_PyFunction_Vectorcall+0xd9) [0x560a464d5559]
46  /opt/conda/envs/gdf/bin/python(_PyEval_EvalFrameDefault+0x696) [0x560a464c5606]
47  /opt/conda/envs/gdf/bin/python(+0x13f802) [0x560a464d5802]
48  /opt/conda/envs/gdf/bin/python(_PyEval_EvalFrameDefault+0x3e2) [0x560a464c5352]
49  /opt/conda/envs/gdf/bin/python(+0x12e184) [0x560a464c4184]
50  /opt/conda/envs/gdf/bin/python(_PyFunction_Vectorcall+0xd9) [0x560a464d5559]
51  /opt/conda/envs/gdf/bin/python(_PyEval_EvalFrameDefault+0x11f2) [0x560a464c6162]
52  /opt/conda/envs/gdf/bin/python(+0x12e184) [0x560a464c4184]
53  /opt/conda/envs/gdf/bin/python(_PyEval_EvalCodeWithName+0x48) [0x560a464c3e58]
54  /opt/conda/envs/gdf/bin/python(PyEval_EvalCodeEx+0x39) [0x560a464c3e09]
55  /opt/conda/envs/gdf/bin/python(PyEval_EvalCode+0x1b) [0x560a465714ab]
56  /opt/conda/envs/gdf/bin/python(+0x20887a) [0x560a4659e87a]
57  /opt/conda/envs/gdf/bin/python(+0x204c03) [0x560a4659ac03]
58  /opt/conda/envs/gdf/bin/python(PyRun_StringFlags+0x9a) [0x560a46592a1a]
59  /opt/conda/envs/gdf/bin/python(PyRun_SimpleStringFlags+0x3c) [0x560a4659290c]
60  /opt/conda/envs/gdf/bin/python(Py_RunMain+0x267) [0x560a46591b47]
61  /opt/conda/envs/gdf/bin/python(Py_BytesMain+0x37) [0x560a465652e7]
=================================
[dgx13:84939:0:84939] Caught signal 11 (Segmentation fault: address not mapped to object at address 0x448)
==== backtrace (tid:  84939) ====
 0  /opt/conda/envs/gdf/lib/libucs.so.0(ucs_handle_error+0x2fd) [0x7f38f1c5007d]
 1  /opt/conda/envs/gdf/lib/libucs.so.0(+0x2a274) [0x7f38f1c50274]
 2  /opt/conda/envs/gdf/lib/libucs.so.0(+0x2a43a) [0x7f38f1c5043a]
 3  /usr/lib/x86_64-linux-gnu/libpthread.so.0(+0x14420) [0x7f392f5f7420]
 4  /opt/conda/envs/gdf/lib/libucp.so.0(ucp_mem_type_unpack+0x14) [0x7f38f1ccf6b4]
 5  /opt/conda/envs/gdf/lib/libucp.so.0(ucp_rndv_data_handler+0x4e9) [0x7f38f1cf8839]
 6  /opt/conda/envs/gdf/lib/libuct.so.0(+0x203df) [0x7f38f1c0a3df]
 7  /opt/conda/envs/gdf/lib/libuct.so.0(+0x23838) [0x7f38f1c0d838]
 8  /opt/conda/envs/gdf/lib/libucs.so.0(ucs_event_set_wait+0xb9) [0x7f38f1c594a9]
 9  /opt/conda/envs/gdf/lib/libuct.so.0(uct_tcp_iface_progress+0x7d) [0x7f38f1c0c5dd]
10  /opt/conda/envs/gdf/lib/libucp.so.0(ucp_worker_progress+0x5a) [0x7f38f1ccc8da]
11  /opt/conda/envs/gdf/lib/python3.9/site-packages/ucp/_libs/ucx_api.cpython-39-x86_64-linux-gnu.so(+0x3206a) [0x7f38f1d8506a]
12  /opt/conda/envs/gdf/bin/python(_PyEval_EvalFrameDefault+0x45a6) [0x55be4784e516]
13  /opt/conda/envs/gdf/bin/python(+0x12e184) [0x55be47849184]
14  /opt/conda/envs/gdf/bin/python(_PyFunction_Vectorcall+0xd9) [0x55be4785a559]
15  /opt/conda/envs/gdf/bin/python(_PyEval_EvalFrameDefault+0x696) [0x55be4784a606]
16  /opt/conda/envs/gdf/bin/python(+0x1e28a2) [0x55be478fd8a2]
17  /opt/conda/envs/gdf/lib/python3.9/lib-dynload/_asyncio.cpython-39-x86_64-linux-gnu.so(+0x81e9) [0x7f39196e91e9]
18  /opt/conda/envs/gdf/bin/python(_PyObject_MakeTpCall+0x2ec) [0x55be478527ac]
19  /opt/conda/envs/gdf/bin/python(+0xf266c) [0x55be4780d66c]
20  /opt/conda/envs/gdf/bin/python(+0x136833) [0x55be47851833]
21  /opt/conda/envs/gdf/bin/python(_PyEval_EvalFrameDefault+0x58b4) [0x55be4784f824]
22  /opt/conda/envs/gdf/bin/python(+0x13f802) [0x55be4785a802]
23  /opt/conda/envs/gdf/bin/python(_PyEval_EvalFrameDefault+0x696) [0x55be4784a606]
24  /opt/conda/envs/gdf/bin/python(+0x13f802) [0x55be4785a802]
25  /opt/conda/envs/gdf/bin/python(_PyEval_EvalFrameDefault+0x696) [0x55be4784a606]
26  /opt/conda/envs/gdf/bin/python(+0x13f802) [0x55be4785a802]
27  /opt/conda/envs/gdf/bin/python(_PyEval_EvalFrameDefault+0x696) [0x55be4784a606]
28  /opt/conda/envs/gdf/bin/python(+0x13f802) [0x55be4785a802]
29  /opt/conda/envs/gdf/bin/python(_PyEval_EvalFrameDefault+0x696) [0x55be4784a606]
30  /opt/conda/envs/gdf/bin/python(+0x12e184) [0x55be47849184]
31  /opt/conda/envs/gdf/bin/python(_PyFunction_Vectorcall+0xd9) [0x55be4785a559]
32  /opt/conda/envs/gdf/bin/python(_PyEval_EvalFrameDefault+0x11f2) [0x55be4784b162]
33  /opt/conda/envs/gdf/bin/python(+0x12e184) [0x55be47849184]
34  /opt/conda/envs/gdf/bin/python(+0x14c9fb) [0x55be478679fb]
35  /opt/conda/envs/gdf/bin/python(PyObject_Call+0xbc) [0x55be4786817c]
36  /opt/conda/envs/gdf/bin/python(+0x2109ce) [0x55be4792b9ce]
37  /opt/conda/envs/gdf/bin/python(_PyObject_MakeTpCall+0x2ec) [0x55be478527ac]
38  /opt/conda/envs/gdf/bin/python(_PyEval_EvalFrameDefault+0x45a6) [0x55be4784e516]
39  /opt/conda/envs/gdf/bin/python(+0x13f802) [0x55be4785a802]
40  /opt/conda/envs/gdf/bin/python(+0x14cadc) [0x55be47867adc]
41  /opt/conda/envs/gdf/bin/python(_PyEval_EvalFrameDefault+0x45a6) [0x55be4784e516]
42  /opt/conda/envs/gdf/bin/python(+0x13f802) [0x55be4785a802]
43  /opt/conda/envs/gdf/bin/python(_PyEval_EvalFrameDefault+0x696) [0x55be4784a606]
44  /opt/conda/envs/gdf/bin/python(+0x12e184) [0x55be47849184]
45  /opt/conda/envs/gdf/bin/python(_PyFunction_Vectorcall+0xd9) [0x55be4785a559]
46  /opt/conda/envs/gdf/bin/python(_PyEval_EvalFrameDefault+0x696) [0x55be4784a606]
47  /opt/conda/envs/gdf/bin/python(+0x13f802) [0x55be4785a802]
48  /opt/conda/envs/gdf/bin/python(_PyEval_EvalFrameDefault+0x3e2) [0x55be4784a352]
49  /opt/conda/envs/gdf/bin/python(+0x12e184) [0x55be47849184]
50  /opt/conda/envs/gdf/bin/python(_PyFunction_Vectorcall+0xd9) [0x55be4785a559]
51  /opt/conda/envs/gdf/bin/python(_PyEval_EvalFrameDefault+0x11f2) [0x55be4784b162]
52  /opt/conda/envs/gdf/bin/python(+0x12e184) [0x55be47849184]
53  /opt/conda/envs/gdf/bin/python(_PyEval_EvalCodeWithName+0x48) [0x55be47848e58]
54  /opt/conda/envs/gdf/bin/python(PyEval_EvalCodeEx+0x39) [0x55be47848e09]
55  /opt/conda/envs/gdf/bin/python(PyEval_EvalCode+0x1b) [0x55be478f64ab]
56  /opt/conda/envs/gdf/bin/python(+0x20887a) [0x55be4792387a]
57  /opt/conda/envs/gdf/bin/python(+0x204c03) [0x55be4791fc03]
58  /opt/conda/envs/gdf/bin/python(PyRun_StringFlags+0x9a) [0x55be47917a1a]
59  /opt/conda/envs/gdf/bin/python(PyRun_SimpleStringFlags+0x3c) [0x55be4791790c]
60  /opt/conda/envs/gdf/bin/python(Py_RunMain+0x267) [0x55be47916b47]
61  /opt/conda/envs/gdf/bin/python(Py_BytesMain+0x37) [0x55be478ea2e7]
=================================
[dgx13:84934:0:84934] Caught signal 11 (Segmentation fault: address not mapped to object at address 0x448)
==== backtrace (tid:  84934) ====
 0  /opt/conda/envs/gdf/lib/libucs.so.0(ucs_handle_error+0x2fd) [0x7f334441707d]
 1  /opt/conda/envs/gdf/lib/libucs.so.0(+0x2a274) [0x7f3344417274]
 2  /opt/conda/envs/gdf/lib/libucs.so.0(+0x2a43a) [0x7f334441743a]
 3  /usr/lib/x86_64-linux-gnu/libpthread.so.0(+0x14420) [0x7f336fdaf420]
 4  /opt/conda/envs/gdf/lib/libucp.so.0(ucp_mem_type_unpack+0x14) [0x7f33444966b4]
 5  /opt/conda/envs/gdf/lib/libucp.so.0(ucp_rndv_data_handler+0x4e9) [0x7f33444bf839]
 6  /opt/conda/envs/gdf/lib/libuct.so.0(+0x203df) [0x7f33443d13df]
 7  /opt/conda/envs/gdf/lib/libuct.so.0(+0x23838) [0x7f33443d4838]
 8  /opt/conda/envs/gdf/lib/libucs.so.0(ucs_event_set_wait+0xb9) [0x7f33444204a9]
 9  /opt/conda/envs/gdf/lib/libuct.so.0(uct_tcp_iface_progress+0x7d) [0x7f33443d35dd]
10  /opt/conda/envs/gdf/lib/libucp.so.0(ucp_worker_progress+0x5a) [0x7f33444938da]
11  /opt/conda/envs/gdf/lib/python3.9/site-packages/ucp/_libs/ucx_api.cpython-39-x86_64-linux-gnu.so(+0x3206a) [0x7f334454c06a]
12  /opt/conda/envs/gdf/bin/python(_PyEval_EvalFrameDefault+0x45a6) [0x5583eab38516]
13  /opt/conda/envs/gdf/bin/python(+0x12e184) [0x5583eab33184]
14  /opt/conda/envs/gdf/bin/python(_PyFunction_Vectorcall+0xd9) [0x5583eab44559]
15  /opt/conda/envs/gdf/bin/python(_PyEval_EvalFrameDefault+0x696) [0x5583eab34606]
16  /opt/conda/envs/gdf/bin/python(+0x13f802) [0x5583eab44802]
17  /opt/conda/envs/gdf/bin/python(+0x14cbb3) [0x5583eab51bb3]
18  /opt/conda/envs/gdf/bin/python(+0x25842c) [0x5583eac5d42c]
19  /opt/conda/envs/gdf/bin/python(+0xf266c) [0x5583eaaf766c]
20  /opt/conda/envs/gdf/bin/python(+0x136833) [0x5583eab3b833]
21  /opt/conda/envs/gdf/bin/python(_PyEval_EvalFrameDefault+0x58b4) [0x5583eab39824]
22  /opt/conda/envs/gdf/bin/python(+0x13f802) [0x5583eab44802]
23  /opt/conda/envs/gdf/bin/python(_PyEval_EvalFrameDefault+0x696) [0x5583eab34606]
24  /opt/conda/envs/gdf/bin/python(+0x13f802) [0x5583eab44802]
25  /opt/conda/envs/gdf/bin/python(_PyEval_EvalFrameDefault+0x696) [0x5583eab34606]
26  /opt/conda/envs/gdf/bin/python(+0x13f802) [0x5583eab44802]
27  /opt/conda/envs/gdf/bin/python(_PyEval_EvalFrameDefault+0x696) [0x5583eab34606]
28  /opt/conda/envs/gdf/bin/python(+0x13f802) [0x5583eab44802]
29  /opt/conda/envs/gdf/bin/python(_PyEval_EvalFrameDefault+0x696) [0x5583eab34606]
30  /opt/conda/envs/gdf/bin/python(+0x12e184) [0x5583eab33184]
31  /opt/conda/envs/gdf/bin/python(_PyFunction_Vectorcall+0xd9) [0x5583eab44559]
32  /opt/conda/envs/gdf/bin/python(_PyEval_EvalFrameDefault+0x11f2) [0x5583eab35162]
33  /opt/conda/envs/gdf/bin/python(+0x12e184) [0x5583eab33184]
34  /opt/conda/envs/gdf/bin/python(+0x14c9fb) [0x5583eab519fb]
35  /opt/conda/envs/gdf/bin/python(PyObject_Call+0xbc) [0x5583eab5217c]
36  /opt/conda/envs/gdf/bin/python(+0x2109ce) [0x5583eac159ce]
37  /opt/conda/envs/gdf/bin/python(_PyObject_MakeTpCall+0x2ec) [0x5583eab3c7ac]
38  /opt/conda/envs/gdf/bin/python(_PyEval_EvalFrameDefault+0x45a6) [0x5583eab38516]
39  /opt/conda/envs/gdf/bin/python(+0x13f802) [0x5583eab44802]
40  /opt/conda/envs/gdf/bin/python(+0x14cadc) [0x5583eab51adc]
41  /opt/conda/envs/gdf/bin/python(_PyEval_EvalFrameDefault+0x45a6) [0x5583eab38516]
42  /opt/conda/envs/gdf/bin/python(+0x13f802) [0x5583eab44802]
43  /opt/conda/envs/gdf/bin/python(_PyEval_EvalFrameDefault+0x696) [0x5583eab34606]
44  /opt/conda/envs/gdf/bin/python(+0x12e184) [0x5583eab33184]
45  /opt/conda/envs/gdf/bin/python(_PyFunction_Vectorcall+0xd9) [0x5583eab44559]
46  /opt/conda/envs/gdf/bin/python(_PyEval_EvalFrameDefault+0x696) [0x5583eab34606]
47  /opt/conda/envs/gdf/bin/python(+0x13f802) [0x5583eab44802]
48  /opt/conda/envs/gdf/bin/python(_PyEval_EvalFrameDefault+0x3e2) [0x5583eab34352]
49  /opt/conda/envs/gdf/bin/python(+0x12e184) [0x5583eab33184]
50  /opt/conda/envs/gdf/bin/python(_PyFunction_Vectorcall+0xd9) [0x5583eab44559]
51  /opt/conda/envs/gdf/bin/python(_PyEval_EvalFrameDefault+0x11f2) [0x5583eab35162]
52  /opt/conda/envs/gdf/bin/python(+0x12e184) [0x5583eab33184]
53  /opt/conda/envs/gdf/bin/python(_PyEval_EvalCodeWithName+0x48) [0x5583eab32e58]
54  /opt/conda/envs/gdf/bin/python(PyEval_EvalCodeEx+0x39) [0x5583eab32e09]
55  /opt/conda/envs/gdf/bin/python(PyEval_EvalCode+0x1b) [0x5583eabe04ab]
56  /opt/conda/envs/gdf/bin/python(+0x20887a) [0x5583eac0d87a]
57  /opt/conda/envs/gdf/bin/python(+0x204c03) [0x5583eac09c03]
58  /opt/conda/envs/gdf/bin/python(PyRun_StringFlags+0x9a) [0x5583eac01a1a]
59  /opt/conda/envs/gdf/bin/python(PyRun_SimpleStringFlags+0x3c) [0x5583eac0190c]
60  /opt/conda/envs/gdf/bin/python(Py_RunMain+0x267) [0x5583eac00b47]
61  /opt/conda/envs/gdf/bin/python(Py_BytesMain+0x37) [0x5583eabd42e7]
=================================
[dgx13:84943:0:84943] Caught signal 11 (Segmentation fault: address not mapped to object at address 0x448)
==== backtrace (tid:  84943) ====
 0  /opt/conda/envs/gdf/lib/libucs.so.0(ucs_handle_error+0x2fd) [0x7f40ac98507d]
 1  /opt/conda/envs/gdf/lib/libucs.so.0(+0x2a274) [0x7f40ac985274]
 2  /opt/conda/envs/gdf/lib/libucs.so.0(+0x2a43a) [0x7f40ac98543a]
 3  /usr/lib/x86_64-linux-gnu/libpthread.so.0(+0x14420) [0x7f40d831d420]
 4  /opt/conda/envs/gdf/lib/libucp.so.0(ucp_mem_type_unpack+0x14) [0x7f40aca046b4]
 5  /opt/conda/envs/gdf/lib/libucp.so.0(ucp_rndv_data_handler+0x4e9) [0x7f40aca2d839]
 6  /opt/conda/envs/gdf/lib/libuct.so.0(+0x203df) [0x7f40ac93f3df]
 7  /opt/conda/envs/gdf/lib/libuct.so.0(+0x23838) [0x7f40ac942838]
 8  /opt/conda/envs/gdf/lib/libucs.so.0(ucs_event_set_wait+0xb9) [0x7f40ac98e4a9]
 9  /opt/conda/envs/gdf/lib/libuct.so.0(uct_tcp_iface_progress+0x7d) [0x7f40ac9415dd]
10  /opt/conda/envs/gdf/lib/libucp.so.0(ucp_worker_progress+0x5a) [0x7f40aca018da]
11  /opt/conda/envs/gdf/lib/python3.9/site-packages/ucp/_libs/ucx_api.cpython-39-x86_64-linux-gnu.so(+0x3206a) [0x7f40acaba06a]
12  /opt/conda/envs/gdf/bin/python(_PyEval_EvalFrameDefault+0x45a6) [0x555ed7a44516]
13  /opt/conda/envs/gdf/bin/python(+0x12e184) [0x555ed7a3f184]
14  /opt/conda/envs/gdf/bin/python(_PyFunction_Vectorcall+0xd9) [0x555ed7a50559]
15  /opt/conda/envs/gdf/bin/python(_PyEval_EvalFrameDefault+0x696) [0x555ed7a40606]
16  /opt/conda/envs/gdf/bin/python(+0x13f802) [0x555ed7a50802]
17  /opt/conda/envs/gdf/bin/python(+0x14cbb3) [0x555ed7a5dbb3]
18  /opt/conda/envs/gdf/bin/python(+0x25842c) [0x555ed7b6942c]
19  /opt/conda/envs/gdf/bin/python(+0xf266c) [0x555ed7a0366c]
20  /opt/conda/envs/gdf/bin/python(+0x136833) [0x555ed7a47833]
21  /opt/conda/envs/gdf/bin/python(_PyEval_EvalFrameDefault+0x58b4) [0x555ed7a45824]
22  /opt/conda/envs/gdf/bin/python(+0x13f802) [0x555ed7a50802]
23  /opt/conda/envs/gdf/bin/python(_PyEval_EvalFrameDefault+0x696) [0x555ed7a40606]
24  /opt/conda/envs/gdf/bin/python(+0x13f802) [0x555ed7a50802]
25  /opt/conda/envs/gdf/bin/python(_PyEval_EvalFrameDefault+0x696) [0x555ed7a40606]
26  /opt/conda/envs/gdf/bin/python(+0x13f802) [0x555ed7a50802]
27  /opt/conda/envs/gdf/bin/python(_PyEval_EvalFrameDefault+0x696) [0x555ed7a40606]
28  /opt/conda/envs/gdf/bin/python(+0x13f802) [0x555ed7a50802]
29  /opt/conda/envs/gdf/bin/python(_PyEval_EvalFrameDefault+0x696) [0x555ed7a40606]
30  /opt/conda/envs/gdf/bin/python(+0x12e184) [0x555ed7a3f184]
31  /opt/conda/envs/gdf/bin/python(_PyFunction_Vectorcall+0xd9) [0x555ed7a50559]
32  /opt/conda/envs/gdf/bin/python(_PyEval_EvalFrameDefault+0x11f2) [0x555ed7a41162]
33  /opt/conda/envs/gdf/bin/python(+0x12e184) [0x555ed7a3f184]
34  /opt/conda/envs/gdf/bin/python(+0x14c9fb) [0x555ed7a5d9fb]
35  /opt/conda/envs/gdf/bin/python(PyObject_Call+0xbc) [0x555ed7a5e17c]
36  /opt/conda/envs/gdf/bin/python(+0x2109ce) [0x555ed7b219ce]
37  /opt/conda/envs/gdf/bin/python(_PyObject_MakeTpCall+0x2ec) [0x555ed7a487ac]
38  /opt/conda/envs/gdf/bin/python(_PyEval_EvalFrameDefault+0x45a6) [0x555ed7a44516]
39  /opt/conda/envs/gdf/bin/python(+0x13f802) [0x555ed7a50802]
40  /opt/conda/envs/gdf/bin/python(+0x14cadc) [0x555ed7a5dadc]
41  /opt/conda/envs/gdf/bin/python(_PyEval_EvalFrameDefault+0x45a6) [0x555ed7a44516]
42  /opt/conda/envs/gdf/bin/python(+0x13f802) [0x555ed7a50802]
43  /opt/conda/envs/gdf/bin/python(_PyEval_EvalFrameDefault+0x696) [0x555ed7a40606]
44  /opt/conda/envs/gdf/bin/python(+0x12e184) [0x555ed7a3f184]
45  /opt/conda/envs/gdf/bin/python(_PyFunction_Vectorcall+0xd9) [0x555ed7a50559]
46  /opt/conda/envs/gdf/bin/python(_PyEval_EvalFrameDefault+0x696) [0x555ed7a40606]
47  /opt/conda/envs/gdf/bin/python(+0x13f802) [0x555ed7a50802]
48  /opt/conda/envs/gdf/bin/python(_PyEval_EvalFrameDefault+0x3e2) [0x555ed7a40352]
49  /opt/conda/envs/gdf/bin/python(+0x12e184) [0x555ed7a3f184]
50  /opt/conda/envs/gdf/bin/python(_PyFunction_Vectorcall+0xd9) [0x555ed7a50559]
51  /opt/conda/envs/gdf/bin/python(_PyEval_EvalFrameDefault+0x11f2) [0x555ed7a41162]
52  /opt/conda/envs/gdf/bin/python(+0x12e184) [0x555ed7a3f184]
53  /opt/conda/envs/gdf/bin/python(_PyEval_EvalCodeWithName+0x48) [0x555ed7a3ee58]
54  /opt/conda/envs/gdf/bin/python(PyEval_EvalCodeEx+0x39) [0x555ed7a3ee09]
55  /opt/conda/envs/gdf/bin/python(PyEval_EvalCode+0x1b) [0x555ed7aec4ab]
56  /opt/conda/envs/gdf/bin/python(+0x20887a) [0x555ed7b1987a]
57  /opt/conda/envs/gdf/bin/python(+0x204c03) [0x555ed7b15c03]
58  /opt/conda/envs/gdf/bin/python(PyRun_StringFlags+0x9a) [0x555ed7b0da1a]
59  /opt/conda/envs/gdf/bin/python(PyRun_SimpleStringFlags+0x3c) [0x555ed7b0d90c]
60  /opt/conda/envs/gdf/bin/python(Py_RunMain+0x267) [0x555ed7b0cb47]
61  /opt/conda/envs/gdf/bin/python(Py_BytesMain+0x37) [0x555ed7ae02e7]
=================================
[dgx13:84954:0:84954] Caught signal 11 (Segmentation fault: address not mapped to object at address 0x448)
==== backtrace (tid:  84954) ====
 0  /opt/conda/envs/gdf/lib/libucs.so.0(ucs_handle_error+0x2fd) [0x7f7381e5107d]
 1  /opt/conda/envs/gdf/lib/libucs.so.0(+0x2a274) [0x7f7381e51274]
 2  /opt/conda/envs/gdf/lib/libucs.so.0(+0x2a43a) [0x7f7381e5143a]
 3  /usr/lib/x86_64-linux-gnu/libpthread.so.0(+0x14420) [0x7f73c1836420]
 4  /opt/conda/envs/gdf/lib/libucp.so.0(ucp_mem_type_unpack+0x14) [0x7f7381ed06b4]
 5  /opt/conda/envs/gdf/lib/libucp.so.0(ucp_rndv_data_handler+0x4e9) [0x7f7381ef9839]
 6  /opt/conda/envs/gdf/lib/libuct.so.0(+0x203df) [0x7f73880333df]
 7  /opt/conda/envs/gdf/lib/libuct.so.0(+0x23838) [0x7f7388036838]
 8  /opt/conda/envs/gdf/lib/libucs.so.0(ucs_event_set_wait+0xb9) [0x7f7381e5a4a9]
 9  /opt/conda/envs/gdf/lib/libuct.so.0(uct_tcp_iface_progress+0x7d) [0x7f73880355dd]
10  /opt/conda/envs/gdf/lib/libucp.so.0(ucp_worker_progress+0x5a) [0x7f7381ecd8da]
11  /opt/conda/envs/gdf/lib/python3.9/site-packages/ucp/_libs/ucx_api.cpython-39-x86_64-linux-gnu.so(+0x3206a) [0x7f7381f8606a]
12  /opt/conda/envs/gdf/bin/python(_PyEval_EvalFrameDefault+0x45a6) [0x55f1b1258516]
13  /opt/conda/envs/gdf/bin/python(+0x12e184) [0x55f1b1253184]
14  /opt/conda/envs/gdf/bin/python(_PyFunction_Vectorcall+0xd9) [0x55f1b1264559]
15  /opt/conda/envs/gdf/bin/python(_PyEval_EvalFrameDefault+0x696) [0x55f1b1254606]
16  /opt/conda/envs/gdf/bin/python(+0x13f802) [0x55f1b1264802]
17  /opt/conda/envs/gdf/bin/python(+0x14cbb3) [0x55f1b1271bb3]
18  /opt/conda/envs/gdf/bin/python(+0x25842c) [0x55f1b137d42c]
19  /opt/conda/envs/gdf/bin/python(+0xf266c) [0x55f1b121766c]
20  /opt/conda/envs/gdf/bin/python(+0x136833) [0x55f1b125b833]
21  /opt/conda/envs/gdf/bin/python(_PyEval_EvalFrameDefault+0x58b4) [0x55f1b1259824]
22  /opt/conda/envs/gdf/bin/python(+0x13f802) [0x55f1b1264802]
23  /opt/conda/envs/gdf/bin/python(_PyEval_EvalFrameDefault+0x696) [0x55f1b1254606]
24  /opt/conda/envs/gdf/bin/python(+0x13f802) [0x55f1b1264802]
25  /opt/conda/envs/gdf/bin/python(_PyEval_EvalFrameDefault+0x696) [0x55f1b1254606]
26  /opt/conda/envs/gdf/bin/python(+0x13f802) [0x55f1b1264802]
27  /opt/conda/envs/gdf/bin/python(_PyEval_EvalFrameDefault+0x696) [0x55f1b1254606]
28  /opt/conda/envs/gdf/bin/python(+0x13f802) [0x55f1b1264802]
29  /opt/conda/envs/gdf/bin/python(_PyEval_EvalFrameDefault+0x696) [0x55f1b1254606]
30  /opt/conda/envs/gdf/bin/python(+0x12e184) [0x55f1b1253184]
31  /opt/conda/envs/gdf/bin/python(_PyFunction_Vectorcall+0xd9) [0x55f1b1264559]
32  /opt/conda/envs/gdf/bin/python(_PyEval_EvalFrameDefault+0x11f2) [0x55f1b1255162]
33  /opt/conda/envs/gdf/bin/python(+0x12e184) [0x55f1b1253184]
34  /opt/conda/envs/gdf/bin/python(+0x14c9fb) [0x55f1b12719fb]
35  /opt/conda/envs/gdf/bin/python(PyObject_Call+0xbc) [0x55f1b127217c]
36  /opt/conda/envs/gdf/bin/python(+0x2109ce) [0x55f1b13359ce]
37  /opt/conda/envs/gdf/bin/python(_PyObject_MakeTpCall+0x2ec) [0x55f1b125c7ac]
38  /opt/conda/envs/gdf/bin/python(_PyEval_EvalFrameDefault+0x45a6) [0x55f1b1258516]
39  /opt/conda/envs/gdf/bin/python(+0x13f802) [0x55f1b1264802]
40  /opt/conda/envs/gdf/bin/python(+0x14cadc) [0x55f1b1271adc]
41  /opt/conda/envs/gdf/bin/python(_PyEval_EvalFrameDefault+0x45a6) [0x55f1b1258516]
42  /opt/conda/envs/gdf/bin/python(+0x13f802) [0x55f1b1264802]
43  /opt/conda/envs/gdf/bin/python(_PyEval_EvalFrameDefault+0x696) [0x55f1b1254606]
44  /opt/conda/envs/gdf/bin/python(+0x12e184) [0x55f1b1253184]
45  /opt/conda/envs/gdf/bin/python(_PyFunction_Vectorcall+0xd9) [0x55f1b1264559]
46  /opt/conda/envs/gdf/bin/python(_PyEval_EvalFrameDefault+0x696) [0x55f1b1254606]
47  /opt/conda/envs/gdf/bin/python(+0x13f802) [0x55f1b1264802]
48  /opt/conda/envs/gdf/bin/python(_PyEval_EvalFrameDefault+0x3e2) [0x55f1b1254352]
49  /opt/conda/envs/gdf/bin/python(+0x12e184) [0x55f1b1253184]
50  /opt/conda/envs/gdf/bin/python(_PyFunction_Vectorcall+0xd9) [0x55f1b1264559]
51  /opt/conda/envs/gdf/bin/python(_PyEval_EvalFrameDefault+0x11f2) [0x55f1b1255162]
52  /opt/conda/envs/gdf/bin/python(+0x12e184) [0x55f1b1253184]
53  /opt/conda/envs/gdf/bin/python(_PyEval_EvalCodeWithName+0x48) [0x55f1b1252e58]
54  /opt/conda/envs/gdf/bin/python(PyEval_EvalCodeEx+0x39) [0x55f1b1252e09]
55  /opt/conda/envs/gdf/bin/python(PyEval_EvalCode+0x1b) [0x55f1b13004ab]
56  /opt/conda/envs/gdf/bin/python(+0x20887a) [0x55f1b132d87a]
57  /opt/conda/envs/gdf/bin/python(+0x204c03) [0x55f1b1329c03]
58  /opt/conda/envs/gdf/bin/python(PyRun_StringFlags+0x9a) [0x55f1b1321a1a]
59  /opt/conda/envs/gdf/bin/python(PyRun_SimpleStringFlags+0x3c) [0x55f1b132190c]
60  /opt/conda/envs/gdf/bin/python(Py_RunMain+0x267) [0x55f1b1320b47]
61  /opt/conda/envs/gdf/bin/python(Py_BytesMain+0x37) [0x55f1b12f42e7]
=================================
2024-05-06 06:50:54,852 - distributed.scheduler - WARNING - Removing worker 'ucx://127.0.0.1:45483' caused the cluster to lose already computed task(s), which will be recomputed elsewhere: {('sum-81c93de325d8736730dc24a6695ef16f', 5, 5), ('random_sample-75ff6d41f7123e099c377155ffdc59c1', 0, 6), ('sum-81c93de325d8736730dc24a6695ef16f', 2, 0), ('random_sample-75ff6d41f7123e099c377155ffdc59c1', 0, 2), ('random_sample-75ff6d41f7123e099c377155ffdc59c1', 5, 5), ('random_sample-75ff6d41f7123e099c377155ffdc59c1', 9, 8), ('random_sample-75ff6d41f7123e099c377155ffdc59c1', 2, 7), ('random_sample-75ff6d41f7123e099c377155ffdc59c1', 4, 1), ('random_sample-75ff6d41f7123e099c377155ffdc59c1', 7, 0), ('random_sample-75ff6d41f7123e099c377155ffdc59c1', 6, 3), ('random_sample-75ff6d41f7123e099c377155ffdc59c1', 2, 0), ('random_sample-75ff6d41f7123e099c377155ffdc59c1', 9, 0), ('random_sample-75ff6d41f7123e099c377155ffdc59c1', 1, 6), ('sum-81c93de325d8736730dc24a6695ef16f', 0, 2), ('random_sample-75ff6d41f7123e099c377155ffdc59c1', 2, 6), ('random_sample-75ff6d41f7123e099c377155ffdc59c1', 4, 3)} (stimulus_id='handle-worker-cleanup-1714978254.8526142')
2024-05-06 06:50:54,852 - distributed.worker - ERROR - failed during get data with ucx://127.0.0.1:51903 -> ucx://127.0.0.1:45483
Traceback (most recent call last):
  File "/opt/conda/envs/gdf/lib/python3.9/site-packages/distributed/comm/ucx.py", line 334, in write
    await self.ep.send(each_frame)
  File "/opt/conda/envs/gdf/lib/python3.9/site-packages/ucp/core.py", line 662, in send
    return await comm.tag_send(self._ep, buffer, nbytes, tag, name=log)
ucp._libs.exceptions.UCXError: <[Send #007] ep: 0x7f10f370d200, tag: 0xfb3142dd82fb9737, nbytes: 50000000, type: <class 'cupy.ndarray'>>: Connection reset by remote peer

During handling of the above exception, another exception occurred:

Traceback (most recent call last):
  File "/opt/conda/envs/gdf/lib/python3.9/site-packages/distributed/worker.py", line 1782, in get_data
    compressed = await comm.write(msg, serializers=serializers)
  File "/opt/conda/envs/gdf/lib/python3.9/site-packages/distributed/utils.py", line 832, in wrapper
    return await func(*args, **kwargs)
  File "/opt/conda/envs/gdf/lib/python3.9/site-packages/distributed/comm/ucx.py", line 338, in write
    raise CommClosedError("While writing, the connection was closed")
distributed.comm.core.CommClosedError: While writing, the connection was closed
2024-05-06 06:50:54,854 - distributed.worker - ERROR - Worker stream died during communication: ucx://127.0.0.1:45483
Traceback (most recent call last):
  File "/opt/conda/envs/gdf/lib/python3.9/site-packages/distributed/comm/ucx.py", line 350, in read
    await self.ep.recv(msg)
  File "/opt/conda/envs/gdf/lib/python3.9/site-packages/ucp/core.py", line 737, in recv
    ret = await comm.tag_recv(self._ep, buffer, nbytes, tag, name=log)
ucp._libs.exceptions.UCXCanceled: <[Recv #003] ep: 0x7f10f370d100, tag: 0x3af30e89aea4422c, nbytes: 16, type: <class 'numpy.ndarray'>>: 

During handling of the above exception, another exception occurred:

Traceback (most recent call last):
  File "/opt/conda/envs/gdf/lib/python3.9/site-packages/distributed/worker.py", line 2059, in gather_dep
    response = await get_data_from_worker(
  File "/opt/conda/envs/gdf/lib/python3.9/site-packages/distributed/worker.py", line 2863, in get_data_from_worker
    response = await send_recv(
  File "/opt/conda/envs/gdf/lib/python3.9/site-packages/distributed/core.py", line 1154, in send_recv
    response = await comm.read(deserializers=deserializers)
  File "/opt/conda/envs/gdf/lib/python3.9/site-packages/distributed/utils.py", line 832, in wrapper
    return await func(*args, **kwargs)
  File "/opt/conda/envs/gdf/lib/python3.9/site-packages/distributed/comm/ucx.py", line 368, in read
    raise CommClosedError(
distributed.comm.core.CommClosedError: Connection closed by writer.
Inner exception: UCXCanceled("<[Recv #003] ep: 0x7f10f370d100, tag: 0x3af30e89aea4422c, nbytes: 16, type: <class 'numpy.ndarray'>>: ")
Task exception was never retrieved
future: <Task finished name='Task-295' coro=<_listener_handler_coroutine() done, defined at /opt/conda/envs/gdf/lib/python3.9/site-packages/ucp/core.py:140> exception=UCXError('<stream_send>: Connection reset by remote peer')>
Traceback (most recent call last):
  File "/opt/conda/envs/gdf/lib/python3.9/site-packages/ucp/core.py", line 155, in _listener_handler_coroutine
    peer_info = await exchange_peer_info(
  File "/opt/conda/envs/gdf/lib/python3.9/site-packages/ucp/core.py", line 51, in exchange_peer_info
    await asyncio.wait_for(
  File "/opt/conda/envs/gdf/lib/python3.9/asyncio/tasks.py", line 479, in wait_for
    return fut.result()
ucp._libs.exceptions.UCXError: <stream_send>: Connection reset by remote peer
Task exception was never retrieved
future: <Task finished name='Task-342' coro=<_listener_handler_coroutine() done, defined at /opt/conda/envs/gdf/lib/python3.9/site-packages/ucp/core.py:140> exception=UCXError('<stream_send>: Connection reset by remote peer')>
Traceback (most recent call last):
  File "/opt/conda/envs/gdf/lib/python3.9/site-packages/ucp/core.py", line 155, in _listener_handler_coroutine
    peer_info = await exchange_peer_info(
  File "/opt/conda/envs/gdf/lib/python3.9/site-packages/ucp/core.py", line 51, in exchange_peer_info
    await asyncio.wait_for(
  File "/opt/conda/envs/gdf/lib/python3.9/asyncio/tasks.py", line 479, in wait_for
    return fut.result()
ucp._libs.exceptions.UCXError: <stream_send>: Connection reset by remote peer
2024-05-06 06:50:54,858 - distributed.worker - ERROR - Worker stream died during communication: ucx://127.0.0.1:45483
Traceback (most recent call last):
  File "/opt/conda/envs/gdf/lib/python3.9/site-packages/distributed/comm/ucx.py", line 467, in connect
    ep = await ucp.create_endpoint(ip, port)
  File "/opt/conda/envs/gdf/lib/python3.9/site-packages/ucp/core.py", line 1016, in create_endpoint
    return await _get_ctx().create_endpoint(
  File "/opt/conda/envs/gdf/lib/python3.9/site-packages/ucp/core.py", line 328, in create_endpoint
    peer_info = await exchange_peer_info(
  File "/opt/conda/envs/gdf/lib/python3.9/site-packages/ucp/core.py", line 60, in exchange_peer_info
    await asyncio.wait_for(
  File "/opt/conda/envs/gdf/lib/python3.9/asyncio/tasks.py", line 479, in wait_for
    return fut.result()
ucp._libs.exceptions.UCXError: <stream_recv>: Connection reset by remote peer

During handling of the above exception, another exception occurred:

Traceback (most recent call last):
  File "/opt/conda/envs/gdf/lib/python3.9/site-packages/distributed/comm/core.py", line 342, in connect
    comm = await wait_for(
  File "/opt/conda/envs/gdf/lib/python3.9/site-packages/distributed/utils.py", line 1961, in wait_for
    return await asyncio.wait_for(fut, timeout)
  File "/opt/conda/envs/gdf/lib/python3.9/asyncio/tasks.py", line 479, in wait_for
    return fut.result()
  File "/opt/conda/envs/gdf/lib/python3.9/site-packages/distributed/comm/ucx.py", line 469, in connect
    raise CommClosedError("Connection closed before handshake completed")
distributed.comm.core.CommClosedError: Connection closed before handshake completed

During handling of the above exception, another exception occurred:

Traceback (most recent call last):
  File "/opt/conda/envs/gdf/lib/python3.9/site-packages/distributed/core.py", line 1564, in _connect
    comm = await connect(
  File "/opt/conda/envs/gdf/lib/python3.9/site-packages/distributed/comm/core.py", line 366, in connect
    await asyncio.sleep(backoff)
  File "/opt/conda/envs/gdf/lib/python3.9/asyncio/tasks.py", line 652, in sleep
    return await future
asyncio.exceptions.CancelledError

During handling of the above exception, another exception occurred:

Traceback (most recent call last):
  File "/opt/conda/envs/gdf/lib/python3.9/site-packages/distributed/core.py", line 1674, in connect
    return connect_attempt.result()
asyncio.exceptions.CancelledError

During handling of the above exception, another exception occurred:

Traceback (most recent call last):
  File "/opt/conda/envs/gdf/lib/python3.9/site-packages/distributed/worker.py", line 2059, in gather_dep
    response = await get_data_from_worker(
  File "/opt/conda/envs/gdf/lib/python3.9/site-packages/distributed/worker.py", line 2860, in get_data_from_worker
    comm = await rpc.connect(worker)
  File "/opt/conda/envs/gdf/lib/python3.9/site-packages/distributed/core.py", line 1676, in connect
    raise CommClosedError(reason)
distributed.comm.core.CommClosedError: Address removed.
2024-05-06 06:50:54,860 - distributed.worker - ERROR - Worker stream died during communication: ucx://127.0.0.1:45483
Traceback (most recent call last):
  File "/opt/conda/envs/gdf/lib/python3.9/site-packages/distributed/comm/ucx.py", line 467, in connect
    ep = await ucp.create_endpoint(ip, port)
  File "/opt/conda/envs/gdf/lib/python3.9/site-packages/ucp/core.py", line 1016, in create_endpoint
    return await _get_ctx().create_endpoint(
  File "/opt/conda/envs/gdf/lib/python3.9/site-packages/ucp/core.py", line 328, in create_endpoint
    peer_info = await exchange_peer_info(
  File "/opt/conda/envs/gdf/lib/python3.9/site-packages/ucp/core.py", line 60, in exchange_peer_info
    await asyncio.wait_for(
  File "/opt/conda/envs/gdf/lib/python3.9/asyncio/tasks.py", line 479, in wait_for
    return fut.result()
ucp._libs.exceptions.UCXError: <stream_recv>: Connection reset by remote peer

During handling of the above exception, another exception occurred:

Traceback (most recent call last):
  File "/opt/conda/envs/gdf/lib/python3.9/site-packages/distributed/comm/core.py", line 342, in connect
    comm = await wait_for(
  File "/opt/conda/envs/gdf/lib/python3.9/site-packages/distributed/utils.py", line 1961, in wait_for
    return await asyncio.wait_for(fut, timeout)
  File "/opt/conda/envs/gdf/lib/python3.9/asyncio/tasks.py", line 479, in wait_for
    return fut.result()
  File "/opt/conda/envs/gdf/lib/python3.9/site-packages/distributed/comm/ucx.py", line 469, in connect
    raise CommClosedError("Connection closed before handshake completed")
distributed.comm.core.CommClosedError: Connection closed before handshake completed

During handling of the above exception, another exception occurred:

Traceback (most recent call last):
  File "/opt/conda/envs/gdf/lib/python3.9/site-packages/distributed/core.py", line 1564, in _connect
    comm = await connect(
  File "/opt/conda/envs/gdf/lib/python3.9/site-packages/distributed/comm/core.py", line 366, in connect
    await asyncio.sleep(backoff)
  File "/opt/conda/envs/gdf/lib/python3.9/asyncio/tasks.py", line 652, in sleep
    return await future
asyncio.exceptions.CancelledError

During handling of the above exception, another exception occurred:

Traceback (most recent call last):
  File "/opt/conda/envs/gdf/lib/python3.9/site-packages/distributed/core.py", line 1674, in connect
    return connect_attempt.result()
asyncio.exceptions.CancelledError

During handling of the above exception, another exception occurred:

Traceback (most recent call last):
  File "/opt/conda/envs/gdf/lib/python3.9/site-packages/distributed/worker.py", line 2059, in gather_dep
    response = await get_data_from_worker(
  File "/opt/conda/envs/gdf/lib/python3.9/site-packages/distributed/worker.py", line 2860, in get_data_from_worker
    comm = await rpc.connect(worker)
  File "/opt/conda/envs/gdf/lib/python3.9/site-packages/distributed/core.py", line 1676, in connect
    raise CommClosedError(reason)
distributed.comm.core.CommClosedError: Address removed.
2024-05-06 06:50:54,981 - distributed.worker - ERROR - failed during get data with ucx://127.0.0.1:39857 -> ucx://127.0.0.1:47523
Traceback (most recent call last):
  File "/opt/conda/envs/gdf/lib/python3.9/site-packages/distributed/comm/ucx.py", line 334, in write
    await self.ep.send(each_frame)
  File "/opt/conda/envs/gdf/lib/python3.9/site-packages/ucp/core.py", line 662, in send
    return await comm.tag_send(self._ep, buffer, nbytes, tag, name=log)
ucp._libs.exceptions.UCXError: <[Send #007] ep: 0x7febec5b42c0, tag: 0x3da8a4c895c0693c, nbytes: 50000000, type: <class 'cupy.ndarray'>>: Connection reset by remote peer

During handling of the above exception, another exception occurred:

Traceback (most recent call last):
  File "/opt/conda/envs/gdf/lib/python3.9/site-packages/distributed/worker.py", line 1782, in get_data
    compressed = await comm.write(msg, serializers=serializers)
  File "/opt/conda/envs/gdf/lib/python3.9/site-packages/distributed/utils.py", line 832, in wrapper
    return await func(*args, **kwargs)
  File "/opt/conda/envs/gdf/lib/python3.9/site-packages/distributed/comm/ucx.py", line 338, in write
    raise CommClosedError("While writing, the connection was closed")
distributed.comm.core.CommClosedError: While writing, the connection was closed
2024-05-06 06:50:54,981 - distributed.worker - ERROR - failed during get data with ucx://127.0.0.1:51903 -> ucx://127.0.0.1:47523
Traceback (most recent call last):
  File "/opt/conda/envs/gdf/lib/python3.9/site-packages/distributed/comm/ucx.py", line 334, in write
    await self.ep.send(each_frame)
  File "/opt/conda/envs/gdf/lib/python3.9/site-packages/ucp/core.py", line 662, in send
    return await comm.tag_send(self._ep, buffer, nbytes, tag, name=log)
ucp._libs.exceptions.UCXError: <[Send #007] ep: 0x7f10f370d280, tag: 0x667315b94f8e0d98, nbytes: 50000000, type: <class 'cupy.ndarray'>>: Connection reset by remote peer

During handling of the above exception, another exception occurred:

Traceback (most recent call last):
  File "/opt/conda/envs/gdf/lib/python3.9/site-packages/distributed/worker.py", line 1782, in get_data
    compressed = await comm.write(msg, serializers=serializers)
  File "/opt/conda/envs/gdf/lib/python3.9/site-packages/distributed/utils.py", line 832, in wrapper
    return await func(*args, **kwargs)
  File "/opt/conda/envs/gdf/lib/python3.9/site-packages/distributed/comm/ucx.py", line 338, in write
    raise CommClosedError("While writing, the connection was closed")
distributed.comm.core.CommClosedError: While writing, the connection was closed
2024-05-06 06:50:54,981 - distributed.scheduler - WARNING - Removing worker 'ucx://127.0.0.1:47523' caused the cluster to lose already computed task(s), which will be recomputed elsewhere: {('random_sample-75ff6d41f7123e099c377155ffdc59c1', 9, 6), ('random_sample-75ff6d41f7123e099c377155ffdc59c1', 5, 9), ('random_sample-75ff6d41f7123e099c377155ffdc59c1', 5, 3), ('sum-81c93de325d8736730dc24a6695ef16f', 8, 8), ('sum-81c93de325d8736730dc24a6695ef16f', 1, 1), ('random_sample-75ff6d41f7123e099c377155ffdc59c1', 8, 8), ('random_sample-75ff6d41f7123e099c377155ffdc59c1', 1, 1), ('random_sample-75ff6d41f7123e099c377155ffdc59c1', 3, 3), ('random_sample-75ff6d41f7123e099c377155ffdc59c1', 0, 8), ('random_sample-75ff6d41f7123e099c377155ffdc59c1', 2, 4), ('random_sample-75ff6d41f7123e099c377155ffdc59c1', 3, 9), ('random_sample-75ff6d41f7123e099c377155ffdc59c1', 6, 2), ('sum-81c93de325d8736730dc24a6695ef16f', 3, 3)} (stimulus_id='handle-worker-cleanup-1714978254.981662')
2024-05-06 06:50:54,981 - distributed.worker - ERROR - Worker stream died during communication: ucx://127.0.0.1:47523
Traceback (most recent call last):
  File "/opt/conda/envs/gdf/lib/python3.9/site-packages/distributed/comm/ucx.py", line 350, in read
    await self.ep.recv(msg)
  File "/opt/conda/envs/gdf/lib/python3.9/site-packages/ucp/core.py", line 737, in recv
    ret = await comm.tag_recv(self._ep, buffer, nbytes, tag, name=log)
ucp._libs.exceptions.UCXCanceled: <[Recv #003] ep: 0x7f975811d200, tag: 0x22054ac3f756a252, nbytes: 16, type: <class 'numpy.ndarray'>>: 

During handling of the above exception, another exception occurred:

Traceback (most recent call last):
  File "/opt/conda/envs/gdf/lib/python3.9/site-packages/distributed/worker.py", line 2059, in gather_dep
    response = await get_data_from_worker(
  File "/opt/conda/envs/gdf/lib/python3.9/site-packages/distributed/worker.py", line 2863, in get_data_from_worker
    response = await send_recv(
  File "/opt/conda/envs/gdf/lib/python3.9/site-packages/distributed/core.py", line 1154, in send_recv
    response = await comm.read(deserializers=deserializers)
  File "/opt/conda/envs/gdf/lib/python3.9/site-packages/distributed/utils.py", line 832, in wrapper
    return await func(*args, **kwargs)
  File "/opt/conda/envs/gdf/lib/python3.9/site-packages/distributed/comm/ucx.py", line 368, in read
    raise CommClosedError(
distributed.comm.core.CommClosedError: Connection closed by writer.
Inner exception: UCXCanceled("<[Recv #003] ep: 0x7f975811d200, tag: 0x22054ac3f756a252, nbytes: 16, type: <class 'numpy.ndarray'>>: ")
2024-05-06 06:50:54,982 - distributed.worker - ERROR - Worker stream died during communication: ucx://127.0.0.1:47523
Traceback (most recent call last):
  File "/opt/conda/envs/gdf/lib/python3.9/site-packages/distributed/comm/ucx.py", line 350, in read
    await self.ep.recv(msg)
  File "/opt/conda/envs/gdf/lib/python3.9/site-packages/ucp/core.py", line 737, in recv
    ret = await comm.tag_recv(self._ep, buffer, nbytes, tag, name=log)
ucp._libs.exceptions.UCXCanceled: <[Recv #003] ep: 0x7febec5b4200, tag: 0xfcd2212e7c962d3f, nbytes: 16, type: <class 'numpy.ndarray'>>: 

During handling of the above exception, another exception occurred:

Traceback (most recent call last):
  File "/opt/conda/envs/gdf/lib/python3.9/site-packages/distributed/worker.py", line 2059, in gather_dep
    response = await get_data_from_worker(
  File "/opt/conda/envs/gdf/lib/python3.9/site-packages/distributed/worker.py", line 2863, in get_data_from_worker
    response = await send_recv(
  File "/opt/conda/envs/gdf/lib/python3.9/site-packages/distributed/core.py", line 1154, in send_recv
    response = await comm.read(deserializers=deserializers)
  File "/opt/conda/envs/gdf/lib/python3.9/site-packages/distributed/utils.py", line 832, in wrapper
    return await func(*args, **kwargs)
  File "/opt/conda/envs/gdf/lib/python3.9/site-packages/distributed/comm/ucx.py", line 368, in read
    raise CommClosedError(
distributed.comm.core.CommClosedError: Connection closed by writer.
Inner exception: UCXCanceled("<[Recv #003] ep: 0x7febec5b4200, tag: 0xfcd2212e7c962d3f, nbytes: 16, type: <class 'numpy.ndarray'>>: ")
2024-05-06 06:50:54,985 - distributed.worker - ERROR - Worker stream died during communication: ucx://127.0.0.1:47523
Traceback (most recent call last):
  File "/opt/conda/envs/gdf/lib/python3.9/site-packages/distributed/comm/ucx.py", line 467, in connect
    ep = await ucp.create_endpoint(ip, port)
  File "/opt/conda/envs/gdf/lib/python3.9/site-packages/ucp/core.py", line 1016, in create_endpoint
    return await _get_ctx().create_endpoint(
  File "/opt/conda/envs/gdf/lib/python3.9/site-packages/ucp/core.py", line 328, in create_endpoint
    peer_info = await exchange_peer_info(
  File "/opt/conda/envs/gdf/lib/python3.9/site-packages/ucp/core.py", line 60, in exchange_peer_info
    await asyncio.wait_for(
  File "/opt/conda/envs/gdf/lib/python3.9/asyncio/tasks.py", line 479, in wait_for
    return fut.result()
ucp._libs.exceptions.UCXError: <stream_recv>: Connection reset by remote peer

During handling of the above exception, another exception occurred:

Traceback (most recent call last):
  File "/opt/conda/envs/gdf/lib/python3.9/site-packages/distributed/comm/core.py", line 342, in connect
    comm = await wait_for(
  File "/opt/conda/envs/gdf/lib/python3.9/site-packages/distributed/utils.py", line 1961, in wait_for
    return await asyncio.wait_for(fut, timeout)
  File "/opt/conda/envs/gdf/lib/python3.9/asyncio/tasks.py", line 479, in wait_for
    return fut.result()
  File "/opt/conda/envs/gdf/lib/python3.9/site-packages/distributed/comm/ucx.py", line 469, in connect
    raise CommClosedError("Connection closed before handshake completed")
distributed.comm.core.CommClosedError: Connection closed before handshake completed

During handling of the above exception, another exception occurred:

Traceback (most recent call last):
  File "/opt/conda/envs/gdf/lib/python3.9/site-packages/distributed/core.py", line 1564, in _connect
    comm = await connect(
  File "/opt/conda/envs/gdf/lib/python3.9/site-packages/distributed/comm/core.py", line 366, in connect
    await asyncio.sleep(backoff)
  File "/opt/conda/envs/gdf/lib/python3.9/asyncio/tasks.py", line 652, in sleep
    return await future
asyncio.exceptions.CancelledError

During handling of the above exception, another exception occurred:

Traceback (most recent call last):
  File "/opt/conda/envs/gdf/lib/python3.9/site-packages/distributed/core.py", line 1674, in connect
    return connect_attempt.result()
asyncio.exceptions.CancelledError

During handling of the above exception, another exception occurred:

Traceback (most recent call last):
  File "/opt/conda/envs/gdf/lib/python3.9/site-packages/distributed/worker.py", line 2059, in gather_dep
    response = await get_data_from_worker(
  File "/opt/conda/envs/gdf/lib/python3.9/site-packages/distributed/worker.py", line 2860, in get_data_from_worker
    comm = await rpc.connect(worker)
  File "/opt/conda/envs/gdf/lib/python3.9/site-packages/distributed/core.py", line 1676, in connect
    raise CommClosedError(reason)
distributed.comm.core.CommClosedError: Address removed.
2024-05-06 06:50:54,991 - distributed.worker - ERROR - failed during get data with ucx://127.0.0.1:51903 -> ucx://127.0.0.1:36437
Traceback (most recent call last):
  File "/opt/conda/envs/gdf/lib/python3.9/site-packages/distributed/comm/ucx.py", line 334, in write
    await self.ep.send(each_frame)
  File "/opt/conda/envs/gdf/lib/python3.9/site-packages/ucp/core.py", line 662, in send
    return await comm.tag_send(self._ep, buffer, nbytes, tag, name=log)
ucp._libs.exceptions.UCXError: <[Send #007] ep: 0x7f10f370d2c0, tag: 0x9360eb5202c88b2e, nbytes: 50000000, type: <class 'cupy.ndarray'>>: Connection reset by remote peer

During handling of the above exception, another exception occurred:

Traceback (most recent call last):
  File "/opt/conda/envs/gdf/lib/python3.9/site-packages/distributed/worker.py", line 1782, in get_data
    compressed = await comm.write(msg, serializers=serializers)
  File "/opt/conda/envs/gdf/lib/python3.9/site-packages/distributed/utils.py", line 832, in wrapper
    return await func(*args, **kwargs)
  File "/opt/conda/envs/gdf/lib/python3.9/site-packages/distributed/comm/ucx.py", line 338, in write
    raise CommClosedError("While writing, the connection was closed")
distributed.comm.core.CommClosedError: While writing, the connection was closed
2024-05-06 06:50:54,993 - distributed.worker - ERROR - Worker stream died during communication: ucx://127.0.0.1:36437
Traceback (most recent call last):
  File "/opt/conda/envs/gdf/lib/python3.9/site-packages/distributed/comm/ucx.py", line 350, in read
    await self.ep.recv(msg)
  File "/opt/conda/envs/gdf/lib/python3.9/site-packages/ucp/core.py", line 737, in recv
    ret = await comm.tag_recv(self._ep, buffer, nbytes, tag, name=log)
ucp._libs.exceptions.UCXCanceled: <[Recv #000] ep: 0x7f10f370d300, tag: 0xa2b9b6c00e1837ee, nbytes: 16, type: <class 'numpy.ndarray'>>: 

During handling of the above exception, another exception occurred:

Traceback (most recent call last):
  File "/opt/conda/envs/gdf/lib/python3.9/site-packages/distributed/worker.py", line 2059, in gather_dep
    response = await get_data_from_worker(
  File "/opt/conda/envs/gdf/lib/python3.9/site-packages/distributed/worker.py", line 2860, in get_data_from_worker
    comm = await rpc.connect(worker)
  File "/opt/conda/envs/gdf/lib/python3.9/site-packages/distributed/core.py", line 1674, in connect
    return connect_attempt.result()
  File "/opt/conda/envs/gdf/lib/python3.9/site-packages/distributed/core.py", line 1564, in _connect
    comm = await connect(
  File "/opt/conda/envs/gdf/lib/python3.9/site-packages/distributed/comm/core.py", line 377, in connect
    handshake = await comm.read()
  File "/opt/conda/envs/gdf/lib/python3.9/site-packages/distributed/utils.py", line 832, in wrapper
    return await func(*args, **kwargs)
  File "/opt/conda/envs/gdf/lib/python3.9/site-packages/distributed/comm/ucx.py", line 368, in read
    raise CommClosedError(
distributed.comm.core.CommClosedError: Connection closed by writer.
Inner exception: UCXCanceled("<[Recv #000] ep: 0x7f10f370d300, tag: 0xa2b9b6c00e1837ee, nbytes: 16, type: <class 'numpy.ndarray'>>: ")
2024-05-06 06:50:54,994 - distributed.scheduler - WARNING - Removing worker 'ucx://127.0.0.1:36437' caused the cluster to lose already computed task(s), which will be recomputed elsewhere: {('random_sample-75ff6d41f7123e099c377155ffdc59c1', 4, 9), ('random_sample-75ff6d41f7123e099c377155ffdc59c1', 2, 2), ('random_sample-75ff6d41f7123e099c377155ffdc59c1', 2, 5), ('random_sample-75ff6d41f7123e099c377155ffdc59c1', 9, 5), ('random_sample-75ff6d41f7123e099c377155ffdc59c1', 0, 1), ('random_sample-75ff6d41f7123e099c377155ffdc59c1', 8, 7), ('sum-81c93de325d8736730dc24a6695ef16f', 2, 2), ('random_sample-75ff6d41f7123e099c377155ffdc59c1', 5, 7), ('random_sample-75ff6d41f7123e099c377155ffdc59c1', 3, 5), ('random_sample-75ff6d41f7123e099c377155ffdc59c1', 2, 9)} (stimulus_id='handle-worker-cleanup-1714978254.9944546')
2024-05-06 06:50:55,096 - distributed.worker - ERROR - Worker stream died during communication: ucx://127.0.0.1:41805
Traceback (most recent call last):
  File "/opt/conda/envs/gdf/lib/python3.9/site-packages/distributed/comm/ucx.py", line 350, in read
    await self.ep.recv(msg)
  File "/opt/conda/envs/gdf/lib/python3.9/site-packages/ucp/core.py", line 737, in recv
    ret = await comm.tag_recv(self._ep, buffer, nbytes, tag, name=log)
ucp._libs.exceptions.UCXCanceled: <[Recv #003] ep: 0x7f975811d1c0, tag: 0xb1a8f06c62d985a9, nbytes: 16, type: <class 'numpy.ndarray'>>: 

During handling of the above exception, another exception occurred:

Traceback (most recent call last):
  File "/opt/conda/envs/gdf/lib/python3.9/site-packages/distributed/worker.py", line 2059, in gather_dep
    response = await get_data_from_worker(
  File "/opt/conda/envs/gdf/lib/python3.9/site-packages/distributed/worker.py", line 2863, in get_data_from_worker
    response = await send_recv(
  File "/opt/conda/envs/gdf/lib/python3.9/site-packages/distributed/core.py", line 1154, in send_recv
    response = await comm.read(deserializers=deserializers)
  File "/opt/conda/envs/gdf/lib/python3.9/site-packages/distributed/utils.py", line 832, in wrapper
    return await func(*args, **kwargs)
  File "/opt/conda/envs/gdf/lib/python3.9/site-packages/distributed/comm/ucx.py", line 368, in read
    raise CommClosedError(
distributed.comm.core.CommClosedError: Connection closed by writer.
Inner exception: UCXCanceled("<[Recv #003] ep: 0x7f975811d1c0, tag: 0xb1a8f06c62d985a9, nbytes: 16, type: <class 'numpy.ndarray'>>: ")
2024-05-06 06:50:55,097 - distributed.scheduler - WARNING - Removing worker 'ucx://127.0.0.1:41805' caused the cluster to lose already computed task(s), which will be recomputed elsewhere: {('sum-81c93de325d8736730dc24a6695ef16f', 4, 8), ('random_sample-75ff6d41f7123e099c377155ffdc59c1', 4, 6), ('random_sample-75ff6d41f7123e099c377155ffdc59c1', 9, 2), ('random_sample-75ff6d41f7123e099c377155ffdc59c1', 1, 8), ('sum-81c93de325d8736730dc24a6695ef16f', 0, 4), ('sum-81c93de325d8736730dc24a6695ef16f', 4, 0), ('sum-81c93de325d8736730dc24a6695ef16f', 4, 6), ('random_sample-75ff6d41f7123e099c377155ffdc59c1', 1, 4), ('sum-81c93de325d8736730dc24a6695ef16f', 5, 0), ('random_sample-75ff6d41f7123e099c377155ffdc59c1', 6, 0), ('sum-81c93de325d8736730dc24a6695ef16f', 8, 4), ('random_sample-75ff6d41f7123e099c377155ffdc59c1', 8, 4), ('random_sample-75ff6d41f7123e099c377155ffdc59c1', 0, 4), ('sum-81c93de325d8736730dc24a6695ef16f', 8, 6), ('sum-81c93de325d8736730dc24a6695ef16f', 6, 4), ('random_sample-75ff6d41f7123e099c377155ffdc59c1', 3, 8)} (stimulus_id='handle-worker-cleanup-1714978255.097311')
2024-05-06 06:50:55,097 - distributed.worker - ERROR - failed during get data with ucx://127.0.0.1:35691 -> ucx://127.0.0.1:41805
Traceback (most recent call last):
  File "/opt/conda/envs/gdf/lib/python3.9/site-packages/distributed/comm/ucx.py", line 334, in write
    await self.ep.send(each_frame)
  File "/opt/conda/envs/gdf/lib/python3.9/site-packages/ucp/core.py", line 662, in send
    return await comm.tag_send(self._ep, buffer, nbytes, tag, name=log)
ucp._libs.exceptions.UCXError: <[Send #007] ep: 0x7f975811d300, tag: 0xb5ade65029e5e065, nbytes: 50000000, type: <class 'cupy.ndarray'>>: Connection reset by remote peer

During handling of the above exception, another exception occurred:

Traceback (most recent call last):
  File "/opt/conda/envs/gdf/lib/python3.9/site-packages/distributed/worker.py", line 1782, in get_data
    compressed = await comm.write(msg, serializers=serializers)
  File "/opt/conda/envs/gdf/lib/python3.9/site-packages/distributed/utils.py", line 832, in wrapper
    return await func(*args, **kwargs)
  File "/opt/conda/envs/gdf/lib/python3.9/site-packages/distributed/comm/ucx.py", line 338, in write
    raise CommClosedError("While writing, the connection was closed")
distributed.comm.core.CommClosedError: While writing, the connection was closed
2024-05-06 06:50:55,101 - distributed.worker - ERROR - failed during get data with ucx://127.0.0.1:35691 -> ucx://127.0.0.1:38999
Traceback (most recent call last):
  File "/opt/conda/envs/gdf/lib/python3.9/site-packages/distributed/comm/ucx.py", line 334, in write
    await self.ep.send(each_frame)
  File "/opt/conda/envs/gdf/lib/python3.9/site-packages/ucp/core.py", line 662, in send
    return await comm.tag_send(self._ep, buffer, nbytes, tag, name=log)
ucp._libs.exceptions.UCXError: <[Send #007] ep: 0x7f975811d2c0, tag: 0x830482fd8f605bd9, nbytes: 50000000, type: <class 'cupy.ndarray'>>: Connection reset by remote peer

During handling of the above exception, another exception occurred:

Traceback (most recent call last):
  File "/opt/conda/envs/gdf/lib/python3.9/site-packages/distributed/worker.py", line 1782, in get_data
    compressed = await comm.write(msg, serializers=serializers)
  File "/opt/conda/envs/gdf/lib/python3.9/site-packages/distributed/utils.py", line 832, in wrapper
    return await func(*args, **kwargs)
  File "/opt/conda/envs/gdf/lib/python3.9/site-packages/distributed/comm/ucx.py", line 338, in write
    raise CommClosedError("While writing, the connection was closed")
distributed.comm.core.CommClosedError: While writing, the connection was closed
2024-05-06 06:50:55,102 - distributed.worker - ERROR - Worker stream died during communication: ucx://127.0.0.1:38999
Traceback (most recent call last):
  File "/opt/conda/envs/gdf/lib/python3.9/site-packages/distributed/comm/ucx.py", line 392, in read
    await self.ep.recv(each_frame)
  File "/opt/conda/envs/gdf/lib/python3.9/site-packages/ucp/core.py", line 737, in recv
    ret = await comm.tag_recv(self._ep, buffer, nbytes, tag, name=log)
ucp._libs.exceptions.UCXError: <[Recv #007] ep: 0x7f975811d100, tag: 0xc34e8b0d809a3168, nbytes: 50000000, type: <class 'rmm._lib.device_buffer.DeviceBuffer'>>: Connection reset by remote peer

During handling of the above exception, another exception occurred:

Traceback (most recent call last):
  File "/opt/conda/envs/gdf/lib/python3.9/site-packages/distributed/worker.py", line 2059, in gather_dep
    response = await get_data_from_worker(
  File "/opt/conda/envs/gdf/lib/python3.9/site-packages/distributed/worker.py", line 2863, in get_data_from_worker
    response = await send_recv(
  File "/opt/conda/envs/gdf/lib/python3.9/site-packages/distributed/core.py", line 1154, in send_recv
    response = await comm.read(deserializers=deserializers)
  File "/opt/conda/envs/gdf/lib/python3.9/site-packages/distributed/utils.py", line 832, in wrapper
    return await func(*args, **kwargs)
  File "/opt/conda/envs/gdf/lib/python3.9/site-packages/distributed/comm/ucx.py", line 398, in read
    raise CommClosedError(
distributed.comm.core.CommClosedError: Connection closed by writer.
Inner exception: UCXError("<[Recv #007] ep: 0x7f975811d100, tag: 0xc34e8b0d809a3168, nbytes: 50000000, type: <class 'rmm._lib.device_buffer.DeviceBuffer'>>: Connection reset by remote peer")
2024-05-06 06:50:55,103 - distributed.scheduler - WARNING - Removing worker 'ucx://127.0.0.1:38999' caused the cluster to lose already computed task(s), which will be recomputed elsewhere: {('random_sample-75ff6d41f7123e099c377155ffdc59c1', 3, 1), ('random_sample-75ff6d41f7123e099c377155ffdc59c1', 3, 7), ('random_sample-75ff6d41f7123e099c377155ffdc59c1', 4, 5), ('random_sample-75ff6d41f7123e099c377155ffdc59c1', 4, 8), ('random_sample-75ff6d41f7123e099c377155ffdc59c1', 9, 4), ('random_sample-75ff6d41f7123e099c377155ffdc59c1', 1, 3), ('sum-81c93de325d8736730dc24a6695ef16f', 1, 3), ('random_sample-75ff6d41f7123e099c377155ffdc59c1', 6, 5), ('random_sample-75ff6d41f7123e099c377155ffdc59c1', 6, 8), ('sum-81c93de325d8736730dc24a6695ef16f', 5, 6), ('sum-81c93de325d8736730dc24a6695ef16f', 6, 5), ('sum-81c93de325d8736730dc24a6695ef16f', 6, 8), ('random_sample-75ff6d41f7123e099c377155ffdc59c1', 7, 3), ('random_sample-75ff6d41f7123e099c377155ffdc59c1', 0, 3), ('sum-81c93de325d8736730dc24a6695ef16f', 7, 3), ('random_sample-75ff6d41f7123e099c377155ffdc59c1', 6, 4), ('sum-81c93de325d8736730dc24a6695ef16f', 3, 1), ('random_sample-75ff6d41f7123e099c377155ffdc59c1', 1, 7), ('sum-81c93de325d8736730dc24a6695ef16f', 3, 7), ('random_sample-75ff6d41f7123e099c377155ffdc59c1', 8, 6)} (stimulus_id='handle-worker-cleanup-1714978255.1035419')
2024-05-06 06:50:55,109 - distributed.worker - ERROR - Worker stream died during communication: ucx://127.0.0.1:38999
Traceback (most recent call last):
  File "/opt/conda/envs/gdf/lib/python3.9/site-packages/distributed/comm/ucx.py", line 467, in connect
    ep = await ucp.create_endpoint(ip, port)
  File "/opt/conda/envs/gdf/lib/python3.9/site-packages/ucp/core.py", line 1016, in create_endpoint
    return await _get_ctx().create_endpoint(
  File "/opt/conda/envs/gdf/lib/python3.9/site-packages/ucp/core.py", line 328, in create_endpoint
    peer_info = await exchange_peer_info(
  File "/opt/conda/envs/gdf/lib/python3.9/site-packages/ucp/core.py", line 60, in exchange_peer_info
    await asyncio.wait_for(
  File "/opt/conda/envs/gdf/lib/python3.9/asyncio/tasks.py", line 479, in wait_for
    return fut.result()
ucp._libs.exceptions.UCXError: <stream_recv>: Connection reset by remote peer

During handling of the above exception, another exception occurred:

Traceback (most recent call last):
  File "/opt/conda/envs/gdf/lib/python3.9/site-packages/distributed/comm/core.py", line 342, in connect
    comm = await wait_for(
  File "/opt/conda/envs/gdf/lib/python3.9/site-packages/distributed/utils.py", line 1961, in wait_for
    return await asyncio.wait_for(fut, timeout)
  File "/opt/conda/envs/gdf/lib/python3.9/asyncio/tasks.py", line 479, in wait_for
    return fut.result()
  File "/opt/conda/envs/gdf/lib/python3.9/site-packages/distributed/comm/ucx.py", line 469, in connect
    raise CommClosedError("Connection closed before handshake completed")
distributed.comm.core.CommClosedError: Connection closed before handshake completed

During handling of the above exception, another exception occurred:

Traceback (most recent call last):
  File "/opt/conda/envs/gdf/lib/python3.9/site-packages/distributed/core.py", line 1564, in _connect
    comm = await connect(
  File "/opt/conda/envs/gdf/lib/python3.9/site-packages/distributed/comm/core.py", line 366, in connect
    await asyncio.sleep(backoff)
  File "/opt/conda/envs/gdf/lib/python3.9/asyncio/tasks.py", line 652, in sleep
    return await future
asyncio.exceptions.CancelledError

During handling of the above exception, another exception occurred:

Traceback (most recent call last):
  File "/opt/conda/envs/gdf/lib/python3.9/site-packages/distributed/core.py", line 1674, in connect
    return connect_attempt.result()
asyncio.exceptions.CancelledError

During handling of the above exception, another exception occurred:

Traceback (most recent call last):
  File "/opt/conda/envs/gdf/lib/python3.9/site-packages/distributed/worker.py", line 2059, in gather_dep
    response = await get_data_from_worker(
  File "/opt/conda/envs/gdf/lib/python3.9/site-packages/distributed/worker.py", line 2860, in get_data_from_worker
    comm = await rpc.connect(worker)
  File "/opt/conda/envs/gdf/lib/python3.9/site-packages/distributed/core.py", line 1676, in connect
    raise CommClosedError(reason)
distributed.comm.core.CommClosedError: Address removed.
2024-05-06 06:50:56,982 - distributed.nanny - WARNING - Restarting worker
2024-05-06 06:50:57,847 - distributed.nanny - WARNING - Restarting worker
2024-05-06 06:50:57,871 - distributed.nanny - WARNING - Restarting worker
2024-05-06 06:50:57,873 - distributed.nanny - WARNING - Restarting worker
2024-05-06 06:50:57,886 - distributed.nanny - WARNING - Restarting worker
[dgx13:85094:0:85094] Caught signal 11 (Segmentation fault: address not mapped to object at address 0x448)
==== backtrace (tid:  85094) ====
 0  /opt/conda/envs/gdf/lib/libucs.so.0(ucs_handle_error+0x2fd) [0x7fa32784f07d]
 1  /opt/conda/envs/gdf/lib/libucs.so.0(+0x2a274) [0x7fa32784f274]
 2  /opt/conda/envs/gdf/lib/libucs.so.0(+0x2a43a) [0x7fa32784f43a]
 3  /usr/lib/x86_64-linux-gnu/libpthread.so.0(+0x14420) [0x7fa3650d2420]
 4  /opt/conda/envs/gdf/lib/libucp.so.0(ucp_mem_type_unpack+0x14) [0x7fa3278ce6b4]
 5  /opt/conda/envs/gdf/lib/libucp.so.0(ucp_rndv_data_handler+0x4e9) [0x7fa3278f7839]
 6  /opt/conda/envs/gdf/lib/libuct.so.0(+0x203df) [0x7fa3278093df]
 7  /opt/conda/envs/gdf/lib/libuct.so.0(+0x23838) [0x7fa32780c838]
 8  /opt/conda/envs/gdf/lib/libucs.so.0(ucs_event_set_wait+0xb9) [0x7fa3278584a9]
 9  /opt/conda/envs/gdf/lib/libuct.so.0(uct_tcp_iface_progress+0x7d) [0x7fa32780b5dd]
10  /opt/conda/envs/gdf/lib/libucp.so.0(ucp_worker_progress+0x5a) [0x7fa3278cb8da]
11  /opt/conda/envs/gdf/lib/python3.9/site-packages/ucp/_libs/ucx_api.cpython-39-x86_64-linux-gnu.so(+0x3206a) [0x7fa32798406a]
12  /opt/conda/envs/gdf/bin/python(_PyEval_EvalFrameDefault+0x45a6) [0x55e5d42a2516]
13  /opt/conda/envs/gdf/bin/python(+0x12e184) [0x55e5d429d184]
14  /opt/conda/envs/gdf/bin/python(_PyFunction_Vectorcall+0xd9) [0x55e5d42ae559]
15  /opt/conda/envs/gdf/bin/python(_PyEval_EvalFrameDefault+0x696) [0x55e5d429e606]
16  /opt/conda/envs/gdf/bin/python(+0x13f802) [0x55e5d42ae802]
17  /opt/conda/envs/gdf/bin/python(+0x14cbb3) [0x55e5d42bbbb3]
18  /opt/conda/envs/gdf/bin/python(+0x25842c) [0x55e5d43c742c]
19  /opt/conda/envs/gdf/bin/python(+0xf266c) [0x55e5d426166c]
20  /opt/conda/envs/gdf/bin/python(+0x136833) [0x55e5d42a5833]
21  /opt/conda/envs/gdf/bin/python(_PyEval_EvalFrameDefault+0x58b4) [0x55e5d42a3824]
22  /opt/conda/envs/gdf/bin/python(+0x13f802) [0x55e5d42ae802]
23  /opt/conda/envs/gdf/bin/python(_PyEval_EvalFrameDefault+0x696) [0x55e5d429e606]
24  /opt/conda/envs/gdf/bin/python(+0x13f802) [0x55e5d42ae802]
25  /opt/conda/envs/gdf/bin/python(_PyEval_EvalFrameDefault+0x696) [0x55e5d429e606]
26  /opt/conda/envs/gdf/bin/python(+0x13f802) [0x55e5d42ae802]
27  /opt/conda/envs/gdf/bin/python(_PyEval_EvalFrameDefault+0x696) [0x55e5d429e606]
28  /opt/conda/envs/gdf/bin/python(+0x13f802) [0x55e5d42ae802]
29  /opt/conda/envs/gdf/bin/python(_PyEval_EvalFrameDefault+0x696) [0x55e5d429e606]
30  /opt/conda/envs/gdf/bin/python(+0x12e184) [0x55e5d429d184]
31  /opt/conda/envs/gdf/bin/python(_PyFunction_Vectorcall+0xd9) [0x55e5d42ae559]
32  /opt/conda/envs/gdf/bin/python(_PyEval_EvalFrameDefault+0x11f2) [0x55e5d429f162]
33  /opt/conda/envs/gdf/bin/python(+0x12e184) [0x55e5d429d184]
34  /opt/conda/envs/gdf/bin/python(+0x14c9fb) [0x55e5d42bb9fb]
35  /opt/conda/envs/gdf/bin/python(PyObject_Call+0xbc) [0x55e5d42bc17c]
36  /opt/conda/envs/gdf/bin/python(+0x2109ce) [0x55e5d437f9ce]
37  /opt/conda/envs/gdf/bin/python(_PyObject_MakeTpCall+0x2ec) [0x55e5d42a67ac]
38  /opt/conda/envs/gdf/bin/python(_PyEval_EvalFrameDefault+0x45a6) [0x55e5d42a2516]
39  /opt/conda/envs/gdf/bin/python(+0x13f802) [0x55e5d42ae802]
40  /opt/conda/envs/gdf/bin/python(+0x14cadc) [0x55e5d42bbadc]
41  /opt/conda/envs/gdf/bin/python(_PyEval_EvalFrameDefault+0x45a6) [0x55e5d42a2516]
42  /opt/conda/envs/gdf/bin/python(+0x13f802) [0x55e5d42ae802]
43  /opt/conda/envs/gdf/bin/python(_PyEval_EvalFrameDefault+0x696) [0x55e5d429e606]
44  /opt/conda/envs/gdf/bin/python(+0x12e184) [0x55e5d429d184]
45  /opt/conda/envs/gdf/bin/python(_PyFunction_Vectorcall+0xd9) [0x55e5d42ae559]
46  /opt/conda/envs/gdf/bin/python(_PyEval_EvalFrameDefault+0x696) [0x55e5d429e606]
47  /opt/conda/envs/gdf/bin/python(+0x13f802) [0x55e5d42ae802]
48  /opt/conda/envs/gdf/bin/python(_PyEval_EvalFrameDefault+0x3e2) [0x55e5d429e352]
49  /opt/conda/envs/gdf/bin/python(+0x12e184) [0x55e5d429d184]
50  /opt/conda/envs/gdf/bin/python(_PyFunction_Vectorcall+0xd9) [0x55e5d42ae559]
51  /opt/conda/envs/gdf/bin/python(_PyEval_EvalFrameDefault+0x11f2) [0x55e5d429f162]
52  /opt/conda/envs/gdf/bin/python(+0x12e184) [0x55e5d429d184]
53  /opt/conda/envs/gdf/bin/python(_PyEval_EvalCodeWithName+0x48) [0x55e5d429ce58]
54  /opt/conda/envs/gdf/bin/python(PyEval_EvalCodeEx+0x39) [0x55e5d429ce09]
55  /opt/conda/envs/gdf/bin/python(PyEval_EvalCode+0x1b) [0x55e5d434a4ab]
56  /opt/conda/envs/gdf/bin/python(+0x20887a) [0x55e5d437787a]
57  /opt/conda/envs/gdf/bin/python(+0x204c03) [0x55e5d4373c03]
58  /opt/conda/envs/gdf/bin/python(PyRun_StringFlags+0x9a) [0x55e5d436ba1a]
59  /opt/conda/envs/gdf/bin/python(PyRun_SimpleStringFlags+0x3c) [0x55e5d436b90c]
60  /opt/conda/envs/gdf/bin/python(Py_RunMain+0x267) [0x55e5d436ab47]
61  /opt/conda/envs/gdf/bin/python(Py_BytesMain+0x37) [0x55e5d433e2e7]
=================================
2024-05-06 06:51:50,539 - distributed.worker - ERROR - failed during get data with ucx://127.0.0.1:39857 -> ucx://127.0.0.1:43261
Traceback (most recent call last):
  File "/opt/conda/envs/gdf/lib/python3.9/site-packages/distributed/comm/ucx.py", line 334, in write
    await self.ep.send(each_frame)
  File "/opt/conda/envs/gdf/lib/python3.9/site-packages/ucp/core.py", line 662, in send
    return await comm.tag_send(self._ep, buffer, nbytes, tag, name=log)
ucp._libs.exceptions.UCXError: <[Send #007] ep: 0x7febec5b4100, tag: 0xf61c545d0fda68dc, nbytes: 50000000, type: <class 'cupy.ndarray'>>: Connection reset by remote peer

During handling of the above exception, another exception occurred:

Traceback (most recent call last):
  File "/opt/conda/envs/gdf/lib/python3.9/site-packages/distributed/worker.py", line 1782, in get_data
    compressed = await comm.write(msg, serializers=serializers)
  File "/opt/conda/envs/gdf/lib/python3.9/site-packages/distributed/utils.py", line 832, in wrapper
    return await func(*args, **kwargs)
  File "/opt/conda/envs/gdf/lib/python3.9/site-packages/distributed/comm/ucx.py", line 338, in write
    raise CommClosedError("While writing, the connection was closed")
distributed.comm.core.CommClosedError: While writing, the connection was closed
2024-05-06 06:51:52,354 - distributed.nanny - WARNING - Restarting worker
/opt/conda/envs/gdf/lib/python3.9/multiprocessing/resource_tracker.py:216: UserWarning: resource_tracker: There appear to be 48 leaked semaphore objects to clean up at shutdown
  warnings.warn('resource_tracker: There appear to be %d '
