[dgx13:98832:0:98832] Caught signal 11 (Segmentation fault: address not mapped to object at address 0x450)
==== backtrace (tid:  98832) ====
 0  /opt/conda/envs/gdf/lib/libucs.so.0(ucs_handle_error+0x2fd) [0x7fbcc8101cfd]
 1  /opt/conda/envs/gdf/lib/libucs.so.0(+0x2def4) [0x7fbcc8101ef4]
 2  /opt/conda/envs/gdf/lib/libucs.so.0(+0x2e0ba) [0x7fbcc81020ba]
 3  /usr/lib/x86_64-linux-gnu/libpthread.so.0(+0x14420) [0x7fbd0c8c7420]
 4  /opt/conda/envs/gdf/lib/libucp.so.0(ucp_mem_type_unpack+0x17) [0x7fbcc8185197]
 5  /opt/conda/envs/gdf/lib/libucp.so.0(ucp_rndv_data_handler+0x65d) [0x7fbcc81af64d]
 6  /opt/conda/envs/gdf/lib/libuct.so.0(+0x21bdf) [0x7fbcc80b7bdf]
 7  /opt/conda/envs/gdf/lib/libuct.so.0(+0x24db8) [0x7fbcc80badb8]
 8  /opt/conda/envs/gdf/lib/libucs.so.0(ucs_event_set_wait+0xb9) [0x7fbcc810b619]
 9  /opt/conda/envs/gdf/lib/libuct.so.0(uct_tcp_iface_progress+0x7d) [0x7fbcc80b9ecd]
10  /opt/conda/envs/gdf/lib/libucp.so.0(ucp_worker_progress+0x5a) [0x7fbcc8181eea]
11  /opt/conda/envs/gdf/lib/python3.10/site-packages/ucp/_libs/ucx_api.cpython-310-x86_64-linux-gnu.so(+0x31d7a) [0x7fbcc8242d7a]
12  /opt/conda/envs/gdf/bin/python(_PyEval_EvalFrameDefault+0x2d62) [0x55b5eb90dce2]
13  /opt/conda/envs/gdf/bin/python(_PyFunction_Vectorcall+0x6c) [0x55b5eb91b0cc]
14  /opt/conda/envs/gdf/bin/python(_PyEval_EvalFrameDefault+0x700) [0x55b5eb90b680]
15  /opt/conda/envs/gdf/bin/python(+0x147764) [0x55b5eb926764]
16  /opt/conda/envs/gdf/bin/python(+0x25292c) [0x55b5eba3192c]
17  /opt/conda/envs/gdf/bin/python(+0xf7850) [0x55b5eb8d6850]
18  /opt/conda/envs/gdf/bin/python(+0x133703) [0x55b5eb912703]
19  /opt/conda/envs/gdf/bin/python(_PyEval_EvalFrameDefault+0x596c) [0x55b5eb9108ec]
20  /opt/conda/envs/gdf/bin/python(_PyFunction_Vectorcall+0x6c) [0x55b5eb91b0cc]
21  /opt/conda/envs/gdf/bin/python(_PyEval_EvalFrameDefault+0x700) [0x55b5eb90b680]
22  /opt/conda/envs/gdf/bin/python(_PyFunction_Vectorcall+0x6c) [0x55b5eb91b0cc]
23  /opt/conda/envs/gdf/bin/python(_PyEval_EvalFrameDefault+0x700) [0x55b5eb90b680]
24  /opt/conda/envs/gdf/bin/python(_PyFunction_Vectorcall+0x6c) [0x55b5eb91b0cc]
25  /opt/conda/envs/gdf/bin/python(_PyEval_EvalFrameDefault+0x700) [0x55b5eb90b680]
26  /opt/conda/envs/gdf/bin/python(_PyFunction_Vectorcall+0x6c) [0x55b5eb91b0cc]
27  /opt/conda/envs/gdf/bin/python(_PyEval_EvalFrameDefault+0x700) [0x55b5eb90b680]
28  /opt/conda/envs/gdf/bin/python(_PyFunction_Vectorcall+0x6c) [0x55b5eb91b0cc]
29  /opt/conda/envs/gdf/bin/python(_PyEval_EvalFrameDefault+0x133e) [0x55b5eb90c2be]
30  /opt/conda/envs/gdf/bin/python(+0x1474e2) [0x55b5eb9264e2]
31  /opt/conda/envs/gdf/bin/python(PyObject_Call+0xbc) [0x55b5eb926e7c]
32  /opt/conda/envs/gdf/bin/python(+0x1ff38d) [0x55b5eb9de38d]
33  /opt/conda/envs/gdf/bin/python(_PyObject_MakeTpCall+0x2d3) [0x55b5eb913f73]
34  /opt/conda/envs/gdf/bin/python(_PyEval_EvalFrameDefault+0x2d62) [0x55b5eb90dce2]
35  /opt/conda/envs/gdf/bin/python(+0x147638) [0x55b5eb926638]
36  /opt/conda/envs/gdf/bin/python(_PyEval_EvalFrameDefault+0x2d62) [0x55b5eb90dce2]
37  /opt/conda/envs/gdf/bin/python(_PyFunction_Vectorcall+0x6c) [0x55b5eb91b0cc]
38  /opt/conda/envs/gdf/bin/python(_PyEval_EvalFrameDefault+0x700) [0x55b5eb90b680]
39  /opt/conda/envs/gdf/bin/python(_PyFunction_Vectorcall+0x6c) [0x55b5eb91b0cc]
40  /opt/conda/envs/gdf/bin/python(_PyEval_EvalFrameDefault+0x700) [0x55b5eb90b680]
41  /opt/conda/envs/gdf/bin/python(_PyFunction_Vectorcall+0x6c) [0x55b5eb91b0cc]
42  /opt/conda/envs/gdf/bin/python(_PyEval_EvalFrameDefault+0x30c) [0x55b5eb90b28c]
43  /opt/conda/envs/gdf/bin/python(_PyFunction_Vectorcall+0x6c) [0x55b5eb91b0cc]
44  /opt/conda/envs/gdf/bin/python(_PyEval_EvalFrameDefault+0x133e) [0x55b5eb90c2be]
45  /opt/conda/envs/gdf/bin/python(+0x1cc80c) [0x55b5eb9ab80c]
46  /opt/conda/envs/gdf/bin/python(PyEval_EvalCode+0x87) [0x55b5eb9ab757]
47  /opt/conda/envs/gdf/bin/python(+0x1fcb1a) [0x55b5eb9dbb1a]
48  /opt/conda/envs/gdf/bin/python(+0x1f7fa3) [0x55b5eb9d6fa3]
49  /opt/conda/envs/gdf/bin/python(PyRun_StringFlags+0x7d) [0x55b5eb9cf73d]
50  /opt/conda/envs/gdf/bin/python(PyRun_SimpleStringFlags+0x3c) [0x55b5eb9cf57c]
51  /opt/conda/envs/gdf/bin/python(Py_RunMain+0x3ba) [0x55b5eb9ce77a]
52  /opt/conda/envs/gdf/bin/python(Py_BytesMain+0x37) [0x55b5eb99ee97]
53  /usr/lib/x86_64-linux-gnu/libc.so.6(__libc_start_main+0xf3) [0x7fbd0c58b083]
54  /opt/conda/envs/gdf/bin/python(+0x1bfdae) [0x55b5eb99edae]
=================================
[dgx13:98844:0:98844] Caught signal 11 (Segmentation fault: address not mapped to object at address 0x450)
==== backtrace (tid:  98844) ====
 0  /opt/conda/envs/gdf/lib/libucs.so.0(ucs_handle_error+0x2fd) [0x7f5597657cfd]
 1  /opt/conda/envs/gdf/lib/libucs.so.0(+0x2def4) [0x7f5597657ef4]
 2  /opt/conda/envs/gdf/lib/libucs.so.0(+0x2e0ba) [0x7f55976580ba]
 3  /usr/lib/x86_64-linux-gnu/libpthread.so.0(+0x14420) [0x7f55dfe36420]
 4  /opt/conda/envs/gdf/lib/libucp.so.0(ucp_mem_type_unpack+0x17) [0x7f55976db197]
 5  /opt/conda/envs/gdf/lib/libucp.so.0(ucp_rndv_data_handler+0x65d) [0x7f559770564d]
 6  /opt/conda/envs/gdf/lib/libuct.so.0(+0x21bdf) [0x7f559760dbdf]
 7  /opt/conda/envs/gdf/lib/libuct.so.0(+0x24db8) [0x7f5597610db8]
 8  /opt/conda/envs/gdf/lib/libucs.so.0(ucs_event_set_wait+0xb9) [0x7f5597661619]
 9  /opt/conda/envs/gdf/lib/libuct.so.0(uct_tcp_iface_progress+0x7d) [0x7f559760fecd]
10  /opt/conda/envs/gdf/lib/libucp.so.0(ucp_worker_progress+0x5a) [0x7f55976d7eea]
11  /opt/conda/envs/gdf/lib/python3.10/site-packages/ucp/_libs/ucx_api.cpython-310-x86_64-linux-gnu.so(+0x31d7a) [0x7f5597798d7a]
12  /opt/conda/envs/gdf/bin/python(_PyEval_EvalFrameDefault+0x2d62) [0x55eca56edce2]
13  /opt/conda/envs/gdf/bin/python(_PyFunction_Vectorcall+0x6c) [0x55eca56fb0cc]
14  /opt/conda/envs/gdf/bin/python(_PyEval_EvalFrameDefault+0x700) [0x55eca56eb680]
15  /opt/conda/envs/gdf/bin/python(+0x1d6029) [0x55eca5795029]
16  /opt/conda/envs/gdf/lib/python3.10/lib-dynload/_asyncio.cpython-310-x86_64-linux-gnu.so(+0x7782) [0x7f55c5c42782]
17  /opt/conda/envs/gdf/bin/python(_PyObject_MakeTpCall+0x2d3) [0x55eca56f3f73]
18  /opt/conda/envs/gdf/bin/python(+0xf7850) [0x55eca56b6850]
19  /opt/conda/envs/gdf/bin/python(+0x133703) [0x55eca56f2703]
20  /opt/conda/envs/gdf/bin/python(_PyEval_EvalFrameDefault+0x596c) [0x55eca56f08ec]
21  /opt/conda/envs/gdf/bin/python(_PyFunction_Vectorcall+0x6c) [0x55eca56fb0cc]
22  /opt/conda/envs/gdf/bin/python(_PyEval_EvalFrameDefault+0x700) [0x55eca56eb680]
23  /opt/conda/envs/gdf/bin/python(_PyFunction_Vectorcall+0x6c) [0x55eca56fb0cc]
24  /opt/conda/envs/gdf/bin/python(_PyEval_EvalFrameDefault+0x700) [0x55eca56eb680]
25  /opt/conda/envs/gdf/bin/python(_PyFunction_Vectorcall+0x6c) [0x55eca56fb0cc]
26  /opt/conda/envs/gdf/bin/python(_PyEval_EvalFrameDefault+0x700) [0x55eca56eb680]
27  /opt/conda/envs/gdf/bin/python(_PyFunction_Vectorcall+0x6c) [0x55eca56fb0cc]
28  /opt/conda/envs/gdf/bin/python(_PyEval_EvalFrameDefault+0x700) [0x55eca56eb680]
29  /opt/conda/envs/gdf/bin/python(_PyFunction_Vectorcall+0x6c) [0x55eca56fb0cc]
30  /opt/conda/envs/gdf/bin/python(_PyEval_EvalFrameDefault+0x133e) [0x55eca56ec2be]
31  /opt/conda/envs/gdf/bin/python(+0x1474e2) [0x55eca57064e2]
32  /opt/conda/envs/gdf/bin/python(PyObject_Call+0xbc) [0x55eca5706e7c]
33  /opt/conda/envs/gdf/bin/python(+0x1ff38d) [0x55eca57be38d]
34  /opt/conda/envs/gdf/bin/python(_PyObject_MakeTpCall+0x2d3) [0x55eca56f3f73]
35  /opt/conda/envs/gdf/bin/python(_PyEval_EvalFrameDefault+0x2d62) [0x55eca56edce2]
36  /opt/conda/envs/gdf/bin/python(+0x147638) [0x55eca5706638]
37  /opt/conda/envs/gdf/bin/python(_PyEval_EvalFrameDefault+0x2d62) [0x55eca56edce2]
38  /opt/conda/envs/gdf/bin/python(_PyFunction_Vectorcall+0x6c) [0x55eca56fb0cc]
39  /opt/conda/envs/gdf/bin/python(_PyEval_EvalFrameDefault+0x700) [0x55eca56eb680]
40  /opt/conda/envs/gdf/bin/python(_PyFunction_Vectorcall+0x6c) [0x55eca56fb0cc]
41  /opt/conda/envs/gdf/bin/python(_PyEval_EvalFrameDefault+0x700) [0x55eca56eb680]
42  /opt/conda/envs/gdf/bin/python(_PyFunction_Vectorcall+0x6c) [0x55eca56fb0cc]
43  /opt/conda/envs/gdf/bin/python(_PyEval_EvalFrameDefault+0x30c) [0x55eca56eb28c]
44  /opt/conda/envs/gdf/bin/python(_PyFunction_Vectorcall+0x6c) [0x55eca56fb0cc]
45  /opt/conda/envs/gdf/bin/python(_PyEval_EvalFrameDefault+0x133e) [0x55eca56ec2be]
46  /opt/conda/envs/gdf/bin/python(+0x1cc80c) [0x55eca578b80c]
47  /opt/conda/envs/gdf/bin/python(PyEval_EvalCode+0x87) [0x55eca578b757]
48  /opt/conda/envs/gdf/bin/python(+0x1fcb1a) [0x55eca57bbb1a]
49  /opt/conda/envs/gdf/bin/python(+0x1f7fa3) [0x55eca57b6fa3]
50  /opt/conda/envs/gdf/bin/python(PyRun_StringFlags+0x7d) [0x55eca57af73d]
51  /opt/conda/envs/gdf/bin/python(PyRun_SimpleStringFlags+0x3c) [0x55eca57af57c]
52  /opt/conda/envs/gdf/bin/python(Py_RunMain+0x3ba) [0x55eca57ae77a]
53  /opt/conda/envs/gdf/bin/python(Py_BytesMain+0x37) [0x55eca577ee97]
54  /usr/lib/x86_64-linux-gnu/libc.so.6(__libc_start_main+0xf3) [0x7f55dfafa083]
55  /opt/conda/envs/gdf/bin/python(+0x1bfdae) [0x55eca577edae]
=================================
[dgx13:98817:0:98817] Caught signal 11 (Segmentation fault: address not mapped to object at address 0x450)
==== backtrace (tid:  98817) ====
 0  /opt/conda/envs/gdf/lib/libucs.so.0(ucs_handle_error+0x2fd) [0x7f1341fc9cfd]
 1  /opt/conda/envs/gdf/lib/libucs.so.0(+0x2def4) [0x7f1341fc9ef4]
 2  /opt/conda/envs/gdf/lib/libucs.so.0(+0x2e0ba) [0x7f1341fca0ba]
 3  /usr/lib/x86_64-linux-gnu/libpthread.so.0(+0x14420) [0x7f138a7e7420]
 4  /opt/conda/envs/gdf/lib/libucp.so.0(ucp_mem_type_unpack+0x17) [0x7f1354092197]
 5  /opt/conda/envs/gdf/lib/libucp.so.0(ucp_rndv_data_handler+0x65d) [0x7f13540bc64d]
 6  /opt/conda/envs/gdf/lib/libuct.so.0(+0x21bdf) [0x7f1354028bdf]
 7  /opt/conda/envs/gdf/lib/libuct.so.0(+0x24db8) [0x7f135402bdb8]
 8  /opt/conda/envs/gdf/lib/libucs.so.0(ucs_event_set_wait+0xb9) [0x7f1341fd3619]
 9  /opt/conda/envs/gdf/lib/libuct.so.0(uct_tcp_iface_progress+0x7d) [0x7f135402aecd]
10  /opt/conda/envs/gdf/lib/libucp.so.0(ucp_worker_progress+0x5a) [0x7f135408eeea]
11  /opt/conda/envs/gdf/lib/python3.10/site-packages/ucp/_libs/ucx_api.cpython-310-x86_64-linux-gnu.so(+0x31d7a) [0x7f135414fd7a]
12  /opt/conda/envs/gdf/bin/python(_PyEval_EvalFrameDefault+0x2d62) [0x55ccc08d5ce2]
13  /opt/conda/envs/gdf/bin/python(_PyFunction_Vectorcall+0x6c) [0x55ccc08e30cc]
14  /opt/conda/envs/gdf/bin/python(_PyEval_EvalFrameDefault+0x700) [0x55ccc08d3680]
15  /opt/conda/envs/gdf/bin/python(+0x147764) [0x55ccc08ee764]
16  /opt/conda/envs/gdf/bin/python(+0x25292c) [0x55ccc09f992c]
17  /opt/conda/envs/gdf/bin/python(+0xf7850) [0x55ccc089e850]
18  /opt/conda/envs/gdf/bin/python(+0x133703) [0x55ccc08da703]
19  /opt/conda/envs/gdf/bin/python(_PyEval_EvalFrameDefault+0x596c) [0x55ccc08d88ec]
20  /opt/conda/envs/gdf/bin/python(_PyFunction_Vectorcall+0x6c) [0x55ccc08e30cc]
21  /opt/conda/envs/gdf/bin/python(_PyEval_EvalFrameDefault+0x700) [0x55ccc08d3680]
22  /opt/conda/envs/gdf/bin/python(_PyFunction_Vectorcall+0x6c) [0x55ccc08e30cc]
23  /opt/conda/envs/gdf/bin/python(_PyEval_EvalFrameDefault+0x700) [0x55ccc08d3680]
24  /opt/conda/envs/gdf/bin/python(_PyFunction_Vectorcall+0x6c) [0x55ccc08e30cc]
25  /opt/conda/envs/gdf/bin/python(_PyEval_EvalFrameDefault+0x700) [0x55ccc08d3680]
26  /opt/conda/envs/gdf/bin/python(_PyFunction_Vectorcall+0x6c) [0x55ccc08e30cc]
27  /opt/conda/envs/gdf/bin/python(_PyEval_EvalFrameDefault+0x700) [0x55ccc08d3680]
28  /opt/conda/envs/gdf/bin/python(_PyFunction_Vectorcall+0x6c) [0x55ccc08e30cc]
29  /opt/conda/envs/gdf/bin/python(_PyEval_EvalFrameDefault+0x133e) [0x55ccc08d42be]
30  /opt/conda/envs/gdf/bin/python(+0x1474e2) [0x55ccc08ee4e2]
31  /opt/conda/envs/gdf/bin/python(PyObject_Call+0xbc) [0x55ccc08eee7c]
32  /opt/conda/envs/gdf/bin/python(+0x1ff38d) [0x55ccc09a638d]
33  /opt/conda/envs/gdf/bin/python(_PyObject_MakeTpCall+0x2d3) [0x55ccc08dbf73]
34  /opt/conda/envs/gdf/bin/python(_PyEval_EvalFrameDefault+0x2d62) [0x55ccc08d5ce2]
35  /opt/conda/envs/gdf/bin/python(+0x147638) [0x55ccc08ee638]
36  /opt/conda/envs/gdf/bin/python(_PyEval_EvalFrameDefault+0x2d62) [0x55ccc08d5ce2]
37  /opt/conda/envs/gdf/bin/python(_PyFunction_Vectorcall+0x6c) [0x55ccc08e30cc]
38  /opt/conda/envs/gdf/bin/python(_PyEval_EvalFrameDefault+0x700) [0x55ccc08d3680]
39  /opt/conda/envs/gdf/bin/python(_PyFunction_Vectorcall+0x6c) [0x55ccc08e30cc]
40  /opt/conda/envs/gdf/bin/python(_PyEval_EvalFrameDefault+0x700) [0x55ccc08d3680]
41  /opt/conda/envs/gdf/bin/python(_PyFunction_Vectorcall+0x6c) [0x55ccc08e30cc]
42  /opt/conda/envs/gdf/bin/python(_PyEval_EvalFrameDefault+0x30c) [0x55ccc08d328c]
43  /opt/conda/envs/gdf/bin/python(_PyFunction_Vectorcall+0x6c) [0x55ccc08e30cc]
44  /opt/conda/envs/gdf/bin/python(_PyEval_EvalFrameDefault+0x133e) [0x55ccc08d42be]
45  /opt/conda/envs/gdf/bin/python(+0x1cc80c) [0x55ccc097380c]
46  /opt/conda/envs/gdf/bin/python(PyEval_EvalCode+0x87) [0x55ccc0973757]
47  /opt/conda/envs/gdf/bin/python(+0x1fcb1a) [0x55ccc09a3b1a]
48  /opt/conda/envs/gdf/bin/python(+0x1f7fa3) [0x55ccc099efa3]
49  /opt/conda/envs/gdf/bin/python(PyRun_StringFlags+0x7d) [0x55ccc099773d]
50  /opt/conda/envs/gdf/bin/python(PyRun_SimpleStringFlags+0x3c) [0x55ccc099757c]
51  /opt/conda/envs/gdf/bin/python(Py_RunMain+0x3ba) [0x55ccc099677a]
52  /opt/conda/envs/gdf/bin/python(Py_BytesMain+0x37) [0x55ccc0966e97]
53  /usr/lib/x86_64-linux-gnu/libc.so.6(__libc_start_main+0xf3) [0x7f138a4ab083]
54  /opt/conda/envs/gdf/bin/python(+0x1bfdae) [0x55ccc0966dae]
=================================
[dgx13:98837:0:98837] Caught signal 11 (Segmentation fault: address not mapped to object at address 0x450)
==== backtrace (tid:  98837) ====
 0  /opt/conda/envs/gdf/lib/libucs.so.0(ucs_handle_error+0x2fd) [0x7f0dfcdf9cfd]
 1  /opt/conda/envs/gdf/lib/libucs.so.0(+0x2def4) [0x7f0dfcdf9ef4]
 2  /opt/conda/envs/gdf/lib/libucs.so.0(+0x2e0ba) [0x7f0dfcdfa0ba]
 3  /usr/lib/x86_64-linux-gnu/libpthread.so.0(+0x14420) [0x7f0e455d3420]
 4  /opt/conda/envs/gdf/lib/libucp.so.0(ucp_mem_type_unpack+0x17) [0x7f0dfce7d197]
 5  /opt/conda/envs/gdf/lib/libucp.so.0(ucp_rndv_data_handler+0x65d) [0x7f0dfcea764d]
 6  /opt/conda/envs/gdf/lib/libuct.so.0(+0x21bdf) [0x7f0dfcdafbdf]
 7  /opt/conda/envs/gdf/lib/libuct.so.0(+0x24db8) [0x7f0dfcdb2db8]
 8  /opt/conda/envs/gdf/lib/libucs.so.0(ucs_event_set_wait+0xb9) [0x7f0dfce03619]
 9  /opt/conda/envs/gdf/lib/libuct.so.0(uct_tcp_iface_progress+0x7d) [0x7f0dfcdb1ecd]
10  /opt/conda/envs/gdf/lib/libucp.so.0(ucp_worker_progress+0x5a) [0x7f0dfce79eea]
11  /opt/conda/envs/gdf/lib/python3.10/site-packages/ucp/_libs/ucx_api.cpython-310-x86_64-linux-gnu.so(+0x31d7a) [0x7f0dfcf3ad7a]
12  /opt/conda/envs/gdf/bin/python(_PyEval_EvalFrameDefault+0x2d62) [0x558192fd0ce2]
13  /opt/conda/envs/gdf/bin/python(_PyFunction_Vectorcall+0x6c) [0x558192fde0cc]
14  /opt/conda/envs/gdf/bin/python(_PyEval_EvalFrameDefault+0x700) [0x558192fce680]
15  /opt/conda/envs/gdf/bin/python(+0x147764) [0x558192fe9764]
16  /opt/conda/envs/gdf/bin/python(+0x25292c) [0x5581930f492c]
17  /opt/conda/envs/gdf/bin/python(+0xf7850) [0x558192f99850]
18  /opt/conda/envs/gdf/bin/python(+0x133703) [0x558192fd5703]
19  /opt/conda/envs/gdf/bin/python(_PyEval_EvalFrameDefault+0x596c) [0x558192fd38ec]
20  /opt/conda/envs/gdf/bin/python(_PyFunction_Vectorcall+0x6c) [0x558192fde0cc]
21  /opt/conda/envs/gdf/bin/python(_PyEval_EvalFrameDefault+0x700) [0x558192fce680]
22  /opt/conda/envs/gdf/bin/python(_PyFunction_Vectorcall+0x6c) [0x558192fde0cc]
23  /opt/conda/envs/gdf/bin/python(_PyEval_EvalFrameDefault+0x700) [0x558192fce680]
24  /opt/conda/envs/gdf/bin/python(_PyFunction_Vectorcall+0x6c) [0x558192fde0cc]
25  /opt/conda/envs/gdf/bin/python(_PyEval_EvalFrameDefault+0x700) [0x558192fce680]
26  /opt/conda/envs/gdf/bin/python(_PyFunction_Vectorcall+0x6c) [0x558192fde0cc]
27  /opt/conda/envs/gdf/bin/python(_PyEval_EvalFrameDefault+0x700) [0x558192fce680]
28  /opt/conda/envs/gdf/bin/python(_PyFunction_Vectorcall+0x6c) [0x558192fde0cc]
29  /opt/conda/envs/gdf/bin/python(_PyEval_EvalFrameDefault+0x133e) [0x558192fcf2be]
30  /opt/conda/envs/gdf/bin/python(+0x1474e2) [0x558192fe94e2]
31  /opt/conda/envs/gdf/bin/python(PyObject_Call+0xbc) [0x558192fe9e7c]
32  /opt/conda/envs/gdf/bin/python(+0x1ff38d) [0x5581930a138d]
33  /opt/conda/envs/gdf/bin/python(_PyObject_MakeTpCall+0x2d3) [0x558192fd6f73]
34  /opt/conda/envs/gdf/bin/python(_PyEval_EvalFrameDefault+0x2d62) [0x558192fd0ce2]
35  /opt/conda/envs/gdf/bin/python(+0x147638) [0x558192fe9638]
36  /opt/conda/envs/gdf/bin/python(_PyEval_EvalFrameDefault+0x2d62) [0x558192fd0ce2]
37  /opt/conda/envs/gdf/bin/python(_PyFunction_Vectorcall+0x6c) [0x558192fde0cc]
38  /opt/conda/envs/gdf/bin/python(_PyEval_EvalFrameDefault+0x700) [0x558192fce680]
39  /opt/conda/envs/gdf/bin/python(_PyFunction_Vectorcall+0x6c) [0x558192fde0cc]
40  /opt/conda/envs/gdf/bin/python(_PyEval_EvalFrameDefault+0x700) [0x558192fce680]
41  /opt/conda/envs/gdf/bin/python(_PyFunction_Vectorcall+0x6c) [0x558192fde0cc]
42  /opt/conda/envs/gdf/bin/python(_PyEval_EvalFrameDefault+0x30c) [0x558192fce28c]
43  /opt/conda/envs/gdf/bin/python(_PyFunction_Vectorcall+0x6c) [0x558192fde0cc]
44  /opt/conda/envs/gdf/bin/python(_PyEval_EvalFrameDefault+0x133e) [0x558192fcf2be]
45  /opt/conda/envs/gdf/bin/python(+0x1cc80c) [0x55819306e80c]
46  /opt/conda/envs/gdf/bin/python(PyEval_EvalCode+0x87) [0x55819306e757]
47  /opt/conda/envs/gdf/bin/python(+0x1fcb1a) [0x55819309eb1a]
48  /opt/conda/envs/gdf/bin/python(+0x1f7fa3) [0x558193099fa3]
49  /opt/conda/envs/gdf/bin/python(PyRun_StringFlags+0x7d) [0x55819309273d]
50  /opt/conda/envs/gdf/bin/python(PyRun_SimpleStringFlags+0x3c) [0x55819309257c]
51  /opt/conda/envs/gdf/bin/python(Py_RunMain+0x3ba) [0x55819309177a]
52  /opt/conda/envs/gdf/bin/python(Py_BytesMain+0x37) [0x558193061e97]
53  /usr/lib/x86_64-linux-gnu/libc.so.6(__libc_start_main+0xf3) [0x7f0e45297083]
54  /opt/conda/envs/gdf/bin/python(+0x1bfdae) [0x558193061dae]
=================================
[dgx13:98821:0:98821] Caught signal 11 (Segmentation fault: address not mapped to object at address 0x450)
==== backtrace (tid:  98821) ====
 0  /opt/conda/envs/gdf/lib/libucs.so.0(ucs_handle_error+0x2fd) [0x7f76e3db2cfd]
 1  /opt/conda/envs/gdf/lib/libucs.so.0(+0x2def4) [0x7f76e3db2ef4]
 2  /opt/conda/envs/gdf/lib/libucs.so.0(+0x2e0ba) [0x7f76e3db30ba]
 3  /usr/lib/x86_64-linux-gnu/libpthread.so.0(+0x14420) [0x7f772e5aa420]
 4  /opt/conda/envs/gdf/lib/libucp.so.0(ucp_mem_type_unpack+0x17) [0x7f76e3e36197]
 5  /opt/conda/envs/gdf/lib/libucp.so.0(ucp_rndv_data_handler+0x65d) [0x7f76e3e6064d]
 6  /opt/conda/envs/gdf/lib/libuct.so.0(+0x21bdf) [0x7f76e3d68bdf]
 7  /opt/conda/envs/gdf/lib/libuct.so.0(+0x24db8) [0x7f76e3d6bdb8]
 8  /opt/conda/envs/gdf/lib/libucs.so.0(ucs_event_set_wait+0xb9) [0x7f76e3dbc619]
 9  /opt/conda/envs/gdf/lib/libuct.so.0(uct_tcp_iface_progress+0x7d) [0x7f76e3d6aecd]
10  /opt/conda/envs/gdf/lib/libucp.so.0(ucp_worker_progress+0x5a) [0x7f76e3e32eea]
11  /opt/conda/envs/gdf/lib/python3.10/site-packages/ucp/_libs/ucx_api.cpython-310-x86_64-linux-gnu.so(+0x31d7a) [0x7f76e3ef3d7a]
12  /opt/conda/envs/gdf/bin/python(_PyEval_EvalFrameDefault+0x2d62) [0x562eca97cce2]
13  /opt/conda/envs/gdf/bin/python(_PyFunction_Vectorcall+0x6c) [0x562eca98a0cc]
14  /opt/conda/envs/gdf/bin/python(_PyEval_EvalFrameDefault+0x700) [0x562eca97a680]
15  /opt/conda/envs/gdf/bin/python(+0x147764) [0x562eca995764]
16  /opt/conda/envs/gdf/bin/python(+0x25292c) [0x562ecaaa092c]
17  /opt/conda/envs/gdf/bin/python(+0xf7850) [0x562eca945850]
18  /opt/conda/envs/gdf/bin/python(+0x133703) [0x562eca981703]
19  /opt/conda/envs/gdf/bin/python(_PyEval_EvalFrameDefault+0x596c) [0x562eca97f8ec]
20  /opt/conda/envs/gdf/bin/python(_PyFunction_Vectorcall+0x6c) [0x562eca98a0cc]
21  /opt/conda/envs/gdf/bin/python(_PyEval_EvalFrameDefault+0x700) [0x562eca97a680]
22  /opt/conda/envs/gdf/bin/python(_PyFunction_Vectorcall+0x6c) [0x562eca98a0cc]
23  /opt/conda/envs/gdf/bin/python(_PyEval_EvalFrameDefault+0x700) [0x562eca97a680]
24  /opt/conda/envs/gdf/bin/python(_PyFunction_Vectorcall+0x6c) [0x562eca98a0cc]
25  /opt/conda/envs/gdf/bin/python(_PyEval_EvalFrameDefault+0x700) [0x562eca97a680]
26  /opt/conda/envs/gdf/bin/python(_PyFunction_Vectorcall+0x6c) [0x562eca98a0cc]
27  /opt/conda/envs/gdf/bin/python(_PyEval_EvalFrameDefault+0x700) [0x562eca97a680]
28  /opt/conda/envs/gdf/bin/python(_PyFunction_Vectorcall+0x6c) [0x562eca98a0cc]
29  /opt/conda/envs/gdf/bin/python(_PyEval_EvalFrameDefault+0x133e) [0x562eca97b2be]
30  /opt/conda/envs/gdf/bin/python(+0x1474e2) [0x562eca9954e2]
31  /opt/conda/envs/gdf/bin/python(PyObject_Call+0xbc) [0x562eca995e7c]
32  /opt/conda/envs/gdf/bin/python(+0x1ff38d) [0x562ecaa4d38d]
33  /opt/conda/envs/gdf/bin/python(_PyObject_MakeTpCall+0x2d3) [0x562eca982f73]
34  /opt/conda/envs/gdf/bin/python(_PyEval_EvalFrameDefault+0x2d62) [0x562eca97cce2]
35  /opt/conda/envs/gdf/bin/python(+0x147638) [0x562eca995638]
36  /opt/conda/envs/gdf/bin/python(_PyEval_EvalFrameDefault+0x2d62) [0x562eca97cce2]
37  /opt/conda/envs/gdf/bin/python(_PyFunction_Vectorcall+0x6c) [0x562eca98a0cc]
38  /opt/conda/envs/gdf/bin/python(_PyEval_EvalFrameDefault+0x700) [0x562eca97a680]
39  /opt/conda/envs/gdf/bin/python(_PyFunction_Vectorcall+0x6c) [0x562eca98a0cc]
40  /opt/conda/envs/gdf/bin/python(_PyEval_EvalFrameDefault+0x700) [0x562eca97a680]
41  /opt/conda/envs/gdf/bin/python(_PyFunction_Vectorcall+0x6c) [0x562eca98a0cc]
42  /opt/conda/envs/gdf/bin/python(_PyEval_EvalFrameDefault+0x30c) [0x562eca97a28c]
43  /opt/conda/envs/gdf/bin/python(_PyFunction_Vectorcall+0x6c) [0x562eca98a0cc]
44  /opt/conda/envs/gdf/bin/python(_PyEval_EvalFrameDefault+0x133e) [0x562eca97b2be]
45  /opt/conda/envs/gdf/bin/python(+0x1cc80c) [0x562ecaa1a80c]
46  /opt/conda/envs/gdf/bin/python(PyEval_EvalCode+0x87) [0x562ecaa1a757]
47  /opt/conda/envs/gdf/bin/python(+0x1fcb1a) [0x562ecaa4ab1a]
48  /opt/conda/envs/gdf/bin/python(+0x1f7fa3) [0x562ecaa45fa3]
49  /opt/conda/envs/gdf/bin/python(PyRun_StringFlags+0x7d) [0x562ecaa3e73d]
50  /opt/conda/envs/gdf/bin/python(PyRun_SimpleStringFlags+0x3c) [0x562ecaa3e57c]
51  /opt/conda/envs/gdf/bin/python(Py_RunMain+0x3ba) [0x562ecaa3d77a]
52  /opt/conda/envs/gdf/bin/python(Py_BytesMain+0x37) [0x562ecaa0de97]
53  /usr/lib/x86_64-linux-gnu/libc.so.6(__libc_start_main+0xf3) [0x7f772e26e083]
54  /opt/conda/envs/gdf/bin/python(+0x1bfdae) [0x562ecaa0ddae]
=================================
2024-11-04 07:41:47,660 - distributed.worker - ERROR - Worker stream died during communication: ucx://127.0.0.1:43013
Traceback (most recent call last):
  File "/opt/conda/envs/gdf/lib/python3.10/site-packages/distributed/comm/ucx.py", line 351, in read
    await self.ep.recv(msg)
  File "/opt/conda/envs/gdf/lib/python3.10/site-packages/ucp/core.py", line 737, in recv
    ret = await comm.tag_recv(self._ep, buffer, nbytes, tag, name=log)
ucp._libs.exceptions.UCXCanceled: <[Recv #003] ep: 0x7f1dd47a90c0, tag: 0xbf70537e0a22280f, nbytes: 16, type: <class 'numpy.ndarray'>>: 

During handling of the above exception, another exception occurred:

Traceback (most recent call last):
  File "/opt/conda/envs/gdf/lib/python3.10/site-packages/distributed/worker.py", line 2056, in gather_dep
    response = await get_data_from_worker(
  File "/opt/conda/envs/gdf/lib/python3.10/site-packages/distributed/worker.py", line 2874, in get_data_from_worker
    response = await send_recv(
  File "/opt/conda/envs/gdf/lib/python3.10/site-packages/distributed/core.py", line 1015, in send_recv
    response = await comm.read(deserializers=deserializers)
  File "/opt/conda/envs/gdf/lib/python3.10/site-packages/distributed/utils.py", line 806, in wrapper
    return await func(*args, **kwargs)
  File "/opt/conda/envs/gdf/lib/python3.10/site-packages/distributed/comm/ucx.py", line 369, in read
    raise CommClosedError(
distributed.comm.core.CommClosedError: Connection closed by writer.
Inner exception: UCXCanceled("<[Recv #003] ep: 0x7f1dd47a90c0, tag: 0xbf70537e0a22280f, nbytes: 16, type: <class 'numpy.ndarray'>>: ")
2024-11-04 07:41:47,660 - distributed.worker - ERROR - Worker stream died during communication: ucx://127.0.0.1:43013
Traceback (most recent call last):
  File "/opt/conda/envs/gdf/lib/python3.10/site-packages/distributed/comm/ucx.py", line 351, in read
    await self.ep.recv(msg)
  File "/opt/conda/envs/gdf/lib/python3.10/site-packages/ucp/core.py", line 737, in recv
    ret = await comm.tag_recv(self._ep, buffer, nbytes, tag, name=log)
ucp._libs.exceptions.UCXCanceled: <[Recv #000] ep: 0x7f6f449831c0, tag: 0x96c31aad13808590, nbytes: 16, type: <class 'numpy.ndarray'>>: 

During handling of the above exception, another exception occurred:

Traceback (most recent call last):
  File "/opt/conda/envs/gdf/lib/python3.10/site-packages/distributed/worker.py", line 2056, in gather_dep
    response = await get_data_from_worker(
  File "/opt/conda/envs/gdf/lib/python3.10/site-packages/distributed/worker.py", line 2871, in get_data_from_worker
    comm = await rpc.connect(worker)
  File "/opt/conda/envs/gdf/lib/python3.10/site-packages/distributed/core.py", line 1535, in connect
    return connect_attempt.result()
  File "/opt/conda/envs/gdf/lib/python3.10/site-packages/distributed/core.py", line 1425, in _connect
    comm = await connect(
  File "/opt/conda/envs/gdf/lib/python3.10/site-packages/distributed/comm/core.py", line 377, in connect
    handshake = await comm.read()
  File "/opt/conda/envs/gdf/lib/python3.10/site-packages/distributed/utils.py", line 806, in wrapper
    return await func(*args, **kwargs)
  File "/opt/conda/envs/gdf/lib/python3.10/site-packages/distributed/comm/ucx.py", line 369, in read
    raise CommClosedError(
distributed.comm.core.CommClosedError: Connection closed by writer.
Inner exception: UCXCanceled("<[Recv #000] ep: 0x7f6f449831c0, tag: 0x96c31aad13808590, nbytes: 16, type: <class 'numpy.ndarray'>>: ")
Task exception was never retrieved
future: <Task finished name='Task-1510' coro=<_listener_handler_coroutine() done, defined at /opt/conda/envs/gdf/lib/python3.10/site-packages/ucp/core.py:140> exception=UCXError('<stream_send>: Connection reset by remote peer')>
Traceback (most recent call last):
  File "/opt/conda/envs/gdf/lib/python3.10/site-packages/ucp/core.py", line 155, in _listener_handler_coroutine
    peer_info = await exchange_peer_info(
  File "/opt/conda/envs/gdf/lib/python3.10/site-packages/ucp/core.py", line 51, in exchange_peer_info
    await asyncio.wait_for(
  File "/opt/conda/envs/gdf/lib/python3.10/asyncio/tasks.py", line 445, in wait_for
    return fut.result()
ucp._libs.exceptions.UCXError: <stream_send>: Connection reset by remote peer
2024-11-04 07:41:47,664 - distributed.scheduler - WARNING - Removing worker 'ucx://127.0.0.1:43013' caused the cluster to lose already computed task(s), which will be recomputed elsewhere: {('random_sample-4d5813669edef92a34bb7304e6652863', 8, 0), ('sum-fd00fbd1a27f231a01b86938ff6a3d73', 8, 8), ('random_sample-4d5813669edef92a34bb7304e6652863', 7, 7), ('random_sample-4d5813669edef92a34bb7304e6652863', 3, 3), ('random_sample-4d5813669edef92a34bb7304e6652863', 3, 6), ('random_sample-4d5813669edef92a34bb7304e6652863', 5, 9), ('sum-fd00fbd1a27f231a01b86938ff6a3d73', 0, 0), ('random_sample-4d5813669edef92a34bb7304e6652863', 7, 3), ('random_sample-4d5813669edef92a34bb7304e6652863', 8, 8), ('random_sample-4d5813669edef92a34bb7304e6652863', 1, 2), ('random_sample-4d5813669edef92a34bb7304e6652863', 0, 0), ('random_sample-4d5813669edef92a34bb7304e6652863', 9, 6), ('random_sample-4d5813669edef92a34bb7304e6652863', 0, 9), ('random_sample-4d5813669edef92a34bb7304e6652863', 4, 7), ('sum-fd00fbd1a27f231a01b86938ff6a3d73', 6, 3), ('random_sample-4d5813669edef92a34bb7304e6652863', 2, 6), ('sum-fd00fbd1a27f231a01b86938ff6a3d73', 7, 7), ('random_sample-4d5813669edef92a34bb7304e6652863', 4, 9), ('random_sample-4d5813669edef92a34bb7304e6652863', 6, 3), ('sum-fd00fbd1a27f231a01b86938ff6a3d73', 3, 6), ('sum-fd00fbd1a27f231a01b86938ff6a3d73', 3, 3)} (stimulus_id='handle-worker-cleanup-1730706107.6639855')
2024-11-04 07:41:47,704 - distributed.worker - ERROR - failed during get data with ucx://127.0.0.1:39049 -> ucx://127.0.0.1:58939
Traceback (most recent call last):
  File "/opt/conda/envs/gdf/lib/python3.10/site-packages/distributed/comm/ucx.py", line 335, in write
    await self.ep.send(each_frame)
  File "/opt/conda/envs/gdf/lib/python3.10/site-packages/ucp/core.py", line 662, in send
    return await comm.tag_send(self._ep, buffer, nbytes, tag, name=log)
ucp._libs.exceptions.UCXError: <[Send #007] ep: 0x7f1dd47a91c0, tag: 0x7eb342a8d32af9a1, nbytes: 50000000, type: <class 'cupy.ndarray'>>: Connection reset by remote peer

During handling of the above exception, another exception occurred:

Traceback (most recent call last):
  File "/opt/conda/envs/gdf/lib/python3.10/site-packages/distributed/worker.py", line 1777, in get_data
    compressed = await comm.write(msg, serializers=serializers)
  File "/opt/conda/envs/gdf/lib/python3.10/site-packages/distributed/utils.py", line 806, in wrapper
    return await func(*args, **kwargs)
  File "/opt/conda/envs/gdf/lib/python3.10/site-packages/distributed/comm/ucx.py", line 339, in write
    raise CommClosedError("While writing, the connection was closed")
distributed.comm.core.CommClosedError: While writing, the connection was closed
2024-11-04 07:41:47,705 - distributed.worker - ERROR - Worker stream died during communication: ucx://127.0.0.1:58939
Traceback (most recent call last):
  File "/opt/conda/envs/gdf/lib/python3.10/site-packages/distributed/comm/ucx.py", line 351, in read
    await self.ep.recv(msg)
  File "/opt/conda/envs/gdf/lib/python3.10/site-packages/ucp/core.py", line 737, in recv
    ret = await comm.tag_recv(self._ep, buffer, nbytes, tag, name=log)
ucp._libs.exceptions.UCXCanceled: <[Recv #008] ep: 0x7f6f44983140, tag: 0x7d82d0006cce6502, nbytes: 16, type: <class 'numpy.ndarray'>>: 

During handling of the above exception, another exception occurred:

Traceback (most recent call last):
  File "/opt/conda/envs/gdf/lib/python3.10/site-packages/distributed/worker.py", line 2056, in gather_dep
    response = await get_data_from_worker(
  File "/opt/conda/envs/gdf/lib/python3.10/site-packages/distributed/worker.py", line 2874, in get_data_from_worker
    response = await send_recv(
  File "/opt/conda/envs/gdf/lib/python3.10/site-packages/distributed/core.py", line 1015, in send_recv
    response = await comm.read(deserializers=deserializers)
  File "/opt/conda/envs/gdf/lib/python3.10/site-packages/distributed/utils.py", line 806, in wrapper
    return await func(*args, **kwargs)
  File "/opt/conda/envs/gdf/lib/python3.10/site-packages/distributed/comm/ucx.py", line 369, in read
    raise CommClosedError(
distributed.comm.core.CommClosedError: Connection closed by writer.
Inner exception: UCXCanceled("<[Recv #008] ep: 0x7f6f44983140, tag: 0x7d82d0006cce6502, nbytes: 16, type: <class 'numpy.ndarray'>>: ")
2024-11-04 07:41:47,713 - distributed.scheduler - WARNING - Removing worker 'ucx://127.0.0.1:58939' caused the cluster to lose already computed task(s), which will be recomputed elsewhere: {('random_sample-4d5813669edef92a34bb7304e6652863', 6, 8), ('random_sample-4d5813669edef92a34bb7304e6652863', 3, 8), ('random_sample-4d5813669edef92a34bb7304e6652863', 2, 1), ('random_sample-4d5813669edef92a34bb7304e6652863', 4, 2), ('random_sample-4d5813669edef92a34bb7304e6652863', 8, 5), ('random_sample-4d5813669edef92a34bb7304e6652863', 3, 0), ('random_sample-4d5813669edef92a34bb7304e6652863', 1, 9), ('random_sample-4d5813669edef92a34bb7304e6652863', 0, 7), ('random_sample-4d5813669edef92a34bb7304e6652863', 9, 3), ('random_sample-4d5813669edef92a34bb7304e6652863', 5, 6)} (stimulus_id='handle-worker-cleanup-1730706107.7134078')
2024-11-04 07:41:47,718 - distributed.worker - ERROR - Worker stream died during communication: ucx://127.0.0.1:48983
Traceback (most recent call last):
  File "/opt/conda/envs/gdf/lib/python3.10/site-packages/distributed/comm/ucx.py", line 351, in read
    await self.ep.recv(msg)
  File "/opt/conda/envs/gdf/lib/python3.10/site-packages/ucp/core.py", line 737, in recv
    ret = await comm.tag_recv(self._ep, buffer, nbytes, tag, name=log)
ucp._libs.exceptions.UCXCanceled: <[Recv #000] ep: 0x7f1dd47a9100, tag: 0x1aa30d9b0e824d82, nbytes: 16, type: <class 'numpy.ndarray'>>: 

During handling of the above exception, another exception occurred:

Traceback (most recent call last):
  File "/opt/conda/envs/gdf/lib/python3.10/site-packages/distributed/worker.py", line 2056, in gather_dep
    response = await get_data_from_worker(
  File "/opt/conda/envs/gdf/lib/python3.10/site-packages/distributed/worker.py", line 2871, in get_data_from_worker
    comm = await rpc.connect(worker)
  File "/opt/conda/envs/gdf/lib/python3.10/site-packages/distributed/core.py", line 1535, in connect
    return connect_attempt.result()
  File "/opt/conda/envs/gdf/lib/python3.10/site-packages/distributed/core.py", line 1425, in _connect
    comm = await connect(
  File "/opt/conda/envs/gdf/lib/python3.10/site-packages/distributed/comm/core.py", line 377, in connect
    handshake = await comm.read()
  File "/opt/conda/envs/gdf/lib/python3.10/site-packages/distributed/utils.py", line 806, in wrapper
    return await func(*args, **kwargs)
  File "/opt/conda/envs/gdf/lib/python3.10/site-packages/distributed/comm/ucx.py", line 369, in read
    raise CommClosedError(
distributed.comm.core.CommClosedError: Connection closed by writer.
Inner exception: UCXCanceled("<[Recv #000] ep: 0x7f1dd47a9100, tag: 0x1aa30d9b0e824d82, nbytes: 16, type: <class 'numpy.ndarray'>>: ")
2024-11-04 07:41:47,719 - distributed.scheduler - WARNING - Removing worker 'ucx://127.0.0.1:48983' caused the cluster to lose already computed task(s), which will be recomputed elsewhere: {('random_sample-4d5813669edef92a34bb7304e6652863', 8, 7), ('random_sample-4d5813669edef92a34bb7304e6652863', 9, 5), ('random_sample-4d5813669edef92a34bb7304e6652863', 4, 4), ('random_sample-4d5813669edef92a34bb7304e6652863', 1, 7), ('random_sample-4d5813669edef92a34bb7304e6652863', 0, 5), ('random_sample-4d5813669edef92a34bb7304e6652863', 3, 4), ('random_sample-4d5813669edef92a34bb7304e6652863', 2, 7), ('random_sample-4d5813669edef92a34bb7304e6652863', 4, 3), ('random_sample-4d5813669edef92a34bb7304e6652863', 6, 0), ('sum-fd00fbd1a27f231a01b86938ff6a3d73', 3, 4), ('sum-fd00fbd1a27f231a01b86938ff6a3d73', 4, 4), ('random_sample-4d5813669edef92a34bb7304e6652863', 0, 4), ('random_sample-4d5813669edef92a34bb7304e6652863', 6, 9), ('random_sample-4d5813669edef92a34bb7304e6652863', 6, 5), ('sum-fd00fbd1a27f231a01b86938ff6a3d73', 4, 3)} (stimulus_id='handle-worker-cleanup-1730706107.719576')
Task exception was never retrieved
future: <Task finished name='Task-400' coro=<_listener_handler_coroutine() done, defined at /opt/conda/envs/gdf/lib/python3.10/site-packages/ucp/core.py:140> exception=UCXError('<stream_send>: Endpoint timeout')>
Traceback (most recent call last):
  File "/opt/conda/envs/gdf/lib/python3.10/site-packages/ucp/core.py", line 155, in _listener_handler_coroutine
    peer_info = await exchange_peer_info(
  File "/opt/conda/envs/gdf/lib/python3.10/site-packages/ucp/core.py", line 51, in exchange_peer_info
    await asyncio.wait_for(
  File "/opt/conda/envs/gdf/lib/python3.10/asyncio/tasks.py", line 445, in wait_for
    return fut.result()
ucp._libs.exceptions.UCXError: <stream_send>: Endpoint timeout
2024-11-04 07:41:47,742 - distributed.nanny - WARNING - Restarting worker
2024-11-04 07:41:47,768 - distributed.nanny - WARNING - Restarting worker
2024-11-04 07:41:47,770 - distributed.worker - ERROR - Worker stream died during communication: ucx://127.0.0.1:39535
Traceback (most recent call last):
  File "/opt/conda/envs/gdf/lib/python3.10/site-packages/distributed/comm/ucx.py", line 351, in read
    await self.ep.recv(msg)
  File "/opt/conda/envs/gdf/lib/python3.10/site-packages/ucp/core.py", line 737, in recv
    ret = await comm.tag_recv(self._ep, buffer, nbytes, tag, name=log)
ucp._libs.exceptions.UCXCanceled: <[Recv #003] ep: 0x7f6f44983180, tag: 0xcf46946e9e088f79, nbytes: 16, type: <class 'numpy.ndarray'>>: 

During handling of the above exception, another exception occurred:

Traceback (most recent call last):
  File "/opt/conda/envs/gdf/lib/python3.10/site-packages/distributed/worker.py", line 2056, in gather_dep
    response = await get_data_from_worker(
  File "/opt/conda/envs/gdf/lib/python3.10/site-packages/distributed/worker.py", line 2874, in get_data_from_worker
    response = await send_recv(
  File "/opt/conda/envs/gdf/lib/python3.10/site-packages/distributed/core.py", line 1015, in send_recv
    response = await comm.read(deserializers=deserializers)
  File "/opt/conda/envs/gdf/lib/python3.10/site-packages/distributed/utils.py", line 806, in wrapper
    return await func(*args, **kwargs)
  File "/opt/conda/envs/gdf/lib/python3.10/site-packages/distributed/comm/ucx.py", line 369, in read
    raise CommClosedError(
distributed.comm.core.CommClosedError: Connection closed by writer.
Inner exception: UCXCanceled("<[Recv #003] ep: 0x7f6f44983180, tag: 0xcf46946e9e088f79, nbytes: 16, type: <class 'numpy.ndarray'>>: ")
2024-11-04 07:41:47,772 - distributed.scheduler - WARNING - Removing worker 'ucx://127.0.0.1:39535' caused the cluster to lose already computed task(s), which will be recomputed elsewhere: {('random_sample-4d5813669edef92a34bb7304e6652863', 0, 3), ('random_sample-4d5813669edef92a34bb7304e6652863', 3, 2), ('random_sample-4d5813669edef92a34bb7304e6652863', 2, 5), ('random_sample-4d5813669edef92a34bb7304e6652863', 7, 8), ('random_sample-4d5813669edef92a34bb7304e6652863', 7, 4), ('sum-fd00fbd1a27f231a01b86938ff6a3d73', 4, 5), ('random_sample-4d5813669edef92a34bb7304e6652863', 9, 1), ('random_sample-4d5813669edef92a34bb7304e6652863', 5, 4), ('random_sample-4d5813669edef92a34bb7304e6652863', 7, 0), ('sum-fd00fbd1a27f231a01b86938ff6a3d73', 5, 4), ('sum-fd00fbd1a27f231a01b86938ff6a3d73', 9, 9), ('random_sample-4d5813669edef92a34bb7304e6652863', 5, 7), ('random_sample-4d5813669edef92a34bb7304e6652863', 0, 1), ('random_sample-4d5813669edef92a34bb7304e6652863', 1, 6), ('random_sample-4d5813669edef92a34bb7304e6652863', 4, 5), ('random_sample-4d5813669edef92a34bb7304e6652863', 9, 9)} (stimulus_id='handle-worker-cleanup-1730706107.772553')
2024-11-04 07:41:47,823 - distributed.nanny - WARNING - Restarting worker
2024-11-04 07:41:47,843 - distributed.worker - ERROR - failed during get data with ucx://127.0.0.1:59791 -> ucx://127.0.0.1:33533
Traceback (most recent call last):
  File "/opt/conda/envs/gdf/lib/python3.10/site-packages/distributed/comm/ucx.py", line 335, in write
    await self.ep.send(each_frame)
  File "/opt/conda/envs/gdf/lib/python3.10/site-packages/ucp/core.py", line 662, in send
    return await comm.tag_send(self._ep, buffer, nbytes, tag, name=log)
ucp._libs.exceptions.UCXError: <[Send #007] ep: 0x7f6f449832c0, tag: 0x57fc9260dc69a49, nbytes: 50000000, type: <class 'cupy.ndarray'>>: Connection reset by remote peer

During handling of the above exception, another exception occurred:

Traceback (most recent call last):
  File "/opt/conda/envs/gdf/lib/python3.10/site-packages/distributed/worker.py", line 1777, in get_data
    compressed = await comm.write(msg, serializers=serializers)
  File "/opt/conda/envs/gdf/lib/python3.10/site-packages/distributed/utils.py", line 806, in wrapper
    return await func(*args, **kwargs)
  File "/opt/conda/envs/gdf/lib/python3.10/site-packages/distributed/comm/ucx.py", line 339, in write
    raise CommClosedError("While writing, the connection was closed")
distributed.comm.core.CommClosedError: While writing, the connection was closed
2024-11-04 07:41:47,844 - distributed.scheduler - WARNING - Removing worker 'ucx://127.0.0.1:33533' caused the cluster to lose already computed task(s), which will be recomputed elsewhere: {('sum-fd00fbd1a27f231a01b86938ff6a3d73', 2, 2), ('random_sample-4d5813669edef92a34bb7304e6652863', 8, 4), ('sum-fd00fbd1a27f231a01b86938ff6a3d73', 1, 4), ('random_sample-4d5813669edef92a34bb7304e6652863', 5, 2), ('random_sample-4d5813669edef92a34bb7304e6652863', 5, 0), ('random_sample-4d5813669edef92a34bb7304e6652863', 1, 0), ('sum-fd00fbd1a27f231a01b86938ff6a3d73', 9, 2), ('random_sample-4d5813669edef92a34bb7304e6652863', 2, 3), ('random_sample-4d5813669edef92a34bb7304e6652863', 3, 9), ('random_sample-4d5813669edef92a34bb7304e6652863', 2, 2)} (stimulus_id='handle-worker-cleanup-1730706107.8442574')
2024-11-04 07:41:47,853 - distributed.worker - ERROR - failed during get data with ucx://127.0.0.1:59791 -> ucx://127.0.0.1:58939
Traceback (most recent call last):
  File "/opt/conda/envs/gdf/lib/python3.10/site-packages/distributed/comm/ucx.py", line 335, in write
    await self.ep.send(each_frame)
  File "/opt/conda/envs/gdf/lib/python3.10/site-packages/ucp/core.py", line 662, in send
    return await comm.tag_send(self._ep, buffer, nbytes, tag, name=log)
ucp._libs.exceptions.UCXError: <[Send #007] ep: 0x7f6f44983240, tag: 0x527ede4976e79553, nbytes: 50000000, type: <class 'cupy.ndarray'>>: Connection reset by remote peer

During handling of the above exception, another exception occurred:

Traceback (most recent call last):
  File "/opt/conda/envs/gdf/lib/python3.10/site-packages/distributed/worker.py", line 1777, in get_data
    compressed = await comm.write(msg, serializers=serializers)
  File "/opt/conda/envs/gdf/lib/python3.10/site-packages/distributed/utils.py", line 806, in wrapper
    return await func(*args, **kwargs)
  File "/opt/conda/envs/gdf/lib/python3.10/site-packages/distributed/comm/ucx.py", line 339, in write
    raise CommClosedError("While writing, the connection was closed")
distributed.comm.core.CommClosedError: While writing, the connection was closed
2024-11-04 07:41:47,853 - distributed.worker - ERROR - failed during get data with ucx://127.0.0.1:59791 -> ucx://127.0.0.1:39535
Traceback (most recent call last):
  File "/opt/conda/envs/gdf/lib/python3.10/site-packages/distributed/comm/ucx.py", line 335, in write
    await self.ep.send(each_frame)
  File "/opt/conda/envs/gdf/lib/python3.10/site-packages/ucp/core.py", line 662, in send
    return await comm.tag_send(self._ep, buffer, nbytes, tag, name=log)
ucp._libs.exceptions.UCXError: <[Send #007] ep: 0x7f6f44983280, tag: 0x964b45d104793a2e, nbytes: 50000000, type: <class 'cupy.ndarray'>>: Connection reset by remote peer

During handling of the above exception, another exception occurred:

Traceback (most recent call last):
  File "/opt/conda/envs/gdf/lib/python3.10/site-packages/distributed/worker.py", line 1777, in get_data
    compressed = await comm.write(msg, serializers=serializers)
  File "/opt/conda/envs/gdf/lib/python3.10/site-packages/distributed/utils.py", line 806, in wrapper
    return await func(*args, **kwargs)
  File "/opt/conda/envs/gdf/lib/python3.10/site-packages/distributed/comm/ucx.py", line 339, in write
    raise CommClosedError("While writing, the connection was closed")
distributed.comm.core.CommClosedError: While writing, the connection was closed
Task exception was never retrieved
future: <Task finished name='Task-262' coro=<_listener_handler_coroutine() done, defined at /opt/conda/envs/gdf/lib/python3.10/site-packages/ucp/core.py:140> exception=UCXError('<stream_recv>: Connection reset by remote peer')>
Traceback (most recent call last):
  File "/opt/conda/envs/gdf/lib/python3.10/site-packages/ucp/core.py", line 155, in _listener_handler_coroutine
    peer_info = await exchange_peer_info(
  File "/opt/conda/envs/gdf/lib/python3.10/site-packages/ucp/core.py", line 55, in exchange_peer_info
    await asyncio.wait_for(
  File "/opt/conda/envs/gdf/lib/python3.10/asyncio/tasks.py", line 445, in wait_for
    return fut.result()
ucp._libs.exceptions.UCXError: <stream_recv>: Connection reset by remote peer
Task exception was never retrieved
future: <Task finished name='Task-273' coro=<_listener_handler_coroutine() done, defined at /opt/conda/envs/gdf/lib/python3.10/site-packages/ucp/core.py:140> exception=UCXError('<stream_recv>: Connection reset by remote peer')>
Traceback (most recent call last):
  File "/opt/conda/envs/gdf/lib/python3.10/site-packages/ucp/core.py", line 155, in _listener_handler_coroutine
    peer_info = await exchange_peer_info(
  File "/opt/conda/envs/gdf/lib/python3.10/site-packages/ucp/core.py", line 55, in exchange_peer_info
    await asyncio.wait_for(
  File "/opt/conda/envs/gdf/lib/python3.10/asyncio/tasks.py", line 445, in wait_for
    return fut.result()
ucp._libs.exceptions.UCXError: <stream_recv>: Connection reset by remote peer
2024-11-04 07:41:47,868 - distributed.worker - ERROR - failed during get data with ucx://127.0.0.1:34179 -> ucx://127.0.0.1:39535
Traceback (most recent call last):
  File "/opt/conda/envs/gdf/lib/python3.10/site-packages/distributed/comm/ucx.py", line 335, in write
    await self.ep.send(each_frame)
  File "/opt/conda/envs/gdf/lib/python3.10/site-packages/ucp/core.py", line 662, in send
    return await comm.tag_send(self._ep, buffer, nbytes, tag, name=log)
ucp._libs.exceptions.UCXError: <[Send #007] ep: 0x7fdb86e3e240, tag: 0x62919c85f188d97a, nbytes: 50000000, type: <class 'cupy.ndarray'>>: Connection reset by remote peer

During handling of the above exception, another exception occurred:

Traceback (most recent call last):
  File "/opt/conda/envs/gdf/lib/python3.10/site-packages/distributed/worker.py", line 1777, in get_data
    compressed = await comm.write(msg, serializers=serializers)
  File "/opt/conda/envs/gdf/lib/python3.10/site-packages/distributed/utils.py", line 806, in wrapper
    return await func(*args, **kwargs)
  File "/opt/conda/envs/gdf/lib/python3.10/site-packages/distributed/comm/ucx.py", line 339, in write
    raise CommClosedError("While writing, the connection was closed")
distributed.comm.core.CommClosedError: While writing, the connection was closed
2024-11-04 07:41:47,869 - distributed.nanny - WARNING - Restarting worker
2024-11-04 07:41:47,872 - distributed.worker - ERROR - Worker stream died during communication: ucx://127.0.0.1:39535
Traceback (most recent call last):
  File "/opt/conda/envs/gdf/lib/python3.10/site-packages/distributed/worker.py", line 2056, in gather_dep
    response = await get_data_from_worker(
  File "/opt/conda/envs/gdf/lib/python3.10/site-packages/distributed/worker.py", line 2888, in get_data_from_worker
    await comm.write("OK")
  File "/opt/conda/envs/gdf/lib/python3.10/site-packages/distributed/utils.py", line 806, in wrapper
    return await func(*args, **kwargs)
  File "/opt/conda/envs/gdf/lib/python3.10/site-packages/distributed/comm/ucx.py", line 291, in write
    raise CommClosedError("Endpoint is closed -- unable to send message")
distributed.comm.core.CommClosedError: Endpoint is closed -- unable to send message
2024-11-04 07:41:47,965 - distributed.nanny - WARNING - Restarting worker
[dgx13:99033:0:99033] Caught signal 11 (Segmentation fault: address not mapped to object at address 0x450)
==== backtrace (tid:  99033) ====
 0  /opt/conda/envs/gdf/lib/libucs.so.0(ucs_handle_error+0x2fd) [0x7f9adc046cfd]
 1  /opt/conda/envs/gdf/lib/libucs.so.0(+0x2def4) [0x7f9adc046ef4]
 2  /opt/conda/envs/gdf/lib/libucs.so.0(+0x2e0ba) [0x7f9adc0470ba]
 3  /usr/lib/x86_64-linux-gnu/libpthread.so.0(+0x14420) [0x7f9b12534420]
 4  /opt/conda/envs/gdf/lib/libucp.so.0(ucp_mem_type_unpack+0x17) [0x7f9ac9f74197]
 5  /opt/conda/envs/gdf/lib/libucp.so.0(ucp_rndv_data_handler+0x65d) [0x7f9ac9f9e64d]
 6  /opt/conda/envs/gdf/lib/libuct.so.0(+0x21bdf) [0x7f9ac9f0abdf]
 7  /opt/conda/envs/gdf/lib/libuct.so.0(+0x24db8) [0x7f9ac9f0ddb8]
 8  /opt/conda/envs/gdf/lib/libucs.so.0(ucs_event_set_wait+0xb9) [0x7f9adc050619]
 9  /opt/conda/envs/gdf/lib/libuct.so.0(uct_tcp_iface_progress+0x7d) [0x7f9ac9f0cecd]
10  /opt/conda/envs/gdf/lib/libucp.so.0(ucp_worker_progress+0x5a) [0x7f9ac9f70eea]
11  /opt/conda/envs/gdf/lib/python3.10/site-packages/ucp/_libs/ucx_api.cpython-310-x86_64-linux-gnu.so(+0x31d7a) [0x7f9adc0aed7a]
12  /opt/conda/envs/gdf/bin/python(_PyEval_EvalFrameDefault+0x2d62) [0x55ccd9151ce2]
13  /opt/conda/envs/gdf/bin/python(_PyFunction_Vectorcall+0x6c) [0x55ccd915f0cc]
14  /opt/conda/envs/gdf/bin/python(_PyEval_EvalFrameDefault+0x700) [0x55ccd914f680]
15  /opt/conda/envs/gdf/bin/python(+0x147764) [0x55ccd916a764]
16  /opt/conda/envs/gdf/bin/python(+0x25292c) [0x55ccd927592c]
17  /opt/conda/envs/gdf/bin/python(+0xf7850) [0x55ccd911a850]
18  /opt/conda/envs/gdf/bin/python(+0x133703) [0x55ccd9156703]
19  /opt/conda/envs/gdf/bin/python(_PyEval_EvalFrameDefault+0x596c) [0x55ccd91548ec]
20  /opt/conda/envs/gdf/bin/python(_PyFunction_Vectorcall+0x6c) [0x55ccd915f0cc]
21  /opt/conda/envs/gdf/bin/python(_PyEval_EvalFrameDefault+0x700) [0x55ccd914f680]
22  /opt/conda/envs/gdf/bin/python(_PyFunction_Vectorcall+0x6c) [0x55ccd915f0cc]
23  /opt/conda/envs/gdf/bin/python(_PyEval_EvalFrameDefault+0x700) [0x55ccd914f680]
24  /opt/conda/envs/gdf/bin/python(_PyFunction_Vectorcall+0x6c) [0x55ccd915f0cc]
25  /opt/conda/envs/gdf/bin/python(_PyEval_EvalFrameDefault+0x700) [0x55ccd914f680]
26  /opt/conda/envs/gdf/bin/python(_PyFunction_Vectorcall+0x6c) [0x55ccd915f0cc]
27  /opt/conda/envs/gdf/bin/python(_PyEval_EvalFrameDefault+0x700) [0x55ccd914f680]
28  /opt/conda/envs/gdf/bin/python(_PyFunction_Vectorcall+0x6c) [0x55ccd915f0cc]
29  /opt/conda/envs/gdf/bin/python(_PyEval_EvalFrameDefault+0x133e) [0x55ccd91502be]
30  /opt/conda/envs/gdf/bin/python(+0x1474e2) [0x55ccd916a4e2]
31  /opt/conda/envs/gdf/bin/python(PyObject_Call+0xbc) [0x55ccd916ae7c]
32  /opt/conda/envs/gdf/bin/python(+0x1ff38d) [0x55ccd922238d]
33  /opt/conda/envs/gdf/bin/python(_PyObject_MakeTpCall+0x2d3) [0x55ccd9157f73]
34  /opt/conda/envs/gdf/bin/python(_PyEval_EvalFrameDefault+0x2d62) [0x55ccd9151ce2]
35  /opt/conda/envs/gdf/bin/python(+0x147638) [0x55ccd916a638]
36  /opt/conda/envs/gdf/bin/python(_PyEval_EvalFrameDefault+0x2d62) [0x55ccd9151ce2]
37  /opt/conda/envs/gdf/bin/python(_PyFunction_Vectorcall+0x6c) [0x55ccd915f0cc]
38  /opt/conda/envs/gdf/bin/python(_PyEval_EvalFrameDefault+0x700) [0x55ccd914f680]
39  /opt/conda/envs/gdf/bin/python(_PyFunction_Vectorcall+0x6c) [0x55ccd915f0cc]
40  /opt/conda/envs/gdf/bin/python(_PyEval_EvalFrameDefault+0x700) [0x55ccd914f680]
41  /opt/conda/envs/gdf/bin/python(_PyFunction_Vectorcall+0x6c) [0x55ccd915f0cc]
42  /opt/conda/envs/gdf/bin/python(_PyEval_EvalFrameDefault+0x30c) [0x55ccd914f28c]
43  /opt/conda/envs/gdf/bin/python(_PyFunction_Vectorcall+0x6c) [0x55ccd915f0cc]
44  /opt/conda/envs/gdf/bin/python(_PyEval_EvalFrameDefault+0x133e) [0x55ccd91502be]
45  /opt/conda/envs/gdf/bin/python(+0x1cc80c) [0x55ccd91ef80c]
46  /opt/conda/envs/gdf/bin/python(PyEval_EvalCode+0x87) [0x55ccd91ef757]
47  /opt/conda/envs/gdf/bin/python(+0x1fcb1a) [0x55ccd921fb1a]
48  /opt/conda/envs/gdf/bin/python(+0x1f7fa3) [0x55ccd921afa3]
49  /opt/conda/envs/gdf/bin/python(PyRun_StringFlags+0x7d) [0x55ccd921373d]
50  /opt/conda/envs/gdf/bin/python(PyRun_SimpleStringFlags+0x3c) [0x55ccd921357c]
51  /opt/conda/envs/gdf/bin/python(Py_RunMain+0x3ba) [0x55ccd921277a]
52  /opt/conda/envs/gdf/bin/python(Py_BytesMain+0x37) [0x55ccd91e2e97]
53  /usr/lib/x86_64-linux-gnu/libc.so.6(__libc_start_main+0xf3) [0x7f9b121f8083]
54  /opt/conda/envs/gdf/bin/python(+0x1bfdae) [0x55ccd91e2dae]
=================================
2024-11-04 07:41:51,844 - distributed.worker - ERROR - failed during get data with ucx://127.0.0.1:34179 -> ucx://127.0.0.1:37765
Traceback (most recent call last):
  File "/opt/conda/envs/gdf/lib/python3.10/site-packages/distributed/comm/ucx.py", line 335, in write
    await self.ep.send(each_frame)
  File "/opt/conda/envs/gdf/lib/python3.10/site-packages/ucp/core.py", line 662, in send
    return await comm.tag_send(self._ep, buffer, nbytes, tag, name=log)
ucp._libs.exceptions.UCXError: <[Send #007] ep: 0x7fdb86e3e240, tag: 0x564e0a98783a4b98, nbytes: 50000000, type: <class 'cupy.ndarray'>>: Connection reset by remote peer

During handling of the above exception, another exception occurred:

Traceback (most recent call last):
  File "/opt/conda/envs/gdf/lib/python3.10/site-packages/distributed/worker.py", line 1777, in get_data
    compressed = await comm.write(msg, serializers=serializers)
  File "/opt/conda/envs/gdf/lib/python3.10/site-packages/distributed/utils.py", line 806, in wrapper
    return await func(*args, **kwargs)
  File "/opt/conda/envs/gdf/lib/python3.10/site-packages/distributed/comm/ucx.py", line 339, in write
    raise CommClosedError("While writing, the connection was closed")
distributed.comm.core.CommClosedError: While writing, the connection was closed
2024-11-04 07:41:51,845 - distributed.worker - ERROR - failed during get data with ucx://127.0.0.1:39049 -> ucx://127.0.0.1:37765
Traceback (most recent call last):
  File "/opt/conda/envs/gdf/lib/python3.10/site-packages/distributed/comm/ucx.py", line 335, in write
    await self.ep.send(each_frame)
  File "/opt/conda/envs/gdf/lib/python3.10/site-packages/ucp/core.py", line 662, in send
    return await comm.tag_send(self._ep, buffer, nbytes, tag, name=log)
ucp._libs.exceptions.UCXError: <[Send #007] ep: 0x7f1dd47a9100, tag: 0xb2a53f7c42d213ed, nbytes: 50000000, type: <class 'cupy.ndarray'>>: Connection reset by remote peer

During handling of the above exception, another exception occurred:

Traceback (most recent call last):
  File "/opt/conda/envs/gdf/lib/python3.10/site-packages/distributed/worker.py", line 1777, in get_data
    compressed = await comm.write(msg, serializers=serializers)
  File "/opt/conda/envs/gdf/lib/python3.10/site-packages/distributed/utils.py", line 806, in wrapper
    return await func(*args, **kwargs)
  File "/opt/conda/envs/gdf/lib/python3.10/site-packages/distributed/comm/ucx.py", line 339, in write
    raise CommClosedError("While writing, the connection was closed")
distributed.comm.core.CommClosedError: While writing, the connection was closed
2024-11-04 07:41:51,941 - distributed.nanny - WARNING - Restarting worker
[dgx13:99029:0:99029] Caught signal 11 (Segmentation fault: address not mapped to object at address 0x450)
==== backtrace (tid:  99029) ====
 0  /opt/conda/envs/gdf/lib/libucs.so.0(ucs_handle_error+0x2fd) [0x7f16ec03ccfd]
 1  /opt/conda/envs/gdf/lib/libucs.so.0(+0x2def4) [0x7f16ec03cef4]
 2  /opt/conda/envs/gdf/lib/libucs.so.0(+0x2e0ba) [0x7f16ec03d0ba]
 3  /usr/lib/x86_64-linux-gnu/libpthread.so.0(+0x14420) [0x7f172213b420]
 4  /opt/conda/envs/gdf/lib/libucp.so.0(ucp_mem_type_unpack+0x17) [0x7f16d9b7c197]
 5  /opt/conda/envs/gdf/lib/libucp.so.0(ucp_rndv_data_handler+0x65d) [0x7f16d9ba664d]
 6  /opt/conda/envs/gdf/lib/libuct.so.0(+0x21bdf) [0x7f16d9b12bdf]
 7  /opt/conda/envs/gdf/lib/libuct.so.0(+0x24db8) [0x7f16d9b15db8]
 8  /opt/conda/envs/gdf/lib/libucs.so.0(ucs_event_set_wait+0xb9) [0x7f16ec046619]
 9  /opt/conda/envs/gdf/lib/libuct.so.0(uct_tcp_iface_progress+0x7d) [0x7f16d9b14ecd]
10  /opt/conda/envs/gdf/lib/libucp.so.0(ucp_worker_progress+0x5a) [0x7f16d9b78eea]
11  /opt/conda/envs/gdf/lib/python3.10/site-packages/ucp/_libs/ucx_api.cpython-310-x86_64-linux-gnu.so(+0x31d7a) [0x7f16d9c39d7a]
12  /opt/conda/envs/gdf/bin/python(_PyEval_EvalFrameDefault+0x2d62) [0x55f40c56cce2]
13  /opt/conda/envs/gdf/bin/python(_PyFunction_Vectorcall+0x6c) [0x55f40c57a0cc]
14  /opt/conda/envs/gdf/bin/python(_PyEval_EvalFrameDefault+0x700) [0x55f40c56a680]
15  /opt/conda/envs/gdf/bin/python(+0x147764) [0x55f40c585764]
16  /opt/conda/envs/gdf/bin/python(+0x25292c) [0x55f40c69092c]
17  /opt/conda/envs/gdf/bin/python(+0xf7850) [0x55f40c535850]
18  /opt/conda/envs/gdf/bin/python(+0x133703) [0x55f40c571703]
19  /opt/conda/envs/gdf/bin/python(_PyEval_EvalFrameDefault+0x596c) [0x55f40c56f8ec]
20  /opt/conda/envs/gdf/bin/python(_PyFunction_Vectorcall+0x6c) [0x55f40c57a0cc]
21  /opt/conda/envs/gdf/bin/python(_PyEval_EvalFrameDefault+0x700) [0x55f40c56a680]
22  /opt/conda/envs/gdf/bin/python(_PyFunction_Vectorcall+0x6c) [0x55f40c57a0cc]
23  /opt/conda/envs/gdf/bin/python(_PyEval_EvalFrameDefault+0x700) [0x55f40c56a680]
24  /opt/conda/envs/gdf/bin/python(_PyFunction_Vectorcall+0x6c) [0x55f40c57a0cc]
25  /opt/conda/envs/gdf/bin/python(_PyEval_EvalFrameDefault+0x700) [0x55f40c56a680]
26  /opt/conda/envs/gdf/bin/python(_PyFunction_Vectorcall+0x6c) [0x55f40c57a0cc]
27  /opt/conda/envs/gdf/bin/python(_PyEval_EvalFrameDefault+0x700) [0x55f40c56a680]
28  /opt/conda/envs/gdf/bin/python(_PyFunction_Vectorcall+0x6c) [0x55f40c57a0cc]
29  /opt/conda/envs/gdf/bin/python(_PyEval_EvalFrameDefault+0x133e) [0x55f40c56b2be]
30  /opt/conda/envs/gdf/bin/python(+0x1474e2) [0x55f40c5854e2]
31  /opt/conda/envs/gdf/bin/python(PyObject_Call+0xbc) [0x55f40c585e7c]
32  /opt/conda/envs/gdf/bin/python(+0x1ff38d) [0x55f40c63d38d]
33  /opt/conda/envs/gdf/bin/python(_PyObject_MakeTpCall+0x2d3) [0x55f40c572f73]
34  /opt/conda/envs/gdf/bin/python(_PyEval_EvalFrameDefault+0x2d62) [0x55f40c56cce2]
35  /opt/conda/envs/gdf/bin/python(+0x147638) [0x55f40c585638]
36  /opt/conda/envs/gdf/bin/python(_PyEval_EvalFrameDefault+0x2d62) [0x55f40c56cce2]
37  /opt/conda/envs/gdf/bin/python(_PyFunction_Vectorcall+0x6c) [0x55f40c57a0cc]
38  /opt/conda/envs/gdf/bin/python(_PyEval_EvalFrameDefault+0x700) [0x55f40c56a680]
39  /opt/conda/envs/gdf/bin/python(_PyFunction_Vectorcall+0x6c) [0x55f40c57a0cc]
40  /opt/conda/envs/gdf/bin/python(_PyEval_EvalFrameDefault+0x700) [0x55f40c56a680]
41  /opt/conda/envs/gdf/bin/python(_PyFunction_Vectorcall+0x6c) [0x55f40c57a0cc]
42  /opt/conda/envs/gdf/bin/python(_PyEval_EvalFrameDefault+0x30c) [0x55f40c56a28c]
43  /opt/conda/envs/gdf/bin/python(_PyFunction_Vectorcall+0x6c) [0x55f40c57a0cc]
44  /opt/conda/envs/gdf/bin/python(_PyEval_EvalFrameDefault+0x133e) [0x55f40c56b2be]
45  /opt/conda/envs/gdf/bin/python(+0x1cc80c) [0x55f40c60a80c]
46  /opt/conda/envs/gdf/bin/python(PyEval_EvalCode+0x87) [0x55f40c60a757]
47  /opt/conda/envs/gdf/bin/python(+0x1fcb1a) [0x55f40c63ab1a]
48  /opt/conda/envs/gdf/bin/python(+0x1f7fa3) [0x55f40c635fa3]
49  /opt/conda/envs/gdf/bin/python(PyRun_StringFlags+0x7d) [0x55f40c62e73d]
50  /opt/conda/envs/gdf/bin/python(PyRun_SimpleStringFlags+0x3c) [0x55f40c62e57c]
51  /opt/conda/envs/gdf/bin/python(Py_RunMain+0x3ba) [0x55f40c62d77a]
52  /opt/conda/envs/gdf/bin/python(Py_BytesMain+0x37) [0x55f40c5fde97]
53  /usr/lib/x86_64-linux-gnu/libc.so.6(__libc_start_main+0xf3) [0x7f1721dff083]
54  /opt/conda/envs/gdf/bin/python(+0x1bfdae) [0x55f40c5fddae]
=================================
2024-11-04 07:41:52,197 - distributed.scheduler - WARNING - Removing worker 'ucx://127.0.0.1:56957' caused the cluster to lose already computed task(s), which will be recomputed elsewhere: {('random_sample-4d5813669edef92a34bb7304e6652863', 6, 8), ('random_sample-4d5813669edef92a34bb7304e6652863', 7, 4), ('sum-fd00fbd1a27f231a01b86938ff6a3d73', 6, 8), ('sum-fd00fbd1a27f231a01b86938ff6a3d73', 3, 7), ('sum-fd00fbd1a27f231a01b86938ff6a3d73', 8, 6), ('random_sample-4d5813669edef92a34bb7304e6652863', 7, 0), ('random_sample-4d5813669edef92a34bb7304e6652863', 6, 9), ('random_sample-4d5813669edef92a34bb7304e6652863', 7, 3), ('random_sample-4d5813669edef92a34bb7304e6652863', 5, 7), ('sum-fd00fbd1a27f231a01b86938ff6a3d73', 7, 3)} (stimulus_id='handle-worker-cleanup-1730706112.1974764')
2024-11-04 07:41:52,197 - distributed.worker - ERROR - failed during get data with ucx://127.0.0.1:59791 -> ucx://127.0.0.1:56957
Traceback (most recent call last):
  File "/opt/conda/envs/gdf/lib/python3.10/site-packages/distributed/comm/ucx.py", line 335, in write
    await self.ep.send(each_frame)
  File "/opt/conda/envs/gdf/lib/python3.10/site-packages/ucp/core.py", line 662, in send
    return await comm.tag_send(self._ep, buffer, nbytes, tag, name=log)
ucp._libs.exceptions.UCXError: <[Send #007] ep: 0x7f6f449832c0, tag: 0xe000b35c685e8c42, nbytes: 50000000, type: <class 'cupy.ndarray'>>: Connection reset by remote peer

During handling of the above exception, another exception occurred:

Traceback (most recent call last):
  File "/opt/conda/envs/gdf/lib/python3.10/site-packages/distributed/worker.py", line 1777, in get_data
    compressed = await comm.write(msg, serializers=serializers)
  File "/opt/conda/envs/gdf/lib/python3.10/site-packages/distributed/utils.py", line 806, in wrapper
    return await func(*args, **kwargs)
  File "/opt/conda/envs/gdf/lib/python3.10/site-packages/distributed/comm/ucx.py", line 339, in write
    raise CommClosedError("While writing, the connection was closed")
distributed.comm.core.CommClosedError: While writing, the connection was closed
2024-11-04 07:41:52,197 - distributed.worker - ERROR - failed during get data with ucx://127.0.0.1:34179 -> ucx://127.0.0.1:56957
Traceback (most recent call last):
  File "/opt/conda/envs/gdf/lib/python3.10/site-packages/distributed/comm/ucx.py", line 335, in write
    await self.ep.send(each_frame)
  File "/opt/conda/envs/gdf/lib/python3.10/site-packages/ucp/core.py", line 662, in send
    return await comm.tag_send(self._ep, buffer, nbytes, tag, name=log)
ucp._libs.exceptions.UCXError: <[Send #007] ep: 0x7fdb86e3e240, tag: 0x35e8502aef5c808d, nbytes: 50000000, type: <class 'cupy.ndarray'>>: Connection reset by remote peer

During handling of the above exception, another exception occurred:

Traceback (most recent call last):
  File "/opt/conda/envs/gdf/lib/python3.10/site-packages/distributed/worker.py", line 1777, in get_data
    compressed = await comm.write(msg, serializers=serializers)
  File "/opt/conda/envs/gdf/lib/python3.10/site-packages/distributed/utils.py", line 806, in wrapper
    return await func(*args, **kwargs)
  File "/opt/conda/envs/gdf/lib/python3.10/site-packages/distributed/comm/ucx.py", line 339, in write
    raise CommClosedError("While writing, the connection was closed")
distributed.comm.core.CommClosedError: While writing, the connection was closed
2024-11-04 07:41:52,210 - distributed.worker - ERROR - Worker stream died during communication: ucx://127.0.0.1:56957
Traceback (most recent call last):
  File "/opt/conda/envs/gdf/lib/python3.10/site-packages/distributed/core.py", line 1425, in _connect
    comm = await connect(
  File "/opt/conda/envs/gdf/lib/python3.10/site-packages/distributed/comm/core.py", line 342, in connect
    comm = await wait_for(
  File "/opt/conda/envs/gdf/lib/python3.10/site-packages/distributed/utils.py", line 1926, in wait_for
    return await asyncio.wait_for(fut, timeout)
  File "/opt/conda/envs/gdf/lib/python3.10/asyncio/tasks.py", line 432, in wait_for
    await waiter
asyncio.exceptions.CancelledError

During handling of the above exception, another exception occurred:

Traceback (most recent call last):
  File "/opt/conda/envs/gdf/lib/python3.10/site-packages/distributed/core.py", line 1535, in connect
    return connect_attempt.result()
asyncio.exceptions.CancelledError

During handling of the above exception, another exception occurred:

Traceback (most recent call last):
  File "/opt/conda/envs/gdf/lib/python3.10/site-packages/distributed/worker.py", line 2056, in gather_dep
    response = await get_data_from_worker(
  File "/opt/conda/envs/gdf/lib/python3.10/site-packages/distributed/worker.py", line 2871, in get_data_from_worker
    comm = await rpc.connect(worker)
  File "/opt/conda/envs/gdf/lib/python3.10/site-packages/distributed/core.py", line 1537, in connect
    raise CommClosedError(reason)
distributed.comm.core.CommClosedError: Address removed.
2024-11-04 07:41:52,324 - distributed.nanny - WARNING - Restarting worker
[dgx13:99037:0:99037] Caught signal 11 (Segmentation fault: address not mapped to object at address 0x450)
==== backtrace (tid:  99037) ====
 0  /opt/conda/envs/gdf/lib/libucs.so.0(ucs_handle_error+0x2fd) [0x7efdd2f9acfd]
 1  /opt/conda/envs/gdf/lib/libucs.so.0(+0x2def4) [0x7efdd2f9aef4]
 2  /opt/conda/envs/gdf/lib/libucs.so.0(+0x2e0ba) [0x7efdd2f9b0ba]
 3  /usr/lib/x86_64-linux-gnu/libpthread.so.0(+0x14420) [0x7efe1765e420]
 4  /opt/conda/envs/gdf/lib/libucp.so.0(ucp_mem_type_unpack+0x17) [0x7efdd301e197]
 5  /opt/conda/envs/gdf/lib/libucp.so.0(ucp_rndv_data_handler+0x65d) [0x7efdd304864d]
 6  /opt/conda/envs/gdf/lib/libuct.so.0(+0x21bdf) [0x7efdd2f50bdf]
 7  /opt/conda/envs/gdf/lib/libuct.so.0(+0x24db8) [0x7efdd2f53db8]
 8  /opt/conda/envs/gdf/lib/libucs.so.0(ucs_event_set_wait+0xb9) [0x7efdd2fa4619]
 9  /opt/conda/envs/gdf/lib/libuct.so.0(uct_tcp_iface_progress+0x7d) [0x7efdd2f52ecd]
10  /opt/conda/envs/gdf/lib/libucp.so.0(ucp_worker_progress+0x5a) [0x7efdd301aeea]
11  /opt/conda/envs/gdf/lib/python3.10/site-packages/ucp/_libs/ucx_api.cpython-310-x86_64-linux-gnu.so(+0x31d7a) [0x7efdd30dbd7a]
12  /opt/conda/envs/gdf/bin/python(_PyEval_EvalFrameDefault+0x2d62) [0x5615d58a6ce2]
13  /opt/conda/envs/gdf/bin/python(_PyFunction_Vectorcall+0x6c) [0x5615d58b40cc]
14  /opt/conda/envs/gdf/bin/python(_PyEval_EvalFrameDefault+0x700) [0x5615d58a4680]
15  /opt/conda/envs/gdf/bin/python(+0x147764) [0x5615d58bf764]
16  /opt/conda/envs/gdf/bin/python(+0x25292c) [0x5615d59ca92c]
17  /opt/conda/envs/gdf/bin/python(+0xf7850) [0x5615d586f850]
18  /opt/conda/envs/gdf/bin/python(+0x133703) [0x5615d58ab703]
19  /opt/conda/envs/gdf/bin/python(_PyEval_EvalFrameDefault+0x596c) [0x5615d58a98ec]
20  /opt/conda/envs/gdf/bin/python(_PyFunction_Vectorcall+0x6c) [0x5615d58b40cc]
21  /opt/conda/envs/gdf/bin/python(_PyEval_EvalFrameDefault+0x700) [0x5615d58a4680]
22  /opt/conda/envs/gdf/bin/python(_PyFunction_Vectorcall+0x6c) [0x5615d58b40cc]
23  /opt/conda/envs/gdf/bin/python(_PyEval_EvalFrameDefault+0x700) [0x5615d58a4680]
24  /opt/conda/envs/gdf/bin/python(_PyFunction_Vectorcall+0x6c) [0x5615d58b40cc]
25  /opt/conda/envs/gdf/bin/python(_PyEval_EvalFrameDefault+0x700) [0x5615d58a4680]
26  /opt/conda/envs/gdf/bin/python(_PyFunction_Vectorcall+0x6c) [0x5615d58b40cc]
27  /opt/conda/envs/gdf/bin/python(_PyEval_EvalFrameDefault+0x700) [0x5615d58a4680]
28  /opt/conda/envs/gdf/bin/python(_PyFunction_Vectorcall+0x6c) [0x5615d58b40cc]
29  /opt/conda/envs/gdf/bin/python(_PyEval_EvalFrameDefault+0x133e) [0x5615d58a52be]
30  /opt/conda/envs/gdf/bin/python(+0x1474e2) [0x5615d58bf4e2]
31  /opt/conda/envs/gdf/bin/python(PyObject_Call+0xbc) [0x5615d58bfe7c]
32  /opt/conda/envs/gdf/bin/python(+0x1ff38d) [0x5615d597738d]
33  /opt/conda/envs/gdf/bin/python(_PyObject_MakeTpCall+0x2d3) [0x5615d58acf73]
34  /opt/conda/envs/gdf/bin/python(_PyEval_EvalFrameDefault+0x2d62) [0x5615d58a6ce2]
35  /opt/conda/envs/gdf/bin/python(+0x147638) [0x5615d58bf638]
36  /opt/conda/envs/gdf/bin/python(_PyEval_EvalFrameDefault+0x2d62) [0x5615d58a6ce2]
37  /opt/conda/envs/gdf/bin/python(_PyFunction_Vectorcall+0x6c) [0x5615d58b40cc]
38  /opt/conda/envs/gdf/bin/python(_PyEval_EvalFrameDefault+0x700) [0x5615d58a4680]
39  /opt/conda/envs/gdf/bin/python(_PyFunction_Vectorcall+0x6c) [0x5615d58b40cc]
40  /opt/conda/envs/gdf/bin/python(_PyEval_EvalFrameDefault+0x700) [0x5615d58a4680]
41  /opt/conda/envs/gdf/bin/python(_PyFunction_Vectorcall+0x6c) [0x5615d58b40cc]
42  /opt/conda/envs/gdf/bin/python(_PyEval_EvalFrameDefault+0x30c) [0x5615d58a428c]
43  /opt/conda/envs/gdf/bin/python(_PyFunction_Vectorcall+0x6c) [0x5615d58b40cc]
44  /opt/conda/envs/gdf/bin/python(_PyEval_EvalFrameDefault+0x133e) [0x5615d58a52be]
45  /opt/conda/envs/gdf/bin/python(+0x1cc80c) [0x5615d594480c]
46  /opt/conda/envs/gdf/bin/python(PyEval_EvalCode+0x87) [0x5615d5944757]
47  /opt/conda/envs/gdf/bin/python(+0x1fcb1a) [0x5615d5974b1a]
48  /opt/conda/envs/gdf/bin/python(+0x1f7fa3) [0x5615d596ffa3]
49  /opt/conda/envs/gdf/bin/python(PyRun_StringFlags+0x7d) [0x5615d596873d]
50  /opt/conda/envs/gdf/bin/python(PyRun_SimpleStringFlags+0x3c) [0x5615d596857c]
51  /opt/conda/envs/gdf/bin/python(Py_RunMain+0x3ba) [0x5615d596777a]
52  /opt/conda/envs/gdf/bin/python(Py_BytesMain+0x37) [0x5615d5937e97]
53  /usr/lib/x86_64-linux-gnu/libc.so.6(__libc_start_main+0xf3) [0x7efe17322083]
54  /opt/conda/envs/gdf/bin/python(+0x1bfdae) [0x5615d5937dae]
=================================
[dgx13:99047:0:99047] Caught signal 11 (Segmentation fault: address not mapped to object at address 0x450)
==== backtrace (tid:  99047) ====
 0  /opt/conda/envs/gdf/lib/libucs.so.0(ucs_handle_error+0x2fd) [0x7f0a74c90cfd]
 1  /opt/conda/envs/gdf/lib/libucs.so.0(+0x2def4) [0x7f0a74c90ef4]
 2  /opt/conda/envs/gdf/lib/libucs.so.0(+0x2e0ba) [0x7f0a74c910ba]
 3  /usr/lib/x86_64-linux-gnu/libpthread.so.0(+0x14420) [0x7f0aab37b420]
 4  /opt/conda/envs/gdf/lib/libucp.so.0(ucp_mem_type_unpack+0x17) [0x7f0a74d14197]
 5  /opt/conda/envs/gdf/lib/libucp.so.0(ucp_rndv_data_handler+0x65d) [0x7f0a74d3e64d]
 6  /opt/conda/envs/gdf/lib/libuct.so.0(+0x21bdf) [0x7f0a74c46bdf]
 7  /opt/conda/envs/gdf/lib/libuct.so.0(+0x24db8) [0x7f0a74c49db8]
 8  /opt/conda/envs/gdf/lib/libucs.so.0(ucs_event_set_wait+0xb9) [0x7f0a74c9a619]
 9  /opt/conda/envs/gdf/lib/libuct.so.0(uct_tcp_iface_progress+0x7d) [0x7f0a74c48ecd]
10  /opt/conda/envs/gdf/lib/libucp.so.0(ucp_worker_progress+0x5a) [0x7f0a74d10eea]
11  /opt/conda/envs/gdf/lib/python3.10/site-packages/ucp/_libs/ucx_api.cpython-310-x86_64-linux-gnu.so(+0x31d7a) [0x7f0a74dd1d7a]
12  /opt/conda/envs/gdf/bin/python(_PyEval_EvalFrameDefault+0x2d62) [0x563fcba64ce2]
13  /opt/conda/envs/gdf/bin/python(_PyFunction_Vectorcall+0x6c) [0x563fcba720cc]
14  /opt/conda/envs/gdf/bin/python(_PyEval_EvalFrameDefault+0x700) [0x563fcba62680]
15  /opt/conda/envs/gdf/bin/python(+0x147764) [0x563fcba7d764]
16  /opt/conda/envs/gdf/bin/python(+0x25292c) [0x563fcbb8892c]
17  /opt/conda/envs/gdf/bin/python(+0xf7850) [0x563fcba2d850]
18  /opt/conda/envs/gdf/bin/python(+0x133703) [0x563fcba69703]
19  /opt/conda/envs/gdf/bin/python(_PyEval_EvalFrameDefault+0x596c) [0x563fcba678ec]
20  /opt/conda/envs/gdf/bin/python(_PyFunction_Vectorcall+0x6c) [0x563fcba720cc]
21  /opt/conda/envs/gdf/bin/python(_PyEval_EvalFrameDefault+0x700) [0x563fcba62680]
22  /opt/conda/envs/gdf/bin/python(_PyFunction_Vectorcall+0x6c) [0x563fcba720cc]
23  /opt/conda/envs/gdf/bin/python(_PyEval_EvalFrameDefault+0x700) [0x563fcba62680]
24  /opt/conda/envs/gdf/bin/python(_PyFunction_Vectorcall+0x6c) [0x563fcba720cc]
25  /opt/conda/envs/gdf/bin/python(_PyEval_EvalFrameDefault+0x700) [0x563fcba62680]
26  /opt/conda/envs/gdf/bin/python(_PyFunction_Vectorcall+0x6c) [0x563fcba720cc]
27  /opt/conda/envs/gdf/bin/python(_PyEval_EvalFrameDefault+0x700) [0x563fcba62680]
28  /opt/conda/envs/gdf/bin/python(_PyFunction_Vectorcall+0x6c) [0x563fcba720cc]
29  /opt/conda/envs/gdf/bin/python(_PyEval_EvalFrameDefault+0x133e) [0x563fcba632be]
30  /opt/conda/envs/gdf/bin/python(+0x1474e2) [0x563fcba7d4e2]
31  /opt/conda/envs/gdf/bin/python(PyObject_Call+0xbc) [0x563fcba7de7c]
32  /opt/conda/envs/gdf/bin/python(+0x1ff38d) [0x563fcbb3538d]
33  /opt/conda/envs/gdf/bin/python(_PyObject_MakeTpCall+0x2d3) [0x563fcba6af73]
34  /opt/conda/envs/gdf/bin/python(_PyEval_EvalFrameDefault+0x2d62) [0x563fcba64ce2]
35  /opt/conda/envs/gdf/bin/python(+0x147638) [0x563fcba7d638]
36  /opt/conda/envs/gdf/bin/python(_PyEval_EvalFrameDefault+0x2d62) [0x563fcba64ce2]
37  /opt/conda/envs/gdf/bin/python(_PyFunction_Vectorcall+0x6c) [0x563fcba720cc]
38  /opt/conda/envs/gdf/bin/python(_PyEval_EvalFrameDefault+0x700) [0x563fcba62680]
39  /opt/conda/envs/gdf/bin/python(_PyFunction_Vectorcall+0x6c) [0x563fcba720cc]
40  /opt/conda/envs/gdf/bin/python(_PyEval_EvalFrameDefault+0x700) [0x563fcba62680]
41  /opt/conda/envs/gdf/bin/python(_PyFunction_Vectorcall+0x6c) [0x563fcba720cc]
42  /opt/conda/envs/gdf/bin/python(_PyEval_EvalFrameDefault+0x30c) [0x563fcba6228c]
43  /opt/conda/envs/gdf/bin/python(_PyFunction_Vectorcall+0x6c) [0x563fcba720cc]
44  /opt/conda/envs/gdf/bin/python(_PyEval_EvalFrameDefault+0x133e) [0x563fcba632be]
45  /opt/conda/envs/gdf/bin/python(+0x1cc80c) [0x563fcbb0280c]
46  /opt/conda/envs/gdf/bin/python(PyEval_EvalCode+0x87) [0x563fcbb02757]
47  /opt/conda/envs/gdf/bin/python(+0x1fcb1a) [0x563fcbb32b1a]
48  /opt/conda/envs/gdf/bin/python(+0x1f7fa3) [0x563fcbb2dfa3]
49  /opt/conda/envs/gdf/bin/python(PyRun_StringFlags+0x7d) [0x563fcbb2673d]
50  /opt/conda/envs/gdf/bin/python(PyRun_SimpleStringFlags+0x3c) [0x563fcbb2657c]
51  /opt/conda/envs/gdf/bin/python(Py_RunMain+0x3ba) [0x563fcbb2577a]
52  /opt/conda/envs/gdf/bin/python(Py_BytesMain+0x37) [0x563fcbaf5e97]
53  /usr/lib/x86_64-linux-gnu/libc.so.6(__libc_start_main+0xf3) [0x7f0aab03f083]
54  /opt/conda/envs/gdf/bin/python(+0x1bfdae) [0x563fcbaf5dae]
=================================
2024-11-04 07:41:52,565 - distributed.worker - ERROR - failed during get data with ucx://127.0.0.1:59791 -> ucx://127.0.0.1:50775
Traceback (most recent call last):
  File "/opt/conda/envs/gdf/lib/python3.10/site-packages/distributed/comm/ucx.py", line 335, in write
    await self.ep.send(each_frame)
  File "/opt/conda/envs/gdf/lib/python3.10/site-packages/ucp/core.py", line 662, in send
    return await comm.tag_send(self._ep, buffer, nbytes, tag, name=log)
ucp._libs.exceptions.UCXError: <[Send #007] ep: 0x7f6f449832c0, tag: 0x6441e83f776f7759, nbytes: 50000000, type: <class 'cupy.ndarray'>>: Connection reset by remote peer

During handling of the above exception, another exception occurred:

Traceback (most recent call last):
  File "/opt/conda/envs/gdf/lib/python3.10/site-packages/distributed/worker.py", line 1777, in get_data
    compressed = await comm.write(msg, serializers=serializers)
  File "/opt/conda/envs/gdf/lib/python3.10/site-packages/distributed/utils.py", line 806, in wrapper
    return await func(*args, **kwargs)
  File "/opt/conda/envs/gdf/lib/python3.10/site-packages/distributed/comm/ucx.py", line 339, in write
    raise CommClosedError("While writing, the connection was closed")
distributed.comm.core.CommClosedError: While writing, the connection was closed
2024-11-04 07:41:52,565 - distributed.scheduler - WARNING - Removing worker 'ucx://127.0.0.1:50775' caused the cluster to lose already computed task(s), which will be recomputed elsewhere: {('random_sample-4d5813669edef92a34bb7304e6652863', 6, 8), ('sum-fd00fbd1a27f231a01b86938ff6a3d73', 6, 8), ('random_sample-4d5813669edef92a34bb7304e6652863', 8, 6), ('random_sample-4d5813669edef92a34bb7304e6652863', 6, 5), ('sum-fd00fbd1a27f231a01b86938ff6a3d73', 6, 5), ('random_sample-4d5813669edef92a34bb7304e6652863', 5, 4), ('random_sample-4d5813669edef92a34bb7304e6652863', 7, 0), ('random_sample-4d5813669edef92a34bb7304e6652863', 6, 9), ('sum-fd00fbd1a27f231a01b86938ff6a3d73', 8, 6), ('random_sample-4d5813669edef92a34bb7304e6652863', 5, 6), ('sum-fd00fbd1a27f231a01b86938ff6a3d73', 5, 6)} (stimulus_id='handle-worker-cleanup-1730706112.5651696')
2024-11-04 07:41:52,652 - distributed.scheduler - WARNING - Removing worker 'ucx://127.0.0.1:34807' caused the cluster to lose already computed task(s), which will be recomputed elsewhere: {('sum-fd00fbd1a27f231a01b86938ff6a3d73', 4, 9), ('sum-fd00fbd1a27f231a01b86938ff6a3d73', 9, 4), ('random_sample-4d5813669edef92a34bb7304e6652863', 4, 7), ('random_sample-4d5813669edef92a34bb7304e6652863', 9, 4), ('random_sample-4d5813669edef92a34bb7304e6652863', 4, 9), ('random_sample-4d5813669edef92a34bb7304e6652863', 4, 5)} (stimulus_id='handle-worker-cleanup-1730706112.6524396')
2024-11-04 07:41:52,652 - distributed.worker - ERROR - failed during get data with ucx://127.0.0.1:33703 -> ucx://127.0.0.1:34807
Traceback (most recent call last):
  File "/opt/conda/envs/gdf/lib/python3.10/site-packages/distributed/comm/ucx.py", line 335, in write
    await self.ep.send(each_frame)
  File "/opt/conda/envs/gdf/lib/python3.10/site-packages/ucp/core.py", line 662, in send
    return await comm.tag_send(self._ep, buffer, nbytes, tag, name=log)
ucp._libs.exceptions.UCXError: <[Send #007] ep: 0x7fe0f2720180, tag: 0x3909f69f5dd048b9, nbytes: 50000000, type: <class 'cupy.ndarray'>>: Connection reset by remote peer

During handling of the above exception, another exception occurred:

Traceback (most recent call last):
  File "/opt/conda/envs/gdf/lib/python3.10/site-packages/distributed/worker.py", line 1777, in get_data
    compressed = await comm.write(msg, serializers=serializers)
  File "/opt/conda/envs/gdf/lib/python3.10/site-packages/distributed/utils.py", line 806, in wrapper
    return await func(*args, **kwargs)
  File "/opt/conda/envs/gdf/lib/python3.10/site-packages/distributed/comm/ucx.py", line 339, in write
    raise CommClosedError("While writing, the connection was closed")
distributed.comm.core.CommClosedError: While writing, the connection was closed
2024-11-04 07:41:52,654 - distributed.worker - ERROR - Worker stream died during communication: ucx://127.0.0.1:34807
Traceback (most recent call last):
  File "/opt/conda/envs/gdf/lib/python3.10/site-packages/distributed/comm/ucx.py", line 393, in read
    await self.ep.recv(each_frame)
  File "/opt/conda/envs/gdf/lib/python3.10/site-packages/ucp/core.py", line 737, in recv
    ret = await comm.tag_recv(self._ep, buffer, nbytes, tag, name=log)
ucp._libs.exceptions.UCXError: <[Recv #007] ep: 0x7fe0f2720140, tag: 0x8eb24c2076382308, nbytes: 50000000, type: <class 'rmm._lib.device_buffer.DeviceBuffer'>>: Connection reset by remote peer

During handling of the above exception, another exception occurred:

Traceback (most recent call last):
  File "/opt/conda/envs/gdf/lib/python3.10/site-packages/distributed/worker.py", line 2056, in gather_dep
    response = await get_data_from_worker(
  File "/opt/conda/envs/gdf/lib/python3.10/site-packages/distributed/worker.py", line 2874, in get_data_from_worker
    response = await send_recv(
  File "/opt/conda/envs/gdf/lib/python3.10/site-packages/distributed/core.py", line 1015, in send_recv
    response = await comm.read(deserializers=deserializers)
  File "/opt/conda/envs/gdf/lib/python3.10/site-packages/distributed/utils.py", line 806, in wrapper
    return await func(*args, **kwargs)
  File "/opt/conda/envs/gdf/lib/python3.10/site-packages/distributed/comm/ucx.py", line 399, in read
    raise CommClosedError(
distributed.comm.core.CommClosedError: Connection closed by writer.
Inner exception: UCXError("<[Recv #007] ep: 0x7fe0f2720140, tag: 0x8eb24c2076382308, nbytes: 50000000, type: <class 'rmm._lib.device_buffer.DeviceBuffer'>>: Connection reset by remote peer")
2024-11-04 07:41:52,664 - distributed.nanny - WARNING - Restarting worker
2024-11-04 07:41:52,757 - distributed.nanny - WARNING - Restarting worker
2024-11-04 07:42:17,302 - distributed.worker - ERROR - Worker stream died during communication: ucx://127.0.0.1:48983
Traceback (most recent call last):
  File "/opt/conda/envs/gdf/lib/python3.10/site-packages/distributed/comm/ucx.py", line 468, in connect
    ep = await ucp.create_endpoint(ip, port)
  File "/opt/conda/envs/gdf/lib/python3.10/site-packages/ucp/core.py", line 1016, in create_endpoint
    return await _get_ctx().create_endpoint(
  File "/opt/conda/envs/gdf/lib/python3.10/site-packages/ucp/core.py", line 328, in create_endpoint
    peer_info = await exchange_peer_info(
  File "/opt/conda/envs/gdf/lib/python3.10/site-packages/ucp/core.py", line 60, in exchange_peer_info
    await asyncio.wait_for(
  File "/opt/conda/envs/gdf/lib/python3.10/asyncio/tasks.py", line 432, in wait_for
    await waiter
asyncio.exceptions.CancelledError

During handling of the above exception, another exception occurred:

Traceback (most recent call last):
  File "/opt/conda/envs/gdf/lib/python3.10/asyncio/tasks.py", line 456, in wait_for
    return fut.result()
asyncio.exceptions.CancelledError

The above exception was the direct cause of the following exception:

Traceback (most recent call last):
  File "/opt/conda/envs/gdf/lib/python3.10/site-packages/distributed/comm/core.py", line 342, in connect
    comm = await wait_for(
  File "/opt/conda/envs/gdf/lib/python3.10/site-packages/distributed/utils.py", line 1926, in wait_for
    return await asyncio.wait_for(fut, timeout)
  File "/opt/conda/envs/gdf/lib/python3.10/asyncio/tasks.py", line 458, in wait_for
    raise exceptions.TimeoutError() from exc
asyncio.exceptions.TimeoutError

The above exception was the direct cause of the following exception:

Traceback (most recent call last):
  File "/opt/conda/envs/gdf/lib/python3.10/site-packages/distributed/worker.py", line 2056, in gather_dep
    response = await get_data_from_worker(
  File "/opt/conda/envs/gdf/lib/python3.10/site-packages/distributed/worker.py", line 2871, in get_data_from_worker
    comm = await rpc.connect(worker)
  File "/opt/conda/envs/gdf/lib/python3.10/site-packages/distributed/core.py", line 1535, in connect
    return connect_attempt.result()
  File "/opt/conda/envs/gdf/lib/python3.10/site-packages/distributed/core.py", line 1425, in _connect
    comm = await connect(
  File "/opt/conda/envs/gdf/lib/python3.10/site-packages/distributed/comm/core.py", line 368, in connect
    raise OSError(
OSError: Timed out trying to connect to ucx://127.0.0.1:48983 after 30 s
/opt/conda/envs/gdf/lib/python3.10/multiprocessing/resource_tracker.py:224: UserWarning: resource_tracker: There appear to be 48 leaked semaphore objects to clean up at shutdown
  warnings.warn('resource_tracker: There appear to be %d '
