[dgx13:96107:0:96107] Caught signal 11 (Segmentation fault: address not mapped to object at address 0x450)
==== backtrace (tid:  96107) ====
 0  /opt/conda/envs/gdf/lib/libucs.so.0(ucs_handle_error+0x305) [0x7f7cdd5f6ef5]
 1  /opt/conda/envs/gdf/lib/libucs.so.0(+0x2f0f4) [0x7f7cdd5f70f4]
 2  /opt/conda/envs/gdf/lib/libucs.so.0(+0x2f2ba) [0x7f7cdd5f72ba]
 3  /usr/lib/x86_64-linux-gnu/libpthread.so.0(+0x14420) [0x7f7d1e0b0420]
 4  /opt/conda/envs/gdf/lib/libucp.so.0(ucp_mem_type_unpack+0x1a) [0x7f7cdd67bcea]
 5  /opt/conda/envs/gdf/lib/libucp.so.0(ucp_rndv_data_handler+0x66d) [0x7f7cdd6a73bd]
 6  /opt/conda/envs/gdf/lib/libuct.so.0(+0x21ebf) [0x7f7cdd5abebf]
 7  /opt/conda/envs/gdf/lib/libuct.so.0(+0x250d8) [0x7f7cdd5af0d8]
 8  /opt/conda/envs/gdf/lib/libucs.so.0(ucs_event_set_wait+0xb9) [0x7f7cdd600739]
 9  /opt/conda/envs/gdf/lib/libuct.so.0(uct_tcp_iface_progress+0x7d) [0x7f7cdd5ae1dd]
10  /opt/conda/envs/gdf/lib/libucp.so.0(ucp_worker_progress+0x5a) [0x7f7cdd678a3a]
11  /opt/conda/envs/gdf/lib/python3.10/site-packages/ucp/_libs/ucx_api.cpython-310-x86_64-linux-gnu.so(+0x31d7a) [0x7f7cdd73bd7a]
12  /opt/conda/envs/gdf/bin/python(_PyEval_EvalFrameDefault+0x2ba8) [0x558a07387908]
13  /opt/conda/envs/gdf/bin/python(_PyFunction_Vectorcall+0x6c) [0x558a07394d1c]
14  /opt/conda/envs/gdf/bin/python(_PyEval_EvalFrameDefault+0x700) [0x558a07385460]
15  /opt/conda/envs/gdf/bin/python(+0x1473e4) [0x558a073a03e4]
16  /opt/conda/envs/gdf/bin/python(+0x252eac) [0x558a074abeac]
17  /opt/conda/envs/gdf/bin/python(+0xf7766) [0x558a07350766]
18  /opt/conda/envs/gdf/bin/python(+0x133473) [0x558a0738c473]
19  /opt/conda/envs/gdf/bin/python(_PyEval_EvalFrameDefault+0x5867) [0x558a0738a5c7]
20  /opt/conda/envs/gdf/bin/python(_PyFunction_Vectorcall+0x6c) [0x558a07394d1c]
21  /opt/conda/envs/gdf/bin/python(_PyEval_EvalFrameDefault+0x700) [0x558a07385460]
22  /opt/conda/envs/gdf/bin/python(_PyFunction_Vectorcall+0x6c) [0x558a07394d1c]
23  /opt/conda/envs/gdf/bin/python(_PyEval_EvalFrameDefault+0x700) [0x558a07385460]
24  /opt/conda/envs/gdf/bin/python(_PyFunction_Vectorcall+0x6c) [0x558a07394d1c]
25  /opt/conda/envs/gdf/bin/python(_PyEval_EvalFrameDefault+0x700) [0x558a07385460]
26  /opt/conda/envs/gdf/bin/python(_PyFunction_Vectorcall+0x6c) [0x558a07394d1c]
27  /opt/conda/envs/gdf/bin/python(_PyEval_EvalFrameDefault+0x700) [0x558a07385460]
28  /opt/conda/envs/gdf/bin/python(_PyFunction_Vectorcall+0x6c) [0x558a07394d1c]
29  /opt/conda/envs/gdf/bin/python(_PyEval_EvalFrameDefault+0x1340) [0x558a073860a0]
30  /opt/conda/envs/gdf/bin/python(+0x147162) [0x558a073a0162]
31  /opt/conda/envs/gdf/bin/python(PyObject_Call+0xbc) [0x558a073a0afc]
32  /opt/conda/envs/gdf/bin/python(+0x1ff86d) [0x558a0745886d]
33  /opt/conda/envs/gdf/bin/python(_PyObject_MakeTpCall+0x2d3) [0x558a0738dcc3]
34  /opt/conda/envs/gdf/bin/python(_PyEval_EvalFrameDefault+0x2ba8) [0x558a07387908]
35  /opt/conda/envs/gdf/bin/python(+0x1472b8) [0x558a073a02b8]
36  /opt/conda/envs/gdf/bin/python(_PyEval_EvalFrameDefault+0x2ba8) [0x558a07387908]
37  /opt/conda/envs/gdf/bin/python(_PyFunction_Vectorcall+0x6c) [0x558a07394d1c]
38  /opt/conda/envs/gdf/bin/python(_PyEval_EvalFrameDefault+0x700) [0x558a07385460]
39  /opt/conda/envs/gdf/bin/python(_PyFunction_Vectorcall+0x6c) [0x558a07394d1c]
40  /opt/conda/envs/gdf/bin/python(_PyEval_EvalFrameDefault+0x700) [0x558a07385460]
41  /opt/conda/envs/gdf/bin/python(_PyFunction_Vectorcall+0x6c) [0x558a07394d1c]
42  /opt/conda/envs/gdf/bin/python(_PyEval_EvalFrameDefault+0x30c) [0x558a0738506c]
43  /opt/conda/envs/gdf/bin/python(_PyFunction_Vectorcall+0x6c) [0x558a07394d1c]
44  /opt/conda/envs/gdf/bin/python(_PyEval_EvalFrameDefault+0x1340) [0x558a073860a0]
45  /opt/conda/envs/gdf/bin/python(+0x1ccbac) [0x558a07425bac]
46  /opt/conda/envs/gdf/bin/python(PyEval_EvalCode+0x87) [0x558a07425af7]
47  /opt/conda/envs/gdf/bin/python(+0x1fcffa) [0x558a07455ffa]
48  /opt/conda/envs/gdf/bin/python(+0x1f8473) [0x558a07451473]
49  /opt/conda/envs/gdf/bin/python(PyRun_StringFlags+0x7d) [0x558a07449c0d]
50  /opt/conda/envs/gdf/bin/python(PyRun_SimpleStringFlags+0x3c) [0x558a07449a4c]
51  /opt/conda/envs/gdf/bin/python(Py_RunMain+0x3ba) [0x558a07448c4a]
52  /opt/conda/envs/gdf/bin/python(Py_BytesMain+0x37) [0x558a07419237]
53  /usr/lib/x86_64-linux-gnu/libc.so.6(__libc_start_main+0xf3) [0x7f7d1dd74083]
54  /opt/conda/envs/gdf/bin/python(+0x1c014e) [0x558a0741914e]
=================================
[dgx13:96124:0:96124] Caught signal 11 (Segmentation fault: address not mapped to object at address 0x450)
==== backtrace (tid:  96124) ====
 0  /opt/conda/envs/gdf/lib/libucs.so.0(ucs_handle_error+0x305) [0x7fdf7455aef5]
 1  /opt/conda/envs/gdf/lib/libucs.so.0(+0x2f0f4) [0x7fdf7455b0f4]
 2  /opt/conda/envs/gdf/lib/libucs.so.0(+0x2f2ba) [0x7fdf7455b2ba]
 3  /usr/lib/x86_64-linux-gnu/libpthread.so.0(+0x14420) [0x7fdfa300c420]
 4  /opt/conda/envs/gdf/lib/libucp.so.0(ucp_mem_type_unpack+0x1a) [0x7fdf745dfcea]
 5  /opt/conda/envs/gdf/lib/libucp.so.0(ucp_rndv_data_handler+0x66d) [0x7fdf7460b3bd]
 6  /opt/conda/envs/gdf/lib/libuct.so.0(+0x21ebf) [0x7fdf7450febf]
 7  /opt/conda/envs/gdf/lib/libuct.so.0(+0x250d8) [0x7fdf745130d8]
 8  /opt/conda/envs/gdf/lib/libucs.so.0(ucs_event_set_wait+0xb9) [0x7fdf74564739]
 9  /opt/conda/envs/gdf/lib/libuct.so.0(uct_tcp_iface_progress+0x7d) [0x7fdf745121dd]
10  /opt/conda/envs/gdf/lib/libucp.so.0(ucp_worker_progress+0x5a) [0x7fdf745dca3a]
11  /opt/conda/envs/gdf/lib/python3.10/site-packages/ucp/_libs/ucx_api.cpython-310-x86_64-linux-gnu.so(+0x31d7a) [0x7fdf7469fd7a]
12  /opt/conda/envs/gdf/bin/python(_PyEval_EvalFrameDefault+0x2ba8) [0x55c26100c908]
13  /opt/conda/envs/gdf/bin/python(_PyFunction_Vectorcall+0x6c) [0x55c261019d1c]
14  /opt/conda/envs/gdf/bin/python(_PyEval_EvalFrameDefault+0x700) [0x55c26100a460]
15  /opt/conda/envs/gdf/bin/python(+0x1473e4) [0x55c2610253e4]
16  /opt/conda/envs/gdf/bin/python(+0x252eac) [0x55c261130eac]
17  /opt/conda/envs/gdf/bin/python(+0xf7766) [0x55c260fd5766]
18  /opt/conda/envs/gdf/bin/python(+0x133473) [0x55c261011473]
19  /opt/conda/envs/gdf/bin/python(_PyEval_EvalFrameDefault+0x5867) [0x55c26100f5c7]
20  /opt/conda/envs/gdf/bin/python(_PyFunction_Vectorcall+0x6c) [0x55c261019d1c]
21  /opt/conda/envs/gdf/bin/python(_PyEval_EvalFrameDefault+0x700) [0x55c26100a460]
22  /opt/conda/envs/gdf/bin/python(_PyFunction_Vectorcall+0x6c) [0x55c261019d1c]
23  /opt/conda/envs/gdf/bin/python(_PyEval_EvalFrameDefault+0x700) [0x55c26100a460]
24  /opt/conda/envs/gdf/bin/python(_PyFunction_Vectorcall+0x6c) [0x55c261019d1c]
25  /opt/conda/envs/gdf/bin/python(_PyEval_EvalFrameDefault+0x700) [0x55c26100a460]
26  /opt/conda/envs/gdf/bin/python(_PyFunction_Vectorcall+0x6c) [0x55c261019d1c]
27  /opt/conda/envs/gdf/bin/python(_PyEval_EvalFrameDefault+0x700) [0x55c26100a460]
28  /opt/conda/envs/gdf/bin/python(_PyFunction_Vectorcall+0x6c) [0x55c261019d1c]
29  /opt/conda/envs/gdf/bin/python(_PyEval_EvalFrameDefault+0x1340) [0x55c26100b0a0]
30  /opt/conda/envs/gdf/bin/python(+0x147162) [0x55c261025162]
31  /opt/conda/envs/gdf/bin/python(PyObject_Call+0xbc) [0x55c261025afc]
32  /opt/conda/envs/gdf/bin/python(+0x1ff86d) [0x55c2610dd86d]
33  /opt/conda/envs/gdf/bin/python(_PyObject_MakeTpCall+0x2d3) [0x55c261012cc3]
34  /opt/conda/envs/gdf/bin/python(_PyEval_EvalFrameDefault+0x2ba8) [0x55c26100c908]
35  /opt/conda/envs/gdf/bin/python(+0x1472b8) [0x55c2610252b8]
36  /opt/conda/envs/gdf/bin/python(_PyEval_EvalFrameDefault+0x2ba8) [0x55c26100c908]
37  /opt/conda/envs/gdf/bin/python(_PyFunction_Vectorcall+0x6c) [0x55c261019d1c]
38  /opt/conda/envs/gdf/bin/python(_PyEval_EvalFrameDefault+0x700) [0x55c26100a460]
39  /opt/conda/envs/gdf/bin/python(_PyFunction_Vectorcall+0x6c) [0x55c261019d1c]
40  /opt/conda/envs/gdf/bin/python(_PyEval_EvalFrameDefault+0x700) [0x55c26100a460]
41  /opt/conda/envs/gdf/bin/python(_PyFunction_Vectorcall+0x6c) [0x55c261019d1c]
42  /opt/conda/envs/gdf/bin/python(_PyEval_EvalFrameDefault+0x30c) [0x55c26100a06c]
43  /opt/conda/envs/gdf/bin/python(_PyFunction_Vectorcall+0x6c) [0x55c261019d1c]
44  /opt/conda/envs/gdf/bin/python(_PyEval_EvalFrameDefault+0x1340) [0x55c26100b0a0]
45  /opt/conda/envs/gdf/bin/python(+0x1ccbac) [0x55c2610aabac]
46  /opt/conda/envs/gdf/bin/python(PyEval_EvalCode+0x87) [0x55c2610aaaf7]
47  /opt/conda/envs/gdf/bin/python(+0x1fcffa) [0x55c2610daffa]
48  /opt/conda/envs/gdf/bin/python(+0x1f8473) [0x55c2610d6473]
49  /opt/conda/envs/gdf/bin/python(PyRun_StringFlags+0x7d) [0x55c2610cec0d]
50  /opt/conda/envs/gdf/bin/python(PyRun_SimpleStringFlags+0x3c) [0x55c2610cea4c]
51  /opt/conda/envs/gdf/bin/python(Py_RunMain+0x3ba) [0x55c2610cdc4a]
52  /opt/conda/envs/gdf/bin/python(Py_BytesMain+0x37) [0x55c26109e237]
53  /usr/lib/x86_64-linux-gnu/libc.so.6(__libc_start_main+0xf3) [0x7fdfa2cd0083]
54  /opt/conda/envs/gdf/bin/python(+0x1c014e) [0x55c26109e14e]
=================================
[dgx13:96129:0:96129] Caught signal 11 (Segmentation fault: address not mapped to object at address 0x450)
==== backtrace (tid:  96129) ====
 0  /opt/conda/envs/gdf/lib/libucs.so.0(ucs_handle_error+0x305) [0x7fd8bca2bef5]
 1  /opt/conda/envs/gdf/lib/libucs.so.0(+0x2f0f4) [0x7fd8bca2c0f4]
 2  /opt/conda/envs/gdf/lib/libucs.so.0(+0x2f2ba) [0x7fd8bca2c2ba]
 3  /usr/lib/x86_64-linux-gnu/libpthread.so.0(+0x14420) [0x7fd8eb4dc420]
 4  /opt/conda/envs/gdf/lib/libucp.so.0(ucp_mem_type_unpack+0x1a) [0x7fd8bcab0cea]
 5  /opt/conda/envs/gdf/lib/libucp.so.0(ucp_rndv_data_handler+0x66d) [0x7fd8bcadc3bd]
 6  /opt/conda/envs/gdf/lib/libuct.so.0(+0x21ebf) [0x7fd8bc9e0ebf]
 7  /opt/conda/envs/gdf/lib/libuct.so.0(+0x250d8) [0x7fd8bc9e40d8]
 8  /opt/conda/envs/gdf/lib/libucs.so.0(ucs_event_set_wait+0xb9) [0x7fd8bca35739]
 9  /opt/conda/envs/gdf/lib/libuct.so.0(uct_tcp_iface_progress+0x7d) [0x7fd8bc9e31dd]
10  /opt/conda/envs/gdf/lib/libucp.so.0(ucp_worker_progress+0x5a) [0x7fd8bcaada3a]
11  /opt/conda/envs/gdf/lib/python3.10/site-packages/ucp/_libs/ucx_api.cpython-310-x86_64-linux-gnu.so(+0x31d7a) [0x7fd8bcb70d7a]
12  /opt/conda/envs/gdf/bin/python(_PyEval_EvalFrameDefault+0x2ba8) [0x5642ba10f908]
13  /opt/conda/envs/gdf/bin/python(_PyFunction_Vectorcall+0x6c) [0x5642ba11cd1c]
14  /opt/conda/envs/gdf/bin/python(_PyEval_EvalFrameDefault+0x700) [0x5642ba10d460]
15  /opt/conda/envs/gdf/bin/python(+0x1473e4) [0x5642ba1283e4]
16  /opt/conda/envs/gdf/bin/python(+0x252eac) [0x5642ba233eac]
17  /opt/conda/envs/gdf/bin/python(+0xf7766) [0x5642ba0d8766]
18  /opt/conda/envs/gdf/bin/python(+0x133473) [0x5642ba114473]
19  /opt/conda/envs/gdf/bin/python(_PyEval_EvalFrameDefault+0x5867) [0x5642ba1125c7]
20  /opt/conda/envs/gdf/bin/python(_PyFunction_Vectorcall+0x6c) [0x5642ba11cd1c]
21  /opt/conda/envs/gdf/bin/python(_PyEval_EvalFrameDefault+0x700) [0x5642ba10d460]
22  /opt/conda/envs/gdf/bin/python(_PyFunction_Vectorcall+0x6c) [0x5642ba11cd1c]
23  /opt/conda/envs/gdf/bin/python(_PyEval_EvalFrameDefault+0x700) [0x5642ba10d460]
24  /opt/conda/envs/gdf/bin/python(_PyFunction_Vectorcall+0x6c) [0x5642ba11cd1c]
25  /opt/conda/envs/gdf/bin/python(_PyEval_EvalFrameDefault+0x700) [0x5642ba10d460]
26  /opt/conda/envs/gdf/bin/python(_PyFunction_Vectorcall+0x6c) [0x5642ba11cd1c]
27  /opt/conda/envs/gdf/bin/python(_PyEval_EvalFrameDefault+0x700) [0x5642ba10d460]
28  /opt/conda/envs/gdf/bin/python(_PyFunction_Vectorcall+0x6c) [0x5642ba11cd1c]
29  /opt/conda/envs/gdf/bin/python(_PyEval_EvalFrameDefault+0x1340) [0x5642ba10e0a0]
30  /opt/conda/envs/gdf/bin/python(+0x147162) [0x5642ba128162]
31  /opt/conda/envs/gdf/bin/python(PyObject_Call+0xbc) [0x5642ba128afc]
32  /opt/conda/envs/gdf/bin/python(+0x1ff86d) [0x5642ba1e086d]
33  /opt/conda/envs/gdf/bin/python(_PyObject_MakeTpCall+0x2d3) [0x5642ba115cc3]
34  /opt/conda/envs/gdf/bin/python(_PyEval_EvalFrameDefault+0x2ba8) [0x5642ba10f908]
35  /opt/conda/envs/gdf/bin/python(+0x1472b8) [0x5642ba1282b8]
36  /opt/conda/envs/gdf/bin/python(_PyEval_EvalFrameDefault+0x2ba8) [0x5642ba10f908]
37  /opt/conda/envs/gdf/bin/python(_PyFunction_Vectorcall+0x6c) [0x5642ba11cd1c]
38  /opt/conda/envs/gdf/bin/python(_PyEval_EvalFrameDefault+0x700) [0x5642ba10d460]
39  /opt/conda/envs/gdf/bin/python(_PyFunction_Vectorcall+0x6c) [0x5642ba11cd1c]
40  /opt/conda/envs/gdf/bin/python(_PyEval_EvalFrameDefault+0x700) [0x5642ba10d460]
41  /opt/conda/envs/gdf/bin/python(_PyFunction_Vectorcall+0x6c) [0x5642ba11cd1c]
42  /opt/conda/envs/gdf/bin/python(_PyEval_EvalFrameDefault+0x30c) [0x5642ba10d06c]
43  /opt/conda/envs/gdf/bin/python(_PyFunction_Vectorcall+0x6c) [0x5642ba11cd1c]
44  /opt/conda/envs/gdf/bin/python(_PyEval_EvalFrameDefault+0x1340) [0x5642ba10e0a0]
45  /opt/conda/envs/gdf/bin/python(+0x1ccbac) [0x5642ba1adbac]
46  /opt/conda/envs/gdf/bin/python(PyEval_EvalCode+0x87) [0x5642ba1adaf7]
47  /opt/conda/envs/gdf/bin/python(+0x1fcffa) [0x5642ba1ddffa]
48  /opt/conda/envs/gdf/bin/python(+0x1f8473) [0x5642ba1d9473]
49  /opt/conda/envs/gdf/bin/python(PyRun_StringFlags+0x7d) [0x5642ba1d1c0d]
50  /opt/conda/envs/gdf/bin/python(PyRun_SimpleStringFlags+0x3c) [0x5642ba1d1a4c]
51  /opt/conda/envs/gdf/bin/python(Py_RunMain+0x3ba) [0x5642ba1d0c4a]
52  /opt/conda/envs/gdf/bin/python(Py_BytesMain+0x37) [0x5642ba1a1237]
53  /usr/lib/x86_64-linux-gnu/libc.so.6(__libc_start_main+0xf3) [0x7fd8eb1a0083]
54  /opt/conda/envs/gdf/bin/python(+0x1c014e) [0x5642ba1a114e]
=================================
[dgx13:96112:0:96112] Caught signal 11 (Segmentation fault: address not mapped to object at address 0x450)
==== backtrace (tid:  96112) ====
 0  /opt/conda/envs/gdf/lib/libucs.so.0(ucs_handle_error+0x305) [0x7fa68080bef5]
 1  /opt/conda/envs/gdf/lib/libucs.so.0(+0x2f0f4) [0x7fa68080c0f4]
 2  /opt/conda/envs/gdf/lib/libucs.so.0(+0x2f2ba) [0x7fa68080c2ba]
 3  /usr/lib/x86_64-linux-gnu/libpthread.so.0(+0x14420) [0x7fa6af2d2420]
 4  /opt/conda/envs/gdf/lib/libucp.so.0(ucp_mem_type_unpack+0x1a) [0x7fa680890cea]
 5  /opt/conda/envs/gdf/lib/libucp.so.0(ucp_rndv_data_handler+0x66d) [0x7fa6808bc3bd]
 6  /opt/conda/envs/gdf/lib/libuct.so.0(+0x21ebf) [0x7fa6807c0ebf]
 7  /opt/conda/envs/gdf/lib/libuct.so.0(+0x250d8) [0x7fa6807c40d8]
 8  /opt/conda/envs/gdf/lib/libucs.so.0(ucs_event_set_wait+0xb9) [0x7fa680815739]
 9  /opt/conda/envs/gdf/lib/libuct.so.0(uct_tcp_iface_progress+0x7d) [0x7fa6807c31dd]
10  /opt/conda/envs/gdf/lib/libucp.so.0(ucp_worker_progress+0x5a) [0x7fa68088da3a]
11  /opt/conda/envs/gdf/lib/python3.10/site-packages/ucp/_libs/ucx_api.cpython-310-x86_64-linux-gnu.so(+0x31d7a) [0x7fa680950d7a]
12  /opt/conda/envs/gdf/bin/python(_PyEval_EvalFrameDefault+0x2ba8) [0x564de3cd2908]
13  /opt/conda/envs/gdf/bin/python(_PyFunction_Vectorcall+0x6c) [0x564de3cdfd1c]
14  /opt/conda/envs/gdf/bin/python(_PyEval_EvalFrameDefault+0x700) [0x564de3cd0460]
15  /opt/conda/envs/gdf/bin/python(+0x1d63d9) [0x564de3d7a3d9]
16  /opt/conda/envs/gdf/lib/python3.10/lib-dynload/_asyncio.cpython-310-x86_64-linux-gnu.so(+0x7782) [0x7fa6a0e3d782]
17  /opt/conda/envs/gdf/bin/python(_PyObject_MakeTpCall+0x2d3) [0x564de3cd8cc3]
18  /opt/conda/envs/gdf/bin/python(+0xf7766) [0x564de3c9b766]
19  /opt/conda/envs/gdf/bin/python(+0x133473) [0x564de3cd7473]
20  /opt/conda/envs/gdf/bin/python(_PyEval_EvalFrameDefault+0x5867) [0x564de3cd55c7]
21  /opt/conda/envs/gdf/bin/python(_PyFunction_Vectorcall+0x6c) [0x564de3cdfd1c]
22  /opt/conda/envs/gdf/bin/python(_PyEval_EvalFrameDefault+0x700) [0x564de3cd0460]
23  /opt/conda/envs/gdf/bin/python(_PyFunction_Vectorcall+0x6c) [0x564de3cdfd1c]
24  /opt/conda/envs/gdf/bin/python(_PyEval_EvalFrameDefault+0x700) [0x564de3cd0460]
25  /opt/conda/envs/gdf/bin/python(_PyFunction_Vectorcall+0x6c) [0x564de3cdfd1c]
26  /opt/conda/envs/gdf/bin/python(_PyEval_EvalFrameDefault+0x700) [0x564de3cd0460]
27  /opt/conda/envs/gdf/bin/python(_PyFunction_Vectorcall+0x6c) [0x564de3cdfd1c]
28  /opt/conda/envs/gdf/bin/python(_PyEval_EvalFrameDefault+0x700) [0x564de3cd0460]
29  /opt/conda/envs/gdf/bin/python(_PyFunction_Vectorcall+0x6c) [0x564de3cdfd1c]
30  /opt/conda/envs/gdf/bin/python(_PyEval_EvalFrameDefault+0x1340) [0x564de3cd10a0]
31  /opt/conda/envs/gdf/bin/python(+0x147162) [0x564de3ceb162]
32  /opt/conda/envs/gdf/bin/python(PyObject_Call+0xbc) [0x564de3cebafc]
33  /opt/conda/envs/gdf/bin/python(+0x1ff86d) [0x564de3da386d]
34  /opt/conda/envs/gdf/bin/python(_PyObject_MakeTpCall+0x2d3) [0x564de3cd8cc3]
35  /opt/conda/envs/gdf/bin/python(_PyEval_EvalFrameDefault+0x2ba8) [0x564de3cd2908]
36  /opt/conda/envs/gdf/bin/python(+0x1472b8) [0x564de3ceb2b8]
37  /opt/conda/envs/gdf/bin/python(_PyEval_EvalFrameDefault+0x2ba8) [0x564de3cd2908]
38  /opt/conda/envs/gdf/bin/python(_PyFunction_Vectorcall+0x6c) [0x564de3cdfd1c]
39  /opt/conda/envs/gdf/bin/python(_PyEval_EvalFrameDefault+0x700) [0x564de3cd0460]
40  /opt/conda/envs/gdf/bin/python(_PyFunction_Vectorcall+0x6c) [0x564de3cdfd1c]
41  /opt/conda/envs/gdf/bin/python(_PyEval_EvalFrameDefault+0x700) [0x564de3cd0460]
42  /opt/conda/envs/gdf/bin/python(_PyFunction_Vectorcall+0x6c) [0x564de3cdfd1c]
43  /opt/conda/envs/gdf/bin/python(_PyEval_EvalFrameDefault+0x30c) [0x564de3cd006c]
44  /opt/conda/envs/gdf/bin/python(_PyFunction_Vectorcall+0x6c) [0x564de3cdfd1c]
45  /opt/conda/envs/gdf/bin/python(_PyEval_EvalFrameDefault+0x1340) [0x564de3cd10a0]
46  /opt/conda/envs/gdf/bin/python(+0x1ccbac) [0x564de3d70bac]
47  /opt/conda/envs/gdf/bin/python(PyEval_EvalCode+0x87) [0x564de3d70af7]
48  /opt/conda/envs/gdf/bin/python(+0x1fcffa) [0x564de3da0ffa]
49  /opt/conda/envs/gdf/bin/python(+0x1f8473) [0x564de3d9c473]
50  /opt/conda/envs/gdf/bin/python(PyRun_StringFlags+0x7d) [0x564de3d94c0d]
51  /opt/conda/envs/gdf/bin/python(PyRun_SimpleStringFlags+0x3c) [0x564de3d94a4c]
52  /opt/conda/envs/gdf/bin/python(Py_RunMain+0x3ba) [0x564de3d93c4a]
53  /opt/conda/envs/gdf/bin/python(Py_BytesMain+0x37) [0x564de3d64237]
54  /usr/lib/x86_64-linux-gnu/libc.so.6(__libc_start_main+0xf3) [0x7fa6aef96083]
55  /opt/conda/envs/gdf/bin/python(+0x1c014e) [0x564de3d6414e]
=================================
[dgx13:96133:0:96133] Caught signal 11 (Segmentation fault: address not mapped to object at address 0x450)
==== backtrace (tid:  96133) ====
 0  /opt/conda/envs/gdf/lib/libucs.so.0(ucs_handle_error+0x305) [0x7f46235cfef5]
 1  /opt/conda/envs/gdf/lib/libucs.so.0(+0x2f0f4) [0x7f46235d00f4]
 2  /opt/conda/envs/gdf/lib/libucs.so.0(+0x2f2ba) [0x7f46235d02ba]
 3  /usr/lib/x86_64-linux-gnu/libpthread.so.0(+0x14420) [0x7f4660090420]
 4  /opt/conda/envs/gdf/lib/libucp.so.0(ucp_mem_type_unpack+0x1a) [0x7f4623654cea]
 5  /opt/conda/envs/gdf/lib/libucp.so.0(ucp_rndv_data_handler+0x66d) [0x7f46236803bd]
 6  /opt/conda/envs/gdf/lib/libuct.so.0(+0x21ebf) [0x7f4623584ebf]
 7  /opt/conda/envs/gdf/lib/libuct.so.0(+0x250d8) [0x7f46235880d8]
 8  /opt/conda/envs/gdf/lib/libucs.so.0(ucs_event_set_wait+0xb9) [0x7f46235d9739]
 9  /opt/conda/envs/gdf/lib/libuct.so.0(uct_tcp_iface_progress+0x7d) [0x7f46235871dd]
10  /opt/conda/envs/gdf/lib/libucp.so.0(ucp_worker_progress+0x5a) [0x7f4623651a3a]
11  /opt/conda/envs/gdf/lib/python3.10/site-packages/ucp/_libs/ucx_api.cpython-310-x86_64-linux-gnu.so(+0x31d7a) [0x7f4623714d7a]
12  /opt/conda/envs/gdf/bin/python(_PyEval_EvalFrameDefault+0x2ba8) [0x55b4125a8908]
13  /opt/conda/envs/gdf/bin/python(_PyFunction_Vectorcall+0x6c) [0x55b4125b5d1c]
14  /opt/conda/envs/gdf/bin/python(_PyEval_EvalFrameDefault+0x700) [0x55b4125a6460]
15  /opt/conda/envs/gdf/bin/python(+0x1d63d9) [0x55b4126503d9]
16  /opt/conda/envs/gdf/lib/python3.10/lib-dynload/_asyncio.cpython-310-x86_64-linux-gnu.so(+0x7782) [0x7f464dbf7782]
17  /opt/conda/envs/gdf/bin/python(_PyObject_MakeTpCall+0x2d3) [0x55b4125aecc3]
18  /opt/conda/envs/gdf/bin/python(+0xf7766) [0x55b412571766]
19  /opt/conda/envs/gdf/bin/python(+0x133473) [0x55b4125ad473]
20  /opt/conda/envs/gdf/bin/python(_PyEval_EvalFrameDefault+0x5867) [0x55b4125ab5c7]
21  /opt/conda/envs/gdf/bin/python(_PyFunction_Vectorcall+0x6c) [0x55b4125b5d1c]
22  /opt/conda/envs/gdf/bin/python(_PyEval_EvalFrameDefault+0x700) [0x55b4125a6460]
23  /opt/conda/envs/gdf/bin/python(_PyFunction_Vectorcall+0x6c) [0x55b4125b5d1c]
24  /opt/conda/envs/gdf/bin/python(_PyEval_EvalFrameDefault+0x700) [0x55b4125a6460]
25  /opt/conda/envs/gdf/bin/python(_PyFunction_Vectorcall+0x6c) [0x55b4125b5d1c]
26  /opt/conda/envs/gdf/bin/python(_PyEval_EvalFrameDefault+0x700) [0x55b4125a6460]
27  /opt/conda/envs/gdf/bin/python(_PyFunction_Vectorcall+0x6c) [0x55b4125b5d1c]
28  /opt/conda/envs/gdf/bin/python(_PyEval_EvalFrameDefault+0x700) [0x55b4125a6460]
29  /opt/conda/envs/gdf/bin/python(_PyFunction_Vectorcall+0x6c) [0x55b4125b5d1c]
30  /opt/conda/envs/gdf/bin/python(_PyEval_EvalFrameDefault+0x1340) [0x55b4125a70a0]
31  /opt/conda/envs/gdf/bin/python(+0x147162) [0x55b4125c1162]
32  /opt/conda/envs/gdf/bin/python(PyObject_Call+0xbc) [0x55b4125c1afc]
33  /opt/conda/envs/gdf/bin/python(+0x1ff86d) [0x55b41267986d]
34  /opt/conda/envs/gdf/bin/python(_PyObject_MakeTpCall+0x2d3) [0x55b4125aecc3]
35  /opt/conda/envs/gdf/bin/python(_PyEval_EvalFrameDefault+0x2ba8) [0x55b4125a8908]
36  /opt/conda/envs/gdf/bin/python(+0x1472b8) [0x55b4125c12b8]
37  /opt/conda/envs/gdf/bin/python(_PyEval_EvalFrameDefault+0x2ba8) [0x55b4125a8908]
38  /opt/conda/envs/gdf/bin/python(_PyFunction_Vectorcall+0x6c) [0x55b4125b5d1c]
39  /opt/conda/envs/gdf/bin/python(_PyEval_EvalFrameDefault+0x700) [0x55b4125a6460]
40  /opt/conda/envs/gdf/bin/python(_PyFunction_Vectorcall+0x6c) [0x55b4125b5d1c]
41  /opt/conda/envs/gdf/bin/python(_PyEval_EvalFrameDefault+0x700) [0x55b4125a6460]
42  /opt/conda/envs/gdf/bin/python(_PyFunction_Vectorcall+0x6c) [0x55b4125b5d1c]
43  /opt/conda/envs/gdf/bin/python(_PyEval_EvalFrameDefault+0x30c) [0x55b4125a606c]
44  /opt/conda/envs/gdf/bin/python(_PyFunction_Vectorcall+0x6c) [0x55b4125b5d1c]
45  /opt/conda/envs/gdf/bin/python(_PyEval_EvalFrameDefault+0x1340) [0x55b4125a70a0]
46  /opt/conda/envs/gdf/bin/python(+0x1ccbac) [0x55b412646bac]
47  /opt/conda/envs/gdf/bin/python(PyEval_EvalCode+0x87) [0x55b412646af7]
48  /opt/conda/envs/gdf/bin/python(+0x1fcffa) [0x55b412676ffa]
49  /opt/conda/envs/gdf/bin/python(+0x1f8473) [0x55b412672473]
50  /opt/conda/envs/gdf/bin/python(PyRun_StringFlags+0x7d) [0x55b41266ac0d]
51  /opt/conda/envs/gdf/bin/python(PyRun_SimpleStringFlags+0x3c) [0x55b41266aa4c]
52  /opt/conda/envs/gdf/bin/python(Py_RunMain+0x3ba) [0x55b412669c4a]
53  /opt/conda/envs/gdf/bin/python(Py_BytesMain+0x37) [0x55b41263a237]
54  /usr/lib/x86_64-linux-gnu/libc.so.6(__libc_start_main+0xf3) [0x7f465fd54083]
55  /opt/conda/envs/gdf/bin/python(+0x1c014e) [0x55b41263a14e]
=================================
Task exception was never retrieved
future: <Task finished name='Task-471' coro=<_listener_handler_coroutine() done, defined at /opt/conda/envs/gdf/lib/python3.10/site-packages/ucp/core.py:140> exception=UCXError('<stream_send>: Connection reset by remote peer')>
Traceback (most recent call last):
  File "/opt/conda/envs/gdf/lib/python3.10/site-packages/ucp/core.py", line 155, in _listener_handler_coroutine
    peer_info = await exchange_peer_info(
  File "/opt/conda/envs/gdf/lib/python3.10/site-packages/ucp/core.py", line 51, in exchange_peer_info
    await asyncio.wait_for(
  File "/opt/conda/envs/gdf/lib/python3.10/asyncio/tasks.py", line 445, in wait_for
    return fut.result()
ucp._libs.exceptions.UCXError: <stream_send>: Connection reset by remote peer
2024-09-30 06:23:57,472 - distributed.worker - ERROR - failed during get data with ucx://127.0.0.1:54049 -> ucx://127.0.0.1:50117
Traceback (most recent call last):
  File "/opt/conda/envs/gdf/lib/python3.10/site-packages/distributed/comm/ucx.py", line 335, in write
    await self.ep.send(each_frame)
  File "/opt/conda/envs/gdf/lib/python3.10/site-packages/ucp/core.py", line 662, in send
    return await comm.tag_send(self._ep, buffer, nbytes, tag, name=log)
ucp._libs.exceptions.UCXError: <[Send #007] ep: 0x7efde42f3100, tag: 0xf5d9fefb8affc94f, nbytes: 100000000, type: <class 'cudf.core.buffer.buffer.Buffer'>>: Connection reset by remote peer

During handling of the above exception, another exception occurred:

Traceback (most recent call last):
  File "/opt/conda/envs/gdf/lib/python3.10/site-packages/distributed/worker.py", line 1777, in get_data
    compressed = await comm.write(msg, serializers=serializers)
  File "/opt/conda/envs/gdf/lib/python3.10/site-packages/distributed/utils.py", line 806, in wrapper
    return await func(*args, **kwargs)
  File "/opt/conda/envs/gdf/lib/python3.10/site-packages/distributed/comm/ucx.py", line 339, in write
    raise CommClosedError("While writing, the connection was closed")
distributed.comm.core.CommClosedError: While writing, the connection was closed
2024-09-30 06:23:57,473 - distributed.worker - ERROR - Worker stream died during communication: ucx://127.0.0.1:50117
Traceback (most recent call last):
  File "/opt/conda/envs/gdf/lib/python3.10/site-packages/distributed/comm/ucx.py", line 351, in read
    await self.ep.recv(msg)
  File "/opt/conda/envs/gdf/lib/python3.10/site-packages/ucp/core.py", line 737, in recv
    ret = await comm.tag_recv(self._ep, buffer, nbytes, tag, name=log)
ucp._libs.exceptions.UCXCanceled: <[Recv #003] ep: 0x7efde42f3240, tag: 0xecc02898f15e84e8, nbytes: 16, type: <class 'numpy.ndarray'>>: 

During handling of the above exception, another exception occurred:

Traceback (most recent call last):
  File "/opt/conda/envs/gdf/lib/python3.10/site-packages/distributed/worker.py", line 2056, in gather_dep
    response = await get_data_from_worker(
  File "/opt/conda/envs/gdf/lib/python3.10/site-packages/distributed/worker.py", line 2874, in get_data_from_worker
    response = await send_recv(
  File "/opt/conda/envs/gdf/lib/python3.10/site-packages/distributed/core.py", line 1015, in send_recv
    response = await comm.read(deserializers=deserializers)
  File "/opt/conda/envs/gdf/lib/python3.10/site-packages/distributed/utils.py", line 806, in wrapper
    return await func(*args, **kwargs)
  File "/opt/conda/envs/gdf/lib/python3.10/site-packages/distributed/comm/ucx.py", line 369, in read
    raise CommClosedError(
distributed.comm.core.CommClosedError: Connection closed by writer.
Inner exception: UCXCanceled("<[Recv #003] ep: 0x7efde42f3240, tag: 0xecc02898f15e84e8, nbytes: 16, type: <class 'numpy.ndarray'>>: ")
2024-09-30 06:23:57,474 - distributed.scheduler - WARNING - Removing worker 'ucx://127.0.0.1:50117' caused the cluster to lose already computed task(s), which will be recomputed elsewhere: {('generate_chunk-_to_string_dtype-4a286622e28b0e0aa1748bcd21fd1539', 4), ('split-taskshuffle-b193d85dcbb1359f44fff00bd51d0d18', 0, 2), ('split-taskshuffle-b193d85dcbb1359f44fff00bd51d0d18', 7, 2), ('split-taskshuffle-b193d85dcbb1359f44fff00bd51d0d18', 3, 2), ('split-taskshuffle-b193d85dcbb1359f44fff00bd51d0d18', 4, 2), ('split-taskshuffle-b193d85dcbb1359f44fff00bd51d0d18', 5, 2), ('split-taskshuffle-b193d85dcbb1359f44fff00bd51d0d18', 6, 2), ('split-taskshuffle-b193d85dcbb1359f44fff00bd51d0d18', 1, 2), ('split-taskshuffle-b193d85dcbb1359f44fff00bd51d0d18', 2, 2)} (stimulus_id='handle-worker-cleanup-1727677437.4736083')
2024-09-30 06:23:57,477 - distributed.worker - ERROR - failed during get data with ucx://127.0.0.1:60645 -> ucx://127.0.0.1:56531
Traceback (most recent call last):
  File "/opt/conda/envs/gdf/lib/python3.10/site-packages/distributed/comm/ucx.py", line 335, in write
    await self.ep.send(each_frame)
  File "/opt/conda/envs/gdf/lib/python3.10/site-packages/ucp/core.py", line 662, in send
    return await comm.tag_send(self._ep, buffer, nbytes, tag, name=log)
ucp._libs.exceptions.UCXError: <[Send #007] ep: 0x7f4368300140, tag: 0xb0ad9a86aab4150d, nbytes: 100000000, type: <class 'cudf.core.buffer.buffer.Buffer'>>: Connection reset by remote peer

During handling of the above exception, another exception occurred:

Traceback (most recent call last):
  File "/opt/conda/envs/gdf/lib/python3.10/site-packages/distributed/worker.py", line 1777, in get_data
    compressed = await comm.write(msg, serializers=serializers)
  File "/opt/conda/envs/gdf/lib/python3.10/site-packages/distributed/utils.py", line 806, in wrapper
    return await func(*args, **kwargs)
  File "/opt/conda/envs/gdf/lib/python3.10/site-packages/distributed/comm/ucx.py", line 339, in write
    raise CommClosedError("While writing, the connection was closed")
distributed.comm.core.CommClosedError: While writing, the connection was closed
2024-09-30 06:23:57,478 - distributed.worker - ERROR - Worker stream died during communication: ucx://127.0.0.1:56531
Traceback (most recent call last):
  File "/opt/conda/envs/gdf/lib/python3.10/site-packages/distributed/comm/ucx.py", line 351, in read
    await self.ep.recv(msg)
  File "/opt/conda/envs/gdf/lib/python3.10/site-packages/ucp/core.py", line 737, in recv
    ret = await comm.tag_recv(self._ep, buffer, nbytes, tag, name=log)
ucp._libs.exceptions.UCXCanceled: <[Recv #003] ep: 0x7f4368300280, tag: 0xf8296febeebd2cfb, nbytes: 16, type: <class 'numpy.ndarray'>>: 

During handling of the above exception, another exception occurred:

Traceback (most recent call last):
  File "/opt/conda/envs/gdf/lib/python3.10/site-packages/distributed/worker.py", line 2056, in gather_dep
    response = await get_data_from_worker(
  File "/opt/conda/envs/gdf/lib/python3.10/site-packages/distributed/worker.py", line 2874, in get_data_from_worker
    response = await send_recv(
  File "/opt/conda/envs/gdf/lib/python3.10/site-packages/distributed/core.py", line 1015, in send_recv
    response = await comm.read(deserializers=deserializers)
  File "/opt/conda/envs/gdf/lib/python3.10/site-packages/distributed/utils.py", line 806, in wrapper
    return await func(*args, **kwargs)
  File "/opt/conda/envs/gdf/lib/python3.10/site-packages/distributed/comm/ucx.py", line 369, in read
    raise CommClosedError(
distributed.comm.core.CommClosedError: Connection closed by writer.
Inner exception: UCXCanceled("<[Recv #003] ep: 0x7f4368300280, tag: 0xf8296febeebd2cfb, nbytes: 16, type: <class 'numpy.ndarray'>>: ")
2024-09-30 06:23:57,490 - distributed.scheduler - WARNING - Removing worker 'ucx://127.0.0.1:56531' caused the cluster to lose already computed task(s), which will be recomputed elsewhere: {('split-taskshuffle-b193d85dcbb1359f44fff00bd51d0d18', 6, 4), ('split-taskshuffle-b193d85dcbb1359f44fff00bd51d0d18', 1, 4), ('split-taskshuffle-b193d85dcbb1359f44fff00bd51d0d18', 2, 4), ('generate_chunk-_to_string_dtype-4a286622e28b0e0aa1748bcd21fd1539', 1), ('split-taskshuffle-b193d85dcbb1359f44fff00bd51d0d18', 0, 4), ('split-taskshuffle-b193d85dcbb1359f44fff00bd51d0d18', 7, 4), ('split-taskshuffle-b193d85dcbb1359f44fff00bd51d0d18', 3, 4), ('split-taskshuffle-b193d85dcbb1359f44fff00bd51d0d18', 4, 4), ('split-taskshuffle-b193d85dcbb1359f44fff00bd51d0d18', 5, 4)} (stimulus_id='handle-worker-cleanup-1727677437.490412')
2024-09-30 06:23:57,488 - distributed.worker - ERROR - Worker stream died during communication: ucx://127.0.0.1:50117
Traceback (most recent call last):
  File "/opt/conda/envs/gdf/lib/python3.10/site-packages/distributed/core.py", line 1425, in _connect
    comm = await connect(
  File "/opt/conda/envs/gdf/lib/python3.10/site-packages/distributed/comm/core.py", line 342, in connect
    comm = await wait_for(
  File "/opt/conda/envs/gdf/lib/python3.10/site-packages/distributed/utils.py", line 1926, in wait_for
    return await asyncio.wait_for(fut, timeout)
  File "/opt/conda/envs/gdf/lib/python3.10/asyncio/tasks.py", line 432, in wait_for
    await waiter
asyncio.exceptions.CancelledError

During handling of the above exception, another exception occurred:

Traceback (most recent call last):
  File "/opt/conda/envs/gdf/lib/python3.10/site-packages/distributed/core.py", line 1535, in connect
    return connect_attempt.result()
asyncio.exceptions.CancelledError

During handling of the above exception, another exception occurred:

Traceback (most recent call last):
  File "/opt/conda/envs/gdf/lib/python3.10/site-packages/distributed/worker.py", line 2056, in gather_dep
    response = await get_data_from_worker(
  File "/opt/conda/envs/gdf/lib/python3.10/site-packages/distributed/worker.py", line 2871, in get_data_from_worker
    comm = await rpc.connect(worker)
  File "/opt/conda/envs/gdf/lib/python3.10/site-packages/distributed/core.py", line 1537, in connect
    raise CommClosedError(reason)
distributed.comm.core.CommClosedError: Address removed.
2024-09-30 06:23:57,513 - distributed.scheduler - WARNING - Removing worker 'ucx://127.0.0.1:44019' caused the cluster to lose already computed task(s), which will be recomputed elsewhere: {('split-taskshuffle-b193d85dcbb1359f44fff00bd51d0d18', 2, 1), ('generate_chunk-_to_string_dtype-4a286622e28b0e0aa1748bcd21fd1539', 6), ('split-taskshuffle-b193d85dcbb1359f44fff00bd51d0d18', 7, 1), ('split-taskshuffle-b193d85dcbb1359f44fff00bd51d0d18', 0, 1), ('split-taskshuffle-b193d85dcbb1359f44fff00bd51d0d18', 3, 1), ('split-taskshuffle-b193d85dcbb1359f44fff00bd51d0d18', 4, 1), ('split-taskshuffle-b193d85dcbb1359f44fff00bd51d0d18', 5, 1), ('split-taskshuffle-b193d85dcbb1359f44fff00bd51d0d18', 6, 1), ('split-taskshuffle-b193d85dcbb1359f44fff00bd51d0d18', 1, 1)} (stimulus_id='handle-worker-cleanup-1727677437.513522')
Task exception was never retrieved
future: <Task finished name='Task-458' coro=<_listener_handler_coroutine() done, defined at /opt/conda/envs/gdf/lib/python3.10/site-packages/ucp/core.py:140> exception=UCXError('<stream_recv>: Connection reset by remote peer')>
Traceback (most recent call last):
  File "/opt/conda/envs/gdf/lib/python3.10/site-packages/ucp/core.py", line 155, in _listener_handler_coroutine
    peer_info = await exchange_peer_info(
  File "/opt/conda/envs/gdf/lib/python3.10/site-packages/ucp/core.py", line 55, in exchange_peer_info
    await asyncio.wait_for(
  File "/opt/conda/envs/gdf/lib/python3.10/asyncio/tasks.py", line 445, in wait_for
    return fut.result()
ucp._libs.exceptions.UCXError: <stream_recv>: Connection reset by remote peer
Task exception was never retrieved
future: <Task finished name='Task-460' coro=<_listener_handler_coroutine() done, defined at /opt/conda/envs/gdf/lib/python3.10/site-packages/ucp/core.py:140> exception=UCXError('<stream_send>: Connection reset by remote peer')>
Traceback (most recent call last):
  File "/opt/conda/envs/gdf/lib/python3.10/site-packages/ucp/core.py", line 155, in _listener_handler_coroutine
    peer_info = await exchange_peer_info(
  File "/opt/conda/envs/gdf/lib/python3.10/site-packages/ucp/core.py", line 51, in exchange_peer_info
    await asyncio.wait_for(
  File "/opt/conda/envs/gdf/lib/python3.10/asyncio/tasks.py", line 445, in wait_for
    return fut.result()
ucp._libs.exceptions.UCXError: <stream_send>: Connection reset by remote peer
2024-09-30 06:23:57,532 - distributed.worker - ERROR - Worker stream died during communication: ucx://127.0.0.1:44019
Traceback (most recent call last):
  File "/opt/conda/envs/gdf/lib/python3.10/site-packages/distributed/comm/ucx.py", line 393, in read
    await self.ep.recv(each_frame)
  File "/opt/conda/envs/gdf/lib/python3.10/site-packages/ucp/core.py", line 737, in recv
    ret = await comm.tag_recv(self._ep, buffer, nbytes, tag, name=log)
ucp._libs.exceptions.UCXCanceled: <[Recv #008] ep: 0x7fb8231271c0, tag: 0x84a7a75c7b3c7489, nbytes: 100000000, type: <class 'rmm._lib.device_buffer.DeviceBuffer'>>: 

During handling of the above exception, another exception occurred:

Traceback (most recent call last):
  File "/opt/conda/envs/gdf/lib/python3.10/site-packages/distributed/worker.py", line 2056, in gather_dep
    response = await get_data_from_worker(
  File "/opt/conda/envs/gdf/lib/python3.10/site-packages/distributed/worker.py", line 2874, in get_data_from_worker
    response = await send_recv(
  File "/opt/conda/envs/gdf/lib/python3.10/site-packages/distributed/core.py", line 1015, in send_recv
    response = await comm.read(deserializers=deserializers)
  File "/opt/conda/envs/gdf/lib/python3.10/site-packages/distributed/utils.py", line 806, in wrapper
    return await func(*args, **kwargs)
  File "/opt/conda/envs/gdf/lib/python3.10/site-packages/distributed/comm/ucx.py", line 399, in read
    raise CommClosedError(
distributed.comm.core.CommClosedError: Connection closed by writer.
Inner exception: UCXCanceled("<[Recv #008] ep: 0x7fb8231271c0, tag: 0x84a7a75c7b3c7489, nbytes: 100000000, type: <class 'rmm._lib.device_buffer.DeviceBuffer'>>: ")
2024-09-30 06:23:57,539 - distributed.worker - ERROR - Worker stream died during communication: ucx://127.0.0.1:56531
Traceback (most recent call last):
  File "/opt/conda/envs/gdf/lib/python3.10/site-packages/distributed/comm/ucx.py", line 351, in read
    await self.ep.recv(msg)
  File "/opt/conda/envs/gdf/lib/python3.10/site-packages/ucp/core.py", line 737, in recv
    ret = await comm.tag_recv(self._ep, buffer, nbytes, tag, name=log)
asyncio.exceptions.CancelledError

During handling of the above exception, another exception occurred:

Traceback (most recent call last):
  File "/opt/conda/envs/gdf/lib/python3.10/site-packages/distributed/worker.py", line 2056, in gather_dep
    response = await get_data_from_worker(
  File "/opt/conda/envs/gdf/lib/python3.10/site-packages/distributed/worker.py", line 2871, in get_data_from_worker
    comm = await rpc.connect(worker)
  File "/opt/conda/envs/gdf/lib/python3.10/site-packages/distributed/core.py", line 1535, in connect
    return connect_attempt.result()
  File "/opt/conda/envs/gdf/lib/python3.10/site-packages/distributed/core.py", line 1425, in _connect
    comm = await connect(
  File "/opt/conda/envs/gdf/lib/python3.10/site-packages/distributed/comm/core.py", line 377, in connect
    handshake = await comm.read()
  File "/opt/conda/envs/gdf/lib/python3.10/site-packages/distributed/utils.py", line 806, in wrapper
    return await func(*args, **kwargs)
  File "/opt/conda/envs/gdf/lib/python3.10/site-packages/distributed/comm/ucx.py", line 369, in read
    raise CommClosedError(
distributed.comm.core.CommClosedError: Connection closed by writer.
Inner exception: CancelledError()
2024-09-30 06:23:57,552 - distributed.nanny - WARNING - Restarting worker
2024-09-30 06:23:57,589 - distributed.nanny - WARNING - Restarting worker
2024-09-30 06:23:57,590 - distributed.worker - ERROR - Worker stream died during communication: ucx://127.0.0.1:44019
Traceback (most recent call last):
  File "/opt/conda/envs/gdf/lib/python3.10/site-packages/distributed/comm/ucx.py", line 351, in read
    await self.ep.recv(msg)
  File "/opt/conda/envs/gdf/lib/python3.10/site-packages/ucp/core.py", line 737, in recv
    ret = await comm.tag_recv(self._ep, buffer, nbytes, tag, name=log)
ucp._libs.exceptions.UCXCanceled: <[Recv #003] ep: 0x7efde42f3280, tag: 0xe4c392b21ce10dae, nbytes: 16, type: <class 'numpy.ndarray'>>: 

During handling of the above exception, another exception occurred:

Traceback (most recent call last):
  File "/opt/conda/envs/gdf/lib/python3.10/site-packages/distributed/worker.py", line 2056, in gather_dep
    response = await get_data_from_worker(
  File "/opt/conda/envs/gdf/lib/python3.10/site-packages/distributed/worker.py", line 2874, in get_data_from_worker
    response = await send_recv(
  File "/opt/conda/envs/gdf/lib/python3.10/site-packages/distributed/core.py", line 1015, in send_recv
    response = await comm.read(deserializers=deserializers)
  File "/opt/conda/envs/gdf/lib/python3.10/site-packages/distributed/utils.py", line 806, in wrapper
    return await func(*args, **kwargs)
  File "/opt/conda/envs/gdf/lib/python3.10/site-packages/distributed/comm/ucx.py", line 369, in read
    raise CommClosedError(
distributed.comm.core.CommClosedError: Connection closed by writer.
Inner exception: UCXCanceled("<[Recv #003] ep: 0x7efde42f3280, tag: 0xe4c392b21ce10dae, nbytes: 16, type: <class 'numpy.ndarray'>>: ")
2024-09-30 06:23:57,596 - distributed.worker - ERROR - Worker stream died during communication: ucx://127.0.0.1:56531
Traceback (most recent call last):
  File "/opt/conda/envs/gdf/lib/python3.10/site-packages/distributed/core.py", line 1425, in _connect
    comm = await connect(
  File "/opt/conda/envs/gdf/lib/python3.10/site-packages/distributed/comm/core.py", line 342, in connect
    comm = await wait_for(
  File "/opt/conda/envs/gdf/lib/python3.10/site-packages/distributed/utils.py", line 1926, in wait_for
    return await asyncio.wait_for(fut, timeout)
  File "/opt/conda/envs/gdf/lib/python3.10/asyncio/tasks.py", line 432, in wait_for
    await waiter
asyncio.exceptions.CancelledError

During handling of the above exception, another exception occurred:

Traceback (most recent call last):
  File "/opt/conda/envs/gdf/lib/python3.10/site-packages/distributed/core.py", line 1535, in connect
    return connect_attempt.result()
asyncio.exceptions.CancelledError

During handling of the above exception, another exception occurred:

Traceback (most recent call last):
  File "/opt/conda/envs/gdf/lib/python3.10/site-packages/distributed/worker.py", line 2056, in gather_dep
    response = await get_data_from_worker(
  File "/opt/conda/envs/gdf/lib/python3.10/site-packages/distributed/worker.py", line 2871, in get_data_from_worker
    comm = await rpc.connect(worker)
  File "/opt/conda/envs/gdf/lib/python3.10/site-packages/distributed/core.py", line 1537, in connect
    raise CommClosedError(reason)
distributed.comm.core.CommClosedError: Address removed.
2024-09-30 06:23:57,633 - distributed.nanny - WARNING - Restarting worker
2024-09-30 06:23:57,679 - distributed.scheduler - WARNING - Removing worker 'ucx://127.0.0.1:53325' caused the cluster to lose already computed task(s), which will be recomputed elsewhere: {('split-taskshuffle-b193d85dcbb1359f44fff00bd51d0d18', 3, 0), ('split-taskshuffle-b193d85dcbb1359f44fff00bd51d0d18', 4, 0), ('split-taskshuffle-b193d85dcbb1359f44fff00bd51d0d18', 6, 0), ('split-taskshuffle-b193d85dcbb1359f44fff00bd51d0d18', 1, 0), ('split-taskshuffle-b193d85dcbb1359f44fff00bd51d0d18', 2, 0), ('generate_chunk-_to_string_dtype-4a286622e28b0e0aa1748bcd21fd1539', 3), ('split-taskshuffle-b193d85dcbb1359f44fff00bd51d0d18', 0, 0), ('split-taskshuffle-b193d85dcbb1359f44fff00bd51d0d18', 7, 0)} (stimulus_id='handle-worker-cleanup-1727677437.679363')
[dgx13:96135:0:96135] Caught signal 11 (Segmentation fault: address not mapped to object at address 0x450)
==== backtrace (tid:  96135) ====
 0  /opt/conda/envs/gdf/lib/libucs.so.0(ucs_handle_error+0x305) [0x7f4368e94ef5]
 1  /opt/conda/envs/gdf/lib/libucs.so.0(+0x2f0f4) [0x7f4368e950f4]
 2  /opt/conda/envs/gdf/lib/libucs.so.0(+0x2f2ba) [0x7f4368e952ba]
 3  /usr/lib/x86_64-linux-gnu/libpthread.so.0(+0x14420) [0x7f43a996e420]
 4  /opt/conda/envs/gdf/lib/libucp.so.0(ucp_mem_type_unpack+0x1a) [0x7f4368f19cea]
 5  /opt/conda/envs/gdf/lib/libucp.so.0(ucp_rndv_data_handler+0x66d) [0x7f4368f453bd]
 6  /opt/conda/envs/gdf/lib/libuct.so.0(+0x21ebf) [0x7f4368e49ebf]
 7  /opt/conda/envs/gdf/lib/libuct.so.0(+0x250d8) [0x7f4368e4d0d8]
 8  /opt/conda/envs/gdf/lib/libucs.so.0(ucs_event_set_wait+0xb9) [0x7f4368e9e739]
 9  /opt/conda/envs/gdf/lib/libuct.so.0(uct_tcp_iface_progress+0x7d) [0x7f4368e4c1dd]
10  /opt/conda/envs/gdf/lib/libucp.so.0(ucp_worker_progress+0x5a) [0x7f4368f16a3a]
11  /opt/conda/envs/gdf/lib/python3.10/site-packages/ucp/_libs/ucx_api.cpython-310-x86_64-linux-gnu.so(+0x31d7a) [0x7f4368fd9d7a]
12  /opt/conda/envs/gdf/bin/python(_PyEval_EvalFrameDefault+0x2ba8) [0x55e340fe7908]
13  /opt/conda/envs/gdf/bin/python(_PyFunction_Vectorcall+0x6c) [0x55e340ff4d1c]
14  /opt/conda/envs/gdf/bin/python(_PyEval_EvalFrameDefault+0x700) [0x55e340fe5460]
15  /opt/conda/envs/gdf/bin/python(+0x1d63d9) [0x55e34108f3d9]
16  /opt/conda/envs/gdf/bin/python(_PyEval_EvalFrameDefault+0x1b62) [0x55e340fe68c2]
17  /opt/conda/envs/gdf/bin/python(+0x1d63d9) [0x55e34108f3d9]
18  /opt/conda/envs/gdf/bin/python(_PyEval_EvalFrameDefault+0x1b62) [0x55e340fe68c2]
19  /opt/conda/envs/gdf/bin/python(+0x1d63d9) [0x55e34108f3d9]
20  /opt/conda/envs/gdf/lib/python3.10/lib-dynload/_asyncio.cpython-310-x86_64-linux-gnu.so(+0x7782) [0x7f43974d7782]
21  /opt/conda/envs/gdf/bin/python(_PyObject_MakeTpCall+0x2d3) [0x55e340fedcc3]
22  /opt/conda/envs/gdf/bin/python(+0xf7766) [0x55e340fb0766]
23  /opt/conda/envs/gdf/bin/python(+0x133473) [0x55e340fec473]
24  /opt/conda/envs/gdf/bin/python(_PyEval_EvalFrameDefault+0x5867) [0x55e340fea5c7]
25  /opt/conda/envs/gdf/bin/python(_PyFunction_Vectorcall+0x6c) [0x55e340ff4d1c]
26  /opt/conda/envs/gdf/bin/python(_PyEval_EvalFrameDefault+0x700) [0x55e340fe5460]
27  /opt/conda/envs/gdf/bin/python(_PyFunction_Vectorcall+0x6c) [0x55e340ff4d1c]
28  /opt/conda/envs/gdf/bin/python(_PyEval_EvalFrameDefault+0x700) [0x55e340fe5460]
29  /opt/conda/envs/gdf/bin/python(_PyFunction_Vectorcall+0x6c) [0x55e340ff4d1c]
30  /opt/conda/envs/gdf/bin/python(_PyEval_EvalFrameDefault+0x700) [0x55e340fe5460]
31  /opt/conda/envs/gdf/bin/python(_PyFunction_Vectorcall+0x6c) [0x55e340ff4d1c]
32  /opt/conda/envs/gdf/bin/python(_PyEval_EvalFrameDefault+0x700) [0x55e340fe5460]
33  /opt/conda/envs/gdf/bin/python(_PyFunction_Vectorcall+0x6c) [0x55e340ff4d1c]
34  /opt/conda/envs/gdf/bin/python(_PyEval_EvalFrameDefault+0x1340) [0x55e340fe60a0]
35  /opt/conda/envs/gdf/bin/python(+0x147162) [0x55e341000162]
36  /opt/conda/envs/gdf/bin/python(PyObject_Call+0xbc) [0x55e341000afc]
37  /opt/conda/envs/gdf/bin/python(+0x1ff86d) [0x55e3410b886d]
38  /opt/conda/envs/gdf/bin/python(_PyObject_MakeTpCall+0x2d3) [0x55e340fedcc3]
39  /opt/conda/envs/gdf/bin/python(_PyEval_EvalFrameDefault+0x2ba8) [0x55e340fe7908]
40  /opt/conda/envs/gdf/bin/python(+0x1472b8) [0x55e3410002b8]
41  /opt/conda/envs/gdf/bin/python(_PyEval_EvalFrameDefault+0x2ba8) [0x55e340fe7908]
42  /opt/conda/envs/gdf/bin/python(_PyFunction_Vectorcall+0x6c) [0x55e340ff4d1c]
43  /opt/conda/envs/gdf/bin/python(_PyEval_EvalFrameDefault+0x700) [0x55e340fe5460]
44  /opt/conda/envs/gdf/bin/python(_PyFunction_Vectorcall+0x6c) [0x55e340ff4d1c]
45  /opt/conda/envs/gdf/bin/python(_PyEval_EvalFrameDefault+0x700) [0x55e340fe5460]
46  /opt/conda/envs/gdf/bin/python(_PyFunction_Vectorcall+0x6c) [0x55e340ff4d1c]
47  /opt/conda/envs/gdf/bin/python(_PyEval_EvalFrameDefault+0x30c) [0x55e340fe506c]
48  /opt/conda/envs/gdf/bin/python(_PyFunction_Vectorcall+0x6c) [0x55e340ff4d1c]
49  /opt/conda/envs/gdf/bin/python(_PyEval_EvalFrameDefault+0x1340) [0x55e340fe60a0]
50  /opt/conda/envs/gdf/bin/python(+0x1ccbac) [0x55e341085bac]
51  /opt/conda/envs/gdf/bin/python(PyEval_EvalCode+0x87) [0x55e341085af7]
52  /opt/conda/envs/gdf/bin/python(+0x1fcffa) [0x55e3410b5ffa]
53  /opt/conda/envs/gdf/bin/python(+0x1f8473) [0x55e3410b1473]
54  /opt/conda/envs/gdf/bin/python(PyRun_StringFlags+0x7d) [0x55e3410a9c0d]
55  /opt/conda/envs/gdf/bin/python(PyRun_SimpleStringFlags+0x3c) [0x55e3410a9a4c]
56  /opt/conda/envs/gdf/bin/python(Py_RunMain+0x3ba) [0x55e3410a8c4a]
57  /opt/conda/envs/gdf/bin/python(Py_BytesMain+0x37) [0x55e341079237]
58  /usr/lib/x86_64-linux-gnu/libc.so.6(__libc_start_main+0xf3) [0x7f43a9632083]
59  /opt/conda/envs/gdf/bin/python(+0x1c014e) [0x55e34107914e]
=================================
2024-09-30 06:23:57,708 - distributed.scheduler - WARNING - Removing worker 'ucx://127.0.0.1:49199' caused the cluster to lose already computed task(s), which will be recomputed elsewhere: {('split-taskshuffle-b193d85dcbb1359f44fff00bd51d0d18', 3, 6), ('split-taskshuffle-b193d85dcbb1359f44fff00bd51d0d18', 4, 6), ('split-taskshuffle-b193d85dcbb1359f44fff00bd51d0d18', 5, 6), ('split-taskshuffle-b193d85dcbb1359f44fff00bd51d0d18', 6, 6), ('split-taskshuffle-b193d85dcbb1359f44fff00bd51d0d18', 1, 6), ('split-taskshuffle-b193d85dcbb1359f44fff00bd51d0d18', 2, 6), ('split-taskshuffle-b193d85dcbb1359f44fff00bd51d0d18', 0, 6), ('generate_chunk-_to_string_dtype-4a286622e28b0e0aa1748bcd21fd1539', 5), ('split-taskshuffle-b193d85dcbb1359f44fff00bd51d0d18', 7, 6)} (stimulus_id='handle-worker-cleanup-1727677437.707747')
2024-09-30 06:23:57,709 - distributed.worker - ERROR - failed during get data with ucx://127.0.0.1:43875 -> ucx://127.0.0.1:53325
Traceback (most recent call last):
  File "/opt/conda/envs/gdf/lib/python3.10/site-packages/distributed/comm/ucx.py", line 335, in write
    await self.ep.send(each_frame)
  File "/opt/conda/envs/gdf/lib/python3.10/site-packages/ucp/core.py", line 662, in send
    return await comm.tag_send(self._ep, buffer, nbytes, tag, name=log)
ucp._libs.exceptions.UCXError: <[Send #007] ep: 0x7fb8231273c0, tag: 0x11b45c01ae275bf3, nbytes: 100000000, type: <class 'cudf.core.buffer.buffer.Buffer'>>: Connection reset by remote peer

During handling of the above exception, another exception occurred:

Traceback (most recent call last):
  File "/opt/conda/envs/gdf/lib/python3.10/site-packages/distributed/worker.py", line 1777, in get_data
    compressed = await comm.write(msg, serializers=serializers)
  File "/opt/conda/envs/gdf/lib/python3.10/site-packages/distributed/utils.py", line 806, in wrapper
    return await func(*args, **kwargs)
  File "/opt/conda/envs/gdf/lib/python3.10/site-packages/distributed/comm/ucx.py", line 339, in write
    raise CommClosedError("While writing, the connection was closed")
distributed.comm.core.CommClosedError: While writing, the connection was closed
2024-09-30 06:23:57,711 - distributed.worker - ERROR - Worker stream died during communication: ucx://127.0.0.1:53325
Traceback (most recent call last):
  File "/opt/conda/envs/gdf/lib/python3.10/site-packages/distributed/comm/ucx.py", line 351, in read
    await self.ep.recv(msg)
  File "/opt/conda/envs/gdf/lib/python3.10/site-packages/ucp/core.py", line 737, in recv
    ret = await comm.tag_recv(self._ep, buffer, nbytes, tag, name=log)
ucp._libs.exceptions.UCXCanceled: <[Recv #003] ep: 0x7fb823127180, tag: 0xfd01c8dccd759d6d, nbytes: 16, type: <class 'numpy.ndarray'>>: 

During handling of the above exception, another exception occurred:

Traceback (most recent call last):
  File "/opt/conda/envs/gdf/lib/python3.10/site-packages/distributed/worker.py", line 2056, in gather_dep
    response = await get_data_from_worker(
  File "/opt/conda/envs/gdf/lib/python3.10/site-packages/distributed/worker.py", line 2874, in get_data_from_worker
    response = await send_recv(
  File "/opt/conda/envs/gdf/lib/python3.10/site-packages/distributed/core.py", line 1015, in send_recv
    response = await comm.read(deserializers=deserializers)
  File "/opt/conda/envs/gdf/lib/python3.10/site-packages/distributed/utils.py", line 806, in wrapper
    return await func(*args, **kwargs)
  File "/opt/conda/envs/gdf/lib/python3.10/site-packages/distributed/comm/ucx.py", line 369, in read
    raise CommClosedError(
distributed.comm.core.CommClosedError: Connection closed by writer.
Inner exception: UCXCanceled("<[Recv #003] ep: 0x7fb823127180, tag: 0xfd01c8dccd759d6d, nbytes: 16, type: <class 'numpy.ndarray'>>: ")
2024-09-30 06:23:57,711 - distributed.worker - ERROR - Worker stream died during communication: ucx://127.0.0.1:49199
Traceback (most recent call last):
  File "/opt/conda/envs/gdf/lib/python3.10/site-packages/distributed/comm/ucx.py", line 393, in read
    await self.ep.recv(each_frame)
  File "/opt/conda/envs/gdf/lib/python3.10/site-packages/ucp/core.py", line 737, in recv
    ret = await comm.tag_recv(self._ep, buffer, nbytes, tag, name=log)
ucp._libs.exceptions.UCXCanceled: <[Recv #008] ep: 0x7fb823127200, tag: 0x321ebed84b0b063a, nbytes: 100000000, type: <class 'rmm._lib.device_buffer.DeviceBuffer'>>: 

During handling of the above exception, another exception occurred:

Traceback (most recent call last):
  File "/opt/conda/envs/gdf/lib/python3.10/site-packages/distributed/worker.py", line 2056, in gather_dep
    response = await get_data_from_worker(
  File "/opt/conda/envs/gdf/lib/python3.10/site-packages/distributed/worker.py", line 2874, in get_data_from_worker
    response = await send_recv(
  File "/opt/conda/envs/gdf/lib/python3.10/site-packages/distributed/core.py", line 1015, in send_recv
    response = await comm.read(deserializers=deserializers)
  File "/opt/conda/envs/gdf/lib/python3.10/site-packages/distributed/utils.py", line 806, in wrapper
    return await func(*args, **kwargs)
  File "/opt/conda/envs/gdf/lib/python3.10/site-packages/distributed/comm/ucx.py", line 399, in read
    raise CommClosedError(
distributed.comm.core.CommClosedError: Connection closed by writer.
Inner exception: UCXCanceled("<[Recv #008] ep: 0x7fb823127200, tag: 0x321ebed84b0b063a, nbytes: 100000000, type: <class 'rmm._lib.device_buffer.DeviceBuffer'>>: ")
2024-09-30 06:23:57,829 - distributed.worker - ERROR - failed during get data with ucx://127.0.0.1:54049 -> ucx://127.0.0.1:49199
Traceback (most recent call last):
  File "/opt/conda/envs/gdf/lib/python3.10/site-packages/distributed/comm/ucx.py", line 335, in write
    await self.ep.send(each_frame)
  File "/opt/conda/envs/gdf/lib/python3.10/site-packages/ucp/core.py", line 662, in send
    return await comm.tag_send(self._ep, buffer, nbytes, tag, name=log)
ucp._libs.exceptions.UCXError: <[Send #007] ep: 0x7efde42f3380, tag: 0xb273d8267cb20a9c, nbytes: 100000000, type: <class 'cudf.core.buffer.buffer.Buffer'>>: Connection reset by remote peer

During handling of the above exception, another exception occurred:

Traceback (most recent call last):
  File "/opt/conda/envs/gdf/lib/python3.10/site-packages/distributed/worker.py", line 1777, in get_data
    compressed = await comm.write(msg, serializers=serializers)
  File "/opt/conda/envs/gdf/lib/python3.10/site-packages/distributed/utils.py", line 806, in wrapper
    return await func(*args, **kwargs)
  File "/opt/conda/envs/gdf/lib/python3.10/site-packages/distributed/comm/ucx.py", line 339, in write
    raise CommClosedError("While writing, the connection was closed")
distributed.comm.core.CommClosedError: While writing, the connection was closed
2024-09-30 06:23:57,829 - distributed.worker - ERROR - failed during get data with ucx://127.0.0.1:54049 -> ucx://127.0.0.1:44019
Traceback (most recent call last):
  File "/opt/conda/envs/gdf/lib/python3.10/site-packages/distributed/comm/ucx.py", line 335, in write
    await self.ep.send(each_frame)
  File "/opt/conda/envs/gdf/lib/python3.10/site-packages/ucp/core.py", line 662, in send
    return await comm.tag_send(self._ep, buffer, nbytes, tag, name=log)
ucp._libs.exceptions.UCXError: <[Send #007] ep: 0x7efde42f3140, tag: 0xf006d07872733250, nbytes: 100000000, type: <class 'cudf.core.buffer.buffer.Buffer'>>: Connection reset by remote peer

During handling of the above exception, another exception occurred:

Traceback (most recent call last):
  File "/opt/conda/envs/gdf/lib/python3.10/site-packages/distributed/worker.py", line 1777, in get_data
    compressed = await comm.write(msg, serializers=serializers)
  File "/opt/conda/envs/gdf/lib/python3.10/site-packages/distributed/utils.py", line 806, in wrapper
    return await func(*args, **kwargs)
  File "/opt/conda/envs/gdf/lib/python3.10/site-packages/distributed/comm/ucx.py", line 339, in write
    raise CommClosedError("While writing, the connection was closed")
distributed.comm.core.CommClosedError: While writing, the connection was closed
2024-09-30 06:23:57,830 - distributed.worker - ERROR - Worker stream died during communication: ucx://127.0.0.1:49199
Traceback (most recent call last):
  File "/opt/conda/envs/gdf/lib/python3.10/site-packages/distributed/comm/ucx.py", line 351, in read
    await self.ep.recv(msg)
  File "/opt/conda/envs/gdf/lib/python3.10/site-packages/ucp/core.py", line 737, in recv
    ret = await comm.tag_recv(self._ep, buffer, nbytes, tag, name=log)
ucp._libs.exceptions.UCXCanceled: <[Recv #003] ep: 0x7efde42f31c0, tag: 0xf30bc2aa7ba23cc6, nbytes: 16, type: <class 'numpy.ndarray'>>: 

During handling of the above exception, another exception occurred:

Traceback (most recent call last):
  File "/opt/conda/envs/gdf/lib/python3.10/site-packages/distributed/worker.py", line 2056, in gather_dep
    response = await get_data_from_worker(
  File "/opt/conda/envs/gdf/lib/python3.10/site-packages/distributed/worker.py", line 2874, in get_data_from_worker
    response = await send_recv(
  File "/opt/conda/envs/gdf/lib/python3.10/site-packages/distributed/core.py", line 1015, in send_recv
    response = await comm.read(deserializers=deserializers)
  File "/opt/conda/envs/gdf/lib/python3.10/site-packages/distributed/utils.py", line 806, in wrapper
    return await func(*args, **kwargs)
  File "/opt/conda/envs/gdf/lib/python3.10/site-packages/distributed/comm/ucx.py", line 369, in read
    raise CommClosedError(
distributed.comm.core.CommClosedError: Connection closed by writer.
Inner exception: UCXCanceled("<[Recv #003] ep: 0x7efde42f31c0, tag: 0xf30bc2aa7ba23cc6, nbytes: 16, type: <class 'numpy.ndarray'>>: ")
2024-09-30 06:23:57,851 - distributed.nanny - WARNING - Restarting worker
2024-09-30 06:23:57,916 - distributed.scheduler - WARNING - Removing worker 'ucx://127.0.0.1:60645' caused the cluster to lose already computed task(s), which will be recomputed elsewhere: {('generate_chunk-_to_string_dtype-4a286622e28b0e0aa1748bcd21fd1539', 4), ('split-taskshuffle-b193d85dcbb1359f44fff00bd51d0d18', 0, 5), ('split-taskshuffle-b193d85dcbb1359f44fff00bd51d0d18', 7, 5), ('generate_chunk-_to_string_dtype-4a286622e28b0e0aa1748bcd21fd1539', 0), ('split-taskshuffle-b193d85dcbb1359f44fff00bd51d0d18', 3, 5), ('split-taskshuffle-b193d85dcbb1359f44fff00bd51d0d18', 4, 5), ('split-taskshuffle-b193d85dcbb1359f44fff00bd51d0d18', 2, 5), ('split-taskshuffle-b193d85dcbb1359f44fff00bd51d0d18', 6, 5), ('split-taskshuffle-b193d85dcbb1359f44fff00bd51d0d18', 1, 5)} (stimulus_id='handle-worker-cleanup-1727677437.9157054')
2024-09-30 06:23:57,924 - distributed.nanny - WARNING - Restarting worker
2024-09-30 06:23:57,997 - distributed.worker - ERROR - failed during get data with ucx://127.0.0.1:43875 -> ucx://127.0.0.1:60645
Traceback (most recent call last):
  File "/opt/conda/envs/gdf/lib/python3.10/site-packages/distributed/comm/ucx.py", line 335, in write
    await self.ep.send(each_frame)
  File "/opt/conda/envs/gdf/lib/python3.10/site-packages/ucp/core.py", line 662, in send
    return await comm.tag_send(self._ep, buffer, nbytes, tag, name=log)
ucp._libs.exceptions.UCXError: <[Send #007] ep: 0x7fb823127380, tag: 0x31cb08a8edecc008, nbytes: 100000000, type: <class 'cudf.core.buffer.buffer.Buffer'>>: Connection reset by remote peer

During handling of the above exception, another exception occurred:

Traceback (most recent call last):
  File "/opt/conda/envs/gdf/lib/python3.10/site-packages/distributed/worker.py", line 1777, in get_data
    compressed = await comm.write(msg, serializers=serializers)
  File "/opt/conda/envs/gdf/lib/python3.10/site-packages/distributed/utils.py", line 806, in wrapper
    return await func(*args, **kwargs)
  File "/opt/conda/envs/gdf/lib/python3.10/site-packages/distributed/comm/ucx.py", line 339, in write
    raise CommClosedError("While writing, the connection was closed")
distributed.comm.core.CommClosedError: While writing, the connection was closed
2024-09-30 06:23:57,998 - distributed.worker - ERROR - Worker stream died during communication: ucx://127.0.0.1:60645
Traceback (most recent call last):
  File "/opt/conda/envs/gdf/lib/python3.10/site-packages/distributed/comm/ucx.py", line 393, in read
    await self.ep.recv(each_frame)
  File "/opt/conda/envs/gdf/lib/python3.10/site-packages/ucp/core.py", line 737, in recv
    ret = await comm.tag_recv(self._ep, buffer, nbytes, tag, name=log)
ucp._libs.exceptions.UCXError: <[Recv #007] ep: 0x7fb823127100, tag: 0xf3b72a09c077206b, nbytes: 100000000, type: <class 'rmm._lib.device_buffer.DeviceBuffer'>>: Connection reset by remote peer

During handling of the above exception, another exception occurred:

Traceback (most recent call last):
  File "/opt/conda/envs/gdf/lib/python3.10/site-packages/distributed/worker.py", line 2056, in gather_dep
    response = await get_data_from_worker(
  File "/opt/conda/envs/gdf/lib/python3.10/site-packages/distributed/worker.py", line 2874, in get_data_from_worker
    response = await send_recv(
  File "/opt/conda/envs/gdf/lib/python3.10/site-packages/distributed/core.py", line 1015, in send_recv
    response = await comm.read(deserializers=deserializers)
  File "/opt/conda/envs/gdf/lib/python3.10/site-packages/distributed/utils.py", line 806, in wrapper
    return await func(*args, **kwargs)
  File "/opt/conda/envs/gdf/lib/python3.10/site-packages/distributed/comm/ucx.py", line 399, in read
    raise CommClosedError(
distributed.comm.core.CommClosedError: Connection closed by writer.
Inner exception: UCXError("<[Recv #007] ep: 0x7fb823127100, tag: 0xf3b72a09c077206b, nbytes: 100000000, type: <class 'rmm._lib.device_buffer.DeviceBuffer'>>: Connection reset by remote peer")
2024-09-30 06:23:58,054 - distributed.worker - ERROR - failed during get data with ucx://127.0.0.1:43875 -> ucx://127.0.0.1:44019
Traceback (most recent call last):
  File "/opt/conda/envs/gdf/lib/python3.10/site-packages/distributed/comm/ucx.py", line 335, in write
    await self.ep.send(each_frame)
  File "/opt/conda/envs/gdf/lib/python3.10/site-packages/ucp/core.py", line 662, in send
    return await comm.tag_send(self._ep, buffer, nbytes, tag, name=log)
ucp._libs.exceptions.UCXError: <[Send #007] ep: 0x7fb823127300, tag: 0xb2c4a9ead6f7f584, nbytes: 100000000, type: <class 'cudf.core.buffer.buffer.Buffer'>>: Connection reset by remote peer

During handling of the above exception, another exception occurred:

Traceback (most recent call last):
  File "/opt/conda/envs/gdf/lib/python3.10/site-packages/distributed/worker.py", line 1777, in get_data
    compressed = await comm.write(msg, serializers=serializers)
  File "/opt/conda/envs/gdf/lib/python3.10/site-packages/distributed/utils.py", line 806, in wrapper
    return await func(*args, **kwargs)
  File "/opt/conda/envs/gdf/lib/python3.10/site-packages/distributed/comm/ucx.py", line 339, in write
    raise CommClosedError("While writing, the connection was closed")
distributed.comm.core.CommClosedError: While writing, the connection was closed
2024-09-30 06:23:58,055 - distributed.worker - ERROR - failed during get data with ucx://127.0.0.1:43875 -> ucx://127.0.0.1:49199
Traceback (most recent call last):
  File "/opt/conda/envs/gdf/lib/python3.10/site-packages/distributed/comm/ucx.py", line 335, in write
    await self.ep.send(each_frame)
  File "/opt/conda/envs/gdf/lib/python3.10/site-packages/ucp/core.py", line 662, in send
    return await comm.tag_send(self._ep, buffer, nbytes, tag, name=log)
ucp._libs.exceptions.UCXError: <[Send #007] ep: 0x7fb823127400, tag: 0xd33d449b0e772e00, nbytes: 100000000, type: <class 'cudf.core.buffer.buffer.Buffer'>>: Connection reset by remote peer

During handling of the above exception, another exception occurred:

Traceback (most recent call last):
  File "/opt/conda/envs/gdf/lib/python3.10/site-packages/distributed/worker.py", line 1777, in get_data
    compressed = await comm.write(msg, serializers=serializers)
  File "/opt/conda/envs/gdf/lib/python3.10/site-packages/distributed/utils.py", line 806, in wrapper
    return await func(*args, **kwargs)
  File "/opt/conda/envs/gdf/lib/python3.10/site-packages/distributed/comm/ucx.py", line 339, in write
    raise CommClosedError("While writing, the connection was closed")
distributed.comm.core.CommClosedError: While writing, the connection was closed
2024-09-30 06:23:58,090 - distributed.nanny - WARNING - Restarting worker
[dgx13:96331:0:96331] Caught signal 11 (Segmentation fault: address not mapped to object at address 0x450)
==== backtrace (tid:  96331) ====
 0  /opt/conda/envs/gdf/lib/libucs.so.0(ucs_handle_error+0x305) [0x7f117595fef5]
 1  /opt/conda/envs/gdf/lib/libucs.so.0(+0x2f0f4) [0x7f11759600f4]
 2  /opt/conda/envs/gdf/lib/libucs.so.0(+0x2f2ba) [0x7f11759602ba]
 3  /usr/lib/x86_64-linux-gnu/libpthread.so.0(+0x14420) [0x7f11b6211420]
 4  /opt/conda/envs/gdf/lib/libucp.so.0(ucp_mem_type_unpack+0x1a) [0x7f11759e4cea]
 5  /opt/conda/envs/gdf/lib/libucp.so.0(ucp_rndv_data_handler+0x66d) [0x7f1175a103bd]
 6  /opt/conda/envs/gdf/lib/libuct.so.0(+0x21ebf) [0x7f1175914ebf]
 7  /opt/conda/envs/gdf/lib/libuct.so.0(+0x250d8) [0x7f11759180d8]
 8  /opt/conda/envs/gdf/lib/libucs.so.0(ucs_event_set_wait+0xb9) [0x7f1175969739]
 9  /opt/conda/envs/gdf/lib/libuct.so.0(uct_tcp_iface_progress+0x7d) [0x7f11759171dd]
10  /opt/conda/envs/gdf/lib/libucp.so.0(ucp_worker_progress+0x5a) [0x7f11759e1a3a]
11  /opt/conda/envs/gdf/lib/python3.10/site-packages/ucp/_libs/ucx_api.cpython-310-x86_64-linux-gnu.so(+0x31d7a) [0x7f1175aa4d7a]
12  /opt/conda/envs/gdf/bin/python(_PyEval_EvalFrameDefault+0x2ba8) [0x559384c30908]
13  /opt/conda/envs/gdf/bin/python(_PyFunction_Vectorcall+0x6c) [0x559384c3dd1c]
14  /opt/conda/envs/gdf/bin/python(_PyEval_EvalFrameDefault+0x700) [0x559384c2e460]
15  /opt/conda/envs/gdf/bin/python(+0x1d63d9) [0x559384cd83d9]
16  /opt/conda/envs/gdf/lib/python3.10/lib-dynload/_asyncio.cpython-310-x86_64-linux-gnu.so(+0x7782) [0x7f11a8077782]
17  /opt/conda/envs/gdf/bin/python(_PyObject_MakeTpCall+0x2d3) [0x559384c36cc3]
18  /opt/conda/envs/gdf/bin/python(+0xf7766) [0x559384bf9766]
19  /opt/conda/envs/gdf/bin/python(+0x133473) [0x559384c35473]
20  /opt/conda/envs/gdf/bin/python(_PyEval_EvalFrameDefault+0x5867) [0x559384c335c7]
21  /opt/conda/envs/gdf/bin/python(_PyFunction_Vectorcall+0x6c) [0x559384c3dd1c]
22  /opt/conda/envs/gdf/bin/python(_PyEval_EvalFrameDefault+0x700) [0x559384c2e460]
23  /opt/conda/envs/gdf/bin/python(_PyFunction_Vectorcall+0x6c) [0x559384c3dd1c]
24  /opt/conda/envs/gdf/bin/python(_PyEval_EvalFrameDefault+0x700) [0x559384c2e460]
25  /opt/conda/envs/gdf/bin/python(_PyFunction_Vectorcall+0x6c) [0x559384c3dd1c]
26  /opt/conda/envs/gdf/bin/python(_PyEval_EvalFrameDefault+0x700) [0x559384c2e460]
27  /opt/conda/envs/gdf/bin/python(_PyFunction_Vectorcall+0x6c) [0x559384c3dd1c]
28  /opt/conda/envs/gdf/bin/python(_PyEval_EvalFrameDefault+0x700) [0x559384c2e460]
29  /opt/conda/envs/gdf/bin/python(_PyFunction_Vectorcall+0x6c) [0x559384c3dd1c]
30  /opt/conda/envs/gdf/bin/python(_PyEval_EvalFrameDefault+0x1340) [0x559384c2f0a0]
31  /opt/conda/envs/gdf/bin/python(+0x147162) [0x559384c49162]
32  /opt/conda/envs/gdf/bin/python(PyObject_Call+0xbc) [0x559384c49afc]
33  /opt/conda/envs/gdf/bin/python(+0x1ff86d) [0x559384d0186d]
34  /opt/conda/envs/gdf/bin/python(_PyObject_MakeTpCall+0x2d3) [0x559384c36cc3]
35  /opt/conda/envs/gdf/bin/python(_PyEval_EvalFrameDefault+0x2ba8) [0x559384c30908]
36  /opt/conda/envs/gdf/bin/python(+0x1472b8) [0x559384c492b8]
37  /opt/conda/envs/gdf/bin/python(_PyEval_EvalFrameDefault+0x2ba8) [0x559384c30908]
38  /opt/conda/envs/gdf/bin/python(_PyFunction_Vectorcall+0x6c) [0x559384c3dd1c]
39  /opt/conda/envs/gdf/bin/python(_PyEval_EvalFrameDefault+0x700) [0x559384c2e460]
40  /opt/conda/envs/gdf/bin/python(_PyFunction_Vectorcall+0x6c) [0x559384c3dd1c]
41  /opt/conda/envs/gdf/bin/python(_PyEval_EvalFrameDefault+0x700) [0x559384c2e460]
42  /opt/conda/envs/gdf/bin/python(_PyFunction_Vectorcall+0x6c) [0x559384c3dd1c]
43  /opt/conda/envs/gdf/bin/python(_PyEval_EvalFrameDefault+0x30c) [0x559384c2e06c]
44  /opt/conda/envs/gdf/bin/python(_PyFunction_Vectorcall+0x6c) [0x559384c3dd1c]
45  /opt/conda/envs/gdf/bin/python(_PyEval_EvalFrameDefault+0x1340) [0x559384c2f0a0]
46  /opt/conda/envs/gdf/bin/python(+0x1ccbac) [0x559384ccebac]
47  /opt/conda/envs/gdf/bin/python(PyEval_EvalCode+0x87) [0x559384cceaf7]
48  /opt/conda/envs/gdf/bin/python(+0x1fcffa) [0x559384cfeffa]
49  /opt/conda/envs/gdf/bin/python(+0x1f8473) [0x559384cfa473]
50  /opt/conda/envs/gdf/bin/python(PyRun_StringFlags+0x7d) [0x559384cf2c0d]
51  /opt/conda/envs/gdf/bin/python(PyRun_SimpleStringFlags+0x3c) [0x559384cf2a4c]
52  /opt/conda/envs/gdf/bin/python(Py_RunMain+0x3ba) [0x559384cf1c4a]
53  /opt/conda/envs/gdf/bin/python(Py_BytesMain+0x37) [0x559384cc2237]
54  /usr/lib/x86_64-linux-gnu/libc.so.6(__libc_start_main+0xf3) [0x7f11b5ed5083]
55  /opt/conda/envs/gdf/bin/python(+0x1c014e) [0x559384cc214e]
=================================
2024-09-30 06:24:02,449 - distributed.worker - ERROR - failed during get data with ucx://127.0.0.1:54049 -> ucx://127.0.0.1:47849
Traceback (most recent call last):
  File "/opt/conda/envs/gdf/lib/python3.10/site-packages/distributed/comm/ucx.py", line 335, in write
    await self.ep.send(each_frame)
  File "/opt/conda/envs/gdf/lib/python3.10/site-packages/ucp/core.py", line 662, in send
    return await comm.tag_send(self._ep, buffer, nbytes, tag, name=log)
ucp._libs.exceptions.UCXError: <[Send #007] ep: 0x7efde42f3200, tag: 0xf9e266f5705c6a94, nbytes: 100000000, type: <class 'cudf.core.buffer.buffer.Buffer'>>: Connection reset by remote peer

During handling of the above exception, another exception occurred:

Traceback (most recent call last):
  File "/opt/conda/envs/gdf/lib/python3.10/site-packages/distributed/worker.py", line 1777, in get_data
    compressed = await comm.write(msg, serializers=serializers)
  File "/opt/conda/envs/gdf/lib/python3.10/site-packages/distributed/utils.py", line 806, in wrapper
    return await func(*args, **kwargs)
  File "/opt/conda/envs/gdf/lib/python3.10/site-packages/distributed/comm/ucx.py", line 339, in write
    raise CommClosedError("While writing, the connection was closed")
distributed.comm.core.CommClosedError: While writing, the connection was closed
Task exception was never retrieved
future: <Task finished name='Task-612' coro=<_listener_handler_coroutine() done, defined at /opt/conda/envs/gdf/lib/python3.10/site-packages/ucp/core.py:140> exception=TimeoutError()>
Traceback (most recent call last):
  File "/opt/conda/envs/gdf/lib/python3.10/asyncio/tasks.py", line 456, in wait_for
    return fut.result()
asyncio.exceptions.CancelledError

The above exception was the direct cause of the following exception:

Traceback (most recent call last):
  File "/opt/conda/envs/gdf/lib/python3.10/site-packages/ucp/core.py", line 155, in _listener_handler_coroutine
    peer_info = await exchange_peer_info(
  File "/opt/conda/envs/gdf/lib/python3.10/site-packages/ucp/core.py", line 55, in exchange_peer_info
    await asyncio.wait_for(
  File "/opt/conda/envs/gdf/lib/python3.10/asyncio/tasks.py", line 458, in wait_for
    raise exceptions.TimeoutError() from exc
asyncio.exceptions.TimeoutError
2024-09-30 06:24:02,494 - distributed.nanny - WARNING - Restarting worker
[dgx13:96346:0:96346] Caught signal 11 (Segmentation fault: address not mapped to object at address 0x450)
==== backtrace (tid:  96346) ====
 0  /opt/conda/envs/gdf/lib/libucs.so.0(ucs_handle_error+0x305) [0x7f2360066ef5]
 1  /opt/conda/envs/gdf/lib/libucs.so.0(+0x2f0f4) [0x7f23600670f4]
 2  /opt/conda/envs/gdf/lib/libucs.so.0(+0x2f2ba) [0x7f23600672ba]
 3  /usr/lib/x86_64-linux-gnu/libpthread.so.0(+0x14420) [0x7f238ea48420]
 4  /opt/conda/envs/gdf/lib/libucp.so.0(ucp_mem_type_unpack+0x1a) [0x7f234df71cea]
 5  /opt/conda/envs/gdf/lib/libucp.so.0(ucp_rndv_data_handler+0x66d) [0x7f234df9d3bd]
 6  /opt/conda/envs/gdf/lib/libuct.so.0(+0x21ebf) [0x7f234df06ebf]
 7  /opt/conda/envs/gdf/lib/libuct.so.0(+0x250d8) [0x7f234df0a0d8]
 8  /opt/conda/envs/gdf/lib/libucs.so.0(ucs_event_set_wait+0xb9) [0x7f2360070739]
 9  /opt/conda/envs/gdf/lib/libuct.so.0(uct_tcp_iface_progress+0x7d) [0x7f234df091dd]
10  /opt/conda/envs/gdf/lib/libucp.so.0(ucp_worker_progress+0x5a) [0x7f234df6ea3a]
11  /opt/conda/envs/gdf/lib/python3.10/site-packages/ucp/_libs/ucx_api.cpython-310-x86_64-linux-gnu.so(+0x31d7a) [0x7f23600ced7a]
12  /opt/conda/envs/gdf/bin/python(_PyEval_EvalFrameDefault+0x2ba8) [0x5643e3851908]
13  /opt/conda/envs/gdf/bin/python(_PyFunction_Vectorcall+0x6c) [0x5643e385ed1c]
14  /opt/conda/envs/gdf/bin/python(_PyEval_EvalFrameDefault+0x700) [0x5643e384f460]
15  /opt/conda/envs/gdf/bin/python(+0x1473e4) [0x5643e386a3e4]
16  /opt/conda/envs/gdf/bin/python(+0x252eac) [0x5643e3975eac]
17  /opt/conda/envs/gdf/bin/python(+0xf7766) [0x5643e381a766]
18  /opt/conda/envs/gdf/bin/python(+0x133473) [0x5643e3856473]
19  /opt/conda/envs/gdf/bin/python(_PyEval_EvalFrameDefault+0x5867) [0x5643e38545c7]
20  /opt/conda/envs/gdf/bin/python(_PyFunction_Vectorcall+0x6c) [0x5643e385ed1c]
21  /opt/conda/envs/gdf/bin/python(_PyEval_EvalFrameDefault+0x700) [0x5643e384f460]
22  /opt/conda/envs/gdf/bin/python(_PyFunction_Vectorcall+0x6c) [0x5643e385ed1c]
23  /opt/conda/envs/gdf/bin/python(_PyEval_EvalFrameDefault+0x700) [0x5643e384f460]
24  /opt/conda/envs/gdf/bin/python(_PyFunction_Vectorcall+0x6c) [0x5643e385ed1c]
25  /opt/conda/envs/gdf/bin/python(_PyEval_EvalFrameDefault+0x700) [0x5643e384f460]
26  /opt/conda/envs/gdf/bin/python(_PyFunction_Vectorcall+0x6c) [0x5643e385ed1c]
27  /opt/conda/envs/gdf/bin/python(_PyEval_EvalFrameDefault+0x700) [0x5643e384f460]
28  /opt/conda/envs/gdf/bin/python(_PyFunction_Vectorcall+0x6c) [0x5643e385ed1c]
29  /opt/conda/envs/gdf/bin/python(_PyEval_EvalFrameDefault+0x1340) [0x5643e38500a0]
30  /opt/conda/envs/gdf/bin/python(+0x147162) [0x5643e386a162]
31  /opt/conda/envs/gdf/bin/python(PyObject_Call+0xbc) [0x5643e386aafc]
32  /opt/conda/envs/gdf/bin/python(+0x1ff86d) [0x5643e392286d]
33  /opt/conda/envs/gdf/bin/python(_PyObject_MakeTpCall+0x2d3) [0x5643e3857cc3]
34  /opt/conda/envs/gdf/bin/python(_PyEval_EvalFrameDefault+0x2ba8) [0x5643e3851908]
35  /opt/conda/envs/gdf/bin/python(+0x1472b8) [0x5643e386a2b8]
36  /opt/conda/envs/gdf/bin/python(_PyEval_EvalFrameDefault+0x2ba8) [0x5643e3851908]
37  /opt/conda/envs/gdf/bin/python(_PyFunction_Vectorcall+0x6c) [0x5643e385ed1c]
38  /opt/conda/envs/gdf/bin/python(_PyEval_EvalFrameDefault+0x700) [0x5643e384f460]
39  /opt/conda/envs/gdf/bin/python(_PyFunction_Vectorcall+0x6c) [0x5643e385ed1c]
40  /opt/conda/envs/gdf/bin/python(_PyEval_EvalFrameDefault+0x700) [0x5643e384f460]
41  /opt/conda/envs/gdf/bin/python(_PyFunction_Vectorcall+0x6c) [0x5643e385ed1c]
42  /opt/conda/envs/gdf/bin/python(_PyEval_EvalFrameDefault+0x30c) [0x5643e384f06c]
43  /opt/conda/envs/gdf/bin/python(_PyFunction_Vectorcall+0x6c) [0x5643e385ed1c]
44  /opt/conda/envs/gdf/bin/python(_PyEval_EvalFrameDefault+0x1340) [0x5643e38500a0]
45  /opt/conda/envs/gdf/bin/python(+0x1ccbac) [0x5643e38efbac]
46  /opt/conda/envs/gdf/bin/python(PyEval_EvalCode+0x87) [0x5643e38efaf7]
47  /opt/conda/envs/gdf/bin/python(+0x1fcffa) [0x5643e391fffa]
48  /opt/conda/envs/gdf/bin/python(+0x1f8473) [0x5643e391b473]
49  /opt/conda/envs/gdf/bin/python(PyRun_StringFlags+0x7d) [0x5643e3913c0d]
50  /opt/conda/envs/gdf/bin/python(PyRun_SimpleStringFlags+0x3c) [0x5643e3913a4c]
51  /opt/conda/envs/gdf/bin/python(Py_RunMain+0x3ba) [0x5643e3912c4a]
52  /opt/conda/envs/gdf/bin/python(Py_BytesMain+0x37) [0x5643e38e3237]
53  /usr/lib/x86_64-linux-gnu/libc.so.6(__libc_start_main+0xf3) [0x7f238e70c083]
54  /opt/conda/envs/gdf/bin/python(+0x1c014e) [0x5643e38e314e]
=================================
2024-09-30 06:24:03,047 - distributed.worker - ERROR - failed during get data with ucx://127.0.0.1:43875 -> ucx://127.0.0.1:45181
Traceback (most recent call last):
  File "/opt/conda/envs/gdf/lib/python3.10/site-packages/distributed/comm/ucx.py", line 335, in write
    await self.ep.send(each_frame)
  File "/opt/conda/envs/gdf/lib/python3.10/site-packages/ucp/core.py", line 662, in send
    return await comm.tag_send(self._ep, buffer, nbytes, tag, name=log)
ucp._libs.exceptions.UCXError: <[Send #007] ep: 0x7fb823127380, tag: 0x8fdb81f3d19fb290, nbytes: 100000000, type: <class 'cudf.core.buffer.buffer.Buffer'>>: Connection reset by remote peer

During handling of the above exception, another exception occurred:

Traceback (most recent call last):
  File "/opt/conda/envs/gdf/lib/python3.10/site-packages/distributed/worker.py", line 1777, in get_data
    compressed = await comm.write(msg, serializers=serializers)
  File "/opt/conda/envs/gdf/lib/python3.10/site-packages/distributed/utils.py", line 806, in wrapper
    return await func(*args, **kwargs)
  File "/opt/conda/envs/gdf/lib/python3.10/site-packages/distributed/comm/ucx.py", line 339, in write
    raise CommClosedError("While writing, the connection was closed")
distributed.comm.core.CommClosedError: While writing, the connection was closed
2024-09-30 06:24:03,172 - distributed.nanny - WARNING - Restarting worker
[dgx13:96350:0:96350] Caught signal 11 (Segmentation fault: address not mapped to object at address 0x450)
==== backtrace (tid:  96350) ====
 0  /opt/conda/envs/gdf/lib/libucs.so.0(ucs_handle_error+0x305) [0x7fb1b8498ef5]
 1  /opt/conda/envs/gdf/lib/libucs.so.0(+0x2f0f4) [0x7fb1b84990f4]
 2  /opt/conda/envs/gdf/lib/libucs.so.0(+0x2f2ba) [0x7fb1b84992ba]
 3  /usr/lib/x86_64-linux-gnu/libpthread.so.0(+0x14420) [0x7fb1e6f49420]
 4  /opt/conda/envs/gdf/lib/libucp.so.0(ucp_mem_type_unpack+0x1a) [0x7fb1b851dcea]
 5  /opt/conda/envs/gdf/lib/libucp.so.0(ucp_rndv_data_handler+0x66d) [0x7fb1b85493bd]
 6  /opt/conda/envs/gdf/lib/libuct.so.0(+0x21ebf) [0x7fb1b844debf]
 7  /opt/conda/envs/gdf/lib/libuct.so.0(+0x250d8) [0x7fb1b84510d8]
 8  /opt/conda/envs/gdf/lib/libucs.so.0(ucs_event_set_wait+0xb9) [0x7fb1b84a2739]
 9  /opt/conda/envs/gdf/lib/libuct.so.0(uct_tcp_iface_progress+0x7d) [0x7fb1b84501dd]
10  /opt/conda/envs/gdf/lib/libucp.so.0(ucp_worker_progress+0x5a) [0x7fb1b851aa3a]
11  /opt/conda/envs/gdf/lib/python3.10/site-packages/ucp/_libs/ucx_api.cpython-310-x86_64-linux-gnu.so(+0x31d7a) [0x7fb1b85ddd7a]
12  /opt/conda/envs/gdf/bin/python(_PyEval_EvalFrameDefault+0x2ba8) [0x556f7750f908]
13  /opt/conda/envs/gdf/bin/python(_PyFunction_Vectorcall+0x6c) [0x556f7751cd1c]
14  /opt/conda/envs/gdf/bin/python(_PyEval_EvalFrameDefault+0x700) [0x556f7750d460]
15  /opt/conda/envs/gdf/bin/python(+0x1473e4) [0x556f775283e4]
16  /opt/conda/envs/gdf/bin/python(+0x252eac) [0x556f77633eac]
17  /opt/conda/envs/gdf/bin/python(+0xf7766) [0x556f774d8766]
18  /opt/conda/envs/gdf/bin/python(+0x133473) [0x556f77514473]
19  /opt/conda/envs/gdf/bin/python(_PyEval_EvalFrameDefault+0x5867) [0x556f775125c7]
20  /opt/conda/envs/gdf/bin/python(_PyFunction_Vectorcall+0x6c) [0x556f7751cd1c]
21  /opt/conda/envs/gdf/bin/python(_PyEval_EvalFrameDefault+0x700) [0x556f7750d460]
22  /opt/conda/envs/gdf/bin/python(_PyFunction_Vectorcall+0x6c) [0x556f7751cd1c]
23  /opt/conda/envs/gdf/bin/python(_PyEval_EvalFrameDefault+0x700) [0x556f7750d460]
24  /opt/conda/envs/gdf/bin/python(_PyFunction_Vectorcall+0x6c) [0x556f7751cd1c]
25  /opt/conda/envs/gdf/bin/python(_PyEval_EvalFrameDefault+0x700) [0x556f7750d460]
26  /opt/conda/envs/gdf/bin/python(_PyFunction_Vectorcall+0x6c) [0x556f7751cd1c]
27  /opt/conda/envs/gdf/bin/python(_PyEval_EvalFrameDefault+0x700) [0x556f7750d460]
28  /opt/conda/envs/gdf/bin/python(_PyFunction_Vectorcall+0x6c) [0x556f7751cd1c]
29  /opt/conda/envs/gdf/bin/python(_PyEval_EvalFrameDefault+0x1340) [0x556f7750e0a0]
30  /opt/conda/envs/gdf/bin/python(+0x147162) [0x556f77528162]
31  /opt/conda/envs/gdf/bin/python(PyObject_Call+0xbc) [0x556f77528afc]
32  /opt/conda/envs/gdf/bin/python(+0x1ff86d) [0x556f775e086d]
33  /opt/conda/envs/gdf/bin/python(_PyObject_MakeTpCall+0x2d3) [0x556f77515cc3]
34  /opt/conda/envs/gdf/bin/python(_PyEval_EvalFrameDefault+0x2ba8) [0x556f7750f908]
35  /opt/conda/envs/gdf/bin/python(+0x1472b8) [0x556f775282b8]
36  /opt/conda/envs/gdf/bin/python(_PyEval_EvalFrameDefault+0x2ba8) [0x556f7750f908]
37  /opt/conda/envs/gdf/bin/python(_PyFunction_Vectorcall+0x6c) [0x556f7751cd1c]
38  /opt/conda/envs/gdf/bin/python(_PyEval_EvalFrameDefault+0x700) [0x556f7750d460]
39  /opt/conda/envs/gdf/bin/python(_PyFunction_Vectorcall+0x6c) [0x556f7751cd1c]
40  /opt/conda/envs/gdf/bin/python(_PyEval_EvalFrameDefault+0x700) [0x556f7750d460]
41  /opt/conda/envs/gdf/bin/python(_PyFunction_Vectorcall+0x6c) [0x556f7751cd1c]
42  /opt/conda/envs/gdf/bin/python(_PyEval_EvalFrameDefault+0x30c) [0x556f7750d06c]
43  /opt/conda/envs/gdf/bin/python(_PyFunction_Vectorcall+0x6c) [0x556f7751cd1c]
44  /opt/conda/envs/gdf/bin/python(_PyEval_EvalFrameDefault+0x1340) [0x556f7750e0a0]
45  /opt/conda/envs/gdf/bin/python(+0x1ccbac) [0x556f775adbac]
46  /opt/conda/envs/gdf/bin/python(PyEval_EvalCode+0x87) [0x556f775adaf7]
47  /opt/conda/envs/gdf/bin/python(+0x1fcffa) [0x556f775ddffa]
48  /opt/conda/envs/gdf/bin/python(+0x1f8473) [0x556f775d9473]
49  /opt/conda/envs/gdf/bin/python(PyRun_StringFlags+0x7d) [0x556f775d1c0d]
50  /opt/conda/envs/gdf/bin/python(PyRun_SimpleStringFlags+0x3c) [0x556f775d1a4c]
51  /opt/conda/envs/gdf/bin/python(Py_RunMain+0x3ba) [0x556f775d0c4a]
52  /opt/conda/envs/gdf/bin/python(Py_BytesMain+0x37) [0x556f775a1237]
53  /usr/lib/x86_64-linux-gnu/libc.so.6(__libc_start_main+0xf3) [0x7fb1e6c0d083]
54  /opt/conda/envs/gdf/bin/python(+0x1c014e) [0x556f775a114e]
=================================
[dgx13:96355:0:96355] Caught signal 11 (Segmentation fault: address not mapped to object at address 0x450)
==== backtrace (tid:  96355) ====
 0  /opt/conda/envs/gdf/lib/libucs.so.0(ucs_handle_error+0x305) [0x7f6e852bfef5]
 1  /opt/conda/envs/gdf/lib/libucs.so.0(+0x2f0f4) [0x7f6e852c00f4]
 2  /opt/conda/envs/gdf/lib/libucs.so.0(+0x2f2ba) [0x7f6e852c02ba]
 3  /usr/lib/x86_64-linux-gnu/libpthread.so.0(+0x14420) [0x7f6ec5db5420]
 4  /opt/conda/envs/gdf/lib/libucp.so.0(ucp_mem_type_unpack+0x1a) [0x7f6e85344cea]
 5  /opt/conda/envs/gdf/lib/libucp.so.0(ucp_rndv_data_handler+0x66d) [0x7f6e853703bd]
 6  /opt/conda/envs/gdf/lib/libuct.so.0(+0x21ebf) [0x7f6e85274ebf]
 7  /opt/conda/envs/gdf/lib/libuct.so.0(+0x250d8) [0x7f6e852780d8]
 8  /opt/conda/envs/gdf/lib/libucs.so.0(ucs_event_set_wait+0xb9) [0x7f6e852c9739]
 9  /opt/conda/envs/gdf/lib/libuct.so.0(uct_tcp_iface_progress+0x7d) [0x7f6e852771dd]
10  /opt/conda/envs/gdf/lib/libucp.so.0(ucp_worker_progress+0x5a) [0x7f6e85341a3a]
11  /opt/conda/envs/gdf/lib/python3.10/site-packages/ucp/_libs/ucx_api.cpython-310-x86_64-linux-gnu.so(+0x31d7a) [0x7f6e85404d7a]
12  /opt/conda/envs/gdf/bin/python(_PyEval_EvalFrameDefault+0x2ba8) [0x560826f1b908]
13  /opt/conda/envs/gdf/bin/python(_PyFunction_Vectorcall+0x6c) [0x560826f28d1c]
14  /opt/conda/envs/gdf/bin/python(_PyEval_EvalFrameDefault+0x700) [0x560826f19460]
15  /opt/conda/envs/gdf/bin/python(+0x1473e4) [0x560826f343e4]
16  /opt/conda/envs/gdf/bin/python(+0x252eac) [0x56082703feac]
17  /opt/conda/envs/gdf/bin/python(+0xf7766) [0x560826ee4766]
18  /opt/conda/envs/gdf/bin/python(+0x133473) [0x560826f20473]
19  /opt/conda/envs/gdf/bin/python(_PyEval_EvalFrameDefault+0x5867) [0x560826f1e5c7]
20  /opt/conda/envs/gdf/bin/python(_PyFunction_Vectorcall+0x6c) [0x560826f28d1c]
21  /opt/conda/envs/gdf/bin/python(_PyEval_EvalFrameDefault+0x700) [0x560826f19460]
22  /opt/conda/envs/gdf/bin/python(_PyFunction_Vectorcall+0x6c) [0x560826f28d1c]
23  /opt/conda/envs/gdf/bin/python(_PyEval_EvalFrameDefault+0x700) [0x560826f19460]
24  /opt/conda/envs/gdf/bin/python(_PyFunction_Vectorcall+0x6c) [0x560826f28d1c]
25  /opt/conda/envs/gdf/bin/python(_PyEval_EvalFrameDefault+0x700) [0x560826f19460]
26  /opt/conda/envs/gdf/bin/python(_PyFunction_Vectorcall+0x6c) [0x560826f28d1c]
27  /opt/conda/envs/gdf/bin/python(_PyEval_EvalFrameDefault+0x700) [0x560826f19460]
28  /opt/conda/envs/gdf/bin/python(_PyFunction_Vectorcall+0x6c) [0x560826f28d1c]
29  /opt/conda/envs/gdf/bin/python(_PyEval_EvalFrameDefault+0x1340) [0x560826f1a0a0]
30  /opt/conda/envs/gdf/bin/python(+0x147162) [0x560826f34162]
31  /opt/conda/envs/gdf/bin/python(PyObject_Call+0xbc) [0x560826f34afc]
32  /opt/conda/envs/gdf/bin/python(+0x1ff86d) [0x560826fec86d]
33  /opt/conda/envs/gdf/bin/python(_PyObject_MakeTpCall+0x2d3) [0x560826f21cc3]
34  /opt/conda/envs/gdf/bin/python(_PyEval_EvalFrameDefault+0x2ba8) [0x560826f1b908]
35  /opt/conda/envs/gdf/bin/python(+0x1472b8) [0x560826f342b8]
36  /opt/conda/envs/gdf/bin/python(_PyEval_EvalFrameDefault+0x2ba8) [0x560826f1b908]
37  /opt/conda/envs/gdf/bin/python(_PyFunction_Vectorcall+0x6c) [0x560826f28d1c]
38  /opt/conda/envs/gdf/bin/python(_PyEval_EvalFrameDefault+0x700) [0x560826f19460]
39  /opt/conda/envs/gdf/bin/python(_PyFunction_Vectorcall+0x6c) [0x560826f28d1c]
40  /opt/conda/envs/gdf/bin/python(_PyEval_EvalFrameDefault+0x700) [0x560826f19460]
41  /opt/conda/envs/gdf/bin/python(_PyFunction_Vectorcall+0x6c) [0x560826f28d1c]
42  /opt/conda/envs/gdf/bin/python(_PyEval_EvalFrameDefault+0x30c) [0x560826f1906c]
43  /opt/conda/envs/gdf/bin/python(_PyFunction_Vectorcall+0x6c) [0x560826f28d1c]
44  /opt/conda/envs/gdf/bin/python(_PyEval_EvalFrameDefault+0x1340) [0x560826f1a0a0]
45  /opt/conda/envs/gdf/bin/python(+0x1ccbac) [0x560826fb9bac]
46  /opt/conda/envs/gdf/bin/python(PyEval_EvalCode+0x87) [0x560826fb9af7]
47  /opt/conda/envs/gdf/bin/python(+0x1fcffa) [0x560826fe9ffa]
48  /opt/conda/envs/gdf/bin/python(+0x1f8473) [0x560826fe5473]
49  /opt/conda/envs/gdf/bin/python(PyRun_StringFlags+0x7d) [0x560826fddc0d]
50  /opt/conda/envs/gdf/bin/python(PyRun_SimpleStringFlags+0x3c) [0x560826fdda4c]
51  /opt/conda/envs/gdf/bin/python(Py_RunMain+0x3ba) [0x560826fdcc4a]
52  /opt/conda/envs/gdf/bin/python(Py_BytesMain+0x37) [0x560826fad237]
53  /usr/lib/x86_64-linux-gnu/libc.so.6(__libc_start_main+0xf3) [0x7f6ec5a79083]
54  /opt/conda/envs/gdf/bin/python(+0x1c014e) [0x560826fad14e]
=================================
2024-09-30 06:24:03,525 - distributed.worker - ERROR - failed during get data with ucx://127.0.0.1:54049 -> ucx://127.0.0.1:51073
Traceback (most recent call last):
  File "/opt/conda/envs/gdf/lib/python3.10/site-packages/distributed/comm/ucx.py", line 335, in write
    await self.ep.send(each_frame)
  File "/opt/conda/envs/gdf/lib/python3.10/site-packages/ucp/core.py", line 662, in send
    return await comm.tag_send(self._ep, buffer, nbytes, tag, name=log)
ucp._libs.exceptions.UCXError: <[Send #007] ep: 0x7efde42f3200, tag: 0x1d55fab47ed06a4f, nbytes: 100000000, type: <class 'cudf.core.buffer.buffer.Buffer'>>: Connection reset by remote peer

During handling of the above exception, another exception occurred:

Traceback (most recent call last):
  File "/opt/conda/envs/gdf/lib/python3.10/site-packages/distributed/worker.py", line 1777, in get_data
    compressed = await comm.write(msg, serializers=serializers)
  File "/opt/conda/envs/gdf/lib/python3.10/site-packages/distributed/utils.py", line 806, in wrapper
    return await func(*args, **kwargs)
  File "/opt/conda/envs/gdf/lib/python3.10/site-packages/distributed/comm/ucx.py", line 339, in write
    raise CommClosedError("While writing, the connection was closed")
distributed.comm.core.CommClosedError: While writing, the connection was closed
2024-09-30 06:24:03,545 - distributed.worker - ERROR - failed during get data with ucx://127.0.0.1:54049 -> ucx://127.0.0.1:53969
Traceback (most recent call last):
  File "/opt/conda/envs/gdf/lib/python3.10/site-packages/distributed/comm/ucx.py", line 335, in write
    await self.ep.send(each_frame)
  File "/opt/conda/envs/gdf/lib/python3.10/site-packages/ucp/core.py", line 662, in send
    return await comm.tag_send(self._ep, buffer, nbytes, tag, name=log)
ucp._libs.exceptions.UCXError: <[Send #007] ep: 0x7efde42f3140, tag: 0x44292c6098ff9c6b, nbytes: 100000000, type: <class 'cudf.core.buffer.buffer.Buffer'>>: Connection reset by remote peer

During handling of the above exception, another exception occurred:

Traceback (most recent call last):
  File "/opt/conda/envs/gdf/lib/python3.10/site-packages/distributed/worker.py", line 1777, in get_data
    compressed = await comm.write(msg, serializers=serializers)
  File "/opt/conda/envs/gdf/lib/python3.10/site-packages/distributed/utils.py", line 806, in wrapper
    return await func(*args, **kwargs)
  File "/opt/conda/envs/gdf/lib/python3.10/site-packages/distributed/comm/ucx.py", line 339, in write
    raise CommClosedError("While writing, the connection was closed")
distributed.comm.core.CommClosedError: While writing, the connection was closed
2024-09-30 06:24:03,545 - distributed.worker - ERROR - failed during get data with ucx://127.0.0.1:43875 -> ucx://127.0.0.1:53969
Traceback (most recent call last):
  File "/opt/conda/envs/gdf/lib/python3.10/site-packages/distributed/comm/ucx.py", line 335, in write
    await self.ep.send(each_frame)
  File "/opt/conda/envs/gdf/lib/python3.10/site-packages/ucp/core.py", line 662, in send
    return await comm.tag_send(self._ep, buffer, nbytes, tag, name=log)
ucp._libs.exceptions.UCXError: <[Send #007] ep: 0x7fb8231274c0, tag: 0x5f3702834af435b4, nbytes: 100000000, type: <class 'cudf.core.buffer.buffer.Buffer'>>: Connection reset by remote peer

During handling of the above exception, another exception occurred:

Traceback (most recent call last):
  File "/opt/conda/envs/gdf/lib/python3.10/site-packages/distributed/worker.py", line 1777, in get_data
    compressed = await comm.write(msg, serializers=serializers)
  File "/opt/conda/envs/gdf/lib/python3.10/site-packages/distributed/utils.py", line 806, in wrapper
    return await func(*args, **kwargs)
  File "/opt/conda/envs/gdf/lib/python3.10/site-packages/distributed/comm/ucx.py", line 339, in write
    raise CommClosedError("While writing, the connection was closed")
distributed.comm.core.CommClosedError: While writing, the connection was closed
2024-09-30 06:24:03,546 - distributed.worker - ERROR - failed during get data with ucx://127.0.0.1:43875 -> ucx://127.0.0.1:51073
Traceback (most recent call last):
  File "/opt/conda/envs/gdf/lib/python3.10/site-packages/distributed/comm/ucx.py", line 335, in write
    await self.ep.send(each_frame)
  File "/opt/conda/envs/gdf/lib/python3.10/site-packages/ucp/core.py", line 662, in send
    return await comm.tag_send(self._ep, buffer, nbytes, tag, name=log)
ucp._libs.exceptions.UCXError: <[Send #007] ep: 0x7fb823127480, tag: 0x9a46a4d2acf44f7d, nbytes: 100000000, type: <class 'cudf.core.buffer.buffer.Buffer'>>: Connection reset by remote peer

During handling of the above exception, another exception occurred:

Traceback (most recent call last):
  File "/opt/conda/envs/gdf/lib/python3.10/site-packages/distributed/worker.py", line 1777, in get_data
    compressed = await comm.write(msg, serializers=serializers)
  File "/opt/conda/envs/gdf/lib/python3.10/site-packages/distributed/utils.py", line 806, in wrapper
    return await func(*args, **kwargs)
  File "/opt/conda/envs/gdf/lib/python3.10/site-packages/distributed/comm/ucx.py", line 339, in write
    raise CommClosedError("While writing, the connection was closed")
distributed.comm.core.CommClosedError: While writing, the connection was closed
2024-09-30 06:24:03,630 - distributed.nanny - WARNING - Restarting worker
2024-09-30 06:24:03,660 - distributed.nanny - WARNING - Restarting worker
2024-09-30 06:24:27,069 - distributed.worker - ERROR - Worker stream died during communication: ucx://127.0.0.1:50117
Traceback (most recent call last):
  File "/opt/conda/envs/gdf/lib/python3.10/site-packages/distributed/comm/ucx.py", line 468, in connect
    ep = await ucp.create_endpoint(ip, port)
  File "/opt/conda/envs/gdf/lib/python3.10/site-packages/ucp/core.py", line 1016, in create_endpoint
    return await _get_ctx().create_endpoint(
  File "/opt/conda/envs/gdf/lib/python3.10/site-packages/ucp/core.py", line 328, in create_endpoint
    peer_info = await exchange_peer_info(
  File "/opt/conda/envs/gdf/lib/python3.10/site-packages/ucp/core.py", line 60, in exchange_peer_info
    await asyncio.wait_for(
  File "/opt/conda/envs/gdf/lib/python3.10/asyncio/tasks.py", line 432, in wait_for
    await waiter
asyncio.exceptions.CancelledError

During handling of the above exception, another exception occurred:

Traceback (most recent call last):
  File "/opt/conda/envs/gdf/lib/python3.10/asyncio/tasks.py", line 456, in wait_for
    return fut.result()
asyncio.exceptions.CancelledError

The above exception was the direct cause of the following exception:

Traceback (most recent call last):
  File "/opt/conda/envs/gdf/lib/python3.10/site-packages/distributed/comm/core.py", line 342, in connect
    comm = await wait_for(
  File "/opt/conda/envs/gdf/lib/python3.10/site-packages/distributed/utils.py", line 1926, in wait_for
    return await asyncio.wait_for(fut, timeout)
  File "/opt/conda/envs/gdf/lib/python3.10/asyncio/tasks.py", line 458, in wait_for
    raise exceptions.TimeoutError() from exc
asyncio.exceptions.TimeoutError

The above exception was the direct cause of the following exception:

Traceback (most recent call last):
  File "/opt/conda/envs/gdf/lib/python3.10/site-packages/distributed/worker.py", line 2056, in gather_dep
    response = await get_data_from_worker(
  File "/opt/conda/envs/gdf/lib/python3.10/site-packages/distributed/worker.py", line 2871, in get_data_from_worker
    comm = await rpc.connect(worker)
  File "/opt/conda/envs/gdf/lib/python3.10/site-packages/distributed/core.py", line 1535, in connect
    return connect_attempt.result()
  File "/opt/conda/envs/gdf/lib/python3.10/site-packages/distributed/core.py", line 1425, in _connect
    comm = await connect(
  File "/opt/conda/envs/gdf/lib/python3.10/site-packages/distributed/comm/core.py", line 368, in connect
    raise OSError(
OSError: Timed out trying to connect to ucx://127.0.0.1:50117 after 30 s
/opt/conda/envs/gdf/lib/python3.10/multiprocessing/resource_tracker.py:224: UserWarning: resource_tracker: There appear to be 48 leaked semaphore objects to clean up at shutdown
  warnings.warn('resource_tracker: There appear to be %d '
