/opt/conda/envs/gdf/lib/python3.10/site-packages/distributed/node.py:187: UserWarning: Port 8787 is already in use.
Perhaps you already have a cluster running?
Hosting the HTTP server on port 33681 instead
  warnings.warn(
[dgx13:90607:0:90607] Caught signal 11 (Segmentation fault: address not mapped to object at address 0x450)
==== backtrace (tid:  90607) ====
 0  /opt/conda/envs/gdf/lib/libucs.so.0(ucs_handle_error+0x2fd) [0x7f2770223eed]
 1  /opt/conda/envs/gdf/lib/libucs.so.0(+0x2c0e4) [0x7f27702240e4]
 2  /opt/conda/envs/gdf/lib/libucs.so.0(+0x2c2aa) [0x7f27702242aa]
 3  /usr/lib/x86_64-linux-gnu/libpthread.so.0(+0x14420) [0x7f27accad420]
 4  /opt/conda/envs/gdf/lib/libucp.so.0(ucp_mem_type_unpack+0x17) [0x7f27702a57c7]
 5  /opt/conda/envs/gdf/lib/libucp.so.0(ucp_rndv_data_handler+0x65d) [0x7f27702ce27d]
 6  /opt/conda/envs/gdf/lib/libuct.so.0(+0x2096f) [0x7f27701dc96f]
 7  /opt/conda/envs/gdf/lib/libuct.so.0(+0x23b48) [0x7f27701dfb48]
 8  /opt/conda/envs/gdf/lib/libucs.so.0(ucs_event_set_wait+0xb9) [0x7f277022d639]
 9  /opt/conda/envs/gdf/lib/libuct.so.0(uct_tcp_iface_progress+0x7d) [0x7f27701dec5d]
10  /opt/conda/envs/gdf/lib/libucp.so.0(ucp_worker_progress+0x5a) [0x7f27702a26ca]
11  /opt/conda/envs/gdf/lib/python3.10/site-packages/ucp/_libs/ucx_api.cpython-310-x86_64-linux-gnu.so(+0x31d7a) [0x7f2770360d7a]
12  /opt/conda/envs/gdf/bin/python(_PyEval_EvalFrameDefault+0x2d83) [0x55bf781812b3]
13  /opt/conda/envs/gdf/bin/python(_PyFunction_Vectorcall+0x6c) [0x55bf7818ea2c]
14  /opt/conda/envs/gdf/bin/python(_PyEval_EvalFrameDefault+0x72c) [0x55bf7817ec5c]
15  /opt/conda/envs/gdf/bin/python(+0x150804) [0x55bf7819a804]
16  /opt/conda/envs/gdf/bin/python(+0x25f60c) [0x55bf782a960c]
17  /opt/conda/envs/gdf/bin/python(+0xfdd90) [0x55bf78147d90]
18  /opt/conda/envs/gdf/bin/python(+0x13c2a3) [0x55bf781862a3]
19  /opt/conda/envs/gdf/bin/python(_PyEval_EvalFrameDefault+0x5cd5) [0x55bf78184205]
20  /opt/conda/envs/gdf/bin/python(_PyFunction_Vectorcall+0x6c) [0x55bf7818ea2c]
21  /opt/conda/envs/gdf/bin/python(_PyEval_EvalFrameDefault+0x72c) [0x55bf7817ec5c]
22  /opt/conda/envs/gdf/bin/python(_PyFunction_Vectorcall+0x6c) [0x55bf7818ea2c]
23  /opt/conda/envs/gdf/bin/python(_PyEval_EvalFrameDefault+0x72c) [0x55bf7817ec5c]
24  /opt/conda/envs/gdf/bin/python(_PyFunction_Vectorcall+0x6c) [0x55bf7818ea2c]
25  /opt/conda/envs/gdf/bin/python(_PyEval_EvalFrameDefault+0x72c) [0x55bf7817ec5c]
26  /opt/conda/envs/gdf/bin/python(_PyFunction_Vectorcall+0x6c) [0x55bf7818ea2c]
27  /opt/conda/envs/gdf/bin/python(_PyEval_EvalFrameDefault+0x72c) [0x55bf7817ec5c]
28  /opt/conda/envs/gdf/bin/python(_PyFunction_Vectorcall+0x6c) [0x55bf7818ea2c]
29  /opt/conda/envs/gdf/bin/python(_PyEval_EvalFrameDefault+0x13ca) [0x55bf7817f8fa]
30  /opt/conda/envs/gdf/bin/python(+0x150582) [0x55bf7819a582]
31  /opt/conda/envs/gdf/bin/python(PyObject_Call+0xbc) [0x55bf7819af1c]
32  /opt/conda/envs/gdf/bin/python(+0x20a9ae) [0x55bf782549ae]
33  /opt/conda/envs/gdf/bin/python(_PyObject_MakeTpCall+0x26b) [0x55bf78187a6b]
34  /opt/conda/envs/gdf/bin/python(_PyEval_EvalFrameDefault+0x2d83) [0x55bf781812b3]
35  /opt/conda/envs/gdf/bin/python(+0x1506d8) [0x55bf7819a6d8]
36  /opt/conda/envs/gdf/bin/python(_PyEval_EvalFrameDefault+0x2d83) [0x55bf781812b3]
37  /opt/conda/envs/gdf/bin/python(_PyFunction_Vectorcall+0x6c) [0x55bf7818ea2c]
38  /opt/conda/envs/gdf/bin/python(_PyEval_EvalFrameDefault+0x72c) [0x55bf7817ec5c]
39  /opt/conda/envs/gdf/bin/python(_PyFunction_Vectorcall+0x6c) [0x55bf7818ea2c]
40  /opt/conda/envs/gdf/bin/python(_PyEval_EvalFrameDefault+0x72c) [0x55bf7817ec5c]
41  /opt/conda/envs/gdf/bin/python(_PyFunction_Vectorcall+0x6c) [0x55bf7818ea2c]
42  /opt/conda/envs/gdf/bin/python(_PyEval_EvalFrameDefault+0x320) [0x55bf7817e850]
43  /opt/conda/envs/gdf/bin/python(_PyFunction_Vectorcall+0x6c) [0x55bf7818ea2c]
44  /opt/conda/envs/gdf/bin/python(_PyEval_EvalFrameDefault+0x13ca) [0x55bf7817f8fa]
45  /opt/conda/envs/gdf/bin/python(+0x1d7c60) [0x55bf78221c60]
46  /opt/conda/envs/gdf/bin/python(PyEval_EvalCode+0x87) [0x55bf78221ba7]
47  /opt/conda/envs/gdf/bin/python(+0x20812a) [0x55bf7825212a]
48  /opt/conda/envs/gdf/bin/python(+0x203523) [0x55bf7824d523]
49  /opt/conda/envs/gdf/bin/python(PyRun_StringFlags+0x7d) [0x55bf7824591d]
50  /opt/conda/envs/gdf/bin/python(PyRun_SimpleStringFlags+0x3c) [0x55bf7824575c]
51  /opt/conda/envs/gdf/bin/python(Py_RunMain+0x26b) [0x55bf7824466b]
52  /opt/conda/envs/gdf/bin/python(Py_BytesMain+0x37) [0x55bf782151f7]
53  /usr/lib/x86_64-linux-gnu/libc.so.6(__libc_start_main+0xf3) [0x7f27ac971083]
54  /opt/conda/envs/gdf/bin/python(+0x1cb0f1) [0x55bf782150f1]
=================================
[dgx13:90603:0:90603] Caught signal 11 (Segmentation fault: address not mapped to object at address 0x450)
==== backtrace (tid:  90603) ====
 0  /opt/conda/envs/gdf/lib/libucs.so.0(ucs_handle_error+0x2fd) [0x7febf2d93eed]
 1  /opt/conda/envs/gdf/lib/libucs.so.0(+0x2c0e4) [0x7febf2d940e4]
 2  /opt/conda/envs/gdf/lib/libucs.so.0(+0x2c2aa) [0x7febf2d942aa]
 3  /usr/lib/x86_64-linux-gnu/libpthread.so.0(+0x14420) [0x7fec2f80f420]
 4  /opt/conda/envs/gdf/lib/libucp.so.0(ucp_mem_type_unpack+0x17) [0x7febf2e157c7]
 5  /opt/conda/envs/gdf/lib/libucp.so.0(ucp_rndv_data_handler+0x65d) [0x7febf2e3e27d]
 6  /opt/conda/envs/gdf/lib/libuct.so.0(+0x2096f) [0x7febf2d4c96f]
 7  /opt/conda/envs/gdf/lib/libuct.so.0(+0x23b48) [0x7febf2d4fb48]
 8  /opt/conda/envs/gdf/lib/libucs.so.0(ucs_event_set_wait+0xb9) [0x7febf2d9d639]
 9  /opt/conda/envs/gdf/lib/libuct.so.0(uct_tcp_iface_progress+0x7d) [0x7febf2d4ec5d]
10  /opt/conda/envs/gdf/lib/libucp.so.0(ucp_worker_progress+0x5a) [0x7febf2e126ca]
11  /opt/conda/envs/gdf/lib/python3.10/site-packages/ucp/_libs/ucx_api.cpython-310-x86_64-linux-gnu.so(+0x31d7a) [0x7febf2ed0d7a]
12  /opt/conda/envs/gdf/bin/python(_PyEval_EvalFrameDefault+0x2d83) [0x5584b05fb2b3]
13  /opt/conda/envs/gdf/bin/python(_PyFunction_Vectorcall+0x6c) [0x5584b0608a2c]
14  /opt/conda/envs/gdf/bin/python(_PyEval_EvalFrameDefault+0x72c) [0x5584b05f8c5c]
15  /opt/conda/envs/gdf/bin/python(+0x1e1384) [0x5584b06a5384]
16  /opt/conda/envs/gdf/lib/python3.10/lib-dynload/_asyncio.cpython-310-x86_64-linux-gnu.so(+0x7bf6) [0x7fec1d397bf6]
17  /opt/conda/envs/gdf/bin/python(_PyObject_MakeTpCall+0x26b) [0x5584b0601a6b]
18  /opt/conda/envs/gdf/bin/python(+0xfdd90) [0x5584b05c1d90]
19  /opt/conda/envs/gdf/bin/python(+0x13c2a3) [0x5584b06002a3]
20  /opt/conda/envs/gdf/bin/python(_PyEval_EvalFrameDefault+0x5cd5) [0x5584b05fe205]
21  /opt/conda/envs/gdf/bin/python(_PyFunction_Vectorcall+0x6c) [0x5584b0608a2c]
22  /opt/conda/envs/gdf/bin/python(_PyEval_EvalFrameDefault+0x72c) [0x5584b05f8c5c]
23  /opt/conda/envs/gdf/bin/python(_PyFunction_Vectorcall+0x6c) [0x5584b0608a2c]
24  /opt/conda/envs/gdf/bin/python(_PyEval_EvalFrameDefault+0x72c) [0x5584b05f8c5c]
25  /opt/conda/envs/gdf/bin/python(_PyFunction_Vectorcall+0x6c) [0x5584b0608a2c]
26  /opt/conda/envs/gdf/bin/python(_PyEval_EvalFrameDefault+0x72c) [0x5584b05f8c5c]
27  /opt/conda/envs/gdf/bin/python(_PyFunction_Vectorcall+0x6c) [0x5584b0608a2c]
28  /opt/conda/envs/gdf/bin/python(_PyEval_EvalFrameDefault+0x72c) [0x5584b05f8c5c]
29  /opt/conda/envs/gdf/bin/python(_PyFunction_Vectorcall+0x6c) [0x5584b0608a2c]
30  /opt/conda/envs/gdf/bin/python(_PyEval_EvalFrameDefault+0x13ca) [0x5584b05f98fa]
31  /opt/conda/envs/gdf/bin/python(+0x150582) [0x5584b0614582]
32  /opt/conda/envs/gdf/bin/python(PyObject_Call+0xbc) [0x5584b0614f1c]
33  /opt/conda/envs/gdf/bin/python(+0x20a9ae) [0x5584b06ce9ae]
34  /opt/conda/envs/gdf/bin/python(_PyObject_MakeTpCall+0x26b) [0x5584b0601a6b]
35  /opt/conda/envs/gdf/bin/python(_PyEval_EvalFrameDefault+0x2d83) [0x5584b05fb2b3]
36  /opt/conda/envs/gdf/bin/python(+0x1506d8) [0x5584b06146d8]
37  /opt/conda/envs/gdf/bin/python(_PyEval_EvalFrameDefault+0x2d83) [0x5584b05fb2b3]
38  /opt/conda/envs/gdf/bin/python(_PyFunction_Vectorcall+0x6c) [0x5584b0608a2c]
39  /opt/conda/envs/gdf/bin/python(_PyEval_EvalFrameDefault+0x72c) [0x5584b05f8c5c]
40  /opt/conda/envs/gdf/bin/python(_PyFunction_Vectorcall+0x6c) [0x5584b0608a2c]
41  /opt/conda/envs/gdf/bin/python(_PyEval_EvalFrameDefault+0x72c) [0x5584b05f8c5c]
42  /opt/conda/envs/gdf/bin/python(_PyFunction_Vectorcall+0x6c) [0x5584b0608a2c]
43  /opt/conda/envs/gdf/bin/python(_PyEval_EvalFrameDefault+0x320) [0x5584b05f8850]
44  /opt/conda/envs/gdf/bin/python(_PyFunction_Vectorcall+0x6c) [0x5584b0608a2c]
45  /opt/conda/envs/gdf/bin/python(_PyEval_EvalFrameDefault+0x13ca) [0x5584b05f98fa]
46  /opt/conda/envs/gdf/bin/python(+0x1d7c60) [0x5584b069bc60]
47  /opt/conda/envs/gdf/bin/python(PyEval_EvalCode+0x87) [0x5584b069bba7]
48  /opt/conda/envs/gdf/bin/python(+0x20812a) [0x5584b06cc12a]
49  /opt/conda/envs/gdf/bin/python(+0x203523) [0x5584b06c7523]
50  /opt/conda/envs/gdf/bin/python(PyRun_StringFlags+0x7d) [0x5584b06bf91d]
51  /opt/conda/envs/gdf/bin/python(PyRun_SimpleStringFlags+0x3c) [0x5584b06bf75c]
52  /opt/conda/envs/gdf/bin/python(Py_RunMain+0x26b) [0x5584b06be66b]
53  /opt/conda/envs/gdf/bin/python(Py_BytesMain+0x37) [0x5584b068f1f7]
54  /usr/lib/x86_64-linux-gnu/libc.so.6(__libc_start_main+0xf3) [0x7fec2f4d3083]
55  /opt/conda/envs/gdf/bin/python(+0x1cb0f1) [0x5584b068f0f1]
=================================
[dgx13:90623:0:90623] Caught signal 11 (Segmentation fault: address not mapped to object at address 0x450)
==== backtrace (tid:  90623) ====
 0  /opt/conda/envs/gdf/lib/libucs.so.0(ucs_handle_error+0x2fd) [0x7f6744f1deed]
 1  /opt/conda/envs/gdf/lib/libucs.so.0(+0x2c0e4) [0x7f6744f1e0e4]
 2  /opt/conda/envs/gdf/lib/libucs.so.0(+0x2c2aa) [0x7f6744f1e2aa]
 3  /usr/lib/x86_64-linux-gnu/libpthread.so.0(+0x14420) [0x7f67859b9420]
 4  /opt/conda/envs/gdf/lib/libucp.so.0(ucp_mem_type_unpack+0x17) [0x7f6744f9f7c7]
 5  /opt/conda/envs/gdf/lib/libucp.so.0(ucp_rndv_data_handler+0x65d) [0x7f6744fc827d]
 6  /opt/conda/envs/gdf/lib/libuct.so.0(+0x2096f) [0x7f6744ed696f]
 7  /opt/conda/envs/gdf/lib/libuct.so.0(+0x23b48) [0x7f6744ed9b48]
 8  /opt/conda/envs/gdf/lib/libucs.so.0(ucs_event_set_wait+0xb9) [0x7f6744f27639]
 9  /opt/conda/envs/gdf/lib/libuct.so.0(uct_tcp_iface_progress+0x7d) [0x7f6744ed8c5d]
10  /opt/conda/envs/gdf/lib/libucp.so.0(ucp_worker_progress+0x5a) [0x7f6744f9c6ca]
11  /opt/conda/envs/gdf/lib/python3.10/site-packages/ucp/_libs/ucx_api.cpython-310-x86_64-linux-gnu.so(+0x31d7a) [0x7f674505ad7a]
12  /opt/conda/envs/gdf/bin/python(_PyEval_EvalFrameDefault+0x2d83) [0x562bc2eb42b3]
13  /opt/conda/envs/gdf/bin/python(_PyFunction_Vectorcall+0x6c) [0x562bc2ec1a2c]
14  /opt/conda/envs/gdf/bin/python(_PyEval_EvalFrameDefault+0x72c) [0x562bc2eb1c5c]
15  /opt/conda/envs/gdf/bin/python(+0x150804) [0x562bc2ecd804]
16  /opt/conda/envs/gdf/bin/python(+0x25f60c) [0x562bc2fdc60c]
17  /opt/conda/envs/gdf/bin/python(+0xfdd90) [0x562bc2e7ad90]
18  /opt/conda/envs/gdf/bin/python(+0x13c2a3) [0x562bc2eb92a3]
19  /opt/conda/envs/gdf/bin/python(_PyEval_EvalFrameDefault+0x5cd5) [0x562bc2eb7205]
20  /opt/conda/envs/gdf/bin/python(_PyFunction_Vectorcall+0x6c) [0x562bc2ec1a2c]
21  /opt/conda/envs/gdf/bin/python(_PyEval_EvalFrameDefault+0x72c) [0x562bc2eb1c5c]
22  /opt/conda/envs/gdf/bin/python(_PyFunction_Vectorcall+0x6c) [0x562bc2ec1a2c]
23  /opt/conda/envs/gdf/bin/python(_PyEval_EvalFrameDefault+0x72c) [0x562bc2eb1c5c]
24  /opt/conda/envs/gdf/bin/python(_PyFunction_Vectorcall+0x6c) [0x562bc2ec1a2c]
25  /opt/conda/envs/gdf/bin/python(_PyEval_EvalFrameDefault+0x72c) [0x562bc2eb1c5c]
26  /opt/conda/envs/gdf/bin/python(_PyFunction_Vectorcall+0x6c) [0x562bc2ec1a2c]
27  /opt/conda/envs/gdf/bin/python(_PyEval_EvalFrameDefault+0x72c) [0x562bc2eb1c5c]
28  /opt/conda/envs/gdf/bin/python(_PyFunction_Vectorcall+0x6c) [0x562bc2ec1a2c]
29  /opt/conda/envs/gdf/bin/python(_PyEval_EvalFrameDefault+0x13ca) [0x562bc2eb28fa]
30  /opt/conda/envs/gdf/bin/python(+0x150582) [0x562bc2ecd582]
31  /opt/conda/envs/gdf/bin/python(PyObject_Call+0xbc) [0x562bc2ecdf1c]
32  /opt/conda/envs/gdf/bin/python(+0x20a9ae) [0x562bc2f879ae]
33  /opt/conda/envs/gdf/bin/python(_PyObject_MakeTpCall+0x26b) [0x562bc2ebaa6b]
34  /opt/conda/envs/gdf/bin/python(_PyEval_EvalFrameDefault+0x2d83) [0x562bc2eb42b3]
35  /opt/conda/envs/gdf/bin/python(+0x1506d8) [0x562bc2ecd6d8]
36  /opt/conda/envs/gdf/bin/python(_PyEval_EvalFrameDefault+0x2d83) [0x562bc2eb42b3]
37  /opt/conda/envs/gdf/bin/python(_PyFunction_Vectorcall+0x6c) [0x562bc2ec1a2c]
38  /opt/conda/envs/gdf/bin/python(_PyEval_EvalFrameDefault+0x72c) [0x562bc2eb1c5c]
39  /opt/conda/envs/gdf/bin/python(_PyFunction_Vectorcall+0x6c) [0x562bc2ec1a2c]
40  /opt/conda/envs/gdf/bin/python(_PyEval_EvalFrameDefault+0x72c) [0x562bc2eb1c5c]
41  /opt/conda/envs/gdf/bin/python(_PyFunction_Vectorcall+0x6c) [0x562bc2ec1a2c]
42  /opt/conda/envs/gdf/bin/python(_PyEval_EvalFrameDefault+0x320) [0x562bc2eb1850]
43  /opt/conda/envs/gdf/bin/python(_PyFunction_Vectorcall+0x6c) [0x562bc2ec1a2c]
44  /opt/conda/envs/gdf/bin/python(_PyEval_EvalFrameDefault+0x13ca) [0x562bc2eb28fa]
45  /opt/conda/envs/gdf/bin/python(+0x1d7c60) [0x562bc2f54c60]
46  /opt/conda/envs/gdf/bin/python(PyEval_EvalCode+0x87) [0x562bc2f54ba7]
47  /opt/conda/envs/gdf/bin/python(+0x20812a) [0x562bc2f8512a]
48  /opt/conda/envs/gdf/bin/python(+0x203523) [0x562bc2f80523]
49  /opt/conda/envs/gdf/bin/python(PyRun_StringFlags+0x7d) [0x562bc2f7891d]
50  /opt/conda/envs/gdf/bin/python(PyRun_SimpleStringFlags+0x3c) [0x562bc2f7875c]
51  /opt/conda/envs/gdf/bin/python(Py_RunMain+0x26b) [0x562bc2f7766b]
52  /opt/conda/envs/gdf/bin/python(Py_BytesMain+0x37) [0x562bc2f481f7]
53  /usr/lib/x86_64-linux-gnu/libc.so.6(__libc_start_main+0xf3) [0x7f678567d083]
54  /opt/conda/envs/gdf/bin/python(+0x1cb0f1) [0x562bc2f480f1]
=================================
[dgx13:90615:0:90615] Caught signal 11 (Segmentation fault: address not mapped to object at address 0x450)
==== backtrace (tid:  90615) ====
 0  /opt/conda/envs/gdf/lib/libucs.so.0(ucs_handle_error+0x2fd) [0x7f13dc4a0eed]
 1  /opt/conda/envs/gdf/lib/libucs.so.0(+0x2c0e4) [0x7f13dc4a10e4]
 2  /opt/conda/envs/gdf/lib/libucs.so.0(+0x2c2aa) [0x7f13dc4a12aa]
 3  /usr/lib/x86_64-linux-gnu/libpthread.so.0(+0x14420) [0x7f140af26420]
 4  /opt/conda/envs/gdf/lib/libucp.so.0(ucp_mem_type_unpack+0x17) [0x7f13dc5227c7]
 5  /opt/conda/envs/gdf/lib/libucp.so.0(ucp_rndv_data_handler+0x65d) [0x7f13dc54b27d]
 6  /opt/conda/envs/gdf/lib/libuct.so.0(+0x2096f) [0x7f13dc45996f]
 7  /opt/conda/envs/gdf/lib/libuct.so.0(+0x23b48) [0x7f13dc45cb48]
 8  /opt/conda/envs/gdf/lib/libucs.so.0(ucs_event_set_wait+0xb9) [0x7f13dc4aa639]
 9  /opt/conda/envs/gdf/lib/libuct.so.0(uct_tcp_iface_progress+0x7d) [0x7f13dc45bc5d]
10  /opt/conda/envs/gdf/lib/libucp.so.0(ucp_worker_progress+0x5a) [0x7f13dc51f6ca]
11  /opt/conda/envs/gdf/lib/python3.10/site-packages/ucp/_libs/ucx_api.cpython-310-x86_64-linux-gnu.so(+0x31d7a) [0x7f13dc5ddd7a]
12  /opt/conda/envs/gdf/bin/python(_PyEval_EvalFrameDefault+0x2d83) [0x558cb96702b3]
13  /opt/conda/envs/gdf/bin/python(_PyFunction_Vectorcall+0x6c) [0x558cb967da2c]
14  /opt/conda/envs/gdf/bin/python(_PyEval_EvalFrameDefault+0x72c) [0x558cb966dc5c]
15  /opt/conda/envs/gdf/bin/python(+0x1e1384) [0x558cb971a384]
16  /opt/conda/envs/gdf/lib/python3.10/lib-dynload/_asyncio.cpython-310-x86_64-linux-gnu.so(+0x7bf6) [0x7f13fcaafbf6]
17  /opt/conda/envs/gdf/bin/python(_PyObject_MakeTpCall+0x26b) [0x558cb9676a6b]
18  /opt/conda/envs/gdf/bin/python(+0xfdd90) [0x558cb9636d90]
19  /opt/conda/envs/gdf/bin/python(+0x13c2a3) [0x558cb96752a3]
20  /opt/conda/envs/gdf/bin/python(_PyEval_EvalFrameDefault+0x5cd5) [0x558cb9673205]
21  /opt/conda/envs/gdf/bin/python(_PyFunction_Vectorcall+0x6c) [0x558cb967da2c]
22  /opt/conda/envs/gdf/bin/python(_PyEval_EvalFrameDefault+0x72c) [0x558cb966dc5c]
23  /opt/conda/envs/gdf/bin/python(_PyFunction_Vectorcall+0x6c) [0x558cb967da2c]
24  /opt/conda/envs/gdf/bin/python(_PyEval_EvalFrameDefault+0x72c) [0x558cb966dc5c]
25  /opt/conda/envs/gdf/bin/python(_PyFunction_Vectorcall+0x6c) [0x558cb967da2c]
26  /opt/conda/envs/gdf/bin/python(_PyEval_EvalFrameDefault+0x72c) [0x558cb966dc5c]
27  /opt/conda/envs/gdf/bin/python(_PyFunction_Vectorcall+0x6c) [0x558cb967da2c]
28  /opt/conda/envs/gdf/bin/python(_PyEval_EvalFrameDefault+0x72c) [0x558cb966dc5c]
29  /opt/conda/envs/gdf/bin/python(_PyFunction_Vectorcall+0x6c) [0x558cb967da2c]
30  /opt/conda/envs/gdf/bin/python(_PyEval_EvalFrameDefault+0x13ca) [0x558cb966e8fa]
31  /opt/conda/envs/gdf/bin/python(+0x150582) [0x558cb9689582]
32  /opt/conda/envs/gdf/bin/python(PyObject_Call+0xbc) [0x558cb9689f1c]
33  /opt/conda/envs/gdf/bin/python(+0x20a9ae) [0x558cb97439ae]
34  /opt/conda/envs/gdf/bin/python(_PyObject_MakeTpCall+0x26b) [0x558cb9676a6b]
35  /opt/conda/envs/gdf/bin/python(_PyEval_EvalFrameDefault+0x2d83) [0x558cb96702b3]
36  /opt/conda/envs/gdf/bin/python(+0x1506d8) [0x558cb96896d8]
37  /opt/conda/envs/gdf/bin/python(_PyEval_EvalFrameDefault+0x2d83) [0x558cb96702b3]
38  /opt/conda/envs/gdf/bin/python(_PyFunction_Vectorcall+0x6c) [0x558cb967da2c]
39  /opt/conda/envs/gdf/bin/python(_PyEval_EvalFrameDefault+0x72c) [0x558cb966dc5c]
40  /opt/conda/envs/gdf/bin/python(_PyFunction_Vectorcall+0x6c) [0x558cb967da2c]
41  /opt/conda/envs/gdf/bin/python(_PyEval_EvalFrameDefault+0x72c) [0x558cb966dc5c]
42  /opt/conda/envs/gdf/bin/python(_PyFunction_Vectorcall+0x6c) [0x558cb967da2c]
43  /opt/conda/envs/gdf/bin/python(_PyEval_EvalFrameDefault+0x320) [0x558cb966d850]
44  /opt/conda/envs/gdf/bin/python(_PyFunction_Vectorcall+0x6c) [0x558cb967da2c]
45  /opt/conda/envs/gdf/bin/python(_PyEval_EvalFrameDefault+0x13ca) [0x558cb966e8fa]
46  /opt/conda/envs/gdf/bin/python(+0x1d7c60) [0x558cb9710c60]
47  /opt/conda/envs/gdf/bin/python(PyEval_EvalCode+0x87) [0x558cb9710ba7]
48  /opt/conda/envs/gdf/bin/python(+0x20812a) [0x558cb974112a]
49  /opt/conda/envs/gdf/bin/python(+0x203523) [0x558cb973c523]
50  /opt/conda/envs/gdf/bin/python(PyRun_StringFlags+0x7d) [0x558cb973491d]
51  /opt/conda/envs/gdf/bin/python(PyRun_SimpleStringFlags+0x3c) [0x558cb973475c]
52  /opt/conda/envs/gdf/bin/python(Py_RunMain+0x26b) [0x558cb973366b]
53  /opt/conda/envs/gdf/bin/python(Py_BytesMain+0x37) [0x558cb97041f7]
54  /usr/lib/x86_64-linux-gnu/libc.so.6(__libc_start_main+0xf3) [0x7f140abea083]
55  /opt/conda/envs/gdf/bin/python(+0x1cb0f1) [0x558cb97040f1]
=================================
2024-09-18 06:07:30,777 - distributed.worker - ERROR - Worker stream died during communication: ucx://127.0.0.1:44669
Traceback (most recent call last):
  File "/opt/conda/envs/gdf/lib/python3.10/site-packages/distributed/comm/ucx.py", line 351, in read
    await self.ep.recv(msg)
  File "/opt/conda/envs/gdf/lib/python3.10/site-packages/ucp/core.py", line 737, in recv
    ret = await comm.tag_recv(self._ep, buffer, nbytes, tag, name=log)
ucp._libs.exceptions.UCXCanceled: <[Recv #003] ep: 0x7f2b607ff340, tag: 0x4d3cba02f495f00f, nbytes: 16, type: <class 'numpy.ndarray'>>: 

During handling of the above exception, another exception occurred:

Traceback (most recent call last):
  File "/opt/conda/envs/gdf/lib/python3.10/site-packages/distributed/worker.py", line 2056, in gather_dep
    response = await get_data_from_worker(
  File "/opt/conda/envs/gdf/lib/python3.10/site-packages/distributed/worker.py", line 2874, in get_data_from_worker
    response = await send_recv(
  File "/opt/conda/envs/gdf/lib/python3.10/site-packages/distributed/core.py", line 1015, in send_recv
    response = await comm.read(deserializers=deserializers)
  File "/opt/conda/envs/gdf/lib/python3.10/site-packages/distributed/utils.py", line 806, in wrapper
    return await func(*args, **kwargs)
  File "/opt/conda/envs/gdf/lib/python3.10/site-packages/distributed/comm/ucx.py", line 369, in read
    raise CommClosedError(
distributed.comm.core.CommClosedError: Connection closed by writer.
Inner exception: UCXCanceled("<[Recv #003] ep: 0x7f2b607ff340, tag: 0x4d3cba02f495f00f, nbytes: 16, type: <class 'numpy.ndarray'>>: ")
2024-09-18 06:07:30,777 - distributed.worker - ERROR - Worker stream died during communication: ucx://127.0.0.1:44669
Traceback (most recent call last):
  File "/opt/conda/envs/gdf/lib/python3.10/site-packages/distributed/comm/ucx.py", line 351, in read
    await self.ep.recv(msg)
  File "/opt/conda/envs/gdf/lib/python3.10/site-packages/ucp/core.py", line 737, in recv
    ret = await comm.tag_recv(self._ep, buffer, nbytes, tag, name=log)
ucp._libs.exceptions.UCXCanceled: <[Recv #003] ep: 0x7f7fa2bb51c0, tag: 0x24629ab263ba1066, nbytes: 16, type: <class 'numpy.ndarray'>>: 

During handling of the above exception, another exception occurred:

Traceback (most recent call last):
  File "/opt/conda/envs/gdf/lib/python3.10/site-packages/distributed/worker.py", line 2056, in gather_dep
    response = await get_data_from_worker(
  File "/opt/conda/envs/gdf/lib/python3.10/site-packages/distributed/worker.py", line 2874, in get_data_from_worker
    response = await send_recv(
  File "/opt/conda/envs/gdf/lib/python3.10/site-packages/distributed/core.py", line 1015, in send_recv
    response = await comm.read(deserializers=deserializers)
  File "/opt/conda/envs/gdf/lib/python3.10/site-packages/distributed/utils.py", line 806, in wrapper
    return await func(*args, **kwargs)
  File "/opt/conda/envs/gdf/lib/python3.10/site-packages/distributed/comm/ucx.py", line 369, in read
    raise CommClosedError(
distributed.comm.core.CommClosedError: Connection closed by writer.
Inner exception: UCXCanceled("<[Recv #003] ep: 0x7f7fa2bb51c0, tag: 0x24629ab263ba1066, nbytes: 16, type: <class 'numpy.ndarray'>>: ")
2024-09-18 06:07:30,778 - distributed.scheduler - WARNING - Removing worker 'ucx://127.0.0.1:44669' caused the cluster to lose already computed task(s), which will be recomputed elsewhere: {('split-taskshuffle-b193d85dcbb1359f44fff00bd51d0d18', 3, 3), ('generate_chunk-_to_string_dtype-4a286622e28b0e0aa1748bcd21fd1539', 6), ('split-taskshuffle-b193d85dcbb1359f44fff00bd51d0d18', 4, 3), ('split-taskshuffle-b193d85dcbb1359f44fff00bd51d0d18', 0, 3), ('split-taskshuffle-b193d85dcbb1359f44fff00bd51d0d18', 7, 3), ('split-taskshuffle-b193d85dcbb1359f44fff00bd51d0d18', 2, 3), ('split-taskshuffle-b193d85dcbb1359f44fff00bd51d0d18', 5, 3), ('split-taskshuffle-b193d85dcbb1359f44fff00bd51d0d18', 6, 3), ('split-taskshuffle-b193d85dcbb1359f44fff00bd51d0d18', 1, 3)} (stimulus_id='handle-worker-cleanup-1726639650.7786736')
2024-09-18 06:07:30,784 - distributed.worker - ERROR - failed during get data with ucx://127.0.0.1:44729 -> ucx://127.0.0.1:58059
Traceback (most recent call last):
  File "/opt/conda/envs/gdf/lib/python3.10/site-packages/distributed/comm/ucx.py", line 335, in write
    await self.ep.send(each_frame)
  File "/opt/conda/envs/gdf/lib/python3.10/site-packages/ucp/core.py", line 662, in send
    return await comm.tag_send(self._ep, buffer, nbytes, tag, name=log)
ucp._libs.exceptions.UCXError: <[Send #007] ep: 0x7f2b607ff1c0, tag: 0x7abb94e37950d0f5, nbytes: 100000000, type: <class 'cudf.core.buffer.buffer.Buffer'>>: Connection reset by remote peer

During handling of the above exception, another exception occurred:

Traceback (most recent call last):
  File "/opt/conda/envs/gdf/lib/python3.10/site-packages/distributed/worker.py", line 1777, in get_data
    compressed = await comm.write(msg, serializers=serializers)
  File "/opt/conda/envs/gdf/lib/python3.10/site-packages/distributed/utils.py", line 806, in wrapper
    return await func(*args, **kwargs)
  File "/opt/conda/envs/gdf/lib/python3.10/site-packages/distributed/comm/ucx.py", line 339, in write
    raise CommClosedError("While writing, the connection was closed")
distributed.comm.core.CommClosedError: While writing, the connection was closed
2024-09-18 06:07:30,784 - distributed.worker - ERROR - Worker stream died during communication: ucx://127.0.0.1:58059
Traceback (most recent call last):
  File "/opt/conda/envs/gdf/lib/python3.10/site-packages/distributed/comm/ucx.py", line 393, in read
    await self.ep.recv(each_frame)
  File "/opt/conda/envs/gdf/lib/python3.10/site-packages/ucp/core.py", line 737, in recv
    ret = await comm.tag_recv(self._ep, buffer, nbytes, tag, name=log)
ucp._libs.exceptions.UCXCanceled: <[Recv #008] ep: 0x7f7fa2bb5180, tag: 0xd5342a96c1d6ba9c, nbytes: 100000000, type: <class 'rmm._lib.device_buffer.DeviceBuffer'>>: 

During handling of the above exception, another exception occurred:

Traceback (most recent call last):
  File "/opt/conda/envs/gdf/lib/python3.10/site-packages/distributed/worker.py", line 2056, in gather_dep
    response = await get_data_from_worker(
  File "/opt/conda/envs/gdf/lib/python3.10/site-packages/distributed/worker.py", line 2874, in get_data_from_worker
    response = await send_recv(
  File "/opt/conda/envs/gdf/lib/python3.10/site-packages/distributed/core.py", line 1015, in send_recv
    response = await comm.read(deserializers=deserializers)
  File "/opt/conda/envs/gdf/lib/python3.10/site-packages/distributed/utils.py", line 806, in wrapper
    return await func(*args, **kwargs)
  File "/opt/conda/envs/gdf/lib/python3.10/site-packages/distributed/comm/ucx.py", line 399, in read
    raise CommClosedError(
distributed.comm.core.CommClosedError: Connection closed by writer.
Inner exception: UCXCanceled("<[Recv #008] ep: 0x7f7fa2bb5180, tag: 0xd5342a96c1d6ba9c, nbytes: 100000000, type: <class 'rmm._lib.device_buffer.DeviceBuffer'>>: ")
2024-09-18 06:07:30,789 - distributed.scheduler - WARNING - Removing worker 'ucx://127.0.0.1:58059' caused the cluster to lose already computed task(s), which will be recomputed elsewhere: {('split-taskshuffle-b193d85dcbb1359f44fff00bd51d0d18', 6, 2), ('split-taskshuffle-b193d85dcbb1359f44fff00bd51d0d18', 1, 2), ('split-taskshuffle-b193d85dcbb1359f44fff00bd51d0d18', 3, 2), ('split-taskshuffle-b193d85dcbb1359f44fff00bd51d0d18', 4, 2), ('split-taskshuffle-b193d85dcbb1359f44fff00bd51d0d18', 0, 2), ('split-taskshuffle-b193d85dcbb1359f44fff00bd51d0d18', 7, 2), ('generate_chunk-_to_string_dtype-4a286622e28b0e0aa1748bcd21fd1539', 1), ('split-taskshuffle-b193d85dcbb1359f44fff00bd51d0d18', 2, 2), ('split-taskshuffle-b193d85dcbb1359f44fff00bd51d0d18', 5, 2)} (stimulus_id='handle-worker-cleanup-1726639650.7889965')
2024-09-18 06:07:30,791 - distributed.worker - ERROR - Worker stream died during communication: ucx://127.0.0.1:43967
Traceback (most recent call last):
  File "/opt/conda/envs/gdf/lib/python3.10/site-packages/distributed/comm/ucx.py", line 351, in read
    await self.ep.recv(msg)
  File "/opt/conda/envs/gdf/lib/python3.10/site-packages/ucp/core.py", line 737, in recv
    ret = await comm.tag_recv(self._ep, buffer, nbytes, tag, name=log)
ucp._libs.exceptions.UCXCanceled: <[Recv #003] ep: 0x7f2b607ff300, tag: 0x25c3b5eb78fb4cf, nbytes: 16, type: <class 'numpy.ndarray'>>: 

During handling of the above exception, another exception occurred:

Traceback (most recent call last):
  File "/opt/conda/envs/gdf/lib/python3.10/site-packages/distributed/worker.py", line 2056, in gather_dep
    response = await get_data_from_worker(
  File "/opt/conda/envs/gdf/lib/python3.10/site-packages/distributed/worker.py", line 2874, in get_data_from_worker
    response = await send_recv(
  File "/opt/conda/envs/gdf/lib/python3.10/site-packages/distributed/core.py", line 1015, in send_recv
    response = await comm.read(deserializers=deserializers)
  File "/opt/conda/envs/gdf/lib/python3.10/site-packages/distributed/utils.py", line 806, in wrapper
    return await func(*args, **kwargs)
  File "/opt/conda/envs/gdf/lib/python3.10/site-packages/distributed/comm/ucx.py", line 369, in read
    raise CommClosedError(
distributed.comm.core.CommClosedError: Connection closed by writer.
Inner exception: UCXCanceled("<[Recv #003] ep: 0x7f2b607ff300, tag: 0x25c3b5eb78fb4cf, nbytes: 16, type: <class 'numpy.ndarray'>>: ")
2024-09-18 06:07:30,792 - distributed.scheduler - WARNING - Removing worker 'ucx://127.0.0.1:43967' caused the cluster to lose already computed task(s), which will be recomputed elsewhere: {('split-taskshuffle-b193d85dcbb1359f44fff00bd51d0d18', 7, 7), ('split-taskshuffle-b193d85dcbb1359f44fff00bd51d0d18', 2, 7), ('split-taskshuffle-b193d85dcbb1359f44fff00bd51d0d18', 5, 7), ('split-taskshuffle-b193d85dcbb1359f44fff00bd51d0d18', 6, 7), ('split-taskshuffle-b193d85dcbb1359f44fff00bd51d0d18', 1, 7), ('generate_chunk-_to_string_dtype-4a286622e28b0e0aa1748bcd21fd1539', 7), ('split-taskshuffle-b193d85dcbb1359f44fff00bd51d0d18', 3, 7), ('split-taskshuffle-b193d85dcbb1359f44fff00bd51d0d18', 4, 7), ('split-taskshuffle-b193d85dcbb1359f44fff00bd51d0d18', 0, 7)} (stimulus_id='handle-worker-cleanup-1726639650.7921498')
2024-09-18 06:07:30,800 - distributed.worker - ERROR - Worker stream died during communication: ucx://127.0.0.1:58059
Traceback (most recent call last):
  File "/opt/conda/envs/gdf/lib/python3.10/site-packages/distributed/core.py", line 1425, in _connect
    comm = await connect(
  File "/opt/conda/envs/gdf/lib/python3.10/site-packages/distributed/comm/core.py", line 342, in connect
    comm = await wait_for(
  File "/opt/conda/envs/gdf/lib/python3.10/site-packages/distributed/utils.py", line 1926, in wait_for
    return await asyncio.wait_for(fut, timeout)
  File "/opt/conda/envs/gdf/lib/python3.10/asyncio/tasks.py", line 432, in wait_for
    await waiter
asyncio.exceptions.CancelledError

During handling of the above exception, another exception occurred:

Traceback (most recent call last):
  File "/opt/conda/envs/gdf/lib/python3.10/site-packages/distributed/core.py", line 1535, in connect
    return connect_attempt.result()
asyncio.exceptions.CancelledError

During handling of the above exception, another exception occurred:

Traceback (most recent call last):
  File "/opt/conda/envs/gdf/lib/python3.10/site-packages/distributed/worker.py", line 2056, in gather_dep
    response = await get_data_from_worker(
  File "/opt/conda/envs/gdf/lib/python3.10/site-packages/distributed/worker.py", line 2871, in get_data_from_worker
    comm = await rpc.connect(worker)
  File "/opt/conda/envs/gdf/lib/python3.10/site-packages/distributed/core.py", line 1537, in connect
    raise CommClosedError(reason)
distributed.comm.core.CommClosedError: Address removed.
2024-09-18 06:07:30,806 - distributed.worker - ERROR - Worker stream died during communication: ucx://127.0.0.1:43967
Traceback (most recent call last):
  File "/opt/conda/envs/gdf/lib/python3.10/site-packages/distributed/comm/ucx.py", line 393, in read
    await self.ep.recv(each_frame)
  File "/opt/conda/envs/gdf/lib/python3.10/site-packages/ucp/core.py", line 737, in recv
    ret = await comm.tag_recv(self._ep, buffer, nbytes, tag, name=log)
ucp._libs.exceptions.UCXError: <[Recv #007] ep: 0x7f7fa2bb5100, tag: 0xdbccf235ccbc42e1, nbytes: 100000000, type: <class 'rmm._lib.device_buffer.DeviceBuffer'>>: Connection reset by remote peer

During handling of the above exception, another exception occurred:

Traceback (most recent call last):
  File "/opt/conda/envs/gdf/lib/python3.10/site-packages/distributed/worker.py", line 2056, in gather_dep
    response = await get_data_from_worker(
  File "/opt/conda/envs/gdf/lib/python3.10/site-packages/distributed/worker.py", line 2874, in get_data_from_worker
    response = await send_recv(
  File "/opt/conda/envs/gdf/lib/python3.10/site-packages/distributed/core.py", line 1015, in send_recv
    response = await comm.read(deserializers=deserializers)
  File "/opt/conda/envs/gdf/lib/python3.10/site-packages/distributed/utils.py", line 806, in wrapper
    return await func(*args, **kwargs)
  File "/opt/conda/envs/gdf/lib/python3.10/site-packages/distributed/comm/ucx.py", line 399, in read
    raise CommClosedError(
distributed.comm.core.CommClosedError: Connection closed by writer.
Inner exception: UCXError("<[Recv #007] ep: 0x7f7fa2bb5100, tag: 0xdbccf235ccbc42e1, nbytes: 100000000, type: <class 'rmm._lib.device_buffer.DeviceBuffer'>>: Connection reset by remote peer")
2024-09-18 06:07:30,813 - distributed.worker - ERROR - failed during get data with ucx://127.0.0.1:56483 -> ucx://127.0.0.1:44669
Traceback (most recent call last):
  File "/opt/conda/envs/gdf/lib/python3.10/site-packages/distributed/comm/ucx.py", line 335, in write
    await self.ep.send(each_frame)
  File "/opt/conda/envs/gdf/lib/python3.10/site-packages/ucp/core.py", line 662, in send
    return await comm.tag_send(self._ep, buffer, nbytes, tag, name=log)
ucp._libs.exceptions.UCXError: <[Send #007] ep: 0x7fec03109400, tag: 0x9de355b5c2bfaa87, nbytes: 100000000, type: <class 'cudf.core.buffer.buffer.Buffer'>>: Connection reset by remote peer

During handling of the above exception, another exception occurred:

Traceback (most recent call last):
  File "/opt/conda/envs/gdf/lib/python3.10/site-packages/distributed/worker.py", line 1777, in get_data
    compressed = await comm.write(msg, serializers=serializers)
  File "/opt/conda/envs/gdf/lib/python3.10/site-packages/distributed/utils.py", line 806, in wrapper
    return await func(*args, **kwargs)
  File "/opt/conda/envs/gdf/lib/python3.10/site-packages/distributed/comm/ucx.py", line 339, in write
    raise CommClosedError("While writing, the connection was closed")
distributed.comm.core.CommClosedError: While writing, the connection was closed
2024-09-18 06:07:30,815 - distributed.worker - ERROR - Worker stream died during communication: ucx://127.0.0.1:58059
Traceback (most recent call last):
  File "/opt/conda/envs/gdf/lib/python3.10/site-packages/distributed/comm/ucx.py", line 393, in read
    await self.ep.recv(each_frame)
  File "/opt/conda/envs/gdf/lib/python3.10/site-packages/ucp/core.py", line 737, in recv
    ret = await comm.tag_recv(self._ep, buffer, nbytes, tag, name=log)
ucp._libs.exceptions.UCXError: <[Recv #007] ep: 0x7fec031091c0, tag: 0x572125d852bb0551, nbytes: 100000000, type: <class 'rmm._lib.device_buffer.DeviceBuffer'>>: Connection reset by remote peer

During handling of the above exception, another exception occurred:

Traceback (most recent call last):
  File "/opt/conda/envs/gdf/lib/python3.10/site-packages/distributed/worker.py", line 2056, in gather_dep
    response = await get_data_from_worker(
  File "/opt/conda/envs/gdf/lib/python3.10/site-packages/distributed/worker.py", line 2874, in get_data_from_worker
    response = await send_recv(
  File "/opt/conda/envs/gdf/lib/python3.10/site-packages/distributed/core.py", line 1015, in send_recv
    response = await comm.read(deserializers=deserializers)
  File "/opt/conda/envs/gdf/lib/python3.10/site-packages/distributed/utils.py", line 806, in wrapper
    return await func(*args, **kwargs)
  File "/opt/conda/envs/gdf/lib/python3.10/site-packages/distributed/comm/ucx.py", line 399, in read
    raise CommClosedError(
distributed.comm.core.CommClosedError: Connection closed by writer.
Inner exception: UCXError("<[Recv #007] ep: 0x7fec031091c0, tag: 0x572125d852bb0551, nbytes: 100000000, type: <class 'rmm._lib.device_buffer.DeviceBuffer'>>: Connection reset by remote peer")
2024-09-18 06:07:30,817 - distributed.worker - ERROR - Worker stream died during communication: ucx://127.0.0.1:43967
Traceback (most recent call last):
  File "/opt/conda/envs/gdf/lib/python3.10/site-packages/distributed/comm/ucx.py", line 351, in read
    await self.ep.recv(msg)
  File "/opt/conda/envs/gdf/lib/python3.10/site-packages/ucp/core.py", line 737, in recv
    ret = await comm.tag_recv(self._ep, buffer, nbytes, tag, name=log)
ucp._libs.exceptions.UCXCanceled: <[Recv #003] ep: 0x7fec03109280, tag: 0x207c685f31dd0b4a, nbytes: 16, type: <class 'numpy.ndarray'>>: 

During handling of the above exception, another exception occurred:

Traceback (most recent call last):
  File "/opt/conda/envs/gdf/lib/python3.10/site-packages/distributed/worker.py", line 2056, in gather_dep
    response = await get_data_from_worker(
  File "/opt/conda/envs/gdf/lib/python3.10/site-packages/distributed/worker.py", line 2874, in get_data_from_worker
    response = await send_recv(
  File "/opt/conda/envs/gdf/lib/python3.10/site-packages/distributed/core.py", line 1015, in send_recv
    response = await comm.read(deserializers=deserializers)
  File "/opt/conda/envs/gdf/lib/python3.10/site-packages/distributed/utils.py", line 806, in wrapper
    return await func(*args, **kwargs)
  File "/opt/conda/envs/gdf/lib/python3.10/site-packages/distributed/comm/ucx.py", line 369, in read
    raise CommClosedError(
distributed.comm.core.CommClosedError: Connection closed by writer.
Inner exception: UCXCanceled("<[Recv #003] ep: 0x7fec03109280, tag: 0x207c685f31dd0b4a, nbytes: 16, type: <class 'numpy.ndarray'>>: ")
2024-09-18 06:07:30,818 - distributed.worker - ERROR - Worker stream died during communication: ucx://127.0.0.1:44669
Traceback (most recent call last):
  File "/opt/conda/envs/gdf/lib/python3.10/site-packages/distributed/comm/ucx.py", line 351, in read
    await self.ep.recv(msg)
  File "/opt/conda/envs/gdf/lib/python3.10/site-packages/ucp/core.py", line 737, in recv
    ret = await comm.tag_recv(self._ep, buffer, nbytes, tag, name=log)
ucp._libs.exceptions.UCXCanceled: <[Recv #003] ep: 0x7fec031092c0, tag: 0x929426a7be17fea1, nbytes: 16, type: <class 'numpy.ndarray'>>: 

During handling of the above exception, another exception occurred:

Traceback (most recent call last):
  File "/opt/conda/envs/gdf/lib/python3.10/site-packages/distributed/worker.py", line 2056, in gather_dep
    response = await get_data_from_worker(
  File "/opt/conda/envs/gdf/lib/python3.10/site-packages/distributed/worker.py", line 2874, in get_data_from_worker
    response = await send_recv(
  File "/opt/conda/envs/gdf/lib/python3.10/site-packages/distributed/core.py", line 1015, in send_recv
    response = await comm.read(deserializers=deserializers)
  File "/opt/conda/envs/gdf/lib/python3.10/site-packages/distributed/utils.py", line 806, in wrapper
    return await func(*args, **kwargs)
  File "/opt/conda/envs/gdf/lib/python3.10/site-packages/distributed/comm/ucx.py", line 369, in read
    raise CommClosedError(
distributed.comm.core.CommClosedError: Connection closed by writer.
Inner exception: UCXCanceled("<[Recv #003] ep: 0x7fec031092c0, tag: 0x929426a7be17fea1, nbytes: 16, type: <class 'numpy.ndarray'>>: ")
2024-09-18 06:07:30,824 - distributed.worker - ERROR - Worker stream died during communication: ucx://127.0.0.1:43967
Traceback (most recent call last):
  File "/opt/conda/envs/gdf/lib/python3.10/site-packages/distributed/comm/ucx.py", line 351, in read
    await self.ep.recv(msg)
  File "/opt/conda/envs/gdf/lib/python3.10/site-packages/ucp/core.py", line 737, in recv
    ret = await comm.tag_recv(self._ep, buffer, nbytes, tag, name=log)
ucp._libs.exceptions.UCXCanceled: <[Recv #003] ep: 0x7f60c02f0240, tag: 0xaead176b3b7d889c, nbytes: 16, type: <class 'numpy.ndarray'>>: 

During handling of the above exception, another exception occurred:

Traceback (most recent call last):
  File "/opt/conda/envs/gdf/lib/python3.10/site-packages/distributed/worker.py", line 2056, in gather_dep
    response = await get_data_from_worker(
  File "/opt/conda/envs/gdf/lib/python3.10/site-packages/distributed/worker.py", line 2874, in get_data_from_worker
    response = await send_recv(
  File "/opt/conda/envs/gdf/lib/python3.10/site-packages/distributed/core.py", line 1015, in send_recv
    response = await comm.read(deserializers=deserializers)
  File "/opt/conda/envs/gdf/lib/python3.10/site-packages/distributed/utils.py", line 806, in wrapper
    return await func(*args, **kwargs)
  File "/opt/conda/envs/gdf/lib/python3.10/site-packages/distributed/comm/ucx.py", line 369, in read
    raise CommClosedError(
distributed.comm.core.CommClosedError: Connection closed by writer.
Inner exception: UCXCanceled("<[Recv #003] ep: 0x7f60c02f0240, tag: 0xaead176b3b7d889c, nbytes: 16, type: <class 'numpy.ndarray'>>: ")
2024-09-18 06:07:30,844 - distributed.scheduler - WARNING - Removing worker 'ucx://127.0.0.1:56311' caused the cluster to lose already computed task(s), which will be recomputed elsewhere: {('split-taskshuffle-b193d85dcbb1359f44fff00bd51d0d18', 0, 0), ('split-taskshuffle-b193d85dcbb1359f44fff00bd51d0d18', 7, 0), ('split-taskshuffle-b193d85dcbb1359f44fff00bd51d0d18', 2, 0), ('generate_chunk-_to_string_dtype-4a286622e28b0e0aa1748bcd21fd1539', 4), ('split-taskshuffle-b193d85dcbb1359f44fff00bd51d0d18', 5, 0), ('split-taskshuffle-b193d85dcbb1359f44fff00bd51d0d18', 6, 0), ('split-taskshuffle-b193d85dcbb1359f44fff00bd51d0d18', 1, 0), ('split-taskshuffle-b193d85dcbb1359f44fff00bd51d0d18', 3, 0), ('split-taskshuffle-b193d85dcbb1359f44fff00bd51d0d18', 4, 0)} (stimulus_id='handle-worker-cleanup-1726639650.844107')
[dgx13:90611:0:90611] Caught signal 11 (Segmentation fault: address not mapped to object at address 0x450)
==== backtrace (tid:  90611) ====
 0  /opt/conda/envs/gdf/lib/libucs.so.0(ucs_handle_error+0x2fd) [0x7fec033dbeed]
 1  /opt/conda/envs/gdf/lib/libucs.so.0(+0x2c0e4) [0x7fec033dc0e4]
 2  /opt/conda/envs/gdf/lib/libucs.so.0(+0x2c2aa) [0x7fec033dc2aa]
 3  /usr/lib/x86_64-linux-gnu/libpthread.so.0(+0x14420) [0x7fec43e71420]
 4  /opt/conda/envs/gdf/lib/libucp.so.0(ucp_mem_type_unpack+0x17) [0x7fec0345d7c7]
 5  /opt/conda/envs/gdf/lib/libucp.so.0(ucp_rndv_data_handler+0x65d) [0x7fec0348627d]
 6  /opt/conda/envs/gdf/lib/libuct.so.0(+0x2096f) [0x7fec0339496f]
 7  /opt/conda/envs/gdf/lib/libuct.so.0(+0x23b48) [0x7fec03397b48]
 8  /opt/conda/envs/gdf/lib/libucs.so.0(ucs_event_set_wait+0xb9) [0x7fec033e5639]
 9  /opt/conda/envs/gdf/lib/libuct.so.0(uct_tcp_iface_progress+0x7d) [0x7fec03396c5d]
10  /opt/conda/envs/gdf/lib/libucp.so.0(ucp_worker_progress+0x5a) [0x7fec0345a6ca]
11  /opt/conda/envs/gdf/lib/python3.10/site-packages/ucp/_libs/ucx_api.cpython-310-x86_64-linux-gnu.so(+0x31d7a) [0x7fec03518d7a]
12  /opt/conda/envs/gdf/bin/python(_PyEval_EvalFrameDefault+0x2d83) [0x55ef0cde02b3]
13  /opt/conda/envs/gdf/bin/python(_PyFunction_Vectorcall+0x6c) [0x55ef0cdeda2c]
14  /opt/conda/envs/gdf/bin/python(_PyEval_EvalFrameDefault+0x72c) [0x55ef0cdddc5c]
15  /opt/conda/envs/gdf/bin/python(+0x150804) [0x55ef0cdf9804]
16  /opt/conda/envs/gdf/bin/python(+0x25f60c) [0x55ef0cf0860c]
17  /opt/conda/envs/gdf/bin/python(+0xfdd90) [0x55ef0cda6d90]
18  /opt/conda/envs/gdf/bin/python(+0x13c2a3) [0x55ef0cde52a3]
19  /opt/conda/envs/gdf/bin/python(_PyEval_EvalFrameDefault+0x5cd5) [0x55ef0cde3205]
20  /opt/conda/envs/gdf/bin/python(_PyFunction_Vectorcall+0x6c) [0x55ef0cdeda2c]
21  /opt/conda/envs/gdf/bin/python(_PyEval_EvalFrameDefault+0x72c) [0x55ef0cdddc5c]
22  /opt/conda/envs/gdf/bin/python(_PyFunction_Vectorcall+0x6c) [0x55ef0cdeda2c]
23  /opt/conda/envs/gdf/bin/python(_PyEval_EvalFrameDefault+0x72c) [0x55ef0cdddc5c]
24  /opt/conda/envs/gdf/bin/python(_PyFunction_Vectorcall+0x6c) [0x55ef0cdeda2c]
25  /opt/conda/envs/gdf/bin/python(_PyEval_EvalFrameDefault+0x72c) [0x55ef0cdddc5c]
26  /opt/conda/envs/gdf/bin/python(_PyFunction_Vectorcall+0x6c) [0x55ef0cdeda2c]
27  /opt/conda/envs/gdf/bin/python(_PyEval_EvalFrameDefault+0x72c) [0x55ef0cdddc5c]
28  /opt/conda/envs/gdf/bin/python(_PyFunction_Vectorcall+0x6c) [0x55ef0cdeda2c]
29  /opt/conda/envs/gdf/bin/python(_PyEval_EvalFrameDefault+0x13ca) [0x55ef0cdde8fa]
30  /opt/conda/envs/gdf/bin/python(+0x150582) [0x55ef0cdf9582]
31  /opt/conda/envs/gdf/bin/python(PyObject_Call+0xbc) [0x55ef0cdf9f1c]
32  /opt/conda/envs/gdf/bin/python(+0x20a9ae) [0x55ef0ceb39ae]
33  /opt/conda/envs/gdf/bin/python(_PyObject_MakeTpCall+0x26b) [0x55ef0cde6a6b]
34  /opt/conda/envs/gdf/bin/python(_PyEval_EvalFrameDefault+0x2d83) [0x55ef0cde02b3]
35  /opt/conda/envs/gdf/bin/python(+0x1506d8) [0x55ef0cdf96d8]
36  /opt/conda/envs/gdf/bin/python(_PyEval_EvalFrameDefault+0x2d83) [0x55ef0cde02b3]
37  /opt/conda/envs/gdf/bin/python(_PyFunction_Vectorcall+0x6c) [0x55ef0cdeda2c]
38  /opt/conda/envs/gdf/bin/python(_PyEval_EvalFrameDefault+0x72c) [0x55ef0cdddc5c]
39  /opt/conda/envs/gdf/bin/python(_PyFunction_Vectorcall+0x6c) [0x55ef0cdeda2c]
40  /opt/conda/envs/gdf/bin/python(_PyEval_EvalFrameDefault+0x72c) [0x55ef0cdddc5c]
41  /opt/conda/envs/gdf/bin/python(_PyFunction_Vectorcall+0x6c) [0x55ef0cdeda2c]
42  /opt/conda/envs/gdf/bin/python(_PyEval_EvalFrameDefault+0x320) [0x55ef0cddd850]
43  /opt/conda/envs/gdf/bin/python(_PyFunction_Vectorcall+0x6c) [0x55ef0cdeda2c]
44  /opt/conda/envs/gdf/bin/python(_PyEval_EvalFrameDefault+0x13ca) [0x55ef0cdde8fa]
45  /opt/conda/envs/gdf/bin/python(+0x1d7c60) [0x55ef0ce80c60]
46  /opt/conda/envs/gdf/bin/python(PyEval_EvalCode+0x87) [0x55ef0ce80ba7]
47  /opt/conda/envs/gdf/bin/python(+0x20812a) [0x55ef0ceb112a]
48  /opt/conda/envs/gdf/bin/python(+0x203523) [0x55ef0ceac523]
49  /opt/conda/envs/gdf/bin/python(PyRun_StringFlags+0x7d) [0x55ef0cea491d]
50  /opt/conda/envs/gdf/bin/python(PyRun_SimpleStringFlags+0x3c) [0x55ef0cea475c]
51  /opt/conda/envs/gdf/bin/python(Py_RunMain+0x26b) [0x55ef0cea366b]
52  /opt/conda/envs/gdf/bin/python(Py_BytesMain+0x37) [0x55ef0ce741f7]
53  /usr/lib/x86_64-linux-gnu/libc.so.6(__libc_start_main+0xf3) [0x7fec43b35083]
54  /opt/conda/envs/gdf/bin/python(+0x1cb0f1) [0x55ef0ce740f1]
=================================
2024-09-18 06:07:30,898 - distributed.nanny - WARNING - Restarting worker
2024-09-18 06:07:30,901 - distributed.worker - ERROR - failed during get data with ucx://127.0.0.1:44729 -> ucx://127.0.0.1:56311
Traceback (most recent call last):
  File "/opt/conda/envs/gdf/lib/python3.10/site-packages/distributed/comm/ucx.py", line 335, in write
    await self.ep.send(each_frame)
  File "/opt/conda/envs/gdf/lib/python3.10/site-packages/ucp/core.py", line 662, in send
    return await comm.tag_send(self._ep, buffer, nbytes, tag, name=log)
ucp._libs.exceptions.UCXError: <[Send #007] ep: 0x7f2b607ff140, tag: 0x4b046553a05056cf, nbytes: 100000000, type: <class 'cudf.core.buffer.buffer.Buffer'>>: Connection reset by remote peer

During handling of the above exception, another exception occurred:

Traceback (most recent call last):
  File "/opt/conda/envs/gdf/lib/python3.10/site-packages/distributed/worker.py", line 1777, in get_data
    compressed = await comm.write(msg, serializers=serializers)
  File "/opt/conda/envs/gdf/lib/python3.10/site-packages/distributed/utils.py", line 806, in wrapper
    return await func(*args, **kwargs)
  File "/opt/conda/envs/gdf/lib/python3.10/site-packages/distributed/comm/ucx.py", line 339, in write
    raise CommClosedError("While writing, the connection was closed")
distributed.comm.core.CommClosedError: While writing, the connection was closed
2024-09-18 06:07:30,906 - distributed.worker - ERROR - failed during get data with ucx://127.0.0.1:44729 -> ucx://127.0.0.1:44669
Traceback (most recent call last):
  File "/opt/conda/envs/gdf/lib/python3.10/site-packages/distributed/comm/ucx.py", line 335, in write
    await self.ep.send(each_frame)
  File "/opt/conda/envs/gdf/lib/python3.10/site-packages/ucp/core.py", line 662, in send
    return await comm.tag_send(self._ep, buffer, nbytes, tag, name=log)
ucp._libs.exceptions.UCXError: <[Send #007] ep: 0x7f2b607ff400, tag: 0x6f905e6c687a711d, nbytes: 100000000, type: <class 'cudf.core.buffer.buffer.Buffer'>>: Connection reset by remote peer

During handling of the above exception, another exception occurred:

Traceback (most recent call last):
  File "/opt/conda/envs/gdf/lib/python3.10/site-packages/distributed/worker.py", line 1777, in get_data
    compressed = await comm.write(msg, serializers=serializers)
  File "/opt/conda/envs/gdf/lib/python3.10/site-packages/distributed/utils.py", line 806, in wrapper
    return await func(*args, **kwargs)
  File "/opt/conda/envs/gdf/lib/python3.10/site-packages/distributed/comm/ucx.py", line 339, in write
    raise CommClosedError("While writing, the connection was closed")
distributed.comm.core.CommClosedError: While writing, the connection was closed
2024-09-18 06:07:30,907 - distributed.worker - ERROR - failed during get data with ucx://127.0.0.1:44729 -> ucx://127.0.0.1:43967
Traceback (most recent call last):
  File "/opt/conda/envs/gdf/lib/python3.10/site-packages/distributed/comm/ucx.py", line 335, in write
    await self.ep.send(each_frame)
  File "/opt/conda/envs/gdf/lib/python3.10/site-packages/ucp/core.py", line 662, in send
    return await comm.tag_send(self._ep, buffer, nbytes, tag, name=log)
ucp._libs.exceptions.UCXError: <[Send #007] ep: 0x7f2b607ff200, tag: 0x164a88b78d2fd943, nbytes: 100000000, type: <class 'cudf.core.buffer.buffer.Buffer'>>: Connection reset by remote peer

During handling of the above exception, another exception occurred:

Traceback (most recent call last):
  File "/opt/conda/envs/gdf/lib/python3.10/site-packages/distributed/worker.py", line 1777, in get_data
    compressed = await comm.write(msg, serializers=serializers)
  File "/opt/conda/envs/gdf/lib/python3.10/site-packages/distributed/utils.py", line 806, in wrapper
    return await func(*args, **kwargs)
  File "/opt/conda/envs/gdf/lib/python3.10/site-packages/distributed/comm/ucx.py", line 339, in write
    raise CommClosedError("While writing, the connection was closed")
distributed.comm.core.CommClosedError: While writing, the connection was closed
2024-09-18 06:07:30,909 - distributed.worker - ERROR - Worker stream died during communication: ucx://127.0.0.1:56311
Traceback (most recent call last):
  File "/opt/conda/envs/gdf/lib/python3.10/site-packages/distributed/comm/ucx.py", line 351, in read
    await self.ep.recv(msg)
  File "/opt/conda/envs/gdf/lib/python3.10/site-packages/ucp/core.py", line 737, in recv
    ret = await comm.tag_recv(self._ep, buffer, nbytes, tag, name=log)
ucp._libs.exceptions.UCXCanceled: <[Recv #003] ep: 0x7f2b607ff2c0, tag: 0x629c87ec83371484, nbytes: 16, type: <class 'numpy.ndarray'>>: 

During handling of the above exception, another exception occurred:

Traceback (most recent call last):
  File "/opt/conda/envs/gdf/lib/python3.10/site-packages/distributed/worker.py", line 2056, in gather_dep
    response = await get_data_from_worker(
  File "/opt/conda/envs/gdf/lib/python3.10/site-packages/distributed/worker.py", line 2874, in get_data_from_worker
    response = await send_recv(
  File "/opt/conda/envs/gdf/lib/python3.10/site-packages/distributed/core.py", line 1015, in send_recv
    response = await comm.read(deserializers=deserializers)
  File "/opt/conda/envs/gdf/lib/python3.10/site-packages/distributed/utils.py", line 806, in wrapper
    return await func(*args, **kwargs)
  File "/opt/conda/envs/gdf/lib/python3.10/site-packages/distributed/comm/ucx.py", line 369, in read
    raise CommClosedError(
distributed.comm.core.CommClosedError: Connection closed by writer.
Inner exception: UCXCanceled("<[Recv #003] ep: 0x7f2b607ff2c0, tag: 0x629c87ec83371484, nbytes: 16, type: <class 'numpy.ndarray'>>: ")
2024-09-18 06:07:30,914 - distributed.worker - ERROR - Worker stream died during communication: ucx://127.0.0.1:56311
Traceback (most recent call last):
  File "/opt/conda/envs/gdf/lib/python3.10/site-packages/distributed/comm/ucx.py", line 393, in read
    await self.ep.recv(each_frame)
  File "/opt/conda/envs/gdf/lib/python3.10/site-packages/ucp/core.py", line 737, in recv
    ret = await comm.tag_recv(self._ep, buffer, nbytes, tag, name=log)
ucp._libs.exceptions.UCXCanceled: <[Recv #008] ep: 0x7f7fa2bb5140, tag: 0xcb6f0a1039a1385b, nbytes: 100000000, type: <class 'rmm._lib.device_buffer.DeviceBuffer'>>: 

During handling of the above exception, another exception occurred:

Traceback (most recent call last):
  File "/opt/conda/envs/gdf/lib/python3.10/site-packages/distributed/worker.py", line 2056, in gather_dep
    response = await get_data_from_worker(
  File "/opt/conda/envs/gdf/lib/python3.10/site-packages/distributed/worker.py", line 2874, in get_data_from_worker
    response = await send_recv(
  File "/opt/conda/envs/gdf/lib/python3.10/site-packages/distributed/core.py", line 1015, in send_recv
    response = await comm.read(deserializers=deserializers)
  File "/opt/conda/envs/gdf/lib/python3.10/site-packages/distributed/utils.py", line 806, in wrapper
    return await func(*args, **kwargs)
  File "/opt/conda/envs/gdf/lib/python3.10/site-packages/distributed/comm/ucx.py", line 399, in read
    raise CommClosedError(
distributed.comm.core.CommClosedError: Connection closed by writer.
Inner exception: UCXCanceled("<[Recv #008] ep: 0x7f7fa2bb5140, tag: 0xcb6f0a1039a1385b, nbytes: 100000000, type: <class 'rmm._lib.device_buffer.DeviceBuffer'>>: ")
2024-09-18 06:07:30,961 - distributed.nanny - WARNING - Restarting worker
2024-09-18 06:07:30,984 - distributed.worker - ERROR - Worker stream died during communication: ucx://127.0.0.1:44669
Traceback (most recent call last):
  File "/opt/conda/envs/gdf/lib/python3.10/site-packages/distributed/comm/ucx.py", line 351, in read
    await self.ep.recv(msg)
  File "/opt/conda/envs/gdf/lib/python3.10/site-packages/ucp/core.py", line 737, in recv
    ret = await comm.tag_recv(self._ep, buffer, nbytes, tag, name=log)
asyncio.exceptions.CancelledError

During handling of the above exception, another exception occurred:

Traceback (most recent call last):
  File "/opt/conda/envs/gdf/lib/python3.10/site-packages/distributed/worker.py", line 2056, in gather_dep
    response = await get_data_from_worker(
  File "/opt/conda/envs/gdf/lib/python3.10/site-packages/distributed/worker.py", line 2871, in get_data_from_worker
    comm = await rpc.connect(worker)
  File "/opt/conda/envs/gdf/lib/python3.10/site-packages/distributed/core.py", line 1535, in connect
    return connect_attempt.result()
  File "/opt/conda/envs/gdf/lib/python3.10/site-packages/distributed/core.py", line 1425, in _connect
    comm = await connect(
  File "/opt/conda/envs/gdf/lib/python3.10/site-packages/distributed/comm/core.py", line 377, in connect
    handshake = await comm.read()
  File "/opt/conda/envs/gdf/lib/python3.10/site-packages/distributed/utils.py", line 806, in wrapper
    return await func(*args, **kwargs)
  File "/opt/conda/envs/gdf/lib/python3.10/site-packages/distributed/comm/ucx.py", line 369, in read
    raise CommClosedError(
distributed.comm.core.CommClosedError: Connection closed by writer.
Inner exception: CancelledError()
2024-09-18 06:07:30,985 - distributed.worker - ERROR - failed during get data with ucx://127.0.0.1:56753 -> ucx://127.0.0.1:56311
Traceback (most recent call last):
  File "/opt/conda/envs/gdf/lib/python3.10/site-packages/distributed/comm/ucx.py", line 335, in write
    await self.ep.send(each_frame)
  File "/opt/conda/envs/gdf/lib/python3.10/site-packages/ucp/core.py", line 662, in send
    return await comm.tag_send(self._ep, buffer, nbytes, tag, name=log)
ucp._libs.exceptions.UCXError: <[Send #007] ep: 0x7f60c02f0140, tag: 0x211a90b692160649, nbytes: 100000000, type: <class 'cudf.core.buffer.buffer.Buffer'>>: Connection reset by remote peer

During handling of the above exception, another exception occurred:

Traceback (most recent call last):
  File "/opt/conda/envs/gdf/lib/python3.10/site-packages/distributed/worker.py", line 1777, in get_data
    compressed = await comm.write(msg, serializers=serializers)
  File "/opt/conda/envs/gdf/lib/python3.10/site-packages/distributed/utils.py", line 806, in wrapper
    return await func(*args, **kwargs)
  File "/opt/conda/envs/gdf/lib/python3.10/site-packages/distributed/comm/ucx.py", line 339, in write
    raise CommClosedError("While writing, the connection was closed")
distributed.comm.core.CommClosedError: While writing, the connection was closed
2024-09-18 06:07:30,988 - distributed.worker - ERROR - Worker stream died during communication: ucx://127.0.0.1:56311
Traceback (most recent call last):
  File "/opt/conda/envs/gdf/lib/python3.10/site-packages/distributed/comm/ucx.py", line 351, in read
    await self.ep.recv(msg)
  File "/opt/conda/envs/gdf/lib/python3.10/site-packages/ucp/core.py", line 737, in recv
    ret = await comm.tag_recv(self._ep, buffer, nbytes, tag, name=log)
ucp._libs.exceptions.UCXCanceled: <[Recv #003] ep: 0x7f60c02f0300, tag: 0x3847fa380847ffc6, nbytes: 16, type: <class 'numpy.ndarray'>>: 

During handling of the above exception, another exception occurred:

Traceback (most recent call last):
  File "/opt/conda/envs/gdf/lib/python3.10/site-packages/distributed/worker.py", line 2056, in gather_dep
    response = await get_data_from_worker(
  File "/opt/conda/envs/gdf/lib/python3.10/site-packages/distributed/worker.py", line 2874, in get_data_from_worker
    response = await send_recv(
  File "/opt/conda/envs/gdf/lib/python3.10/site-packages/distributed/core.py", line 1015, in send_recv
    response = await comm.read(deserializers=deserializers)
  File "/opt/conda/envs/gdf/lib/python3.10/site-packages/distributed/utils.py", line 806, in wrapper
    return await func(*args, **kwargs)
  File "/opt/conda/envs/gdf/lib/python3.10/site-packages/distributed/comm/ucx.py", line 369, in read
    raise CommClosedError(
distributed.comm.core.CommClosedError: Connection closed by writer.
Inner exception: UCXCanceled("<[Recv #003] ep: 0x7f60c02f0300, tag: 0x3847fa380847ffc6, nbytes: 16, type: <class 'numpy.ndarray'>>: ")
2024-09-18 06:07:30,991 - distributed.nanny - WARNING - Restarting worker
2024-09-18 06:07:31,061 - distributed.nanny - WARNING - Restarting worker
2024-09-18 06:07:31,108 - distributed.scheduler - WARNING - Removing worker 'ucx://127.0.0.1:56483' caused the cluster to lose already computed task(s), which will be recomputed elsewhere: {('split-taskshuffle-b193d85dcbb1359f44fff00bd51d0d18', 5, 5), ('split-taskshuffle-b193d85dcbb1359f44fff00bd51d0d18', 6, 5), ('split-taskshuffle-b193d85dcbb1359f44fff00bd51d0d18', 1, 5), ('split-taskshuffle-b193d85dcbb1359f44fff00bd51d0d18', 3, 5), ('split-taskshuffle-b193d85dcbb1359f44fff00bd51d0d18', 4, 5), ('split-taskshuffle-b193d85dcbb1359f44fff00bd51d0d18', 0, 5), ('split-taskshuffle-b193d85dcbb1359f44fff00bd51d0d18', 3, 1), ('split-taskshuffle-b193d85dcbb1359f44fff00bd51d0d18', 7, 5), ('generate_chunk-_to_string_dtype-4a286622e28b0e0aa1748bcd21fd1539', 3)} (stimulus_id='handle-worker-cleanup-1726639651.1080205')
2024-09-18 06:07:31,107 - distributed.worker - ERROR - failed during get data with ucx://127.0.0.1:60709 -> ucx://127.0.0.1:56483
Traceback (most recent call last):
  File "/opt/conda/envs/gdf/lib/python3.10/site-packages/distributed/comm/ucx.py", line 335, in write
    await self.ep.send(each_frame)
  File "/opt/conda/envs/gdf/lib/python3.10/site-packages/ucp/core.py", line 662, in send
    return await comm.tag_send(self._ep, buffer, nbytes, tag, name=log)
ucp._libs.exceptions.UCXError: <[Send #007] ep: 0x7f7fa2bb5300, tag: 0x2fe56df83fcbd9e0, nbytes: 100000000, type: <class 'cudf.core.buffer.buffer.Buffer'>>: Connection reset by remote peer

During handling of the above exception, another exception occurred:

Traceback (most recent call last):
  File "/opt/conda/envs/gdf/lib/python3.10/site-packages/distributed/worker.py", line 1777, in get_data
    compressed = await comm.write(msg, serializers=serializers)
  File "/opt/conda/envs/gdf/lib/python3.10/site-packages/distributed/utils.py", line 806, in wrapper
    return await func(*args, **kwargs)
  File "/opt/conda/envs/gdf/lib/python3.10/site-packages/distributed/comm/ucx.py", line 339, in write
    raise CommClosedError("While writing, the connection was closed")
distributed.comm.core.CommClosedError: While writing, the connection was closed
2024-09-18 06:07:31,138 - distributed.worker - ERROR - Worker stream died during communication: ucx://127.0.0.1:56483
Traceback (most recent call last):
  File "/opt/conda/envs/gdf/lib/python3.10/site-packages/distributed/comm/ucx.py", line 393, in read
    await self.ep.recv(each_frame)
  File "/opt/conda/envs/gdf/lib/python3.10/site-packages/ucp/core.py", line 737, in recv
    ret = await comm.tag_recv(self._ep, buffer, nbytes, tag, name=log)
ucp._libs.exceptions.UCXError: <[Recv #007] ep: 0x7f7fa2bb5200, tag: 0xfebdb994cb0baa0d, nbytes: 100000000, type: <class 'rmm._lib.device_buffer.DeviceBuffer'>>: Connection reset by remote peer

During handling of the above exception, another exception occurred:

Traceback (most recent call last):
  File "/opt/conda/envs/gdf/lib/python3.10/site-packages/distributed/worker.py", line 2056, in gather_dep
    response = await get_data_from_worker(
  File "/opt/conda/envs/gdf/lib/python3.10/site-packages/distributed/worker.py", line 2874, in get_data_from_worker
    response = await send_recv(
  File "/opt/conda/envs/gdf/lib/python3.10/site-packages/distributed/core.py", line 1015, in send_recv
    response = await comm.read(deserializers=deserializers)
  File "/opt/conda/envs/gdf/lib/python3.10/site-packages/distributed/utils.py", line 806, in wrapper
    return await func(*args, **kwargs)
  File "/opt/conda/envs/gdf/lib/python3.10/site-packages/distributed/comm/ucx.py", line 399, in read
    raise CommClosedError(
distributed.comm.core.CommClosedError: Connection closed by writer.
Inner exception: UCXError("<[Recv #007] ep: 0x7f7fa2bb5200, tag: 0xfebdb994cb0baa0d, nbytes: 100000000, type: <class 'rmm._lib.device_buffer.DeviceBuffer'>>: Connection reset by remote peer")
2024-09-18 06:07:31,275 - distributed.nanny - WARNING - Restarting worker
2024-09-18 06:07:31,421 - distributed.worker - ERROR - failed during get data with ucx://127.0.0.1:56753 -> ucx://127.0.0.1:44669
Traceback (most recent call last):
  File "/opt/conda/envs/gdf/lib/python3.10/site-packages/distributed/comm/ucx.py", line 335, in write
    await self.ep.send(each_frame)
  File "/opt/conda/envs/gdf/lib/python3.10/site-packages/ucp/core.py", line 662, in send
    return await comm.tag_send(self._ep, buffer, nbytes, tag, name=log)
ucp._libs.exceptions.UCXError: <[Send #007] ep: 0x7f60c02f0400, tag: 0x78a880b6b7145447, nbytes: 100000000, type: <class 'cudf.core.buffer.buffer.Buffer'>>: Connection reset by remote peer

During handling of the above exception, another exception occurred:

Traceback (most recent call last):
  File "/opt/conda/envs/gdf/lib/python3.10/site-packages/distributed/worker.py", line 1777, in get_data
    compressed = await comm.write(msg, serializers=serializers)
  File "/opt/conda/envs/gdf/lib/python3.10/site-packages/distributed/utils.py", line 806, in wrapper
    return await func(*args, **kwargs)
  File "/opt/conda/envs/gdf/lib/python3.10/site-packages/distributed/comm/ucx.py", line 339, in write
    raise CommClosedError("While writing, the connection was closed")
distributed.comm.core.CommClosedError: While writing, the connection was closed
2024-09-18 06:07:31,422 - distributed.worker - ERROR - failed during get data with ucx://127.0.0.1:56753 -> ucx://127.0.0.1:43967
Traceback (most recent call last):
  File "/opt/conda/envs/gdf/lib/python3.10/site-packages/distributed/comm/ucx.py", line 335, in write
    await self.ep.send(each_frame)
  File "/opt/conda/envs/gdf/lib/python3.10/site-packages/ucp/core.py", line 662, in send
    return await comm.tag_send(self._ep, buffer, nbytes, tag, name=log)
ucp._libs.exceptions.UCXError: <[Send #007] ep: 0x7f60c02f0200, tag: 0x3479a75e4deae8ac, nbytes: 100000000, type: <class 'cudf.core.buffer.buffer.Buffer'>>: Connection reset by remote peer

During handling of the above exception, another exception occurred:

Traceback (most recent call last):
  File "/opt/conda/envs/gdf/lib/python3.10/site-packages/distributed/worker.py", line 1777, in get_data
    compressed = await comm.write(msg, serializers=serializers)
  File "/opt/conda/envs/gdf/lib/python3.10/site-packages/distributed/utils.py", line 806, in wrapper
    return await func(*args, **kwargs)
  File "/opt/conda/envs/gdf/lib/python3.10/site-packages/distributed/comm/ucx.py", line 339, in write
    raise CommClosedError("While writing, the connection was closed")
distributed.comm.core.CommClosedError: While writing, the connection was closed
2024-09-18 06:07:31,422 - distributed.worker - ERROR - failed during get data with ucx://127.0.0.1:60709 -> ucx://127.0.0.1:58059
Traceback (most recent call last):
  File "/opt/conda/envs/gdf/lib/python3.10/site-packages/distributed/comm/ucx.py", line 335, in write
    await self.ep.send(each_frame)
  File "/opt/conda/envs/gdf/lib/python3.10/site-packages/ucp/core.py", line 662, in send
    return await comm.tag_send(self._ep, buffer, nbytes, tag, name=log)
ucp._libs.exceptions.UCXError: <[Send #007] ep: 0x7f7fa2bb5340, tag: 0xc6ea42918cc7fa47, nbytes: 100000000, type: <class 'cudf.core.buffer.buffer.Buffer'>>: Connection reset by remote peer

During handling of the above exception, another exception occurred:

Traceback (most recent call last):
  File "/opt/conda/envs/gdf/lib/python3.10/site-packages/distributed/worker.py", line 1777, in get_data
    compressed = await comm.write(msg, serializers=serializers)
  File "/opt/conda/envs/gdf/lib/python3.10/site-packages/distributed/utils.py", line 806, in wrapper
    return await func(*args, **kwargs)
  File "/opt/conda/envs/gdf/lib/python3.10/site-packages/distributed/comm/ucx.py", line 339, in write
    raise CommClosedError("While writing, the connection was closed")
distributed.comm.core.CommClosedError: While writing, the connection was closed
2024-09-18 06:07:31,422 - distributed.worker - ERROR - failed during get data with ucx://127.0.0.1:56753 -> ucx://127.0.0.1:58059
Traceback (most recent call last):
  File "/opt/conda/envs/gdf/lib/python3.10/site-packages/distributed/comm/ucx.py", line 335, in write
    await self.ep.send(each_frame)
  File "/opt/conda/envs/gdf/lib/python3.10/site-packages/ucp/core.py", line 662, in send
    return await comm.tag_send(self._ep, buffer, nbytes, tag, name=log)
ucp._libs.exceptions.UCXError: <[Send #007] ep: 0x7f60c02f01c0, tag: 0xae12be17d7fa8afb, nbytes: 100000000, type: <class 'cudf.core.buffer.buffer.Buffer'>>: Connection reset by remote peer

During handling of the above exception, another exception occurred:

Traceback (most recent call last):
  File "/opt/conda/envs/gdf/lib/python3.10/site-packages/distributed/worker.py", line 1777, in get_data
    compressed = await comm.write(msg, serializers=serializers)
  File "/opt/conda/envs/gdf/lib/python3.10/site-packages/distributed/utils.py", line 806, in wrapper
    return await func(*args, **kwargs)
  File "/opt/conda/envs/gdf/lib/python3.10/site-packages/distributed/comm/ucx.py", line 339, in write
    raise CommClosedError("While writing, the connection was closed")
distributed.comm.core.CommClosedError: While writing, the connection was closed
2024-09-18 06:07:31,422 - distributed.worker - ERROR - failed during get data with ucx://127.0.0.1:60709 -> ucx://127.0.0.1:56311
Traceback (most recent call last):
  File "/opt/conda/envs/gdf/lib/python3.10/site-packages/distributed/comm/ucx.py", line 335, in write
    await self.ep.send(each_frame)
  File "/opt/conda/envs/gdf/lib/python3.10/site-packages/ucp/core.py", line 662, in send
    return await comm.tag_send(self._ep, buffer, nbytes, tag, name=log)
ucp._libs.exceptions.UCXError: <[Send #007] ep: 0x7f7fa2bb52c0, tag: 0x8a988e131dedebf6, nbytes: 100000000, type: <class 'cudf.core.buffer.buffer.Buffer'>>: Connection reset by remote peer

During handling of the above exception, another exception occurred:

Traceback (most recent call last):
  File "/opt/conda/envs/gdf/lib/python3.10/site-packages/distributed/worker.py", line 1777, in get_data
    compressed = await comm.write(msg, serializers=serializers)
  File "/opt/conda/envs/gdf/lib/python3.10/site-packages/distributed/utils.py", line 806, in wrapper
    return await func(*args, **kwargs)
  File "/opt/conda/envs/gdf/lib/python3.10/site-packages/distributed/comm/ucx.py", line 339, in write
    raise CommClosedError("While writing, the connection was closed")
distributed.comm.core.CommClosedError: While writing, the connection was closed
2024-09-18 06:08:00,268 - distributed.worker - ERROR - Worker stream died during communication: ucx://127.0.0.1:58059
Traceback (most recent call last):
  File "/opt/conda/envs/gdf/lib/python3.10/site-packages/distributed/comm/ucx.py", line 468, in connect
    ep = await ucp.create_endpoint(ip, port)
  File "/opt/conda/envs/gdf/lib/python3.10/site-packages/ucp/core.py", line 1016, in create_endpoint
    return await _get_ctx().create_endpoint(
  File "/opt/conda/envs/gdf/lib/python3.10/site-packages/ucp/core.py", line 328, in create_endpoint
    peer_info = await exchange_peer_info(
  File "/opt/conda/envs/gdf/lib/python3.10/site-packages/ucp/core.py", line 60, in exchange_peer_info
    await asyncio.wait_for(
  File "/opt/conda/envs/gdf/lib/python3.10/asyncio/tasks.py", line 432, in wait_for
    await waiter
asyncio.exceptions.CancelledError

During handling of the above exception, another exception occurred:

Traceback (most recent call last):
  File "/opt/conda/envs/gdf/lib/python3.10/asyncio/tasks.py", line 456, in wait_for
    return fut.result()
asyncio.exceptions.CancelledError

The above exception was the direct cause of the following exception:

Traceback (most recent call last):
  File "/opt/conda/envs/gdf/lib/python3.10/site-packages/distributed/comm/core.py", line 342, in connect
    comm = await wait_for(
  File "/opt/conda/envs/gdf/lib/python3.10/site-packages/distributed/utils.py", line 1926, in wait_for
    return await asyncio.wait_for(fut, timeout)
  File "/opt/conda/envs/gdf/lib/python3.10/asyncio/tasks.py", line 458, in wait_for
    raise exceptions.TimeoutError() from exc
asyncio.exceptions.TimeoutError

The above exception was the direct cause of the following exception:

Traceback (most recent call last):
  File "/opt/conda/envs/gdf/lib/python3.10/site-packages/distributed/worker.py", line 2056, in gather_dep
    response = await get_data_from_worker(
  File "/opt/conda/envs/gdf/lib/python3.10/site-packages/distributed/worker.py", line 2871, in get_data_from_worker
    comm = await rpc.connect(worker)
  File "/opt/conda/envs/gdf/lib/python3.10/site-packages/distributed/core.py", line 1535, in connect
    return connect_attempt.result()
  File "/opt/conda/envs/gdf/lib/python3.10/site-packages/distributed/core.py", line 1425, in _connect
    comm = await connect(
  File "/opt/conda/envs/gdf/lib/python3.10/site-packages/distributed/comm/core.py", line 368, in connect
    raise OSError(
OSError: Timed out trying to connect to ucx://127.0.0.1:58059 after 30 s
/opt/conda/envs/gdf/lib/python3.10/multiprocessing/resource_tracker.py:224: UserWarning: resource_tracker: There appear to be 48 leaked semaphore objects to clean up at shutdown
  warnings.warn('resource_tracker: There appear to be %d '
