[dgx13:98124:0:98124] Caught signal 11 (Segmentation fault: address not mapped to object at address 0x450)
==== backtrace (tid:  98124) ====
 0  /opt/conda/envs/gdf/lib/libucs.so.0(ucs_handle_error+0x305) [0x7f3ee3036ef5]
 1  /opt/conda/envs/gdf/lib/libucs.so.0(+0x2f0f4) [0x7f3ee30370f4]
 2  /opt/conda/envs/gdf/lib/libucs.so.0(+0x2f2ba) [0x7f3ee30372ba]
 3  /usr/lib/x86_64-linux-gnu/libpthread.so.0(+0x14420) [0x7f3f1f955420]
 4  /opt/conda/envs/gdf/lib/libucp.so.0(ucp_mem_type_unpack+0x1a) [0x7f3ee30bbeda]
 5  /opt/conda/envs/gdf/lib/libucp.so.0(ucp_rndv_data_handler+0x66d) [0x7f3ee30e76dd]
 6  /opt/conda/envs/gdf/lib/libuct.so.0(+0x21ebf) [0x7f3ee2febebf]
 7  /opt/conda/envs/gdf/lib/libuct.so.0(+0x250d8) [0x7f3ee2fef0d8]
 8  /opt/conda/envs/gdf/lib/libucs.so.0(ucs_event_set_wait+0xb9) [0x7f3ee3040759]
 9  /opt/conda/envs/gdf/lib/libuct.so.0(uct_tcp_iface_progress+0x7d) [0x7f3ee2fee1dd]
10  /opt/conda/envs/gdf/lib/libucp.so.0(ucp_worker_progress+0x5a) [0x7f3ee30b8c2a]
11  /opt/conda/envs/gdf/lib/python3.10/site-packages/ucp/_libs/ucx_api.cpython-310-x86_64-linux-gnu.so(+0x31d7a) [0x7f3ee317bd7a]
12  /opt/conda/envs/gdf/bin/python(_PyEval_EvalFrameDefault+0x2ba8) [0x55ac81ae24e8]
13  /opt/conda/envs/gdf/bin/python(_PyFunction_Vectorcall+0x6c) [0x55ac81aef9fc]
14  /opt/conda/envs/gdf/bin/python(_PyEval_EvalFrameDefault+0x700) [0x55ac81ae0040]
15  /opt/conda/envs/gdf/bin/python(+0x1d5819) [0x55ac81b89819]
16  /opt/conda/envs/gdf/lib/python3.10/lib-dynload/_asyncio.cpython-310-x86_64-linux-gnu.so(+0x7782) [0x7f3f0d432782]
17  /opt/conda/envs/gdf/bin/python(_PyObject_MakeTpCall+0x2d3) [0x55ac81ae88d3]
18  /opt/conda/envs/gdf/bin/python(+0xf7310) [0x55ac81aab310]
19  /opt/conda/envs/gdf/bin/python(+0x133083) [0x55ac81ae7083]
20  /opt/conda/envs/gdf/bin/python(_PyEval_EvalFrameDefault+0x5867) [0x55ac81ae51a7]
21  /opt/conda/envs/gdf/bin/python(_PyFunction_Vectorcall+0x6c) [0x55ac81aef9fc]
22  /opt/conda/envs/gdf/bin/python(_PyEval_EvalFrameDefault+0x700) [0x55ac81ae0040]
23  /opt/conda/envs/gdf/bin/python(_PyFunction_Vectorcall+0x6c) [0x55ac81aef9fc]
24  /opt/conda/envs/gdf/bin/python(_PyEval_EvalFrameDefault+0x700) [0x55ac81ae0040]
25  /opt/conda/envs/gdf/bin/python(_PyFunction_Vectorcall+0x6c) [0x55ac81aef9fc]
26  /opt/conda/envs/gdf/bin/python(_PyEval_EvalFrameDefault+0x700) [0x55ac81ae0040]
27  /opt/conda/envs/gdf/bin/python(_PyFunction_Vectorcall+0x6c) [0x55ac81aef9fc]
28  /opt/conda/envs/gdf/bin/python(_PyEval_EvalFrameDefault+0x700) [0x55ac81ae0040]
29  /opt/conda/envs/gdf/bin/python(_PyFunction_Vectorcall+0x6c) [0x55ac81aef9fc]
30  /opt/conda/envs/gdf/bin/python(_PyEval_EvalFrameDefault+0x1340) [0x55ac81ae0c80]
31  /opt/conda/envs/gdf/bin/python(+0x146e22) [0x55ac81afae22]
32  /opt/conda/envs/gdf/bin/python(PyObject_Call+0xbc) [0x55ac81afb7bc]
33  /opt/conda/envs/gdf/bin/python(+0x1feaad) [0x55ac81bb2aad]
34  /opt/conda/envs/gdf/bin/python(_PyObject_MakeTpCall+0x2d3) [0x55ac81ae88d3]
35  /opt/conda/envs/gdf/bin/python(_PyEval_EvalFrameDefault+0x2ba8) [0x55ac81ae24e8]
36  /opt/conda/envs/gdf/bin/python(+0x146f78) [0x55ac81afaf78]
37  /opt/conda/envs/gdf/bin/python(_PyEval_EvalFrameDefault+0x2ba8) [0x55ac81ae24e8]
38  /opt/conda/envs/gdf/bin/python(_PyFunction_Vectorcall+0x6c) [0x55ac81aef9fc]
39  /opt/conda/envs/gdf/bin/python(_PyEval_EvalFrameDefault+0x700) [0x55ac81ae0040]
40  /opt/conda/envs/gdf/bin/python(_PyFunction_Vectorcall+0x6c) [0x55ac81aef9fc]
41  /opt/conda/envs/gdf/bin/python(_PyEval_EvalFrameDefault+0x700) [0x55ac81ae0040]
42  /opt/conda/envs/gdf/bin/python(_PyFunction_Vectorcall+0x6c) [0x55ac81aef9fc]
43  /opt/conda/envs/gdf/bin/python(_PyEval_EvalFrameDefault+0x30c) [0x55ac81adfc4c]
44  /opt/conda/envs/gdf/bin/python(_PyFunction_Vectorcall+0x6c) [0x55ac81aef9fc]
45  /opt/conda/envs/gdf/bin/python(_PyEval_EvalFrameDefault+0x1340) [0x55ac81ae0c80]
46  /opt/conda/envs/gdf/bin/python(+0x1cbfac) [0x55ac81b7ffac]
47  /opt/conda/envs/gdf/bin/python(PyEval_EvalCode+0x87) [0x55ac81b7fef7]
48  /opt/conda/envs/gdf/bin/python(+0x1fc23a) [0x55ac81bb023a]
49  /opt/conda/envs/gdf/bin/python(+0x1f76b3) [0x55ac81bab6b3]
50  /opt/conda/envs/gdf/bin/python(PyRun_StringFlags+0x7d) [0x55ac81ba3e4d]
51  /opt/conda/envs/gdf/bin/python(PyRun_SimpleStringFlags+0x3c) [0x55ac81ba3c8c]
52  /opt/conda/envs/gdf/bin/python(Py_RunMain+0x3ba) [0x55ac81ba2e8a]
53  /opt/conda/envs/gdf/bin/python(Py_BytesMain+0x37) [0x55ac81b73637]
54  /usr/lib/x86_64-linux-gnu/libc.so.6(__libc_start_main+0xf3) [0x7f3f1f619083]
55  /opt/conda/envs/gdf/bin/python(+0x1bf54e) [0x55ac81b7354e]
=================================
[dgx13:98128:0:98128] Caught signal 11 (Segmentation fault: address not mapped to object at address 0x450)
==== backtrace (tid:  98128) ====
 0  /opt/conda/envs/gdf/lib/libucs.so.0(ucs_handle_error+0x305) [0x7fe63495fef5]
 1  /opt/conda/envs/gdf/lib/libucs.so.0(+0x2f0f4) [0x7fe6349600f4]
 2  /opt/conda/envs/gdf/lib/libucs.so.0(+0x2f2ba) [0x7fe6349602ba]
 3  /usr/lib/x86_64-linux-gnu/libpthread.so.0(+0x14420) [0x7fe671470420]
 4  /opt/conda/envs/gdf/lib/libucp.so.0(ucp_mem_type_unpack+0x1a) [0x7fe6349e4eda]
 5  /opt/conda/envs/gdf/lib/libucp.so.0(ucp_rndv_data_handler+0x66d) [0x7fe634a106dd]
 6  /opt/conda/envs/gdf/lib/libuct.so.0(+0x21ebf) [0x7fe634914ebf]
 7  /opt/conda/envs/gdf/lib/libuct.so.0(+0x250d8) [0x7fe6349180d8]
 8  /opt/conda/envs/gdf/lib/libucs.so.0(ucs_event_set_wait+0xb9) [0x7fe634969759]
 9  /opt/conda/envs/gdf/lib/libuct.so.0(uct_tcp_iface_progress+0x7d) [0x7fe6349171dd]
10  /opt/conda/envs/gdf/lib/libucp.so.0(ucp_worker_progress+0x5a) [0x7fe6349e1c2a]
11  /opt/conda/envs/gdf/lib/python3.10/site-packages/ucp/_libs/ucx_api.cpython-310-x86_64-linux-gnu.so(+0x31d7a) [0x7fe634aa4d7a]
12  /opt/conda/envs/gdf/bin/python(_PyEval_EvalFrameDefault+0x2ba8) [0x558337ef84e8]
13  /opt/conda/envs/gdf/bin/python(_PyFunction_Vectorcall+0x6c) [0x558337f059fc]
14  /opt/conda/envs/gdf/bin/python(_PyEval_EvalFrameDefault+0x700) [0x558337ef6040]
15  /opt/conda/envs/gdf/bin/python(+0x1470a4) [0x558337f110a4]
16  /opt/conda/envs/gdf/bin/python(+0x25224c) [0x55833801c24c]
17  /opt/conda/envs/gdf/bin/python(+0xf7310) [0x558337ec1310]
18  /opt/conda/envs/gdf/bin/python(+0x133083) [0x558337efd083]
19  /opt/conda/envs/gdf/bin/python(_PyEval_EvalFrameDefault+0x5867) [0x558337efb1a7]
20  /opt/conda/envs/gdf/bin/python(_PyFunction_Vectorcall+0x6c) [0x558337f059fc]
21  /opt/conda/envs/gdf/bin/python(_PyEval_EvalFrameDefault+0x700) [0x558337ef6040]
22  /opt/conda/envs/gdf/bin/python(_PyFunction_Vectorcall+0x6c) [0x558337f059fc]
23  /opt/conda/envs/gdf/bin/python(_PyEval_EvalFrameDefault+0x700) [0x558337ef6040]
24  /opt/conda/envs/gdf/bin/python(_PyFunction_Vectorcall+0x6c) [0x558337f059fc]
25  /opt/conda/envs/gdf/bin/python(_PyEval_EvalFrameDefault+0x700) [0x558337ef6040]
26  /opt/conda/envs/gdf/bin/python(_PyFunction_Vectorcall+0x6c) [0x558337f059fc]
27  /opt/conda/envs/gdf/bin/python(_PyEval_EvalFrameDefault+0x700) [0x558337ef6040]
28  /opt/conda/envs/gdf/bin/python(_PyFunction_Vectorcall+0x6c) [0x558337f059fc]
29  /opt/conda/envs/gdf/bin/python(_PyEval_EvalFrameDefault+0x1340) [0x558337ef6c80]
30  /opt/conda/envs/gdf/bin/python(+0x146e22) [0x558337f10e22]
31  /opt/conda/envs/gdf/bin/python(PyObject_Call+0xbc) [0x558337f117bc]
32  /opt/conda/envs/gdf/bin/python(+0x1feaad) [0x558337fc8aad]
33  /opt/conda/envs/gdf/bin/python(_PyObject_MakeTpCall+0x2d3) [0x558337efe8d3]
34  /opt/conda/envs/gdf/bin/python(_PyEval_EvalFrameDefault+0x2ba8) [0x558337ef84e8]
35  /opt/conda/envs/gdf/bin/python(+0x146f78) [0x558337f10f78]
36  /opt/conda/envs/gdf/bin/python(_PyEval_EvalFrameDefault+0x2ba8) [0x558337ef84e8]
37  /opt/conda/envs/gdf/bin/python(_PyFunction_Vectorcall+0x6c) [0x558337f059fc]
38  /opt/conda/envs/gdf/bin/python(_PyEval_EvalFrameDefault+0x700) [0x558337ef6040]
39  /opt/conda/envs/gdf/bin/python(_PyFunction_Vectorcall+0x6c) [0x558337f059fc]
40  /opt/conda/envs/gdf/bin/python(_PyEval_EvalFrameDefault+0x700) [0x558337ef6040]
41  /opt/conda/envs/gdf/bin/python(_PyFunction_Vectorcall+0x6c) [0x558337f059fc]
42  /opt/conda/envs/gdf/bin/python(_PyEval_EvalFrameDefault+0x30c) [0x558337ef5c4c]
43  /opt/conda/envs/gdf/bin/python(_PyFunction_Vectorcall+0x6c) [0x558337f059fc]
44  /opt/conda/envs/gdf/bin/python(_PyEval_EvalFrameDefault+0x1340) [0x558337ef6c80]
45  /opt/conda/envs/gdf/bin/python(+0x1cbfac) [0x558337f95fac]
46  /opt/conda/envs/gdf/bin/python(PyEval_EvalCode+0x87) [0x558337f95ef7]
47  /opt/conda/envs/gdf/bin/python(+0x1fc23a) [0x558337fc623a]
48  /opt/conda/envs/gdf/bin/python(+0x1f76b3) [0x558337fc16b3]
49  /opt/conda/envs/gdf/bin/python(PyRun_StringFlags+0x7d) [0x558337fb9e4d]
50  /opt/conda/envs/gdf/bin/python(PyRun_SimpleStringFlags+0x3c) [0x558337fb9c8c]
51  /opt/conda/envs/gdf/bin/python(Py_RunMain+0x3ba) [0x558337fb8e8a]
52  /opt/conda/envs/gdf/bin/python(Py_BytesMain+0x37) [0x558337f89637]
53  /usr/lib/x86_64-linux-gnu/libc.so.6(__libc_start_main+0xf3) [0x7fe671134083]
54  /opt/conda/envs/gdf/bin/python(+0x1bf54e) [0x558337f8954e]
=================================
[dgx13:98120:0:98120] Caught signal 11 (Segmentation fault: address not mapped to object at address 0x450)
==== backtrace (tid:  98120) ====
 0  /opt/conda/envs/gdf/lib/libucs.so.0(ucs_handle_error+0x305) [0x7fda31961ef5]
 1  /opt/conda/envs/gdf/lib/libucs.so.0(+0x2f0f4) [0x7fda319620f4]
 2  /opt/conda/envs/gdf/lib/libucs.so.0(+0x2f2ba) [0x7fda319622ba]
 3  /usr/lib/x86_64-linux-gnu/libpthread.so.0(+0x14420) [0x7fda704aa420]
 4  /opt/conda/envs/gdf/lib/libucp.so.0(ucp_mem_type_unpack+0x1a) [0x7fda319e6eda]
 5  /opt/conda/envs/gdf/lib/libucp.so.0(ucp_rndv_data_handler+0x66d) [0x7fda31a126dd]
 6  /opt/conda/envs/gdf/lib/libuct.so.0(+0x21ebf) [0x7fda31916ebf]
 7  /opt/conda/envs/gdf/lib/libuct.so.0(+0x250d8) [0x7fda3191a0d8]
 8  /opt/conda/envs/gdf/lib/libucs.so.0(ucs_event_set_wait+0xb9) [0x7fda3196b759]
 9  /opt/conda/envs/gdf/lib/libuct.so.0(uct_tcp_iface_progress+0x7d) [0x7fda319191dd]
10  /opt/conda/envs/gdf/lib/libucp.so.0(ucp_worker_progress+0x5a) [0x7fda319e3c2a]
11  /opt/conda/envs/gdf/lib/python3.10/site-packages/ucp/_libs/ucx_api.cpython-310-x86_64-linux-gnu.so(+0x31d7a) [0x7fda31aa6d7a]
12  /opt/conda/envs/gdf/bin/python(_PyEval_EvalFrameDefault+0x2ba8) [0x562ad09304e8]
13  /opt/conda/envs/gdf/bin/python(_PyFunction_Vectorcall+0x6c) [0x562ad093d9fc]
14  /opt/conda/envs/gdf/bin/python(_PyEval_EvalFrameDefault+0x700) [0x562ad092e040]
15  /opt/conda/envs/gdf/bin/python(+0x1d5819) [0x562ad09d7819]
16  /opt/conda/envs/gdf/lib/python3.10/lib-dynload/_asyncio.cpython-310-x86_64-linux-gnu.so(+0x7782) [0x7fda5df8e782]
17  /opt/conda/envs/gdf/bin/python(_PyObject_MakeTpCall+0x2d3) [0x562ad09368d3]
18  /opt/conda/envs/gdf/bin/python(+0xf7310) [0x562ad08f9310]
19  /opt/conda/envs/gdf/bin/python(+0x133083) [0x562ad0935083]
20  /opt/conda/envs/gdf/bin/python(_PyEval_EvalFrameDefault+0x5867) [0x562ad09331a7]
21  /opt/conda/envs/gdf/bin/python(_PyFunction_Vectorcall+0x6c) [0x562ad093d9fc]
22  /opt/conda/envs/gdf/bin/python(_PyEval_EvalFrameDefault+0x700) [0x562ad092e040]
23  /opt/conda/envs/gdf/bin/python(_PyFunction_Vectorcall+0x6c) [0x562ad093d9fc]
24  /opt/conda/envs/gdf/bin/python(_PyEval_EvalFrameDefault+0x700) [0x562ad092e040]
25  /opt/conda/envs/gdf/bin/python(_PyFunction_Vectorcall+0x6c) [0x562ad093d9fc]
26  /opt/conda/envs/gdf/bin/python(_PyEval_EvalFrameDefault+0x700) [0x562ad092e040]
27  /opt/conda/envs/gdf/bin/python(_PyFunction_Vectorcall+0x6c) [0x562ad093d9fc]
28  /opt/conda/envs/gdf/bin/python(_PyEval_EvalFrameDefault+0x700) [0x562ad092e040]
29  /opt/conda/envs/gdf/bin/python(_PyFunction_Vectorcall+0x6c) [0x562ad093d9fc]
30  /opt/conda/envs/gdf/bin/python(_PyEval_EvalFrameDefault+0x1340) [0x562ad092ec80]
31  /opt/conda/envs/gdf/bin/python(+0x146e22) [0x562ad0948e22]
32  /opt/conda/envs/gdf/bin/python(PyObject_Call+0xbc) [0x562ad09497bc]
33  /opt/conda/envs/gdf/bin/python(+0x1feaad) [0x562ad0a00aad]
34  /opt/conda/envs/gdf/bin/python(_PyObject_MakeTpCall+0x2d3) [0x562ad09368d3]
35  /opt/conda/envs/gdf/bin/python(_PyEval_EvalFrameDefault+0x2ba8) [0x562ad09304e8]
36  /opt/conda/envs/gdf/bin/python(+0x146f78) [0x562ad0948f78]
37  /opt/conda/envs/gdf/bin/python(_PyEval_EvalFrameDefault+0x2ba8) [0x562ad09304e8]
38  /opt/conda/envs/gdf/bin/python(_PyFunction_Vectorcall+0x6c) [0x562ad093d9fc]
39  /opt/conda/envs/gdf/bin/python(_PyEval_EvalFrameDefault+0x700) [0x562ad092e040]
40  /opt/conda/envs/gdf/bin/python(_PyFunction_Vectorcall+0x6c) [0x562ad093d9fc]
41  /opt/conda/envs/gdf/bin/python(_PyEval_EvalFrameDefault+0x700) [0x562ad092e040]
42  /opt/conda/envs/gdf/bin/python(_PyFunction_Vectorcall+0x6c) [0x562ad093d9fc]
43  /opt/conda/envs/gdf/bin/python(_PyEval_EvalFrameDefault+0x30c) [0x562ad092dc4c]
44  /opt/conda/envs/gdf/bin/python(_PyFunction_Vectorcall+0x6c) [0x562ad093d9fc]
45  /opt/conda/envs/gdf/bin/python(_PyEval_EvalFrameDefault+0x1340) [0x562ad092ec80]
46  /opt/conda/envs/gdf/bin/python(+0x1cbfac) [0x562ad09cdfac]
47  /opt/conda/envs/gdf/bin/python(PyEval_EvalCode+0x87) [0x562ad09cdef7]
48  /opt/conda/envs/gdf/bin/python(+0x1fc23a) [0x562ad09fe23a]
49  /opt/conda/envs/gdf/bin/python(+0x1f76b3) [0x562ad09f96b3]
50  /opt/conda/envs/gdf/bin/python(PyRun_StringFlags+0x7d) [0x562ad09f1e4d]
51  /opt/conda/envs/gdf/bin/python(PyRun_SimpleStringFlags+0x3c) [0x562ad09f1c8c]
52  /opt/conda/envs/gdf/bin/python(Py_RunMain+0x3ba) [0x562ad09f0e8a]
53  /opt/conda/envs/gdf/bin/python(Py_BytesMain+0x37) [0x562ad09c1637]
54  /usr/lib/x86_64-linux-gnu/libc.so.6(__libc_start_main+0xf3) [0x7fda7016e083]
55  /opt/conda/envs/gdf/bin/python(+0x1bf54e) [0x562ad09c154e]
=================================
[dgx13:98139:0:98139] Caught signal 11 (Segmentation fault: address not mapped to object at address 0x450)
==== backtrace (tid:  98139) ====
 0  /opt/conda/envs/gdf/lib/libucs.so.0(ucs_handle_error+0x305) [0x7f9c1902def5]
 1  /opt/conda/envs/gdf/lib/libucs.so.0(+0x2f0f4) [0x7f9c1902e0f4]
 2  /opt/conda/envs/gdf/lib/libucs.so.0(+0x2f2ba) [0x7f9c1902e2ba]
 3  /usr/lib/x86_64-linux-gnu/libpthread.so.0(+0x14420) [0x7f9c59b3b420]
 4  /opt/conda/envs/gdf/lib/libucp.so.0(ucp_mem_type_unpack+0x1a) [0x7f9c190b2eda]
 5  /opt/conda/envs/gdf/lib/libucp.so.0(ucp_rndv_data_handler+0x66d) [0x7f9c190de6dd]
 6  /opt/conda/envs/gdf/lib/libuct.so.0(+0x21ebf) [0x7f9c18fe2ebf]
 7  /opt/conda/envs/gdf/lib/libuct.so.0(+0x250d8) [0x7f9c18fe60d8]
 8  /opt/conda/envs/gdf/lib/libucs.so.0(ucs_event_set_wait+0xb9) [0x7f9c19037759]
 9  /opt/conda/envs/gdf/lib/libuct.so.0(uct_tcp_iface_progress+0x7d) [0x7f9c18fe51dd]
10  /opt/conda/envs/gdf/lib/libucp.so.0(ucp_worker_progress+0x5a) [0x7f9c190afc2a]
11  /opt/conda/envs/gdf/lib/python3.10/site-packages/ucp/_libs/ucx_api.cpython-310-x86_64-linux-gnu.so(+0x31d7a) [0x7f9c19172d7a]
12  /opt/conda/envs/gdf/bin/python(_PyEval_EvalFrameDefault+0x2ba8) [0x563355ac24e8]
13  /opt/conda/envs/gdf/bin/python(_PyFunction_Vectorcall+0x6c) [0x563355acf9fc]
14  /opt/conda/envs/gdf/bin/python(_PyEval_EvalFrameDefault+0x700) [0x563355ac0040]
15  /opt/conda/envs/gdf/bin/python(+0x1d5819) [0x563355b69819]
16  /opt/conda/envs/gdf/lib/python3.10/lib-dynload/_asyncio.cpython-310-x86_64-linux-gnu.so(+0x7782) [0x7f9c4761b782]
17  /opt/conda/envs/gdf/bin/python(_PyObject_MakeTpCall+0x2d3) [0x563355ac88d3]
18  /opt/conda/envs/gdf/bin/python(+0xf7310) [0x563355a8b310]
19  /opt/conda/envs/gdf/bin/python(+0x133083) [0x563355ac7083]
20  /opt/conda/envs/gdf/bin/python(_PyEval_EvalFrameDefault+0x5867) [0x563355ac51a7]
21  /opt/conda/envs/gdf/bin/python(_PyFunction_Vectorcall+0x6c) [0x563355acf9fc]
22  /opt/conda/envs/gdf/bin/python(_PyEval_EvalFrameDefault+0x700) [0x563355ac0040]
23  /opt/conda/envs/gdf/bin/python(_PyFunction_Vectorcall+0x6c) [0x563355acf9fc]
24  /opt/conda/envs/gdf/bin/python(_PyEval_EvalFrameDefault+0x700) [0x563355ac0040]
25  /opt/conda/envs/gdf/bin/python(_PyFunction_Vectorcall+0x6c) [0x563355acf9fc]
26  /opt/conda/envs/gdf/bin/python(_PyEval_EvalFrameDefault+0x700) [0x563355ac0040]
27  /opt/conda/envs/gdf/bin/python(_PyFunction_Vectorcall+0x6c) [0x563355acf9fc]
28  /opt/conda/envs/gdf/bin/python(_PyEval_EvalFrameDefault+0x700) [0x563355ac0040]
29  /opt/conda/envs/gdf/bin/python(_PyFunction_Vectorcall+0x6c) [0x563355acf9fc]
30  /opt/conda/envs/gdf/bin/python(_PyEval_EvalFrameDefault+0x1340) [0x563355ac0c80]
31  /opt/conda/envs/gdf/bin/python(+0x146e22) [0x563355adae22]
32  /opt/conda/envs/gdf/bin/python(PyObject_Call+0xbc) [0x563355adb7bc]
33  /opt/conda/envs/gdf/bin/python(+0x1feaad) [0x563355b92aad]
34  /opt/conda/envs/gdf/bin/python(_PyObject_MakeTpCall+0x2d3) [0x563355ac88d3]
35  /opt/conda/envs/gdf/bin/python(_PyEval_EvalFrameDefault+0x2ba8) [0x563355ac24e8]
36  /opt/conda/envs/gdf/bin/python(+0x146f78) [0x563355adaf78]
37  /opt/conda/envs/gdf/bin/python(_PyEval_EvalFrameDefault+0x2ba8) [0x563355ac24e8]
38  /opt/conda/envs/gdf/bin/python(_PyFunction_Vectorcall+0x6c) [0x563355acf9fc]
39  /opt/conda/envs/gdf/bin/python(_PyEval_EvalFrameDefault+0x700) [0x563355ac0040]
40  /opt/conda/envs/gdf/bin/python(_PyFunction_Vectorcall+0x6c) [0x563355acf9fc]
41  /opt/conda/envs/gdf/bin/python(_PyEval_EvalFrameDefault+0x700) [0x563355ac0040]
42  /opt/conda/envs/gdf/bin/python(_PyFunction_Vectorcall+0x6c) [0x563355acf9fc]
43  /opt/conda/envs/gdf/bin/python(_PyEval_EvalFrameDefault+0x30c) [0x563355abfc4c]
44  /opt/conda/envs/gdf/bin/python(_PyFunction_Vectorcall+0x6c) [0x563355acf9fc]
45  /opt/conda/envs/gdf/bin/python(_PyEval_EvalFrameDefault+0x1340) [0x563355ac0c80]
46  /opt/conda/envs/gdf/bin/python(+0x1cbfac) [0x563355b5ffac]
47  /opt/conda/envs/gdf/bin/python(PyEval_EvalCode+0x87) [0x563355b5fef7]
48  /opt/conda/envs/gdf/bin/python(+0x1fc23a) [0x563355b9023a]
49  /opt/conda/envs/gdf/bin/python(+0x1f76b3) [0x563355b8b6b3]
50  /opt/conda/envs/gdf/bin/python(PyRun_StringFlags+0x7d) [0x563355b83e4d]
51  /opt/conda/envs/gdf/bin/python(PyRun_SimpleStringFlags+0x3c) [0x563355b83c8c]
52  /opt/conda/envs/gdf/bin/python(Py_RunMain+0x3ba) [0x563355b82e8a]
53  /opt/conda/envs/gdf/bin/python(Py_BytesMain+0x37) [0x563355b53637]
54  /usr/lib/x86_64-linux-gnu/libc.so.6(__libc_start_main+0xf3) [0x7f9c597ff083]
55  /opt/conda/envs/gdf/bin/python(+0x1bf54e) [0x563355b5354e]
=================================
2024-10-07 06:17:57,284 - distributed.worker - ERROR - failed during get data with ucx://127.0.0.1:45165 -> ucx://127.0.0.1:60251
Traceback (most recent call last):
  File "/opt/conda/envs/gdf/lib/python3.10/site-packages/distributed/comm/ucx.py", line 335, in write
    await self.ep.send(each_frame)
  File "/opt/conda/envs/gdf/lib/python3.10/site-packages/ucp/core.py", line 662, in send
    return await comm.tag_send(self._ep, buffer, nbytes, tag, name=log)
ucp._libs.exceptions.UCXError: <[Send #007] ep: 0x7f3b1cb82300, tag: 0xe9add5b0cb404e8d, nbytes: 50000000, type: <class 'cupy.ndarray'>>: Connection reset by remote peer

During handling of the above exception, another exception occurred:

Traceback (most recent call last):
  File "/opt/conda/envs/gdf/lib/python3.10/site-packages/distributed/worker.py", line 1777, in get_data
    compressed = await comm.write(msg, serializers=serializers)
  File "/opt/conda/envs/gdf/lib/python3.10/site-packages/distributed/utils.py", line 806, in wrapper
    return await func(*args, **kwargs)
  File "/opt/conda/envs/gdf/lib/python3.10/site-packages/distributed/comm/ucx.py", line 339, in write
    raise CommClosedError("While writing, the connection was closed")
distributed.comm.core.CommClosedError: While writing, the connection was closed
2024-10-07 06:17:57,285 - distributed.scheduler - WARNING - Removing worker 'ucx://127.0.0.1:60251' caused the cluster to lose already computed task(s), which will be recomputed elsewhere: {('random_sample-4373b2a318aa6a8a836e3a1772ecce28', 3, 1), ('random_sample-4373b2a318aa6a8a836e3a1772ecce28', 5, 4), ('random_sample-4373b2a318aa6a8a836e3a1772ecce28', 0, 3), ('random_sample-4373b2a318aa6a8a836e3a1772ecce28', 1, 5), ('random_sample-4373b2a318aa6a8a836e3a1772ecce28', 9, 4), ('random_sample-4373b2a318aa6a8a836e3a1772ecce28', 0, 7), ('random_sample-4373b2a318aa6a8a836e3a1772ecce28', 3, 2), ('random_sample-4373b2a318aa6a8a836e3a1772ecce28', 2, 0), ('random_sample-4373b2a318aa6a8a836e3a1772ecce28', 8, 6), ('random_sample-4373b2a318aa6a8a836e3a1772ecce28', 5, 8), ('random_sample-4373b2a318aa6a8a836e3a1772ecce28', 4, 6)} (stimulus_id='handle-worker-cleanup-1728281877.2853653')
2024-10-07 06:17:57,284 - distributed.worker - ERROR - Worker stream died during communication: ucx://127.0.0.1:60251
Traceback (most recent call last):
  File "/opt/conda/envs/gdf/lib/python3.10/site-packages/distributed/comm/ucx.py", line 351, in read
    await self.ep.recv(msg)
  File "/opt/conda/envs/gdf/lib/python3.10/site-packages/ucp/core.py", line 737, in recv
    ret = await comm.tag_recv(self._ep, buffer, nbytes, tag, name=log)
ucp._libs.exceptions.UCXCanceled: <[Recv #003] ep: 0x7f1ff1584140, tag: 0xdf2928433475707f, nbytes: 16, type: <class 'numpy.ndarray'>>: 

During handling of the above exception, another exception occurred:

Traceback (most recent call last):
  File "/opt/conda/envs/gdf/lib/python3.10/site-packages/distributed/worker.py", line 2056, in gather_dep
    response = await get_data_from_worker(
  File "/opt/conda/envs/gdf/lib/python3.10/site-packages/distributed/worker.py", line 2874, in get_data_from_worker
    response = await send_recv(
  File "/opt/conda/envs/gdf/lib/python3.10/site-packages/distributed/core.py", line 1015, in send_recv
    response = await comm.read(deserializers=deserializers)
  File "/opt/conda/envs/gdf/lib/python3.10/site-packages/distributed/utils.py", line 806, in wrapper
    return await func(*args, **kwargs)
  File "/opt/conda/envs/gdf/lib/python3.10/site-packages/distributed/comm/ucx.py", line 369, in read
    raise CommClosedError(
distributed.comm.core.CommClosedError: Connection closed by writer.
Inner exception: UCXCanceled("<[Recv #003] ep: 0x7f1ff1584140, tag: 0xdf2928433475707f, nbytes: 16, type: <class 'numpy.ndarray'>>: ")
2024-10-07 06:17:57,285 - distributed.worker - ERROR - Worker stream died during communication: ucx://127.0.0.1:60251
Traceback (most recent call last):
  File "/opt/conda/envs/gdf/lib/python3.10/site-packages/distributed/comm/ucx.py", line 393, in read
    await self.ep.recv(each_frame)
  File "/opt/conda/envs/gdf/lib/python3.10/site-packages/ucp/core.py", line 737, in recv
    ret = await comm.tag_recv(self._ep, buffer, nbytes, tag, name=log)
ucp._libs.exceptions.UCXError: <[Recv #007] ep: 0x7f3b1cb82140, tag: 0x762d0ed639114066, nbytes: 50000000, type: <class 'rmm._lib.device_buffer.DeviceBuffer'>>: Connection reset by remote peer

During handling of the above exception, another exception occurred:

Traceback (most recent call last):
  File "/opt/conda/envs/gdf/lib/python3.10/site-packages/distributed/worker.py", line 2056, in gather_dep
    response = await get_data_from_worker(
  File "/opt/conda/envs/gdf/lib/python3.10/site-packages/distributed/worker.py", line 2874, in get_data_from_worker
    response = await send_recv(
  File "/opt/conda/envs/gdf/lib/python3.10/site-packages/distributed/core.py", line 1015, in send_recv
    response = await comm.read(deserializers=deserializers)
  File "/opt/conda/envs/gdf/lib/python3.10/site-packages/distributed/utils.py", line 806, in wrapper
    return await func(*args, **kwargs)
  File "/opt/conda/envs/gdf/lib/python3.10/site-packages/distributed/comm/ucx.py", line 399, in read
    raise CommClosedError(
distributed.comm.core.CommClosedError: Connection closed by writer.
Inner exception: UCXError("<[Recv #007] ep: 0x7f3b1cb82140, tag: 0x762d0ed639114066, nbytes: 50000000, type: <class 'rmm._lib.device_buffer.DeviceBuffer'>>: Connection reset by remote peer")
2024-10-07 06:17:57,286 - distributed.worker - ERROR - failed during get data with ucx://127.0.0.1:34769 -> ucx://127.0.0.1:60251
Traceback (most recent call last):
  File "/opt/conda/envs/gdf/lib/python3.10/site-packages/distributed/comm/ucx.py", line 335, in write
    await self.ep.send(each_frame)
  File "/opt/conda/envs/gdf/lib/python3.10/site-packages/ucp/core.py", line 662, in send
    return await comm.tag_send(self._ep, buffer, nbytes, tag, name=log)
ucp._libs.exceptions.UCXError: <[Send #007] ep: 0x7f1ff1584180, tag: 0x574a0b7997c0fefb, nbytes: 50000000, type: <class 'cupy.ndarray'>>: Connection reset by remote peer

During handling of the above exception, another exception occurred:

Traceback (most recent call last):
  File "/opt/conda/envs/gdf/lib/python3.10/site-packages/distributed/worker.py", line 1777, in get_data
    compressed = await comm.write(msg, serializers=serializers)
  File "/opt/conda/envs/gdf/lib/python3.10/site-packages/distributed/utils.py", line 806, in wrapper
    return await func(*args, **kwargs)
  File "/opt/conda/envs/gdf/lib/python3.10/site-packages/distributed/comm/ucx.py", line 339, in write
    raise CommClosedError("While writing, the connection was closed")
distributed.comm.core.CommClosedError: While writing, the connection was closed
2024-10-07 06:17:57,346 - distributed.worker - ERROR - Worker stream died during communication: ucx://127.0.0.1:57711
Traceback (most recent call last):
  File "/opt/conda/envs/gdf/lib/python3.10/site-packages/distributed/comm/ucx.py", line 351, in read
    await self.ep.recv(msg)
  File "/opt/conda/envs/gdf/lib/python3.10/site-packages/ucp/core.py", line 737, in recv
    ret = await comm.tag_recv(self._ep, buffer, nbytes, tag, name=log)
ucp._libs.exceptions.UCXCanceled: <[Recv #003] ep: 0x7f64a2ad6180, tag: 0xec781f9fc3427452, nbytes: 16, type: <class 'numpy.ndarray'>>: 

During handling of the above exception, another exception occurred:

Traceback (most recent call last):
  File "/opt/conda/envs/gdf/lib/python3.10/site-packages/distributed/worker.py", line 2056, in gather_dep
    response = await get_data_from_worker(
  File "/opt/conda/envs/gdf/lib/python3.10/site-packages/distributed/worker.py", line 2874, in get_data_from_worker
    response = await send_recv(
  File "/opt/conda/envs/gdf/lib/python3.10/site-packages/distributed/core.py", line 1015, in send_recv
    response = await comm.read(deserializers=deserializers)
  File "/opt/conda/envs/gdf/lib/python3.10/site-packages/distributed/utils.py", line 806, in wrapper
    return await func(*args, **kwargs)
  File "/opt/conda/envs/gdf/lib/python3.10/site-packages/distributed/comm/ucx.py", line 369, in read
    raise CommClosedError(
distributed.comm.core.CommClosedError: Connection closed by writer.
Inner exception: UCXCanceled("<[Recv #003] ep: 0x7f64a2ad6180, tag: 0xec781f9fc3427452, nbytes: 16, type: <class 'numpy.ndarray'>>: ")
Task exception was never retrieved
future: <Task finished name='Task-313' coro=<_listener_handler_coroutine() done, defined at /opt/conda/envs/gdf/lib/python3.10/site-packages/ucp/core.py:140> exception=UCXError('<stream_recv>: Connection reset by remote peer')>
Traceback (most recent call last):
  File "/opt/conda/envs/gdf/lib/python3.10/site-packages/ucp/core.py", line 155, in _listener_handler_coroutine
    peer_info = await exchange_peer_info(
  File "/opt/conda/envs/gdf/lib/python3.10/site-packages/ucp/core.py", line 55, in exchange_peer_info
    await asyncio.wait_for(
  File "/opt/conda/envs/gdf/lib/python3.10/asyncio/tasks.py", line 445, in wait_for
    return fut.result()
ucp._libs.exceptions.UCXError: <stream_recv>: Connection reset by remote peer
Task exception was never retrieved
future: <Task finished name='Task-378' coro=<_listener_handler_coroutine() done, defined at /opt/conda/envs/gdf/lib/python3.10/site-packages/ucp/core.py:140> exception=UCXError('<stream_recv>: Connection reset by remote peer')>
Traceback (most recent call last):
  File "/opt/conda/envs/gdf/lib/python3.10/site-packages/ucp/core.py", line 155, in _listener_handler_coroutine
    peer_info = await exchange_peer_info(
  File "/opt/conda/envs/gdf/lib/python3.10/site-packages/ucp/core.py", line 55, in exchange_peer_info
    await asyncio.wait_for(
  File "/opt/conda/envs/gdf/lib/python3.10/asyncio/tasks.py", line 445, in wait_for
    return fut.result()
ucp._libs.exceptions.UCXError: <stream_recv>: Connection reset by remote peer
2024-10-07 06:17:57,347 - distributed.worker - ERROR - Worker stream died during communication: ucx://127.0.0.1:57711
Traceback (most recent call last):
  File "/opt/conda/envs/gdf/lib/python3.10/site-packages/distributed/comm/ucx.py", line 351, in read
    await self.ep.recv(msg)
  File "/opt/conda/envs/gdf/lib/python3.10/site-packages/ucp/core.py", line 737, in recv
    ret = await comm.tag_recv(self._ep, buffer, nbytes, tag, name=log)
ucp._libs.exceptions.UCXCanceled: <[Recv #000] ep: 0x7f46d168e200, tag: 0xa8321c72a1afeb8d, nbytes: 16, type: <class 'numpy.ndarray'>>: 

During handling of the above exception, another exception occurred:

Traceback (most recent call last):
  File "/opt/conda/envs/gdf/lib/python3.10/site-packages/distributed/worker.py", line 2056, in gather_dep
    response = await get_data_from_worker(
  File "/opt/conda/envs/gdf/lib/python3.10/site-packages/distributed/worker.py", line 2871, in get_data_from_worker
    comm = await rpc.connect(worker)
  File "/opt/conda/envs/gdf/lib/python3.10/site-packages/distributed/core.py", line 1535, in connect
    return connect_attempt.result()
  File "/opt/conda/envs/gdf/lib/python3.10/site-packages/distributed/core.py", line 1425, in _connect
    comm = await connect(
  File "/opt/conda/envs/gdf/lib/python3.10/site-packages/distributed/comm/core.py", line 377, in connect
    handshake = await comm.read()
  File "/opt/conda/envs/gdf/lib/python3.10/site-packages/distributed/utils.py", line 806, in wrapper
    return await func(*args, **kwargs)
  File "/opt/conda/envs/gdf/lib/python3.10/site-packages/distributed/comm/ucx.py", line 369, in read
    raise CommClosedError(
distributed.comm.core.CommClosedError: Connection closed by writer.
Inner exception: UCXCanceled("<[Recv #000] ep: 0x7f46d168e200, tag: 0xa8321c72a1afeb8d, nbytes: 16, type: <class 'numpy.ndarray'>>: ")
2024-10-07 06:17:57,351 - distributed.worker - ERROR - failed during get data with ucx://127.0.0.1:57879 -> ucx://127.0.0.1:51347
Traceback (most recent call last):
  File "/opt/conda/envs/gdf/lib/python3.10/site-packages/distributed/comm/ucx.py", line 335, in write
    await self.ep.send(each_frame)
  File "/opt/conda/envs/gdf/lib/python3.10/site-packages/ucp/core.py", line 662, in send
    return await comm.tag_send(self._ep, buffer, nbytes, tag, name=log)
ucp._libs.exceptions.UCXError: <[Send #007] ep: 0x7f46d168e240, tag: 0x3f6ad41ca33321da, nbytes: 50000000, type: <class 'cupy.ndarray'>>: Connection reset by remote peer

During handling of the above exception, another exception occurred:

Traceback (most recent call last):
  File "/opt/conda/envs/gdf/lib/python3.10/site-packages/distributed/worker.py", line 1777, in get_data
    compressed = await comm.write(msg, serializers=serializers)
  File "/opt/conda/envs/gdf/lib/python3.10/site-packages/distributed/utils.py", line 806, in wrapper
    return await func(*args, **kwargs)
  File "/opt/conda/envs/gdf/lib/python3.10/site-packages/distributed/comm/ucx.py", line 339, in write
    raise CommClosedError("While writing, the connection was closed")
distributed.comm.core.CommClosedError: While writing, the connection was closed
2024-10-07 06:17:57,351 - distributed.worker - ERROR - Worker stream died during communication: ucx://127.0.0.1:51347
Traceback (most recent call last):
  File "/opt/conda/envs/gdf/lib/python3.10/site-packages/distributed/comm/ucx.py", line 351, in read
    await self.ep.recv(msg)
  File "/opt/conda/envs/gdf/lib/python3.10/site-packages/ucp/core.py", line 737, in recv
    ret = await comm.tag_recv(self._ep, buffer, nbytes, tag, name=log)
ucp._libs.exceptions.UCXCanceled: <[Recv #000] ep: 0x7f64a2ad61c0, tag: 0x7255db3d01957d0, nbytes: 16, type: <class 'numpy.ndarray'>>: 

During handling of the above exception, another exception occurred:

Traceback (most recent call last):
  File "/opt/conda/envs/gdf/lib/python3.10/site-packages/distributed/worker.py", line 2056, in gather_dep
    response = await get_data_from_worker(
  File "/opt/conda/envs/gdf/lib/python3.10/site-packages/distributed/worker.py", line 2871, in get_data_from_worker
    comm = await rpc.connect(worker)
  File "/opt/conda/envs/gdf/lib/python3.10/site-packages/distributed/core.py", line 1535, in connect
    return connect_attempt.result()
  File "/opt/conda/envs/gdf/lib/python3.10/site-packages/distributed/core.py", line 1425, in _connect
    comm = await connect(
  File "/opt/conda/envs/gdf/lib/python3.10/site-packages/distributed/comm/core.py", line 377, in connect
    handshake = await comm.read()
  File "/opt/conda/envs/gdf/lib/python3.10/site-packages/distributed/utils.py", line 806, in wrapper
    return await func(*args, **kwargs)
  File "/opt/conda/envs/gdf/lib/python3.10/site-packages/distributed/comm/ucx.py", line 369, in read
    raise CommClosedError(
distributed.comm.core.CommClosedError: Connection closed by writer.
Inner exception: UCXCanceled("<[Recv #000] ep: 0x7f64a2ad61c0, tag: 0x7255db3d01957d0, nbytes: 16, type: <class 'numpy.ndarray'>>: ")
2024-10-07 06:17:57,351 - distributed.worker - ERROR - failed during get data with ucx://127.0.0.1:45165 -> ucx://127.0.0.1:51347
Traceback (most recent call last):
  File "/opt/conda/envs/gdf/lib/python3.10/site-packages/distributed/comm/ucx.py", line 335, in write
    await self.ep.send(each_frame)
  File "/opt/conda/envs/gdf/lib/python3.10/site-packages/ucp/core.py", line 662, in send
    return await comm.tag_send(self._ep, buffer, nbytes, tag, name=log)
ucp._libs.exceptions.UCXError: <[Send #007] ep: 0x7f3b1cb82240, tag: 0x45780a52fc9a16a7, nbytes: 50000000, type: <class 'cupy.ndarray'>>: Connection reset by remote peer

During handling of the above exception, another exception occurred:

Traceback (most recent call last):
  File "/opt/conda/envs/gdf/lib/python3.10/site-packages/distributed/worker.py", line 1777, in get_data
    compressed = await comm.write(msg, serializers=serializers)
  File "/opt/conda/envs/gdf/lib/python3.10/site-packages/distributed/utils.py", line 806, in wrapper
    return await func(*args, **kwargs)
  File "/opt/conda/envs/gdf/lib/python3.10/site-packages/distributed/comm/ucx.py", line 339, in write
    raise CommClosedError("While writing, the connection was closed")
distributed.comm.core.CommClosedError: While writing, the connection was closed
2024-10-07 06:17:57,353 - distributed.scheduler - WARNING - Removing worker 'ucx://127.0.0.1:57711' caused the cluster to lose already computed task(s), which will be recomputed elsewhere: {('random_sample-4373b2a318aa6a8a836e3a1772ecce28', 5, 1), ('random_sample-4373b2a318aa6a8a836e3a1772ecce28', 9, 5), ('random_sample-4373b2a318aa6a8a836e3a1772ecce28', 2, 8), ('random_sample-4373b2a318aa6a8a836e3a1772ecce28', 6, 1), ('sum-6dc87fcc9c9661f45596f4745d20a63d', 0, 0), ('random_sample-4373b2a318aa6a8a836e3a1772ecce28', 3, 6), ('random_sample-4373b2a318aa6a8a836e3a1772ecce28', 8, 7), ('random_sample-4373b2a318aa6a8a836e3a1772ecce28', 0, 1), ('random_sample-4373b2a318aa6a8a836e3a1772ecce28', 4, 0), ('random_sample-4373b2a318aa6a8a836e3a1772ecce28', 0, 0), ('random_sample-4373b2a318aa6a8a836e3a1772ecce28', 6, 2), ('random_sample-4373b2a318aa6a8a836e3a1772ecce28', 1, 8)} (stimulus_id='handle-worker-cleanup-1728281877.353755')
2024-10-07 06:17:57,356 - distributed.scheduler - WARNING - Removing worker 'ucx://127.0.0.1:51347' caused the cluster to lose already computed task(s), which will be recomputed elsewhere: {('random_sample-4373b2a318aa6a8a836e3a1772ecce28', 4, 9), ('random_sample-4373b2a318aa6a8a836e3a1772ecce28', 8, 2), ('random_sample-4373b2a318aa6a8a836e3a1772ecce28', 9, 2), ('random_sample-4373b2a318aa6a8a836e3a1772ecce28', 4, 2), ('random_sample-4373b2a318aa6a8a836e3a1772ecce28', 7, 1), ('random_sample-4373b2a318aa6a8a836e3a1772ecce28', 6, 4), ('sum-6dc87fcc9c9661f45596f4745d20a63d', 2, 9), ('random_sample-4373b2a318aa6a8a836e3a1772ecce28', 5, 3), ('random_sample-4373b2a318aa6a8a836e3a1772ecce28', 8, 4), ('random_sample-4373b2a318aa6a8a836e3a1772ecce28', 1, 3), ('random_sample-4373b2a318aa6a8a836e3a1772ecce28', 7, 6), ('random_sample-4373b2a318aa6a8a836e3a1772ecce28', 2, 6), ('random_sample-4373b2a318aa6a8a836e3a1772ecce28', 7, 9), ('random_sample-4373b2a318aa6a8a836e3a1772ecce28', 2, 9), ('sum-6dc87fcc9c9661f45596f4745d20a63d', 9, 2)} (stimulus_id='handle-worker-cleanup-1728281877.3562737')
2024-10-07 06:17:57,362 - distributed.worker - ERROR - Worker stream died during communication: ucx://127.0.0.1:51347
Traceback (most recent call last):
  File "/opt/conda/envs/gdf/lib/python3.10/site-packages/distributed/comm/ucx.py", line 468, in connect
    ep = await ucp.create_endpoint(ip, port)
  File "/opt/conda/envs/gdf/lib/python3.10/site-packages/ucp/core.py", line 1016, in create_endpoint
    return await _get_ctx().create_endpoint(
  File "/opt/conda/envs/gdf/lib/python3.10/site-packages/ucp/core.py", line 328, in create_endpoint
    peer_info = await exchange_peer_info(
  File "/opt/conda/envs/gdf/lib/python3.10/site-packages/ucp/core.py", line 60, in exchange_peer_info
    await asyncio.wait_for(
  File "/opt/conda/envs/gdf/lib/python3.10/asyncio/tasks.py", line 445, in wait_for
    return fut.result()
ucp._libs.exceptions.UCXNotConnected: <stream_recv>: 

During handling of the above exception, another exception occurred:

Traceback (most recent call last):
  File "/opt/conda/envs/gdf/lib/python3.10/site-packages/distributed/comm/core.py", line 342, in connect
    comm = await wait_for(
  File "/opt/conda/envs/gdf/lib/python3.10/site-packages/distributed/utils.py", line 1926, in wait_for
    return await asyncio.wait_for(fut, timeout)
  File "/opt/conda/envs/gdf/lib/python3.10/asyncio/tasks.py", line 445, in wait_for
    return fut.result()
  File "/opt/conda/envs/gdf/lib/python3.10/site-packages/distributed/comm/ucx.py", line 470, in connect
    raise CommClosedError("Connection closed before handshake completed")
distributed.comm.core.CommClosedError: Connection closed before handshake completed

During handling of the above exception, another exception occurred:

Traceback (most recent call last):
  File "/opt/conda/envs/gdf/lib/python3.10/site-packages/distributed/core.py", line 1425, in _connect
    comm = await connect(
  File "/opt/conda/envs/gdf/lib/python3.10/site-packages/distributed/comm/core.py", line 366, in connect
    await asyncio.sleep(backoff)
  File "/opt/conda/envs/gdf/lib/python3.10/asyncio/tasks.py", line 605, in sleep
    return await future
asyncio.exceptions.CancelledError

During handling of the above exception, another exception occurred:

Traceback (most recent call last):
  File "/opt/conda/envs/gdf/lib/python3.10/site-packages/distributed/core.py", line 1535, in connect
    return connect_attempt.result()
asyncio.exceptions.CancelledError

During handling of the above exception, another exception occurred:

Traceback (most recent call last):
  File "/opt/conda/envs/gdf/lib/python3.10/site-packages/distributed/worker.py", line 2056, in gather_dep
    response = await get_data_from_worker(
  File "/opt/conda/envs/gdf/lib/python3.10/site-packages/distributed/worker.py", line 2871, in get_data_from_worker
    comm = await rpc.connect(worker)
  File "/opt/conda/envs/gdf/lib/python3.10/site-packages/distributed/core.py", line 1537, in connect
    raise CommClosedError(reason)
distributed.comm.core.CommClosedError: Address removed.
Task exception was never retrieved
future: <Task finished name='Task-392' coro=<_listener_handler_coroutine() done, defined at /opt/conda/envs/gdf/lib/python3.10/site-packages/ucp/core.py:140> exception=UCXError('<stream_send>: Connection reset by remote peer')>
Traceback (most recent call last):
  File "/opt/conda/envs/gdf/lib/python3.10/site-packages/ucp/core.py", line 155, in _listener_handler_coroutine
    peer_info = await exchange_peer_info(
  File "/opt/conda/envs/gdf/lib/python3.10/site-packages/ucp/core.py", line 51, in exchange_peer_info
    await asyncio.wait_for(
  File "/opt/conda/envs/gdf/lib/python3.10/asyncio/tasks.py", line 445, in wait_for
    return fut.result()
ucp._libs.exceptions.UCXError: <stream_send>: Connection reset by remote peer
2024-10-07 06:17:57,390 - distributed.scheduler - WARNING - Removing worker 'ucx://127.0.0.1:52389' caused the cluster to lose already computed task(s), which will be recomputed elsewhere: {('random_sample-4373b2a318aa6a8a836e3a1772ecce28', 4, 5), ('random_sample-4373b2a318aa6a8a836e3a1772ecce28', 3, 3), ('random_sample-4373b2a318aa6a8a836e3a1772ecce28', 2, 1), ('random_sample-4373b2a318aa6a8a836e3a1772ecce28', 5, 7), ('random_sample-4373b2a318aa6a8a836e3a1772ecce28', 0, 8), ('random_sample-4373b2a318aa6a8a836e3a1772ecce28', 9, 7), ('sum-6dc87fcc9c9661f45596f4745d20a63d', 3, 3), ('random_sample-4373b2a318aa6a8a836e3a1772ecce28', 6, 3), ('random_sample-4373b2a318aa6a8a836e3a1772ecce28', 3, 9), ('random_sample-4373b2a318aa6a8a836e3a1772ecce28', 1, 6), ('random_sample-4373b2a318aa6a8a836e3a1772ecce28', 7, 0), ('random_sample-4373b2a318aa6a8a836e3a1772ecce28', 0, 4), ('random_sample-4373b2a318aa6a8a836e3a1772ecce28', 8, 9)} (stimulus_id='handle-worker-cleanup-1728281877.3904986')
2024-10-07 06:17:57,395 - distributed.nanny - WARNING - Restarting worker
2024-10-07 06:17:57,399 - distributed.worker - ERROR - Worker stream died during communication: ucx://127.0.0.1:52389
Traceback (most recent call last):
  File "/opt/conda/envs/gdf/lib/python3.10/site-packages/distributed/comm/ucx.py", line 468, in connect
    ep = await ucp.create_endpoint(ip, port)
  File "/opt/conda/envs/gdf/lib/python3.10/site-packages/ucp/core.py", line 1016, in create_endpoint
    return await _get_ctx().create_endpoint(
  File "/opt/conda/envs/gdf/lib/python3.10/site-packages/ucp/core.py", line 328, in create_endpoint
    peer_info = await exchange_peer_info(
  File "/opt/conda/envs/gdf/lib/python3.10/site-packages/ucp/core.py", line 60, in exchange_peer_info
    await asyncio.wait_for(
  File "/opt/conda/envs/gdf/lib/python3.10/asyncio/tasks.py", line 445, in wait_for
    return fut.result()
ucp._libs.exceptions.UCXError: <stream_recv>: Connection reset by remote peer

During handling of the above exception, another exception occurred:

Traceback (most recent call last):
  File "/opt/conda/envs/gdf/lib/python3.10/site-packages/distributed/comm/core.py", line 342, in connect
    comm = await wait_for(
  File "/opt/conda/envs/gdf/lib/python3.10/site-packages/distributed/utils.py", line 1926, in wait_for
    return await asyncio.wait_for(fut, timeout)
  File "/opt/conda/envs/gdf/lib/python3.10/asyncio/tasks.py", line 445, in wait_for
    return fut.result()
  File "/opt/conda/envs/gdf/lib/python3.10/site-packages/distributed/comm/ucx.py", line 470, in connect
    raise CommClosedError("Connection closed before handshake completed")
distributed.comm.core.CommClosedError: Connection closed before handshake completed

During handling of the above exception, another exception occurred:

Traceback (most recent call last):
  File "/opt/conda/envs/gdf/lib/python3.10/site-packages/distributed/core.py", line 1425, in _connect
    comm = await connect(
  File "/opt/conda/envs/gdf/lib/python3.10/site-packages/distributed/comm/core.py", line 366, in connect
    await asyncio.sleep(backoff)
  File "/opt/conda/envs/gdf/lib/python3.10/asyncio/tasks.py", line 605, in sleep
    return await future
asyncio.exceptions.CancelledError

During handling of the above exception, another exception occurred:

Traceback (most recent call last):
  File "/opt/conda/envs/gdf/lib/python3.10/site-packages/distributed/core.py", line 1535, in connect
    return connect_attempt.result()
asyncio.exceptions.CancelledError

During handling of the above exception, another exception occurred:

Traceback (most recent call last):
  File "/opt/conda/envs/gdf/lib/python3.10/site-packages/distributed/worker.py", line 2056, in gather_dep
    response = await get_data_from_worker(
  File "/opt/conda/envs/gdf/lib/python3.10/site-packages/distributed/worker.py", line 2871, in get_data_from_worker
    comm = await rpc.connect(worker)
  File "/opt/conda/envs/gdf/lib/python3.10/site-packages/distributed/core.py", line 1537, in connect
    raise CommClosedError(reason)
distributed.comm.core.CommClosedError: Address removed.
2024-10-07 06:17:57,416 - distributed.nanny - WARNING - Restarting worker
2024-10-07 06:17:57,399 - distributed.worker - ERROR - Worker stream died during communication: ucx://127.0.0.1:52389
Traceback (most recent call last):
  File "/opt/conda/envs/gdf/lib/python3.10/site-packages/distributed/core.py", line 1425, in _connect
    comm = await connect(
  File "/opt/conda/envs/gdf/lib/python3.10/site-packages/distributed/comm/core.py", line 342, in connect
    comm = await wait_for(
  File "/opt/conda/envs/gdf/lib/python3.10/site-packages/distributed/utils.py", line 1926, in wait_for
    return await asyncio.wait_for(fut, timeout)
  File "/opt/conda/envs/gdf/lib/python3.10/asyncio/tasks.py", line 432, in wait_for
    await waiter
asyncio.exceptions.CancelledError

During handling of the above exception, another exception occurred:

Traceback (most recent call last):
  File "/opt/conda/envs/gdf/lib/python3.10/site-packages/distributed/core.py", line 1535, in connect
    return connect_attempt.result()
asyncio.exceptions.CancelledError

During handling of the above exception, another exception occurred:

Traceback (most recent call last):
  File "/opt/conda/envs/gdf/lib/python3.10/site-packages/distributed/worker.py", line 2056, in gather_dep
    response = await get_data_from_worker(
  File "/opt/conda/envs/gdf/lib/python3.10/site-packages/distributed/worker.py", line 2871, in get_data_from_worker
    comm = await rpc.connect(worker)
  File "/opt/conda/envs/gdf/lib/python3.10/site-packages/distributed/core.py", line 1537, in connect
    raise CommClosedError(reason)
distributed.comm.core.CommClosedError: Address removed.
2024-10-07 06:17:57,399 - distributed.worker - ERROR - Worker stream died during communication: ucx://127.0.0.1:52389
Traceback (most recent call last):
  File "/opt/conda/envs/gdf/lib/python3.10/site-packages/distributed/comm/ucx.py", line 468, in connect
    ep = await ucp.create_endpoint(ip, port)
  File "/opt/conda/envs/gdf/lib/python3.10/site-packages/ucp/core.py", line 1016, in create_endpoint
    return await _get_ctx().create_endpoint(
  File "/opt/conda/envs/gdf/lib/python3.10/site-packages/ucp/core.py", line 328, in create_endpoint
    peer_info = await exchange_peer_info(
  File "/opt/conda/envs/gdf/lib/python3.10/site-packages/ucp/core.py", line 60, in exchange_peer_info
    await asyncio.wait_for(
  File "/opt/conda/envs/gdf/lib/python3.10/asyncio/tasks.py", line 445, in wait_for
    return fut.result()
ucp._libs.exceptions.UCXNotConnected: <stream_recv>: 

During handling of the above exception, another exception occurred:

Traceback (most recent call last):
  File "/opt/conda/envs/gdf/lib/python3.10/site-packages/distributed/comm/core.py", line 342, in connect
    comm = await wait_for(
  File "/opt/conda/envs/gdf/lib/python3.10/site-packages/distributed/utils.py", line 1926, in wait_for
    return await asyncio.wait_for(fut, timeout)
  File "/opt/conda/envs/gdf/lib/python3.10/asyncio/tasks.py", line 445, in wait_for
    return fut.result()
  File "/opt/conda/envs/gdf/lib/python3.10/site-packages/distributed/comm/ucx.py", line 470, in connect
    raise CommClosedError("Connection closed before handshake completed")
distributed.comm.core.CommClosedError: Connection closed before handshake completed

During handling of the above exception, another exception occurred:

Traceback (most recent call last):
  File "/opt/conda/envs/gdf/lib/python3.10/site-packages/distributed/core.py", line 1425, in _connect
    comm = await connect(
  File "/opt/conda/envs/gdf/lib/python3.10/site-packages/distributed/comm/core.py", line 366, in connect
    await asyncio.sleep(backoff)
  File "/opt/conda/envs/gdf/lib/python3.10/asyncio/tasks.py", line 605, in sleep
    return await future
asyncio.exceptions.CancelledError

During handling of the above exception, another exception occurred:

Traceback (most recent call last):
  File "/opt/conda/envs/gdf/lib/python3.10/site-packages/distributed/core.py", line 1535, in connect
    return connect_attempt.result()
asyncio.exceptions.CancelledError

During handling of the above exception, another exception occurred:

Traceback (most recent call last):
  File "/opt/conda/envs/gdf/lib/python3.10/site-packages/distributed/worker.py", line 2056, in gather_dep
    response = await get_data_from_worker(
  File "/opt/conda/envs/gdf/lib/python3.10/site-packages/distributed/worker.py", line 2871, in get_data_from_worker
    comm = await rpc.connect(worker)
  File "/opt/conda/envs/gdf/lib/python3.10/site-packages/distributed/core.py", line 1537, in connect
    raise CommClosedError(reason)
distributed.comm.core.CommClosedError: Address removed.
2024-10-07 06:17:57,509 - distributed.nanny - WARNING - Restarting worker
2024-10-07 06:17:57,536 - distributed.nanny - WARNING - Restarting worker
2024-10-07 06:18:27,364 - distributed.worker - ERROR - Worker stream died during communication: ucx://127.0.0.1:51347
Traceback (most recent call last):
  File "/opt/conda/envs/gdf/lib/python3.10/site-packages/distributed/comm/ucx.py", line 468, in connect
    ep = await ucp.create_endpoint(ip, port)
  File "/opt/conda/envs/gdf/lib/python3.10/site-packages/ucp/core.py", line 1016, in create_endpoint
    return await _get_ctx().create_endpoint(
  File "/opt/conda/envs/gdf/lib/python3.10/site-packages/ucp/core.py", line 328, in create_endpoint
    peer_info = await exchange_peer_info(
  File "/opt/conda/envs/gdf/lib/python3.10/site-packages/ucp/core.py", line 60, in exchange_peer_info
    await asyncio.wait_for(
  File "/opt/conda/envs/gdf/lib/python3.10/asyncio/tasks.py", line 432, in wait_for
    await waiter
asyncio.exceptions.CancelledError

During handling of the above exception, another exception occurred:

Traceback (most recent call last):
  File "/opt/conda/envs/gdf/lib/python3.10/asyncio/tasks.py", line 456, in wait_for
    return fut.result()
asyncio.exceptions.CancelledError

The above exception was the direct cause of the following exception:

Traceback (most recent call last):
  File "/opt/conda/envs/gdf/lib/python3.10/site-packages/distributed/comm/core.py", line 342, in connect
    comm = await wait_for(
  File "/opt/conda/envs/gdf/lib/python3.10/site-packages/distributed/utils.py", line 1926, in wait_for
    return await asyncio.wait_for(fut, timeout)
  File "/opt/conda/envs/gdf/lib/python3.10/asyncio/tasks.py", line 458, in wait_for
    raise exceptions.TimeoutError() from exc
asyncio.exceptions.TimeoutError

The above exception was the direct cause of the following exception:

Traceback (most recent call last):
  File "/opt/conda/envs/gdf/lib/python3.10/site-packages/distributed/worker.py", line 2056, in gather_dep
    response = await get_data_from_worker(
  File "/opt/conda/envs/gdf/lib/python3.10/site-packages/distributed/worker.py", line 2871, in get_data_from_worker
    comm = await rpc.connect(worker)
  File "/opt/conda/envs/gdf/lib/python3.10/site-packages/distributed/core.py", line 1535, in connect
    return connect_attempt.result()
  File "/opt/conda/envs/gdf/lib/python3.10/site-packages/distributed/core.py", line 1425, in _connect
    comm = await connect(
  File "/opt/conda/envs/gdf/lib/python3.10/site-packages/distributed/comm/core.py", line 368, in connect
    raise OSError(
OSError: Timed out trying to connect to ucx://127.0.0.1:51347 after 30 s
/opt/conda/envs/gdf/lib/python3.10/multiprocessing/resource_tracker.py:224: UserWarning: resource_tracker: There appear to be 48 leaked semaphore objects to clean up at shutdown
  warnings.warn('resource_tracker: There appear to be %d '
