[dgx13:87841:0:87841] Caught signal 11 (Segmentation fault: address not mapped to object at address 0x450)
[dgx13:87837:0:87837] Caught signal 11 (Segmentation fault: address not mapped to object at address 0x450)
==== backtrace (tid:  87841) ====
 0  /opt/conda/envs/gdf/lib/libucs.so.0(ucs_handle_error+0x2fd) [0x7f84b1fc9efd]
 1  /opt/conda/envs/gdf/lib/libucs.so.0(+0x2c0f4) [0x7f84b1fca0f4]
 2  /opt/conda/envs/gdf/lib/libucs.so.0(+0x2c2ba) [0x7f84b1fca2ba]
 3  /usr/lib/x86_64-linux-gnu/libpthread.so.0(+0x14420) [0x7f84f6569420]
 4  /opt/conda/envs/gdf/lib/libucp.so.0(ucp_mem_type_unpack+0x17) [0x7f84c807c7d7]
 5  /opt/conda/envs/gdf/lib/libucp.so.0(ucp_rndv_data_handler+0x65d) [0x7f84c80a528d]
 6  /opt/conda/envs/gdf/lib/libuct.so.0(+0x208df) [0x7f84b1f828df]
 7  /opt/conda/envs/gdf/lib/libuct.so.0(+0x23ab8) [0x7f84b1f85ab8]
 8  /opt/conda/envs/gdf/lib/libucs.so.0(ucs_event_set_wait+0xb9) [0x7f84b1fd3649]
 9  /opt/conda/envs/gdf/lib/libuct.so.0(uct_tcp_iface_progress+0x7d) [0x7f84b1f84bcd]
10  /opt/conda/envs/gdf/lib/libucp.so.0(ucp_worker_progress+0x5a) [0x7f84c80796da]
11  /opt/conda/envs/gdf/lib/python3.9/site-packages/ucp/_libs/ucx_api.cpython-39-x86_64-linux-gnu.so(+0x3206a) [0x7f84c813806a]
12  /opt/conda/envs/gdf/bin/python(_PyEval_EvalFrameDefault+0x45a6) [0x55af41ac7516]
13  /opt/conda/envs/gdf/bin/python(+0x12e184) [0x55af41ac2184]
14  /opt/conda/envs/gdf/bin/python(_PyFunction_Vectorcall+0xd9) [0x55af41ad3559]
15  /opt/conda/envs/gdf/bin/python(_PyEval_EvalFrameDefault+0x696) [0x55af41ac3606]
16  /opt/conda/envs/gdf/bin/python(+0x1e28a2) [0x55af41b768a2]
17  /opt/conda/envs/gdf/lib/python3.9/lib-dynload/_asyncio.cpython-39-x86_64-linux-gnu.so(+0x81e9) [0x7f84e9d6c1e9]
18  /opt/conda/envs/gdf/bin/python(_PyObject_MakeTpCall+0x2ec) [0x55af41acb7ac]
19  /opt/conda/envs/gdf/bin/python(+0xf266c) [0x55af41a8666c]
20  /opt/conda/envs/gdf/bin/python(+0x136833) [0x55af41aca833]
21  /opt/conda/envs/gdf/bin/python(_PyEval_EvalFrameDefault+0x58b4) [0x55af41ac8824]
22  /opt/conda/envs/gdf/bin/python(+0x13f802) [0x55af41ad3802]
23  /opt/conda/envs/gdf/bin/python(_PyEval_EvalFrameDefault+0x696) [0x55af41ac3606]
24  /opt/conda/envs/gdf/bin/python(+0x13f802) [0x55af41ad3802]
25  /opt/conda/envs/gdf/bin/python(_PyEval_EvalFrameDefault+0x696) [0x55af41ac3606]
26  /opt/conda/envs/gdf/bin/python(+0x13f802) [0x55af41ad3802]
27  /opt/conda/envs/gdf/bin/python(_PyEval_EvalFrameDefault+0x696) [0x55af41ac3606]
28  /opt/conda/envs/gdf/bin/python(+0x13f802) [0x55af41ad3802]
29  /opt/conda/envs/gdf/bin/python(_PyEval_EvalFrameDefault+0x696) [0x55af41ac3606]
30  /opt/conda/envs/gdf/bin/python(+0x12e184) [0x55af41ac2184]
31  /opt/conda/envs/gdf/bin/python(_PyFunction_Vectorcall+0xd9) [0x55af41ad3559]
32  /opt/conda/envs/gdf/bin/python(_PyEval_EvalFrameDefault+0x11f2) [0x55af41ac4162]
33  /opt/conda/envs/gdf/bin/python(+0x12e184) [0x55af41ac2184]
34  /opt/conda/envs/gdf/bin/python(+0x14c9fb) [0x55af41ae09fb]
35  /opt/conda/envs/gdf/bin/python(PyObject_Call+0xbc) [0x55af41ae117c]
36  /opt/conda/envs/gdf/bin/python(+0x2109ce) [0x55af41ba49ce]
37  /opt/conda/envs/gdf/bin/python(_PyObject_MakeTpCall+0x2ec) [0x55af41acb7ac]
38  /opt/conda/envs/gdf/bin/python(_PyEval_EvalFrameDefault+0x45a6) [0x55af41ac7516]
39  /opt/conda/envs/gdf/bin/python(+0x13f802) [0x55af41ad3802]
40  /opt/conda/envs/gdf/bin/python(+0x14cadc) [0x55af41ae0adc]
41  /opt/conda/envs/gdf/bin/python(_PyEval_EvalFrameDefault+0x45a6) [0x55af41ac7516]
42  /opt/conda/envs/gdf/bin/python(+0x13f802) [0x55af41ad3802]
43  /opt/conda/envs/gdf/bin/python(_PyEval_EvalFrameDefault+0x696) [0x55af41ac3606]
44  /opt/conda/envs/gdf/bin/python(+0x12e184) [0x55af41ac2184]
45  /opt/conda/envs/gdf/bin/python(_PyFunction_Vectorcall+0xd9) [0x55af41ad3559]
46  /opt/conda/envs/gdf/bin/python(_PyEval_EvalFrameDefault+0x696) [0x55af41ac3606]
47  /opt/conda/envs/gdf/bin/python(+0x13f802) [0x55af41ad3802]
48  /opt/conda/envs/gdf/bin/python(_PyEval_EvalFrameDefault+0x3e2) [0x55af41ac3352]
49  /opt/conda/envs/gdf/bin/python(+0x12e184) [0x55af41ac2184]
50  /opt/conda/envs/gdf/bin/python(_PyFunction_Vectorcall+0xd9) [0x55af41ad3559]
51  /opt/conda/envs/gdf/bin/python(_PyEval_EvalFrameDefault+0x11f2) [0x55af41ac4162]
52  /opt/conda/envs/gdf/bin/python(+0x12e184) [0x55af41ac2184]
53  /opt/conda/envs/gdf/bin/python(_PyEval_EvalCodeWithName+0x48) [0x55af41ac1e58]
54  /opt/conda/envs/gdf/bin/python(PyEval_EvalCodeEx+0x39) [0x55af41ac1e09]
55  /opt/conda/envs/gdf/bin/python(PyEval_EvalCode+0x1b) [0x55af41b6f4ab]
56  /opt/conda/envs/gdf/bin/python(+0x20887a) [0x55af41b9c87a]
==== backtrace (tid:  87837) ====
57  /opt/conda/envs/gdf/bin/python(+0x204c03) [0x55af41b98c03]
58  /opt/conda/envs/gdf/bin/python(PyRun_StringFlags+0x9a) [0x55af41b90a1a]
 0  /opt/conda/envs/gdf/lib/libucs.so.0(ucs_handle_error+0x2fd) [0x7f8ee3663efd]
59  /opt/conda/envs/gdf/bin/python(PyRun_SimpleStringFlags+0x3c) [0x55af41b9090c]
 1  /opt/conda/envs/gdf/lib/libucs.so.0(+0x2c0f4) [0x7f8ee36640f4]
60  /opt/conda/envs/gdf/bin/python(Py_RunMain+0x267) [0x55af41b8fb47]
 2  /opt/conda/envs/gdf/lib/libucs.so.0(+0x2c2ba) [0x7f8ee36642ba]
61  /opt/conda/envs/gdf/bin/python(Py_BytesMain+0x37) [0x55af41b632e7]
 3  /usr/lib/x86_64-linux-gnu/libpthread.so.0(+0x14420) [0x7f8f1fd48420]
=================================
 4  /opt/conda/envs/gdf/lib/libucp.so.0(ucp_mem_type_unpack+0x17) [0x7f8ee36e57d7]
 5  /opt/conda/envs/gdf/lib/libucp.so.0(ucp_rndv_data_handler+0x65d) [0x7f8ee370e28d]
 6  /opt/conda/envs/gdf/lib/libuct.so.0(+0x208df) [0x7f8ee361c8df]
 7  /opt/conda/envs/gdf/lib/libuct.so.0(+0x23ab8) [0x7f8ee361fab8]
 8  /opt/conda/envs/gdf/lib/libucs.so.0(ucs_event_set_wait+0xb9) [0x7f8ee366d649]
 9  /opt/conda/envs/gdf/lib/libuct.so.0(uct_tcp_iface_progress+0x7d) [0x7f8ee361ebcd]
10  /opt/conda/envs/gdf/lib/libucp.so.0(ucp_worker_progress+0x5a) [0x7f8ee36e26da]
11  /opt/conda/envs/gdf/lib/python3.9/site-packages/ucp/_libs/ucx_api.cpython-39-x86_64-linux-gnu.so(+0x3206a) [0x7f8ee37a106a]
12  /opt/conda/envs/gdf/bin/python(_PyEval_EvalFrameDefault+0x45a6) [0x55db8d79e516]
13  /opt/conda/envs/gdf/bin/python(+0x12e184) [0x55db8d799184]
14  /opt/conda/envs/gdf/bin/python(_PyFunction_Vectorcall+0xd9) [0x55db8d7aa559]
15  /opt/conda/envs/gdf/bin/python(_PyEval_EvalFrameDefault+0x696) [0x55db8d79a606]
16  /opt/conda/envs/gdf/bin/python(+0x1e28a2) [0x55db8d84d8a2]
17  /opt/conda/envs/gdf/lib/python3.9/lib-dynload/_asyncio.cpython-39-x86_64-linux-gnu.so(+0x81e9) [0x7f8f0f5421e9]
18  /opt/conda/envs/gdf/bin/python(_PyObject_MakeTpCall+0x2ec) [0x55db8d7a27ac]
19  /opt/conda/envs/gdf/bin/python(+0xf266c) [0x55db8d75d66c]
20  /opt/conda/envs/gdf/bin/python(+0x136833) [0x55db8d7a1833]
21  /opt/conda/envs/gdf/bin/python(_PyEval_EvalFrameDefault+0x58b4) [0x55db8d79f824]
22  /opt/conda/envs/gdf/bin/python(+0x13f802) [0x55db8d7aa802]
23  /opt/conda/envs/gdf/bin/python(_PyEval_EvalFrameDefault+0x696) [0x55db8d79a606]
24  /opt/conda/envs/gdf/bin/python(+0x13f802) [0x55db8d7aa802]
25  /opt/conda/envs/gdf/bin/python(_PyEval_EvalFrameDefault+0x696) [0x55db8d79a606]
26  /opt/conda/envs/gdf/bin/python(+0x13f802) [0x55db8d7aa802]
27  /opt/conda/envs/gdf/bin/python(_PyEval_EvalFrameDefault+0x696) [0x55db8d79a606]
28  /opt/conda/envs/gdf/bin/python(+0x13f802) [0x55db8d7aa802]
29  /opt/conda/envs/gdf/bin/python(_PyEval_EvalFrameDefault+0x696) [0x55db8d79a606]
30  /opt/conda/envs/gdf/bin/python(+0x12e184) [0x55db8d799184]
31  /opt/conda/envs/gdf/bin/python(_PyFunction_Vectorcall+0xd9) [0x55db8d7aa559]
32  /opt/conda/envs/gdf/bin/python(_PyEval_EvalFrameDefault+0x11f2) [0x55db8d79b162]
33  /opt/conda/envs/gdf/bin/python(+0x12e184) [0x55db8d799184]
34  /opt/conda/envs/gdf/bin/python(+0x14c9fb) [0x55db8d7b79fb]
35  /opt/conda/envs/gdf/bin/python(PyObject_Call+0xbc) [0x55db8d7b817c]
36  /opt/conda/envs/gdf/bin/python(+0x2109ce) [0x55db8d87b9ce]
37  /opt/conda/envs/gdf/bin/python(_PyObject_MakeTpCall+0x2ec) [0x55db8d7a27ac]
38  /opt/conda/envs/gdf/bin/python(_PyEval_EvalFrameDefault+0x45a6) [0x55db8d79e516]
39  /opt/conda/envs/gdf/bin/python(+0x13f802) [0x55db8d7aa802]
40  /opt/conda/envs/gdf/bin/python(+0x14cadc) [0x55db8d7b7adc]
41  /opt/conda/envs/gdf/bin/python(_PyEval_EvalFrameDefault+0x45a6) [0x55db8d79e516]
42  /opt/conda/envs/gdf/bin/python(+0x13f802) [0x55db8d7aa802]
43  /opt/conda/envs/gdf/bin/python(_PyEval_EvalFrameDefault+0x696) [0x55db8d79a606]
44  /opt/conda/envs/gdf/bin/python(+0x12e184) [0x55db8d799184]
45  /opt/conda/envs/gdf/bin/python(_PyFunction_Vectorcall+0xd9) [0x55db8d7aa559]
46  /opt/conda/envs/gdf/bin/python(_PyEval_EvalFrameDefault+0x696) [0x55db8d79a606]
47  /opt/conda/envs/gdf/bin/python(+0x13f802) [0x55db8d7aa802]
48  /opt/conda/envs/gdf/bin/python(_PyEval_EvalFrameDefault+0x3e2) [0x55db8d79a352]
49  /opt/conda/envs/gdf/bin/python(+0x12e184) [0x55db8d799184]
50  /opt/conda/envs/gdf/bin/python(_PyFunction_Vectorcall+0xd9) [0x55db8d7aa559]
51  /opt/conda/envs/gdf/bin/python(_PyEval_EvalFrameDefault+0x11f2) [0x55db8d79b162]
52  /opt/conda/envs/gdf/bin/python(+0x12e184) [0x55db8d799184]
53  /opt/conda/envs/gdf/bin/python(_PyEval_EvalCodeWithName+0x48) [0x55db8d798e58]
54  /opt/conda/envs/gdf/bin/python(PyEval_EvalCodeEx+0x39) [0x55db8d798e09]
55  /opt/conda/envs/gdf/bin/python(PyEval_EvalCode+0x1b) [0x55db8d8464ab]
56  /opt/conda/envs/gdf/bin/python(+0x20887a) [0x55db8d87387a]
57  /opt/conda/envs/gdf/bin/python(+0x204c03) [0x55db8d86fc03]
58  /opt/conda/envs/gdf/bin/python(PyRun_StringFlags+0x9a) [0x55db8d867a1a]
59  /opt/conda/envs/gdf/bin/python(PyRun_SimpleStringFlags+0x3c) [0x55db8d86790c]
60  /opt/conda/envs/gdf/bin/python(Py_RunMain+0x267) [0x55db8d866b47]
61  /opt/conda/envs/gdf/bin/python(Py_BytesMain+0x37) [0x55db8d83a2e7]
=================================
[dgx13:87822:0:87822] Caught signal 11 (Segmentation fault: address not mapped to object at address 0x450)
==== backtrace (tid:  87822) ====
 0  /opt/conda/envs/gdf/lib/libucs.so.0(ucs_handle_error+0x2fd) [0x7fd3b809cefd]
 1  /opt/conda/envs/gdf/lib/libucs.so.0(+0x2c0f4) [0x7fd3b809d0f4]
 2  /opt/conda/envs/gdf/lib/libucs.so.0(+0x2c2ba) [0x7fd3b809d2ba]
 3  /usr/lib/x86_64-linux-gnu/libpthread.so.0(+0x14420) [0x7fd3e6770420]
 4  /opt/conda/envs/gdf/lib/libucp.so.0(ucp_mem_type_unpack+0x17) [0x7fd3b811e7d7]
 5  /opt/conda/envs/gdf/lib/libucp.so.0(ucp_rndv_data_handler+0x65d) [0x7fd3b814728d]
 6  /opt/conda/envs/gdf/lib/libuct.so.0(+0x208df) [0x7fd3b80558df]
 7  /opt/conda/envs/gdf/lib/libuct.so.0(+0x23ab8) [0x7fd3b8058ab8]
 8  /opt/conda/envs/gdf/lib/libucs.so.0(ucs_event_set_wait+0xb9) [0x7fd3b80a6649]
 9  /opt/conda/envs/gdf/lib/libuct.so.0(uct_tcp_iface_progress+0x7d) [0x7fd3b8057bcd]
10  /opt/conda/envs/gdf/lib/libucp.so.0(ucp_worker_progress+0x5a) [0x7fd3b811b6da]
11  /opt/conda/envs/gdf/lib/python3.9/site-packages/ucp/_libs/ucx_api.cpython-39-x86_64-linux-gnu.so(+0x3206a) [0x7fd3b81da06a]
12  /opt/conda/envs/gdf/bin/python(_PyEval_EvalFrameDefault+0x45a6) [0x55bc47e5f516]
13  /opt/conda/envs/gdf/bin/python(+0x12e184) [0x55bc47e5a184]
14  /opt/conda/envs/gdf/bin/python(_PyFunction_Vectorcall+0xd9) [0x55bc47e6b559]
15  /opt/conda/envs/gdf/bin/python(_PyEval_EvalFrameDefault+0x696) [0x55bc47e5b606]
16  /opt/conda/envs/gdf/bin/python(+0x13f802) [0x55bc47e6b802]
17  /opt/conda/envs/gdf/bin/python(+0x14cbb3) [0x55bc47e78bb3]
18  /opt/conda/envs/gdf/bin/python(+0x25842c) [0x55bc47f8442c]
19  /opt/conda/envs/gdf/bin/python(+0xf266c) [0x55bc47e1e66c]
20  /opt/conda/envs/gdf/bin/python(+0x136833) [0x55bc47e62833]
21  /opt/conda/envs/gdf/bin/python(_PyEval_EvalFrameDefault+0x58b4) [0x55bc47e60824]
22  /opt/conda/envs/gdf/bin/python(+0x13f802) [0x55bc47e6b802]
23  /opt/conda/envs/gdf/bin/python(_PyEval_EvalFrameDefault+0x696) [0x55bc47e5b606]
24  /opt/conda/envs/gdf/bin/python(+0x13f802) [0x55bc47e6b802]
25  /opt/conda/envs/gdf/bin/python(_PyEval_EvalFrameDefault+0x696) [0x55bc47e5b606]
26  /opt/conda/envs/gdf/bin/python(+0x13f802) [0x55bc47e6b802]
27  /opt/conda/envs/gdf/bin/python(_PyEval_EvalFrameDefault+0x696) [0x55bc47e5b606]
28  /opt/conda/envs/gdf/bin/python(+0x13f802) [0x55bc47e6b802]
29  /opt/conda/envs/gdf/bin/python(_PyEval_EvalFrameDefault+0x696) [0x55bc47e5b606]
30  /opt/conda/envs/gdf/bin/python(+0x12e184) [0x55bc47e5a184]
31  /opt/conda/envs/gdf/bin/python(_PyFunction_Vectorcall+0xd9) [0x55bc47e6b559]
32  /opt/conda/envs/gdf/bin/python(_PyEval_EvalFrameDefault+0x11f2) [0x55bc47e5c162]
33  /opt/conda/envs/gdf/bin/python(+0x12e184) [0x55bc47e5a184]
34  /opt/conda/envs/gdf/bin/python(+0x14c9fb) [0x55bc47e789fb]
35  /opt/conda/envs/gdf/bin/python(PyObject_Call+0xbc) [0x55bc47e7917c]
36  /opt/conda/envs/gdf/bin/python(+0x2109ce) [0x55bc47f3c9ce]
37  /opt/conda/envs/gdf/bin/python(_PyObject_MakeTpCall+0x2ec) [0x55bc47e637ac]
38  /opt/conda/envs/gdf/bin/python(_PyEval_EvalFrameDefault+0x45a6) [0x55bc47e5f516]
39  /opt/conda/envs/gdf/bin/python(+0x13f802) [0x55bc47e6b802]
40  /opt/conda/envs/gdf/bin/python(+0x14cadc) [0x55bc47e78adc]
41  /opt/conda/envs/gdf/bin/python(_PyEval_EvalFrameDefault+0x45a6) [0x55bc47e5f516]
42  /opt/conda/envs/gdf/bin/python(+0x13f802) [0x55bc47e6b802]
43  /opt/conda/envs/gdf/bin/python(_PyEval_EvalFrameDefault+0x696) [0x55bc47e5b606]
44  /opt/conda/envs/gdf/bin/python(+0x12e184) [0x55bc47e5a184]
45  /opt/conda/envs/gdf/bin/python(_PyFunction_Vectorcall+0xd9) [0x55bc47e6b559]
46  /opt/conda/envs/gdf/bin/python(_PyEval_EvalFrameDefault+0x696) [0x55bc47e5b606]
47  /opt/conda/envs/gdf/bin/python(+0x13f802) [0x55bc47e6b802]
48  /opt/conda/envs/gdf/bin/python(_PyEval_EvalFrameDefault+0x3e2) [0x55bc47e5b352]
49  /opt/conda/envs/gdf/bin/python(+0x12e184) [0x55bc47e5a184]
50  /opt/conda/envs/gdf/bin/python(_PyFunction_Vectorcall+0xd9) [0x55bc47e6b559]
51  /opt/conda/envs/gdf/bin/python(_PyEval_EvalFrameDefault+0x11f2) [0x55bc47e5c162]
52  /opt/conda/envs/gdf/bin/python(+0x12e184) [0x55bc47e5a184]
53  /opt/conda/envs/gdf/bin/python(_PyEval_EvalCodeWithName+0x48) [0x55bc47e59e58]
54  /opt/conda/envs/gdf/bin/python(PyEval_EvalCodeEx+0x39) [0x55bc47e59e09]
55  /opt/conda/envs/gdf/bin/python(PyEval_EvalCode+0x1b) [0x55bc47f074ab]
56  /opt/conda/envs/gdf/bin/python(+0x20887a) [0x55bc47f3487a]
57  /opt/conda/envs/gdf/bin/python(+0x204c03) [0x55bc47f30c03]
58  /opt/conda/envs/gdf/bin/python(PyRun_StringFlags+0x9a) [0x55bc47f28a1a]
59  /opt/conda/envs/gdf/bin/python(PyRun_SimpleStringFlags+0x3c) [0x55bc47f2890c]
60  /opt/conda/envs/gdf/bin/python(Py_RunMain+0x267) [0x55bc47f27b47]
61  /opt/conda/envs/gdf/bin/python(Py_BytesMain+0x37) [0x55bc47efb2e7]
=================================
[dgx13:87817:0:87817] Caught signal 11 (Segmentation fault: address not mapped to object at address 0x450)
==== backtrace (tid:  87817) ====
 0  /opt/conda/envs/gdf/lib/libucs.so.0(ucs_handle_error+0x2fd) [0x7effa3442efd]
 1  /opt/conda/envs/gdf/lib/libucs.so.0(+0x2c0f4) [0x7effa34430f4]
 2  /opt/conda/envs/gdf/lib/libucs.so.0(+0x2c2ba) [0x7effa34432ba]
 3  /usr/lib/x86_64-linux-gnu/libpthread.so.0(+0x14420) [0x7effdfb22420]
 4  /opt/conda/envs/gdf/lib/libucp.so.0(ucp_mem_type_unpack+0x17) [0x7effa34c47d7]
 5  /opt/conda/envs/gdf/lib/libucp.so.0(ucp_rndv_data_handler+0x65d) [0x7effa34ed28d]
 6  /opt/conda/envs/gdf/lib/libuct.so.0(+0x208df) [0x7effa33fb8df]
 7  /opt/conda/envs/gdf/lib/libuct.so.0(+0x23ab8) [0x7effa33feab8]
 8  /opt/conda/envs/gdf/lib/libucs.so.0(ucs_event_set_wait+0xb9) [0x7effa344c649]
 9  /opt/conda/envs/gdf/lib/libuct.so.0(uct_tcp_iface_progress+0x7d) [0x7effa33fdbcd]
10  /opt/conda/envs/gdf/lib/libucp.so.0(ucp_worker_progress+0x5a) [0x7effa34c16da]
11  /opt/conda/envs/gdf/lib/python3.9/site-packages/ucp/_libs/ucx_api.cpython-39-x86_64-linux-gnu.so(+0x3206a) [0x7effa358006a]
12  /opt/conda/envs/gdf/bin/python(_PyEval_EvalFrameDefault+0x45a6) [0x5644b3042516]
13  /opt/conda/envs/gdf/bin/python(+0x12e184) [0x5644b303d184]
14  /opt/conda/envs/gdf/bin/python(_PyFunction_Vectorcall+0xd9) [0x5644b304e559]
15  /opt/conda/envs/gdf/bin/python(_PyEval_EvalFrameDefault+0x696) [0x5644b303e606]
16  /opt/conda/envs/gdf/bin/python(+0x1e28a2) [0x5644b30f18a2]
17  /opt/conda/envs/gdf/lib/python3.9/lib-dynload/_asyncio.cpython-39-x86_64-linux-gnu.so(+0x81e9) [0x7effcf31c1e9]
18  /opt/conda/envs/gdf/bin/python(_PyObject_MakeTpCall+0x2ec) [0x5644b30467ac]
19  /opt/conda/envs/gdf/bin/python(+0xf266c) [0x5644b300166c]
20  /opt/conda/envs/gdf/bin/python(+0x136833) [0x5644b3045833]
21  /opt/conda/envs/gdf/bin/python(_PyEval_EvalFrameDefault+0x58b4) [0x5644b3043824]
22  /opt/conda/envs/gdf/bin/python(+0x13f802) [0x5644b304e802]
23  /opt/conda/envs/gdf/bin/python(_PyEval_EvalFrameDefault+0x696) [0x5644b303e606]
24  /opt/conda/envs/gdf/bin/python(+0x13f802) [0x5644b304e802]
25  /opt/conda/envs/gdf/bin/python(_PyEval_EvalFrameDefault+0x696) [0x5644b303e606]
26  /opt/conda/envs/gdf/bin/python(+0x13f802) [0x5644b304e802]
27  /opt/conda/envs/gdf/bin/python(_PyEval_EvalFrameDefault+0x696) [0x5644b303e606]
28  /opt/conda/envs/gdf/bin/python(+0x13f802) [0x5644b304e802]
29  /opt/conda/envs/gdf/bin/python(_PyEval_EvalFrameDefault+0x696) [0x5644b303e606]
30  /opt/conda/envs/gdf/bin/python(+0x12e184) [0x5644b303d184]
31  /opt/conda/envs/gdf/bin/python(_PyFunction_Vectorcall+0xd9) [0x5644b304e559]
32  /opt/conda/envs/gdf/bin/python(_PyEval_EvalFrameDefault+0x11f2) [0x5644b303f162]
33  /opt/conda/envs/gdf/bin/python(+0x12e184) [0x5644b303d184]
34  /opt/conda/envs/gdf/bin/python(+0x14c9fb) [0x5644b305b9fb]
35  /opt/conda/envs/gdf/bin/python(PyObject_Call+0xbc) [0x5644b305c17c]
36  /opt/conda/envs/gdf/bin/python(+0x2109ce) [0x5644b311f9ce]
37  /opt/conda/envs/gdf/bin/python(_PyObject_MakeTpCall+0x2ec) [0x5644b30467ac]
38  /opt/conda/envs/gdf/bin/python(_PyEval_EvalFrameDefault+0x45a6) [0x5644b3042516]
39  /opt/conda/envs/gdf/bin/python(+0x13f802) [0x5644b304e802]
40  /opt/conda/envs/gdf/bin/python(+0x14cadc) [0x5644b305badc]
41  /opt/conda/envs/gdf/bin/python(_PyEval_EvalFrameDefault+0x45a6) [0x5644b3042516]
42  /opt/conda/envs/gdf/bin/python(+0x13f802) [0x5644b304e802]
43  /opt/conda/envs/gdf/bin/python(_PyEval_EvalFrameDefault+0x696) [0x5644b303e606]
44  /opt/conda/envs/gdf/bin/python(+0x12e184) [0x5644b303d184]
45  /opt/conda/envs/gdf/bin/python(_PyFunction_Vectorcall+0xd9) [0x5644b304e559]
46  /opt/conda/envs/gdf/bin/python(_PyEval_EvalFrameDefault+0x696) [0x5644b303e606]
47  /opt/conda/envs/gdf/bin/python(+0x13f802) [0x5644b304e802]
48  /opt/conda/envs/gdf/bin/python(_PyEval_EvalFrameDefault+0x3e2) [0x5644b303e352]
49  /opt/conda/envs/gdf/bin/python(+0x12e184) [0x5644b303d184]
50  /opt/conda/envs/gdf/bin/python(_PyFunction_Vectorcall+0xd9) [0x5644b304e559]
51  /opt/conda/envs/gdf/bin/python(_PyEval_EvalFrameDefault+0x11f2) [0x5644b303f162]
52  /opt/conda/envs/gdf/bin/python(+0x12e184) [0x5644b303d184]
53  /opt/conda/envs/gdf/bin/python(_PyEval_EvalCodeWithName+0x48) [0x5644b303ce58]
54  /opt/conda/envs/gdf/bin/python(PyEval_EvalCodeEx+0x39) [0x5644b303ce09]
55  /opt/conda/envs/gdf/bin/python(PyEval_EvalCode+0x1b) [0x5644b30ea4ab]
56  /opt/conda/envs/gdf/bin/python(+0x20887a) [0x5644b311787a]
57  /opt/conda/envs/gdf/bin/python(+0x204c03) [0x5644b3113c03]
58  /opt/conda/envs/gdf/bin/python(PyRun_StringFlags+0x9a) [0x5644b310ba1a]
59  /opt/conda/envs/gdf/bin/python(PyRun_SimpleStringFlags+0x3c) [0x5644b310b90c]
60  /opt/conda/envs/gdf/bin/python(Py_RunMain+0x267) [0x5644b310ab47]
61  /opt/conda/envs/gdf/bin/python(Py_BytesMain+0x37) [0x5644b30de2e7]
=================================
[dgx13:87829:0:87829] Caught signal 11 (Segmentation fault: address not mapped to object at address 0x450)
==== backtrace (tid:  87829) ====
 0  /opt/conda/envs/gdf/lib/libucs.so.0(ucs_handle_error+0x2fd) [0x7fa6352c6efd]
 1  /opt/conda/envs/gdf/lib/libucs.so.0(+0x2c0f4) [0x7fa6352c70f4]
 2  /opt/conda/envs/gdf/lib/libucs.so.0(+0x2c2ba) [0x7fa6352c72ba]
 3  /usr/lib/x86_64-linux-gnu/libpthread.so.0(+0x14420) [0x7fa6759d8420]
 4  /opt/conda/envs/gdf/lib/libucp.so.0(ucp_mem_type_unpack+0x17) [0x7fa6353487d7]
 5  /opt/conda/envs/gdf/lib/libucp.so.0(ucp_rndv_data_handler+0x65d) [0x7fa63537128d]
 6  /opt/conda/envs/gdf/lib/libuct.so.0(+0x208df) [0x7fa63527f8df]
 7  /opt/conda/envs/gdf/lib/libuct.so.0(+0x23ab8) [0x7fa635282ab8]
 8  /opt/conda/envs/gdf/lib/libucs.so.0(ucs_event_set_wait+0xb9) [0x7fa6352d0649]
 9  /opt/conda/envs/gdf/lib/libuct.so.0(uct_tcp_iface_progress+0x7d) [0x7fa635281bcd]
10  /opt/conda/envs/gdf/lib/libucp.so.0(ucp_worker_progress+0x5a) [0x7fa6353456da]
11  /opt/conda/envs/gdf/lib/python3.9/site-packages/ucp/_libs/ucx_api.cpython-39-x86_64-linux-gnu.so(+0x3206a) [0x7fa63540406a]
12  /opt/conda/envs/gdf/bin/python(_PyEval_EvalFrameDefault+0x45a6) [0x5626b71b0516]
13  /opt/conda/envs/gdf/bin/python(+0x12e184) [0x5626b71ab184]
14  /opt/conda/envs/gdf/bin/python(_PyFunction_Vectorcall+0xd9) [0x5626b71bc559]
15  /opt/conda/envs/gdf/bin/python(_PyEval_EvalFrameDefault+0x696) [0x5626b71ac606]
16  /opt/conda/envs/gdf/bin/python(+0x1e28a2) [0x5626b725f8a2]
17  /opt/conda/envs/gdf/lib/python3.9/lib-dynload/_asyncio.cpython-39-x86_64-linux-gnu.so(+0x81e9) [0x7fa6691dd1e9]
18  /opt/conda/envs/gdf/bin/python(_PyObject_MakeTpCall+0x2ec) [0x5626b71b47ac]
19  /opt/conda/envs/gdf/bin/python(+0xf266c) [0x5626b716f66c]
20  /opt/conda/envs/gdf/bin/python(+0x136833) [0x5626b71b3833]
21  /opt/conda/envs/gdf/bin/python(_PyEval_EvalFrameDefault+0x58b4) [0x5626b71b1824]
22  /opt/conda/envs/gdf/bin/python(+0x13f802) [0x5626b71bc802]
23  /opt/conda/envs/gdf/bin/python(_PyEval_EvalFrameDefault+0x696) [0x5626b71ac606]
24  /opt/conda/envs/gdf/bin/python(+0x13f802) [0x5626b71bc802]
25  /opt/conda/envs/gdf/bin/python(_PyEval_EvalFrameDefault+0x696) [0x5626b71ac606]
26  /opt/conda/envs/gdf/bin/python(+0x13f802) [0x5626b71bc802]
27  /opt/conda/envs/gdf/bin/python(_PyEval_EvalFrameDefault+0x696) [0x5626b71ac606]
28  /opt/conda/envs/gdf/bin/python(+0x13f802) [0x5626b71bc802]
29  /opt/conda/envs/gdf/bin/python(_PyEval_EvalFrameDefault+0x696) [0x5626b71ac606]
30  /opt/conda/envs/gdf/bin/python(+0x12e184) [0x5626b71ab184]
31  /opt/conda/envs/gdf/bin/python(_PyFunction_Vectorcall+0xd9) [0x5626b71bc559]
32  /opt/conda/envs/gdf/bin/python(_PyEval_EvalFrameDefault+0x11f2) [0x5626b71ad162]
33  /opt/conda/envs/gdf/bin/python(+0x12e184) [0x5626b71ab184]
34  /opt/conda/envs/gdf/bin/python(+0x14c9fb) [0x5626b71c99fb]
35  /opt/conda/envs/gdf/bin/python(PyObject_Call+0xbc) [0x5626b71ca17c]
36  /opt/conda/envs/gdf/bin/python(+0x2109ce) [0x5626b728d9ce]
37  /opt/conda/envs/gdf/bin/python(_PyObject_MakeTpCall+0x2ec) [0x5626b71b47ac]
38  /opt/conda/envs/gdf/bin/python(_PyEval_EvalFrameDefault+0x45a6) [0x5626b71b0516]
39  /opt/conda/envs/gdf/bin/python(+0x13f802) [0x5626b71bc802]
40  /opt/conda/envs/gdf/bin/python(+0x14cadc) [0x5626b71c9adc]
41  /opt/conda/envs/gdf/bin/python(_PyEval_EvalFrameDefault+0x45a6) [0x5626b71b0516]
42  /opt/conda/envs/gdf/bin/python(+0x13f802) [0x5626b71bc802]
43  /opt/conda/envs/gdf/bin/python(_PyEval_EvalFrameDefault+0x696) [0x5626b71ac606]
44  /opt/conda/envs/gdf/bin/python(+0x12e184) [0x5626b71ab184]
45  /opt/conda/envs/gdf/bin/python(_PyFunction_Vectorcall+0xd9) [0x5626b71bc559]
46  /opt/conda/envs/gdf/bin/python(_PyEval_EvalFrameDefault+0x696) [0x5626b71ac606]
47  /opt/conda/envs/gdf/bin/python(+0x13f802) [0x5626b71bc802]
48  /opt/conda/envs/gdf/bin/python(_PyEval_EvalFrameDefault+0x3e2) [0x5626b71ac352]
49  /opt/conda/envs/gdf/bin/python(+0x12e184) [0x5626b71ab184]
50  /opt/conda/envs/gdf/bin/python(_PyFunction_Vectorcall+0xd9) [0x5626b71bc559]
51  /opt/conda/envs/gdf/bin/python(_PyEval_EvalFrameDefault+0x11f2) [0x5626b71ad162]
52  /opt/conda/envs/gdf/bin/python(+0x12e184) [0x5626b71ab184]
53  /opt/conda/envs/gdf/bin/python(_PyEval_EvalCodeWithName+0x48) [0x5626b71aae58]
54  /opt/conda/envs/gdf/bin/python(PyEval_EvalCodeEx+0x39) [0x5626b71aae09]
55  /opt/conda/envs/gdf/bin/python(PyEval_EvalCode+0x1b) [0x5626b72584ab]
56  /opt/conda/envs/gdf/bin/python(+0x20887a) [0x5626b728587a]
57  /opt/conda/envs/gdf/bin/python(+0x204c03) [0x5626b7281c03]
58  /opt/conda/envs/gdf/bin/python(PyRun_StringFlags+0x9a) [0x5626b7279a1a]
59  /opt/conda/envs/gdf/bin/python(PyRun_SimpleStringFlags+0x3c) [0x5626b727990c]
60  /opt/conda/envs/gdf/bin/python(Py_RunMain+0x267) [0x5626b7278b47]
61  /opt/conda/envs/gdf/bin/python(Py_BytesMain+0x37) [0x5626b724c2e7]
=================================
[dgx13:87833:0:87833] Caught signal 11 (Segmentation fault: address not mapped to object at address 0x450)
==== backtrace (tid:  87833) ====
 0  /opt/conda/envs/gdf/lib/libucs.so.0(ucs_handle_error+0x2fd) [0x7f65fcd20efd]
 1  /opt/conda/envs/gdf/lib/libucs.so.0(+0x2c0f4) [0x7f65fcd210f4]
 2  /opt/conda/envs/gdf/lib/libucs.so.0(+0x2c2ba) [0x7f65fcd212ba]
 3  /usr/lib/x86_64-linux-gnu/libpthread.so.0(+0x14420) [0x7f662b40b420]
 4  /opt/conda/envs/gdf/lib/libucp.so.0(ucp_mem_type_unpack+0x17) [0x7f65fcda27d7]
 5  /opt/conda/envs/gdf/lib/libucp.so.0(ucp_rndv_data_handler+0x65d) [0x7f65fcdcb28d]
 6  /opt/conda/envs/gdf/lib/libuct.so.0(+0x208df) [0x7f65fccd98df]
 7  /opt/conda/envs/gdf/lib/libuct.so.0(+0x23ab8) [0x7f65fccdcab8]
 8  /opt/conda/envs/gdf/lib/libucs.so.0(ucs_event_set_wait+0xb9) [0x7f65fcd2a649]
 9  /opt/conda/envs/gdf/lib/libuct.so.0(uct_tcp_iface_progress+0x7d) [0x7f65fccdbbcd]
10  /opt/conda/envs/gdf/lib/libucp.so.0(ucp_worker_progress+0x5a) [0x7f65fcd9f6da]
11  /opt/conda/envs/gdf/lib/python3.9/site-packages/ucp/_libs/ucx_api.cpython-39-x86_64-linux-gnu.so(+0x3206a) [0x7f65fce5e06a]
12  /opt/conda/envs/gdf/bin/python(_PyEval_EvalFrameDefault+0x45a6) [0x55bfae117516]
13  /opt/conda/envs/gdf/bin/python(+0x12e184) [0x55bfae112184]
14  /opt/conda/envs/gdf/bin/python(_PyFunction_Vectorcall+0xd9) [0x55bfae123559]
15  /opt/conda/envs/gdf/bin/python(_PyEval_EvalFrameDefault+0x696) [0x55bfae113606]
16  /opt/conda/envs/gdf/bin/python(+0x13f802) [0x55bfae123802]
17  /opt/conda/envs/gdf/bin/python(+0x14cbb3) [0x55bfae130bb3]
18  /opt/conda/envs/gdf/bin/python(+0x25842c) [0x55bfae23c42c]
19  /opt/conda/envs/gdf/bin/python(+0xf266c) [0x55bfae0d666c]
20  /opt/conda/envs/gdf/bin/python(+0x136833) [0x55bfae11a833]
21  /opt/conda/envs/gdf/bin/python(_PyEval_EvalFrameDefault+0x58b4) [0x55bfae118824]
22  /opt/conda/envs/gdf/bin/python(+0x13f802) [0x55bfae123802]
23  /opt/conda/envs/gdf/bin/python(_PyEval_EvalFrameDefault+0x696) [0x55bfae113606]
24  /opt/conda/envs/gdf/bin/python(+0x13f802) [0x55bfae123802]
25  /opt/conda/envs/gdf/bin/python(_PyEval_EvalFrameDefault+0x696) [0x55bfae113606]
26  /opt/conda/envs/gdf/bin/python(+0x13f802) [0x55bfae123802]
27  /opt/conda/envs/gdf/bin/python(_PyEval_EvalFrameDefault+0x696) [0x55bfae113606]
28  /opt/conda/envs/gdf/bin/python(+0x13f802) [0x55bfae123802]
29  /opt/conda/envs/gdf/bin/python(_PyEval_EvalFrameDefault+0x696) [0x55bfae113606]
30  /opt/conda/envs/gdf/bin/python(+0x12e184) [0x55bfae112184]
31  /opt/conda/envs/gdf/bin/python(_PyFunction_Vectorcall+0xd9) [0x55bfae123559]
32  /opt/conda/envs/gdf/bin/python(_PyEval_EvalFrameDefault+0x11f2) [0x55bfae114162]
33  /opt/conda/envs/gdf/bin/python(+0x12e184) [0x55bfae112184]
34  /opt/conda/envs/gdf/bin/python(+0x14c9fb) [0x55bfae1309fb]
35  /opt/conda/envs/gdf/bin/python(PyObject_Call+0xbc) [0x55bfae13117c]
36  /opt/conda/envs/gdf/bin/python(+0x2109ce) [0x55bfae1f49ce]
37  /opt/conda/envs/gdf/bin/python(_PyObject_MakeTpCall+0x2ec) [0x55bfae11b7ac]
38  /opt/conda/envs/gdf/bin/python(_PyEval_EvalFrameDefault+0x45a6) [0x55bfae117516]
39  /opt/conda/envs/gdf/bin/python(+0x13f802) [0x55bfae123802]
40  /opt/conda/envs/gdf/bin/python(+0x14cadc) [0x55bfae130adc]
41  /opt/conda/envs/gdf/bin/python(_PyEval_EvalFrameDefault+0x45a6) [0x55bfae117516]
42  /opt/conda/envs/gdf/bin/python(+0x13f802) [0x55bfae123802]
43  /opt/conda/envs/gdf/bin/python(_PyEval_EvalFrameDefault+0x696) [0x55bfae113606]
44  /opt/conda/envs/gdf/bin/python(+0x12e184) [0x55bfae112184]
45  /opt/conda/envs/gdf/bin/python(_PyFunction_Vectorcall+0xd9) [0x55bfae123559]
46  /opt/conda/envs/gdf/bin/python(_PyEval_EvalFrameDefault+0x696) [0x55bfae113606]
47  /opt/conda/envs/gdf/bin/python(+0x13f802) [0x55bfae123802]
48  /opt/conda/envs/gdf/bin/python(_PyEval_EvalFrameDefault+0x3e2) [0x55bfae113352]
49  /opt/conda/envs/gdf/bin/python(+0x12e184) [0x55bfae112184]
50  /opt/conda/envs/gdf/bin/python(_PyFunction_Vectorcall+0xd9) [0x55bfae123559]
51  /opt/conda/envs/gdf/bin/python(_PyEval_EvalFrameDefault+0x11f2) [0x55bfae114162]
52  /opt/conda/envs/gdf/bin/python(+0x12e184) [0x55bfae112184]
53  /opt/conda/envs/gdf/bin/python(_PyEval_EvalCodeWithName+0x48) [0x55bfae111e58]
54  /opt/conda/envs/gdf/bin/python(PyEval_EvalCodeEx+0x39) [0x55bfae111e09]
55  /opt/conda/envs/gdf/bin/python(PyEval_EvalCode+0x1b) [0x55bfae1bf4ab]
56  /opt/conda/envs/gdf/bin/python(+0x20887a) [0x55bfae1ec87a]
57  /opt/conda/envs/gdf/bin/python(+0x204c03) [0x55bfae1e8c03]
58  /opt/conda/envs/gdf/bin/python(PyRun_StringFlags+0x9a) [0x55bfae1e0a1a]
59  /opt/conda/envs/gdf/bin/python(PyRun_SimpleStringFlags+0x3c) [0x55bfae1e090c]
60  /opt/conda/envs/gdf/bin/python(Py_RunMain+0x267) [0x55bfae1dfb47]
61  /opt/conda/envs/gdf/bin/python(Py_BytesMain+0x37) [0x55bfae1b32e7]
=================================
2024-07-06 06:13:18,456 - distributed.scheduler - WARNING - Removing worker 'ucx://127.0.0.1:38755' caused the cluster to lose already computed task(s), which will be recomputed elsewhere: {('split-taskshuffle-6069670213e233d5016755b29b3e54d4', 3, 2), ('split-taskshuffle-6069670213e233d5016755b29b3e54d4', 6, 2), ('split-taskshuffle-6069670213e233d5016755b29b3e54d4', 1, 2), ('split-taskshuffle-6069670213e233d5016755b29b3e54d4', 7, 2), ('generate_chunk-_to_string_dtype-26fc8ffd6cffe3bf06a052b526402c5c', 6), ('split-taskshuffle-6069670213e233d5016755b29b3e54d4', 2, 2), ('split-taskshuffle-6069670213e233d5016755b29b3e54d4', 4, 2), ('split-taskshuffle-6069670213e233d5016755b29b3e54d4', 5, 2), ('split-taskshuffle-6069670213e233d5016755b29b3e54d4', 0, 2)} (stimulus_id='handle-worker-cleanup-1720246398.4558089')
2024-07-06 06:13:18,457 - distributed.worker - ERROR - Worker stream died during communication: ucx://127.0.0.1:58665
Traceback (most recent call last):
  File "/opt/conda/envs/gdf/lib/python3.9/site-packages/distributed/comm/ucx.py", line 350, in read
    await self.ep.recv(msg)
  File "/opt/conda/envs/gdf/lib/python3.9/site-packages/ucp/core.py", line 737, in recv
    ret = await comm.tag_recv(self._ep, buffer, nbytes, tag, name=log)
ucp._libs.exceptions.UCXCanceled: <[Recv #003] ep: 0x7f08b3152180, tag: 0xe81b3f8e54d38dd3, nbytes: 16, type: <class 'numpy.ndarray'>>: 

During handling of the above exception, another exception occurred:

Traceback (most recent call last):
  File "/opt/conda/envs/gdf/lib/python3.9/site-packages/distributed/worker.py", line 2059, in gather_dep
    response = await get_data_from_worker(
  File "/opt/conda/envs/gdf/lib/python3.9/site-packages/distributed/worker.py", line 2869, in get_data_from_worker
    response = await send_recv(
  File "/opt/conda/envs/gdf/lib/python3.9/site-packages/distributed/core.py", line 1157, in send_recv
    response = await comm.read(deserializers=deserializers)
  File "/opt/conda/envs/gdf/lib/python3.9/site-packages/distributed/utils.py", line 838, in wrapper
    return await func(*args, **kwargs)
  File "/opt/conda/envs/gdf/lib/python3.9/site-packages/distributed/comm/ucx.py", line 368, in read
    raise CommClosedError(
distributed.comm.core.CommClosedError: Connection closed by writer.
Inner exception: UCXCanceled("<[Recv #003] ep: 0x7f08b3152180, tag: 0xe81b3f8e54d38dd3, nbytes: 16, type: <class 'numpy.ndarray'>>: ")
2024-07-06 06:13:18,459 - distributed.scheduler - WARNING - Removing worker 'ucx://127.0.0.1:58665' caused the cluster to lose already computed task(s), which will be recomputed elsewhere: {('split-taskshuffle-6069670213e233d5016755b29b3e54d4', 3, 5), ('split-taskshuffle-6069670213e233d5016755b29b3e54d4', 6, 5), ('split-taskshuffle-6069670213e233d5016755b29b3e54d4', 1, 5), ('split-taskshuffle-6069670213e233d5016755b29b3e54d4', 7, 5), ('split-taskshuffle-6069670213e233d5016755b29b3e54d4', 2, 5), ('split-taskshuffle-6069670213e233d5016755b29b3e54d4', 4, 5), ('split-taskshuffle-6069670213e233d5016755b29b3e54d4', 5, 5), ('split-taskshuffle-6069670213e233d5016755b29b3e54d4', 0, 5), ('generate_chunk-_to_string_dtype-26fc8ffd6cffe3bf06a052b526402c5c', 1)} (stimulus_id='handle-worker-cleanup-1720246398.4594116')
2024-07-06 06:13:18,462 - distributed.worker - ERROR - Worker stream died during communication: ucx://127.0.0.1:46953
Traceback (most recent call last):
  File "/opt/conda/envs/gdf/lib/python3.9/site-packages/distributed/comm/ucx.py", line 392, in read
    await self.ep.recv(each_frame)
  File "/opt/conda/envs/gdf/lib/python3.9/site-packages/ucp/core.py", line 737, in recv
    ret = await comm.tag_recv(self._ep, buffer, nbytes, tag, name=log)
ucp._libs.exceptions.UCXCanceled: <[Recv #008] ep: 0x7f08b3152280, tag: 0x850824efcb292eed, nbytes: 100000000, type: <class 'rmm._lib.device_buffer.DeviceBuffer'>>: 

During handling of the above exception, another exception occurred:

Traceback (most recent call last):
  File "/opt/conda/envs/gdf/lib/python3.9/site-packages/distributed/worker.py", line 2059, in gather_dep
    response = await get_data_from_worker(
  File "/opt/conda/envs/gdf/lib/python3.9/site-packages/distributed/worker.py", line 2869, in get_data_from_worker
    response = await send_recv(
  File "/opt/conda/envs/gdf/lib/python3.9/site-packages/distributed/core.py", line 1157, in send_recv
    response = await comm.read(deserializers=deserializers)
  File "/opt/conda/envs/gdf/lib/python3.9/site-packages/distributed/utils.py", line 838, in wrapper
    return await func(*args, **kwargs)
  File "/opt/conda/envs/gdf/lib/python3.9/site-packages/distributed/comm/ucx.py", line 398, in read
    raise CommClosedError(
distributed.comm.core.CommClosedError: Connection closed by writer.
Inner exception: UCXCanceled("<[Recv #008] ep: 0x7f08b3152280, tag: 0x850824efcb292eed, nbytes: 100000000, type: <class 'rmm._lib.device_buffer.DeviceBuffer'>>: ")
2024-07-06 06:13:18,478 - distributed.scheduler - WARNING - Removing worker 'ucx://127.0.0.1:46953' caused the cluster to lose already computed task(s), which will be recomputed elsewhere: {('split-taskshuffle-6069670213e233d5016755b29b3e54d4', 1, 6), ('generate_chunk-_to_string_dtype-26fc8ffd6cffe3bf06a052b526402c5c', 4), ('split-taskshuffle-6069670213e233d5016755b29b3e54d4', 7, 6), ('split-taskshuffle-6069670213e233d5016755b29b3e54d4', 2, 6), ('split-taskshuffle-6069670213e233d5016755b29b3e54d4', 4, 6), ('split-taskshuffle-6069670213e233d5016755b29b3e54d4', 5, 6), ('split-taskshuffle-6069670213e233d5016755b29b3e54d4', 0, 6), ('split-taskshuffle-6069670213e233d5016755b29b3e54d4', 3, 6), ('split-taskshuffle-6069670213e233d5016755b29b3e54d4', 6, 6)} (stimulus_id='handle-worker-cleanup-1720246398.4785814')
2024-07-06 06:13:18,495 - distributed.scheduler - WARNING - Removing worker 'ucx://127.0.0.1:35427' caused the cluster to lose already computed task(s), which will be recomputed elsewhere: {('split-taskshuffle-6069670213e233d5016755b29b3e54d4', 4, 7), ('split-taskshuffle-6069670213e233d5016755b29b3e54d4', 5, 7), ('split-taskshuffle-6069670213e233d5016755b29b3e54d4', 0, 7), ('split-taskshuffle-6069670213e233d5016755b29b3e54d4', 3, 7), ('split-taskshuffle-6069670213e233d5016755b29b3e54d4', 6, 7), ('split-taskshuffle-6069670213e233d5016755b29b3e54d4', 1, 7), ('split-taskshuffle-6069670213e233d5016755b29b3e54d4', 7, 7), ('split-taskshuffle-6069670213e233d5016755b29b3e54d4', 2, 7), ('generate_chunk-_to_string_dtype-26fc8ffd6cffe3bf06a052b526402c5c', 7)} (stimulus_id='handle-worker-cleanup-1720246398.4949672')
2024-07-06 06:13:18,501 - distributed.worker - ERROR - failed during get data with ucx://127.0.0.1:60157 -> ucx://127.0.0.1:35427
Traceback (most recent call last):
  File "/opt/conda/envs/gdf/lib/python3.9/site-packages/distributed/comm/ucx.py", line 334, in write
    await self.ep.send(each_frame)
  File "/opt/conda/envs/gdf/lib/python3.9/site-packages/ucp/core.py", line 662, in send
    return await comm.tag_send(self._ep, buffer, nbytes, tag, name=log)
ucp._libs.exceptions.UCXError: <[Send #007] ep: 0x7f08b3152380, tag: 0x940f58ee84484ab8, nbytes: 100000000, type: <class 'cudf.core.buffer.buffer.Buffer'>>: Connection reset by remote peer

During handling of the above exception, another exception occurred:

Traceback (most recent call last):
  File "/opt/conda/envs/gdf/lib/python3.9/site-packages/distributed/worker.py", line 1782, in get_data
    compressed = await comm.write(msg, serializers=serializers)
  File "/opt/conda/envs/gdf/lib/python3.9/site-packages/distributed/utils.py", line 838, in wrapper
    return await func(*args, **kwargs)
  File "/opt/conda/envs/gdf/lib/python3.9/site-packages/distributed/comm/ucx.py", line 338, in write
    raise CommClosedError("While writing, the connection was closed")
distributed.comm.core.CommClosedError: While writing, the connection was closed
2024-07-06 06:13:18,510 - distributed.scheduler - WARNING - Removing worker 'ucx://127.0.0.1:48389' caused the cluster to lose already computed task(s), which will be recomputed elsewhere: {('generate_chunk-_to_string_dtype-26fc8ffd6cffe3bf06a052b526402c5c', 3), ('split-taskshuffle-6069670213e233d5016755b29b3e54d4', 3, 1), ('split-taskshuffle-6069670213e233d5016755b29b3e54d4', 6, 1), ('split-taskshuffle-6069670213e233d5016755b29b3e54d4', 1, 1), ('split-taskshuffle-6069670213e233d5016755b29b3e54d4', 7, 1), ('split-taskshuffle-6069670213e233d5016755b29b3e54d4', 2, 1), ('split-taskshuffle-6069670213e233d5016755b29b3e54d4', 4, 1), ('split-taskshuffle-6069670213e233d5016755b29b3e54d4', 5, 1), ('split-taskshuffle-6069670213e233d5016755b29b3e54d4', 0, 1)} (stimulus_id='handle-worker-cleanup-1720246398.5101824')
Task exception was never retrieved
future: <Task finished name='Task-462' coro=<_listener_handler_coroutine() done, defined at /opt/conda/envs/gdf/lib/python3.9/site-packages/ucp/core.py:140> exception=UCXError('<stream_recv>: Connection reset by remote peer')>
Traceback (most recent call last):
  File "/opt/conda/envs/gdf/lib/python3.9/site-packages/ucp/core.py", line 155, in _listener_handler_coroutine
    peer_info = await exchange_peer_info(
  File "/opt/conda/envs/gdf/lib/python3.9/site-packages/ucp/core.py", line 55, in exchange_peer_info
    await asyncio.wait_for(
  File "/opt/conda/envs/gdf/lib/python3.9/asyncio/tasks.py", line 479, in wait_for
    return fut.result()
ucp._libs.exceptions.UCXError: <stream_recv>: Connection reset by remote peer
Task exception was never retrieved
future: <Task finished name='Task-459' coro=<_listener_handler_coroutine() done, defined at /opt/conda/envs/gdf/lib/python3.9/site-packages/ucp/core.py:140> exception=UCXError('<stream_recv>: Connection reset by remote peer')>
Traceback (most recent call last):
  File "/opt/conda/envs/gdf/lib/python3.9/site-packages/ucp/core.py", line 155, in _listener_handler_coroutine
    peer_info = await exchange_peer_info(
  File "/opt/conda/envs/gdf/lib/python3.9/site-packages/ucp/core.py", line 55, in exchange_peer_info
    await asyncio.wait_for(
  File "/opt/conda/envs/gdf/lib/python3.9/asyncio/tasks.py", line 479, in wait_for
    return fut.result()
ucp._libs.exceptions.UCXError: <stream_recv>: Connection reset by remote peer
2024-07-06 06:13:18,542 - distributed.worker - ERROR - Worker stream died during communication: ucx://127.0.0.1:48389
Traceback (most recent call last):
  File "/opt/conda/envs/gdf/lib/python3.9/site-packages/distributed/comm/ucx.py", line 350, in read
    await self.ep.recv(msg)
  File "/opt/conda/envs/gdf/lib/python3.9/site-packages/ucp/core.py", line 737, in recv
    ret = await comm.tag_recv(self._ep, buffer, nbytes, tag, name=log)
ucp._libs.exceptions.UCXCanceled: <[Recv #003] ep: 0x7faae0d7e140, tag: 0xe3033e24358cd39e, nbytes: 16, type: <class 'numpy.ndarray'>>: 

During handling of the above exception, another exception occurred:

Traceback (most recent call last):
  File "/opt/conda/envs/gdf/lib/python3.9/site-packages/distributed/worker.py", line 2059, in gather_dep
    response = await get_data_from_worker(
  File "/opt/conda/envs/gdf/lib/python3.9/site-packages/distributed/worker.py", line 2869, in get_data_from_worker
    response = await send_recv(
  File "/opt/conda/envs/gdf/lib/python3.9/site-packages/distributed/core.py", line 1157, in send_recv
    response = await comm.read(deserializers=deserializers)
  File "/opt/conda/envs/gdf/lib/python3.9/site-packages/distributed/utils.py", line 838, in wrapper
    return await func(*args, **kwargs)
  File "/opt/conda/envs/gdf/lib/python3.9/site-packages/distributed/comm/ucx.py", line 368, in read
    raise CommClosedError(
distributed.comm.core.CommClosedError: Connection closed by writer.
Inner exception: UCXCanceled("<[Recv #003] ep: 0x7faae0d7e140, tag: 0xe3033e24358cd39e, nbytes: 16, type: <class 'numpy.ndarray'>>: ")
2024-07-06 06:13:18,546 - distributed.worker - ERROR - Worker stream died during communication: ucx://127.0.0.1:58665
Traceback (most recent call last):
  File "/opt/conda/envs/gdf/lib/python3.9/site-packages/distributed/comm/ucx.py", line 350, in read
    await self.ep.recv(msg)
  File "/opt/conda/envs/gdf/lib/python3.9/site-packages/ucp/core.py", line 737, in recv
    ret = await comm.tag_recv(self._ep, buffer, nbytes, tag, name=log)
ucp._libs.exceptions.UCXCanceled: <[Recv #003] ep: 0x7faae0d7e200, tag: 0x164632051cd626b1, nbytes: 16, type: <class 'numpy.ndarray'>>: 

During handling of the above exception, another exception occurred:

Traceback (most recent call last):
  File "/opt/conda/envs/gdf/lib/python3.9/site-packages/distributed/worker.py", line 2059, in gather_dep
    response = await get_data_from_worker(
  File "/opt/conda/envs/gdf/lib/python3.9/site-packages/distributed/worker.py", line 2869, in get_data_from_worker
    response = await send_recv(
  File "/opt/conda/envs/gdf/lib/python3.9/site-packages/distributed/core.py", line 1157, in send_recv
    response = await comm.read(deserializers=deserializers)
  File "/opt/conda/envs/gdf/lib/python3.9/site-packages/distributed/utils.py", line 838, in wrapper
    return await func(*args, **kwargs)
  File "/opt/conda/envs/gdf/lib/python3.9/site-packages/distributed/comm/ucx.py", line 368, in read
    raise CommClosedError(
distributed.comm.core.CommClosedError: Connection closed by writer.
Inner exception: UCXCanceled("<[Recv #003] ep: 0x7faae0d7e200, tag: 0x164632051cd626b1, nbytes: 16, type: <class 'numpy.ndarray'>>: ")
2024-07-06 06:13:18,549 - distributed.worker - ERROR - Worker stream died during communication: ucx://127.0.0.1:35427
Traceback (most recent call last):
  File "/opt/conda/envs/gdf/lib/python3.9/site-packages/distributed/comm/ucx.py", line 350, in read
    await self.ep.recv(msg)
  File "/opt/conda/envs/gdf/lib/python3.9/site-packages/ucp/core.py", line 737, in recv
    ret = await comm.tag_recv(self._ep, buffer, nbytes, tag, name=log)
ucp._libs.exceptions.UCXCanceled: <[Recv #003] ep: 0x7f08b3152240, tag: 0x95fb69d9b5c9f0cf, nbytes: 16, type: <class 'numpy.ndarray'>>: 

During handling of the above exception, another exception occurred:

Traceback (most recent call last):
  File "/opt/conda/envs/gdf/lib/python3.9/site-packages/distributed/worker.py", line 2059, in gather_dep
    response = await get_data_from_worker(
  File "/opt/conda/envs/gdf/lib/python3.9/site-packages/distributed/worker.py", line 2869, in get_data_from_worker
    response = await send_recv(
  File "/opt/conda/envs/gdf/lib/python3.9/site-packages/distributed/core.py", line 1157, in send_recv
    response = await comm.read(deserializers=deserializers)
  File "/opt/conda/envs/gdf/lib/python3.9/site-packages/distributed/utils.py", line 838, in wrapper
    return await func(*args, **kwargs)
  File "/opt/conda/envs/gdf/lib/python3.9/site-packages/distributed/comm/ucx.py", line 368, in read
    raise CommClosedError(
distributed.comm.core.CommClosedError: Connection closed by writer.
Inner exception: UCXCanceled("<[Recv #003] ep: 0x7f08b3152240, tag: 0x95fb69d9b5c9f0cf, nbytes: 16, type: <class 'numpy.ndarray'>>: ")
2024-07-06 06:13:18,547 - distributed.worker - ERROR - Worker stream died during communication: ucx://127.0.0.1:38755
Traceback (most recent call last):
  File "/opt/conda/envs/gdf/lib/python3.9/site-packages/distributed/comm/ucx.py", line 350, in read
    await self.ep.recv(msg)
  File "/opt/conda/envs/gdf/lib/python3.9/site-packages/ucp/core.py", line 737, in recv
    ret = await comm.tag_recv(self._ep, buffer, nbytes, tag, name=log)
ucp._libs.exceptions.UCXCanceled: <[Recv #003] ep: 0x7faae0d7e180, tag: 0x64ba00ab141a450, nbytes: 16, type: <class 'numpy.ndarray'>>: 

During handling of the above exception, another exception occurred:

Traceback (most recent call last):
  File "/opt/conda/envs/gdf/lib/python3.9/site-packages/distributed/worker.py", line 2059, in gather_dep
    response = await get_data_from_worker(
  File "/opt/conda/envs/gdf/lib/python3.9/site-packages/distributed/worker.py", line 2869, in get_data_from_worker
    response = await send_recv(
  File "/opt/conda/envs/gdf/lib/python3.9/site-packages/distributed/core.py", line 1157, in send_recv
    response = await comm.read(deserializers=deserializers)
  File "/opt/conda/envs/gdf/lib/python3.9/site-packages/distributed/utils.py", line 838, in wrapper
    return await func(*args, **kwargs)
  File "/opt/conda/envs/gdf/lib/python3.9/site-packages/distributed/comm/ucx.py", line 368, in read
    raise CommClosedError(
distributed.comm.core.CommClosedError: Connection closed by writer.
Inner exception: UCXCanceled("<[Recv #003] ep: 0x7faae0d7e180, tag: 0x64ba00ab141a450, nbytes: 16, type: <class 'numpy.ndarray'>>: ")
2024-07-06 06:13:18,552 - distributed.worker - ERROR - Worker stream died during communication: ucx://127.0.0.1:35427
Traceback (most recent call last):
  File "/opt/conda/envs/gdf/lib/python3.9/site-packages/distributed/comm/ucx.py", line 392, in read
    await self.ep.recv(each_frame)
  File "/opt/conda/envs/gdf/lib/python3.9/site-packages/ucp/core.py", line 737, in recv
    ret = await comm.tag_recv(self._ep, buffer, nbytes, tag, name=log)
ucp._libs.exceptions.UCXCanceled: <[Recv #008] ep: 0x7faae0d7e1c0, tag: 0xd9a47a60c5b206f8, nbytes: 100000000, type: <class 'rmm._lib.device_buffer.DeviceBuffer'>>: 

During handling of the above exception, another exception occurred:

Traceback (most recent call last):
  File "/opt/conda/envs/gdf/lib/python3.9/site-packages/distributed/worker.py", line 2059, in gather_dep
    response = await get_data_from_worker(
  File "/opt/conda/envs/gdf/lib/python3.9/site-packages/distributed/worker.py", line 2869, in get_data_from_worker
    response = await send_recv(
  File "/opt/conda/envs/gdf/lib/python3.9/site-packages/distributed/core.py", line 1157, in send_recv
    response = await comm.read(deserializers=deserializers)
  File "/opt/conda/envs/gdf/lib/python3.9/site-packages/distributed/utils.py", line 838, in wrapper
    return await func(*args, **kwargs)
  File "/opt/conda/envs/gdf/lib/python3.9/site-packages/distributed/comm/ucx.py", line 398, in read
    raise CommClosedError(
distributed.comm.core.CommClosedError: Connection closed by writer.
Inner exception: UCXCanceled("<[Recv #008] ep: 0x7faae0d7e1c0, tag: 0xd9a47a60c5b206f8, nbytes: 100000000, type: <class 'rmm._lib.device_buffer.DeviceBuffer'>>: ")
2024-07-06 06:13:18,574 - distributed.nanny - WARNING - Restarting worker
2024-07-06 06:13:18,577 - distributed.scheduler - WARNING - Removing worker 'ucx://127.0.0.1:51937' caused the cluster to lose already computed task(s), which will be recomputed elsewhere: {('split-taskshuffle-6069670213e233d5016755b29b3e54d4', 7, 0), ('split-taskshuffle-6069670213e233d5016755b29b3e54d4', 2, 0), ('split-taskshuffle-6069670213e233d5016755b29b3e54d4', 4, 0), ('split-taskshuffle-6069670213e233d5016755b29b3e54d4', 5, 0), ('split-taskshuffle-6069670213e233d5016755b29b3e54d4', 0, 0), ('generate_chunk-_to_string_dtype-26fc8ffd6cffe3bf06a052b526402c5c', 2), ('split-taskshuffle-6069670213e233d5016755b29b3e54d4', 3, 0), ('split-taskshuffle-6069670213e233d5016755b29b3e54d4', 6, 0), ('split-taskshuffle-6069670213e233d5016755b29b3e54d4', 1, 0)} (stimulus_id='handle-worker-cleanup-1720246398.5769055')
2024-07-06 06:13:18,588 - distributed.worker - ERROR - Worker stream died during communication: ucx://127.0.0.1:51937
Traceback (most recent call last):
  File "/opt/conda/envs/gdf/lib/python3.9/site-packages/distributed/comm/ucx.py", line 392, in read
    await self.ep.recv(each_frame)
  File "/opt/conda/envs/gdf/lib/python3.9/site-packages/ucp/core.py", line 737, in recv
    ret = await comm.tag_recv(self._ep, buffer, nbytes, tag, name=log)
ucp._libs.exceptions.UCXCanceled: <[Recv #009] ep: 0x7faae0d7e100, tag: 0xed378b14a370e273, nbytes: 100000000, type: <class 'rmm._lib.device_buffer.DeviceBuffer'>>: 

During handling of the above exception, another exception occurred:

Traceback (most recent call last):
  File "/opt/conda/envs/gdf/lib/python3.9/site-packages/distributed/worker.py", line 2059, in gather_dep
    response = await get_data_from_worker(
  File "/opt/conda/envs/gdf/lib/python3.9/site-packages/distributed/worker.py", line 2869, in get_data_from_worker
    response = await send_recv(
  File "/opt/conda/envs/gdf/lib/python3.9/site-packages/distributed/core.py", line 1157, in send_recv
    response = await comm.read(deserializers=deserializers)
  File "/opt/conda/envs/gdf/lib/python3.9/site-packages/distributed/utils.py", line 838, in wrapper
    return await func(*args, **kwargs)
  File "/opt/conda/envs/gdf/lib/python3.9/site-packages/distributed/comm/ucx.py", line 398, in read
    raise CommClosedError(
distributed.comm.core.CommClosedError: Connection closed by writer.
Inner exception: UCXCanceled("<[Recv #009] ep: 0x7faae0d7e100, tag: 0xed378b14a370e273, nbytes: 100000000, type: <class 'rmm._lib.device_buffer.DeviceBuffer'>>: ")
2024-07-06 06:13:18,604 - distributed.worker - ERROR - failed during get data with ucx://127.0.0.1:60157 -> ucx://127.0.0.1:51937
Traceback (most recent call last):
  File "/opt/conda/envs/gdf/lib/python3.9/site-packages/distributed/comm/ucx.py", line 334, in write
    await self.ep.send(each_frame)
  File "/opt/conda/envs/gdf/lib/python3.9/site-packages/ucp/core.py", line 662, in send
    return await comm.tag_send(self._ep, buffer, nbytes, tag, name=log)
ucp._libs.exceptions.UCXError: <[Send #007] ep: 0x7f08b31523c0, tag: 0xd936db62945e3981, nbytes: 100000000, type: <class 'cudf.core.buffer.buffer.Buffer'>>: Connection reset by remote peer

During handling of the above exception, another exception occurred:

Traceback (most recent call last):
  File "/opt/conda/envs/gdf/lib/python3.9/site-packages/distributed/worker.py", line 1782, in get_data
    compressed = await comm.write(msg, serializers=serializers)
  File "/opt/conda/envs/gdf/lib/python3.9/site-packages/distributed/utils.py", line 838, in wrapper
    return await func(*args, **kwargs)
  File "/opt/conda/envs/gdf/lib/python3.9/site-packages/distributed/comm/ucx.py", line 338, in write
    raise CommClosedError("While writing, the connection was closed")
distributed.comm.core.CommClosedError: While writing, the connection was closed
2024-07-06 06:13:18,604 - distributed.worker - ERROR - failed during get data with ucx://127.0.0.1:60157 -> ucx://127.0.0.1:58665
Traceback (most recent call last):
  File "/opt/conda/envs/gdf/lib/python3.9/site-packages/distributed/comm/ucx.py", line 334, in write
    await self.ep.send(each_frame)
  File "/opt/conda/envs/gdf/lib/python3.9/site-packages/ucp/core.py", line 662, in send
    return await comm.tag_send(self._ep, buffer, nbytes, tag, name=log)
ucp._libs.exceptions.UCXError: <[Send #007] ep: 0x7f08b3152340, tag: 0x776d30a2f6d5a3b5, nbytes: 100000000, type: <class 'cudf.core.buffer.buffer.Buffer'>>: Connection reset by remote peer

During handling of the above exception, another exception occurred:

Traceback (most recent call last):
  File "/opt/conda/envs/gdf/lib/python3.9/site-packages/distributed/worker.py", line 1782, in get_data
    compressed = await comm.write(msg, serializers=serializers)
  File "/opt/conda/envs/gdf/lib/python3.9/site-packages/distributed/utils.py", line 838, in wrapper
    return await func(*args, **kwargs)
  File "/opt/conda/envs/gdf/lib/python3.9/site-packages/distributed/comm/ucx.py", line 338, in write
    raise CommClosedError("While writing, the connection was closed")
distributed.comm.core.CommClosedError: While writing, the connection was closed
2024-07-06 06:13:18,605 - distributed.worker - ERROR - failed during get data with ucx://127.0.0.1:60157 -> ucx://127.0.0.1:46953
Traceback (most recent call last):
  File "/opt/conda/envs/gdf/lib/python3.9/site-packages/distributed/comm/ucx.py", line 334, in write
    await self.ep.send(each_frame)
  File "/opt/conda/envs/gdf/lib/python3.9/site-packages/ucp/core.py", line 662, in send
    return await comm.tag_send(self._ep, buffer, nbytes, tag, name=log)
ucp._libs.exceptions.UCXError: <[Send #007] ep: 0x7f08b3152140, tag: 0xd19c67e4e188a2b3, nbytes: 100000000, type: <class 'cudf.core.buffer.buffer.Buffer'>>: Connection reset by remote peer

During handling of the above exception, another exception occurred:

Traceback (most recent call last):
  File "/opt/conda/envs/gdf/lib/python3.9/site-packages/distributed/worker.py", line 1782, in get_data
    compressed = await comm.write(msg, serializers=serializers)
  File "/opt/conda/envs/gdf/lib/python3.9/site-packages/distributed/utils.py", line 838, in wrapper
    return await func(*args, **kwargs)
  File "/opt/conda/envs/gdf/lib/python3.9/site-packages/distributed/comm/ucx.py", line 338, in write
    raise CommClosedError("While writing, the connection was closed")
distributed.comm.core.CommClosedError: While writing, the connection was closed
2024-07-06 06:13:18,606 - distributed.worker - ERROR - Worker stream died during communication: ucx://127.0.0.1:51937
Traceback (most recent call last):
  File "/opt/conda/envs/gdf/lib/python3.9/site-packages/distributed/comm/ucx.py", line 350, in read
    await self.ep.recv(msg)
  File "/opt/conda/envs/gdf/lib/python3.9/site-packages/ucp/core.py", line 737, in recv
    ret = await comm.tag_recv(self._ep, buffer, nbytes, tag, name=log)
ucp._libs.exceptions.UCXCanceled: <[Recv #003] ep: 0x7f08b31521c0, tag: 0x4f39a03bc103de9c, nbytes: 16, type: <class 'numpy.ndarray'>>: 

During handling of the above exception, another exception occurred:

Traceback (most recent call last):
  File "/opt/conda/envs/gdf/lib/python3.9/site-packages/distributed/worker.py", line 2059, in gather_dep
    response = await get_data_from_worker(
  File "/opt/conda/envs/gdf/lib/python3.9/site-packages/distributed/worker.py", line 2869, in get_data_from_worker
    response = await send_recv(
  File "/opt/conda/envs/gdf/lib/python3.9/site-packages/distributed/core.py", line 1157, in send_recv
    response = await comm.read(deserializers=deserializers)
  File "/opt/conda/envs/gdf/lib/python3.9/site-packages/distributed/utils.py", line 838, in wrapper
    return await func(*args, **kwargs)
  File "/opt/conda/envs/gdf/lib/python3.9/site-packages/distributed/comm/ucx.py", line 368, in read
    raise CommClosedError(
distributed.comm.core.CommClosedError: Connection closed by writer.
Inner exception: UCXCanceled("<[Recv #003] ep: 0x7f08b31521c0, tag: 0x4f39a03bc103de9c, nbytes: 16, type: <class 'numpy.ndarray'>>: ")
2024-07-06 06:13:18,608 - distributed.worker - ERROR - Worker stream died during communication: ucx://127.0.0.1:38755
Traceback (most recent call last):
  File "/opt/conda/envs/gdf/lib/python3.9/site-packages/distributed/core.py", line 1567, in _connect
    comm = await connect(
  File "/opt/conda/envs/gdf/lib/python3.9/site-packages/distributed/comm/core.py", line 342, in connect
    comm = await wait_for(
  File "/opt/conda/envs/gdf/lib/python3.9/site-packages/distributed/utils.py", line 1954, in wait_for
    return await asyncio.wait_for(fut, timeout)
  File "/opt/conda/envs/gdf/lib/python3.9/asyncio/tasks.py", line 466, in wait_for
    await waiter
asyncio.exceptions.CancelledError

During handling of the above exception, another exception occurred:

Traceback (most recent call last):
  File "/opt/conda/envs/gdf/lib/python3.9/site-packages/distributed/core.py", line 1677, in connect
    return connect_attempt.result()
asyncio.exceptions.CancelledError

During handling of the above exception, another exception occurred:

Traceback (most recent call last):
  File "/opt/conda/envs/gdf/lib/python3.9/site-packages/distributed/worker.py", line 2059, in gather_dep
    response = await get_data_from_worker(
  File "/opt/conda/envs/gdf/lib/python3.9/site-packages/distributed/worker.py", line 2866, in get_data_from_worker
    comm = await rpc.connect(worker)
  File "/opt/conda/envs/gdf/lib/python3.9/site-packages/distributed/core.py", line 1679, in connect
    raise CommClosedError(reason)
distributed.comm.core.CommClosedError: Address removed.
2024-07-06 06:13:18,609 - distributed.worker - ERROR - Worker stream died during communication: ucx://127.0.0.1:48389
Traceback (most recent call last):
  File "/opt/conda/envs/gdf/lib/python3.9/site-packages/distributed/comm/ucx.py", line 350, in read
    await self.ep.recv(msg)
  File "/opt/conda/envs/gdf/lib/python3.9/site-packages/ucp/core.py", line 737, in recv
    ret = await comm.tag_recv(self._ep, buffer, nbytes, tag, name=log)
ucp._libs.exceptions.UCXCanceled: <[Recv #000] ep: 0x7f08b3152200, tag: 0x39c277ecf7d54a8f, nbytes: 16, type: <class 'numpy.ndarray'>>: 

During handling of the above exception, another exception occurred:

Traceback (most recent call last):
  File "/opt/conda/envs/gdf/lib/python3.9/site-packages/distributed/worker.py", line 2059, in gather_dep
    response = await get_data_from_worker(
  File "/opt/conda/envs/gdf/lib/python3.9/site-packages/distributed/worker.py", line 2866, in get_data_from_worker
    comm = await rpc.connect(worker)
  File "/opt/conda/envs/gdf/lib/python3.9/site-packages/distributed/core.py", line 1677, in connect
    return connect_attempt.result()
  File "/opt/conda/envs/gdf/lib/python3.9/site-packages/distributed/core.py", line 1567, in _connect
    comm = await connect(
  File "/opt/conda/envs/gdf/lib/python3.9/site-packages/distributed/comm/core.py", line 377, in connect
    handshake = await comm.read()
  File "/opt/conda/envs/gdf/lib/python3.9/site-packages/distributed/utils.py", line 838, in wrapper
    return await func(*args, **kwargs)
  File "/opt/conda/envs/gdf/lib/python3.9/site-packages/distributed/comm/ucx.py", line 368, in read
    raise CommClosedError(
distributed.comm.core.CommClosedError: Connection closed by writer.
Inner exception: UCXCanceled("<[Recv #000] ep: 0x7f08b3152200, tag: 0x39c277ecf7d54a8f, nbytes: 16, type: <class 'numpy.ndarray'>>: ")
2024-07-06 06:13:18,616 - distributed.nanny - WARNING - Restarting worker
2024-07-06 06:13:18,644 - distributed.nanny - WARNING - Restarting worker
2024-07-06 06:13:18,666 - distributed.worker - ERROR - Worker stream died during communication: ucx://127.0.0.1:46953
Traceback (most recent call last):
  File "/opt/conda/envs/gdf/lib/python3.9/site-packages/distributed/comm/ucx.py", line 350, in read
    await self.ep.recv(msg)
  File "/opt/conda/envs/gdf/lib/python3.9/site-packages/ucp/core.py", line 737, in recv
    ret = await comm.tag_recv(self._ep, buffer, nbytes, tag, name=log)
asyncio.exceptions.CancelledError

During handling of the above exception, another exception occurred:

Traceback (most recent call last):
  File "/opt/conda/envs/gdf/lib/python3.9/site-packages/distributed/worker.py", line 2059, in gather_dep
    response = await get_data_from_worker(
  File "/opt/conda/envs/gdf/lib/python3.9/site-packages/distributed/worker.py", line 2866, in get_data_from_worker
    comm = await rpc.connect(worker)
  File "/opt/conda/envs/gdf/lib/python3.9/site-packages/distributed/core.py", line 1677, in connect
    return connect_attempt.result()
  File "/opt/conda/envs/gdf/lib/python3.9/site-packages/distributed/core.py", line 1567, in _connect
    comm = await connect(
  File "/opt/conda/envs/gdf/lib/python3.9/site-packages/distributed/comm/core.py", line 377, in connect
    handshake = await comm.read()
  File "/opt/conda/envs/gdf/lib/python3.9/site-packages/distributed/utils.py", line 838, in wrapper
    return await func(*args, **kwargs)
  File "/opt/conda/envs/gdf/lib/python3.9/site-packages/distributed/comm/ucx.py", line 368, in read
    raise CommClosedError(
distributed.comm.core.CommClosedError: Connection closed by writer.
Inner exception: CancelledError()
2024-07-06 06:13:18,671 - distributed.nanny - WARNING - Restarting worker
2024-07-06 06:13:18,707 - distributed.nanny - WARNING - Restarting worker
2024-07-06 06:13:18,776 - distributed.nanny - WARNING - Restarting worker
2024-07-06 06:13:18,822 - distributed.worker - ERROR - failed during get data with ucx://127.0.0.1:45753 -> ucx://127.0.0.1:51937
Traceback (most recent call last):
  File "/opt/conda/envs/gdf/lib/python3.9/site-packages/distributed/comm/ucx.py", line 334, in write
    await self.ep.send(each_frame)
  File "/opt/conda/envs/gdf/lib/python3.9/site-packages/ucp/core.py", line 662, in send
    return await comm.tag_send(self._ep, buffer, nbytes, tag, name=log)
ucp._libs.exceptions.UCXError: <[Send #007] ep: 0x7faae0d7e3c0, tag: 0xa18901ce6a021ff8, nbytes: 100000000, type: <class 'cudf.core.buffer.buffer.Buffer'>>: Connection reset by remote peer

During handling of the above exception, another exception occurred:

Traceback (most recent call last):
  File "/opt/conda/envs/gdf/lib/python3.9/site-packages/distributed/worker.py", line 1782, in get_data
    compressed = await comm.write(msg, serializers=serializers)
  File "/opt/conda/envs/gdf/lib/python3.9/site-packages/distributed/utils.py", line 838, in wrapper
    return await func(*args, **kwargs)
  File "/opt/conda/envs/gdf/lib/python3.9/site-packages/distributed/comm/ucx.py", line 338, in write
    raise CommClosedError("While writing, the connection was closed")
distributed.comm.core.CommClosedError: While writing, the connection was closed
[dgx13:88016:0:88016] Caught signal 11 (Segmentation fault: address not mapped to object at address 0x450)
==== backtrace (tid:  88016) ====
 0  /opt/conda/envs/gdf/lib/libucs.so.0(ucs_handle_error+0x2fd) [0x7f5055545efd]
 1  /opt/conda/envs/gdf/lib/libucs.so.0(+0x2c0f4) [0x7f50555460f4]
 2  /opt/conda/envs/gdf/lib/libucs.so.0(+0x2c2ba) [0x7f50555462ba]
 3  /usr/lib/x86_64-linux-gnu/libpthread.so.0(+0x14420) [0x7f5095c3a420]
 4  /opt/conda/envs/gdf/lib/libucp.so.0(ucp_mem_type_unpack+0x17) [0x7f50555c77d7]
 5  /opt/conda/envs/gdf/lib/libucp.so.0(ucp_rndv_data_handler+0x65d) [0x7f50555f028d]
 6  /opt/conda/envs/gdf/lib/libuct.so.0(+0x208df) [0x7f50554fe8df]
 7  /opt/conda/envs/gdf/lib/libuct.so.0(+0x23ab8) [0x7f5055501ab8]
 8  /opt/conda/envs/gdf/lib/libucs.so.0(ucs_event_set_wait+0xb9) [0x7f505554f649]
 9  /opt/conda/envs/gdf/lib/libuct.so.0(uct_tcp_iface_progress+0x7d) [0x7f5055500bcd]
10  /opt/conda/envs/gdf/lib/libucp.so.0(ucp_worker_progress+0x5a) [0x7f50555c46da]
11  /opt/conda/envs/gdf/lib/python3.9/site-packages/ucp/_libs/ucx_api.cpython-39-x86_64-linux-gnu.so(+0x3206a) [0x7f505568306a]
12  /opt/conda/envs/gdf/bin/python(_PyEval_EvalFrameDefault+0x45a6) [0x55661c4c6516]
13  /opt/conda/envs/gdf/bin/python(+0x12e184) [0x55661c4c1184]
14  /opt/conda/envs/gdf/bin/python(_PyFunction_Vectorcall+0xd9) [0x55661c4d2559]
15  /opt/conda/envs/gdf/bin/python(_PyEval_EvalFrameDefault+0x696) [0x55661c4c2606]
16  /opt/conda/envs/gdf/bin/python(+0x1e28a2) [0x55661c5758a2]
17  /opt/conda/envs/gdf/lib/python3.9/lib-dynload/_asyncio.cpython-39-x86_64-linux-gnu.so(+0x81e9) [0x7f50894371e9]
18  /opt/conda/envs/gdf/bin/python(_PyObject_MakeTpCall+0x2ec) [0x55661c4ca7ac]
19  /opt/conda/envs/gdf/bin/python(+0xf266c) [0x55661c48566c]
20  /opt/conda/envs/gdf/bin/python(+0x136833) [0x55661c4c9833]
21  /opt/conda/envs/gdf/bin/python(_PyEval_EvalFrameDefault+0x58b4) [0x55661c4c7824]
22  /opt/conda/envs/gdf/bin/python(+0x13f802) [0x55661c4d2802]
23  /opt/conda/envs/gdf/bin/python(_PyEval_EvalFrameDefault+0x696) [0x55661c4c2606]
24  /opt/conda/envs/gdf/bin/python(+0x13f802) [0x55661c4d2802]
25  /opt/conda/envs/gdf/bin/python(_PyEval_EvalFrameDefault+0x696) [0x55661c4c2606]
26  /opt/conda/envs/gdf/bin/python(+0x13f802) [0x55661c4d2802]
27  /opt/conda/envs/gdf/bin/python(_PyEval_EvalFrameDefault+0x696) [0x55661c4c2606]
28  /opt/conda/envs/gdf/bin/python(+0x13f802) [0x55661c4d2802]
29  /opt/conda/envs/gdf/bin/python(_PyEval_EvalFrameDefault+0x696) [0x55661c4c2606]
30  /opt/conda/envs/gdf/bin/python(+0x12e184) [0x55661c4c1184]
31  /opt/conda/envs/gdf/bin/python(_PyFunction_Vectorcall+0xd9) [0x55661c4d2559]
32  /opt/conda/envs/gdf/bin/python(_PyEval_EvalFrameDefault+0x11f2) [0x55661c4c3162]
33  /opt/conda/envs/gdf/bin/python(+0x12e184) [0x55661c4c1184]
34  /opt/conda/envs/gdf/bin/python(+0x14c9fb) [0x55661c4df9fb]
35  /opt/conda/envs/gdf/bin/python(PyObject_Call+0xbc) [0x55661c4e017c]
36  /opt/conda/envs/gdf/bin/python(+0x2109ce) [0x55661c5a39ce]
37  /opt/conda/envs/gdf/bin/python(_PyObject_MakeTpCall+0x2ec) [0x55661c4ca7ac]
38  /opt/conda/envs/gdf/bin/python(_PyEval_EvalFrameDefault+0x45a6) [0x55661c4c6516]
39  /opt/conda/envs/gdf/bin/python(+0x13f802) [0x55661c4d2802]
40  /opt/conda/envs/gdf/bin/python(+0x14cadc) [0x55661c4dfadc]
41  /opt/conda/envs/gdf/bin/python(_PyEval_EvalFrameDefault+0x45a6) [0x55661c4c6516]
42  /opt/conda/envs/gdf/bin/python(+0x13f802) [0x55661c4d2802]
43  /opt/conda/envs/gdf/bin/python(_PyEval_EvalFrameDefault+0x696) [0x55661c4c2606]
44  /opt/conda/envs/gdf/bin/python(+0x12e184) [0x55661c4c1184]
45  /opt/conda/envs/gdf/bin/python(_PyFunction_Vectorcall+0xd9) [0x55661c4d2559]
46  /opt/conda/envs/gdf/bin/python(_PyEval_EvalFrameDefault+0x696) [0x55661c4c2606]
47  /opt/conda/envs/gdf/bin/python(+0x13f802) [0x55661c4d2802]
48  /opt/conda/envs/gdf/bin/python(_PyEval_EvalFrameDefault+0x3e2) [0x55661c4c2352]
49  /opt/conda/envs/gdf/bin/python(+0x12e184) [0x55661c4c1184]
50  /opt/conda/envs/gdf/bin/python(_PyFunction_Vectorcall+0xd9) [0x55661c4d2559]
51  /opt/conda/envs/gdf/bin/python(_PyEval_EvalFrameDefault+0x11f2) [0x55661c4c3162]
52  /opt/conda/envs/gdf/bin/python(+0x12e184) [0x55661c4c1184]
53  /opt/conda/envs/gdf/bin/python(_PyEval_EvalCodeWithName+0x48) [0x55661c4c0e58]
54  /opt/conda/envs/gdf/bin/python(PyEval_EvalCodeEx+0x39) [0x55661c4c0e09]
55  /opt/conda/envs/gdf/bin/python(PyEval_EvalCode+0x1b) [0x55661c56e4ab]
56  /opt/conda/envs/gdf/bin/python(+0x20887a) [0x55661c59b87a]
57  /opt/conda/envs/gdf/bin/python(+0x204c03) [0x55661c597c03]
58  /opt/conda/envs/gdf/bin/python(PyRun_StringFlags+0x9a) [0x55661c58fa1a]
59  /opt/conda/envs/gdf/bin/python(PyRun_SimpleStringFlags+0x3c) [0x55661c58f90c]
60  /opt/conda/envs/gdf/bin/python(Py_RunMain+0x267) [0x55661c58eb47]
61  /opt/conda/envs/gdf/bin/python(Py_BytesMain+0x37) [0x55661c5622e7]
=================================
2024-07-06 06:13:22,373 - distributed.worker - ERROR - failed during get data with ucx://127.0.0.1:60157 -> ucx://127.0.0.1:45777
Traceback (most recent call last):
  File "/opt/conda/envs/gdf/lib/python3.9/site-packages/distributed/comm/ucx.py", line 334, in write
    await self.ep.send(each_frame)
  File "/opt/conda/envs/gdf/lib/python3.9/site-packages/ucp/core.py", line 662, in send
    return await comm.tag_send(self._ep, buffer, nbytes, tag, name=log)
ucp._libs.exceptions.UCXError: <[Send #007] ep: 0x7f08b31521c0, tag: 0x23526f4afb98bacf, nbytes: 100000000, type: <class 'cudf.core.buffer.buffer.Buffer'>>: Connection reset by remote peer

During handling of the above exception, another exception occurred:

Traceback (most recent call last):
  File "/opt/conda/envs/gdf/lib/python3.9/site-packages/distributed/worker.py", line 1782, in get_data
    compressed = await comm.write(msg, serializers=serializers)
  File "/opt/conda/envs/gdf/lib/python3.9/site-packages/distributed/utils.py", line 838, in wrapper
    return await func(*args, **kwargs)
  File "/opt/conda/envs/gdf/lib/python3.9/site-packages/distributed/comm/ucx.py", line 338, in write
    raise CommClosedError("While writing, the connection was closed")
distributed.comm.core.CommClosedError: While writing, the connection was closed
[dgx13:88020:0:88020] Caught signal 11 (Segmentation fault: address not mapped to object at address 0x450)
==== backtrace (tid:  88020) ====
 0  /opt/conda/envs/gdf/lib/libucs.so.0(ucs_handle_error+0x2fd) [0x7f0247483efd]
 1  /opt/conda/envs/gdf/lib/libucs.so.0(+0x2c0f4) [0x7f02474840f4]
 2  /opt/conda/envs/gdf/lib/libucs.so.0(+0x2c2ba) [0x7f02474842ba]
 3  /usr/lib/x86_64-linux-gnu/libpthread.so.0(+0x14420) [0x7f029bb61420]
 4  /opt/conda/envs/gdf/lib/libucp.so.0(ucp_mem_type_unpack+0x17) [0x7f02475057d7]
 5  /opt/conda/envs/gdf/lib/libucp.so.0(ucp_rndv_data_handler+0x65d) [0x7f024752e28d]
 6  /opt/conda/envs/gdf/lib/libuct.so.0(+0x208df) [0x7f024743c8df]
 7  /opt/conda/envs/gdf/lib/libuct.so.0(+0x23ab8) [0x7f024743fab8]
 8  /opt/conda/envs/gdf/lib/libucs.so.0(ucs_event_set_wait+0xb9) [0x7f024748d649]
 9  /opt/conda/envs/gdf/lib/libuct.so.0(uct_tcp_iface_progress+0x7d) [0x7f024743ebcd]
10  /opt/conda/envs/gdf/lib/libucp.so.0(ucp_worker_progress+0x5a) [0x7f02475026da]
11  /opt/conda/envs/gdf/lib/python3.9/site-packages/ucp/_libs/ucx_api.cpython-39-x86_64-linux-gnu.so(+0x3206a) [0x7f02475c106a]
12  /opt/conda/envs/gdf/bin/python(_PyEval_EvalFrameDefault+0x45a6) [0x564541f03516]
13  /opt/conda/envs/gdf/bin/python(+0x12e184) [0x564541efe184]
14  /opt/conda/envs/gdf/bin/python(_PyFunction_Vectorcall+0xd9) [0x564541f0f559]
15  /opt/conda/envs/gdf/bin/python(_PyEval_EvalFrameDefault+0x696) [0x564541eff606]
16  /opt/conda/envs/gdf/bin/python(+0x1e28a2) [0x564541fb28a2]
17  /opt/conda/envs/gdf/lib/python3.9/lib-dynload/_asyncio.cpython-39-x86_64-linux-gnu.so(+0x81e9) [0x7f028b3631e9]
18  /opt/conda/envs/gdf/bin/python(_PyObject_MakeTpCall+0x2ec) [0x564541f077ac]
19  /opt/conda/envs/gdf/bin/python(+0xf266c) [0x564541ec266c]
20  /opt/conda/envs/gdf/bin/python(+0x136833) [0x564541f06833]
21  /opt/conda/envs/gdf/bin/python(_PyEval_EvalFrameDefault+0x58b4) [0x564541f04824]
22  /opt/conda/envs/gdf/bin/python(+0x13f802) [0x564541f0f802]
23  /opt/conda/envs/gdf/bin/python(_PyEval_EvalFrameDefault+0x696) [0x564541eff606]
24  /opt/conda/envs/gdf/bin/python(+0x13f802) [0x564541f0f802]
25  /opt/conda/envs/gdf/bin/python(_PyEval_EvalFrameDefault+0x696) [0x564541eff606]
26  /opt/conda/envs/gdf/bin/python(+0x13f802) [0x564541f0f802]
27  /opt/conda/envs/gdf/bin/python(_PyEval_EvalFrameDefault+0x696) [0x564541eff606]
28  /opt/conda/envs/gdf/bin/python(+0x13f802) [0x564541f0f802]
29  /opt/conda/envs/gdf/bin/python(_PyEval_EvalFrameDefault+0x696) [0x564541eff606]
30  /opt/conda/envs/gdf/bin/python(+0x12e184) [0x564541efe184]
31  /opt/conda/envs/gdf/bin/python(_PyFunction_Vectorcall+0xd9) [0x564541f0f559]
32  /opt/conda/envs/gdf/bin/python(_PyEval_EvalFrameDefault+0x11f2) [0x564541f00162]
33  /opt/conda/envs/gdf/bin/python(+0x12e184) [0x564541efe184]
34  /opt/conda/envs/gdf/bin/python(+0x14c9fb) [0x564541f1c9fb]
35  /opt/conda/envs/gdf/bin/python(PyObject_Call+0xbc) [0x564541f1d17c]
36  /opt/conda/envs/gdf/bin/python(+0x2109ce) [0x564541fe09ce]
37  /opt/conda/envs/gdf/bin/python(_PyObject_MakeTpCall+0x2ec) [0x564541f077ac]
38  /opt/conda/envs/gdf/bin/python(_PyEval_EvalFrameDefault+0x45a6) [0x564541f03516]
39  /opt/conda/envs/gdf/bin/python(+0x13f802) [0x564541f0f802]
40  /opt/conda/envs/gdf/bin/python(+0x14cadc) [0x564541f1cadc]
41  /opt/conda/envs/gdf/bin/python(_PyEval_EvalFrameDefault+0x45a6) [0x564541f03516]
42  /opt/conda/envs/gdf/bin/python(+0x13f802) [0x564541f0f802]
43  /opt/conda/envs/gdf/bin/python(_PyEval_EvalFrameDefault+0x696) [0x564541eff606]
44  /opt/conda/envs/gdf/bin/python(+0x12e184) [0x564541efe184]
45  /opt/conda/envs/gdf/bin/python(_PyFunction_Vectorcall+0xd9) [0x564541f0f559]
46  /opt/conda/envs/gdf/bin/python(_PyEval_EvalFrameDefault+0x696) [0x564541eff606]
47  /opt/conda/envs/gdf/bin/python(+0x13f802) [0x564541f0f802]
48  /opt/conda/envs/gdf/bin/python(_PyEval_EvalFrameDefault+0x3e2) [0x564541eff352]
49  /opt/conda/envs/gdf/bin/python(+0x12e184) [0x564541efe184]
50  /opt/conda/envs/gdf/bin/python(_PyFunction_Vectorcall+0xd9) [0x564541f0f559]
51  /opt/conda/envs/gdf/bin/python(_PyEval_EvalFrameDefault+0x11f2) [0x564541f00162]
52  /opt/conda/envs/gdf/bin/python(+0x12e184) [0x564541efe184]
53  /opt/conda/envs/gdf/bin/python(_PyEval_EvalCodeWithName+0x48) [0x564541efde58]
54  /opt/conda/envs/gdf/bin/python(PyEval_EvalCodeEx+0x39) [0x564541efde09]
55  /opt/conda/envs/gdf/bin/python(PyEval_EvalCode+0x1b) [0x564541fab4ab]
56  /opt/conda/envs/gdf/bin/python(+0x20887a) [0x564541fd887a]
57  /opt/conda/envs/gdf/bin/python(+0x204c03) [0x564541fd4c03]
58  /opt/conda/envs/gdf/bin/python(PyRun_StringFlags+0x9a) [0x564541fcca1a]
59  /opt/conda/envs/gdf/bin/python(PyRun_SimpleStringFlags+0x3c) [0x564541fcc90c]
60  /opt/conda/envs/gdf/bin/python(Py_RunMain+0x267) [0x564541fcbb47]
61  /opt/conda/envs/gdf/bin/python(Py_BytesMain+0x37) [0x564541f9f2e7]
=================================
2024-07-06 06:13:22,526 - distributed.nanny - WARNING - Restarting worker
[dgx13:88004:0:88004] Caught signal 11 (Segmentation fault: address not mapped to object at address 0x450)
==== backtrace (tid:  88004) ====
 0  /opt/conda/envs/gdf/lib/libucs.so.0(ucs_handle_error+0x2fd) [0x7f6bc403cefd]
 1  /opt/conda/envs/gdf/lib/libucs.so.0(+0x2c0f4) [0x7f6bc403d0f4]
 2  /opt/conda/envs/gdf/lib/libucs.so.0(+0x2c2ba) [0x7f6bc403d2ba]
 3  /usr/lib/x86_64-linux-gnu/libpthread.so.0(+0x14420) [0x7f6bf259b420]
 4  /opt/conda/envs/gdf/lib/libucp.so.0(ucp_mem_type_unpack+0x17) [0x7f6bb1eca7d7]
 5  /opt/conda/envs/gdf/lib/libucp.so.0(ucp_rndv_data_handler+0x65d) [0x7f6bb1ef328d]
 6  /opt/conda/envs/gdf/lib/libuct.so.0(+0x208df) [0x7f6bb1e638df]
 7  /opt/conda/envs/gdf/lib/libuct.so.0(+0x23ab8) [0x7f6bb1e66ab8]
 8  /opt/conda/envs/gdf/lib/libucs.so.0(ucs_event_set_wait+0xb9) [0x7f6bc4046649]
 9  /opt/conda/envs/gdf/lib/libuct.so.0(uct_tcp_iface_progress+0x7d) [0x7f6bb1e65bcd]
10  /opt/conda/envs/gdf/lib/libucp.so.0(ucp_worker_progress+0x5a) [0x7f6bb1ec76da]
11  /opt/conda/envs/gdf/lib/python3.9/site-packages/ucp/_libs/ucx_api.cpython-39-x86_64-linux-gnu.so(+0x3206a) [0x7f6bb1f8606a]
12  /opt/conda/envs/gdf/bin/python(_PyEval_EvalFrameDefault+0x45a6) [0x5631e6960516]
13  /opt/conda/envs/gdf/bin/python(+0x12e184) [0x5631e695b184]
14  /opt/conda/envs/gdf/bin/python(_PyFunction_Vectorcall+0xd9) [0x5631e696c559]
15  /opt/conda/envs/gdf/bin/python(_PyEval_EvalFrameDefault+0x696) [0x5631e695c606]
16  /opt/conda/envs/gdf/bin/python(+0x13f802) [0x5631e696c802]
17  /opt/conda/envs/gdf/bin/python(+0x14cbb3) [0x5631e6979bb3]
18  /opt/conda/envs/gdf/bin/python(+0x25842c) [0x5631e6a8542c]
19  /opt/conda/envs/gdf/bin/python(+0xf266c) [0x5631e691f66c]
20  /opt/conda/envs/gdf/bin/python(+0x136833) [0x5631e6963833]
21  /opt/conda/envs/gdf/bin/python(_PyEval_EvalFrameDefault+0x58b4) [0x5631e6961824]
22  /opt/conda/envs/gdf/bin/python(+0x13f802) [0x5631e696c802]
23  /opt/conda/envs/gdf/bin/python(_PyEval_EvalFrameDefault+0x696) [0x5631e695c606]
24  /opt/conda/envs/gdf/bin/python(+0x13f802) [0x5631e696c802]
25  /opt/conda/envs/gdf/bin/python(_PyEval_EvalFrameDefault+0x696) [0x5631e695c606]
26  /opt/conda/envs/gdf/bin/python(+0x13f802) [0x5631e696c802]
27  /opt/conda/envs/gdf/bin/python(_PyEval_EvalFrameDefault+0x696) [0x5631e695c606]
28  /opt/conda/envs/gdf/bin/python(+0x13f802) [0x5631e696c802]
29  /opt/conda/envs/gdf/bin/python(_PyEval_EvalFrameDefault+0x696) [0x5631e695c606]
30  /opt/conda/envs/gdf/bin/python(+0x12e184) [0x5631e695b184]
31  /opt/conda/envs/gdf/bin/python(_PyFunction_Vectorcall+0xd9) [0x5631e696c559]
32  /opt/conda/envs/gdf/bin/python(_PyEval_EvalFrameDefault+0x11f2) [0x5631e695d162]
33  /opt/conda/envs/gdf/bin/python(+0x12e184) [0x5631e695b184]
34  /opt/conda/envs/gdf/bin/python(+0x14c9fb) [0x5631e69799fb]
35  /opt/conda/envs/gdf/bin/python(PyObject_Call+0xbc) [0x5631e697a17c]
36  /opt/conda/envs/gdf/bin/python(+0x2109ce) [0x5631e6a3d9ce]
37  /opt/conda/envs/gdf/bin/python(_PyObject_MakeTpCall+0x2ec) [0x5631e69647ac]
38  /opt/conda/envs/gdf/bin/python(_PyEval_EvalFrameDefault+0x45a6) [0x5631e6960516]
39  /opt/conda/envs/gdf/bin/python(+0x13f802) [0x5631e696c802]
40  /opt/conda/envs/gdf/bin/python(+0x14cadc) [0x5631e6979adc]
41  /opt/conda/envs/gdf/bin/python(_PyEval_EvalFrameDefault+0x45a6) [0x5631e6960516]
42  /opt/conda/envs/gdf/bin/python(+0x13f802) [0x5631e696c802]
43  /opt/conda/envs/gdf/bin/python(_PyEval_EvalFrameDefault+0x696) [0x5631e695c606]
44  /opt/conda/envs/gdf/bin/python(+0x12e184) [0x5631e695b184]
45  /opt/conda/envs/gdf/bin/python(_PyFunction_Vectorcall+0xd9) [0x5631e696c559]
46  /opt/conda/envs/gdf/bin/python(_PyEval_EvalFrameDefault+0x696) [0x5631e695c606]
47  /opt/conda/envs/gdf/bin/python(+0x13f802) [0x5631e696c802]
48  /opt/conda/envs/gdf/bin/python(_PyEval_EvalFrameDefault+0x3e2) [0x5631e695c352]
49  /opt/conda/envs/gdf/bin/python(+0x12e184) [0x5631e695b184]
50  /opt/conda/envs/gdf/bin/python(_PyFunction_Vectorcall+0xd9) [0x5631e696c559]
51  /opt/conda/envs/gdf/bin/python(_PyEval_EvalFrameDefault+0x11f2) [0x5631e695d162]
52  /opt/conda/envs/gdf/bin/python(+0x12e184) [0x5631e695b184]
53  /opt/conda/envs/gdf/bin/python(_PyEval_EvalCodeWithName+0x48) [0x5631e695ae58]
54  /opt/conda/envs/gdf/bin/python(PyEval_EvalCodeEx+0x39) [0x5631e695ae09]
55  /opt/conda/envs/gdf/bin/python(PyEval_EvalCode+0x1b) [0x5631e6a084ab]
56  /opt/conda/envs/gdf/bin/python(+0x20887a) [0x5631e6a3587a]
57  /opt/conda/envs/gdf/bin/python(+0x204c03) [0x5631e6a31c03]
58  /opt/conda/envs/gdf/bin/python(PyRun_StringFlags+0x9a) [0x5631e6a29a1a]
59  /opt/conda/envs/gdf/bin/python(PyRun_SimpleStringFlags+0x3c) [0x5631e6a2990c]
60  /opt/conda/envs/gdf/bin/python(Py_RunMain+0x267) [0x5631e6a28b47]
61  /opt/conda/envs/gdf/bin/python(Py_BytesMain+0x37) [0x5631e69fc2e7]
=================================
2024-07-06 06:13:22,689 - distributed.worker - ERROR - failed during get data with ucx://127.0.0.1:45753 -> ucx://127.0.0.1:60557
Traceback (most recent call last):
  File "/opt/conda/envs/gdf/lib/python3.9/site-packages/distributed/comm/ucx.py", line 334, in write
    await self.ep.send(each_frame)
  File "/opt/conda/envs/gdf/lib/python3.9/site-packages/ucp/core.py", line 662, in send
    return await comm.tag_send(self._ep, buffer, nbytes, tag, name=log)
ucp._libs.exceptions.UCXError: <[Send #007] ep: 0x7faae0d7e100, tag: 0xb3f891017f3b121d, nbytes: 100000000, type: <class 'cudf.core.buffer.buffer.Buffer'>>: Connection reset by remote peer

During handling of the above exception, another exception occurred:

Traceback (most recent call last):
  File "/opt/conda/envs/gdf/lib/python3.9/site-packages/distributed/worker.py", line 1782, in get_data
    compressed = await comm.write(msg, serializers=serializers)
  File "/opt/conda/envs/gdf/lib/python3.9/site-packages/distributed/utils.py", line 838, in wrapper
    return await func(*args, **kwargs)
  File "/opt/conda/envs/gdf/lib/python3.9/site-packages/distributed/comm/ucx.py", line 338, in write
    raise CommClosedError("While writing, the connection was closed")
distributed.comm.core.CommClosedError: While writing, the connection was closed
2024-07-06 06:13:22,740 - distributed.worker - ERROR - failed during get data with ucx://127.0.0.1:60157 -> ucx://127.0.0.1:60557
Traceback (most recent call last):
  File "/opt/conda/envs/gdf/lib/python3.9/site-packages/distributed/comm/ucx.py", line 334, in write
    await self.ep.send(each_frame)
  File "/opt/conda/envs/gdf/lib/python3.9/site-packages/ucp/core.py", line 662, in send
    return await comm.tag_send(self._ep, buffer, nbytes, tag, name=log)
ucp._libs.exceptions.UCXError: <[Send #007] ep: 0x7f08b3152140, tag: 0x97b3f7057105cc, nbytes: 100000000, type: <class 'cudf.core.buffer.buffer.Buffer'>>: Connection reset by remote peer

During handling of the above exception, another exception occurred:

Traceback (most recent call last):
  File "/opt/conda/envs/gdf/lib/python3.9/site-packages/distributed/worker.py", line 1782, in get_data
    compressed = await comm.write(msg, serializers=serializers)
  File "/opt/conda/envs/gdf/lib/python3.9/site-packages/distributed/utils.py", line 838, in wrapper
    return await func(*args, **kwargs)
  File "/opt/conda/envs/gdf/lib/python3.9/site-packages/distributed/comm/ucx.py", line 338, in write
    raise CommClosedError("While writing, the connection was closed")
distributed.comm.core.CommClosedError: While writing, the connection was closed
2024-07-06 06:13:22,740 - distributed.worker - ERROR - failed during get data with ucx://127.0.0.1:45753 -> ucx://127.0.0.1:50795
Traceback (most recent call last):
  File "/opt/conda/envs/gdf/lib/python3.9/site-packages/distributed/comm/ucx.py", line 334, in write
    await self.ep.send(each_frame)
  File "/opt/conda/envs/gdf/lib/python3.9/site-packages/ucp/core.py", line 662, in send
    return await comm.tag_send(self._ep, buffer, nbytes, tag, name=log)
ucp._libs.exceptions.UCXError: <[Send #007] ep: 0x7faae0d7e180, tag: 0xf105b84fe3a91a42, nbytes: 100000000, type: <class 'cudf.core.buffer.buffer.Buffer'>>: Connection reset by remote peer

During handling of the above exception, another exception occurred:

Traceback (most recent call last):
  File "/opt/conda/envs/gdf/lib/python3.9/site-packages/distributed/worker.py", line 1782, in get_data
    compressed = await comm.write(msg, serializers=serializers)
  File "/opt/conda/envs/gdf/lib/python3.9/site-packages/distributed/utils.py", line 838, in wrapper
    return await func(*args, **kwargs)
  File "/opt/conda/envs/gdf/lib/python3.9/site-packages/distributed/comm/ucx.py", line 338, in write
    raise CommClosedError("While writing, the connection was closed")
distributed.comm.core.CommClosedError: While writing, the connection was closed
2024-07-06 06:13:22,741 - distributed.worker - ERROR - failed during get data with ucx://127.0.0.1:60157 -> ucx://127.0.0.1:50795
Traceback (most recent call last):
  File "/opt/conda/envs/gdf/lib/python3.9/site-packages/distributed/comm/ucx.py", line 334, in write
    await self.ep.send(each_frame)
  File "/opt/conda/envs/gdf/lib/python3.9/site-packages/ucp/core.py", line 662, in send
    return await comm.tag_send(self._ep, buffer, nbytes, tag, name=log)
ucp._libs.exceptions.UCXError: <[Send #007] ep: 0x7f08b31523c0, tag: 0xd869d63cb0f60346, nbytes: 100000000, type: <class 'cudf.core.buffer.buffer.Buffer'>>: Connection reset by remote peer

During handling of the above exception, another exception occurred:

Traceback (most recent call last):
  File "/opt/conda/envs/gdf/lib/python3.9/site-packages/distributed/worker.py", line 1782, in get_data
    compressed = await comm.write(msg, serializers=serializers)
  File "/opt/conda/envs/gdf/lib/python3.9/site-packages/distributed/utils.py", line 838, in wrapper
    return await func(*args, **kwargs)
  File "/opt/conda/envs/gdf/lib/python3.9/site-packages/distributed/comm/ucx.py", line 338, in write
    raise CommClosedError("While writing, the connection was closed")
distributed.comm.core.CommClosedError: While writing, the connection was closed
2024-07-06 06:13:22,754 - distributed.nanny - WARNING - Restarting worker
2024-07-06 06:13:22,825 - distributed.nanny - WARNING - Restarting worker
[dgx13:88024:0:88024] Caught signal 11 (Segmentation fault: address not mapped to object at address 0x450)
==== backtrace (tid:  88024) ====
 0  /opt/conda/envs/gdf/lib/libucs.so.0(ucs_handle_error+0x2fd) [0x7fd1c0c01efd]
 1  /opt/conda/envs/gdf/lib/libucs.so.0(+0x2c0f4) [0x7fd1c0c020f4]
 2  /opt/conda/envs/gdf/lib/libucs.so.0(+0x2c2ba) [0x7fd1c0c022ba]
 3  /usr/lib/x86_64-linux-gnu/libpthread.so.0(+0x14420) [0x7fd1ef2d1420]
 4  /opt/conda/envs/gdf/lib/libucp.so.0(ucp_mem_type_unpack+0x17) [0x7fd1c0c837d7]
 5  /opt/conda/envs/gdf/lib/libucp.so.0(ucp_rndv_data_handler+0x65d) [0x7fd1c0cac28d]
 6  /opt/conda/envs/gdf/lib/libuct.so.0(+0x208df) [0x7fd1c0bba8df]
 7  /opt/conda/envs/gdf/lib/libuct.so.0(+0x23ab8) [0x7fd1c0bbdab8]
 8  /opt/conda/envs/gdf/lib/libucs.so.0(ucs_event_set_wait+0xb9) [0x7fd1c0c0b649]
 9  /opt/conda/envs/gdf/lib/libuct.so.0(uct_tcp_iface_progress+0x7d) [0x7fd1c0bbcbcd]
10  /opt/conda/envs/gdf/lib/libucp.so.0(ucp_worker_progress+0x5a) [0x7fd1c0c806da]
11  /opt/conda/envs/gdf/lib/python3.9/site-packages/ucp/_libs/ucx_api.cpython-39-x86_64-linux-gnu.so(+0x3206a) [0x7fd1c0d3f06a]
12  /opt/conda/envs/gdf/bin/python(_PyEval_EvalFrameDefault+0x45a6) [0x558998e0b516]
13  /opt/conda/envs/gdf/bin/python(+0x12e184) [0x558998e06184]
14  /opt/conda/envs/gdf/bin/python(_PyFunction_Vectorcall+0xd9) [0x558998e17559]
15  /opt/conda/envs/gdf/bin/python(_PyEval_EvalFrameDefault+0x696) [0x558998e07606]
16  /opt/conda/envs/gdf/bin/python(+0x13f802) [0x558998e17802]
17  /opt/conda/envs/gdf/bin/python(+0x14cbb3) [0x558998e24bb3]
18  /opt/conda/envs/gdf/bin/python(+0x25842c) [0x558998f3042c]
19  /opt/conda/envs/gdf/bin/python(+0xf266c) [0x558998dca66c]
20  /opt/conda/envs/gdf/bin/python(+0x136833) [0x558998e0e833]
21  /opt/conda/envs/gdf/bin/python(_PyEval_EvalFrameDefault+0x58b4) [0x558998e0c824]
22  /opt/conda/envs/gdf/bin/python(+0x13f802) [0x558998e17802]
23  /opt/conda/envs/gdf/bin/python(_PyEval_EvalFrameDefault+0x696) [0x558998e07606]
24  /opt/conda/envs/gdf/bin/python(+0x13f802) [0x558998e17802]
25  /opt/conda/envs/gdf/bin/python(_PyEval_EvalFrameDefault+0x696) [0x558998e07606]
26  /opt/conda/envs/gdf/bin/python(+0x13f802) [0x558998e17802]
27  /opt/conda/envs/gdf/bin/python(_PyEval_EvalFrameDefault+0x696) [0x558998e07606]
28  /opt/conda/envs/gdf/bin/python(+0x13f802) [0x558998e17802]
29  /opt/conda/envs/gdf/bin/python(_PyEval_EvalFrameDefault+0x696) [0x558998e07606]
30  /opt/conda/envs/gdf/bin/python(+0x12e184) [0x558998e06184]
31  /opt/conda/envs/gdf/bin/python(_PyFunction_Vectorcall+0xd9) [0x558998e17559]
32  /opt/conda/envs/gdf/bin/python(_PyEval_EvalFrameDefault+0x11f2) [0x558998e08162]
33  /opt/conda/envs/gdf/bin/python(+0x12e184) [0x558998e06184]
34  /opt/conda/envs/gdf/bin/python(+0x14c9fb) [0x558998e249fb]
35  /opt/conda/envs/gdf/bin/python(PyObject_Call+0xbc) [0x558998e2517c]
36  /opt/conda/envs/gdf/bin/python(+0x2109ce) [0x558998ee89ce]
37  /opt/conda/envs/gdf/bin/python(_PyObject_MakeTpCall+0x2ec) [0x558998e0f7ac]
38  /opt/conda/envs/gdf/bin/python(_PyEval_EvalFrameDefault+0x45a6) [0x558998e0b516]
39  /opt/conda/envs/gdf/bin/python(+0x13f802) [0x558998e17802]
40  /opt/conda/envs/gdf/bin/python(+0x14cadc) [0x558998e24adc]
41  /opt/conda/envs/gdf/bin/python(_PyEval_EvalFrameDefault+0x45a6) [0x558998e0b516]
42  /opt/conda/envs/gdf/bin/python(+0x13f802) [0x558998e17802]
43  /opt/conda/envs/gdf/bin/python(_PyEval_EvalFrameDefault+0x696) [0x558998e07606]
44  /opt/conda/envs/gdf/bin/python(+0x12e184) [0x558998e06184]
45  /opt/conda/envs/gdf/bin/python(_PyFunction_Vectorcall+0xd9) [0x558998e17559]
46  /opt/conda/envs/gdf/bin/python(_PyEval_EvalFrameDefault+0x696) [0x558998e07606]
47  /opt/conda/envs/gdf/bin/python(+0x13f802) [0x558998e17802]
48  /opt/conda/envs/gdf/bin/python(_PyEval_EvalFrameDefault+0x3e2) [0x558998e07352]
49  /opt/conda/envs/gdf/bin/python(+0x12e184) [0x558998e06184]
50  /opt/conda/envs/gdf/bin/python(_PyFunction_Vectorcall+0xd9) [0x558998e17559]
51  /opt/conda/envs/gdf/bin/python(_PyEval_EvalFrameDefault+0x11f2) [0x558998e08162]
52  /opt/conda/envs/gdf/bin/python(+0x12e184) [0x558998e06184]
53  /opt/conda/envs/gdf/bin/python(_PyEval_EvalCodeWithName+0x48) [0x558998e05e58]
54  /opt/conda/envs/gdf/bin/python(PyEval_EvalCodeEx+0x39) [0x558998e05e09]
55  /opt/conda/envs/gdf/bin/python(PyEval_EvalCode+0x1b) [0x558998eb34ab]
56  /opt/conda/envs/gdf/bin/python(+0x20887a) [0x558998ee087a]
57  /opt/conda/envs/gdf/bin/python(+0x204c03) [0x558998edcc03]
58  /opt/conda/envs/gdf/bin/python(PyRun_StringFlags+0x9a) [0x558998ed4a1a]
59  /opt/conda/envs/gdf/bin/python(PyRun_SimpleStringFlags+0x3c) [0x558998ed490c]
60  /opt/conda/envs/gdf/bin/python(Py_RunMain+0x267) [0x558998ed3b47]
61  /opt/conda/envs/gdf/bin/python(Py_BytesMain+0x37) [0x558998ea72e7]
=================================
2024-07-06 06:13:23,109 - distributed.worker - ERROR - failed during get data with ucx://127.0.0.1:60157 -> ucx://127.0.0.1:58119
Traceback (most recent call last):
  File "/opt/conda/envs/gdf/lib/python3.9/site-packages/distributed/comm/ucx.py", line 334, in write
    await self.ep.send(each_frame)
  File "/opt/conda/envs/gdf/lib/python3.9/site-packages/ucp/core.py", line 662, in send
    return await comm.tag_send(self._ep, buffer, nbytes, tag, name=log)
ucp._libs.exceptions.UCXError: <[Send #007] ep: 0x7f08b31523c0, tag: 0x756a801aa4492c06, nbytes: 100000000, type: <class 'cudf.core.buffer.buffer.Buffer'>>: Connection reset by remote peer

During handling of the above exception, another exception occurred:

Traceback (most recent call last):
  File "/opt/conda/envs/gdf/lib/python3.9/site-packages/distributed/worker.py", line 1782, in get_data
    compressed = await comm.write(msg, serializers=serializers)
  File "/opt/conda/envs/gdf/lib/python3.9/site-packages/distributed/utils.py", line 838, in wrapper
    return await func(*args, **kwargs)
  File "/opt/conda/envs/gdf/lib/python3.9/site-packages/distributed/comm/ucx.py", line 338, in write
    raise CommClosedError("While writing, the connection was closed")
distributed.comm.core.CommClosedError: While writing, the connection was closed
2024-07-06 06:13:23,109 - distributed.worker - ERROR - failed during get data with ucx://127.0.0.1:45753 -> ucx://127.0.0.1:58119
Traceback (most recent call last):
  File "/opt/conda/envs/gdf/lib/python3.9/site-packages/distributed/comm/ucx.py", line 334, in write
    await self.ep.send(each_frame)
  File "/opt/conda/envs/gdf/lib/python3.9/site-packages/ucp/core.py", line 662, in send
    return await comm.tag_send(self._ep, buffer, nbytes, tag, name=log)
ucp._libs.exceptions.UCXError: <[Send #007] ep: 0x7faae0d7e180, tag: 0x6415e8a771668305, nbytes: 100000000, type: <class 'cudf.core.buffer.buffer.Buffer'>>: Connection reset by remote peer

During handling of the above exception, another exception occurred:

Traceback (most recent call last):
  File "/opt/conda/envs/gdf/lib/python3.9/site-packages/distributed/worker.py", line 1782, in get_data
    compressed = await comm.write(msg, serializers=serializers)
  File "/opt/conda/envs/gdf/lib/python3.9/site-packages/distributed/utils.py", line 838, in wrapper
    return await func(*args, **kwargs)
  File "/opt/conda/envs/gdf/lib/python3.9/site-packages/distributed/comm/ucx.py", line 338, in write
    raise CommClosedError("While writing, the connection was closed")
distributed.comm.core.CommClosedError: While writing, the connection was closed
2024-07-06 06:13:23,175 - distributed.nanny - WARNING - Restarting worker
/opt/conda/envs/gdf/lib/python3.9/multiprocessing/resource_tracker.py:216: UserWarning: resource_tracker: There appear to be 48 leaked semaphore objects to clean up at shutdown
  warnings.warn('resource_tracker: There appear to be %d '
