[dgx13:78704:0:78704] Caught signal 11 (Segmentation fault: address not mapped to object at address 0x450)
==== backtrace (tid:  78704) ====
 0  /opt/conda/envs/gdf/lib/libucs.so.0(ucs_handle_error+0x305) [0x7f4d44fac025]
 1  /opt/conda/envs/gdf/lib/libucs.so.0(+0x2f221) [0x7f4d44fac221]
 2  /opt/conda/envs/gdf/lib/libucs.so.0(+0x2f3ea) [0x7f4d44fac3ea]
 3  /usr/lib/x86_64-linux-gnu/libpthread.so.0(+0x14420) [0x7f4d9506c420]
 4  /opt/conda/envs/gdf/lib/libucp.so.0(ucp_mem_type_unpack+0x17) [0x7f4d45031197]
 5  /opt/conda/envs/gdf/lib/libucp.so.0(ucp_rndv_data_handler+0x5f5) [0x7f4d4505c9e5]
 6  /opt/conda/envs/gdf/lib/./libuct.so.0(+0x21dd6) [0x7f4d44f60dd6]
 7  /opt/conda/envs/gdf/lib/./libuct.so.0(+0x24f48) [0x7f4d44f63f48]
 8  /opt/conda/envs/gdf/lib/libucs.so.0(ucs_event_set_wait+0xb1) [0x7f4d44fb5851]
 9  /opt/conda/envs/gdf/lib/./libuct.so.0(uct_tcp_iface_progress+0x7c) [0x7f4d44f62fbc]
10  /opt/conda/envs/gdf/lib/libucp.so.0(ucp_worker_progress+0x5a) [0x7f4d4502dd5a]
11  /opt/conda/envs/gdf/lib/python3.10/site-packages/ucp/_libs/ucx_api.cpython-310-x86_64-linux-gnu.so(+0x31dca) [0x7f4d450f1dca]
12  /opt/conda/envs/gdf/bin/python(_PyEval_EvalFrameDefault+0x2c3e) [0x55fe185306de]
13  /opt/conda/envs/gdf/bin/python(_PyFunction_Vectorcall+0x6c) [0x55fe1853db7c]
14  /opt/conda/envs/gdf/bin/python(_PyEval_EvalFrameDefault+0x6fd) [0x55fe1852e19d]
15  /opt/conda/envs/gdf/bin/python(+0x1d62c9) [0x55fe185d82c9]
16  /opt/conda/envs/gdf/lib/python3.10/lib-dynload/_asyncio.cpython-310-x86_64-linux-gnu.so(+0x7782) [0x7f4d74c1f782]
17  /opt/conda/envs/gdf/bin/python(_PyObject_MakeTpCall+0x2d3) [0x55fe18536a03]
18  /opt/conda/envs/gdf/bin/python(+0xf745f) [0x55fe184f945f]
19  /opt/conda/envs/gdf/bin/python(+0x1331b3) [0x55fe185351b3]
20  /opt/conda/envs/gdf/bin/python(_PyEval_EvalFrameDefault+0x593b) [0x55fe185333db]
21  /opt/conda/envs/gdf/bin/python(_PyFunction_Vectorcall+0x6c) [0x55fe1853db7c]
22  /opt/conda/envs/gdf/bin/python(_PyEval_EvalFrameDefault+0x6fd) [0x55fe1852e19d]
23  /opt/conda/envs/gdf/bin/python(_PyFunction_Vectorcall+0x6c) [0x55fe1853db7c]
24  /opt/conda/envs/gdf/bin/python(_PyEval_EvalFrameDefault+0x6fd) [0x55fe1852e19d]
25  /opt/conda/envs/gdf/bin/python(_PyFunction_Vectorcall+0x6c) [0x55fe1853db7c]
26  /opt/conda/envs/gdf/bin/python(_PyEval_EvalFrameDefault+0x6fd) [0x55fe1852e19d]
27  /opt/conda/envs/gdf/bin/python(_PyFunction_Vectorcall+0x6c) [0x55fe1853db7c]
28  /opt/conda/envs/gdf/bin/python(_PyEval_EvalFrameDefault+0x6fd) [0x55fe1852e19d]
29  /opt/conda/envs/gdf/bin/python(_PyFunction_Vectorcall+0x6c) [0x55fe1853db7c]
30  /opt/conda/envs/gdf/bin/python(_PyEval_EvalFrameDefault+0x1341) [0x55fe1852ede1]
31  /opt/conda/envs/gdf/bin/python(+0x146fb2) [0x55fe18548fb2]
32  /opt/conda/envs/gdf/bin/python(PyObject_Call+0xbc) [0x55fe1854994c]
33  /opt/conda/envs/gdf/bin/python(+0x1ff72d) [0x55fe1860172d]
34  /opt/conda/envs/gdf/bin/python(_PyObject_MakeTpCall+0x2d3) [0x55fe18536a03]
35  /opt/conda/envs/gdf/bin/python(_PyEval_EvalFrameDefault+0x2c3e) [0x55fe185306de]
36  /opt/conda/envs/gdf/bin/python(+0x147108) [0x55fe18549108]
37  /opt/conda/envs/gdf/bin/python(_PyEval_EvalFrameDefault+0x2c3e) [0x55fe185306de]
38  /opt/conda/envs/gdf/bin/python(_PyFunction_Vectorcall+0x6c) [0x55fe1853db7c]
39  /opt/conda/envs/gdf/bin/python(_PyEval_EvalFrameDefault+0x6fd) [0x55fe1852e19d]
40  /opt/conda/envs/gdf/bin/python(_PyFunction_Vectorcall+0x6c) [0x55fe1853db7c]
41  /opt/conda/envs/gdf/bin/python(_PyEval_EvalFrameDefault+0x6fd) [0x55fe1852e19d]
42  /opt/conda/envs/gdf/bin/python(_PyFunction_Vectorcall+0x6c) [0x55fe1853db7c]
43  /opt/conda/envs/gdf/bin/python(_PyEval_EvalFrameDefault+0x309) [0x55fe1852dda9]
44  /opt/conda/envs/gdf/bin/python(_PyFunction_Vectorcall+0x6c) [0x55fe1853db7c]
45  /opt/conda/envs/gdf/bin/python(_PyEval_EvalFrameDefault+0x1341) [0x55fe1852ede1]
46  /opt/conda/envs/gdf/bin/python(+0x1cca8c) [0x55fe185cea8c]
47  /opt/conda/envs/gdf/bin/python(PyEval_EvalCode+0x87) [0x55fe185ce9d7]
48  /opt/conda/envs/gdf/bin/python(+0x1fceba) [0x55fe185feeba]
49  /opt/conda/envs/gdf/bin/python(+0x1f8343) [0x55fe185fa343]
50  /opt/conda/envs/gdf/bin/python(PyRun_StringFlags+0x7d) [0x55fe185f2add]
51  /opt/conda/envs/gdf/bin/python(PyRun_SimpleStringFlags+0x3c) [0x55fe185f291c]
52  /opt/conda/envs/gdf/bin/python(Py_RunMain+0x3ba) [0x55fe185f1b1a]
53  /opt/conda/envs/gdf/bin/python(Py_BytesMain+0x37) [0x55fe185c2117]
54  /usr/lib/x86_64-linux-gnu/libc.so.6(__libc_start_main+0xf3) [0x7f4d94d30083]
55  /opt/conda/envs/gdf/bin/python(+0x1c002e) [0x55fe185c202e]
=================================
[dgx13:78687:0:78687] Caught signal 11 (Segmentation fault: address not mapped to object at address 0x450)
==== backtrace (tid:  78687) ====
 0  /opt/conda/envs/gdf/lib/libucs.so.0(ucs_handle_error+0x305) [0x7fa0f7414025]
 1  /opt/conda/envs/gdf/lib/libucs.so.0(+0x2f221) [0x7fa0f7414221]
 2  /opt/conda/envs/gdf/lib/libucs.so.0(+0x2f3ea) [0x7fa0f74143ea]
 3  /usr/lib/x86_64-linux-gnu/libpthread.so.0(+0x14420) [0x7fa1474d5420]
 4  /opt/conda/envs/gdf/lib/libucp.so.0(ucp_mem_type_unpack+0x17) [0x7fa0f7499197]
 5  /opt/conda/envs/gdf/lib/libucp.so.0(ucp_rndv_data_handler+0x5f5) [0x7fa0f74c49e5]
 6  /opt/conda/envs/gdf/lib/./libuct.so.0(+0x21dd6) [0x7fa0f73c8dd6]
 7  /opt/conda/envs/gdf/lib/./libuct.so.0(+0x24f48) [0x7fa0f73cbf48]
 8  /opt/conda/envs/gdf/lib/libucs.so.0(ucs_event_set_wait+0xb1) [0x7fa0f741d851]
 9  /opt/conda/envs/gdf/lib/./libuct.so.0(uct_tcp_iface_progress+0x7c) [0x7fa0f73cafbc]
10  /opt/conda/envs/gdf/lib/libucp.so.0(ucp_worker_progress+0x5a) [0x7fa0f7495d5a]
11  /opt/conda/envs/gdf/lib/python3.10/site-packages/ucp/_libs/ucx_api.cpython-310-x86_64-linux-gnu.so(+0x31dca) [0x7fa0f7559dca]
12  /opt/conda/envs/gdf/bin/python(_PyEval_EvalFrameDefault+0x2c3e) [0x55bdacb756de]
13  /opt/conda/envs/gdf/bin/python(_PyFunction_Vectorcall+0x6c) [0x55bdacb82b7c]
14  /opt/conda/envs/gdf/bin/python(_PyEval_EvalFrameDefault+0x6fd) [0x55bdacb7319d]
15  /opt/conda/envs/gdf/bin/python(+0x147234) [0x55bdacb8e234]
16  /opt/conda/envs/gdf/bin/python(+0x252f7c) [0x55bdacc99f7c]
17  /opt/conda/envs/gdf/bin/python(+0xf745f) [0x55bdacb3e45f]
18  /opt/conda/envs/gdf/bin/python(+0x1331b3) [0x55bdacb7a1b3]
19  /opt/conda/envs/gdf/bin/python(_PyEval_EvalFrameDefault+0x593b) [0x55bdacb783db]
20  /opt/conda/envs/gdf/bin/python(_PyFunction_Vectorcall+0x6c) [0x55bdacb82b7c]
21  /opt/conda/envs/gdf/bin/python(_PyEval_EvalFrameDefault+0x6fd) [0x55bdacb7319d]
22  /opt/conda/envs/gdf/bin/python(_PyFunction_Vectorcall+0x6c) [0x55bdacb82b7c]
23  /opt/conda/envs/gdf/bin/python(_PyEval_EvalFrameDefault+0x6fd) [0x55bdacb7319d]
24  /opt/conda/envs/gdf/bin/python(_PyFunction_Vectorcall+0x6c) [0x55bdacb82b7c]
25  /opt/conda/envs/gdf/bin/python(_PyEval_EvalFrameDefault+0x6fd) [0x55bdacb7319d]
26  /opt/conda/envs/gdf/bin/python(_PyFunction_Vectorcall+0x6c) [0x55bdacb82b7c]
27  /opt/conda/envs/gdf/bin/python(_PyEval_EvalFrameDefault+0x6fd) [0x55bdacb7319d]
28  /opt/conda/envs/gdf/bin/python(_PyFunction_Vectorcall+0x6c) [0x55bdacb82b7c]
29  /opt/conda/envs/gdf/bin/python(_PyEval_EvalFrameDefault+0x1341) [0x55bdacb73de1]
30  /opt/conda/envs/gdf/bin/python(+0x146fb2) [0x55bdacb8dfb2]
31  /opt/conda/envs/gdf/bin/python(PyObject_Call+0xbc) [0x55bdacb8e94c]
32  /opt/conda/envs/gdf/bin/python(+0x1ff72d) [0x55bdacc4672d]
33  /opt/conda/envs/gdf/bin/python(_PyObject_MakeTpCall+0x2d3) [0x55bdacb7ba03]
34  /opt/conda/envs/gdf/bin/python(_PyEval_EvalFrameDefault+0x2c3e) [0x55bdacb756de]
35  /opt/conda/envs/gdf/bin/python(+0x147108) [0x55bdacb8e108]
36  /opt/conda/envs/gdf/bin/python(_PyEval_EvalFrameDefault+0x2c3e) [0x55bdacb756de]
37  /opt/conda/envs/gdf/bin/python(_PyFunction_Vectorcall+0x6c) [0x55bdacb82b7c]
38  /opt/conda/envs/gdf/bin/python(_PyEval_EvalFrameDefault+0x6fd) [0x55bdacb7319d]
39  /opt/conda/envs/gdf/bin/python(_PyFunction_Vectorcall+0x6c) [0x55bdacb82b7c]
40  /opt/conda/envs/gdf/bin/python(_PyEval_EvalFrameDefault+0x6fd) [0x55bdacb7319d]
41  /opt/conda/envs/gdf/bin/python(_PyFunction_Vectorcall+0x6c) [0x55bdacb82b7c]
42  /opt/conda/envs/gdf/bin/python(_PyEval_EvalFrameDefault+0x309) [0x55bdacb72da9]
43  /opt/conda/envs/gdf/bin/python(_PyFunction_Vectorcall+0x6c) [0x55bdacb82b7c]
44  /opt/conda/envs/gdf/bin/python(_PyEval_EvalFrameDefault+0x1341) [0x55bdacb73de1]
45  /opt/conda/envs/gdf/bin/python(+0x1cca8c) [0x55bdacc13a8c]
46  /opt/conda/envs/gdf/bin/python(PyEval_EvalCode+0x87) [0x55bdacc139d7]
47  /opt/conda/envs/gdf/bin/python(+0x1fceba) [0x55bdacc43eba]
48  /opt/conda/envs/gdf/bin/python(+0x1f8343) [0x55bdacc3f343]
49  /opt/conda/envs/gdf/bin/python(PyRun_StringFlags+0x7d) [0x55bdacc37add]
50  /opt/conda/envs/gdf/bin/python(PyRun_SimpleStringFlags+0x3c) [0x55bdacc3791c]
51  /opt/conda/envs/gdf/bin/python(Py_RunMain+0x3ba) [0x55bdacc36b1a]
52  /opt/conda/envs/gdf/bin/python(Py_BytesMain+0x37) [0x55bdacc07117]
53  /usr/lib/x86_64-linux-gnu/libc.so.6(__libc_start_main+0xf3) [0x7fa147199083]
54  /opt/conda/envs/gdf/bin/python(+0x1c002e) [0x55bdacc0702e]
=================================
[dgx13:78695:0:78695] Caught signal 11 (Segmentation fault: address not mapped to object at address 0x450)
==== backtrace (tid:  78695) ====
 0  /opt/conda/envs/gdf/lib/libucs.so.0(ucs_handle_error+0x305) [0x7f6113b9f025]
 1  /opt/conda/envs/gdf/lib/libucs.so.0(+0x2f221) [0x7f6113b9f221]
 2  /opt/conda/envs/gdf/lib/libucs.so.0(+0x2f3ea) [0x7f6113b9f3ea]
 3  /usr/lib/x86_64-linux-gnu/libpthread.so.0(+0x14420) [0x7f6165c68420]
 4  /opt/conda/envs/gdf/lib/libucp.so.0(ucp_mem_type_unpack+0x17) [0x7f6113c24197]
 5  /opt/conda/envs/gdf/lib/libucp.so.0(ucp_rndv_data_handler+0x5f5) [0x7f6113c4f9e5]
 6  /opt/conda/envs/gdf/lib/./libuct.so.0(+0x21dd6) [0x7f6113b53dd6]
 7  /opt/conda/envs/gdf/lib/./libuct.so.0(+0x24f48) [0x7f6113b56f48]
 8  /opt/conda/envs/gdf/lib/libucs.so.0(ucs_event_set_wait+0xb1) [0x7f6113ba8851]
 9  /opt/conda/envs/gdf/lib/./libuct.so.0(uct_tcp_iface_progress+0x7c) [0x7f6113b55fbc]
10  /opt/conda/envs/gdf/lib/libucp.so.0(ucp_worker_progress+0x5a) [0x7f6113c20d5a]
11  /opt/conda/envs/gdf/lib/python3.10/site-packages/ucp/_libs/ucx_api.cpython-310-x86_64-linux-gnu.so(+0x31dca) [0x7f612804fdca]
12  /opt/conda/envs/gdf/bin/python(_PyEval_EvalFrameDefault+0x2c3e) [0x562a52e356de]
13  /opt/conda/envs/gdf/bin/python(_PyFunction_Vectorcall+0x6c) [0x562a52e42b7c]
14  /opt/conda/envs/gdf/bin/python(_PyEval_EvalFrameDefault+0x6fd) [0x562a52e3319d]
15  /opt/conda/envs/gdf/bin/python(+0x1d62c9) [0x562a52edd2c9]
16  /opt/conda/envs/gdf/bin/python(_PyEval_EvalFrameDefault+0x1ae5) [0x562a52e34585]
17  /opt/conda/envs/gdf/bin/python(+0x1d62c9) [0x562a52edd2c9]
18  /opt/conda/envs/gdf/bin/python(_PyEval_EvalFrameDefault+0x1ae5) [0x562a52e34585]
19  /opt/conda/envs/gdf/bin/python(+0x1d62c9) [0x562a52edd2c9]
20  /opt/conda/envs/gdf/lib/python3.10/lib-dynload/_asyncio.cpython-310-x86_64-linux-gnu.so(+0x7782) [0x7f614581b782]
21  /opt/conda/envs/gdf/bin/python(_PyObject_MakeTpCall+0x2d3) [0x562a52e3ba03]
22  /opt/conda/envs/gdf/bin/python(+0xf745f) [0x562a52dfe45f]
23  /opt/conda/envs/gdf/bin/python(+0x1331b3) [0x562a52e3a1b3]
24  /opt/conda/envs/gdf/bin/python(_PyEval_EvalFrameDefault+0x593b) [0x562a52e383db]
25  /opt/conda/envs/gdf/bin/python(_PyFunction_Vectorcall+0x6c) [0x562a52e42b7c]
26  /opt/conda/envs/gdf/bin/python(_PyEval_EvalFrameDefault+0x6fd) [0x562a52e3319d]
27  /opt/conda/envs/gdf/bin/python(_PyFunction_Vectorcall+0x6c) [0x562a52e42b7c]
28  /opt/conda/envs/gdf/bin/python(_PyEval_EvalFrameDefault+0x6fd) [0x562a52e3319d]
29  /opt/conda/envs/gdf/bin/python(_PyFunction_Vectorcall+0x6c) [0x562a52e42b7c]
30  /opt/conda/envs/gdf/bin/python(_PyEval_EvalFrameDefault+0x6fd) [0x562a52e3319d]
31  /opt/conda/envs/gdf/bin/python(_PyFunction_Vectorcall+0x6c) [0x562a52e42b7c]
32  /opt/conda/envs/gdf/bin/python(_PyEval_EvalFrameDefault+0x6fd) [0x562a52e3319d]
33  /opt/conda/envs/gdf/bin/python(_PyFunction_Vectorcall+0x6c) [0x562a52e42b7c]
34  /opt/conda/envs/gdf/bin/python(_PyEval_EvalFrameDefault+0x1341) [0x562a52e33de1]
35  /opt/conda/envs/gdf/bin/python(+0x146fb2) [0x562a52e4dfb2]
36  /opt/conda/envs/gdf/bin/python(PyObject_Call+0xbc) [0x562a52e4e94c]
37  /opt/conda/envs/gdf/bin/python(+0x1ff72d) [0x562a52f0672d]
38  /opt/conda/envs/gdf/bin/python(_PyObject_MakeTpCall+0x2d3) [0x562a52e3ba03]
39  /opt/conda/envs/gdf/bin/python(_PyEval_EvalFrameDefault+0x2c3e) [0x562a52e356de]
40  /opt/conda/envs/gdf/bin/python(+0x147108) [0x562a52e4e108]
41  /opt/conda/envs/gdf/bin/python(_PyEval_EvalFrameDefault+0x2c3e) [0x562a52e356de]
42  /opt/conda/envs/gdf/bin/python(_PyFunction_Vectorcall+0x6c) [0x562a52e42b7c]
43  /opt/conda/envs/gdf/bin/python(_PyEval_EvalFrameDefault+0x6fd) [0x562a52e3319d]
44  /opt/conda/envs/gdf/bin/python(_PyFunction_Vectorcall+0x6c) [0x562a52e42b7c]
45  /opt/conda/envs/gdf/bin/python(_PyEval_EvalFrameDefault+0x6fd) [0x562a52e3319d]
46  /opt/conda/envs/gdf/bin/python(_PyFunction_Vectorcall+0x6c) [0x562a52e42b7c]
47  /opt/conda/envs/gdf/bin/python(_PyEval_EvalFrameDefault+0x309) [0x562a52e32da9]
48  /opt/conda/envs/gdf/bin/python(_PyFunction_Vectorcall+0x6c) [0x562a52e42b7c]
49  /opt/conda/envs/gdf/bin/python(_PyEval_EvalFrameDefault+0x1341) [0x562a52e33de1]
50  /opt/conda/envs/gdf/bin/python(+0x1cca8c) [0x562a52ed3a8c]
51  /opt/conda/envs/gdf/bin/python(PyEval_EvalCode+0x87) [0x562a52ed39d7]
52  /opt/conda/envs/gdf/bin/python(+0x1fceba) [0x562a52f03eba]
53  /opt/conda/envs/gdf/bin/python(+0x1f8343) [0x562a52eff343]
54  /opt/conda/envs/gdf/bin/python(PyRun_StringFlags+0x7d) [0x562a52ef7add]
55  /opt/conda/envs/gdf/bin/python(PyRun_SimpleStringFlags+0x3c) [0x562a52ef791c]
56  /opt/conda/envs/gdf/bin/python(Py_RunMain+0x3ba) [0x562a52ef6b1a]
57  /opt/conda/envs/gdf/bin/python(Py_BytesMain+0x37) [0x562a52ec7117]
58  /usr/lib/x86_64-linux-gnu/libc.so.6(__libc_start_main+0xf3) [0x7f616592c083]
59  /opt/conda/envs/gdf/bin/python(+0x1c002e) [0x562a52ec702e]
=================================
2025-02-10 07:46:46,866 - distributed.worker - ERROR - Worker stream died during communication: ucx://127.0.0.1:41323
Traceback (most recent call last):
  File "/opt/conda/envs/gdf/lib/python3.10/site-packages/rapids_dask_dependency/patches/distributed/comm/__rdd_patch_ucx.py", line 395, in read
    await self.ep.recv(each_frame)
  File "/opt/conda/envs/gdf/lib/python3.10/site-packages/ucp/core.py", line 748, in recv
    ret = await comm.tag_recv(self._ep, buffer, nbytes, tag, name=log)
ucp._libs.exceptions.UCXError: <[Recv #007] ep: 0x7f991951c140, tag: 0xa92d69e320024913, nbytes: 50000000, type: <class 'rmm.pylibrmm.device_buffer.DeviceBuffer'>>: Connection reset by remote peer

During handling of the above exception, another exception occurred:

Traceback (most recent call last):
  File "/opt/conda/envs/gdf/lib/python3.10/site-packages/distributed/worker.py", line 2075, in gather_dep
    response = await get_data_from_worker(
  File "/opt/conda/envs/gdf/lib/python3.10/site-packages/distributed/worker.py", line 2881, in get_data_from_worker
    response = await send_recv(
  File "/opt/conda/envs/gdf/lib/python3.10/site-packages/distributed/core.py", line 1018, in send_recv
    response = await comm.read(deserializers=deserializers)
  File "/opt/conda/envs/gdf/lib/python3.10/site-packages/distributed/utils.py", line 805, in wrapper
    return await func(*args, **kwargs)
  File "/opt/conda/envs/gdf/lib/python3.10/site-packages/rapids_dask_dependency/patches/distributed/comm/__rdd_patch_ucx.py", line 401, in read
    raise CommClosedError(
distributed.comm.core.CommClosedError: Connection closed by writer.
Inner exception: UCXError("<[Recv #007] ep: 0x7f991951c140, tag: 0xa92d69e320024913, nbytes: 50000000, type: <class 'rmm.pylibrmm.device_buffer.DeviceBuffer'>>: Connection reset by remote peer")
2025-02-10 07:46:46,866 - distributed.worker - ERROR - Worker stream died during communication: ucx://127.0.0.1:41323
Traceback (most recent call last):
  File "/opt/conda/envs/gdf/lib/python3.10/site-packages/rapids_dask_dependency/patches/distributed/comm/__rdd_patch_ucx.py", line 353, in read
    await self.ep.recv(msg)
  File "/opt/conda/envs/gdf/lib/python3.10/site-packages/ucp/core.py", line 748, in recv
    ret = await comm.tag_recv(self._ep, buffer, nbytes, tag, name=log)
ucp._libs.exceptions.UCXCanceled: <[Recv #008] ep: 0x7f46d870e0c0, tag: 0xd80bce6913af2d57, nbytes: 16, type: <class 'numpy.ndarray'>>: 

During handling of the above exception, another exception occurred:

Traceback (most recent call last):
  File "/opt/conda/envs/gdf/lib/python3.10/site-packages/distributed/worker.py", line 2075, in gather_dep
    response = await get_data_from_worker(
  File "/opt/conda/envs/gdf/lib/python3.10/site-packages/distributed/worker.py", line 2881, in get_data_from_worker
    response = await send_recv(
  File "/opt/conda/envs/gdf/lib/python3.10/site-packages/distributed/core.py", line 1018, in send_recv
    response = await comm.read(deserializers=deserializers)
  File "/opt/conda/envs/gdf/lib/python3.10/site-packages/distributed/utils.py", line 805, in wrapper
    return await func(*args, **kwargs)
  File "/opt/conda/envs/gdf/lib/python3.10/site-packages/rapids_dask_dependency/patches/distributed/comm/__rdd_patch_ucx.py", line 371, in read
    raise CommClosedError(
distributed.comm.core.CommClosedError: Connection closed by writer.
Inner exception: UCXCanceled("<[Recv #008] ep: 0x7f46d870e0c0, tag: 0xd80bce6913af2d57, nbytes: 16, type: <class 'numpy.ndarray'>>: ")
2025-02-10 07:46:46,867 - distributed.scheduler - WARNING - Removing worker 'ucx://127.0.0.1:41323' caused the cluster to lose already computed task(s), which will be recomputed elsewhere: {('random_sample-47e4bf2eb40f781e3fd62c2650f5ca28', 7, 8), ('random_sample-47e4bf2eb40f781e3fd62c2650f5ca28', 1, 6), ('random_sample-47e4bf2eb40f781e3fd62c2650f5ca28', 0, 2), ('random_sample-47e4bf2eb40f781e3fd62c2650f5ca28', 6, 3), ('sum-56f988fbc945e96fdbc390c518e34e55', 8, 8), ('random_sample-47e4bf2eb40f781e3fd62c2650f5ca28', 8, 8), ('random_sample-47e4bf2eb40f781e3fd62c2650f5ca28', 5, 4), ('random_sample-47e4bf2eb40f781e3fd62c2650f5ca28', 4, 0), ('random_sample-47e4bf2eb40f781e3fd62c2650f5ca28', 2, 5), ('random_sample-47e4bf2eb40f781e3fd62c2650f5ca28', 2, 6), ('random_sample-47e4bf2eb40f781e3fd62c2650f5ca28', 9, 6), ('random_sample-47e4bf2eb40f781e3fd62c2650f5ca28', 6, 8)} (stimulus_id='handle-worker-cleanup-1739173606.867143')
2025-02-10 07:46:46,922 - distributed.worker - ERROR - failed during get data with ucx://127.0.0.1:42911 -> ucx://127.0.0.1:41323
Traceback (most recent call last):
  File "/opt/conda/envs/gdf/lib/python3.10/site-packages/rapids_dask_dependency/patches/distributed/comm/__rdd_patch_ucx.py", line 319, in write
    await self.ep.send(struct.pack("?Q", False, nframes))
  File "/opt/conda/envs/gdf/lib/python3.10/site-packages/ucp/core.py", line 652, in send
    self._ep.raise_on_error()
  File "ucp/_libs/ucx_endpoint.pyx", line 353, in ucp._libs.ucx_api.UCXEndpoint.raise_on_error
ucp._libs.exceptions.UCXConnectionReset: Endpoint 0x7f0234166340 error: Connection reset by remote peer

During handling of the above exception, another exception occurred:

Traceback (most recent call last):
  File "/opt/conda/envs/gdf/lib/python3.10/site-packages/distributed/worker.py", line 1796, in get_data
    compressed = await comm.write(msg, serializers=serializers)
  File "/opt/conda/envs/gdf/lib/python3.10/site-packages/distributed/utils.py", line 805, in wrapper
    return await func(*args, **kwargs)
  File "/opt/conda/envs/gdf/lib/python3.10/site-packages/rapids_dask_dependency/patches/distributed/comm/__rdd_patch_ucx.py", line 341, in write
    raise CommClosedError("While writing, the connection was closed")
distributed.comm.core.CommClosedError: While writing, the connection was closed
2025-02-10 07:46:46,926 - distributed.worker - ERROR - Worker stream died during communication: ucx://127.0.0.1:41323
Traceback (most recent call last):
  File "/opt/conda/envs/gdf/lib/python3.10/site-packages/rapids_dask_dependency/patches/distributed/comm/__rdd_patch_ucx.py", line 395, in read
    await self.ep.recv(each_frame)
  File "/opt/conda/envs/gdf/lib/python3.10/site-packages/ucp/core.py", line 748, in recv
    ret = await comm.tag_recv(self._ep, buffer, nbytes, tag, name=log)
ucp._libs.exceptions.UCXError: <[Recv #007] ep: 0x7f0234166140, tag: 0x658e3aa1457c2060, nbytes: 50000000, type: <class 'rmm.pylibrmm.device_buffer.DeviceBuffer'>>: Connection reset by remote peer

During handling of the above exception, another exception occurred:

Traceback (most recent call last):
  File "/opt/conda/envs/gdf/lib/python3.10/site-packages/distributed/worker.py", line 2075, in gather_dep
    response = await get_data_from_worker(
  File "/opt/conda/envs/gdf/lib/python3.10/site-packages/distributed/worker.py", line 2881, in get_data_from_worker
    response = await send_recv(
  File "/opt/conda/envs/gdf/lib/python3.10/site-packages/distributed/core.py", line 1018, in send_recv
    response = await comm.read(deserializers=deserializers)
  File "/opt/conda/envs/gdf/lib/python3.10/site-packages/distributed/utils.py", line 805, in wrapper
    return await func(*args, **kwargs)
  File "/opt/conda/envs/gdf/lib/python3.10/site-packages/rapids_dask_dependency/patches/distributed/comm/__rdd_patch_ucx.py", line 401, in read
    raise CommClosedError(
distributed.comm.core.CommClosedError: Connection closed by writer.
Inner exception: UCXError("<[Recv #007] ep: 0x7f0234166140, tag: 0x658e3aa1457c2060, nbytes: 50000000, type: <class 'rmm.pylibrmm.device_buffer.DeviceBuffer'>>: Connection reset by remote peer")
2025-02-10 07:46:46,961 - distributed.worker - ERROR - Worker stream died during communication: ucx://127.0.0.1:39913
Traceback (most recent call last):
  File "/opt/conda/envs/gdf/lib/python3.10/site-packages/rapids_dask_dependency/patches/distributed/comm/__rdd_patch_ucx.py", line 353, in read
    await self.ep.recv(msg)
  File "/opt/conda/envs/gdf/lib/python3.10/site-packages/ucp/core.py", line 748, in recv
    ret = await comm.tag_recv(self._ep, buffer, nbytes, tag, name=log)
ucp._libs.exceptions.UCXCanceled: <[Recv #003] ep: 0x7f991951c200, tag: 0xd1a02497cb6bb66e, nbytes: 16, type: <class 'numpy.ndarray'>>: 

During handling of the above exception, another exception occurred:

Traceback (most recent call last):
  File "/opt/conda/envs/gdf/lib/python3.10/site-packages/distributed/worker.py", line 2075, in gather_dep
    response = await get_data_from_worker(
  File "/opt/conda/envs/gdf/lib/python3.10/site-packages/distributed/worker.py", line 2881, in get_data_from_worker
    response = await send_recv(
  File "/opt/conda/envs/gdf/lib/python3.10/site-packages/distributed/core.py", line 1018, in send_recv
    response = await comm.read(deserializers=deserializers)
  File "/opt/conda/envs/gdf/lib/python3.10/site-packages/distributed/utils.py", line 805, in wrapper
    return await func(*args, **kwargs)
  File "/opt/conda/envs/gdf/lib/python3.10/site-packages/rapids_dask_dependency/patches/distributed/comm/__rdd_patch_ucx.py", line 371, in read
    raise CommClosedError(
distributed.comm.core.CommClosedError: Connection closed by writer.
Inner exception: UCXCanceled("<[Recv #003] ep: 0x7f991951c200, tag: 0xd1a02497cb6bb66e, nbytes: 16, type: <class 'numpy.ndarray'>>: ")
2025-02-10 07:46:46,962 - distributed.worker - ERROR - Worker stream died during communication: ucx://127.0.0.1:39913
Traceback (most recent call last):
  File "/opt/conda/envs/gdf/lib/python3.10/site-packages/rapids_dask_dependency/patches/distributed/comm/__rdd_patch_ucx.py", line 353, in read
    await self.ep.recv(msg)
  File "/opt/conda/envs/gdf/lib/python3.10/site-packages/ucp/core.py", line 748, in recv
    ret = await comm.tag_recv(self._ep, buffer, nbytes, tag, name=log)
ucp._libs.exceptions.UCXCanceled: <[Recv #000] ep: 0x7f0234166240, tag: 0x435c677f5da34ee3, nbytes: 16, type: <class 'numpy.ndarray'>>: 

During handling of the above exception, another exception occurred:

Traceback (most recent call last):
  File "/opt/conda/envs/gdf/lib/python3.10/site-packages/distributed/worker.py", line 2075, in gather_dep
    response = await get_data_from_worker(
  File "/opt/conda/envs/gdf/lib/python3.10/site-packages/distributed/worker.py", line 2878, in get_data_from_worker
    comm = await rpc.connect(worker)
  File "/opt/conda/envs/gdf/lib/python3.10/site-packages/distributed/core.py", line 1539, in connect
    return connect_attempt.result()
  File "/opt/conda/envs/gdf/lib/python3.10/site-packages/distributed/core.py", line 1429, in _connect
    comm = await connect(
  File "/opt/conda/envs/gdf/lib/python3.10/site-packages/distributed/comm/core.py", line 377, in connect
    handshake = await comm.read()
  File "/opt/conda/envs/gdf/lib/python3.10/site-packages/distributed/utils.py", line 805, in wrapper
    return await func(*args, **kwargs)
  File "/opt/conda/envs/gdf/lib/python3.10/site-packages/rapids_dask_dependency/patches/distributed/comm/__rdd_patch_ucx.py", line 371, in read
    raise CommClosedError(
distributed.comm.core.CommClosedError: Connection closed by writer.
Inner exception: UCXCanceled("<[Recv #000] ep: 0x7f0234166240, tag: 0x435c677f5da34ee3, nbytes: 16, type: <class 'numpy.ndarray'>>: ")
2025-02-10 07:46:46,962 - distributed.worker - ERROR - Worker stream died during communication: ucx://127.0.0.1:39913
Traceback (most recent call last):
  File "/opt/conda/envs/gdf/lib/python3.10/site-packages/rapids_dask_dependency/patches/distributed/comm/__rdd_patch_ucx.py", line 353, in read
    await self.ep.recv(msg)
  File "/opt/conda/envs/gdf/lib/python3.10/site-packages/ucp/core.py", line 748, in recv
    ret = await comm.tag_recv(self._ep, buffer, nbytes, tag, name=log)
ucp._libs.exceptions.UCXCanceled: <[Recv #000] ep: 0x7f46d870e140, tag: 0xec58201f889dddc6, nbytes: 16, type: <class 'numpy.ndarray'>>: 

During handling of the above exception, another exception occurred:

Traceback (most recent call last):
  File "/opt/conda/envs/gdf/lib/python3.10/site-packages/distributed/worker.py", line 2075, in gather_dep
    response = await get_data_from_worker(
  File "/opt/conda/envs/gdf/lib/python3.10/site-packages/distributed/worker.py", line 2878, in get_data_from_worker
    comm = await rpc.connect(worker)
  File "/opt/conda/envs/gdf/lib/python3.10/site-packages/distributed/core.py", line 1539, in connect
    return connect_attempt.result()
  File "/opt/conda/envs/gdf/lib/python3.10/site-packages/distributed/core.py", line 1429, in _connect
    comm = await connect(
  File "/opt/conda/envs/gdf/lib/python3.10/site-packages/distributed/comm/core.py", line 377, in connect
    handshake = await comm.read()
  File "/opt/conda/envs/gdf/lib/python3.10/site-packages/distributed/utils.py", line 805, in wrapper
    return await func(*args, **kwargs)
  File "/opt/conda/envs/gdf/lib/python3.10/site-packages/rapids_dask_dependency/patches/distributed/comm/__rdd_patch_ucx.py", line 371, in read
    raise CommClosedError(
distributed.comm.core.CommClosedError: Connection closed by writer.
Inner exception: UCXCanceled("<[Recv #000] ep: 0x7f46d870e140, tag: 0xec58201f889dddc6, nbytes: 16, type: <class 'numpy.ndarray'>>: ")
2025-02-10 07:46:46,962 - distributed.scheduler - WARNING - Removing worker 'ucx://127.0.0.1:39913' caused the cluster to lose already computed task(s), which will be recomputed elsewhere: {('random_sample-47e4bf2eb40f781e3fd62c2650f5ca28', 7, 2), ('random_sample-47e4bf2eb40f781e3fd62c2650f5ca28', 4, 9), ('random_sample-47e4bf2eb40f781e3fd62c2650f5ca28', 3, 5), ('random_sample-47e4bf2eb40f781e3fd62c2650f5ca28', 6, 1), ('random_sample-47e4bf2eb40f781e3fd62c2650f5ca28', 0, 9), ('random_sample-47e4bf2eb40f781e3fd62c2650f5ca28', 4, 8), ('sum-56f988fbc945e96fdbc390c518e34e55', 7, 2), ('random_sample-47e4bf2eb40f781e3fd62c2650f5ca28', 9, 1), ('random_sample-47e4bf2eb40f781e3fd62c2650f5ca28', 2, 4), ('random_sample-47e4bf2eb40f781e3fd62c2650f5ca28', 1, 2), ('random_sample-47e4bf2eb40f781e3fd62c2650f5ca28', 7, 7), ('sum-56f988fbc945e96fdbc390c518e34e55', 9, 4), ('sum-56f988fbc945e96fdbc390c518e34e55', 4, 9), ('random_sample-47e4bf2eb40f781e3fd62c2650f5ca28', 3, 0), ('sum-56f988fbc945e96fdbc390c518e34e55', 7, 7), ('sum-56f988fbc945e96fdbc390c518e34e55', 2, 7), ('sum-56f988fbc945e96fdbc390c518e34e55', 9, 9), ('random_sample-47e4bf2eb40f781e3fd62c2650f5ca28', 9, 9)} (stimulus_id='handle-worker-cleanup-1739173606.962596')
2025-02-10 07:46:46,962 - distributed.worker - ERROR - failed during get data with ucx://127.0.0.1:60897 -> ucx://127.0.0.1:39913
Traceback (most recent call last):
  File "/opt/conda/envs/gdf/lib/python3.10/site-packages/rapids_dask_dependency/patches/distributed/comm/__rdd_patch_ucx.py", line 337, in write
    await self.ep.send(each_frame)
  File "/opt/conda/envs/gdf/lib/python3.10/site-packages/ucp/core.py", line 673, in send
    return await comm.tag_send(self._ep, buffer, nbytes, tag, name=log)
ucp._libs.exceptions.UCXError: <[Send #007] ep: 0x7f991951c240, tag: 0x4f0112a217e411cf, nbytes: 50000000, type: <class 'cupy.ndarray'>>: Connection reset by remote peer

During handling of the above exception, another exception occurred:

Traceback (most recent call last):
  File "/opt/conda/envs/gdf/lib/python3.10/site-packages/distributed/worker.py", line 1796, in get_data
    compressed = await comm.write(msg, serializers=serializers)
  File "/opt/conda/envs/gdf/lib/python3.10/site-packages/distributed/utils.py", line 805, in wrapper
    return await func(*args, **kwargs)
  File "/opt/conda/envs/gdf/lib/python3.10/site-packages/rapids_dask_dependency/patches/distributed/comm/__rdd_patch_ucx.py", line 341, in write
    raise CommClosedError("While writing, the connection was closed")
distributed.comm.core.CommClosedError: While writing, the connection was closed
2025-02-10 07:46:46,973 - distributed.worker - ERROR - Worker stream died during communication: ucx://127.0.0.1:42759
Traceback (most recent call last):
  File "/opt/conda/envs/gdf/lib/python3.10/site-packages/rapids_dask_dependency/patches/distributed/comm/__rdd_patch_ucx.py", line 395, in read
    await self.ep.recv(each_frame)
  File "/opt/conda/envs/gdf/lib/python3.10/site-packages/ucp/core.py", line 748, in recv
    ret = await comm.tag_recv(self._ep, buffer, nbytes, tag, name=log)
ucp._libs.exceptions.UCXError: <[Recv #007] ep: 0x7f46d870e100, tag: 0xe7278e7c42f7d0f8, nbytes: 50000000, type: <class 'rmm.pylibrmm.device_buffer.DeviceBuffer'>>: Connection reset by remote peer

During handling of the above exception, another exception occurred:

Traceback (most recent call last):
  File "/opt/conda/envs/gdf/lib/python3.10/site-packages/distributed/worker.py", line 2075, in gather_dep
    response = await get_data_from_worker(
  File "/opt/conda/envs/gdf/lib/python3.10/site-packages/distributed/worker.py", line 2881, in get_data_from_worker
    response = await send_recv(
  File "/opt/conda/envs/gdf/lib/python3.10/site-packages/distributed/core.py", line 1018, in send_recv
    response = await comm.read(deserializers=deserializers)
  File "/opt/conda/envs/gdf/lib/python3.10/site-packages/distributed/utils.py", line 805, in wrapper
    return await func(*args, **kwargs)
  File "/opt/conda/envs/gdf/lib/python3.10/site-packages/rapids_dask_dependency/patches/distributed/comm/__rdd_patch_ucx.py", line 401, in read
    raise CommClosedError(
distributed.comm.core.CommClosedError: Connection closed by writer.
Inner exception: UCXError("<[Recv #007] ep: 0x7f46d870e100, tag: 0xe7278e7c42f7d0f8, nbytes: 50000000, type: <class 'rmm.pylibrmm.device_buffer.DeviceBuffer'>>: Connection reset by remote peer")
2025-02-10 07:46:46,974 - distributed.scheduler - WARNING - Removing worker 'ucx://127.0.0.1:42759' caused the cluster to lose already computed task(s), which will be recomputed elsewhere: {('random_sample-47e4bf2eb40f781e3fd62c2650f5ca28', 9, 5), ('random_sample-47e4bf2eb40f781e3fd62c2650f5ca28', 4, 5), ('random_sample-47e4bf2eb40f781e3fd62c2650f5ca28', 7, 1), ('random_sample-47e4bf2eb40f781e3fd62c2650f5ca28', 2, 1), ('random_sample-47e4bf2eb40f781e3fd62c2650f5ca28', 3, 4), ('random_sample-47e4bf2eb40f781e3fd62c2650f5ca28', 4, 4), ('random_sample-47e4bf2eb40f781e3fd62c2650f5ca28', 6, 0), ('random_sample-47e4bf2eb40f781e3fd62c2650f5ca28', 2, 3), ('random_sample-47e4bf2eb40f781e3fd62c2650f5ca28', 1, 1), ('sum-56f988fbc945e96fdbc390c518e34e55', 1, 1), ('random_sample-47e4bf2eb40f781e3fd62c2650f5ca28', 8, 7), ('sum-56f988fbc945e96fdbc390c518e34e55', 4, 4)} (stimulus_id='handle-worker-cleanup-1739173606.9745295')
2025-02-10 07:46:46,974 - distributed.worker - ERROR - failed during get data with ucx://127.0.0.1:33879 -> ucx://127.0.0.1:42759
Traceback (most recent call last):
  File "/opt/conda/envs/gdf/lib/python3.10/site-packages/rapids_dask_dependency/patches/distributed/comm/__rdd_patch_ucx.py", line 337, in write
    await self.ep.send(each_frame)
  File "/opt/conda/envs/gdf/lib/python3.10/site-packages/ucp/core.py", line 673, in send
    return await comm.tag_send(self._ep, buffer, nbytes, tag, name=log)
ucp._libs.exceptions.UCXError: <[Send #007] ep: 0x7f46d870e200, tag: 0xd7d7eac023fd3ba7, nbytes: 50000000, type: <class 'cupy.ndarray'>>: Connection reset by remote peer

During handling of the above exception, another exception occurred:

Traceback (most recent call last):
  File "/opt/conda/envs/gdf/lib/python3.10/site-packages/distributed/worker.py", line 1796, in get_data
    compressed = await comm.write(msg, serializers=serializers)
  File "/opt/conda/envs/gdf/lib/python3.10/site-packages/distributed/utils.py", line 805, in wrapper
    return await func(*args, **kwargs)
  File "/opt/conda/envs/gdf/lib/python3.10/site-packages/rapids_dask_dependency/patches/distributed/comm/__rdd_patch_ucx.py", line 341, in write
    raise CommClosedError("While writing, the connection was closed")
distributed.comm.core.CommClosedError: While writing, the connection was closed
2025-02-10 07:46:46,975 - distributed.worker - ERROR - failed during get data with ucx://127.0.0.1:33879 -> ucx://127.0.0.1:41323
Traceback (most recent call last):
  File "/opt/conda/envs/gdf/lib/python3.10/site-packages/rapids_dask_dependency/patches/distributed/comm/__rdd_patch_ucx.py", line 337, in write
    await self.ep.send(each_frame)
  File "/opt/conda/envs/gdf/lib/python3.10/site-packages/ucp/core.py", line 673, in send
    return await comm.tag_send(self._ep, buffer, nbytes, tag, name=log)
ucp._libs.exceptions.UCXError: <[Send #007] ep: 0x7f46d870e2c0, tag: 0xb54bd87db9636d81, nbytes: 50000000, type: <class 'cupy.ndarray'>>: Connection reset by remote peer

During handling of the above exception, another exception occurred:

Traceback (most recent call last):
  File "/opt/conda/envs/gdf/lib/python3.10/site-packages/distributed/worker.py", line 1796, in get_data
    compressed = await comm.write(msg, serializers=serializers)
  File "/opt/conda/envs/gdf/lib/python3.10/site-packages/distributed/utils.py", line 805, in wrapper
    return await func(*args, **kwargs)
  File "/opt/conda/envs/gdf/lib/python3.10/site-packages/rapids_dask_dependency/patches/distributed/comm/__rdd_patch_ucx.py", line 341, in write
    raise CommClosedError("While writing, the connection was closed")
distributed.comm.core.CommClosedError: While writing, the connection was closed
2025-02-10 07:46:47,142 - distributed.worker - ERROR - failed during get data with ucx://127.0.0.1:50021 -> ucx://127.0.0.1:41323
Traceback (most recent call last):
  File "/opt/conda/envs/gdf/lib/python3.10/site-packages/rapids_dask_dependency/patches/distributed/comm/__rdd_patch_ucx.py", line 337, in write
    await self.ep.send(each_frame)
  File "/opt/conda/envs/gdf/lib/python3.10/site-packages/ucp/core.py", line 673, in send
    return await comm.tag_send(self._ep, buffer, nbytes, tag, name=log)
ucp._libs.exceptions.UCXError: <[Send #007] ep: 0x7f6a6814b300, tag: 0xea2036afbb6edbcc, nbytes: 50000000, type: <class 'cupy.ndarray'>>: Connection reset by remote peer

During handling of the above exception, another exception occurred:

Traceback (most recent call last):
  File "/opt/conda/envs/gdf/lib/python3.10/site-packages/distributed/worker.py", line 1796, in get_data
    compressed = await comm.write(msg, serializers=serializers)
  File "/opt/conda/envs/gdf/lib/python3.10/site-packages/distributed/utils.py", line 805, in wrapper
    return await func(*args, **kwargs)
  File "/opt/conda/envs/gdf/lib/python3.10/site-packages/rapids_dask_dependency/patches/distributed/comm/__rdd_patch_ucx.py", line 341, in write
    raise CommClosedError("While writing, the connection was closed")
distributed.comm.core.CommClosedError: While writing, the connection was closed
2025-02-10 07:46:47,144 - distributed.worker - ERROR - failed during get data with ucx://127.0.0.1:50021 -> ucx://127.0.0.1:42759
Traceback (most recent call last):
  File "/opt/conda/envs/gdf/lib/python3.10/site-packages/rapids_dask_dependency/patches/distributed/comm/__rdd_patch_ucx.py", line 337, in write
    await self.ep.send(each_frame)
  File "/opt/conda/envs/gdf/lib/python3.10/site-packages/ucp/core.py", line 673, in send
    return await comm.tag_send(self._ep, buffer, nbytes, tag, name=log)
ucp._libs.exceptions.UCXError: <[Send #007] ep: 0x7f6a6814b200, tag: 0x6c248f315f7a7c00, nbytes: 50000000, type: <class 'cupy.ndarray'>>: Connection reset by remote peer

During handling of the above exception, another exception occurred:

Traceback (most recent call last):
  File "/opt/conda/envs/gdf/lib/python3.10/site-packages/distributed/worker.py", line 1796, in get_data
    compressed = await comm.write(msg, serializers=serializers)
  File "/opt/conda/envs/gdf/lib/python3.10/site-packages/distributed/utils.py", line 805, in wrapper
    return await func(*args, **kwargs)
  File "/opt/conda/envs/gdf/lib/python3.10/site-packages/rapids_dask_dependency/patches/distributed/comm/__rdd_patch_ucx.py", line 341, in write
    raise CommClosedError("While writing, the connection was closed")
distributed.comm.core.CommClosedError: While writing, the connection was closed
2025-02-10 07:46:47,144 - distributed.worker - ERROR - Worker stream died during communication: ucx://127.0.0.1:42759
Traceback (most recent call last):
  File "/opt/conda/envs/gdf/lib/python3.10/site-packages/rapids_dask_dependency/patches/distributed/comm/__rdd_patch_ucx.py", line 395, in read
    await self.ep.recv(each_frame)
  File "/opt/conda/envs/gdf/lib/python3.10/site-packages/ucp/core.py", line 748, in recv
    ret = await comm.tag_recv(self._ep, buffer, nbytes, tag, name=log)
ucp._libs.exceptions.UCXError: <[Recv #007] ep: 0x7f6a6814b180, tag: 0x2fcf15d849aae3b7, nbytes: 50000000, type: <class 'rmm.pylibrmm.device_buffer.DeviceBuffer'>>: Connection reset by remote peer

During handling of the above exception, another exception occurred:

Traceback (most recent call last):
  File "/opt/conda/envs/gdf/lib/python3.10/site-packages/distributed/worker.py", line 2075, in gather_dep
    response = await get_data_from_worker(
  File "/opt/conda/envs/gdf/lib/python3.10/site-packages/distributed/worker.py", line 2881, in get_data_from_worker
    response = await send_recv(
  File "/opt/conda/envs/gdf/lib/python3.10/site-packages/distributed/core.py", line 1018, in send_recv
    response = await comm.read(deserializers=deserializers)
  File "/opt/conda/envs/gdf/lib/python3.10/site-packages/distributed/utils.py", line 805, in wrapper
    return await func(*args, **kwargs)
  File "/opt/conda/envs/gdf/lib/python3.10/site-packages/rapids_dask_dependency/patches/distributed/comm/__rdd_patch_ucx.py", line 401, in read
    raise CommClosedError(
distributed.comm.core.CommClosedError: Connection closed by writer.
Inner exception: UCXError("<[Recv #007] ep: 0x7f6a6814b180, tag: 0x2fcf15d849aae3b7, nbytes: 50000000, type: <class 'rmm.pylibrmm.device_buffer.DeviceBuffer'>>: Connection reset by remote peer")
2025-02-10 07:46:47,145 - distributed.worker - ERROR - Worker stream died during communication: ucx://127.0.0.1:41323
Traceback (most recent call last):
  File "/opt/conda/envs/gdf/lib/python3.10/site-packages/rapids_dask_dependency/patches/distributed/comm/__rdd_patch_ucx.py", line 353, in read
    await self.ep.recv(msg)
  File "/opt/conda/envs/gdf/lib/python3.10/site-packages/ucp/core.py", line 748, in recv
    ret = await comm.tag_recv(self._ep, buffer, nbytes, tag, name=log)
ucp._libs.exceptions.UCXCanceled: <[Recv #003] ep: 0x7f6a6814b1c0, tag: 0xae88cc1e8bbef1e, nbytes: 16, type: <class 'numpy.ndarray'>>: 

During handling of the above exception, another exception occurred:

Traceback (most recent call last):
  File "/opt/conda/envs/gdf/lib/python3.10/site-packages/distributed/worker.py", line 2075, in gather_dep
    response = await get_data_from_worker(
  File "/opt/conda/envs/gdf/lib/python3.10/site-packages/distributed/worker.py", line 2881, in get_data_from_worker
    response = await send_recv(
  File "/opt/conda/envs/gdf/lib/python3.10/site-packages/distributed/core.py", line 1018, in send_recv
    response = await comm.read(deserializers=deserializers)
  File "/opt/conda/envs/gdf/lib/python3.10/site-packages/distributed/utils.py", line 805, in wrapper
    return await func(*args, **kwargs)
  File "/opt/conda/envs/gdf/lib/python3.10/site-packages/rapids_dask_dependency/patches/distributed/comm/__rdd_patch_ucx.py", line 371, in read
    raise CommClosedError(
distributed.comm.core.CommClosedError: Connection closed by writer.
Inner exception: UCXCanceled("<[Recv #003] ep: 0x7f6a6814b1c0, tag: 0xae88cc1e8bbef1e, nbytes: 16, type: <class 'numpy.ndarray'>>: ")
2025-02-10 07:46:47,147 - distributed.worker - ERROR - failed during get data with ucx://127.0.0.1:50021 -> ucx://127.0.0.1:39913
Traceback (most recent call last):
  File "/opt/conda/envs/gdf/lib/python3.10/site-packages/rapids_dask_dependency/patches/distributed/comm/__rdd_patch_ucx.py", line 319, in write
    await self.ep.send(struct.pack("?Q", False, nframes))
  File "/opt/conda/envs/gdf/lib/python3.10/site-packages/ucp/core.py", line 652, in send
    self._ep.raise_on_error()
  File "ucp/_libs/ucx_endpoint.pyx", line 353, in ucp._libs.ucx_api.UCXEndpoint.raise_on_error
ucp._libs.exceptions.UCXConnectionReset: Endpoint 0x7f6a6814b2c0 error: Connection reset by remote peer

During handling of the above exception, another exception occurred:

Traceback (most recent call last):
  File "/opt/conda/envs/gdf/lib/python3.10/site-packages/distributed/worker.py", line 1796, in get_data
    compressed = await comm.write(msg, serializers=serializers)
  File "/opt/conda/envs/gdf/lib/python3.10/site-packages/distributed/utils.py", line 805, in wrapper
    return await func(*args, **kwargs)
  File "/opt/conda/envs/gdf/lib/python3.10/site-packages/rapids_dask_dependency/patches/distributed/comm/__rdd_patch_ucx.py", line 341, in write
    raise CommClosedError("While writing, the connection was closed")
distributed.comm.core.CommClosedError: While writing, the connection was closed
2025-02-10 07:46:47,148 - distributed.worker - ERROR - Worker stream died during communication: ucx://127.0.0.1:39913
Traceback (most recent call last):
  File "/opt/conda/envs/gdf/lib/python3.10/site-packages/distributed/worker.py", line 2075, in gather_dep
    response = await get_data_from_worker(
  File "/opt/conda/envs/gdf/lib/python3.10/site-packages/distributed/worker.py", line 2895, in get_data_from_worker
    await comm.write("OK")
  File "/opt/conda/envs/gdf/lib/python3.10/site-packages/distributed/utils.py", line 805, in wrapper
    return await func(*args, **kwargs)
  File "/opt/conda/envs/gdf/lib/python3.10/site-packages/rapids_dask_dependency/patches/distributed/comm/__rdd_patch_ucx.py", line 293, in write
    raise CommClosedError("Endpoint is closed -- unable to send message")
distributed.comm.core.CommClosedError: Endpoint is closed -- unable to send message
2025-02-10 07:46:47,158 - distributed.worker - ERROR - failed during get data with ucx://127.0.0.1:57965 -> ucx://127.0.0.1:41323
Traceback (most recent call last):
  File "/opt/conda/envs/gdf/lib/python3.10/site-packages/rapids_dask_dependency/patches/distributed/comm/__rdd_patch_ucx.py", line 337, in write
    await self.ep.send(each_frame)
  File "/opt/conda/envs/gdf/lib/python3.10/site-packages/ucp/core.py", line 673, in send
    return await comm.tag_send(self._ep, buffer, nbytes, tag, name=log)
ucp._libs.exceptions.UCXError: <[Send #007] ep: 0x7f606154b240, tag: 0xc1e6366c1b26d70, nbytes: 50000000, type: <class 'cupy.ndarray'>>: Connection reset by remote peer

During handling of the above exception, another exception occurred:

Traceback (most recent call last):
  File "/opt/conda/envs/gdf/lib/python3.10/site-packages/distributed/worker.py", line 1796, in get_data
    compressed = await comm.write(msg, serializers=serializers)
  File "/opt/conda/envs/gdf/lib/python3.10/site-packages/distributed/utils.py", line 805, in wrapper
    return await func(*args, **kwargs)
  File "/opt/conda/envs/gdf/lib/python3.10/site-packages/rapids_dask_dependency/patches/distributed/comm/__rdd_patch_ucx.py", line 341, in write
    raise CommClosedError("While writing, the connection was closed")
distributed.comm.core.CommClosedError: While writing, the connection was closed
2025-02-10 07:46:47,159 - distributed.worker - ERROR - failed during get data with ucx://127.0.0.1:57965 -> ucx://127.0.0.1:42759
Traceback (most recent call last):
  File "/opt/conda/envs/gdf/lib/python3.10/site-packages/rapids_dask_dependency/patches/distributed/comm/__rdd_patch_ucx.py", line 337, in write
    await self.ep.send(each_frame)
  File "/opt/conda/envs/gdf/lib/python3.10/site-packages/ucp/core.py", line 673, in send
    return await comm.tag_send(self._ep, buffer, nbytes, tag, name=log)
ucp._libs.exceptions.UCXError: <[Send #012] ep: 0x7f606154b0c0, tag: 0x48fda2dd92ef8b21, nbytes: 50000000, type: <class 'cupy.ndarray'>>: Connection reset by remote peer

During handling of the above exception, another exception occurred:

Traceback (most recent call last):
  File "/opt/conda/envs/gdf/lib/python3.10/site-packages/distributed/worker.py", line 1796, in get_data
    compressed = await comm.write(msg, serializers=serializers)
  File "/opt/conda/envs/gdf/lib/python3.10/site-packages/distributed/utils.py", line 805, in wrapper
    return await func(*args, **kwargs)
  File "/opt/conda/envs/gdf/lib/python3.10/site-packages/rapids_dask_dependency/patches/distributed/comm/__rdd_patch_ucx.py", line 341, in write
    raise CommClosedError("While writing, the connection was closed")
distributed.comm.core.CommClosedError: While writing, the connection was closed
[dgx13:78700:0:78700] Caught signal 11 (Segmentation fault: address not mapped to object at address 0x450)
==== backtrace (tid:  78700) ====
 0  /opt/conda/envs/gdf/lib/libucs.so.0(ucs_handle_error+0x305) [0x7f6a684f4025]
 1  /opt/conda/envs/gdf/lib/libucs.so.0(+0x2f221) [0x7f6a684f4221]
 2  /opt/conda/envs/gdf/lib/libucs.so.0(+0x2f3ea) [0x7f6a684f43ea]
 3  /usr/lib/x86_64-linux-gnu/libpthread.so.0(+0x14420) [0x7f6aa65c6420]
 4  /opt/conda/envs/gdf/lib/libucp.so.0(ucp_mem_type_unpack+0x17) [0x7f6a68579197]
 5  /opt/conda/envs/gdf/lib/libucp.so.0(ucp_rndv_data_handler+0x5f5) [0x7f6a685a49e5]
 6  /opt/conda/envs/gdf/lib/./libuct.so.0(+0x21dd6) [0x7f6a684a8dd6]
 7  /opt/conda/envs/gdf/lib/./libuct.so.0(+0x24f48) [0x7f6a684abf48]
 8  /opt/conda/envs/gdf/lib/libucs.so.0(ucs_event_set_wait+0xb1) [0x7f6a684fd851]
 9  /opt/conda/envs/gdf/lib/./libuct.so.0(uct_tcp_iface_progress+0x7c) [0x7f6a684aafbc]
10  /opt/conda/envs/gdf/lib/libucp.so.0(ucp_worker_progress+0x5a) [0x7f6a68575d5a]
11  /opt/conda/envs/gdf/lib/python3.10/site-packages/ucp/_libs/ucx_api.cpython-310-x86_64-linux-gnu.so(+0x31dca) [0x7f6a68639dca]
12  /opt/conda/envs/gdf/bin/python(_PyEval_EvalFrameDefault+0x2c3e) [0x55e52eea46de]
13  /opt/conda/envs/gdf/bin/python(_PyFunction_Vectorcall+0x6c) [0x55e52eeb1b7c]
14  /opt/conda/envs/gdf/bin/python(_PyEval_EvalFrameDefault+0x6fd) [0x55e52eea219d]
15  /opt/conda/envs/gdf/bin/python(+0x147234) [0x55e52eebd234]
16  /opt/conda/envs/gdf/bin/python(+0x252f7c) [0x55e52efc8f7c]
17  /opt/conda/envs/gdf/bin/python(+0xf745f) [0x55e52ee6d45f]
18  /opt/conda/envs/gdf/bin/python(+0x1331b3) [0x55e52eea91b3]
19  /opt/conda/envs/gdf/bin/python(_PyEval_EvalFrameDefault+0x593b) [0x55e52eea73db]
20  /opt/conda/envs/gdf/bin/python(_PyFunction_Vectorcall+0x6c) [0x55e52eeb1b7c]
21  /opt/conda/envs/gdf/bin/python(_PyEval_EvalFrameDefault+0x6fd) [0x55e52eea219d]
22  /opt/conda/envs/gdf/bin/python(_PyFunction_Vectorcall+0x6c) [0x55e52eeb1b7c]
23  /opt/conda/envs/gdf/bin/python(_PyEval_EvalFrameDefault+0x6fd) [0x55e52eea219d]
24  /opt/conda/envs/gdf/bin/python(_PyFunction_Vectorcall+0x6c) [0x55e52eeb1b7c]
25  /opt/conda/envs/gdf/bin/python(_PyEval_EvalFrameDefault+0x6fd) [0x55e52eea219d]
26  /opt/conda/envs/gdf/bin/python(_PyFunction_Vectorcall+0x6c) [0x55e52eeb1b7c]
27  /opt/conda/envs/gdf/bin/python(_PyEval_EvalFrameDefault+0x6fd) [0x55e52eea219d]
28  /opt/conda/envs/gdf/bin/python(_PyFunction_Vectorcall+0x6c) [0x55e52eeb1b7c]
29  /opt/conda/envs/gdf/bin/python(_PyEval_EvalFrameDefault+0x1341) [0x55e52eea2de1]
30  /opt/conda/envs/gdf/bin/python(+0x146fb2) [0x55e52eebcfb2]
31  /opt/conda/envs/gdf/bin/python(PyObject_Call+0xbc) [0x55e52eebd94c]
32  /opt/conda/envs/gdf/bin/python(+0x1ff72d) [0x55e52ef7572d]
33  /opt/conda/envs/gdf/bin/python(_PyObject_MakeTpCall+0x2d3) [0x55e52eeaaa03]
34  /opt/conda/envs/gdf/bin/python(_PyEval_EvalFrameDefault+0x2c3e) [0x55e52eea46de]
35  /opt/conda/envs/gdf/bin/python(+0x147108) [0x55e52eebd108]
36  /opt/conda/envs/gdf/bin/python(_PyEval_EvalFrameDefault+0x2c3e) [0x55e52eea46de]
37  /opt/conda/envs/gdf/bin/python(_PyFunction_Vectorcall+0x6c) [0x55e52eeb1b7c]
38  /opt/conda/envs/gdf/bin/python(_PyEval_EvalFrameDefault+0x6fd) [0x55e52eea219d]
39  /opt/conda/envs/gdf/bin/python(_PyFunction_Vectorcall+0x6c) [0x55e52eeb1b7c]
40  /opt/conda/envs/gdf/bin/python(_PyEval_EvalFrameDefault+0x6fd) [0x55e52eea219d]
41  /opt/conda/envs/gdf/bin/python(_PyFunction_Vectorcall+0x6c) [0x55e52eeb1b7c]
42  /opt/conda/envs/gdf/bin/python(_PyEval_EvalFrameDefault+0x309) [0x55e52eea1da9]
43  /opt/conda/envs/gdf/bin/python(_PyFunction_Vectorcall+0x6c) [0x55e52eeb1b7c]
44  /opt/conda/envs/gdf/bin/python(_PyEval_EvalFrameDefault+0x1341) [0x55e52eea2de1]
45  /opt/conda/envs/gdf/bin/python(+0x1cca8c) [0x55e52ef42a8c]
46  /opt/conda/envs/gdf/bin/python(PyEval_EvalCode+0x87) [0x55e52ef429d7]
47  /opt/conda/envs/gdf/bin/python(+0x1fceba) [0x55e52ef72eba]
48  /opt/conda/envs/gdf/bin/python(+0x1f8343) [0x55e52ef6e343]
49  /opt/conda/envs/gdf/bin/python(PyRun_StringFlags+0x7d) [0x55e52ef66add]
50  /opt/conda/envs/gdf/bin/python(PyRun_SimpleStringFlags+0x3c) [0x55e52ef6691c]
51  /opt/conda/envs/gdf/bin/python(Py_RunMain+0x3ba) [0x55e52ef65b1a]
52  /opt/conda/envs/gdf/bin/python(Py_BytesMain+0x37) [0x55e52ef36117]
53  /usr/lib/x86_64-linux-gnu/libc.so.6(__libc_start_main+0xf3) [0x7f6aa628a083]
54  /opt/conda/envs/gdf/bin/python(+0x1c002e) [0x55e52ef3602e]
=================================
2025-02-10 07:46:47,253 - distributed.nanny - WARNING - Restarting worker
[dgx13:78711:0:78711] Caught signal 11 (Segmentation fault: address not mapped to object at address 0x450)
==== backtrace (tid:  78711) ====
 0  /opt/conda/envs/gdf/lib/libucs.so.0(ucs_handle_error+0x305) [0x7f46d92bf025]
 1  /opt/conda/envs/gdf/lib/libucs.so.0(+0x2f221) [0x7f46d92bf221]
 2  /opt/conda/envs/gdf/lib/libucs.so.0(+0x2f3ea) [0x7f46d92bf3ea]
 3  /usr/lib/x86_64-linux-gnu/libpthread.so.0(+0x14420) [0x7f4729383420]
 4  /opt/conda/envs/gdf/lib/libucp.so.0(ucp_mem_type_unpack+0x17) [0x7f46d9344197]
 5  /opt/conda/envs/gdf/lib/libucp.so.0(ucp_rndv_data_handler+0x5f5) [0x7f46d936f9e5]
 6  /opt/conda/envs/gdf/lib/./libuct.so.0(+0x21dd6) [0x7f46d9273dd6]
 7  /opt/conda/envs/gdf/lib/./libuct.so.0(+0x24f48) [0x7f46d9276f48]
 8  /opt/conda/envs/gdf/lib/libucs.so.0(ucs_event_set_wait+0xb1) [0x7f46d92c8851]
 9  /opt/conda/envs/gdf/lib/./libuct.so.0(uct_tcp_iface_progress+0x7c) [0x7f46d9275fbc]
10  /opt/conda/envs/gdf/lib/libucp.so.0(ucp_worker_progress+0x5a) [0x7f46d9340d5a]
11  /opt/conda/envs/gdf/lib/python3.10/site-packages/ucp/_libs/ucx_api.cpython-310-x86_64-linux-gnu.so(+0x31dca) [0x7f46d9404dca]
12  /opt/conda/envs/gdf/bin/python(_PyEval_EvalFrameDefault+0x2c3e) [0x5594a684f6de]
13  /opt/conda/envs/gdf/bin/python(_PyFunction_Vectorcall+0x6c) [0x5594a685cb7c]
14  /opt/conda/envs/gdf/bin/python(_PyEval_EvalFrameDefault+0x6fd) [0x5594a684d19d]
15  /opt/conda/envs/gdf/bin/python(+0x147234) [0x5594a6868234]
16  /opt/conda/envs/gdf/bin/python(+0x252f7c) [0x5594a6973f7c]
17  /opt/conda/envs/gdf/bin/python(+0xf745f) [0x5594a681845f]
18  /opt/conda/envs/gdf/bin/python(+0x1331b3) [0x5594a68541b3]
19  /opt/conda/envs/gdf/bin/python(_PyEval_EvalFrameDefault+0x593b) [0x5594a68523db]
20  /opt/conda/envs/gdf/bin/python(_PyFunction_Vectorcall+0x6c) [0x5594a685cb7c]
21  /opt/conda/envs/gdf/bin/python(_PyEval_EvalFrameDefault+0x6fd) [0x5594a684d19d]
22  /opt/conda/envs/gdf/bin/python(_PyFunction_Vectorcall+0x6c) [0x5594a685cb7c]
23  /opt/conda/envs/gdf/bin/python(_PyEval_EvalFrameDefault+0x6fd) [0x5594a684d19d]
24  /opt/conda/envs/gdf/bin/python(_PyFunction_Vectorcall+0x6c) [0x5594a685cb7c]
25  /opt/conda/envs/gdf/bin/python(_PyEval_EvalFrameDefault+0x6fd) [0x5594a684d19d]
26  /opt/conda/envs/gdf/bin/python(_PyFunction_Vectorcall+0x6c) [0x5594a685cb7c]
27  /opt/conda/envs/gdf/bin/python(_PyEval_EvalFrameDefault+0x6fd) [0x5594a684d19d]
28  /opt/conda/envs/gdf/bin/python(_PyFunction_Vectorcall+0x6c) [0x5594a685cb7c]
29  /opt/conda/envs/gdf/bin/python(_PyEval_EvalFrameDefault+0x1341) [0x5594a684dde1]
30  /opt/conda/envs/gdf/bin/python(+0x146fb2) [0x5594a6867fb2]
31  /opt/conda/envs/gdf/bin/python(PyObject_Call+0xbc) [0x5594a686894c]
32  /opt/conda/envs/gdf/bin/python(+0x1ff72d) [0x5594a692072d]
33  /opt/conda/envs/gdf/bin/python(_PyObject_MakeTpCall+0x2d3) [0x5594a6855a03]
34  /opt/conda/envs/gdf/bin/python(_PyEval_EvalFrameDefault+0x2c3e) [0x5594a684f6de]
35  /opt/conda/envs/gdf/bin/python(+0x147108) [0x5594a6868108]
36  /opt/conda/envs/gdf/bin/python(_PyEval_EvalFrameDefault+0x2c3e) [0x5594a684f6de]
37  /opt/conda/envs/gdf/bin/python(_PyFunction_Vectorcall+0x6c) [0x5594a685cb7c]
38  /opt/conda/envs/gdf/bin/python(_PyEval_EvalFrameDefault+0x6fd) [0x5594a684d19d]
39  /opt/conda/envs/gdf/bin/python(_PyFunction_Vectorcall+0x6c) [0x5594a685cb7c]
40  /opt/conda/envs/gdf/bin/python(_PyEval_EvalFrameDefault+0x6fd) [0x5594a684d19d]
41  /opt/conda/envs/gdf/bin/python(_PyFunction_Vectorcall+0x6c) [0x5594a685cb7c]
42  /opt/conda/envs/gdf/bin/python(_PyEval_EvalFrameDefault+0x309) [0x5594a684cda9]
43  /opt/conda/envs/gdf/bin/python(_PyFunction_Vectorcall+0x6c) [0x5594a685cb7c]
44  /opt/conda/envs/gdf/bin/python(_PyEval_EvalFrameDefault+0x1341) [0x5594a684dde1]
45  /opt/conda/envs/gdf/bin/python(+0x1cca8c) [0x5594a68eda8c]
46  /opt/conda/envs/gdf/bin/python(PyEval_EvalCode+0x87) [0x5594a68ed9d7]
47  /opt/conda/envs/gdf/bin/python(+0x1fceba) [0x5594a691deba]
48  /opt/conda/envs/gdf/bin/python(+0x1f8343) [0x5594a6919343]
49  /opt/conda/envs/gdf/bin/python(PyRun_StringFlags+0x7d) [0x5594a6911add]
50  /opt/conda/envs/gdf/bin/python(PyRun_SimpleStringFlags+0x3c) [0x5594a691191c]
51  /opt/conda/envs/gdf/bin/python(Py_RunMain+0x3ba) [0x5594a6910b1a]
52  /opt/conda/envs/gdf/bin/python(Py_BytesMain+0x37) [0x5594a68e1117]
53  /usr/lib/x86_64-linux-gnu/libc.so.6(__libc_start_main+0xf3) [0x7f4729047083]
54  /opt/conda/envs/gdf/bin/python(+0x1c002e) [0x5594a68e102e]
=================================
2025-02-10 07:46:47,382 - distributed.nanny - WARNING - Restarting worker
2025-02-10 07:46:47,383 - distributed.nanny - WARNING - Restarting worker
2025-02-10 07:46:47,448 - distributed.worker - ERROR - failed during get data with ucx://127.0.0.1:60897 -> ucx://127.0.0.1:50021
Traceback (most recent call last):
  File "/opt/conda/envs/gdf/lib/python3.10/site-packages/rapids_dask_dependency/patches/distributed/comm/__rdd_patch_ucx.py", line 337, in write
    await self.ep.send(each_frame)
  File "/opt/conda/envs/gdf/lib/python3.10/site-packages/ucp/core.py", line 673, in send
    return await comm.tag_send(self._ep, buffer, nbytes, tag, name=log)
ucp._libs.exceptions.UCXError: <[Send #012] ep: 0x7f991951c0c0, tag: 0x81e2d88e2519cd79, nbytes: 50000000, type: <class 'cupy.ndarray'>>: Connection reset by remote peer

During handling of the above exception, another exception occurred:

Traceback (most recent call last):
  File "/opt/conda/envs/gdf/lib/python3.10/site-packages/distributed/worker.py", line 1796, in get_data
    compressed = await comm.write(msg, serializers=serializers)
  File "/opt/conda/envs/gdf/lib/python3.10/site-packages/distributed/utils.py", line 805, in wrapper
    return await func(*args, **kwargs)
  File "/opt/conda/envs/gdf/lib/python3.10/site-packages/rapids_dask_dependency/patches/distributed/comm/__rdd_patch_ucx.py", line 341, in write
    raise CommClosedError("While writing, the connection was closed")
distributed.comm.core.CommClosedError: While writing, the connection was closed
2025-02-10 07:46:47,448 - distributed.worker - ERROR - Worker stream died during communication: ucx://127.0.0.1:50021
Traceback (most recent call last):
  File "/opt/conda/envs/gdf/lib/python3.10/site-packages/rapids_dask_dependency/patches/distributed/comm/__rdd_patch_ucx.py", line 395, in read
    await self.ep.recv(each_frame)
  File "/opt/conda/envs/gdf/lib/python3.10/site-packages/ucp/core.py", line 748, in recv
    ret = await comm.tag_recv(self._ep, buffer, nbytes, tag, name=log)
ucp._libs.exceptions.UCXError: <[Recv #007] ep: 0x7f606154b140, tag: 0x8171037257e27f39, nbytes: 50000000, type: <class 'rmm.pylibrmm.device_buffer.DeviceBuffer'>>: Connection reset by remote peer

During handling of the above exception, another exception occurred:

Traceback (most recent call last):
  File "/opt/conda/envs/gdf/lib/python3.10/site-packages/distributed/worker.py", line 2075, in gather_dep
    response = await get_data_from_worker(
  File "/opt/conda/envs/gdf/lib/python3.10/site-packages/distributed/worker.py", line 2881, in get_data_from_worker
    response = await send_recv(
  File "/opt/conda/envs/gdf/lib/python3.10/site-packages/distributed/core.py", line 1018, in send_recv
    response = await comm.read(deserializers=deserializers)
  File "/opt/conda/envs/gdf/lib/python3.10/site-packages/distributed/utils.py", line 805, in wrapper
    return await func(*args, **kwargs)
  File "/opt/conda/envs/gdf/lib/python3.10/site-packages/rapids_dask_dependency/patches/distributed/comm/__rdd_patch_ucx.py", line 401, in read
    raise CommClosedError(
distributed.comm.core.CommClosedError: Connection closed by writer.
Inner exception: UCXError("<[Recv #007] ep: 0x7f606154b140, tag: 0x8171037257e27f39, nbytes: 50000000, type: <class 'rmm.pylibrmm.device_buffer.DeviceBuffer'>>: Connection reset by remote peer")
2025-02-10 07:46:47,448 - distributed.worker - ERROR - Worker stream died during communication: ucx://127.0.0.1:50021
Traceback (most recent call last):
  File "/opt/conda/envs/gdf/lib/python3.10/site-packages/rapids_dask_dependency/patches/distributed/comm/__rdd_patch_ucx.py", line 353, in read
    await self.ep.recv(msg)
  File "/opt/conda/envs/gdf/lib/python3.10/site-packages/ucp/core.py", line 748, in recv
    ret = await comm.tag_recv(self._ep, buffer, nbytes, tag, name=log)
ucp._libs.exceptions.UCXCanceled: <[Recv #018] ep: 0x7f0234166100, tag: 0xe4e983eb3a62f652, nbytes: 16, type: <class 'numpy.ndarray'>>: 

During handling of the above exception, another exception occurred:

Traceback (most recent call last):
  File "/opt/conda/envs/gdf/lib/python3.10/site-packages/distributed/worker.py", line 2075, in gather_dep
    response = await get_data_from_worker(
  File "/opt/conda/envs/gdf/lib/python3.10/site-packages/distributed/worker.py", line 2881, in get_data_from_worker
    response = await send_recv(
  File "/opt/conda/envs/gdf/lib/python3.10/site-packages/distributed/core.py", line 1018, in send_recv
    response = await comm.read(deserializers=deserializers)
  File "/opt/conda/envs/gdf/lib/python3.10/site-packages/distributed/utils.py", line 805, in wrapper
    return await func(*args, **kwargs)
  File "/opt/conda/envs/gdf/lib/python3.10/site-packages/rapids_dask_dependency/patches/distributed/comm/__rdd_patch_ucx.py", line 371, in read
    raise CommClosedError(
distributed.comm.core.CommClosedError: Connection closed by writer.
Inner exception: UCXCanceled("<[Recv #018] ep: 0x7f0234166100, tag: 0xe4e983eb3a62f652, nbytes: 16, type: <class 'numpy.ndarray'>>: ")
2025-02-10 07:46:47,449 - distributed.worker - ERROR - failed during get data with ucx://127.0.0.1:57965 -> ucx://127.0.0.1:50021
Traceback (most recent call last):
  File "/opt/conda/envs/gdf/lib/python3.10/site-packages/rapids_dask_dependency/patches/distributed/comm/__rdd_patch_ucx.py", line 337, in write
    await self.ep.send(each_frame)
  File "/opt/conda/envs/gdf/lib/python3.10/site-packages/ucp/core.py", line 673, in send
    return await comm.tag_send(self._ep, buffer, nbytes, tag, name=log)
ucp._libs.exceptions.UCXError: <[Send #012] ep: 0x7f606154b180, tag: 0x94a0f893fb0b4a9b, nbytes: 50000000, type: <class 'cupy.ndarray'>>: Connection reset by remote peer

During handling of the above exception, another exception occurred:

Traceback (most recent call last):
  File "/opt/conda/envs/gdf/lib/python3.10/site-packages/distributed/worker.py", line 1796, in get_data
    compressed = await comm.write(msg, serializers=serializers)
  File "/opt/conda/envs/gdf/lib/python3.10/site-packages/distributed/utils.py", line 805, in wrapper
    return await func(*args, **kwargs)
  File "/opt/conda/envs/gdf/lib/python3.10/site-packages/rapids_dask_dependency/patches/distributed/comm/__rdd_patch_ucx.py", line 341, in write
    raise CommClosedError("While writing, the connection was closed")
distributed.comm.core.CommClosedError: While writing, the connection was closed
2025-02-10 07:46:47,449 - distributed.scheduler - WARNING - Removing worker 'ucx://127.0.0.1:50021' caused the cluster to lose already computed task(s), which will be recomputed elsewhere: {('random_sample-47e4bf2eb40f781e3fd62c2650f5ca28', 7, 2), ('random_sample-47e4bf2eb40f781e3fd62c2650f5ca28', 4, 3), ('random_sample-47e4bf2eb40f781e3fd62c2650f5ca28', 3, 2), ('random_sample-47e4bf2eb40f781e3fd62c2650f5ca28', 3, 8), ('random_sample-47e4bf2eb40f781e3fd62c2650f5ca28', 8, 6), ('random_sample-47e4bf2eb40f781e3fd62c2650f5ca28', 9, 4), ('random_sample-47e4bf2eb40f781e3fd62c2650f5ca28', 5, 7), ('random_sample-47e4bf2eb40f781e3fd62c2650f5ca28', 7, 3), ('random_sample-47e4bf2eb40f781e3fd62c2650f5ca28', 6, 6), ('sum-56f988fbc945e96fdbc390c518e34e55', 5, 7), ('sum-56f988fbc945e96fdbc390c518e34e55', 3, 1), ('sum-56f988fbc945e96fdbc390c518e34e55', 8, 1), ('random_sample-47e4bf2eb40f781e3fd62c2650f5ca28', 8, 1), ('random_sample-47e4bf2eb40f781e3fd62c2650f5ca28', 5, 3), ('sum-56f988fbc945e96fdbc390c518e34e55', 3, 7)} (stimulus_id='handle-worker-cleanup-1739173607.4492605')
2025-02-10 07:46:47,449 - distributed.worker - ERROR - Worker stream died during communication: ucx://127.0.0.1:50021
Traceback (most recent call last):
  File "/opt/conda/envs/gdf/lib/python3.10/site-packages/rapids_dask_dependency/patches/distributed/comm/__rdd_patch_ucx.py", line 353, in read
    await self.ep.recv(msg)
  File "/opt/conda/envs/gdf/lib/python3.10/site-packages/ucp/core.py", line 748, in recv
    ret = await comm.tag_recv(self._ep, buffer, nbytes, tag, name=log)
ucp._libs.exceptions.UCXCanceled: <[Recv #013] ep: 0x7f991951c100, tag: 0x44aedc16dcadcebd, nbytes: 16, type: <class 'numpy.ndarray'>>: 

During handling of the above exception, another exception occurred:

Traceback (most recent call last):
  File "/opt/conda/envs/gdf/lib/python3.10/site-packages/distributed/worker.py", line 2075, in gather_dep
    response = await get_data_from_worker(
  File "/opt/conda/envs/gdf/lib/python3.10/site-packages/distributed/worker.py", line 2881, in get_data_from_worker
    response = await send_recv(
  File "/opt/conda/envs/gdf/lib/python3.10/site-packages/distributed/core.py", line 1018, in send_recv
    response = await comm.read(deserializers=deserializers)
  File "/opt/conda/envs/gdf/lib/python3.10/site-packages/distributed/utils.py", line 805, in wrapper
    return await func(*args, **kwargs)
  File "/opt/conda/envs/gdf/lib/python3.10/site-packages/rapids_dask_dependency/patches/distributed/comm/__rdd_patch_ucx.py", line 371, in read
    raise CommClosedError(
distributed.comm.core.CommClosedError: Connection closed by writer.
Inner exception: UCXCanceled("<[Recv #013] ep: 0x7f991951c100, tag: 0x44aedc16dcadcebd, nbytes: 16, type: <class 'numpy.ndarray'>>: ")
2025-02-10 07:46:47,515 - distributed.worker - ERROR - failed during get data with ucx://127.0.0.1:57965 -> ucx://127.0.0.1:33879
Traceback (most recent call last):
  File "/opt/conda/envs/gdf/lib/python3.10/site-packages/rapids_dask_dependency/patches/distributed/comm/__rdd_patch_ucx.py", line 337, in write
    await self.ep.send(each_frame)
  File "/opt/conda/envs/gdf/lib/python3.10/site-packages/ucp/core.py", line 673, in send
    return await comm.tag_send(self._ep, buffer, nbytes, tag, name=log)
ucp._libs.exceptions.UCXError: <[Send #007] ep: 0x7f606154b100, tag: 0x2f9da55655f0c66a, nbytes: 50000000, type: <class 'cupy.ndarray'>>: Connection reset by remote peer

During handling of the above exception, another exception occurred:

Traceback (most recent call last):
  File "/opt/conda/envs/gdf/lib/python3.10/site-packages/distributed/worker.py", line 1796, in get_data
    compressed = await comm.write(msg, serializers=serializers)
  File "/opt/conda/envs/gdf/lib/python3.10/site-packages/distributed/utils.py", line 805, in wrapper
    return await func(*args, **kwargs)
  File "/opt/conda/envs/gdf/lib/python3.10/site-packages/rapids_dask_dependency/patches/distributed/comm/__rdd_patch_ucx.py", line 341, in write
    raise CommClosedError("While writing, the connection was closed")
distributed.comm.core.CommClosedError: While writing, the connection was closed
2025-02-10 07:46:47,515 - distributed.worker - ERROR - Worker stream died during communication: ucx://127.0.0.1:33879
Traceback (most recent call last):
  File "/opt/conda/envs/gdf/lib/python3.10/site-packages/rapids_dask_dependency/patches/distributed/comm/__rdd_patch_ucx.py", line 353, in read
    await self.ep.recv(msg)
  File "/opt/conda/envs/gdf/lib/python3.10/site-packages/ucp/core.py", line 748, in recv
    ret = await comm.tag_recv(self._ep, buffer, nbytes, tag, name=log)
ucp._libs.exceptions.UCXCanceled: <[Recv #018] ep: 0x7f991951c1c0, tag: 0x4145130d278bae84, nbytes: 16, type: <class 'numpy.ndarray'>>: 

During handling of the above exception, another exception occurred:

Traceback (most recent call last):
  File "/opt/conda/envs/gdf/lib/python3.10/site-packages/distributed/worker.py", line 2075, in gather_dep
    response = await get_data_from_worker(
  File "/opt/conda/envs/gdf/lib/python3.10/site-packages/distributed/worker.py", line 2881, in get_data_from_worker
    response = await send_recv(
  File "/opt/conda/envs/gdf/lib/python3.10/site-packages/distributed/core.py", line 1018, in send_recv
    response = await comm.read(deserializers=deserializers)
  File "/opt/conda/envs/gdf/lib/python3.10/site-packages/distributed/utils.py", line 805, in wrapper
    return await func(*args, **kwargs)
  File "/opt/conda/envs/gdf/lib/python3.10/site-packages/rapids_dask_dependency/patches/distributed/comm/__rdd_patch_ucx.py", line 371, in read
    raise CommClosedError(
distributed.comm.core.CommClosedError: Connection closed by writer.
Inner exception: UCXCanceled("<[Recv #018] ep: 0x7f991951c1c0, tag: 0x4145130d278bae84, nbytes: 16, type: <class 'numpy.ndarray'>>: ")
2025-02-10 07:46:47,516 - distributed.scheduler - WARNING - Removing worker 'ucx://127.0.0.1:33879' caused the cluster to lose already computed task(s), which will be recomputed elsewhere: {('random_sample-47e4bf2eb40f781e3fd62c2650f5ca28', 2, 8), ('sum-56f988fbc945e96fdbc390c518e34e55', 2, 9), ('sum-56f988fbc945e96fdbc390c518e34e55', 5, 8), ('random_sample-47e4bf2eb40f781e3fd62c2650f5ca28', 1, 9), ('random_sample-47e4bf2eb40f781e3fd62c2650f5ca28', 8, 2), ('random_sample-47e4bf2eb40f781e3fd62c2650f5ca28', 7, 4), ('sum-56f988fbc945e96fdbc390c518e34e55', 6, 0), ('random_sample-47e4bf2eb40f781e3fd62c2650f5ca28', 9, 1), ('random_sample-47e4bf2eb40f781e3fd62c2650f5ca28', 8, 5), ('random_sample-47e4bf2eb40f781e3fd62c2650f5ca28', 0, 7), ('random_sample-47e4bf2eb40f781e3fd62c2650f5ca28', 8, 8), ('random_sample-47e4bf2eb40f781e3fd62c2650f5ca28', 5, 9), ('sum-56f988fbc945e96fdbc390c518e34e55', 9, 5), ('random_sample-47e4bf2eb40f781e3fd62c2650f5ca28', 4, 7), ('random_sample-47e4bf2eb40f781e3fd62c2650f5ca28', 7, 0), ('random_sample-47e4bf2eb40f781e3fd62c2650f5ca28', 0, 3), ('random_sample-47e4bf2eb40f781e3fd62c2650f5ca28', 0, 6), ('sum-56f988fbc945e96fdbc390c518e34e55', 1, 9), ('sum-56f988fbc945e96fdbc390c518e34e55', 9, 1), ('sum-56f988fbc945e96fdbc390c518e34e55', 8, 2), ('sum-56f988fbc945e96fdbc390c518e34e55', 8, 8), ('random_sample-47e4bf2eb40f781e3fd62c2650f5ca28', 2, 0), ('sum-56f988fbc945e96fdbc390c518e34e55', 0, 7), ('sum-56f988fbc945e96fdbc390c518e34e55', 7, 0), ('sum-56f988fbc945e96fdbc390c518e34e55', 4, 7), ('random_sample-47e4bf2eb40f781e3fd62c2650f5ca28', 9, 5), ('sum-56f988fbc945e96fdbc390c518e34e55', 5, 9), ('random_sample-47e4bf2eb40f781e3fd62c2650f5ca28', 6, 3), ('random_sample-47e4bf2eb40f781e3fd62c2650f5ca28', 6, 0), ('sum-56f988fbc945e96fdbc390c518e34e55', 0, 6)} (stimulus_id='handle-worker-cleanup-1739173607.5158195')
2025-02-10 07:46:47,516 - distributed.worker - ERROR - Worker stream died during communication: ucx://127.0.0.1:33879
Traceback (most recent call last):
  File "/opt/conda/envs/gdf/lib/python3.10/site-packages/rapids_dask_dependency/patches/distributed/comm/__rdd_patch_ucx.py", line 353, in read
    await self.ep.recv(msg)
  File "/opt/conda/envs/gdf/lib/python3.10/site-packages/ucp/core.py", line 748, in recv
    ret = await comm.tag_recv(self._ep, buffer, nbytes, tag, name=log)
ucp._libs.exceptions.UCXCanceled: <[Recv #013] ep: 0x7f02341661c0, tag: 0xeb07775b968ad10e, nbytes: 16, type: <class 'numpy.ndarray'>>: 

During handling of the above exception, another exception occurred:

Traceback (most recent call last):
  File "/opt/conda/envs/gdf/lib/python3.10/site-packages/distributed/worker.py", line 2075, in gather_dep
    response = await get_data_from_worker(
  File "/opt/conda/envs/gdf/lib/python3.10/site-packages/distributed/worker.py", line 2881, in get_data_from_worker
    response = await send_recv(
  File "/opt/conda/envs/gdf/lib/python3.10/site-packages/distributed/core.py", line 1018, in send_recv
    response = await comm.read(deserializers=deserializers)
  File "/opt/conda/envs/gdf/lib/python3.10/site-packages/distributed/utils.py", line 805, in wrapper
    return await func(*args, **kwargs)
  File "/opt/conda/envs/gdf/lib/python3.10/site-packages/rapids_dask_dependency/patches/distributed/comm/__rdd_patch_ucx.py", line 371, in read
    raise CommClosedError(
distributed.comm.core.CommClosedError: Connection closed by writer.
Inner exception: UCXCanceled("<[Recv #013] ep: 0x7f02341661c0, tag: 0xeb07775b968ad10e, nbytes: 16, type: <class 'numpy.ndarray'>>: ")
2025-02-10 07:46:47,693 - distributed.nanny - WARNING - Restarting worker
2025-02-10 07:46:47,830 - distributed.nanny - WARNING - Restarting worker
/opt/conda/envs/gdf/lib/python3.10/multiprocessing/resource_tracker.py:224: UserWarning: resource_tracker: There appear to be 48 leaked semaphore objects to clean up at shutdown
  warnings.warn('resource_tracker: There appear to be %d '
