[dgx13:74830:0:74830] Caught signal 11 (Segmentation fault: address not mapped to object at address 0x450)
==== backtrace (tid:  74830) ====
 0  /opt/conda/envs/gdf/lib/libucs.so.0(ucs_handle_error+0x2fd) [0x7f03d4906c1d]
 1  /opt/conda/envs/gdf/lib/libucs.so.0(+0x2de11) [0x7f03d4906e11]
 2  /opt/conda/envs/gdf/lib/libucs.so.0(+0x2dfda) [0x7f03d4906fda]
 3  /usr/lib/x86_64-linux-gnu/libpthread.so.0(+0x14420) [0x7f0418f57420]
 4  /opt/conda/envs/gdf/lib/libucp.so.0(ucp_mem_type_unpack+0x14) [0x7f03d498a2d4]
 5  /opt/conda/envs/gdf/lib/libucp.so.0(ucp_rndv_data_handler+0x605) [0x7f03d49b4495]
 6  /opt/conda/envs/gdf/lib/./libuct.so.0(+0x21a06) [0x7f03d48bda06]
 7  /opt/conda/envs/gdf/lib/./libuct.so.0(+0x24ae8) [0x7f03d48c0ae8]
 8  /opt/conda/envs/gdf/lib/libucs.so.0(ucs_event_set_wait+0xb1) [0x7f03d4910411]
 9  /opt/conda/envs/gdf/lib/./libuct.so.0(uct_tcp_iface_progress+0x7d) [0x7f03d48bfbbd]
10  /opt/conda/envs/gdf/lib/libucp.so.0(ucp_worker_progress+0x5a) [0x7f03d4986f1a]
11  /opt/conda/envs/gdf/lib/python3.10/site-packages/ucp/_libs/ucx_api.cpython-310-x86_64-linux-gnu.so(+0x31d7a) [0x7f03d4a46d7a]
12  /opt/conda/envs/gdf/bin/python(_PyEval_EvalFrameDefault+0x2c3e) [0x55a5e5d2e6de]
13  /opt/conda/envs/gdf/bin/python(_PyFunction_Vectorcall+0x6c) [0x55a5e5d3bb7c]
14  /opt/conda/envs/gdf/bin/python(_PyEval_EvalFrameDefault+0x6fd) [0x55a5e5d2c19d]
15  /opt/conda/envs/gdf/bin/python(+0x1d62c9) [0x55a5e5dd62c9]
16  /opt/conda/envs/gdf/lib/python3.10/lib-dynload/_asyncio.cpython-310-x86_64-linux-gnu.so(+0x7782) [0x7f03f8e7c782]
17  /opt/conda/envs/gdf/bin/python(_PyObject_MakeTpCall+0x2d3) [0x55a5e5d34a03]
18  /opt/conda/envs/gdf/bin/python(+0xf745f) [0x55a5e5cf745f]
19  /opt/conda/envs/gdf/bin/python(+0x1331b3) [0x55a5e5d331b3]
20  /opt/conda/envs/gdf/bin/python(_PyEval_EvalFrameDefault+0x593b) [0x55a5e5d313db]
21  /opt/conda/envs/gdf/bin/python(_PyFunction_Vectorcall+0x6c) [0x55a5e5d3bb7c]
22  /opt/conda/envs/gdf/bin/python(_PyEval_EvalFrameDefault+0x6fd) [0x55a5e5d2c19d]
23  /opt/conda/envs/gdf/bin/python(_PyFunction_Vectorcall+0x6c) [0x55a5e5d3bb7c]
24  /opt/conda/envs/gdf/bin/python(_PyEval_EvalFrameDefault+0x6fd) [0x55a5e5d2c19d]
25  /opt/conda/envs/gdf/bin/python(_PyFunction_Vectorcall+0x6c) [0x55a5e5d3bb7c]
26  /opt/conda/envs/gdf/bin/python(_PyEval_EvalFrameDefault+0x6fd) [0x55a5e5d2c19d]
27  /opt/conda/envs/gdf/bin/python(_PyFunction_Vectorcall+0x6c) [0x55a5e5d3bb7c]
28  /opt/conda/envs/gdf/bin/python(_PyEval_EvalFrameDefault+0x6fd) [0x55a5e5d2c19d]
29  /opt/conda/envs/gdf/bin/python(_PyFunction_Vectorcall+0x6c) [0x55a5e5d3bb7c]
30  /opt/conda/envs/gdf/bin/python(_PyEval_EvalFrameDefault+0x1341) [0x55a5e5d2cde1]
31  /opt/conda/envs/gdf/bin/python(+0x146fb2) [0x55a5e5d46fb2]
32  /opt/conda/envs/gdf/bin/python(PyObject_Call+0xbc) [0x55a5e5d4794c]
33  /opt/conda/envs/gdf/bin/python(+0x1ff72d) [0x55a5e5dff72d]
34  /opt/conda/envs/gdf/bin/python(_PyObject_MakeTpCall+0x2d3) [0x55a5e5d34a03]
35  /opt/conda/envs/gdf/bin/python(_PyEval_EvalFrameDefault+0x2c3e) [0x55a5e5d2e6de]
36  /opt/conda/envs/gdf/bin/python(+0x147108) [0x55a5e5d47108]
37  /opt/conda/envs/gdf/bin/python(_PyEval_EvalFrameDefault+0x2c3e) [0x55a5e5d2e6de]
38  /opt/conda/envs/gdf/bin/python(_PyFunction_Vectorcall+0x6c) [0x55a5e5d3bb7c]
39  /opt/conda/envs/gdf/bin/python(_PyEval_EvalFrameDefault+0x6fd) [0x55a5e5d2c19d]
40  /opt/conda/envs/gdf/bin/python(_PyFunction_Vectorcall+0x6c) [0x55a5e5d3bb7c]
41  /opt/conda/envs/gdf/bin/python(_PyEval_EvalFrameDefault+0x6fd) [0x55a5e5d2c19d]
42  /opt/conda/envs/gdf/bin/python(_PyFunction_Vectorcall+0x6c) [0x55a5e5d3bb7c]
43  /opt/conda/envs/gdf/bin/python(_PyEval_EvalFrameDefault+0x309) [0x55a5e5d2bda9]
44  /opt/conda/envs/gdf/bin/python(_PyFunction_Vectorcall+0x6c) [0x55a5e5d3bb7c]
45  /opt/conda/envs/gdf/bin/python(_PyEval_EvalFrameDefault+0x1341) [0x55a5e5d2cde1]
46  /opt/conda/envs/gdf/bin/python(+0x1cca8c) [0x55a5e5dcca8c]
47  /opt/conda/envs/gdf/bin/python(PyEval_EvalCode+0x87) [0x55a5e5dcc9d7]
48  /opt/conda/envs/gdf/bin/python(+0x1fceba) [0x55a5e5dfceba]
49  /opt/conda/envs/gdf/bin/python(+0x1f8343) [0x55a5e5df8343]
50  /opt/conda/envs/gdf/bin/python(PyRun_StringFlags+0x7d) [0x55a5e5df0add]
51  /opt/conda/envs/gdf/bin/python(PyRun_SimpleStringFlags+0x3c) [0x55a5e5df091c]
52  /opt/conda/envs/gdf/bin/python(Py_RunMain+0x3ba) [0x55a5e5defb1a]
53  /opt/conda/envs/gdf/bin/python(Py_BytesMain+0x37) [0x55a5e5dc0117]
54  /usr/lib/x86_64-linux-gnu/libc.so.6(__libc_start_main+0xf3) [0x7f0418c1b083]
55  /opt/conda/envs/gdf/bin/python(+0x1c002e) [0x55a5e5dc002e]
=================================
[dgx13:74846:0:74846] Caught signal 11 (Segmentation fault: address not mapped to object at address 0x450)
==== backtrace (tid:  74846) ====
 0  /opt/conda/envs/gdf/lib/libucs.so.0(ucs_handle_error+0x2fd) [0x7f82075f9c1d]
 1  /opt/conda/envs/gdf/lib/libucs.so.0(+0x2de11) [0x7f82075f9e11]
 2  /opt/conda/envs/gdf/lib/libucs.so.0(+0x2dfda) [0x7f82075f9fda]
 3  /usr/lib/x86_64-linux-gnu/libpthread.so.0(+0x14420) [0x7f824fd61420]
 4  /opt/conda/envs/gdf/lib/libucp.so.0(ucp_mem_type_unpack+0x14) [0x7f820767d2d4]
 5  /opt/conda/envs/gdf/lib/libucp.so.0(ucp_rndv_data_handler+0x605) [0x7f82076a7495]
 6  /opt/conda/envs/gdf/lib/./libuct.so.0(+0x21a06) [0x7f82075b0a06]
 7  /opt/conda/envs/gdf/lib/./libuct.so.0(+0x24ae8) [0x7f82075b3ae8]
 8  /opt/conda/envs/gdf/lib/libucs.so.0(ucs_event_set_wait+0xb1) [0x7f8207603411]
 9  /opt/conda/envs/gdf/lib/./libuct.so.0(uct_tcp_iface_progress+0x7d) [0x7f82075b2bbd]
10  /opt/conda/envs/gdf/lib/libucp.so.0(ucp_worker_progress+0x5a) [0x7f8207679f1a]
11  /opt/conda/envs/gdf/lib/python3.10/site-packages/ucp/_libs/ucx_api.cpython-310-x86_64-linux-gnu.so(+0x31d7a) [0x7f8207739d7a]
12  /opt/conda/envs/gdf/bin/python(_PyEval_EvalFrameDefault+0x2c3e) [0x55fa6d6ac6de]
13  /opt/conda/envs/gdf/bin/python(_PyFunction_Vectorcall+0x6c) [0x55fa6d6b9b7c]
14  /opt/conda/envs/gdf/bin/python(_PyEval_EvalFrameDefault+0x6fd) [0x55fa6d6aa19d]
15  /opt/conda/envs/gdf/bin/python(+0x147234) [0x55fa6d6c5234]
16  /opt/conda/envs/gdf/bin/python(+0x252f7c) [0x55fa6d7d0f7c]
17  /opt/conda/envs/gdf/bin/python(+0xf745f) [0x55fa6d67545f]
18  /opt/conda/envs/gdf/bin/python(+0x1331b3) [0x55fa6d6b11b3]
19  /opt/conda/envs/gdf/bin/python(_PyEval_EvalFrameDefault+0x593b) [0x55fa6d6af3db]
20  /opt/conda/envs/gdf/bin/python(_PyFunction_Vectorcall+0x6c) [0x55fa6d6b9b7c]
21  /opt/conda/envs/gdf/bin/python(_PyEval_EvalFrameDefault+0x6fd) [0x55fa6d6aa19d]
22  /opt/conda/envs/gdf/bin/python(_PyFunction_Vectorcall+0x6c) [0x55fa6d6b9b7c]
23  /opt/conda/envs/gdf/bin/python(_PyEval_EvalFrameDefault+0x6fd) [0x55fa6d6aa19d]
24  /opt/conda/envs/gdf/bin/python(_PyFunction_Vectorcall+0x6c) [0x55fa6d6b9b7c]
25  /opt/conda/envs/gdf/bin/python(_PyEval_EvalFrameDefault+0x6fd) [0x55fa6d6aa19d]
26  /opt/conda/envs/gdf/bin/python(_PyFunction_Vectorcall+0x6c) [0x55fa6d6b9b7c]
27  /opt/conda/envs/gdf/bin/python(_PyEval_EvalFrameDefault+0x6fd) [0x55fa6d6aa19d]
28  /opt/conda/envs/gdf/bin/python(_PyFunction_Vectorcall+0x6c) [0x55fa6d6b9b7c]
29  /opt/conda/envs/gdf/bin/python(_PyEval_EvalFrameDefault+0x1341) [0x55fa6d6aade1]
30  /opt/conda/envs/gdf/bin/python(+0x146fb2) [0x55fa6d6c4fb2]
31  /opt/conda/envs/gdf/bin/python(PyObject_Call+0xbc) [0x55fa6d6c594c]
32  /opt/conda/envs/gdf/bin/python(+0x1ff72d) [0x55fa6d77d72d]
33  /opt/conda/envs/gdf/bin/python(_PyObject_MakeTpCall+0x2d3) [0x55fa6d6b2a03]
34  /opt/conda/envs/gdf/bin/python(_PyEval_EvalFrameDefault+0x2c3e) [0x55fa6d6ac6de]
35  /opt/conda/envs/gdf/bin/python(+0x147108) [0x55fa6d6c5108]
36  /opt/conda/envs/gdf/bin/python(_PyEval_EvalFrameDefault+0x2c3e) [0x55fa6d6ac6de]
37  /opt/conda/envs/gdf/bin/python(_PyFunction_Vectorcall+0x6c) [0x55fa6d6b9b7c]
38  /opt/conda/envs/gdf/bin/python(_PyEval_EvalFrameDefault+0x6fd) [0x55fa6d6aa19d]
39  /opt/conda/envs/gdf/bin/python(_PyFunction_Vectorcall+0x6c) [0x55fa6d6b9b7c]
40  /opt/conda/envs/gdf/bin/python(_PyEval_EvalFrameDefault+0x6fd) [0x55fa6d6aa19d]
41  /opt/conda/envs/gdf/bin/python(_PyFunction_Vectorcall+0x6c) [0x55fa6d6b9b7c]
42  /opt/conda/envs/gdf/bin/python(_PyEval_EvalFrameDefault+0x309) [0x55fa6d6a9da9]
43  /opt/conda/envs/gdf/bin/python(_PyFunction_Vectorcall+0x6c) [0x55fa6d6b9b7c]
44  /opt/conda/envs/gdf/bin/python(_PyEval_EvalFrameDefault+0x1341) [0x55fa6d6aade1]
45  /opt/conda/envs/gdf/bin/python(+0x1cca8c) [0x55fa6d74aa8c]
46  /opt/conda/envs/gdf/bin/python(PyEval_EvalCode+0x87) [0x55fa6d74a9d7]
47  /opt/conda/envs/gdf/bin/python(+0x1fceba) [0x55fa6d77aeba]
48  /opt/conda/envs/gdf/bin/python(+0x1f8343) [0x55fa6d776343]
49  /opt/conda/envs/gdf/bin/python(PyRun_StringFlags+0x7d) [0x55fa6d76eadd]
50  /opt/conda/envs/gdf/bin/python(PyRun_SimpleStringFlags+0x3c) [0x55fa6d76e91c]
51  /opt/conda/envs/gdf/bin/python(Py_RunMain+0x3ba) [0x55fa6d76db1a]
52  /opt/conda/envs/gdf/bin/python(Py_BytesMain+0x37) [0x55fa6d73e117]
53  /usr/lib/x86_64-linux-gnu/libc.so.6(__libc_start_main+0xf3) [0x7f824fa25083]
54  /opt/conda/envs/gdf/bin/python(+0x1c002e) [0x55fa6d73e02e]
=================================
[dgx13:74841:0:74841] Caught signal 11 (Segmentation fault: address not mapped to object at address 0x450)
==== backtrace (tid:  74841) ====
 0  /opt/conda/envs/gdf/lib/libucs.so.0(ucs_handle_error+0x2fd) [0x7f140383dc1d]
 1  /opt/conda/envs/gdf/lib/libucs.so.0(+0x2de11) [0x7f140383de11]
 2  /opt/conda/envs/gdf/lib/libucs.so.0(+0x2dfda) [0x7f140383dfda]
 3  /usr/lib/x86_64-linux-gnu/libpthread.so.0(+0x14420) [0x7f144df8d420]
 4  /opt/conda/envs/gdf/lib/libucp.so.0(ucp_mem_type_unpack+0x14) [0x7f14038c12d4]
 5  /opt/conda/envs/gdf/lib/libucp.so.0(ucp_rndv_data_handler+0x605) [0x7f14038eb495]
 6  /opt/conda/envs/gdf/lib/./libuct.so.0(+0x21a06) [0x7f14037f4a06]
 7  /opt/conda/envs/gdf/lib/./libuct.so.0(+0x24ae8) [0x7f14037f7ae8]
 8  /opt/conda/envs/gdf/lib/libucs.so.0(ucs_event_set_wait+0xb1) [0x7f1403847411]
 9  /opt/conda/envs/gdf/lib/./libuct.so.0(uct_tcp_iface_progress+0x7d) [0x7f14037f6bbd]
10  /opt/conda/envs/gdf/lib/libucp.so.0(ucp_worker_progress+0x5a) [0x7f14038bdf1a]
11  /opt/conda/envs/gdf/lib/python3.10/site-packages/ucp/_libs/ucx_api.cpython-310-x86_64-linux-gnu.so(+0x31d7a) [0x7f140397dd7a]
12  /opt/conda/envs/gdf/bin/python(_PyEval_EvalFrameDefault+0x2c3e) [0x55a7aa2726de]
13  /opt/conda/envs/gdf/bin/python(_PyFunction_Vectorcall+0x6c) [0x55a7aa27fb7c]
14  /opt/conda/envs/gdf/bin/python(_PyEval_EvalFrameDefault+0x6fd) [0x55a7aa27019d]
15  /opt/conda/envs/gdf/bin/python(+0x147234) [0x55a7aa28b234]
16  /opt/conda/envs/gdf/bin/python(+0x252f7c) [0x55a7aa396f7c]
17  /opt/conda/envs/gdf/bin/python(+0xf745f) [0x55a7aa23b45f]
18  /opt/conda/envs/gdf/bin/python(+0x1331b3) [0x55a7aa2771b3]
19  /opt/conda/envs/gdf/bin/python(_PyEval_EvalFrameDefault+0x593b) [0x55a7aa2753db]
20  /opt/conda/envs/gdf/bin/python(_PyFunction_Vectorcall+0x6c) [0x55a7aa27fb7c]
21  /opt/conda/envs/gdf/bin/python(_PyEval_EvalFrameDefault+0x6fd) [0x55a7aa27019d]
22  /opt/conda/envs/gdf/bin/python(_PyFunction_Vectorcall+0x6c) [0x55a7aa27fb7c]
23  /opt/conda/envs/gdf/bin/python(_PyEval_EvalFrameDefault+0x6fd) [0x55a7aa27019d]
24  /opt/conda/envs/gdf/bin/python(_PyFunction_Vectorcall+0x6c) [0x55a7aa27fb7c]
25  /opt/conda/envs/gdf/bin/python(_PyEval_EvalFrameDefault+0x6fd) [0x55a7aa27019d]
26  /opt/conda/envs/gdf/bin/python(_PyFunction_Vectorcall+0x6c) [0x55a7aa27fb7c]
27  /opt/conda/envs/gdf/bin/python(_PyEval_EvalFrameDefault+0x6fd) [0x55a7aa27019d]
28  /opt/conda/envs/gdf/bin/python(_PyFunction_Vectorcall+0x6c) [0x55a7aa27fb7c]
29  /opt/conda/envs/gdf/bin/python(_PyEval_EvalFrameDefault+0x1341) [0x55a7aa270de1]
30  /opt/conda/envs/gdf/bin/python(+0x146fb2) [0x55a7aa28afb2]
31  /opt/conda/envs/gdf/bin/python(PyObject_Call+0xbc) [0x55a7aa28b94c]
32  /opt/conda/envs/gdf/bin/python(+0x1ff72d) [0x55a7aa34372d]
33  /opt/conda/envs/gdf/bin/python(_PyObject_MakeTpCall+0x2d3) [0x55a7aa278a03]
34  /opt/conda/envs/gdf/bin/python(_PyEval_EvalFrameDefault+0x2c3e) [0x55a7aa2726de]
35  /opt/conda/envs/gdf/bin/python(+0x147108) [0x55a7aa28b108]
36  /opt/conda/envs/gdf/bin/python(_PyEval_EvalFrameDefault+0x2c3e) [0x55a7aa2726de]
37  /opt/conda/envs/gdf/bin/python(_PyFunction_Vectorcall+0x6c) [0x55a7aa27fb7c]
38  /opt/conda/envs/gdf/bin/python(_PyEval_EvalFrameDefault+0x6fd) [0x55a7aa27019d]
39  /opt/conda/envs/gdf/bin/python(_PyFunction_Vectorcall+0x6c) [0x55a7aa27fb7c]
40  /opt/conda/envs/gdf/bin/python(_PyEval_EvalFrameDefault+0x6fd) [0x55a7aa27019d]
41  /opt/conda/envs/gdf/bin/python(_PyFunction_Vectorcall+0x6c) [0x55a7aa27fb7c]
42  /opt/conda/envs/gdf/bin/python(_PyEval_EvalFrameDefault+0x309) [0x55a7aa26fda9]
43  /opt/conda/envs/gdf/bin/python(_PyFunction_Vectorcall+0x6c) [0x55a7aa27fb7c]
44  /opt/conda/envs/gdf/bin/python(_PyEval_EvalFrameDefault+0x1341) [0x55a7aa270de1]
45  /opt/conda/envs/gdf/bin/python(+0x1cca8c) [0x55a7aa310a8c]
46  /opt/conda/envs/gdf/bin/python(PyEval_EvalCode+0x87) [0x55a7aa3109d7]
47  /opt/conda/envs/gdf/bin/python(+0x1fceba) [0x55a7aa340eba]
48  /opt/conda/envs/gdf/bin/python(+0x1f8343) [0x55a7aa33c343]
49  /opt/conda/envs/gdf/bin/python(PyRun_StringFlags+0x7d) [0x55a7aa334add]
50  /opt/conda/envs/gdf/bin/python(PyRun_SimpleStringFlags+0x3c) [0x55a7aa33491c]
51  /opt/conda/envs/gdf/bin/python(Py_RunMain+0x3ba) [0x55a7aa333b1a]
52  /opt/conda/envs/gdf/bin/python(Py_BytesMain+0x37) [0x55a7aa304117]
53  /usr/lib/x86_64-linux-gnu/libc.so.6(__libc_start_main+0xf3) [0x7f144dc51083]
54  /opt/conda/envs/gdf/bin/python(+0x1c002e) [0x55a7aa30402e]
=================================
[dgx13:74849:0:74849] Caught signal 11 (Segmentation fault: address not mapped to object at address 0x450)
[dgx13:74833:0:74833] Caught signal 11 (Segmentation fault: address not mapped to object at address 0x450)
==== backtrace (tid:  74849) ====
 0  /opt/conda/envs/gdf/lib/libucs.so.0(ucs_handle_error+0x2fd) [0x7fd5ac063c1d]
 1  /opt/conda/envs/gdf/lib/libucs.so.0(+0x2de11) [0x7fd5ac063e11]
 2  /opt/conda/envs/gdf/lib/libucs.so.0(+0x2dfda) [0x7fd5ac063fda]
 3  /usr/lib/x86_64-linux-gnu/libpthread.so.0(+0x14420) [0x7fd5efcf3420]
 4  /opt/conda/envs/gdf/lib/libucp.so.0(ucp_mem_type_unpack+0x14) [0x7fd5a757c2d4]
 5  /opt/conda/envs/gdf/lib/libucp.so.0(ucp_rndv_data_handler+0x605) [0x7fd5a75a6495]
 6  /opt/conda/envs/gdf/lib/./libuct.so.0(+0x21a06) [0x7fd5a7513a06]
 7  /opt/conda/envs/gdf/lib/./libuct.so.0(+0x24ae8) [0x7fd5a7516ae8]
 8  /opt/conda/envs/gdf/lib/libucs.so.0(ucs_event_set_wait+0xb1) [0x7fd5ac06d411]
 9  /opt/conda/envs/gdf/lib/./libuct.so.0(uct_tcp_iface_progress+0x7d) [0x7fd5a7515bbd]
10  /opt/conda/envs/gdf/lib/libucp.so.0(ucp_worker_progress+0x5a) [0x7fd5a7578f1a]
11  /opt/conda/envs/gdf/lib/python3.10/site-packages/ucp/_libs/ucx_api.cpython-310-x86_64-linux-gnu.so(+0x31d7a) [0x7fd5a7638d7a]
12  /opt/conda/envs/gdf/bin/python(_PyEval_EvalFrameDefault+0x2c3e) [0x555831a3b6de]
13  /opt/conda/envs/gdf/bin/python(_PyFunction_Vectorcall+0x6c) [0x555831a48b7c]
14  /opt/conda/envs/gdf/bin/python(_PyEval_EvalFrameDefault+0x6fd) [0x555831a3919d]
15  /opt/conda/envs/gdf/bin/python(+0x1d62c9) [0x555831ae32c9]
16  /opt/conda/envs/gdf/lib/python3.10/lib-dynload/_asyncio.cpython-310-x86_64-linux-gnu.so(+0x7782) [0x7fd5cfd17782]
17  /opt/conda/envs/gdf/bin/python(_PyObject_MakeTpCall+0x2d3) [0x555831a41a03]
18  /opt/conda/envs/gdf/bin/python(+0xf745f) [0x555831a0445f]
19  /opt/conda/envs/gdf/bin/python(+0x1331b3) [0x555831a401b3]
20  /opt/conda/envs/gdf/bin/python(_PyEval_EvalFrameDefault+0x593b) [0x555831a3e3db]
21  /opt/conda/envs/gdf/bin/python(_PyFunction_Vectorcall+0x6c) [0x555831a48b7c]
22  /opt/conda/envs/gdf/bin/python(_PyEval_EvalFrameDefault+0x6fd) [0x555831a3919d]
23  /opt/conda/envs/gdf/bin/python(_PyFunction_Vectorcall+0x6c) [0x555831a48b7c]
24  /opt/conda/envs/gdf/bin/python(_PyEval_EvalFrameDefault+0x6fd) [0x555831a3919d]
25  /opt/conda/envs/gdf/bin/python(_PyFunction_Vectorcall+0x6c) [0x555831a48b7c]
26  /opt/conda/envs/gdf/bin/python(_PyEval_EvalFrameDefault+0x6fd) [0x555831a3919d]
27  /opt/conda/envs/gdf/bin/python(_PyFunction_Vectorcall+0x6c) [0x555831a48b7c]
28  /opt/conda/envs/gdf/bin/python(_PyEval_EvalFrameDefault+0x6fd) [0x555831a3919d]
29  /opt/conda/envs/gdf/bin/python(_PyFunction_Vectorcall+0x6c) [0x555831a48b7c]
30  /opt/conda/envs/gdf/bin/python(_PyEval_EvalFrameDefault+0x1341) [0x555831a39de1]
31  /opt/conda/envs/gdf/bin/python(+0x146fb2) [0x555831a53fb2]
32  /opt/conda/envs/gdf/bin/python(PyObject_Call+0xbc) [0x555831a5494c]
33  /opt/conda/envs/gdf/bin/python(+0x1ff72d) [0x555831b0c72d]
34  /opt/conda/envs/gdf/bin/python(_PyObject_MakeTpCall+0x2d3) [0x555831a41a03]
35  /opt/conda/envs/gdf/bin/python(_PyEval_EvalFrameDefault+0x2c3e) [0x555831a3b6de]
36  /opt/conda/envs/gdf/bin/python(+0x147108) [0x555831a54108]
37  /opt/conda/envs/gdf/bin/python(_PyEval_EvalFrameDefault+0x2c3e) [0x555831a3b6de]
38  /opt/conda/envs/gdf/bin/python(_PyFunction_Vectorcall+0x6c) [0x555831a48b7c]
39  /opt/conda/envs/gdf/bin/python(_PyEval_EvalFrameDefault+0x6fd) [0x555831a3919d]
40  /opt/conda/envs/gdf/bin/python(_PyFunction_Vectorcall+0x6c) [0x555831a48b7c]
41  /opt/conda/envs/gdf/bin/python(_PyEval_EvalFrameDefault+0x6fd) [0x555831a3919d]
42  /opt/conda/envs/gdf/bin/python(_PyFunction_Vectorcall+0x6c) [0x555831a48b7c]
43  /opt/conda/envs/gdf/bin/python(_PyEval_EvalFrameDefault+0x309) [0x555831a38da9]
44  /opt/conda/envs/gdf/bin/python(_PyFunction_Vectorcall+0x6c) [0x555831a48b7c]
45  /opt/conda/envs/gdf/bin/python(_PyEval_EvalFrameDefault+0x1341) [0x555831a39de1]
46  /opt/conda/envs/gdf/bin/python(+0x1cca8c) [0x555831ad9a8c]
47  /opt/conda/envs/gdf/bin/python(PyEval_EvalCode+0x87) [0x555831ad99d7]
48  /opt/conda/envs/gdf/bin/python(+0x1fceba) [0x555831b09eba]
49  /opt/conda/envs/gdf/bin/python(+0x1f8343) [0x555831b05343]
50  /opt/conda/envs/gdf/bin/python(PyRun_StringFlags+0x7d) [0x555831afdadd]
51  /opt/conda/envs/gdf/bin/python(PyRun_SimpleStringFlags+0x3c) [0x555831afd91c]
52  /opt/conda/envs/gdf/bin/python(Py_RunMain+0x3ba) [0x555831afcb1a]
53  /opt/conda/envs/gdf/bin/python(Py_BytesMain+0x37) [0x555831acd117]
54  /usr/lib/x86_64-linux-gnu/libc.so.6(__libc_start_main+0xf3) [0x7fd5ef9b7083]
55  /opt/conda/envs/gdf/bin/python(+0x1c002e) [0x555831acd02e]
=================================
==== backtrace (tid:  74833) ====
 0  /opt/conda/envs/gdf/lib/libucs.so.0(ucs_handle_error+0x2fd) [0x7fe9907bac1d]
 1  /opt/conda/envs/gdf/lib/libucs.so.0(+0x2de11) [0x7fe9907bae11]
 2  /opt/conda/envs/gdf/lib/libucs.so.0(+0x2dfda) [0x7fe9907bafda]
 3  /usr/lib/x86_64-linux-gnu/libpthread.so.0(+0x14420) [0x7fe9d4f0a420]
 4  /opt/conda/envs/gdf/lib/libucp.so.0(ucp_mem_type_unpack+0x14) [0x7fe99083e2d4]
 5  /opt/conda/envs/gdf/lib/libucp.so.0(ucp_rndv_data_handler+0x605) [0x7fe990868495]
 6  /opt/conda/envs/gdf/lib/./libuct.so.0(+0x21a06) [0x7fe990771a06]
 7  /opt/conda/envs/gdf/lib/./libuct.so.0(+0x24ae8) [0x7fe990774ae8]
 8  /opt/conda/envs/gdf/lib/libucs.so.0(ucs_event_set_wait+0xb1) [0x7fe9907c4411]
 9  /opt/conda/envs/gdf/lib/./libuct.so.0(uct_tcp_iface_progress+0x7d) [0x7fe990773bbd]
10  /opt/conda/envs/gdf/lib/libucp.so.0(ucp_worker_progress+0x5a) [0x7fe99083af1a]
11  /opt/conda/envs/gdf/lib/python3.10/site-packages/ucp/_libs/ucx_api.cpython-310-x86_64-linux-gnu.so(+0x31d7a) [0x7fe9908fad7a]
12  /opt/conda/envs/gdf/bin/python(_PyEval_EvalFrameDefault+0x2c3e) [0x55ceac29c6de]
13  /opt/conda/envs/gdf/bin/python(_PyFunction_Vectorcall+0x6c) [0x55ceac2a9b7c]
14  /opt/conda/envs/gdf/bin/python(_PyEval_EvalFrameDefault+0x6fd) [0x55ceac29a19d]
15  /opt/conda/envs/gdf/bin/python(+0x1d62c9) [0x55ceac3442c9]
16  /opt/conda/envs/gdf/bin/python(_PyEval_EvalFrameDefault+0x1ae5) [0x55ceac29b585]
17  /opt/conda/envs/gdf/bin/python(+0x1d62c9) [0x55ceac3442c9]
18  /opt/conda/envs/gdf/bin/python(_PyEval_EvalFrameDefault+0x1ae5) [0x55ceac29b585]
19  /opt/conda/envs/gdf/bin/python(+0x1d62c9) [0x55ceac3442c9]
20  /opt/conda/envs/gdf/lib/python3.10/lib-dynload/_asyncio.cpython-310-x86_64-linux-gnu.so(+0x7782) [0x7fe9b4f2c782]
21  /opt/conda/envs/gdf/bin/python(_PyObject_MakeTpCall+0x2d3) [0x55ceac2a2a03]
22  /opt/conda/envs/gdf/bin/python(+0xf745f) [0x55ceac26545f]
23  /opt/conda/envs/gdf/bin/python(+0x1331b3) [0x55ceac2a11b3]
24  /opt/conda/envs/gdf/bin/python(_PyEval_EvalFrameDefault+0x593b) [0x55ceac29f3db]
25  /opt/conda/envs/gdf/bin/python(_PyFunction_Vectorcall+0x6c) [0x55ceac2a9b7c]
26  /opt/conda/envs/gdf/bin/python(_PyEval_EvalFrameDefault+0x6fd) [0x55ceac29a19d]
27  /opt/conda/envs/gdf/bin/python(_PyFunction_Vectorcall+0x6c) [0x55ceac2a9b7c]
28  /opt/conda/envs/gdf/bin/python(_PyEval_EvalFrameDefault+0x6fd) [0x55ceac29a19d]
29  /opt/conda/envs/gdf/bin/python(_PyFunction_Vectorcall+0x6c) [0x55ceac2a9b7c]
30  /opt/conda/envs/gdf/bin/python(_PyEval_EvalFrameDefault+0x6fd) [0x55ceac29a19d]
31  /opt/conda/envs/gdf/bin/python(_PyFunction_Vectorcall+0x6c) [0x55ceac2a9b7c]
32  /opt/conda/envs/gdf/bin/python(_PyEval_EvalFrameDefault+0x6fd) [0x55ceac29a19d]
33  /opt/conda/envs/gdf/bin/python(_PyFunction_Vectorcall+0x6c) [0x55ceac2a9b7c]
34  /opt/conda/envs/gdf/bin/python(_PyEval_EvalFrameDefault+0x1341) [0x55ceac29ade1]
35  /opt/conda/envs/gdf/bin/python(+0x146fb2) [0x55ceac2b4fb2]
36  /opt/conda/envs/gdf/bin/python(PyObject_Call+0xbc) [0x55ceac2b594c]
37  /opt/conda/envs/gdf/bin/python(+0x1ff72d) [0x55ceac36d72d]
38  /opt/conda/envs/gdf/bin/python(_PyObject_MakeTpCall+0x2d3) [0x55ceac2a2a03]
39  /opt/conda/envs/gdf/bin/python(_PyEval_EvalFrameDefault+0x2c3e) [0x55ceac29c6de]
40  /opt/conda/envs/gdf/bin/python(+0x147108) [0x55ceac2b5108]
41  /opt/conda/envs/gdf/bin/python(_PyEval_EvalFrameDefault+0x2c3e) [0x55ceac29c6de]
42  /opt/conda/envs/gdf/bin/python(_PyFunction_Vectorcall+0x6c) [0x55ceac2a9b7c]
43  /opt/conda/envs/gdf/bin/python(_PyEval_EvalFrameDefault+0x6fd) [0x55ceac29a19d]
44  /opt/conda/envs/gdf/bin/python(_PyFunction_Vectorcall+0x6c) [0x55ceac2a9b7c]
45  /opt/conda/envs/gdf/bin/python(_PyEval_EvalFrameDefault+0x6fd) [0x55ceac29a19d]
46  /opt/conda/envs/gdf/bin/python(_PyFunction_Vectorcall+0x6c) [0x55ceac2a9b7c]
47  /opt/conda/envs/gdf/bin/python(_PyEval_EvalFrameDefault+0x309) [0x55ceac299da9]
48  /opt/conda/envs/gdf/bin/python(_PyFunction_Vectorcall+0x6c) [0x55ceac2a9b7c]
49  /opt/conda/envs/gdf/bin/python(_PyEval_EvalFrameDefault+0x1341) [0x55ceac29ade1]
50  /opt/conda/envs/gdf/bin/python(+0x1cca8c) [0x55ceac33aa8c]
51  /opt/conda/envs/gdf/bin/python(PyEval_EvalCode+0x87) [0x55ceac33a9d7]
52  /opt/conda/envs/gdf/bin/python(+0x1fceba) [0x55ceac36aeba]
53  /opt/conda/envs/gdf/bin/python(+0x1f8343) [0x55ceac366343]
54  /opt/conda/envs/gdf/bin/python(PyRun_StringFlags+0x7d) [0x55ceac35eadd]
55  /opt/conda/envs/gdf/bin/python(PyRun_SimpleStringFlags+0x3c) [0x55ceac35e91c]
56  /opt/conda/envs/gdf/bin/python(Py_RunMain+0x3ba) [0x55ceac35db1a]
57  /opt/conda/envs/gdf/bin/python(Py_BytesMain+0x37) [0x55ceac32e117]
58  /usr/lib/x86_64-linux-gnu/libc.so.6(__libc_start_main+0xf3) [0x7fe9d4bce083]
59  /opt/conda/envs/gdf/bin/python(+0x1c002e) [0x55ceac32e02e]
=================================
[dgx13:74825:0:74825] Caught signal 11 (Segmentation fault: address not mapped to object at address 0x450)
==== backtrace (tid:  74825) ====
 0  /opt/conda/envs/gdf/lib/libucs.so.0(ucs_handle_error+0x2fd) [0x7fdbaf0f8c1d]
 1  /opt/conda/envs/gdf/lib/libucs.so.0(+0x2de11) [0x7fdbaf0f8e11]
 2  /opt/conda/envs/gdf/lib/libucs.so.0(+0x2dfda) [0x7fdbaf0f8fda]
 3  /usr/lib/x86_64-linux-gnu/libpthread.so.0(+0x14420) [0x7fdc03873420]
 4  /opt/conda/envs/gdf/lib/libucp.so.0(ucp_mem_type_unpack+0x14) [0x7fdbaf17c2d4]
 5  /opt/conda/envs/gdf/lib/libucp.so.0(ucp_rndv_data_handler+0x605) [0x7fdbaf1a6495]
 6  /opt/conda/envs/gdf/lib/./libuct.so.0(+0x21a06) [0x7fdbaf0afa06]
 7  /opt/conda/envs/gdf/lib/./libuct.so.0(+0x24ae8) [0x7fdbaf0b2ae8]
 8  /opt/conda/envs/gdf/lib/libucs.so.0(ucs_event_set_wait+0xb1) [0x7fdbaf102411]
 9  /opt/conda/envs/gdf/lib/./libuct.so.0(uct_tcp_iface_progress+0x7d) [0x7fdbaf0b1bbd]
10  /opt/conda/envs/gdf/lib/libucp.so.0(ucp_worker_progress+0x5a) [0x7fdbaf178f1a]
11  /opt/conda/envs/gdf/lib/python3.10/site-packages/ucp/_libs/ucx_api.cpython-310-x86_64-linux-gnu.so(+0x31d7a) [0x7fdbaf238d7a]
12  /opt/conda/envs/gdf/bin/python(_PyEval_EvalFrameDefault+0x2c3e) [0x55d083cac6de]
13  /opt/conda/envs/gdf/bin/python(_PyFunction_Vectorcall+0x6c) [0x55d083cb9b7c]
14  /opt/conda/envs/gdf/bin/python(_PyEval_EvalFrameDefault+0x6fd) [0x55d083caa19d]
15  /opt/conda/envs/gdf/bin/python(+0x147234) [0x55d083cc5234]
16  /opt/conda/envs/gdf/bin/python(+0x252f7c) [0x55d083dd0f7c]
17  /opt/conda/envs/gdf/bin/python(+0xf745f) [0x55d083c7545f]
18  /opt/conda/envs/gdf/bin/python(+0x1331b3) [0x55d083cb11b3]
19  /opt/conda/envs/gdf/bin/python(_PyEval_EvalFrameDefault+0x593b) [0x55d083caf3db]
20  /opt/conda/envs/gdf/bin/python(_PyFunction_Vectorcall+0x6c) [0x55d083cb9b7c]
21  /opt/conda/envs/gdf/bin/python(_PyEval_EvalFrameDefault+0x6fd) [0x55d083caa19d]
22  /opt/conda/envs/gdf/bin/python(_PyFunction_Vectorcall+0x6c) [0x55d083cb9b7c]
23  /opt/conda/envs/gdf/bin/python(_PyEval_EvalFrameDefault+0x6fd) [0x55d083caa19d]
24  /opt/conda/envs/gdf/bin/python(_PyFunction_Vectorcall+0x6c) [0x55d083cb9b7c]
25  /opt/conda/envs/gdf/bin/python(_PyEval_EvalFrameDefault+0x6fd) [0x55d083caa19d]
26  /opt/conda/envs/gdf/bin/python(_PyFunction_Vectorcall+0x6c) [0x55d083cb9b7c]
27  /opt/conda/envs/gdf/bin/python(_PyEval_EvalFrameDefault+0x6fd) [0x55d083caa19d]
28  /opt/conda/envs/gdf/bin/python(_PyFunction_Vectorcall+0x6c) [0x55d083cb9b7c]
29  /opt/conda/envs/gdf/bin/python(_PyEval_EvalFrameDefault+0x1341) [0x55d083caade1]
30  /opt/conda/envs/gdf/bin/python(+0x146fb2) [0x55d083cc4fb2]
31  /opt/conda/envs/gdf/bin/python(PyObject_Call+0xbc) [0x55d083cc594c]
32  /opt/conda/envs/gdf/bin/python(+0x1ff72d) [0x55d083d7d72d]
33  /opt/conda/envs/gdf/bin/python(_PyObject_MakeTpCall+0x2d3) [0x55d083cb2a03]
34  /opt/conda/envs/gdf/bin/python(_PyEval_EvalFrameDefault+0x2c3e) [0x55d083cac6de]
35  /opt/conda/envs/gdf/bin/python(+0x147108) [0x55d083cc5108]
36  /opt/conda/envs/gdf/bin/python(_PyEval_EvalFrameDefault+0x2c3e) [0x55d083cac6de]
37  /opt/conda/envs/gdf/bin/python(_PyFunction_Vectorcall+0x6c) [0x55d083cb9b7c]
38  /opt/conda/envs/gdf/bin/python(_PyEval_EvalFrameDefault+0x6fd) [0x55d083caa19d]
39  /opt/conda/envs/gdf/bin/python(_PyFunction_Vectorcall+0x6c) [0x55d083cb9b7c]
40  /opt/conda/envs/gdf/bin/python(_PyEval_EvalFrameDefault+0x6fd) [0x55d083caa19d]
41  /opt/conda/envs/gdf/bin/python(_PyFunction_Vectorcall+0x6c) [0x55d083cb9b7c]
42  /opt/conda/envs/gdf/bin/python(_PyEval_EvalFrameDefault+0x309) [0x55d083ca9da9]
43  /opt/conda/envs/gdf/bin/python(_PyFunction_Vectorcall+0x6c) [0x55d083cb9b7c]
44  /opt/conda/envs/gdf/bin/python(_PyEval_EvalFrameDefault+0x1341) [0x55d083caade1]
45  /opt/conda/envs/gdf/bin/python(+0x1cca8c) [0x55d083d4aa8c]
46  /opt/conda/envs/gdf/bin/python(PyEval_EvalCode+0x87) [0x55d083d4a9d7]
47  /opt/conda/envs/gdf/bin/python(+0x1fceba) [0x55d083d7aeba]
48  /opt/conda/envs/gdf/bin/python(+0x1f8343) [0x55d083d76343]
49  /opt/conda/envs/gdf/bin/python(PyRun_StringFlags+0x7d) [0x55d083d6eadd]
50  /opt/conda/envs/gdf/bin/python(PyRun_SimpleStringFlags+0x3c) [0x55d083d6e91c]
51  /opt/conda/envs/gdf/bin/python(Py_RunMain+0x3ba) [0x55d083d6db1a]
52  /opt/conda/envs/gdf/bin/python(Py_BytesMain+0x37) [0x55d083d3e117]
53  /usr/lib/x86_64-linux-gnu/libc.so.6(__libc_start_main+0xf3) [0x7fdc03537083]
54  /opt/conda/envs/gdf/bin/python(+0x1c002e) [0x55d083d3e02e]
=================================
2025-01-02 07:43:15,139 - distributed.scheduler - WARNING - Removing worker 'ucx://127.0.0.1:55519' caused the cluster to lose already computed task(s), which will be recomputed elsewhere: {('random_sample-7b6a94974ee37b9479518fe6a26a0232', 4, 1), ('random_sample-7b6a94974ee37b9479518fe6a26a0232', 1, 9), ('random_sample-7b6a94974ee37b9479518fe6a26a0232', 0, 4), ('random_sample-7b6a94974ee37b9479518fe6a26a0232', 9, 0), ('random_sample-7b6a94974ee37b9479518fe6a26a0232', 6, 7), ('random_sample-7b6a94974ee37b9479518fe6a26a0232', 3, 4), ('random_sample-7b6a94974ee37b9479518fe6a26a0232', 3, 1), ('random_sample-7b6a94974ee37b9479518fe6a26a0232', 5, 7), ('random_sample-7b6a94974ee37b9479518fe6a26a0232', 0, 6), ('random_sample-7b6a94974ee37b9479518fe6a26a0232', 7, 9), ('random_sample-7b6a94974ee37b9479518fe6a26a0232', 5, 9), ('random_sample-7b6a94974ee37b9479518fe6a26a0232', 9, 8), ('random_sample-7b6a94974ee37b9479518fe6a26a0232', 8, 2)} (stimulus_id='handle-worker-cleanup-1735803795.1397414')
2025-01-02 07:43:15,139 - distributed.worker - ERROR - Worker stream died during communication: ucx://127.0.0.1:55519
Traceback (most recent call last):
  File "/opt/conda/envs/gdf/lib/python3.10/site-packages/distributed/comm/ucx.py", line 351, in read
    await self.ep.recv(msg)
  File "/opt/conda/envs/gdf/lib/python3.10/site-packages/ucp/core.py", line 737, in recv
    ret = await comm.tag_recv(self._ep, buffer, nbytes, tag, name=log)
ucp._libs.exceptions.UCXCanceled: <[Recv #003] ep: 0x7f5fc239e140, tag: 0x33d6e1f530aba71a, nbytes: 16, type: <class 'numpy.ndarray'>>: 

During handling of the above exception, another exception occurred:

Traceback (most recent call last):
  File "/opt/conda/envs/gdf/lib/python3.10/site-packages/distributed/worker.py", line 2075, in gather_dep
    response = await get_data_from_worker(
  File "/opt/conda/envs/gdf/lib/python3.10/site-packages/distributed/worker.py", line 2881, in get_data_from_worker
    response = await send_recv(
  File "/opt/conda/envs/gdf/lib/python3.10/site-packages/distributed/core.py", line 1018, in send_recv
    response = await comm.read(deserializers=deserializers)
  File "/opt/conda/envs/gdf/lib/python3.10/site-packages/distributed/utils.py", line 805, in wrapper
    return await func(*args, **kwargs)
  File "/opt/conda/envs/gdf/lib/python3.10/site-packages/distributed/comm/ucx.py", line 369, in read
    raise CommClosedError(
distributed.comm.core.CommClosedError: Connection closed by writer.
Inner exception: UCXCanceled("<[Recv #003] ep: 0x7f5fc239e140, tag: 0x33d6e1f530aba71a, nbytes: 16, type: <class 'numpy.ndarray'>>: ")
2025-01-02 07:43:15,145 - distributed.worker - ERROR - Worker stream died during communication: ucx://127.0.0.1:55519
Traceback (most recent call last):
  File "/opt/conda/envs/gdf/lib/python3.10/site-packages/distributed/comm/ucx.py", line 468, in connect
    ep = await ucp.create_endpoint(ip, port)
  File "/opt/conda/envs/gdf/lib/python3.10/site-packages/ucp/core.py", line 1016, in create_endpoint
    return await _get_ctx().create_endpoint(
  File "/opt/conda/envs/gdf/lib/python3.10/site-packages/ucp/core.py", line 328, in create_endpoint
    peer_info = await exchange_peer_info(
  File "/opt/conda/envs/gdf/lib/python3.10/site-packages/ucp/core.py", line 60, in exchange_peer_info
    await asyncio.wait_for(
  File "/opt/conda/envs/gdf/lib/python3.10/asyncio/tasks.py", line 445, in wait_for
    return fut.result()
ucp._libs.exceptions.UCXError: <stream_recv>: Connection reset by remote peer

During handling of the above exception, another exception occurred:

Traceback (most recent call last):
  File "/opt/conda/envs/gdf/lib/python3.10/site-packages/distributed/comm/core.py", line 342, in connect
    comm = await wait_for(
  File "/opt/conda/envs/gdf/lib/python3.10/site-packages/distributed/utils.py", line 1915, in wait_for
    return await asyncio.wait_for(fut, timeout)
  File "/opt/conda/envs/gdf/lib/python3.10/asyncio/tasks.py", line 445, in wait_for
    return fut.result()
  File "/opt/conda/envs/gdf/lib/python3.10/site-packages/distributed/comm/ucx.py", line 470, in connect
    raise CommClosedError("Connection closed before handshake completed")
distributed.comm.core.CommClosedError: Connection closed before handshake completed

During handling of the above exception, another exception occurred:

Traceback (most recent call last):
  File "/opt/conda/envs/gdf/lib/python3.10/site-packages/distributed/core.py", line 1429, in _connect
    comm = await connect(
  File "/opt/conda/envs/gdf/lib/python3.10/site-packages/distributed/comm/core.py", line 366, in connect
    await asyncio.sleep(backoff)
  File "/opt/conda/envs/gdf/lib/python3.10/asyncio/tasks.py", line 605, in sleep
    return await future
asyncio.exceptions.CancelledError

During handling of the above exception, another exception occurred:

Traceback (most recent call last):
  File "/opt/conda/envs/gdf/lib/python3.10/site-packages/distributed/core.py", line 1539, in connect
    return connect_attempt.result()
asyncio.exceptions.CancelledError

During handling of the above exception, another exception occurred:

Traceback (most recent call last):
  File "/opt/conda/envs/gdf/lib/python3.10/site-packages/distributed/worker.py", line 2075, in gather_dep
    response = await get_data_from_worker(
  File "/opt/conda/envs/gdf/lib/python3.10/site-packages/distributed/worker.py", line 2878, in get_data_from_worker
    comm = await rpc.connect(worker)
  File "/opt/conda/envs/gdf/lib/python3.10/site-packages/distributed/core.py", line 1542, in connect
    raise CommClosedError(reason)
distributed.comm.core.CommClosedError: Address removed.
2025-01-02 07:43:15,202 - distributed.worker - ERROR - Worker stream died during communication: ucx://127.0.0.1:34361
Traceback (most recent call last):
  File "/opt/conda/envs/gdf/lib/python3.10/site-packages/distributed/comm/ucx.py", line 393, in read
    await self.ep.recv(each_frame)
  File "/opt/conda/envs/gdf/lib/python3.10/site-packages/ucp/core.py", line 737, in recv
    ret = await comm.tag_recv(self._ep, buffer, nbytes, tag, name=log)
ucp._libs.exceptions.UCXError: <[Recv #007] ep: 0x7f5fc239e200, tag: 0xbdc57854f943abe5, nbytes: 50000000, type: <class 'rmm.pylibrmm.device_buffer.DeviceBuffer'>>: Connection reset by remote peer

During handling of the above exception, another exception occurred:

Traceback (most recent call last):
  File "/opt/conda/envs/gdf/lib/python3.10/site-packages/distributed/worker.py", line 2075, in gather_dep
    response = await get_data_from_worker(
  File "/opt/conda/envs/gdf/lib/python3.10/site-packages/distributed/worker.py", line 2881, in get_data_from_worker
    response = await send_recv(
  File "/opt/conda/envs/gdf/lib/python3.10/site-packages/distributed/core.py", line 1018, in send_recv
    response = await comm.read(deserializers=deserializers)
  File "/opt/conda/envs/gdf/lib/python3.10/site-packages/distributed/utils.py", line 805, in wrapper
    return await func(*args, **kwargs)
  File "/opt/conda/envs/gdf/lib/python3.10/site-packages/distributed/comm/ucx.py", line 399, in read
    raise CommClosedError(
distributed.comm.core.CommClosedError: Connection closed by writer.
Inner exception: UCXError("<[Recv #007] ep: 0x7f5fc239e200, tag: 0xbdc57854f943abe5, nbytes: 50000000, type: <class 'rmm.pylibrmm.device_buffer.DeviceBuffer'>>: Connection reset by remote peer")
2025-01-02 07:43:15,202 - distributed.worker - ERROR - Worker stream died during communication: ucx://127.0.0.1:34361
Traceback (most recent call last):
  File "/opt/conda/envs/gdf/lib/python3.10/site-packages/distributed/comm/ucx.py", line 351, in read
    await self.ep.recv(msg)
  File "/opt/conda/envs/gdf/lib/python3.10/site-packages/ucp/core.py", line 737, in recv
    ret = await comm.tag_recv(self._ep, buffer, nbytes, tag, name=log)
ucp._libs.exceptions.UCXCanceled: <[Recv #003] ep: 0x7f85583c0240, tag: 0xad2dec7dc9bf3693, nbytes: 16, type: <class 'numpy.ndarray'>>: 

During handling of the above exception, another exception occurred:

Traceback (most recent call last):
  File "/opt/conda/envs/gdf/lib/python3.10/site-packages/distributed/worker.py", line 2075, in gather_dep
    response = await get_data_from_worker(
  File "/opt/conda/envs/gdf/lib/python3.10/site-packages/distributed/worker.py", line 2881, in get_data_from_worker
    response = await send_recv(
  File "/opt/conda/envs/gdf/lib/python3.10/site-packages/distributed/core.py", line 1018, in send_recv
    response = await comm.read(deserializers=deserializers)
  File "/opt/conda/envs/gdf/lib/python3.10/site-packages/distributed/utils.py", line 805, in wrapper
    return await func(*args, **kwargs)
  File "/opt/conda/envs/gdf/lib/python3.10/site-packages/distributed/comm/ucx.py", line 369, in read
    raise CommClosedError(
distributed.comm.core.CommClosedError: Connection closed by writer.
Inner exception: UCXCanceled("<[Recv #003] ep: 0x7f85583c0240, tag: 0xad2dec7dc9bf3693, nbytes: 16, type: <class 'numpy.ndarray'>>: ")
Task exception was never retrieved
future: <Task finished name='Task-1475' coro=<_listener_handler_coroutine() done, defined at /opt/conda/envs/gdf/lib/python3.10/site-packages/ucp/core.py:140> exception=UCXError('<stream_recv>: Connection reset by remote peer')>
Traceback (most recent call last):
  File "/opt/conda/envs/gdf/lib/python3.10/site-packages/ucp/core.py", line 155, in _listener_handler_coroutine
    peer_info = await exchange_peer_info(
  File "/opt/conda/envs/gdf/lib/python3.10/site-packages/ucp/core.py", line 55, in exchange_peer_info
    await asyncio.wait_for(
  File "/opt/conda/envs/gdf/lib/python3.10/asyncio/tasks.py", line 445, in wait_for
    return fut.result()
ucp._libs.exceptions.UCXError: <stream_recv>: Connection reset by remote peer
2025-01-02 07:43:15,204 - distributed.scheduler - WARNING - Removing worker 'ucx://127.0.0.1:34361' caused the cluster to lose already computed task(s), which will be recomputed elsewhere: {('random_sample-7b6a94974ee37b9479518fe6a26a0232', 4, 7), ('random_sample-7b6a94974ee37b9479518fe6a26a0232', 7, 4), ('sum-eb542abedda62aae121316fd62743162', 4, 7), ('random_sample-7b6a94974ee37b9479518fe6a26a0232', 1, 2), ('random_sample-7b6a94974ee37b9479518fe6a26a0232', 8, 4), ('sum-eb542abedda62aae121316fd62743162', 7, 4), ('random_sample-7b6a94974ee37b9479518fe6a26a0232', 2, 6), ('random_sample-7b6a94974ee37b9479518fe6a26a0232', 5, 4), ('random_sample-7b6a94974ee37b9479518fe6a26a0232', 7, 0), ('sum-eb542abedda62aae121316fd62743162', 6, 2), ('random_sample-7b6a94974ee37b9479518fe6a26a0232', 9, 2), ('random_sample-7b6a94974ee37b9479518fe6a26a0232', 1, 4), ('sum-eb542abedda62aae121316fd62743162', 2, 6), ('random_sample-7b6a94974ee37b9479518fe6a26a0232', 2, 3), ('random_sample-7b6a94974ee37b9479518fe6a26a0232', 6, 2), ('random_sample-7b6a94974ee37b9479518fe6a26a0232', 3, 9)} (stimulus_id='handle-worker-cleanup-1735803795.2042208')
2025-01-02 07:43:15,210 - distributed.nanny - WARNING - Restarting worker
2025-01-02 07:43:15,236 - distributed.worker - ERROR - failed during get data with ucx://127.0.0.1:35383 -> ucx://127.0.0.1:55519
Traceback (most recent call last):
  File "/opt/conda/envs/gdf/lib/python3.10/site-packages/distributed/comm/ucx.py", line 335, in write
    await self.ep.send(each_frame)
  File "/opt/conda/envs/gdf/lib/python3.10/site-packages/ucp/core.py", line 662, in send
    return await comm.tag_send(self._ep, buffer, nbytes, tag, name=log)
ucp._libs.exceptions.UCXError: <[Send #007] ep: 0x7f5fc239e240, tag: 0x3327e8d9ac6762e3, nbytes: 50000000, type: <class 'cupy.ndarray'>>: Connection reset by remote peer

During handling of the above exception, another exception occurred:

Traceback (most recent call last):
  File "/opt/conda/envs/gdf/lib/python3.10/site-packages/distributed/worker.py", line 1796, in get_data
    compressed = await comm.write(msg, serializers=serializers)
  File "/opt/conda/envs/gdf/lib/python3.10/site-packages/distributed/utils.py", line 805, in wrapper
    return await func(*args, **kwargs)
  File "/opt/conda/envs/gdf/lib/python3.10/site-packages/distributed/comm/ucx.py", line 339, in write
    raise CommClosedError("While writing, the connection was closed")
distributed.comm.core.CommClosedError: While writing, the connection was closed
Task exception was never retrieved
future: <Task finished name='Task-244' coro=<_listener_handler_coroutine() done, defined at /opt/conda/envs/gdf/lib/python3.10/site-packages/ucp/core.py:140> exception=UCXError('<stream_recv>: Connection reset by remote peer')>
Traceback (most recent call last):
  File "/opt/conda/envs/gdf/lib/python3.10/site-packages/ucp/core.py", line 155, in _listener_handler_coroutine
    peer_info = await exchange_peer_info(
  File "/opt/conda/envs/gdf/lib/python3.10/site-packages/ucp/core.py", line 55, in exchange_peer_info
    await asyncio.wait_for(
  File "/opt/conda/envs/gdf/lib/python3.10/asyncio/tasks.py", line 445, in wait_for
    return fut.result()
ucp._libs.exceptions.UCXError: <stream_recv>: Connection reset by remote peer
2025-01-02 07:43:15,237 - distributed.worker - ERROR - failed during get data with ucx://127.0.0.1:35383 -> ucx://127.0.0.1:34361
Traceback (most recent call last):
  File "/opt/conda/envs/gdf/lib/python3.10/site-packages/distributed/comm/ucx.py", line 335, in write
    await self.ep.send(each_frame)
  File "/opt/conda/envs/gdf/lib/python3.10/site-packages/ucp/core.py", line 662, in send
    return await comm.tag_send(self._ep, buffer, nbytes, tag, name=log)
ucp._libs.exceptions.UCXError: <[Send #007] ep: 0x7f5fc239e2c0, tag: 0x697e0e385cecfad0, nbytes: 50000000, type: <class 'cupy.ndarray'>>: Connection reset by remote peer

During handling of the above exception, another exception occurred:

Traceback (most recent call last):
  File "/opt/conda/envs/gdf/lib/python3.10/site-packages/distributed/worker.py", line 1796, in get_data
    compressed = await comm.write(msg, serializers=serializers)
  File "/opt/conda/envs/gdf/lib/python3.10/site-packages/distributed/utils.py", line 805, in wrapper
    return await func(*args, **kwargs)
  File "/opt/conda/envs/gdf/lib/python3.10/site-packages/distributed/comm/ucx.py", line 339, in write
    raise CommClosedError("While writing, the connection was closed")
distributed.comm.core.CommClosedError: While writing, the connection was closed
2025-01-02 07:43:15,237 - distributed.worker - ERROR - failed during get data with ucx://127.0.0.1:35383 -> ucx://127.0.0.1:55703
Traceback (most recent call last):
  File "/opt/conda/envs/gdf/lib/python3.10/site-packages/distributed/comm/ucx.py", line 335, in write
    await self.ep.send(each_frame)
  File "/opt/conda/envs/gdf/lib/python3.10/site-packages/ucp/core.py", line 662, in send
    return await comm.tag_send(self._ep, buffer, nbytes, tag, name=log)
ucp._libs.exceptions.UCXError: <[Send #007] ep: 0x7f5fc239e300, tag: 0x3283df2518c421cc, nbytes: 50000000, type: <class 'cupy.ndarray'>>: Connection reset by remote peer

During handling of the above exception, another exception occurred:

Traceback (most recent call last):
  File "/opt/conda/envs/gdf/lib/python3.10/site-packages/distributed/worker.py", line 1796, in get_data
    compressed = await comm.write(msg, serializers=serializers)
  File "/opt/conda/envs/gdf/lib/python3.10/site-packages/distributed/utils.py", line 805, in wrapper
    return await func(*args, **kwargs)
  File "/opt/conda/envs/gdf/lib/python3.10/site-packages/distributed/comm/ucx.py", line 339, in write
    raise CommClosedError("While writing, the connection was closed")
distributed.comm.core.CommClosedError: While writing, the connection was closed
2025-01-02 07:43:15,238 - distributed.scheduler - WARNING - Removing worker 'ucx://127.0.0.1:55703' caused the cluster to lose already computed task(s), which will be recomputed elsewhere: {('random_sample-7b6a94974ee37b9479518fe6a26a0232', 7, 5), ('random_sample-7b6a94974ee37b9479518fe6a26a0232', 0, 8), ('sum-eb542abedda62aae121316fd62743162', 4, 4), ('random_sample-7b6a94974ee37b9479518fe6a26a0232', 4, 4), ('random_sample-7b6a94974ee37b9479518fe6a26a0232', 8, 8), ('random_sample-7b6a94974ee37b9479518fe6a26a0232', 2, 4), ('random_sample-7b6a94974ee37b9479518fe6a26a0232', 7, 1), ('random_sample-7b6a94974ee37b9479518fe6a26a0232', 2, 1), ('random_sample-7b6a94974ee37b9479518fe6a26a0232', 3, 7), ('random_sample-7b6a94974ee37b9479518fe6a26a0232', 9, 6), ('random_sample-7b6a94974ee37b9479518fe6a26a0232', 6, 3), ('random_sample-7b6a94974ee37b9479518fe6a26a0232', 5, 0), ('sum-eb542abedda62aae121316fd62743162', 8, 8), ('random_sample-7b6a94974ee37b9479518fe6a26a0232', 1, 0)} (stimulus_id='handle-worker-cleanup-1735803795.23789')
2025-01-02 07:43:15,237 - distributed.worker - ERROR - Worker stream died during communication: ucx://127.0.0.1:55703
Traceback (most recent call last):
  File "/opt/conda/envs/gdf/lib/python3.10/site-packages/distributed/comm/ucx.py", line 351, in read
    await self.ep.recv(msg)
  File "/opt/conda/envs/gdf/lib/python3.10/site-packages/ucp/core.py", line 737, in recv
    ret = await comm.tag_recv(self._ep, buffer, nbytes, tag, name=log)
ucp._libs.exceptions.UCXCanceled: <[Recv #000] ep: 0x7f85583c0140, tag: 0xa4909af72f02619a, nbytes: 16, type: <class 'numpy.ndarray'>>: 

During handling of the above exception, another exception occurred:

Traceback (most recent call last):
  File "/opt/conda/envs/gdf/lib/python3.10/site-packages/distributed/worker.py", line 2075, in gather_dep
    response = await get_data_from_worker(
  File "/opt/conda/envs/gdf/lib/python3.10/site-packages/distributed/worker.py", line 2878, in get_data_from_worker
    comm = await rpc.connect(worker)
  File "/opt/conda/envs/gdf/lib/python3.10/site-packages/distributed/core.py", line 1539, in connect
    return connect_attempt.result()
  File "/opt/conda/envs/gdf/lib/python3.10/site-packages/distributed/core.py", line 1429, in _connect
    comm = await connect(
  File "/opt/conda/envs/gdf/lib/python3.10/site-packages/distributed/comm/core.py", line 377, in connect
    handshake = await comm.read()
  File "/opt/conda/envs/gdf/lib/python3.10/site-packages/distributed/utils.py", line 805, in wrapper
    return await func(*args, **kwargs)
  File "/opt/conda/envs/gdf/lib/python3.10/site-packages/distributed/comm/ucx.py", line 369, in read
    raise CommClosedError(
distributed.comm.core.CommClosedError: Connection closed by writer.
Inner exception: UCXCanceled("<[Recv #000] ep: 0x7f85583c0140, tag: 0xa4909af72f02619a, nbytes: 16, type: <class 'numpy.ndarray'>>: ")
2025-01-02 07:43:15,238 - distributed.worker - ERROR - Worker stream died during communication: ucx://127.0.0.1:55703
Traceback (most recent call last):
  File "/opt/conda/envs/gdf/lib/python3.10/site-packages/distributed/comm/ucx.py", line 351, in read
    await self.ep.recv(msg)
  File "/opt/conda/envs/gdf/lib/python3.10/site-packages/ucp/core.py", line 737, in recv
    ret = await comm.tag_recv(self._ep, buffer, nbytes, tag, name=log)
ucp._libs.exceptions.UCXCanceled: <[Recv #003] ep: 0x7f5fc239e180, tag: 0x3a0f0cacf06401ec, nbytes: 16, type: <class 'numpy.ndarray'>>: 

During handling of the above exception, another exception occurred:

Traceback (most recent call last):
  File "/opt/conda/envs/gdf/lib/python3.10/site-packages/distributed/worker.py", line 2075, in gather_dep
    response = await get_data_from_worker(
  File "/opt/conda/envs/gdf/lib/python3.10/site-packages/distributed/worker.py", line 2881, in get_data_from_worker
    response = await send_recv(
  File "/opt/conda/envs/gdf/lib/python3.10/site-packages/distributed/core.py", line 1018, in send_recv
    response = await comm.read(deserializers=deserializers)
  File "/opt/conda/envs/gdf/lib/python3.10/site-packages/distributed/utils.py", line 805, in wrapper
    return await func(*args, **kwargs)
  File "/opt/conda/envs/gdf/lib/python3.10/site-packages/distributed/comm/ucx.py", line 369, in read
    raise CommClosedError(
distributed.comm.core.CommClosedError: Connection closed by writer.
Inner exception: UCXCanceled("<[Recv #003] ep: 0x7f5fc239e180, tag: 0x3a0f0cacf06401ec, nbytes: 16, type: <class 'numpy.ndarray'>>: ")
2025-01-02 07:43:15,241 - distributed.scheduler - WARNING - Removing worker 'ucx://127.0.0.1:52073' caused the cluster to lose already computed task(s), which will be recomputed elsewhere: {('random_sample-7b6a94974ee37b9479518fe6a26a0232', 1, 8), ('random_sample-7b6a94974ee37b9479518fe6a26a0232', 0, 0), ('random_sample-7b6a94974ee37b9479518fe6a26a0232', 6, 0), ('sum-eb542abedda62aae121316fd62743162', 6, 6), ('sum-eb542abedda62aae121316fd62743162', 3, 3), ('random_sample-7b6a94974ee37b9479518fe6a26a0232', 0, 3), ('sum-eb542abedda62aae121316fd62743162', 0, 0), ('random_sample-7b6a94974ee37b9479518fe6a26a0232', 4, 2), ('random_sample-7b6a94974ee37b9479518fe6a26a0232', 8, 6), ('random_sample-7b6a94974ee37b9479518fe6a26a0232', 6, 6), ('random_sample-7b6a94974ee37b9479518fe6a26a0232', 3, 6), ('random_sample-7b6a94974ee37b9479518fe6a26a0232', 3, 3), ('random_sample-7b6a94974ee37b9479518fe6a26a0232', 4, 8), ('random_sample-7b6a94974ee37b9479518fe6a26a0232', 6, 5)} (stimulus_id='handle-worker-cleanup-1735803795.2409225')
2025-01-02 07:43:15,246 - distributed.worker - ERROR - Worker stream died during communication: ucx://127.0.0.1:42989
Traceback (most recent call last):
  File "/opt/conda/envs/gdf/lib/python3.10/site-packages/distributed/comm/ucx.py", line 351, in read
    await self.ep.recv(msg)
  File "/opt/conda/envs/gdf/lib/python3.10/site-packages/ucp/core.py", line 737, in recv
    ret = await comm.tag_recv(self._ep, buffer, nbytes, tag, name=log)
ucp._libs.exceptions.UCXCanceled: <[Recv #003] ep: 0x7f85583c0180, tag: 0xb19626439bf0e720, nbytes: 16, type: <class 'numpy.ndarray'>>: 

During handling of the above exception, another exception occurred:

Traceback (most recent call last):
  File "/opt/conda/envs/gdf/lib/python3.10/site-packages/distributed/worker.py", line 2075, in gather_dep
    response = await get_data_from_worker(
  File "/opt/conda/envs/gdf/lib/python3.10/site-packages/distributed/worker.py", line 2881, in get_data_from_worker
    response = await send_recv(
  File "/opt/conda/envs/gdf/lib/python3.10/site-packages/distributed/core.py", line 1018, in send_recv
    response = await comm.read(deserializers=deserializers)
  File "/opt/conda/envs/gdf/lib/python3.10/site-packages/distributed/utils.py", line 805, in wrapper
    return await func(*args, **kwargs)
  File "/opt/conda/envs/gdf/lib/python3.10/site-packages/distributed/comm/ucx.py", line 369, in read
    raise CommClosedError(
distributed.comm.core.CommClosedError: Connection closed by writer.
Inner exception: UCXCanceled("<[Recv #003] ep: 0x7f85583c0180, tag: 0xb19626439bf0e720, nbytes: 16, type: <class 'numpy.ndarray'>>: ")
2025-01-02 07:43:15,248 - distributed.scheduler - WARNING - Removing worker 'ucx://127.0.0.1:42989' caused the cluster to lose already computed task(s), which will be recomputed elsewhere: {('random_sample-7b6a94974ee37b9479518fe6a26a0232', 9, 1), ('random_sample-7b6a94974ee37b9479518fe6a26a0232', 6, 8), ('random_sample-7b6a94974ee37b9479518fe6a26a0232', 0, 2), ('random_sample-7b6a94974ee37b9479518fe6a26a0232', 5, 2), ('random_sample-7b6a94974ee37b9479518fe6a26a0232', 2, 8), ('random_sample-7b6a94974ee37b9479518fe6a26a0232', 9, 9), ('sum-eb542abedda62aae121316fd62743162', 9, 9), ('random_sample-7b6a94974ee37b9479518fe6a26a0232', 4, 5), ('random_sample-7b6a94974ee37b9479518fe6a26a0232', 3, 0), ('random_sample-7b6a94974ee37b9479518fe6a26a0232', 1, 7), ('random_sample-7b6a94974ee37b9479518fe6a26a0232', 8, 3), ('random_sample-7b6a94974ee37b9479518fe6a26a0232', 5, 6), ('random_sample-7b6a94974ee37b9479518fe6a26a0232', 1, 6)} (stimulus_id='handle-worker-cleanup-1735803795.2478385')
Task exception was never retrieved
future: <Task finished name='Task-1512' coro=<_listener_handler_coroutine() done, defined at /opt/conda/envs/gdf/lib/python3.10/site-packages/ucp/core.py:140> exception=UCXError('<stream_send>: Connection reset by remote peer')>
Traceback (most recent call last):
  File "/opt/conda/envs/gdf/lib/python3.10/site-packages/ucp/core.py", line 155, in _listener_handler_coroutine
    peer_info = await exchange_peer_info(
  File "/opt/conda/envs/gdf/lib/python3.10/site-packages/ucp/core.py", line 51, in exchange_peer_info
    await asyncio.wait_for(
  File "/opt/conda/envs/gdf/lib/python3.10/asyncio/tasks.py", line 445, in wait_for
    return fut.result()
ucp._libs.exceptions.UCXError: <stream_send>: Connection reset by remote peer
2025-01-02 07:43:15,257 - distributed.worker - ERROR - Worker stream died during communication: ucx://127.0.0.1:46677
Traceback (most recent call last):
  File "/opt/conda/envs/gdf/lib/python3.10/site-packages/distributed/comm/ucx.py", line 351, in read
    await self.ep.recv(msg)
  File "/opt/conda/envs/gdf/lib/python3.10/site-packages/ucp/core.py", line 737, in recv
    ret = await comm.tag_recv(self._ep, buffer, nbytes, tag, name=log)
ucp._libs.exceptions.UCXCanceled: <[Recv #008] ep: 0x7f5fc239e100, tag: 0xb67f775a30df8ffc, nbytes: 16, type: <class 'numpy.ndarray'>>: 

During handling of the above exception, another exception occurred:

Traceback (most recent call last):
  File "/opt/conda/envs/gdf/lib/python3.10/site-packages/distributed/worker.py", line 2075, in gather_dep
    response = await get_data_from_worker(
  File "/opt/conda/envs/gdf/lib/python3.10/site-packages/distributed/worker.py", line 2881, in get_data_from_worker
    response = await send_recv(
  File "/opt/conda/envs/gdf/lib/python3.10/site-packages/distributed/core.py", line 1018, in send_recv
    response = await comm.read(deserializers=deserializers)
  File "/opt/conda/envs/gdf/lib/python3.10/site-packages/distributed/utils.py", line 805, in wrapper
    return await func(*args, **kwargs)
  File "/opt/conda/envs/gdf/lib/python3.10/site-packages/distributed/comm/ucx.py", line 369, in read
    raise CommClosedError(
distributed.comm.core.CommClosedError: Connection closed by writer.
Inner exception: UCXCanceled("<[Recv #008] ep: 0x7f5fc239e100, tag: 0xb67f775a30df8ffc, nbytes: 16, type: <class 'numpy.ndarray'>>: ")
2025-01-02 07:43:15,260 - distributed.worker - ERROR - failed during get data with ucx://127.0.0.1:41983 -> ucx://127.0.0.1:46677
Traceback (most recent call last):
  File "/opt/conda/envs/gdf/lib/python3.10/site-packages/distributed/comm/ucx.py", line 335, in write
    await self.ep.send(each_frame)
  File "/opt/conda/envs/gdf/lib/python3.10/site-packages/ucp/core.py", line 662, in send
    return await comm.tag_send(self._ep, buffer, nbytes, tag, name=log)
ucp._libs.exceptions.UCXError: <[Send #007] ep: 0x7f85583c02c0, tag: 0xf00a777ab940dcf8, nbytes: 50000000, type: <class 'cupy.ndarray'>>: Connection reset by remote peer

During handling of the above exception, another exception occurred:

Traceback (most recent call last):
  File "/opt/conda/envs/gdf/lib/python3.10/site-packages/distributed/worker.py", line 1796, in get_data
    compressed = await comm.write(msg, serializers=serializers)
  File "/opt/conda/envs/gdf/lib/python3.10/site-packages/distributed/utils.py", line 805, in wrapper
    return await func(*args, **kwargs)
  File "/opt/conda/envs/gdf/lib/python3.10/site-packages/distributed/comm/ucx.py", line 339, in write
    raise CommClosedError("While writing, the connection was closed")
distributed.comm.core.CommClosedError: While writing, the connection was closed
2025-01-02 07:43:15,261 - distributed.worker - ERROR - failed during get data with ucx://127.0.0.1:41983 -> ucx://127.0.0.1:52073
Traceback (most recent call last):
  File "/opt/conda/envs/gdf/lib/python3.10/site-packages/distributed/comm/ucx.py", line 335, in write
    await self.ep.send(each_frame)
  File "/opt/conda/envs/gdf/lib/python3.10/site-packages/ucp/core.py", line 662, in send
    return await comm.tag_send(self._ep, buffer, nbytes, tag, name=log)
ucp._libs.exceptions.UCXError: <[Send #007] ep: 0x7f85583c0280, tag: 0x3cf13623a9d4f205, nbytes: 50000000, type: <class 'cupy.ndarray'>>: Connection reset by remote peer

During handling of the above exception, another exception occurred:

Traceback (most recent call last):
  File "/opt/conda/envs/gdf/lib/python3.10/site-packages/distributed/worker.py", line 1796, in get_data
    compressed = await comm.write(msg, serializers=serializers)
  File "/opt/conda/envs/gdf/lib/python3.10/site-packages/distributed/utils.py", line 805, in wrapper
    return await func(*args, **kwargs)
  File "/opt/conda/envs/gdf/lib/python3.10/site-packages/distributed/comm/ucx.py", line 339, in write
    raise CommClosedError("While writing, the connection was closed")
distributed.comm.core.CommClosedError: While writing, the connection was closed
2025-01-02 07:43:15,261 - distributed.worker - ERROR - failed during get data with ucx://127.0.0.1:41983 -> ucx://127.0.0.1:42989
Traceback (most recent call last):
  File "/opt/conda/envs/gdf/lib/python3.10/site-packages/distributed/comm/ucx.py", line 335, in write
    await self.ep.send(each_frame)
  File "/opt/conda/envs/gdf/lib/python3.10/site-packages/ucp/core.py", line 662, in send
    return await comm.tag_send(self._ep, buffer, nbytes, tag, name=log)
ucp._libs.exceptions.UCXError: <[Send #007] ep: 0x7f85583c0100, tag: 0x7e054329a4522ef3, nbytes: 50000000, type: <class 'cupy.ndarray'>>: Connection reset by remote peer

During handling of the above exception, another exception occurred:

Traceback (most recent call last):
  File "/opt/conda/envs/gdf/lib/python3.10/site-packages/distributed/worker.py", line 1796, in get_data
    compressed = await comm.write(msg, serializers=serializers)
  File "/opt/conda/envs/gdf/lib/python3.10/site-packages/distributed/utils.py", line 805, in wrapper
    return await func(*args, **kwargs)
  File "/opt/conda/envs/gdf/lib/python3.10/site-packages/distributed/comm/ucx.py", line 339, in write
    raise CommClosedError("While writing, the connection was closed")
distributed.comm.core.CommClosedError: While writing, the connection was closed
2025-01-02 07:43:15,273 - distributed.scheduler - WARNING - Removing worker 'ucx://127.0.0.1:46677' caused the cluster to lose already computed task(s), which will be recomputed elsewhere: {('random_sample-7b6a94974ee37b9479518fe6a26a0232', 3, 2), ('random_sample-7b6a94974ee37b9479518fe6a26a0232', 7, 6), ('random_sample-7b6a94974ee37b9479518fe6a26a0232', 9, 7), ('random_sample-7b6a94974ee37b9479518fe6a26a0232', 3, 5), ('random_sample-7b6a94974ee37b9479518fe6a26a0232', 0, 7), ('random_sample-7b6a94974ee37b9479518fe6a26a0232', 8, 1), ('random_sample-7b6a94974ee37b9479518fe6a26a0232', 5, 8), ('random_sample-7b6a94974ee37b9479518fe6a26a0232', 2, 0), ('random_sample-7b6a94974ee37b9479518fe6a26a0232', 0, 5), ('sum-eb542abedda62aae121316fd62743162', 5, 3), ('sum-eb542abedda62aae121316fd62743162', 4, 6), ('random_sample-7b6a94974ee37b9479518fe6a26a0232', 8, 9), ('sum-eb542abedda62aae121316fd62743162', 3, 5), ('random_sample-7b6a94974ee37b9479518fe6a26a0232', 7, 2), ('random_sample-7b6a94974ee37b9479518fe6a26a0232', 5, 3)} (stimulus_id='handle-worker-cleanup-1735803795.2730362')
2025-01-02 07:43:15,407 - distributed.nanny - WARNING - Restarting worker
2025-01-02 07:43:15,460 - distributed.nanny - WARNING - Restarting worker
2025-01-02 07:43:15,470 - distributed.nanny - WARNING - Restarting worker
2025-01-02 07:43:15,472 - distributed.nanny - WARNING - Restarting worker
2025-01-02 07:43:15,476 - distributed.nanny - WARNING - Restarting worker
[dgx13:75038:0:75038] Caught signal 11 (Segmentation fault: address not mapped to object at address 0x450)
==== backtrace (tid:  75038) ====
 0  /opt/conda/envs/gdf/lib/libucs.so.0(ucs_handle_error+0x2fd) [0x7f49012c4c1d]
 1  /opt/conda/envs/gdf/lib/libucs.so.0(+0x2de11) [0x7f49012c4e11]
 2  /opt/conda/envs/gdf/lib/libucs.so.0(+0x2dfda) [0x7f49012c4fda]
 3  /usr/lib/x86_64-linux-gnu/libpthread.so.0(+0x14420) [0x7f4949a1f420]
 4  /opt/conda/envs/gdf/lib/libucp.so.0(ucp_mem_type_unpack+0x14) [0x7f49013482d4]
 5  /opt/conda/envs/gdf/lib/libucp.so.0(ucp_rndv_data_handler+0x605) [0x7f4901372495]
 6  /opt/conda/envs/gdf/lib/./libuct.so.0(+0x21a06) [0x7f490127ba06]
 7  /opt/conda/envs/gdf/lib/./libuct.so.0(+0x24ae8) [0x7f490127eae8]
 8  /opt/conda/envs/gdf/lib/libucs.so.0(ucs_event_set_wait+0xb1) [0x7f49012ce411]
 9  /opt/conda/envs/gdf/lib/./libuct.so.0(uct_tcp_iface_progress+0x7d) [0x7f490127dbbd]
10  /opt/conda/envs/gdf/lib/libucp.so.0(ucp_worker_progress+0x5a) [0x7f4901344f1a]
11  /opt/conda/envs/gdf/lib/python3.10/site-packages/ucp/_libs/ucx_api.cpython-310-x86_64-linux-gnu.so(+0x31d7a) [0x7f4901404d7a]
12  /opt/conda/envs/gdf/bin/python(_PyEval_EvalFrameDefault+0x2c3e) [0x55b00b2416de]
13  /opt/conda/envs/gdf/bin/python(_PyFunction_Vectorcall+0x6c) [0x55b00b24eb7c]
14  /opt/conda/envs/gdf/bin/python(_PyEval_EvalFrameDefault+0x6fd) [0x55b00b23f19d]
15  /opt/conda/envs/gdf/bin/python(+0x1d62c9) [0x55b00b2e92c9]
16  /opt/conda/envs/gdf/lib/python3.10/lib-dynload/_asyncio.cpython-310-x86_64-linux-gnu.so(+0x7782) [0x7f4929a46782]
17  /opt/conda/envs/gdf/bin/python(_PyObject_MakeTpCall+0x2d3) [0x55b00b247a03]
18  /opt/conda/envs/gdf/bin/python(+0xf745f) [0x55b00b20a45f]
19  /opt/conda/envs/gdf/bin/python(+0x1331b3) [0x55b00b2461b3]
20  /opt/conda/envs/gdf/bin/python(_PyEval_EvalFrameDefault+0x593b) [0x55b00b2443db]
21  /opt/conda/envs/gdf/bin/python(_PyFunction_Vectorcall+0x6c) [0x55b00b24eb7c]
22  /opt/conda/envs/gdf/bin/python(_PyEval_EvalFrameDefault+0x6fd) [0x55b00b23f19d]
23  /opt/conda/envs/gdf/bin/python(_PyFunction_Vectorcall+0x6c) [0x55b00b24eb7c]
24  /opt/conda/envs/gdf/bin/python(_PyEval_EvalFrameDefault+0x6fd) [0x55b00b23f19d]
25  /opt/conda/envs/gdf/bin/python(_PyFunction_Vectorcall+0x6c) [0x55b00b24eb7c]
26  /opt/conda/envs/gdf/bin/python(_PyEval_EvalFrameDefault+0x6fd) [0x55b00b23f19d]
27  /opt/conda/envs/gdf/bin/python(_PyFunction_Vectorcall+0x6c) [0x55b00b24eb7c]
28  /opt/conda/envs/gdf/bin/python(_PyEval_EvalFrameDefault+0x6fd) [0x55b00b23f19d]
29  /opt/conda/envs/gdf/bin/python(_PyFunction_Vectorcall+0x6c) [0x55b00b24eb7c]
30  /opt/conda/envs/gdf/bin/python(_PyEval_EvalFrameDefault+0x1341) [0x55b00b23fde1]
31  /opt/conda/envs/gdf/bin/python(+0x146fb2) [0x55b00b259fb2]
32  /opt/conda/envs/gdf/bin/python(PyObject_Call+0xbc) [0x55b00b25a94c]
33  /opt/conda/envs/gdf/bin/python(+0x1ff72d) [0x55b00b31272d]
34  /opt/conda/envs/gdf/bin/python(_PyObject_MakeTpCall+0x2d3) [0x55b00b247a03]
35  /opt/conda/envs/gdf/bin/python(_PyEval_EvalFrameDefault+0x2c3e) [0x55b00b2416de]
36  /opt/conda/envs/gdf/bin/python(+0x147108) [0x55b00b25a108]
37  /opt/conda/envs/gdf/bin/python(_PyEval_EvalFrameDefault+0x2c3e) [0x55b00b2416de]
38  /opt/conda/envs/gdf/bin/python(_PyFunction_Vectorcall+0x6c) [0x55b00b24eb7c]
39  /opt/conda/envs/gdf/bin/python(_PyEval_EvalFrameDefault+0x6fd) [0x55b00b23f19d]
40  /opt/conda/envs/gdf/bin/python(_PyFunction_Vectorcall+0x6c) [0x55b00b24eb7c]
41  /opt/conda/envs/gdf/bin/python(_PyEval_EvalFrameDefault+0x6fd) [0x55b00b23f19d]
42  /opt/conda/envs/gdf/bin/python(_PyFunction_Vectorcall+0x6c) [0x55b00b24eb7c]
43  /opt/conda/envs/gdf/bin/python(_PyEval_EvalFrameDefault+0x309) [0x55b00b23eda9]
44  /opt/conda/envs/gdf/bin/python(_PyFunction_Vectorcall+0x6c) [0x55b00b24eb7c]
45  /opt/conda/envs/gdf/bin/python(_PyEval_EvalFrameDefault+0x1341) [0x55b00b23fde1]
46  /opt/conda/envs/gdf/bin/python(+0x1cca8c) [0x55b00b2dfa8c]
47  /opt/conda/envs/gdf/bin/python(PyEval_EvalCode+0x87) [0x55b00b2df9d7]
48  /opt/conda/envs/gdf/bin/python(+0x1fceba) [0x55b00b30feba]
49  /opt/conda/envs/gdf/bin/python(+0x1f8343) [0x55b00b30b343]
50  /opt/conda/envs/gdf/bin/python(PyRun_StringFlags+0x7d) [0x55b00b303add]
51  /opt/conda/envs/gdf/bin/python(PyRun_SimpleStringFlags+0x3c) [0x55b00b30391c]
52  /opt/conda/envs/gdf/bin/python(Py_RunMain+0x3ba) [0x55b00b302b1a]
53  /opt/conda/envs/gdf/bin/python(Py_BytesMain+0x37) [0x55b00b2d3117]
54  /usr/lib/x86_64-linux-gnu/libc.so.6(__libc_start_main+0xf3) [0x7f49496e3083]
55  /opt/conda/envs/gdf/bin/python(+0x1c002e) [0x55b00b2d302e]
=================================
[dgx13:75033:0:75033] Caught signal 11 (Segmentation fault: address not mapped to object at address 0x450)
==== backtrace (tid:  75033) ====
 0  /opt/conda/envs/gdf/lib/libucs.so.0(ucs_handle_error+0x2fd) [0x7f0c54540c1d]
 1  /opt/conda/envs/gdf/lib/libucs.so.0(+0x2de11) [0x7f0c54540e11]
 2  /opt/conda/envs/gdf/lib/libucs.so.0(+0x2dfda) [0x7f0c54540fda]
 3  /usr/lib/x86_64-linux-gnu/libpthread.so.0(+0x14420) [0x7f0c98b94420]
 4  /opt/conda/envs/gdf/lib/libucp.so.0(ucp_mem_type_unpack+0x14) [0x7f0c545c42d4]
 5  /opt/conda/envs/gdf/lib/libucp.so.0(ucp_rndv_data_handler+0x605) [0x7f0c545ee495]
 6  /opt/conda/envs/gdf/lib/./libuct.so.0(+0x21a06) [0x7f0c544f7a06]
 7  /opt/conda/envs/gdf/lib/./libuct.so.0(+0x24ae8) [0x7f0c544faae8]
 8  /opt/conda/envs/gdf/lib/libucs.so.0(ucs_event_set_wait+0xb1) [0x7f0c5454a411]
 9  /opt/conda/envs/gdf/lib/./libuct.so.0(uct_tcp_iface_progress+0x7d) [0x7f0c544f9bbd]
10  /opt/conda/envs/gdf/lib/libucp.so.0(ucp_worker_progress+0x5a) [0x7f0c545c0f1a]
11  /opt/conda/envs/gdf/lib/python3.10/site-packages/ucp/_libs/ucx_api.cpython-310-x86_64-linux-gnu.so(+0x31d7a) [0x7f0c54680d7a]
12  /opt/conda/envs/gdf/bin/python(_PyEval_EvalFrameDefault+0x2c3e) [0x55bb1fc876de]
13  /opt/conda/envs/gdf/bin/python(_PyFunction_Vectorcall+0x6c) [0x55bb1fc94b7c]
14  /opt/conda/envs/gdf/bin/python(_PyEval_EvalFrameDefault+0x6fd) [0x55bb1fc8519d]
15  /opt/conda/envs/gdf/bin/python(+0x1d62c9) [0x55bb1fd2f2c9]
16  /opt/conda/envs/gdf/lib/python3.10/lib-dynload/_asyncio.cpython-310-x86_64-linux-gnu.so(+0x7782) [0x7f0c78bb4782]
17  /opt/conda/envs/gdf/bin/python(_PyObject_MakeTpCall+0x2d3) [0x55bb1fc8da03]
18  /opt/conda/envs/gdf/bin/python(+0xf745f) [0x55bb1fc5045f]
19  /opt/conda/envs/gdf/bin/python(+0x1331b3) [0x55bb1fc8c1b3]
20  /opt/conda/envs/gdf/bin/python(_PyEval_EvalFrameDefault+0x593b) [0x55bb1fc8a3db]
21  /opt/conda/envs/gdf/bin/python(_PyFunction_Vectorcall+0x6c) [0x55bb1fc94b7c]
22  /opt/conda/envs/gdf/bin/python(_PyEval_EvalFrameDefault+0x6fd) [0x55bb1fc8519d]
23  /opt/conda/envs/gdf/bin/python(_PyFunction_Vectorcall+0x6c) [0x55bb1fc94b7c]
24  /opt/conda/envs/gdf/bin/python(_PyEval_EvalFrameDefault+0x6fd) [0x55bb1fc8519d]
25  /opt/conda/envs/gdf/bin/python(_PyFunction_Vectorcall+0x6c) [0x55bb1fc94b7c]
26  /opt/conda/envs/gdf/bin/python(_PyEval_EvalFrameDefault+0x6fd) [0x55bb1fc8519d]
27  /opt/conda/envs/gdf/bin/python(_PyFunction_Vectorcall+0x6c) [0x55bb1fc94b7c]
28  /opt/conda/envs/gdf/bin/python(_PyEval_EvalFrameDefault+0x6fd) [0x55bb1fc8519d]
29  /opt/conda/envs/gdf/bin/python(_PyFunction_Vectorcall+0x6c) [0x55bb1fc94b7c]
30  /opt/conda/envs/gdf/bin/python(_PyEval_EvalFrameDefault+0x1341) [0x55bb1fc85de1]
31  /opt/conda/envs/gdf/bin/python(+0x146fb2) [0x55bb1fc9ffb2]
32  /opt/conda/envs/gdf/bin/python(PyObject_Call+0xbc) [0x55bb1fca094c]
33  /opt/conda/envs/gdf/bin/python(+0x1ff72d) [0x55bb1fd5872d]
34  /opt/conda/envs/gdf/bin/python(_PyObject_MakeTpCall+0x2d3) [0x55bb1fc8da03]
35  /opt/conda/envs/gdf/bin/python(_PyEval_EvalFrameDefault+0x2c3e) [0x55bb1fc876de]
36  /opt/conda/envs/gdf/bin/python(+0x147108) [0x55bb1fca0108]
37  /opt/conda/envs/gdf/bin/python(_PyEval_EvalFrameDefault+0x2c3e) [0x55bb1fc876de]
38  /opt/conda/envs/gdf/bin/python(_PyFunction_Vectorcall+0x6c) [0x55bb1fc94b7c]
39  /opt/conda/envs/gdf/bin/python(_PyEval_EvalFrameDefault+0x6fd) [0x55bb1fc8519d]
40  /opt/conda/envs/gdf/bin/python(_PyFunction_Vectorcall+0x6c) [0x55bb1fc94b7c]
41  /opt/conda/envs/gdf/bin/python(_PyEval_EvalFrameDefault+0x6fd) [0x55bb1fc8519d]
42  /opt/conda/envs/gdf/bin/python(_PyFunction_Vectorcall+0x6c) [0x55bb1fc94b7c]
43  /opt/conda/envs/gdf/bin/python(_PyEval_EvalFrameDefault+0x309) [0x55bb1fc84da9]
44  /opt/conda/envs/gdf/bin/python(_PyFunction_Vectorcall+0x6c) [0x55bb1fc94b7c]
45  /opt/conda/envs/gdf/bin/python(_PyEval_EvalFrameDefault+0x1341) [0x55bb1fc85de1]
46  /opt/conda/envs/gdf/bin/python(+0x1cca8c) [0x55bb1fd25a8c]
47  /opt/conda/envs/gdf/bin/python(PyEval_EvalCode+0x87) [0x55bb1fd259d7]
48  /opt/conda/envs/gdf/bin/python(+0x1fceba) [0x55bb1fd55eba]
49  /opt/conda/envs/gdf/bin/python(+0x1f8343) [0x55bb1fd51343]
50  /opt/conda/envs/gdf/bin/python(PyRun_StringFlags+0x7d) [0x55bb1fd49add]
51  /opt/conda/envs/gdf/bin/python(PyRun_SimpleStringFlags+0x3c) [0x55bb1fd4991c]
52  /opt/conda/envs/gdf/bin/python(Py_RunMain+0x3ba) [0x55bb1fd48b1a]
53  /opt/conda/envs/gdf/bin/python(Py_BytesMain+0x37) [0x55bb1fd19117]
54  /usr/lib/x86_64-linux-gnu/libc.so.6(__libc_start_main+0xf3) [0x7f0c98858083]
55  /opt/conda/envs/gdf/bin/python(+0x1c002e) [0x55bb1fd1902e]
=================================
[dgx13:75054:0:75054] Caught signal 11 (Segmentation fault: address not mapped to object at address 0x450)
==== backtrace (tid:  75054) ====
 0  /opt/conda/envs/gdf/lib/libucs.so.0(ucs_handle_error+0x2fd) [0x7f27b813ac1d]
 1  /opt/conda/envs/gdf/lib/libucs.so.0(+0x2de11) [0x7f27b813ae11]
 2  /opt/conda/envs/gdf/lib/libucs.so.0(+0x2dfda) [0x7f27b813afda]
 3  /usr/lib/x86_64-linux-gnu/libpthread.so.0(+0x14420) [0x7f27ee879420]
 4  /opt/conda/envs/gdf/lib/libucp.so.0(ucp_mem_type_unpack+0x14) [0x7f27b81be2d4]
 5  /opt/conda/envs/gdf/lib/libucp.so.0(ucp_rndv_data_handler+0x605) [0x7f27b81e8495]
 6  /opt/conda/envs/gdf/lib/./libuct.so.0(+0x21a06) [0x7f27b80f1a06]
 7  /opt/conda/envs/gdf/lib/./libuct.so.0(+0x24ae8) [0x7f27b80f4ae8]
 8  /opt/conda/envs/gdf/lib/libucs.so.0(ucs_event_set_wait+0xb1) [0x7f27b8144411]
 9  /opt/conda/envs/gdf/lib/./libuct.so.0(uct_tcp_iface_progress+0x7d) [0x7f27b80f3bbd]
10  /opt/conda/envs/gdf/lib/libucp.so.0(ucp_worker_progress+0x5a) [0x7f27b81baf1a]
11  /opt/conda/envs/gdf/lib/python3.10/site-packages/ucp/_libs/ucx_api.cpython-310-x86_64-linux-gnu.so(+0x31d7a) [0x7f27b827ad7a]
12  /opt/conda/envs/gdf/bin/python(_PyEval_EvalFrameDefault+0x2c3e) [0x55b34ff446de]
13  /opt/conda/envs/gdf/bin/python(_PyFunction_Vectorcall+0x6c) [0x55b34ff51b7c]
14  /opt/conda/envs/gdf/bin/python(_PyEval_EvalFrameDefault+0x6fd) [0x55b34ff4219d]
15  /opt/conda/envs/gdf/bin/python(+0x147234) [0x55b34ff5d234]
16  /opt/conda/envs/gdf/bin/python(+0x252f7c) [0x55b350068f7c]
17  /opt/conda/envs/gdf/bin/python(+0xf745f) [0x55b34ff0d45f]
18  /opt/conda/envs/gdf/bin/python(+0x1331b3) [0x55b34ff491b3]
19  /opt/conda/envs/gdf/bin/python(_PyEval_EvalFrameDefault+0x593b) [0x55b34ff473db]
20  /opt/conda/envs/gdf/bin/python(_PyFunction_Vectorcall+0x6c) [0x55b34ff51b7c]
21  /opt/conda/envs/gdf/bin/python(_PyEval_EvalFrameDefault+0x6fd) [0x55b34ff4219d]
22  /opt/conda/envs/gdf/bin/python(_PyFunction_Vectorcall+0x6c) [0x55b34ff51b7c]
23  /opt/conda/envs/gdf/bin/python(_PyEval_EvalFrameDefault+0x6fd) [0x55b34ff4219d]
24  /opt/conda/envs/gdf/bin/python(_PyFunction_Vectorcall+0x6c) [0x55b34ff51b7c]
25  /opt/conda/envs/gdf/bin/python(_PyEval_EvalFrameDefault+0x6fd) [0x55b34ff4219d]
26  /opt/conda/envs/gdf/bin/python(_PyFunction_Vectorcall+0x6c) [0x55b34ff51b7c]
27  /opt/conda/envs/gdf/bin/python(_PyEval_EvalFrameDefault+0x6fd) [0x55b34ff4219d]
28  /opt/conda/envs/gdf/bin/python(_PyFunction_Vectorcall+0x6c) [0x55b34ff51b7c]
29  /opt/conda/envs/gdf/bin/python(_PyEval_EvalFrameDefault+0x1341) [0x55b34ff42de1]
30  /opt/conda/envs/gdf/bin/python(+0x146fb2) [0x55b34ff5cfb2]
31  /opt/conda/envs/gdf/bin/python(PyObject_Call+0xbc) [0x55b34ff5d94c]
32  /opt/conda/envs/gdf/bin/python(+0x1ff72d) [0x55b35001572d]
33  /opt/conda/envs/gdf/bin/python(_PyObject_MakeTpCall+0x2d3) [0x55b34ff4aa03]
34  /opt/conda/envs/gdf/bin/python(_PyEval_EvalFrameDefault+0x2c3e) [0x55b34ff446de]
35  /opt/conda/envs/gdf/bin/python(+0x147108) [0x55b34ff5d108]
36  /opt/conda/envs/gdf/bin/python(_PyEval_EvalFrameDefault+0x2c3e) [0x55b34ff446de]
37  /opt/conda/envs/gdf/bin/python(_PyFunction_Vectorcall+0x6c) [0x55b34ff51b7c]
38  /opt/conda/envs/gdf/bin/python(_PyEval_EvalFrameDefault+0x6fd) [0x55b34ff4219d]
39  /opt/conda/envs/gdf/bin/python(_PyFunction_Vectorcall+0x6c) [0x55b34ff51b7c]
40  /opt/conda/envs/gdf/bin/python(_PyEval_EvalFrameDefault+0x6fd) [0x55b34ff4219d]
41  /opt/conda/envs/gdf/bin/python(_PyFunction_Vectorcall+0x6c) [0x55b34ff51b7c]
42  /opt/conda/envs/gdf/bin/python(_PyEval_EvalFrameDefault+0x309) [0x55b34ff41da9]
43  /opt/conda/envs/gdf/bin/python(_PyFunction_Vectorcall+0x6c) [0x55b34ff51b7c]
44  /opt/conda/envs/gdf/bin/python(_PyEval_EvalFrameDefault+0x1341) [0x55b34ff42de1]
45  /opt/conda/envs/gdf/bin/python(+0x1cca8c) [0x55b34ffe2a8c]
46  /opt/conda/envs/gdf/bin/python(PyEval_EvalCode+0x87) [0x55b34ffe29d7]
47  /opt/conda/envs/gdf/bin/python(+0x1fceba) [0x55b350012eba]
48  /opt/conda/envs/gdf/bin/python(+0x1f8343) [0x55b35000e343]
49  /opt/conda/envs/gdf/bin/python(PyRun_StringFlags+0x7d) [0x55b350006add]
50  /opt/conda/envs/gdf/bin/python(PyRun_SimpleStringFlags+0x3c) [0x55b35000691c]
51  /opt/conda/envs/gdf/bin/python(Py_RunMain+0x3ba) [0x55b350005b1a]
52  /opt/conda/envs/gdf/bin/python(Py_BytesMain+0x37) [0x55b34ffd6117]
53  /usr/lib/x86_64-linux-gnu/libc.so.6(__libc_start_main+0xf3) [0x7f27ee53d083]
54  /opt/conda/envs/gdf/bin/python(+0x1c002e) [0x55b34ffd602e]
=================================
2025-01-02 07:43:20,443 - distributed.worker - ERROR - failed during get data with ucx://127.0.0.1:41983 -> ucx://127.0.0.1:46645
Traceback (most recent call last):
  File "/opt/conda/envs/gdf/lib/python3.10/site-packages/distributed/comm/ucx.py", line 335, in write
    await self.ep.send(each_frame)
  File "/opt/conda/envs/gdf/lib/python3.10/site-packages/ucp/core.py", line 662, in send
    return await comm.tag_send(self._ep, buffer, nbytes, tag, name=log)
ucp._libs.exceptions.UCXError: <[Send #012] ep: 0x7f85583c0140, tag: 0x9a681b20073242a9, nbytes: 50000000, type: <class 'cupy.ndarray'>>: Connection reset by remote peer

During handling of the above exception, another exception occurred:

Traceback (most recent call last):
  File "/opt/conda/envs/gdf/lib/python3.10/site-packages/distributed/worker.py", line 1796, in get_data
    compressed = await comm.write(msg, serializers=serializers)
  File "/opt/conda/envs/gdf/lib/python3.10/site-packages/distributed/utils.py", line 805, in wrapper
    return await func(*args, **kwargs)
  File "/opt/conda/envs/gdf/lib/python3.10/site-packages/distributed/comm/ucx.py", line 339, in write
    raise CommClosedError("While writing, the connection was closed")
distributed.comm.core.CommClosedError: While writing, the connection was closed
2025-01-02 07:43:20,443 - distributed.scheduler - WARNING - Removing worker 'ucx://127.0.0.1:46645' caused the cluster to lose already computed task(s), which will be recomputed elsewhere: {('random_sample-7b6a94974ee37b9479518fe6a26a0232', 4, 1), ('random_sample-7b6a94974ee37b9479518fe6a26a0232', 8, 8), ('sum-partial-fad62aaa2f6b5cfc42967a77acc57a95', 1, 1), ('random_sample-7b6a94974ee37b9479518fe6a26a0232', 4, 2), ('random_sample-7b6a94974ee37b9479518fe6a26a0232', 8, 9), ('random_sample-7b6a94974ee37b9479518fe6a26a0232', 3, 9)} (stimulus_id='handle-worker-cleanup-1735803800.4436953')
2025-01-02 07:43:20,443 - distributed.worker - ERROR - Worker stream died during communication: ucx://127.0.0.1:57893
Traceback (most recent call last):
  File "/opt/conda/envs/gdf/lib/python3.10/site-packages/distributed/comm/ucx.py", line 393, in read
    await self.ep.recv(each_frame)
  File "/opt/conda/envs/gdf/lib/python3.10/site-packages/ucp/core.py", line 737, in recv
    ret = await comm.tag_recv(self._ep, buffer, nbytes, tag, name=log)
ucp._libs.exceptions.UCXError: <[Recv #007] ep: 0x7fcce87ae0c0, tag: 0x5e8a75a55358b817, nbytes: 50000000, type: <class 'rmm.pylibrmm.device_buffer.DeviceBuffer'>>: Connection reset by remote peer

During handling of the above exception, another exception occurred:

Traceback (most recent call last):
  File "/opt/conda/envs/gdf/lib/python3.10/site-packages/distributed/worker.py", line 2075, in gather_dep
    response = await get_data_from_worker(
  File "/opt/conda/envs/gdf/lib/python3.10/site-packages/distributed/worker.py", line 2881, in get_data_from_worker
    response = await send_recv(
  File "/opt/conda/envs/gdf/lib/python3.10/site-packages/distributed/core.py", line 1018, in send_recv
    response = await comm.read(deserializers=deserializers)
  File "/opt/conda/envs/gdf/lib/python3.10/site-packages/distributed/utils.py", line 805, in wrapper
    return await func(*args, **kwargs)
  File "/opt/conda/envs/gdf/lib/python3.10/site-packages/distributed/comm/ucx.py", line 399, in read
    raise CommClosedError(
distributed.comm.core.CommClosedError: Connection closed by writer.
Inner exception: UCXError("<[Recv #007] ep: 0x7fcce87ae0c0, tag: 0x5e8a75a55358b817, nbytes: 50000000, type: <class 'rmm.pylibrmm.device_buffer.DeviceBuffer'>>: Connection reset by remote peer")
2025-01-02 07:43:20,444 - distributed.worker - ERROR - Worker stream died during communication: ucx://127.0.0.1:46645
Traceback (most recent call last):
  File "/opt/conda/envs/gdf/lib/python3.10/site-packages/distributed/comm/ucx.py", line 351, in read
    await self.ep.recv(msg)
  File "/opt/conda/envs/gdf/lib/python3.10/site-packages/ucp/core.py", line 737, in recv
    ret = await comm.tag_recv(self._ep, buffer, nbytes, tag, name=log)
ucp._libs.exceptions.UCXCanceled: <[Recv #000] ep: 0x7f85583c0240, tag: 0x7064f3f68fb6161e, nbytes: 16, type: <class 'numpy.ndarray'>>: 

During handling of the above exception, another exception occurred:

Traceback (most recent call last):
  File "/opt/conda/envs/gdf/lib/python3.10/site-packages/distributed/worker.py", line 2075, in gather_dep
    response = await get_data_from_worker(
  File "/opt/conda/envs/gdf/lib/python3.10/site-packages/distributed/worker.py", line 2878, in get_data_from_worker
    comm = await rpc.connect(worker)
  File "/opt/conda/envs/gdf/lib/python3.10/site-packages/distributed/core.py", line 1539, in connect
    return connect_attempt.result()
  File "/opt/conda/envs/gdf/lib/python3.10/site-packages/distributed/core.py", line 1429, in _connect
    comm = await connect(
  File "/opt/conda/envs/gdf/lib/python3.10/site-packages/distributed/comm/core.py", line 377, in connect
    handshake = await comm.read()
  File "/opt/conda/envs/gdf/lib/python3.10/site-packages/distributed/utils.py", line 805, in wrapper
    return await func(*args, **kwargs)
  File "/opt/conda/envs/gdf/lib/python3.10/site-packages/distributed/comm/ucx.py", line 369, in read
    raise CommClosedError(
distributed.comm.core.CommClosedError: Connection closed by writer.
Inner exception: UCXCanceled("<[Recv #000] ep: 0x7f85583c0240, tag: 0x7064f3f68fb6161e, nbytes: 16, type: <class 'numpy.ndarray'>>: ")
2025-01-02 07:43:20,444 - distributed.worker - ERROR - failed during get data with ucx://127.0.0.1:36789 -> ucx://127.0.0.1:57893
Traceback (most recent call last):
  File "/opt/conda/envs/gdf/lib/python3.10/site-packages/distributed/comm/ucx.py", line 335, in write
    await self.ep.send(each_frame)
  File "/opt/conda/envs/gdf/lib/python3.10/site-packages/ucp/core.py", line 662, in send
    return await comm.tag_send(self._ep, buffer, nbytes, tag, name=log)
ucp._libs.exceptions.UCXError: <[Send #007] ep: 0x7fcce87ae100, tag: 0x7c8142587d6d3433, nbytes: 50000000, type: <class 'cupy.ndarray'>>: Connection reset by remote peer

During handling of the above exception, another exception occurred:

Traceback (most recent call last):
  File "/opt/conda/envs/gdf/lib/python3.10/site-packages/distributed/worker.py", line 1796, in get_data
    compressed = await comm.write(msg, serializers=serializers)
  File "/opt/conda/envs/gdf/lib/python3.10/site-packages/distributed/utils.py", line 805, in wrapper
    return await func(*args, **kwargs)
  File "/opt/conda/envs/gdf/lib/python3.10/site-packages/distributed/comm/ucx.py", line 339, in write
    raise CommClosedError("While writing, the connection was closed")
distributed.comm.core.CommClosedError: While writing, the connection was closed
2025-01-02 07:43:20,445 - distributed.scheduler - WARNING - Removing worker 'ucx://127.0.0.1:57893' caused the cluster to lose already computed task(s), which will be recomputed elsewhere: {('sum-eb542abedda62aae121316fd62743162', 8, 4), ('sum-eb542abedda62aae121316fd62743162', 4, 8), ('sum-eb542abedda62aae121316fd62743162', 4, 4), ('random_sample-7b6a94974ee37b9479518fe6a26a0232', 4, 4), ('random_sample-7b6a94974ee37b9479518fe6a26a0232', 8, 4), ('sum-eb542abedda62aae121316fd62743162', 8, 3), ('random_sample-7b6a94974ee37b9479518fe6a26a0232', 5, 4), ('random_sample-7b6a94974ee37b9479518fe6a26a0232', 8, 6), ('random_sample-7b6a94974ee37b9479518fe6a26a0232', 8, 3), ('random_sample-7b6a94974ee37b9479518fe6a26a0232', 4, 8), ('sum-eb542abedda62aae121316fd62743162', 3, 8), ('random_sample-7b6a94974ee37b9479518fe6a26a0232', 8, 2)} (stimulus_id='handle-worker-cleanup-1735803800.4453526')
2025-01-02 07:43:20,453 - distributed.worker - ERROR - Worker stream died during communication: ucx://127.0.0.1:57893
Traceback (most recent call last):
  File "/opt/conda/envs/gdf/lib/python3.10/site-packages/distributed/core.py", line 1429, in _connect
    comm = await connect(
  File "/opt/conda/envs/gdf/lib/python3.10/site-packages/distributed/comm/core.py", line 342, in connect
    comm = await wait_for(
  File "/opt/conda/envs/gdf/lib/python3.10/site-packages/distributed/utils.py", line 1915, in wait_for
    return await asyncio.wait_for(fut, timeout)
  File "/opt/conda/envs/gdf/lib/python3.10/asyncio/tasks.py", line 432, in wait_for
    await waiter
asyncio.exceptions.CancelledError

During handling of the above exception, another exception occurred:

Traceback (most recent call last):
  File "/opt/conda/envs/gdf/lib/python3.10/site-packages/distributed/core.py", line 1539, in connect
    return connect_attempt.result()
asyncio.exceptions.CancelledError

During handling of the above exception, another exception occurred:

Traceback (most recent call last):
  File "/opt/conda/envs/gdf/lib/python3.10/site-packages/distributed/worker.py", line 2075, in gather_dep
    response = await get_data_from_worker(
  File "/opt/conda/envs/gdf/lib/python3.10/site-packages/distributed/worker.py", line 2878, in get_data_from_worker
    comm = await rpc.connect(worker)
  File "/opt/conda/envs/gdf/lib/python3.10/site-packages/distributed/core.py", line 1542, in connect
    raise CommClosedError(reason)
distributed.comm.core.CommClosedError: Address removed.
2025-01-02 07:43:20,497 - distributed.scheduler - WARNING - Removing worker 'ucx://127.0.0.1:39435' caused the cluster to lose already computed task(s), which will be recomputed elsewhere: {('random_sample-7b6a94974ee37b9479518fe6a26a0232', 7, 5), ('random_sample-7b6a94974ee37b9479518fe6a26a0232', 4, 7), ('sum-eb542abedda62aae121316fd62743162', 7, 5), ('sum-eb542abedda62aae121316fd62743162', 5, 7), ('random_sample-7b6a94974ee37b9479518fe6a26a0232', 6, 3), ('sum-eb542abedda62aae121316fd62743162', 5, 6), ('random_sample-7b6a94974ee37b9479518fe6a26a0232', 5, 7), ('sum-eb542abedda62aae121316fd62743162', 6, 5), ('random_sample-7b6a94974ee37b9479518fe6a26a0232', 6, 6), ('random_sample-7b6a94974ee37b9479518fe6a26a0232', 4, 5), ('random_sample-7b6a94974ee37b9479518fe6a26a0232', 5, 0), ('random_sample-7b6a94974ee37b9479518fe6a26a0232', 5, 6), ('random_sample-7b6a94974ee37b9479518fe6a26a0232', 6, 5), ('random_sample-7b6a94974ee37b9479518fe6a26a0232', 5, 3)} (stimulus_id='handle-worker-cleanup-1735803800.4976327')
2025-01-02 07:43:20,497 - distributed.worker - ERROR - failed during get data with ucx://127.0.0.1:43471 -> ucx://127.0.0.1:39435
Traceback (most recent call last):
  File "/opt/conda/envs/gdf/lib/python3.10/site-packages/distributed/comm/ucx.py", line 335, in write
    await self.ep.send(each_frame)
  File "/opt/conda/envs/gdf/lib/python3.10/site-packages/ucp/core.py", line 662, in send
    return await comm.tag_send(self._ep, buffer, nbytes, tag, name=log)
ucp._libs.exceptions.UCXError: <[Send #007] ep: 0x7fc2bcd2d100, tag: 0x258cb88a584795a5, nbytes: 50000000, type: <class 'cupy.ndarray'>>: Connection reset by remote peer

During handling of the above exception, another exception occurred:

Traceback (most recent call last):
  File "/opt/conda/envs/gdf/lib/python3.10/site-packages/distributed/worker.py", line 1796, in get_data
    compressed = await comm.write(msg, serializers=serializers)
  File "/opt/conda/envs/gdf/lib/python3.10/site-packages/distributed/utils.py", line 805, in wrapper
    return await func(*args, **kwargs)
  File "/opt/conda/envs/gdf/lib/python3.10/site-packages/distributed/comm/ucx.py", line 339, in write
    raise CommClosedError("While writing, the connection was closed")
distributed.comm.core.CommClosedError: While writing, the connection was closed
2025-01-02 07:43:20,505 - distributed.worker - ERROR - Worker stream died during communication: ucx://127.0.0.1:39435
Traceback (most recent call last):
  File "/opt/conda/envs/gdf/lib/python3.10/site-packages/distributed/comm/ucx.py", line 351, in read
    await self.ep.recv(msg)
  File "/opt/conda/envs/gdf/lib/python3.10/site-packages/ucp/core.py", line 737, in recv
    ret = await comm.tag_recv(self._ep, buffer, nbytes, tag, name=log)
ucp._libs.exceptions.UCXCanceled: <[Recv #015] ep: 0x7fcce87ae140, tag: 0x816c779c37bcc7a4, nbytes: 16, type: <class 'numpy.ndarray'>>: 

During handling of the above exception, another exception occurred:

Traceback (most recent call last):
  File "/opt/conda/envs/gdf/lib/python3.10/site-packages/distributed/worker.py", line 2075, in gather_dep
    response = await get_data_from_worker(
  File "/opt/conda/envs/gdf/lib/python3.10/site-packages/distributed/worker.py", line 2881, in get_data_from_worker
    response = await send_recv(
  File "/opt/conda/envs/gdf/lib/python3.10/site-packages/distributed/core.py", line 1018, in send_recv
    response = await comm.read(deserializers=deserializers)
  File "/opt/conda/envs/gdf/lib/python3.10/site-packages/distributed/utils.py", line 805, in wrapper
    return await func(*args, **kwargs)
  File "/opt/conda/envs/gdf/lib/python3.10/site-packages/distributed/comm/ucx.py", line 369, in read
    raise CommClosedError(
distributed.comm.core.CommClosedError: Connection closed by writer.
Inner exception: UCXCanceled("<[Recv #015] ep: 0x7fcce87ae140, tag: 0x816c779c37bcc7a4, nbytes: 16, type: <class 'numpy.ndarray'>>: ")
2025-01-02 07:43:20,590 - distributed.nanny - WARNING - Restarting worker
2025-01-02 07:43:20,593 - distributed.nanny - WARNING - Restarting worker
2025-01-02 07:43:20,621 - distributed.nanny - WARNING - Restarting worker
[dgx13:75042:0:75042] Caught signal 11 (Segmentation fault: address not mapped to object at address 0x450)
==== backtrace (tid:  75042) ====
 0  /opt/conda/envs/gdf/lib/libucs.so.0(ucs_handle_error+0x2fd) [0x7fcce8ab1c1d]
 1  /opt/conda/envs/gdf/lib/libucs.so.0(+0x2de11) [0x7fcce8ab1e11]
 2  /opt/conda/envs/gdf/lib/libucs.so.0(+0x2dfda) [0x7fcce8ab1fda]
 3  /usr/lib/x86_64-linux-gnu/libpthread.so.0(+0x14420) [0x7fcd1f213420]
 4  /opt/conda/envs/gdf/lib/libucp.so.0(ucp_mem_type_unpack+0x14) [0x7fcce8b352d4]
 5  /opt/conda/envs/gdf/lib/libucp.so.0(ucp_rndv_data_handler+0x605) [0x7fcce8b5f495]
 6  /opt/conda/envs/gdf/lib/./libuct.so.0(+0x21a06) [0x7fcce8a68a06]
 7  /opt/conda/envs/gdf/lib/./libuct.so.0(+0x24ae8) [0x7fcce8a6bae8]
 8  /opt/conda/envs/gdf/lib/libucs.so.0(ucs_event_set_wait+0xb1) [0x7fcce8abb411]
 9  /opt/conda/envs/gdf/lib/./libuct.so.0(uct_tcp_iface_progress+0x7d) [0x7fcce8a6abbd]
10  /opt/conda/envs/gdf/lib/libucp.so.0(ucp_worker_progress+0x5a) [0x7fcce8b31f1a]
11  /opt/conda/envs/gdf/lib/python3.10/site-packages/ucp/_libs/ucx_api.cpython-310-x86_64-linux-gnu.so(+0x31d7a) [0x7fcce8bf1d7a]
12  /opt/conda/envs/gdf/bin/python(_PyEval_EvalFrameDefault+0x2c3e) [0x555add0b06de]
13  /opt/conda/envs/gdf/bin/python(_PyFunction_Vectorcall+0x6c) [0x555add0bdb7c]
14  /opt/conda/envs/gdf/bin/python(_PyEval_EvalFrameDefault+0x6fd) [0x555add0ae19d]
15  /opt/conda/envs/gdf/bin/python(+0x1d62c9) [0x555add1582c9]
16  /opt/conda/envs/gdf/lib/python3.10/lib-dynload/_asyncio.cpython-310-x86_64-linux-gnu.so(+0x7782) [0x7fcd080c1782]
17  /opt/conda/envs/gdf/bin/python(_PyObject_MakeTpCall+0x2d3) [0x555add0b6a03]
18  /opt/conda/envs/gdf/bin/python(+0xf745f) [0x555add07945f]
19  /opt/conda/envs/gdf/bin/python(+0x1331b3) [0x555add0b51b3]
20  /opt/conda/envs/gdf/bin/python(_PyEval_EvalFrameDefault+0x593b) [0x555add0b33db]
21  /opt/conda/envs/gdf/bin/python(_PyFunction_Vectorcall+0x6c) [0x555add0bdb7c]
22  /opt/conda/envs/gdf/bin/python(_PyEval_EvalFrameDefault+0x6fd) [0x555add0ae19d]
23  /opt/conda/envs/gdf/bin/python(_PyFunction_Vectorcall+0x6c) [0x555add0bdb7c]
24  /opt/conda/envs/gdf/bin/python(_PyEval_EvalFrameDefault+0x6fd) [0x555add0ae19d]
25  /opt/conda/envs/gdf/bin/python(_PyFunction_Vectorcall+0x6c) [0x555add0bdb7c]
26  /opt/conda/envs/gdf/bin/python(_PyEval_EvalFrameDefault+0x6fd) [0x555add0ae19d]
27  /opt/conda/envs/gdf/bin/python(_PyFunction_Vectorcall+0x6c) [0x555add0bdb7c]
28  /opt/conda/envs/gdf/bin/python(_PyEval_EvalFrameDefault+0x6fd) [0x555add0ae19d]
29  /opt/conda/envs/gdf/bin/python(_PyFunction_Vectorcall+0x6c) [0x555add0bdb7c]
30  /opt/conda/envs/gdf/bin/python(_PyEval_EvalFrameDefault+0x1341) [0x555add0aede1]
31  /opt/conda/envs/gdf/bin/python(+0x146fb2) [0x555add0c8fb2]
32  /opt/conda/envs/gdf/bin/python(PyObject_Call+0xbc) [0x555add0c994c]
33  /opt/conda/envs/gdf/bin/python(+0x1ff72d) [0x555add18172d]
34  /opt/conda/envs/gdf/bin/python(_PyObject_MakeTpCall+0x2d3) [0x555add0b6a03]
35  /opt/conda/envs/gdf/bin/python(_PyEval_EvalFrameDefault+0x2c3e) [0x555add0b06de]
36  /opt/conda/envs/gdf/bin/python(+0x147108) [0x555add0c9108]
37  /opt/conda/envs/gdf/bin/python(_PyEval_EvalFrameDefault+0x2c3e) [0x555add0b06de]
38  /opt/conda/envs/gdf/bin/python(_PyFunction_Vectorcall+0x6c) [0x555add0bdb7c]
39  /opt/conda/envs/gdf/bin/python(_PyEval_EvalFrameDefault+0x6fd) [0x555add0ae19d]
40  /opt/conda/envs/gdf/bin/python(_PyFunction_Vectorcall+0x6c) [0x555add0bdb7c]
41  /opt/conda/envs/gdf/bin/python(_PyEval_EvalFrameDefault+0x6fd) [0x555add0ae19d]
42  /opt/conda/envs/gdf/bin/python(_PyFunction_Vectorcall+0x6c) [0x555add0bdb7c]
43  /opt/conda/envs/gdf/bin/python(_PyEval_EvalFrameDefault+0x309) [0x555add0adda9]
44  /opt/conda/envs/gdf/bin/python(_PyFunction_Vectorcall+0x6c) [0x555add0bdb7c]
45  /opt/conda/envs/gdf/bin/python(_PyEval_EvalFrameDefault+0x1341) [0x555add0aede1]
46  /opt/conda/envs/gdf/bin/python(+0x1cca8c) [0x555add14ea8c]
47  /opt/conda/envs/gdf/bin/python(PyEval_EvalCode+0x87) [0x555add14e9d7]
48  /opt/conda/envs/gdf/bin/python(+0x1fceba) [0x555add17eeba]
49  /opt/conda/envs/gdf/bin/python(+0x1f8343) [0x555add17a343]
50  /opt/conda/envs/gdf/bin/python(PyRun_StringFlags+0x7d) [0x555add172add]
51  /opt/conda/envs/gdf/bin/python(PyRun_SimpleStringFlags+0x3c) [0x555add17291c]
52  /opt/conda/envs/gdf/bin/python(Py_RunMain+0x3ba) [0x555add171b1a]
53  /opt/conda/envs/gdf/bin/python(Py_BytesMain+0x37) [0x555add142117]
54  /usr/lib/x86_64-linux-gnu/libc.so.6(__libc_start_main+0xf3) [0x7fcd1eed7083]
55  /opt/conda/envs/gdf/bin/python(+0x1c002e) [0x555add14202e]
=================================
2025-01-02 07:43:20,891 - distributed.scheduler - WARNING - Removing worker 'ucx://127.0.0.1:36789' caused the cluster to lose already computed task(s), which will be recomputed elsewhere: {('random_sample-7b6a94974ee37b9479518fe6a26a0232', 6, 8), ('random_sample-7b6a94974ee37b9479518fe6a26a0232', 6, 7), ('sum-partial-ba9fc19cdd1bdbcedd1ada7c195b6439', 3, 3), ('random_sample-7b6a94974ee37b9479518fe6a26a0232', 6, 3), ('random_sample-7b6a94974ee37b9479518fe6a26a0232', 3, 6), ('random_sample-7b6a94974ee37b9479518fe6a26a0232', 7, 6)} (stimulus_id='handle-worker-cleanup-1735803800.890786')
2025-01-02 07:43:20,890 - distributed.worker - ERROR - Worker stream died during communication: ucx://127.0.0.1:36789
Traceback (most recent call last):
  File "/opt/conda/envs/gdf/lib/python3.10/site-packages/distributed/comm/ucx.py", line 393, in read
    await self.ep.recv(each_frame)
  File "/opt/conda/envs/gdf/lib/python3.10/site-packages/ucp/core.py", line 737, in recv
    ret = await comm.tag_recv(self._ep, buffer, nbytes, tag, name=log)
ucp._libs.exceptions.UCXError: <[Recv #007] ep: 0x7f0c31708240, tag: 0x951e00c5139269a3, nbytes: 50000000, type: <class 'rmm.pylibrmm.device_buffer.DeviceBuffer'>>: Connection reset by remote peer

During handling of the above exception, another exception occurred:

Traceback (most recent call last):
  File "/opt/conda/envs/gdf/lib/python3.10/site-packages/distributed/worker.py", line 2075, in gather_dep
    response = await get_data_from_worker(
  File "/opt/conda/envs/gdf/lib/python3.10/site-packages/distributed/worker.py", line 2881, in get_data_from_worker
    response = await send_recv(
  File "/opt/conda/envs/gdf/lib/python3.10/site-packages/distributed/core.py", line 1018, in send_recv
    response = await comm.read(deserializers=deserializers)
  File "/opt/conda/envs/gdf/lib/python3.10/site-packages/distributed/utils.py", line 805, in wrapper
    return await func(*args, **kwargs)
  File "/opt/conda/envs/gdf/lib/python3.10/site-packages/distributed/comm/ucx.py", line 399, in read
    raise CommClosedError(
distributed.comm.core.CommClosedError: Connection closed by writer.
Inner exception: UCXError("<[Recv #007] ep: 0x7f0c31708240, tag: 0x951e00c5139269a3, nbytes: 50000000, type: <class 'rmm.pylibrmm.device_buffer.DeviceBuffer'>>: Connection reset by remote peer")
2025-01-02 07:43:20,891 - distributed.worker - ERROR - failed during get data with ucx://127.0.0.1:56587 -> ucx://127.0.0.1:36789
Traceback (most recent call last):
  File "/opt/conda/envs/gdf/lib/python3.10/site-packages/distributed/comm/ucx.py", line 335, in write
    await self.ep.send(each_frame)
  File "/opt/conda/envs/gdf/lib/python3.10/site-packages/ucp/core.py", line 662, in send
    return await comm.tag_send(self._ep, buffer, nbytes, tag, name=log)
ucp._libs.exceptions.UCXError: <[Send #007] ep: 0x7f0c31708280, tag: 0x6d53533b77988e55, nbytes: 50000000, type: <class 'cupy.ndarray'>>: Connection reset by remote peer

During handling of the above exception, another exception occurred:

Traceback (most recent call last):
  File "/opt/conda/envs/gdf/lib/python3.10/site-packages/distributed/worker.py", line 1796, in get_data
    compressed = await comm.write(msg, serializers=serializers)
  File "/opt/conda/envs/gdf/lib/python3.10/site-packages/distributed/utils.py", line 805, in wrapper
    return await func(*args, **kwargs)
  File "/opt/conda/envs/gdf/lib/python3.10/site-packages/distributed/comm/ucx.py", line 339, in write
    raise CommClosedError("While writing, the connection was closed")
distributed.comm.core.CommClosedError: While writing, the connection was closed
2025-01-02 07:43:20,898 - distributed.worker - ERROR - Worker stream died during communication: ucx://127.0.0.1:36789
Traceback (most recent call last):
  File "/opt/conda/envs/gdf/lib/python3.10/site-packages/distributed/comm/ucx.py", line 468, in connect
    ep = await ucp.create_endpoint(ip, port)
  File "/opt/conda/envs/gdf/lib/python3.10/site-packages/ucp/core.py", line 1016, in create_endpoint
    return await _get_ctx().create_endpoint(
  File "/opt/conda/envs/gdf/lib/python3.10/site-packages/ucp/core.py", line 328, in create_endpoint
    peer_info = await exchange_peer_info(
  File "/opt/conda/envs/gdf/lib/python3.10/site-packages/ucp/core.py", line 60, in exchange_peer_info
    await asyncio.wait_for(
  File "/opt/conda/envs/gdf/lib/python3.10/asyncio/tasks.py", line 445, in wait_for
    return fut.result()
ucp._libs.exceptions.UCXError: <stream_recv>: Connection reset by remote peer

During handling of the above exception, another exception occurred:

Traceback (most recent call last):
  File "/opt/conda/envs/gdf/lib/python3.10/site-packages/distributed/comm/core.py", line 342, in connect
    comm = await wait_for(
  File "/opt/conda/envs/gdf/lib/python3.10/site-packages/distributed/utils.py", line 1915, in wait_for
    return await asyncio.wait_for(fut, timeout)
  File "/opt/conda/envs/gdf/lib/python3.10/asyncio/tasks.py", line 445, in wait_for
    return fut.result()
  File "/opt/conda/envs/gdf/lib/python3.10/site-packages/distributed/comm/ucx.py", line 470, in connect
    raise CommClosedError("Connection closed before handshake completed")
distributed.comm.core.CommClosedError: Connection closed before handshake completed

During handling of the above exception, another exception occurred:

Traceback (most recent call last):
  File "/opt/conda/envs/gdf/lib/python3.10/site-packages/distributed/core.py", line 1429, in _connect
    comm = await connect(
  File "/opt/conda/envs/gdf/lib/python3.10/site-packages/distributed/comm/core.py", line 366, in connect
    await asyncio.sleep(backoff)
  File "/opt/conda/envs/gdf/lib/python3.10/asyncio/tasks.py", line 605, in sleep
    return await future
asyncio.exceptions.CancelledError

During handling of the above exception, another exception occurred:

Traceback (most recent call last):
  File "/opt/conda/envs/gdf/lib/python3.10/site-packages/distributed/core.py", line 1539, in connect
    return connect_attempt.result()
asyncio.exceptions.CancelledError

During handling of the above exception, another exception occurred:

Traceback (most recent call last):
  File "/opt/conda/envs/gdf/lib/python3.10/site-packages/distributed/worker.py", line 2075, in gather_dep
    response = await get_data_from_worker(
  File "/opt/conda/envs/gdf/lib/python3.10/site-packages/distributed/worker.py", line 2878, in get_data_from_worker
    comm = await rpc.connect(worker)
  File "/opt/conda/envs/gdf/lib/python3.10/site-packages/distributed/core.py", line 1542, in connect
    raise CommClosedError(reason)
distributed.comm.core.CommClosedError: Address removed.
2025-01-02 07:43:20,933 - distributed.nanny - WARNING - Restarting worker
2025-01-02 07:43:50,342 - distributed.worker - ERROR - Worker stream died during communication: ucx://127.0.0.1:39435
Traceback (most recent call last):
  File "/opt/conda/envs/gdf/lib/python3.10/site-packages/distributed/comm/ucx.py", line 468, in connect
    ep = await ucp.create_endpoint(ip, port)
  File "/opt/conda/envs/gdf/lib/python3.10/site-packages/ucp/core.py", line 1016, in create_endpoint
    return await _get_ctx().create_endpoint(
  File "/opt/conda/envs/gdf/lib/python3.10/site-packages/ucp/core.py", line 328, in create_endpoint
    peer_info = await exchange_peer_info(
  File "/opt/conda/envs/gdf/lib/python3.10/site-packages/ucp/core.py", line 60, in exchange_peer_info
    await asyncio.wait_for(
  File "/opt/conda/envs/gdf/lib/python3.10/asyncio/tasks.py", line 445, in wait_for
    return fut.result()
ucp._libs.exceptions.UCXNotConnected: <stream_recv>: 

During handling of the above exception, another exception occurred:

Traceback (most recent call last):
  File "/opt/conda/envs/gdf/lib/python3.10/site-packages/distributed/comm/core.py", line 342, in connect
    comm = await wait_for(
  File "/opt/conda/envs/gdf/lib/python3.10/site-packages/distributed/utils.py", line 1915, in wait_for
    return await asyncio.wait_for(fut, timeout)
  File "/opt/conda/envs/gdf/lib/python3.10/asyncio/tasks.py", line 445, in wait_for
    return fut.result()
  File "/opt/conda/envs/gdf/lib/python3.10/site-packages/distributed/comm/ucx.py", line 470, in connect
    raise CommClosedError("Connection closed before handshake completed")
distributed.comm.core.CommClosedError: Connection closed before handshake completed

The above exception was the direct cause of the following exception:

Traceback (most recent call last):
  File "/opt/conda/envs/gdf/lib/python3.10/site-packages/distributed/worker.py", line 2075, in gather_dep
    response = await get_data_from_worker(
  File "/opt/conda/envs/gdf/lib/python3.10/site-packages/distributed/worker.py", line 2878, in get_data_from_worker
    comm = await rpc.connect(worker)
  File "/opt/conda/envs/gdf/lib/python3.10/site-packages/distributed/core.py", line 1539, in connect
    return connect_attempt.result()
  File "/opt/conda/envs/gdf/lib/python3.10/site-packages/distributed/core.py", line 1429, in _connect
    comm = await connect(
  File "/opt/conda/envs/gdf/lib/python3.10/site-packages/distributed/comm/core.py", line 368, in connect
    raise OSError(
OSError: Timed out trying to connect to ucx://127.0.0.1:39435 after 30 s
/opt/conda/envs/gdf/lib/python3.10/multiprocessing/resource_tracker.py:224: UserWarning: resource_tracker: There appear to be 48 leaked semaphore objects to clean up at shutdown
  warnings.warn('resource_tracker: There appear to be %d '
